
Gurobi 12.0.3 (linux64) logging started Tue Sep 22 04:28:21 2026

Set parameter LogFile to value "/share/scaglione/nc437/evsp-dr/chain_extension_33_40_20260921/cases/w3_k33/mip/661669_r0/gurobi.log"
Set parameter OutputFlag to value 1
Set parameter TimeLimit to value 3600
Set parameter MIPGap to value 0.0001
Set parameter Threads to value 8
Set parameter TimeLimit to value 1800
Gurobi Optimizer version 12.0.3 build v12.0.3rc0 (linux64 - "Ubuntu 24.04.4 LTS")

CPU model: Intel(R) Xeon(R) Gold 5218R CPU @ 2.10GHz, instruction set [SSE2|AVX|AVX2|AVX512]
Thread count: 40 physical cores, 40 logical processors, using up to 8 threads

Non-default parameters:
TimeLimit  1800
Threads  8

Optimize a model with 770 rows, 202334 columns and 5021639 nonzeros
Model fingerprint: 0x9b3a0765
Variable types: 0 continuous, 202334 integer (202334 binary)
Coefficient statistics:
  Matrix range     [1e+00, 1e+00]
  Objective range  [1e+00, 1e+00]
  Bounds range     [1e+00, 1e+00]
  RHS range        [1e+00, 1e+00]

Loaded user MIP start with objective 320

Presolve removed 0 rows and 1832 columns (presolve time = 5s)...
Presolve removed 0 rows and 1833 columns (presolve time = 10s)...
Presolve removed 0 rows and 1833 columns
Presolve time: 13.78s
Presolved: 770 rows, 200501 columns, 4993285 nonzeros
Found heuristic solution: objective 302.0000000
Variable types: 0 continuous, 200501 integer (200501 binary)
Found heuristic solution: objective 278.0000000

Root simplex log...

Iteration    Objective       Primal Inf.    Dual Inf.      Time
       0    0.0000000e+00   7.700000e+02   0.000000e+00     15s

Starting sifting (using dual simplex for sub-problems)...

    Iter     Pivots    Primal Obj      Dual Obj        Time
       0          0     infinity      0.0000000e+00     15s
       1        759   5.2200000e+02   1.1106383e+01     15s
       2       4646   7.3790044e+01   1.3787354e+01     16s
       3       8677   3.3000000e+01   1.7598516e+01     17s
       4      12562   3.3000000e+01   2.0147944e+01     18s
       5      16421   3.3000000e+01   2.2132170e+01     19s
       6      24136   3.3000000e+01   2.5391377e+01     22s
       7      34220   3.3000000e+01   3.3000000e+01     26s

Sifting complete

   34220    3.3000000e+01   0.000000e+00   0.000000e+00     27s

Root relaxation: objective 3.300000e+01, 34220 iterations, 12.35 seconds (19.22 work units)
Total elapsed time = 68.70s (DegenMoves)
Total elapsed time = 133.70s (DegenMoves)
Total elapsed time = 157.91s (DegenMoves)
Total elapsed time = 174.49s (DegenMoves)

    Nodes    |    Current Node    |     Objective Bounds      |     Work
 Expl Unexpl |  Obj  Depth IntInf | Incumbent    BestBd   Gap | It/Node Time

     0     0   33.00000    0  171  278.00000   33.00000  88.1%     -  184s
H    0     0                      48.0000000   33.00000  31.2%     -  184s
H    0     0                      42.0000000   33.00000  21.4%     -  184s
H    0     0                      41.0000000   33.00000  19.5%     -  184s
H    0     0                      40.0000000   33.00000  17.5%     -  184s
H    0     0                      39.0000000   33.00000  15.4%     -  185s
H    0     0                      38.0000000   33.00000  13.2%     -  185s
H    0     0                      36.0000000   33.00000  8.33%     -  189s
     0     0   33.00000    0  162   36.00000   33.00000  8.33%     -  209s
H    0     0                      34.0000000   33.00000  2.94%     -  239s
     0     0   33.00000    0  162   34.00000   33.00000  2.94%     -  413s
     0     2   33.00000    0  162   34.00000   33.00000  2.94%     -  636s
     2     3   33.00000    1  162   34.00000   33.00000  2.94% 36713  722s
     4     4   33.00000    1  403   34.00000   33.00000  2.94% 18356 1069s
     5     5   33.00000    1  206   34.00000   33.00000  2.94% 14685 1628s
     6     6   33.00000    1  170   34.00000   33.00000  2.94% 12238 1792s

Cutting planes:
  Flow cover: 7

Explored 6 nodes (674191 simplex iterations) in 1800.15 seconds (2440.39 work units)
Thread count was 8 (of 40 available processors)

Solution count 10: 34 36 38 ... 302

Time limit reached
Best objective 3.400000000000e+01, best bound 3.300000000000e+01, gap 2.9412%

User-callback calls 224495, time in user-callback 1.70 sec
Set parameter TimeLimit to value 1.7926592957973480e+03
Gurobi Optimizer version 12.0.3 build v12.0.3rc0 (linux64 - "Ubuntu 24.04.4 LTS")

CPU model: Intel(R) Xeon(R) Gold 5218R CPU @ 2.10GHz, instruction set [SSE2|AVX|AVX2|AVX512]
Thread count: 40 physical cores, 40 logical processors, using up to 8 threads

Non-default parameters:
TimeLimit  1.7926592957973480e+03
Threads  8

Optimize a model with 771 rows, 202334 columns and 5223973 nonzeros
Model fingerprint: 0x09e580f4
Variable types: 0 continuous, 202334 integer (202334 binary)
Coefficient statistics:
  Matrix range     [1e+00, 1e+00]
  Objective range  [1e-11, 1e+02]
  Bounds range     [1e+00, 1e+00]
  RHS range        [1e+00, 3e+01]

Loaded user MIP start with objective 2531.56
MIP start from previous solve did not produce a new incumbent solution

Presolve removed 0 rows and 14 columns (presolve time = 5s)...
Presolve removed 0 rows and 14 columns (presolve time = 10s)...
Presolve removed 0 rows and 14 columns
Presolve time: 10.09s
Presolved: 771 rows, 202320 columns, 5223704 nonzeros
Variable types: 0 continuous, 202320 integer (202320 binary)

Root simplex log...

Iteration    Objective       Primal Inf.    Dual Inf.      Time
       0   -4.2200554e-10   6.480000e+02   0.000000e+00     11s

Starting sifting (using dual simplex for sub-problems)...

    Iter     Pivots    Primal Obj      Dual Obj        Time
       0          0     infinity     -4.2200554e-10     11s
       1       1217   3.7232759e+08   4.9062701e+02     11s
       2       5993   5.8420782e+07   5.8056329e+02     12s
       3      12573   7.4774686e+06   6.4228969e+02     14s
       4      19102   7.5962075e+05   6.5300305e+02     17s
       5      25664   1.8419378e+03   7.5157606e+02     20s
       6      32392   1.5477836e+03   8.8772592e+02     26s
       7      39131   1.4173069e+03   1.0494157e+03     33s
       8      46559   1.3800764e+03   1.2134537e+03     41s
       9      53909   1.3658756e+03   1.2961870e+03     49s
      10      61139   1.3620773e+03   1.3172030e+03     58s
      11      69104   1.3610113e+03   1.3269624e+03     68s
      12      76748   1.3607411e+03   1.3387096e+03     77s
      13      84840   1.3604454e+03   1.3425281e+03     87s
      14      94928   1.3603241e+03   1.3447676e+03    100s
      15     102668   1.3603241e+03   1.3469123e+03    110s
      16     109996   1.3603005e+03   1.3487246e+03    121s
      17     116917   1.3602843e+03   1.3492791e+03    130s
      18     123668   1.3602830e+03   1.3514167e+03    140s
      19     130731   1.3602663e+03   1.3527665e+03    150s
      20     137648   1.3602528e+03   1.3540284e+03    160s
      21     144108   1.3602509e+03   1.3544543e+03    170s
      22     150757   1.3602487e+03   1.3552147e+03    179s
      23     157421   1.3602487e+03   1.3558500e+03    190s
      24     164538   1.3602472e+03   1.3562015e+03    200s
      25     171100   1.3602471e+03   1.3565946e+03    210s

Sifting complete

  178258    1.3602470e+03   0.000000e+00   2.156625e+01    221s
  178421    1.3602470e+03   0.000000e+00   0.000000e+00    222s

Root relaxation: objective 1.360247e+03, 178421 iterations, 211.17 seconds (371.80 work units)

    Nodes    |    Current Node    |     Objective Bounds      |     Work
 Expl Unexpl |  Obj  Depth IntInf | Incumbent    BestBd   Gap | It/Node Time

     0     0 1360.24704    0  666 2531.56000 1360.24704  46.3%     -  222s
H    0     0                    2420.2960000 1360.24704  43.8%     -  269s
H    0     0                    2398.4320000 1360.24704  43.3%     -  269s
H    0     0                    2386.9840000 1360.24704  43.0%     -  272s
H    0     0                    2386.1200000 1360.24704  43.0%     -  277s
H    0     0                    2384.2160000 1360.24704  42.9%     -  278s
H    0     0                    2379.7520000 1360.24704  42.8%     -  281s
     0     0 1360.45700    0  680 2379.75200 1360.45700  42.8%     -  327s
     0     0 1360.47191    0  688 2379.75200 1360.47191  42.8%     -  660s
     0     0 1360.47572    0  683 2379.75200 1360.47572  42.8%     -  664s
     0     0 1360.51073    0  698 2379.75200 1360.51073  42.8%     -  694s
H    0     0                    2342.0160000 1360.51073  41.9%     -  726s
     0     0 1360.51382    0  700 2342.01600 1360.51382  41.9%     -  733s
     0     0 1360.51416    0  700 2342.01600 1360.51416  41.9%     -  736s
     0     0 1360.51665    0  699 2342.01600 1360.51665  41.9%     -  756s
     0     0 1360.51676    0  700 2342.01600 1360.51676  41.9%     -  790s
     0     0 1360.51930    0  702 2342.01600 1360.51930  41.9%     -  794s
H    0     0                    2333.5440000 1360.51930  41.7%     -  826s
     0     0 1360.52016    0  701 2333.54400 1360.52016  41.7%     -  827s
     0     0 1360.52860    0  707 2333.54400 1360.52860  41.7%     -  833s
     0     0 1360.54087    0  709 2333.54400 1360.54087  41.7%     -  843s
     0     0 1360.55942    0  713 2333.54400 1360.55942  41.7%     -  863s
H    0     0                    2317.8400000 1360.55942  41.3%     -  881s
     0     0 1360.56308    0  716 2317.84000 1360.56308  41.3%     -  886s
     0     0 1360.56435    0  716 2317.84000 1360.56435  41.3%     -  891s
     0     0 1360.56460    0  718 2317.84000 1360.56460  41.3%     -  903s
     0     0 1360.56471    0  718 2317.84000 1360.56471  41.3%     -  908s
     0     2 1360.61145    0  718 2317.84000 1360.61145  41.3%     - 1219s
     1     3 1360.61903    1  714 2317.84000 1360.61145  41.3%   480 1236s
     2     4 1360.63186    2  711 2317.84000 1360.61145  41.3%   486 1253s
     3     5 1360.63971    3  710 2317.84000 1360.61145  41.3%   549 1283s
     4     8 1360.67261    4  712 2317.84000 1360.61145  41.3%   788 1329s
     7    13 1360.69448    5  704 2317.84000 1360.63189  41.3%   679 1393s
    12    18 1360.70566    6  706 2317.84000 1360.67362  41.3%   866 1481s
    17    39 1360.70892    7  710 2317.84000 1360.67362  41.3%   838 1541s
    38    55 1360.82904   12  701 2317.84000 1360.67362  41.3%   754 1582s
H   42    55                    2315.1120000 1360.67362  41.2%   718 1582s
H   45    55                    2299.2400000 1360.67362  40.8%   717 1582s
    54    59 1360.86631   16  699 2299.24000 1360.67362  40.8%   664 1653s
    58    65 1360.88535   17  703 2299.24000 1360.67362  40.8%   667 1792s

Cutting planes:
  MIR: 53

Explored 64 nodes (227175 simplex iterations) in 1793.16 seconds (3229.32 work units)
Thread count was 8 (of 40 available processors)

Solution count 10: 2299.24 2315.11 2317.84 ... 2398.43

Time limit reached
Best objective 2.299240000000e+03, best bound 1.360673618504e+03, gap 40.8207%

User-callback calls 339062, time in user-callback 2.34 sec
