
Gurobi 12.0.3 (linux64) logging started Tue Sep 22 01:42:30 2026

Set parameter LogFile to value "/home/nc437/ladder-lite/mip_structure_20260922/results/c1_k08_fresh/focus1/729441_r0/gurobi.log"
Set parameter Threads to value 8
Set parameter Seed to value 0
Set parameter MIPGap to value 0.0001
Set parameter MIPFocus to value 1
Set parameter TimeLimit to value 1800
Gurobi Optimizer version 12.0.3 build v12.0.3rc0 (linux64 - "Ubuntu 24.04.4 LTS")

CPU model: Intel(R) Xeon(R) Gold 5218R CPU @ 2.10GHz, instruction set [SSE2|AVX|AVX2|AVX512]
Thread count: 40 physical cores, 40 logical processors, using up to 8 threads

Non-default parameters:
TimeLimit  1800
MIPFocus  1
Threads  8

Optimize a model with 194 rows, 39940 columns and 1092654 nonzeros
Model fingerprint: 0x8fae06be
Variable types: 0 continuous, 39940 integer (39940 binary)
Coefficient statistics:
  Matrix range     [1e+00, 1e+00]
  Objective range  [1e+00, 1e+00]
  Bounds range     [1e+00, 1e+00]
  RHS range        [1e+00, 1e+00]

Loaded user MIP start with objective 63

Presolve removed 0 rows and 198 columns
Presolve time: 2.77s
Presolved: 194 rows, 39742 columns, 1088432 nonzeros
Variable types: 0 continuous, 39742 integer (39742 binary)
Found heuristic solution: objective 57.0000000

Starting sifting (using dual simplex for sub-problems)...

    Iter     Pivots    Primal Obj      Dual Obj        Time
       0          0     infinity      0.0000000e+00      3s
       1        221   9.3241206e+00   3.1670578e+00      3s
       2       1083   8.9660596e+00   5.4448490e+00      3s
       3       1835   8.8262877e+00   6.1645969e+00      3s
       4       2682   8.4900636e+00   6.6099746e+00      3s
       5       3803   8.2684436e+00   6.9184187e+00      3s
       6       4837   8.0888254e+00   7.2259837e+00      3s
       7       5537   8.0000000e+00   7.2801886e+00      3s
       8       6237   8.0000000e+00   7.3190154e+00      3s
       9       6965   8.0000000e+00   8.0000000e+00      4s

Sifting complete


Root relaxation: objective 8.000000e+00, 6965 iterations, 0.69 seconds (0.72 work units)

    Nodes    |    Current Node    |     Objective Bounds      |     Work
 Expl Unexpl |  Obj  Depth IntInf | Incumbent    BestBd   Gap | It/Node Time

     0     0    8.00000    0   78   57.00000    8.00000  86.0%     -    6s
H    0     0                      18.0000000    8.00000  55.6%     -    6s
H    0     0                      14.0000000    8.00000  42.9%     -    6s
H    0     0                      13.0000000    8.00000  38.5%     -    6s
H    0     0                      11.0000000    8.00000  27.3%     -    6s
H    0     0                      10.0000000    8.00000  20.0%     -    6s
     0     0    8.00000    0   76   10.00000    8.00000  20.0%     -   12s
     0     0    8.00000    0   86   10.00000    8.00000  20.0%     -   21s
     0     0    8.00000    0   97   10.00000    8.00000  20.0%     -   27s
H    0     0                       9.0000000    8.00000  11.1%     -   30s
     0     0    8.00000    0   96    9.00000    8.00000  11.1%     -   34s
     0     0    8.00000    0   95    9.00000    8.00000  11.1%     -   39s
     0     0    8.00000    0   88    9.00000    8.00000  11.1%     -   43s
     0     0    8.00000    0   88    9.00000    8.00000  11.1%     -   47s
     0     0    8.00000    0   89    9.00000    8.00000  11.1%     -   51s
     0     0    8.00000    0  116    9.00000    8.00000  11.1%     -   79s
     0     0    8.00000    0  114    9.00000    8.00000  11.1%     -   82s
     0     0    8.00000    0  109    9.00000    8.00000  11.1%     -   95s
     0     0    8.00000    0   92    9.00000    8.00000  11.1%     -  101s
     0     0    8.00000    0   88    9.00000    8.00000  11.1%     -  107s
     0     0    8.00000    0   94    9.00000    8.00000  11.1%     -  109s
     0     0    8.00000    0   85    9.00000    8.00000  11.1%     -  113s
     0     0    8.00000    0   94    9.00000    8.00000  11.1%     -  118s
     0     2    8.00000    0   94    9.00000    8.00000  11.1%     -  131s
     3     6    8.00000    2  100    9.00000    8.00000  11.1%  5186  136s
    13    12    8.00000    4  106    9.00000    8.00000  11.1%  1632  140s
    43    37    8.00000    6  140    9.00000    8.00000  11.1%  1059  145s
    67    74    8.00000   15  148    9.00000    8.00000  11.1%   934  154s
    95    77    8.00000   19  153    9.00000    8.00000  11.1%   845  161s
   108   270    8.00000   20  114    9.00000    8.00000  11.1%   885  174s
   301   512    8.00000   47  161    9.00000    8.00000  11.1%   607  199s
   591   585    8.00000   74  162    9.00000    8.00000  11.1%   643  231s
   898   802    8.00000  101  122    9.00000    8.00000  11.1%   899  267s
  1455   928    8.00000  183  166    9.00000    8.00000  11.1%   922  296s
  1939   916    8.00000  275  161    9.00000    8.00000  11.1%  1015  325s
  2255  1083    8.00000  331  164    9.00000    8.00000  11.1%  1103  353s
  2607  1319    8.00000  415  165    9.00000    8.00000  11.1%  1107  381s
  3186  1320    8.00000   60   89    9.00000    8.00000  11.1%  1129  386s
  3188  1321    8.00000  129  116    9.00000    8.00000  11.1%  1129  403s
  3189  1322    8.00000  478  129    9.00000    8.00000  11.1%  1128  412s
  3190  1323    8.00000   20  120    9.00000    8.00000  11.1%  1128  423s
  3191  1323    8.00000  113   89    9.00000    8.00000  11.1%  1128  434s
  3192  1324    8.00000   45   97    9.00000    8.00000  11.1%  1127  438s
  3193  1325    8.00000   45   91    9.00000    8.00000  11.1%  1127  453s
  3194  1325    8.00000  242   96    9.00000    8.00000  11.1%  1127  456s
  3195  1326    8.00000  258  100    9.00000    8.00000  11.1%  1126  462s
  3196  1327    8.00000   75   93    9.00000    8.00000  11.1%  1126  465s
  3197  1327    8.00000  520   87    9.00000    8.00000  11.1%  1125  470s
  3198  1328    8.00000   60   87    9.00000    8.00000  11.1%  1125  481s
  3201  1331    8.00000  124  102    9.00000    8.00000  11.1%  1171  489s
  3202  1332    8.00000  101  106    9.00000    8.00000  11.1%  1171  492s
  3203  1333    8.00000  112  100    9.00000    8.00000  11.1%  1170  497s
  3204  1333    8.00000   53   90    9.00000    8.00000  11.1%  1170  500s
  3207  1335    8.00000  165   90    9.00000    8.00000  11.1%  1169  505s
  3210  1337    8.00000  219   92    9.00000    8.00000  11.1%  1168  510s
  3211  1338    8.00000  141   92    9.00000    8.00000  11.1%  1168  515s
  3216  1340    8.00000   30   89    9.00000    8.00000  11.1%  1177  520s
  3270  1330    8.00000   38  103    9.00000    8.00000  11.1%  1165  525s
  3349  1331 infeasible   58         9.00000    8.00000  11.1%  1147  530s
  3403  1312 infeasible   46         9.00000    8.00000  11.1%  1136  535s
  3452  1304 infeasible   57         9.00000    8.00000  11.1%  1129  540s
  3505  1308    8.00000   55  106    9.00000    8.00000  11.1%  1117  545s
  3536  1319    8.00000   57  103    9.00000    8.00000  11.1%  1111  553s
  3563  1315 infeasible   65         9.00000    8.00000  11.1%  1106  557s
  3616  1286 infeasible   75         9.00000    8.00000  11.1%  1096  561s
  3641  1309 infeasible   60         9.00000    8.00000  11.1%  1093  565s
  3704  1296 infeasible   99         9.00000    8.00000  11.1%  1077  570s
  3758  1305 infeasible   79         9.00000    8.00000  11.1%  1065  578s
  3965  1202 infeasible   66         9.00000    8.00000  11.1%  1031  587s
  4067  1161    8.00000   69  102    9.00000    8.00000  11.1%  1022  593s
  4090  1187    8.00000   70   95    9.00000    8.00000  11.1%  1018  599s
  4150  1258    8.00000   75   98    9.00000    8.00000  11.1%  1007  609s
  4323  1230    8.00000  108  133    9.00000    8.00000  11.1%   980  620s
  4501  1223 infeasible  123         9.00000    8.00000  11.1%   957  634s
  4711  1618    8.00000   81  119    9.00000    8.00000  11.1%   925  652s
  5332  1393 infeasible  331         9.00000    8.00000  11.1%   841  690s
  5382  1577 infeasible  121         9.00000    8.00000  11.1%   840  708s
  5679  2193    8.00000  111  114    9.00000    8.00000  11.1%   807  731s
  6564  1985    8.00000  134  117    9.00000    8.00000  11.1%   722  750s
  7079  1801 infeasible  171         9.00000    8.00000  11.1%   697  769s
  7772  1579 infeasible  170         9.00000    8.00000  11.1%   665  788s
  8135  1521 infeasible  312         9.00000    8.00000  11.1%   648  812s
  8279  1523 infeasible  213         9.00000    8.00000  11.1%   645  836s
  8513  2169    8.00000  210   96    9.00000    8.00000  11.1%   639  859s
  9701  2157    8.00000  343  115    9.00000    8.00000  11.1%   586  879s
  9975  1895 infeasible  148         9.00000    8.00000  11.1%   582  901s
 10257  1906 infeasible   92         9.00000    8.00000  11.1%   575  924s
 10824  1909 infeasible  383         9.00000    8.00000  11.1%   559  945s
 11853  1481 infeasible   77         9.00000    8.00000  11.1%   543  965s
 12643  1282 infeasible   91         9.00000    8.00000  11.1%   529  997s
 12918  1483 infeasible  225         9.00000    8.00000  11.1%   528 1023s
 13503  1063    8.00000  326  108    9.00000    8.00000  11.1%   514 1051s
 14521  1035    8.00000  253  112    9.00000    8.00000  11.1%   496 1078s
 15635   837 infeasible  514         9.00000    8.00000  11.1%   478 1107s
 16589   788    8.00000  304   89    9.00000    8.00000  11.1%   465 1133s
 17160   777    8.00000  305   84    9.00000    8.00000  11.1%   458 1162s
 17871   802    8.00000  343  104    9.00000    8.00000  11.1%   449 1187s
 18590   798 infeasible  465         9.00000    8.00000  11.1%   441 1213s
 19104   717    8.00000  266  111    9.00000    8.00000  11.1%   437 1248s
 19659   958    8.00000  347  111    9.00000    8.00000  11.1%   431 1286s
 20912   481 infeasible  364         9.00000    8.00000  11.1%   419 1311s
 21831   326 infeasible  238         9.00000    8.00000  11.1%   413 1333s
 22282   313 infeasible  335         9.00000    8.00000  11.1%   411 1361s
 22815   309    8.00000  327  106    9.00000    8.00000  11.1%   407 1388s
 23283   239    8.00000  317   94    9.00000    8.00000  11.1%   404 1417s
 23503   341    8.00000  318  104    9.00000    8.00000  11.1%   403 1444s
 24063   264 infeasible  394         9.00000    8.00000  11.1%   398 1468s
 24760     0 infeasible  377         9.00000    8.00000  11.1%   395 1472s

Cutting planes:
  Flow cover: 56

Explored 25024 nodes (9972022 simplex iterations) in 1472.54 seconds (2883.44 work units)
Thread count was 8 (of 40 available processors)

Solution count 8: 9 10 11 ... 63

Optimal solution found (tolerance 1.00e-04)
Best objective 9.000000000000e+00, best bound 9.000000000000e+00, gap 0.0000%

User-callback calls 496130, time in user-callback 3.30 sec
