
Gurobi 12.0.3 (linux64) logging started Tue Sep 22 01:52:31 2026

Set parameter LogFile to value "/home/nc437/ladder-lite/mip_structure_20260922/results/c1_k15_fresh/focus2/729454_r0/gurobi.log"
Set parameter Threads to value 8
Set parameter Seed to value 0
Set parameter MIPGap to value 0.0001
Set parameter MIPFocus to value 2
Set parameter TimeLimit to value 1800
Gurobi Optimizer version 12.0.3 build v12.0.3rc0 (linux64 - "Ubuntu 24.04.4 LTS")

CPU model: AMD EPYC 9654 96-Core Processor, instruction set [SSE2|AVX|AVX2|AVX512]
Thread count: 192 physical cores, 384 logical processors, using up to 8 threads

Non-default parameters:
TimeLimit  1800
MIPFocus  2
Threads  8

Optimize a model with 364 rows, 79611 columns and 2322459 nonzeros
Model fingerprint: 0x7becc3ce
Variable types: 0 continuous, 79611 integer (79611 binary)
Coefficient statistics:
  Matrix range     [1e+00, 1e+00]
  Objective range  [1e+00, 1e+00]
  Bounds range     [1e+00, 1e+00]
  RHS range        [1e+00, 1e+00]

Loaded user MIP start with objective 129

Presolve removed 0 rows and 45 columns
Presolve time: 3.13s
Presolved: 364 rows, 79566 columns, 2321553 nonzeros
Variable types: 0 continuous, 79566 integer (79566 binary)
Root relaxation presolved: 364 rows, 79566 columns, 2321553 nonzeros


Starting sifting (using dual simplex for sub-problems)...

    Iter     Pivots    Primal Obj      Dual Obj        Time
       0          0     infinity      0.0000000e+00      4s
       1       1021   1.7648095e+01   5.0528481e+00      4s
       2       2958   1.7193349e+01   9.7012987e+00      4s
       3       5309   1.6469659e+01   1.1689160e+01      4s
       4       7345   1.6099698e+01   1.2509201e+01      5s
       5       9821   1.5677656e+01   1.3231067e+01      5s
       6      13319   1.5210032e+01   1.3679474e+01      5s
       7      15870   1.5020223e+01   1.3837145e+01      6s
       8      17565   1.5000000e+01   1.3895540e+01      6s
       9      19099   1.5000000e+01   1.3947938e+01      6s
      10      20636   1.5000000e+01   1.5000000e+01      6s

Sifting complete


Root simplex log...

Iteration    Objective       Primal Inf.    Dual Inf.      Time
   20636    1.5000000e+01   0.000000e+00   0.000000e+00      6s
   20636    1.5000000e+01   0.000000e+00   0.000000e+00      6s

Root relaxation: objective 1.500000e+01, 20636 iterations, 2.90 seconds (5.66 work units)
Total elapsed time = 14.97s (DegenMoves)

    Nodes    |    Current Node    |     Objective Bounds      |     Work
 Expl Unexpl |  Obj  Depth IntInf | Incumbent    BestBd   Gap | It/Node Time

     0     0   15.00000    0  171  129.00000   15.00000  88.4%     -   18s
H    0     0                      37.0000000   15.00000  59.5%     -   18s
H    0     0                      32.0000000   15.00000  53.1%     -   18s
H    0     0                      31.0000000   15.00000  51.6%     -   18s
H    0     0                      27.0000000   15.00000  44.4%     -   18s
H    0     0                      25.0000000   15.00000  40.0%     -   18s
H    0     0                      24.0000000   15.00000  37.5%     -   18s
H    0     0                      23.0000000   15.00000  34.8%     -   19s
H    0     0                      22.0000000   15.00000  31.8%     -   19s
H    0     0                      21.0000000   15.00000  28.6%     -   19s
H    0     0                      20.0000000   15.00000  25.0%     -   22s
     0     0   15.00000    0  178   20.00000   15.00000  25.0%     -   50s
     0     0   15.00000    0  168   20.00000   15.00000  25.0%     -  108s
     0     0   15.00000    0  168   20.00000   15.00000  25.0%     -  132s
     0     2   15.00000    0  168   20.00000   15.00000  25.0%     -  190s
     1     4   15.00000    1  212   20.00000   15.00000  25.0% 34737  195s
     3     8   15.00000    2  219   20.00000   15.00000  25.0% 12244  203s
     7    16   15.00000    3  245   20.00000   15.00000  25.0%  5895  217s
    13    16   15.00467    3  208   20.00000   15.00000  25.0%  3788  221s
    15    24   15.00000    4  237   20.00000   15.00000  25.0%  3418  229s
    23   104   15.00000    5  260   20.00000   15.00000  25.0%  2653  242s
   103   205   15.00000   15  254   20.00000   15.00000  25.0%  2808  257s
   204   213   15.00000   25  305   20.00000   15.00000  25.0%  2170  288s
H  205   213                      19.0000000   15.00000  21.1%  2160  288s
   212   235   15.00000   26  307   19.00000   15.00000  21.1%  2193  318s
   234   435   15.00000   27  245   19.00000   15.00000  21.1%  2209  363s
   434   902   15.00000   61  259   19.00000   15.00000  21.1%  1874  429s
   901  1127   15.00000  111  251   19.00000   15.00000  21.1%  1635  496s
  1126  1135   15.00000  126  251   19.00000   15.00000  21.1%  1370  562s
  1134  1229   15.00000  127  266   19.00000   15.00000  21.1%  1376  633s
  1228  1675   15.00000  128  272   19.00000   15.00000  21.1%  1479  726s
  1674  2455   15.00000  135  301   19.00000   15.00000  21.1%  1881  819s
  2454  3181   15.00000  222  251   19.00000   15.00000  21.1%  1963  885s
  3180  3824   15.00000  243  218   19.00000   15.00000  21.1%  1552  950s
  3823  4388   15.00000  259  235   19.00000   15.00000  21.1%  1318 1009s
  4387  4874   15.00000  276  244   19.00000   15.00000  21.1%  1170 1064s
  4873  5001   15.00000  292  243   19.00000   15.00000  21.1%  1073 1126s
H 4955  5001                      18.0000000   15.00000  16.7%  1062 1126s
  5000  5305   15.00000  308  233   18.00000   15.00000  16.7%  1058 1185s
  5304  5871   15.00000  323  251   18.00000   15.00000  16.7%  1012 1234s
  5870  6397   15.00000  339  241   18.00000   15.00000  16.7%   930 1287s
  6396  6663   15.00000  355  234   18.00000   15.00000  16.7%   868 1339s
  6662  6761   15.00000  366  255   18.00000   15.00000  16.7%   843 1387s
  6760  6826   15.00000  378  234   18.00000   15.00000  16.7%   839 1453s
  6825  7191   15.00000  394  225   18.00000   15.00000  16.7%   840 1509s
  7190  7729   15.00000  409  245   18.00000   15.00000  16.7%   809 1566s
  7729  7730   16.05495 2350  168   18.00000   15.00000  16.7%   764 1581s
  7731  7731   15.50591 1563  171   18.00000   15.00000  16.7%   764 1628s
  7732  7732   15.08093   69  177   18.00000   15.00000  16.7%   764 1709s
  7733  7733   15.94615 2079  171   18.00000   15.00000  16.7%   764 1739s

Cutting planes:
  Flow cover: 14

Explored 7733 nodes (6115067 simplex iterations) in 1800.08 seconds (3824.64 work units)
Thread count was 8 (of 384 available processors)

Solution count 10: 18 19 20 ... 31

Time limit reached
Best objective 1.800000000000e+01, best bound 1.500000000000e+01, gap 16.6667%

User-callback calls 300087, time in user-callback 1.54 sec
