
Gurobi 12.0.3 (linux64) logging started Mon Sep 21 20:56:46 2026

Set parameter LogFile to value "/home/nc437/ladder-lite/integer_columns_k15_20260921/results/c3_k15/treatment_s20260921/704513_r0/mip_gurobi.log"
Set parameter OutputFlag to value 1
Set parameter TimeLimit to value 3598
Set parameter MIPGap to value 0.0001
Set parameter Threads to value 8
Set parameter Seed to value 20260921
Set parameter TimeLimit to value 1799
Gurobi Optimizer version 12.0.3 build v12.0.3rc0 (linux64 - "Ubuntu 24.04.4 LTS")

CPU model: Intel(R) Xeon(R) Gold 6230 CPU @ 2.10GHz, instruction set [SSE2|AVX|AVX2|AVX512]
Thread count: 40 physical cores, 80 logical processors, using up to 8 threads

Non-default parameters:
TimeLimit  1799
Seed  20260921
Threads  8

Optimize a model with 302 rows, 60836 columns and 1451960 nonzeros
Model fingerprint: 0x761d80bb
Variable types: 0 continuous, 60836 integer (60836 binary)
Coefficient statistics:
  Matrix range     [1e+00, 1e+00]
  Objective range  [1e+00, 1e+00]
  Bounds range     [1e+00, 1e+00]
  RHS range        [1e+00, 1e+00]

Loaded user MIP start with objective 15

Presolve removed 0 rows and 2381 columns
Presolve time: 4.66s
Presolved: 302 rows, 58455 columns, 1407664 nonzeros
Variable types: 0 continuous, 58455 integer (58455 binary)

Starting sifting (using dual simplex for sub-problems)...

    Iter     Pivots    Primal Obj      Dual Obj        Time
       0          0     infinity      0.0000000e+00      5s
       1        651   1.6808104e+01   6.5928588e+00      5s
       2       1967   1.6472968e+01   1.0348150e+01      5s
       3       3784   1.5722117e+01   1.2133273e+01      5s
       4       5539   1.5349756e+01   1.3013498e+01      6s
       5       6704   1.5000000e+01   1.5000000e+01      6s

Sifting complete


Root relaxation: cutoff, 6704 iterations, 1.05 seconds (1.02 work units)

    Nodes    |    Current Node    |     Objective Bounds      |     Work
 Expl Unexpl |  Obj  Depth IntInf | Incumbent    BestBd   Gap | It/Node Time

     0     0     cutoff    0        15.00000   15.00000  0.00%     -    5s

Explored 1 nodes (6704 simplex iterations) in 5.91 seconds (3.46 work units)
Thread count was 8 (of 80 available processors)

Solution count 1: 15 

Optimal solution found (tolerance 1.00e-04)
Best objective 1.500000000000e+01, best bound 1.500000000000e+01, gap 0.0000%

User-callback calls 580, time in user-callback 0.01 sec
Set parameter TimeLimit to value 3.5894761078357697e+03
Gurobi Optimizer version 12.0.3 build v12.0.3rc0 (linux64 - "Ubuntu 24.04.4 LTS")

CPU model: Intel(R) Xeon(R) Gold 6230 CPU @ 2.10GHz, instruction set [SSE2|AVX|AVX2|AVX512]
Thread count: 40 physical cores, 80 logical processors, using up to 8 threads

Non-default parameters:
TimeLimit  3.5894761078357697e+03
Seed  20260921
Threads  8

Optimize a model with 303 rows, 60836 columns and 1512796 nonzeros
Model fingerprint: 0x9c0ad803
Variable types: 0 continuous, 60836 integer (60836 binary)
Coefficient statistics:
  Matrix range     [1e+00, 1e+00]
  Objective range  [1e-11, 2e+02]
  Bounds range     [1e+00, 1e+00]
  RHS range        [1e+00, 2e+01]

Loaded user MIP start with objective 576.44
MIP start from previous solve did not produce a new incumbent solution

Presolve removed 0 rows and 99 columns
Presolve time: 4.18s
Presolved: 303 rows, 60737 columns, 1510659 nonzeros
Variable types: 0 continuous, 60737 integer (60737 binary)

Starting sifting (using dual simplex for sub-problems)...

    Iter     Pivots    Primal Obj      Dual Obj        Time
       0          0     infinity     -4.3655746e-10      4s
       1       1476   3.0012012e+06   3.5443468e+01      5s
       2       3485   1.3570142e+06   6.6294915e+01      5s
       3       5606   8.0687740e+05   1.0114215e+02      5s
       4       8582   4.1413931e+05   1.4349009e+02      6s
       5      10575   6.1449235e+02   2.7496640e+02      6s
       6      12766   5.3913722e+02   3.9746243e+02      7s
       7      14580   5.1793615e+02   4.4735680e+02      7s
       8      16731   5.0919718e+02   4.6335911e+02      8s
       9      19263   5.0758238e+02   4.7453746e+02      8s
      10      21579   5.0749203e+02   4.8025134e+02      9s
      11      24322   5.0746829e+02   4.8272866e+02     10s
      12      27015   5.0746829e+02   4.9034765e+02     11s
      13      29852   5.0745641e+02   4.9406250e+02     12s
      14      32363   5.0744771e+02   4.9560997e+02     13s
      15      35418   5.0742090e+02   4.9679110e+02     14s
      16      39359   5.0742061e+02   4.9784216e+02     15s
      17      42499   5.0742042e+02   5.0003999e+02     16s

Sifting complete


Root simplex log...

Iteration    Objective       Primal Inf.    Dual Inf.      Time
   45528    5.0742032e+02   0.000000e+00   1.833949e+04     17s
   48032    5.0742032e+02   0.000000e+00   0.000000e+00     18s

Root relaxation: objective 5.074203e+02, 48032 iterations, 13.77 seconds (17.74 work units)

    Nodes    |    Current Node    |     Objective Bounds      |     Work
 Expl Unexpl |  Obj  Depth IntInf | Incumbent    BestBd   Gap | It/Node Time

     0     0  507.42032    0  185  576.44000  507.42032  12.0%     -   18s
H    0     0                     569.9920000  507.42032  11.0%     -   29s
     0     0  507.43915    0  197  569.99200  507.43915  11.0%     -   34s
     0     0  507.44388    0  196  569.99200  507.44388  11.0%     -   63s
     0     0  507.46903    0  198  569.99200  507.46903  11.0%     -   69s
     0     0  507.46903    0  199  569.99200  507.46903  11.0%     -   71s
     0     0  507.46979    0  201  569.99200  507.46979  11.0%     -   74s
     0     0  507.47038    0  204  569.99200  507.47038  11.0%     -   77s
     0     0  507.47584    0  206  569.99200  507.47584  11.0%     -   79s
     0     0  507.47736    0  211  569.99200  507.47736  11.0%     -   80s
     0     0  507.47764    0  210  569.99200  507.47764  11.0%     -   81s
     0     0  507.48466    0  213  569.99200  507.48466  11.0%     -   83s
     0     0  507.48629    0  209  569.99200  507.48629  11.0%     -   86s
     0     0  507.51276    0  208  569.99200  507.51276  11.0%     -   91s
     0     0  507.51934    0  204  569.99200  507.51934  11.0%     -   93s
     0     0  507.51984    0  205  569.99200  507.51984  11.0%     -   94s
     0     0  507.52064    0  209  569.99200  507.52064  11.0%     -   95s
     0     0  507.52077    0  213  569.99200  507.52077  11.0%     -   95s
     0     0  507.52093    0  212  569.99200  507.52093  11.0%     -   98s
     0     0  507.61646    0  187  569.99200  507.61646  10.9%     -  130s
     0     0  507.61646    0  190  569.99200  507.61646  10.9%     -  142s
     0     0  507.61646    0  191  569.99200  507.61646  10.9%     -  169s
     0     0  507.61646    0  194  569.99200  507.61646  10.9%     -  173s
     0     0  507.61646    0  202  569.99200  507.61646  10.9%     -  175s
     0     0  507.61646    0  207  569.99200  507.61646  10.9%     -  175s
     0     0  507.61646    0  209  569.99200  507.61646  10.9%     -  177s
     0     0  507.61646    0  207  569.99200  507.61646  10.9%     -  178s
     0     0  507.61646    0  212  569.99200  507.61646  10.9%     -  178s
     0     0  507.61646    0  217  569.99200  507.61646  10.9%     -  182s
     0     0  507.61646    0  216  569.99200  507.61646  10.9%     -  194s
     0     0  507.61646    0  222  569.99200  507.61646  10.9%     -  197s
     0     0  507.61646    0  217  569.99200  507.61646  10.9%     -  198s
     0     0  507.61646    0  216  569.99200  507.61646  10.9%     -  199s
     0     2  507.63267    0  216  569.99200  507.63267  10.9%     -  212s
     1     5  507.63267    1  220  569.99200  507.63267  10.9%   549  220s
     3     8  507.63267    2  219  569.99200  507.63267  10.9%  1340  227s
     7    15  507.63267    3  224  569.99200  507.63267  10.9%  1384  236s
    14    23  507.63267    4  223  569.99200  507.63267  10.9%  1267  245s
    59    79  507.63267    8  220  569.99200  507.63267  10.9%   530  255s
   102   101  507.63267   12  220  569.99200  507.63267  10.9%   393  262s
   110   109  507.63267   13  221  569.99200  507.63267  10.9%   373  268s
   118   117  507.63267   14  217  569.99200  507.63267  10.9%   361  270s
   142   141  507.63267   17  219  569.99200  507.63267  10.9%   325  277s
   158   157  507.63663   19  216  569.99200  507.63267  10.9%   309  281s
   174   173  507.63927   21  217  569.99200  507.63267  10.9%   296  285s
   198   197  507.64063   24  217  569.99200  507.63267  10.9%   274  290s
   223   227  507.68246   27  222  569.99200  507.63267  10.9%   259  295s
   254   259  507.67830   28  217  569.99200  507.63267  10.9%   246  301s
   268   273  507.68056   29  216  569.99200  507.63267  10.9%   239  308s
   282   284  507.70179   30  214  569.99200  507.63267  10.9%   232  311s
   295   294  507.70647   31  213  569.99200  507.63267  10.9%   229  316s
   324   321  507.70946   33  217  569.99200  507.63267  10.9%   222  321s
   343   350  507.72448   35  214  569.99200  507.63267  10.9%   220  329s
   361   371  507.72464   36  213  569.99200  507.63267  10.9%   215  336s
   414   438  507.72503   38  214  569.99200  507.63267  10.9%   201  341s
   455   455  507.73654   43  217  569.99200  507.63267  10.9%   191  351s
   515   538  507.76852   49  221  569.99200  507.63267  10.9%   189  357s
   563   592  507.80375   54  216  569.99200  507.63267  10.9%   183  360s
   677   714  507.83935   68  215  569.99200  507.63267  10.9%   168  367s
   739   759  507.84772   76  218  569.99200  507.63267  10.9%   161  373s
   796   800  507.98481   82  225  569.99200  507.63267  10.9%   161  377s
   837   836  507.98549   83  225  569.99200  507.63267  10.9%   158  386s
   885   844  508.01327   89  221  569.99200  507.63267  10.9%   156  394s
   895   871  508.03783   92  228  569.99200  507.63267  10.9%   156  398s
   922   925  508.07071   99  228  569.99200  507.63267  10.9%   156  402s
   978  1006  508.09290  104  231  569.99200  507.63267  10.9%   155  406s
  1061  1083  508.13978  111  230  569.99200  507.63267  10.9%   152  410s
  1239  1271  508.19908  127  227  569.99200  507.63267  10.9%   149  418s
  1342  1377  508.24084  135  232  569.99200  507.63267  10.9%   146  421s
  1452  1493  513.37070  140  186  569.99200  507.63267  10.9%   147  429s
  1569  1494  524.68613   90  212  569.99200  507.63267  10.9%   143  462s
  1571  1495  517.83395  144  186  569.99200  507.63267  10.9%   143  494s
  1572  1496  520.21452   15  188  569.99200  507.63267  10.9%   143  521s
  1573  1497  510.35062   60  195  569.99200  507.63267  10.9%   143  532s
  1575  1498  519.61773   26  198  569.99200  507.63267  10.9%   143  540s
  1579  1501  509.95886   16  215  569.99200  507.63267  10.9%   142  545s
  1582  1503  518.03469  151  216  569.99200  507.63267  10.9%   142  551s
  1584  1504  567.12138   63  217  569.99200  507.63267  10.9%   142  555s
  1586  1505  524.77613   95  215  569.99200  507.63267  10.9%   142  560s
  1589  1507  507.86382   80  218  569.99200  507.63267  10.9%   142  567s
  1590  1508  526.04453  139  218  569.99200  507.66943  10.9%   141  585s
  1591  1512  507.66943   13  216  569.99200  507.66943  10.9%   175  596s
  1593  1515  507.66943   14  217  569.99200  507.66943  10.9%   177  605s
  1597  1521  507.66943   15  220  569.99200  507.66943  10.9%   180  616s
  1604  1526  507.66943   16  222  569.99200  507.66943  10.9%   184  622s
  1612  1546  507.70444   17  210  569.99200  507.66943  10.9%   185  630s
  1644  1550  515.52496   18  221  569.99200  507.66943  10.9%   193  649s
  1653  1554  507.72550   19  210  569.99200  507.66943  10.9%   199  655s
  1662  1558  513.09592   19  239  569.99200  507.66943  10.9%   201  663s
  1671  1562  507.72594   20  207  569.99200  507.66943  10.9%   205  668s
  1680  1565  517.32430   20  235  569.99200  507.66943  10.9%   207  675s
  1699  1573  515.50518   21  219  569.99200  507.66943  10.9%   212  685s
  1708  1578  507.73880   22  215  569.99200  507.66943  10.9%   215  690s
  1718  1583  513.92790   22  221  569.99200  507.66943  10.9%   218  695s
  1733  1596  507.99326   23  221  569.99200  507.66943  10.9%   221  701s
  1753  1599  509.73939   23  217  569.99200  507.66943  10.9%   226  709s
  1764  1606  508.01401   24  230  569.99200  507.66943  10.9%   227  713s
  1777  1614  509.45454   24  221  569.99200  507.66943  10.9%   229  721s
  1791  1617  508.01713   25  228  569.99200  507.66943  10.9%   231  726s
  1803  1625  515.83277   25  233  569.99200  507.66943  10.9%   235  733s
  1820  1628  508.02012   26  228  569.99200  507.66943  10.9%   236  741s
  1835  1633  514.94280   26  210  569.99200  507.66943  10.9%   239  750s
  1845  1638  508.02396   27  232  569.99200  507.66943  10.9%   239  758s
  1863  1642  508.03053   28  235  569.99200  507.66943  10.9%   242  765s
  1879  1650  508.03175   29  236  569.99200  507.66943  10.9%   244  772s
  1900  1655  508.04600   30  231  569.99200  507.66943  10.9%   247  782s
  1923  1661  508.04755   31  234  569.99200  507.66943  10.9%   251  788s
  1947  1671  508.05021   32  230  569.99200  507.66943  10.9%   253  795s
  1973  1682  508.05239   33  223  569.99200  507.66943  10.9%   256  803s
  2002  1688  508.05541   34  231  569.99200  507.66943  10.9%   260  814s
  2025  1694  508.05639   35  237  569.99200  507.66943  10.9%   263  821s
  2049  1697  508.07519   36  236  569.99200  507.66943  10.9%   266  829s
  2073  1705  508.08135   37  237  569.99200  507.66943  10.9%   270  836s
  2100  1711  508.08760   38  239  569.99200  507.66943  10.9%   273  844s
  2127  1719  508.08917   39  240  569.99200  507.66943  10.9%   277  862s
  2156  1722  508.09151   40  240  569.99200  507.66943  10.9%   278  870s
  2185  1726  508.09414   41  234  569.99200  507.66943  10.9%   282  879s
  2215  1723  508.09460   42  239  569.99200  507.66943  10.9%   284  890s
  2224  1735  517.94618   42  223  569.99200  507.66943  10.9%   287  915s
  2241  1745  508.09526   43  239  569.99200  507.66943  10.9%   289  929s
  2260  1759  513.91069   43  232  569.99200  507.66943  10.9%   293  939s
  2285  1771  508.12040   44  237  569.99200  507.66943  10.9%   297  950s
  2310  1788  512.56712   44  227  569.99200  507.66943  10.9%   301  961s
  2353  1805  508.12441   45  235  569.99200  507.66943  10.9%   304  973s
  2404  1799  508.13091   47  236  569.99200  507.66943  10.9%   308  985s
  2433  1818  508.13597   48  234  569.99200  507.66943  10.9%   309  997s
  2484  1839  508.13709   49  236  569.99200  507.66943  10.9%   314 1009s
  2549  1855  508.15055   51  238  569.99200  507.66943  10.9%   319 1021s
  2614  1886  525.44845   52  237  569.99200  507.66943  10.9%   323 1034s
  2693  1909  508.16299   54  240  569.99200  507.66943  10.9%   327 1046s
  2772  1938  508.17464   56  241  569.99200  507.66943  10.9%   330 1059s
  2860  1968  508.17773   58  239  569.99200  507.66943  10.9%   333 1074s
  2952  1962  508.18582   60  238  569.99200  507.66943  10.9%   337 1089s
  3014  2003  508.18624   61  239  569.99200  507.66943  10.9%   336 1103s
  3117  2026  519.57274   63  226  569.99200  507.66943  10.9%   339 1117s
  3226  2052  508.20222   65  241  569.99200  507.66943  10.9%   340 1131s
  3337  2052  508.21996   67  235  569.99200  507.66943  10.9%   342 1146s
  3418  2107  508.22164   68  236  569.99200  507.66943  10.9%   341 1161s
  3525  2151  515.29522   70  231  569.99200  507.66943  10.9%   345 1179s
  3614  2170  508.23443   73  237  569.99200  507.66943  10.9%   350 1196s
  3671  2244  521.53146   74  233  569.99200  507.66943  10.9%   353 1212s
  3768  2311  519.66951   76  228  569.99200  507.66943  10.9%   358 1232s
  3871  2354  508.28680   79  238  569.99200  507.66943  10.9%   363 1251s
  3957  2440  508.40770   81  236  569.99200  507.66943  10.9%   366 1270s
  4078  2521  508.41431   84  236  569.99200  507.66943  10.9%   370 1290s
  4213  2544  508.41635   87  239  569.99200  507.66943  10.9%   374 1309s
  4294  2644  508.55338   89  243  569.99200  507.66943  10.9%   377 1330s
  4445  2736  508.58613   92  232  569.99200  507.66943  10.9%   381 1351s
  4604  2757  508.59360   95  238  569.99200  507.66943  10.9%   385 1374s
  4705  2895  508.60598   97  245  569.99200  507.66943  10.9%   388 1398s
  4903  2921  508.65719  101  241  569.99200  507.66943  10.9%   389 1422s
  5026  2903  508.80501  104  241  569.99200  507.66943  10.9%   392 1471s
  5056  2902  525.15994  104  245  569.99200  507.66943  10.9%   392 1506s
  5079  2921  508.80663  105  244  569.99200  507.66943  10.9%   393 1550s
  5120  2995  516.30825  105  240  569.99200  507.66943  10.9%   394 1581s
  5240  3049  508.80909  106  244  569.99200  507.66943  10.9%   393 1610s
  5372  3161  508.83225  110  244  569.99200  507.66943  10.9%   395 1639s
  5586  3284  508.87921  115  242  569.99200  507.66943  10.9%   398 1667s
  5856  3441  508.91242  121  246  569.99200  507.66943  10.9%   400 1697s
  6211  3438  509.13297  125  243  569.99200  507.66943  10.9%   397 1739s
  6387  3633  509.45880  129  239  569.99200  507.66943  10.9%   400 1772s
  6727  3829  509.49687  135  241  569.99200  507.66943  10.9%   398 1805s
  7069  3998  509.54975  141  243  569.99200  507.66943  10.9%   397 1840s
  7364  4297  516.56477  146  208  569.99200  507.66943  10.9%   395 1877s
  7863  4538  509.77732  151  242  569.99200  507.66943  10.9%   387 1913s
  8369  4683  509.99786  157  238  569.99200  507.66943  10.9%   381 1951s
  8732  4918  510.03748  161  236  569.99200  507.66943  10.9%   377 1994s
  9186  5137  510.10599  168  237  569.99200  507.66943  10.9%   369 2038s
  9719  5571  510.14695  175  241  569.99200  507.66943  10.9%   362 2081s
 10593  5934  510.27630  182  244  569.99200  507.66943  10.9%   346 2123s
 11444  6406  510.32635  189  243  569.99200  507.66943  10.9%   332 2167s
 12417  7122  510.46940  196  248  569.99200  507.66943  10.9%   318 2211s
 13189  7221  510.50918  203  252  569.99200  507.66943  10.9%   309 2260s
 13301  7926  510.57415  207  250  569.99200  507.66943  10.9%   310 2307s
 14060  8612  510.62650  215  250  569.99200  507.66943  10.9%   302 2355s
 14805  9846  525.14560  221  233  569.99200  507.66943  10.9%   297 2427s
 16164 10264  511.00611  232  248  569.99200  507.66943  10.9%   283 2456s
 16652 11035  511.24617  236  241  569.99200  507.66943  10.9%   279 2487s
 17566 11693  511.41734  240  244  569.99200  507.66943  10.9%   270 2516s
 18330 12444  520.49365  244  236  569.99200  507.66943  10.9%   263 2547s
 19188 12751  511.55690  249  248  569.99200  507.66943  10.9%   257 2577s
 19597 13076  511.61453  253  249  569.99200  507.66943  10.9%   254 2611s
 20050 13647  511.80107  258  250  569.99200  507.66943  10.9%   252 2644s
 20817 14655  511.99598  262  253  569.99200  507.66943  10.9%   247 2680s
 22103 14680  512.10632  267  259  569.99200  507.66943  10.9%   238 2721s
 22134 15186  528.43591  267  250  569.99200  507.66943  10.9%   239 2761s
 22658 16116  512.11903  268  256  569.99200  507.66943  10.9%   235 2799s
 23890 17218  543.63180  268  256  569.99200  507.66943  10.9%   227 2837s
 25195 17545  512.23441  273  255  569.99200  507.66943  10.9%   220 2870s
 25548 18285  512.43312  277  256  569.99200  507.66943  10.9%   219 2902s
 26329 18982  538.02476  281  252  569.99200  507.66943  10.9%   216 2933s
 27049 19390  512.69076  285  249  569.99200  507.66943  10.9%   213 2963s
 27499 20577  512.75915  289  248  569.99200  507.66943  10.9%   212 2996s
 28852 21566  512.85648  294  262  569.99200  507.66943  10.9%   206 3026s

Cutting planes:
  Cover: 2
  MIR: 26
  Flow cover: 16
  Mod-K: 1

Explored 29879 nodes (6179799 simplex iterations) in 3589.71 seconds (7514.54 work units)
Thread count was 8 (of 80 available processors)

Solution count 2: 569.992 576.44 

Time limit reached
Best objective 5.699919999999e+02, best bound 5.076694256025e+02, gap 10.9339%

User-callback calls 633221, time in user-callback 5.20 sec
