
Gurobi 12.0.3 (linux64) logging started Tue Sep 22 01:40:35 2026

Set parameter LogFile to value "/home/nc437/ladder-lite/mip_structure_20260922/results/c1_k08_fresh/focus2/729442_r0/gurobi.log"
Set parameter Threads to value 8
Set parameter Seed to value 0
Set parameter MIPGap to value 0.0001
Set parameter MIPFocus to value 2
Set parameter TimeLimit to value 1800
Gurobi Optimizer version 12.0.3 build v12.0.3rc0 (linux64 - "Ubuntu 24.04.4 LTS")

CPU model: Intel(R) Xeon(R) Gold 6348 CPU @ 2.60GHz, instruction set [SSE2|AVX|AVX2|AVX512]
Thread count: 56 physical cores, 56 logical processors, using up to 8 threads

Non-default parameters:
TimeLimit  1800
MIPFocus  2
Threads  8

Optimize a model with 194 rows, 39940 columns and 1092654 nonzeros
Model fingerprint: 0x8fae06be
Variable types: 0 continuous, 39940 integer (39940 binary)
Coefficient statistics:
  Matrix range     [1e+00, 1e+00]
  Objective range  [1e+00, 1e+00]
  Bounds range     [1e+00, 1e+00]
  RHS range        [1e+00, 1e+00]

Loaded user MIP start with objective 63

Presolve removed 0 rows and 198 columns
Presolve time: 1.35s
Presolved: 194 rows, 39742 columns, 1088432 nonzeros
Variable types: 0 continuous, 39742 integer (39742 binary)
Found heuristic solution: objective 57.0000000
Root relaxation presolved: 194 rows, 39742 columns, 1088432 nonzeros


Starting sifting (using dual simplex for sub-problems)...

    Iter     Pivots    Primal Obj      Dual Obj        Time
       0          0     infinity      0.0000000e+00      2s
       1        221   9.3241206e+00   3.1670578e+00      2s
       2       1083   8.9660596e+00   5.4448490e+00      2s
       3       1835   8.8262877e+00   6.1645969e+00      2s
       4       2682   8.4900636e+00   6.6099746e+00      2s
       5       3803   8.2684436e+00   6.9184187e+00      2s
       6       4837   8.0888254e+00   7.2259837e+00      2s
       7       5537   8.0000000e+00   7.2801886e+00      2s
       8       6237   8.0000000e+00   7.3190154e+00      2s
       9       6965   8.0000000e+00   8.0000000e+00      2s

Sifting complete


Root relaxation: objective 8.000000e+00, 6965 iterations, 0.70 seconds (1.11 work units)

    Nodes    |    Current Node    |     Objective Bounds      |     Work
 Expl Unexpl |  Obj  Depth IntInf | Incumbent    BestBd   Gap | It/Node Time

     0     0    8.00000    0   78   57.00000    8.00000  86.0%     -    3s
H    0     0                      18.0000000    8.00000  55.6%     -    3s
H    0     0                      14.0000000    8.00000  42.9%     -    3s
H    0     0                      13.0000000    8.00000  38.5%     -    3s
H    0     0                      11.0000000    8.00000  27.3%     -    3s
H    0     0                      10.0000000    8.00000  20.0%     -    3s
     0     0    8.00000    0   83   10.00000    8.00000  20.0%     -    9s
     0     0    8.00000    0   86   10.00000    8.00000  20.0%     -   17s
     0     0    8.00000    0   90   10.00000    8.00000  20.0%     -   22s
     0     0    8.00000    0   96   10.00000    8.00000  20.0%     -   28s
     0     0    8.00000    0   98   10.00000    8.00000  20.0%     -   29s
     0     0    8.00000    0   96   10.00000    8.00000  20.0%     -   34s
     0     0    8.00000    0   96   10.00000    8.00000  20.0%     -   37s
     0     2    8.00000    0   79   10.00000    8.00000  20.0%     -   46s
     3     8    8.00000    2   98   10.00000    8.00000  20.0%  7493   50s
    23    55    8.00000    5  126   10.00000    8.00000  20.0%  1510   56s
    62    76    8.00000   11  135   10.00000    8.00000  20.0%  2296   62s
   116   189    8.00000   13  103   10.00000    8.00000  20.0%  1737   66s
   188   213    8.00000   14  109   10.00000    8.00000  20.0%  1109   71s
   257   372    8.00000   16  100   10.00000    8.00000  20.0%   837   76s
   371   518    8.00000   17   99   10.00000    8.00000  20.0%   604   81s
H  417   518                       9.0000000    8.00000  11.1%   544   81s
   518    71    8.00000   25   96    9.00000    8.00000  11.1%   448   86s
   520    72    8.00000   19   85    9.00000    8.00000  11.1%   446   93s
   521    73    8.00000   20   95    9.00000    8.00000  11.1%   445   99s
   522    74    8.00000    6   83    9.00000    8.00000  11.1%   444  102s
   523    74    8.00000   14  105    9.00000    8.00000  11.1%   443  108s
   524    75    8.00000   13   94    9.00000    8.00000  11.1%   442  112s
   525    76    8.00000    7   97    9.00000    8.00000  11.1%   442  118s
   526    76    8.00000   10   87    9.00000    8.00000  11.1%   441  121s
   527    77    8.00000   14   81    9.00000    8.00000  11.1%   440  129s
   528    78    8.00000   10   80    9.00000    8.00000  11.1%   439  132s
   529    78    8.00000   17   90    9.00000    8.00000  11.1%   438  137s
   530    79    8.00000   26   92    9.00000    8.00000  11.1%   437  141s
   531    80    8.00000   26  104    9.00000    8.00000  11.1%   437  146s
   532    80    8.00000   11   83    9.00000    8.00000  11.1%   436  151s
   533    81    8.00000    7   83    9.00000    8.00000  11.1%   435  156s
   536    84    8.00000    4  113    9.00000    8.00000  11.1%  84.6  164s
   537    85    8.00000   18  109    9.00000    8.00000  11.1%  84.5  172s
   538    86    8.00000    6   92    9.00000    8.00000  11.1%  84.3  175s
   539    86    8.00000    8  100    9.00000    8.00000  11.1%  84.1  180s
   541    88    8.00000   22   91    9.00000    8.00000  11.1%  83.8  188s
   542    88    8.00000    6   79    9.00000    8.00000  11.1%  83.7  191s
   543    89    8.00000   10   96    9.00000    8.00000  11.1%  83.5  196s
   545    90    8.00000   17   94    9.00000    8.00000  11.1%  83.2  204s
   546    91    8.00000   14   88    9.00000    8.00000  11.1%  83.1  208s
   547    92    8.00000   11   99    9.00000    8.00000  11.1%  82.9  210s
   550    95    8.00000   21   79    9.00000    8.00000  11.1%   192  215s
   611    81    8.00000   32  108    9.00000    8.00000  11.1%   209  220s
   715    49    8.00000   44   98    9.00000    8.00000  11.1%   226  225s
   785    25    8.00000   52   95    9.00000    8.00000  11.1%   235  235s
   839    30 infeasible   57         9.00000    8.00000  11.1%   240  240s
   908    79    8.00000   62  122    9.00000    8.00000  11.1%   238  245s
  1019   120 infeasible   63         9.00000    8.00000  11.1%   229  250s
  1090   150    8.00000   67  110    9.00000    8.00000  11.1%   228  258s
  1169   208    8.00000   74  117    9.00000    8.00000  11.1%   231  262s
  1297   268    8.00000   97  118    9.00000    8.00000  11.1%   231  268s
  1643   256    8.00000  141   98    9.00000    8.00000  11.1%   238  276s
  1769   371    8.00000  142   96    9.00000    8.00000  11.1%   241  285s
  1938   655    8.00000   85   94    9.00000    8.00000  11.1%   235  295s
  2276  1153    8.00000  122  110    9.00000    8.00000  11.1%   221  306s
  3049  1377    8.00000   78  121    9.00000    8.00000  11.1%   207  315s
  3503  1635 infeasible   96         9.00000    8.00000  11.1%   203  327s
  4160  1868    8.00000  331  106    9.00000    8.00000  11.1%   200  337s
  4467  2457    8.00000  365  100    9.00000    8.00000  11.1%   196  346s
  5278  2904    8.00000  465  113    9.00000    8.00000  11.1%   187  355s
  6021  3062 infeasible  457         9.00000    8.00000  11.1%   183  368s
  6375  3443 infeasible  205         9.00000    8.00000  11.1%   183  383s
  7360  3416 infeasible  194         9.00000    8.00000  11.1%   185  395s
  7907  3533    8.00000  340  110    9.00000    8.00000  11.1%   188  409s
  8416  3423    8.00000  454  117    9.00000    8.00000  11.1%   190  423s
  8996  3789 infeasible  517         9.00000    8.00000  11.1%   195  437s
 10382  3753 infeasible  224         9.00000    8.00000  11.1%   195  453s
 11944  3624 infeasible  141         9.00000    8.00000  11.1%   197  469s
 13105  3591 infeasible  389         9.00000    8.00000  11.1%   201  486s
 14892  3415 infeasible  468         9.00000    8.00000  11.1%   204  510s
 15212  2451 infeasible  567         9.00000    8.00000  11.1%   207  592s
 17714  1761    8.00000  364  124    9.00000    8.00000  11.1%   215  618s
 19005  2037    8.00000  437  114    9.00000    8.00000  11.1%   219  645s
 21313  1469    8.00000  229   99    9.00000    8.00000  11.1%   217  674s
 23976   451    8.00000  165  111    9.00000    8.00000  11.1%   217  699s
 25302   918    8.00000  109  104    9.00000    8.00000  11.1%   221  711s
 26219   806    8.00000  117  102    9.00000    8.00000  11.1%   220  724s
 26923   696 infeasible  610         9.00000    8.00000  11.1%   221  736s
 27525   603 infeasible  677         9.00000    8.00000  11.1%   221  750s
 27940   704 infeasible  746         9.00000    8.00000  11.1%   222  761s
 29009   506 infeasible  548         9.00000    8.00000  11.1%   222  772s
 29979   144 infeasible  700         9.00000    8.00000  11.1%   222  785s
 30397    19 infeasible  703         9.00000    8.00000  11.1%   224  800s
 30524     4 infeasible  704         9.00000    8.00000  11.1%   224  815s
 30541     2 infeasible  705         9.00000    8.00000  11.1%   224  828s
 30545    64 infeasible  706         9.00000    8.00000  11.1%   224  839s
 30609     0 infeasible  765         9.00000    8.00000  11.1%   224  849s

Cutting planes:
  Cover: 2
  MIR: 1
  Flow cover: 147

Explored 30877 nodes (7276488 simplex iterations) in 849.58 seconds (2398.02 work units)
Thread count was 8 (of 56 available processors)

Solution count 8: 9 10 11 ... 63

Optimal solution found (tolerance 1.00e-04)
Best objective 9.000000000000e+00, best bound 9.000000000000e+00, gap 0.0000%

User-callback calls 401698, time in user-callback 1.02 sec
