
Gurobi 12.0.3 (linux64) logging started Tue Sep 22 01:59:40 2026

Set parameter LogFile to value "/home/nc437/ladder-lite/mip_structure_20260922/results/c3_k15_fresh/prepare/730241_r0/charging_lp.gurobi.log"
Set parameter Threads to value 8
Set parameter Seed to value 0
Set parameter MIPGap to value 0.0001
Set parameter TimeLimit to value 300
Gurobi Optimizer version 12.0.3 build v12.0.3rc0 (linux64 - "Ubuntu 24.04.4 LTS")

CPU model: Intel(R) Xeon(R) Gold 6230 CPU @ 2.10GHz, instruction set [SSE2|AVX|AVX2|AVX512]
Thread count: 40 physical cores, 80 logical processors, using up to 8 threads

Non-default parameters:
TimeLimit  300
Threads  8

Optimize a model with 303 rows, 38130 columns and 935045 nonzeros
Model fingerprint: 0xaf269a92
Coefficient statistics:
  Matrix range     [1e+00, 1e+00]
  Objective range  [1e-11, 1e+02]
  Bounds range     [1e+00, 1e+00]
  RHS range        [1e+00, 2e+01]
Presolve time: 0.29s
Presolved: 303 rows, 38130 columns, 935045 nonzeros

Concurrent LP optimizer: primal simplex, dual simplex, and barrier
Showing barrier log only...

Ordering time: 0.00s

Barrier statistics:
 AA' NZ     : 4.164e+04
 Factor NZ  : 4.606e+04 (roughly 16 MB of memory)
 Factor Ops : 9.319e+06 (less than 1 second per iteration)
 Threads    : 6

                  Objective                Residual
Iter       Primal          Dual         Primal    Dual     Compl     Time
   0   1.18773306e+07 -4.10514666e+06  2.54e+05 1.46e+01  7.70e+02     1s
   1   4.81869767e+05 -3.20107210e+06  1.04e+04 1.00e+01  6.80e+01     1s
   2   9.75619955e+04 -2.40054442e+05  2.09e+03 1.71e-13  6.48e+00     1s
   3   3.63389406e+03 -4.07826049e+03  6.33e+01 1.99e-13  1.57e-01     1s
   4   1.61342220e+03 -1.35136614e+03  1.94e+01 1.85e-13  5.06e-02     1s
   5   9.36497829e+02 -5.42831465e+02  4.78e+00 9.95e-14  2.03e-02     1s
   6   7.47953300e+02 -4.94934743e+01  1.69e+00 5.68e-14  1.03e-02     1s
   7   6.55969491e+02  7.34326734e+01  9.39e-01 4.97e-14  7.47e-03     1s
   8   6.08373872e+02  2.23895569e+02  6.31e-01 4.26e-14  4.86e-03     1s
   9   5.95469181e+02  2.97834127e+02  5.55e-01 4.26e-14  3.71e-03     1s
  10   5.60139299e+02  3.41742675e+02  3.55e-01 4.26e-14  2.73e-03     1s
  11   5.34834677e+02  3.76549152e+02  2.48e-01 4.26e-14  1.97e-03     1s
  12   5.09374423e+02  4.00692426e+02  1.56e-01 2.84e-14  1.36e-03     1s
  13   4.96401904e+02  4.15976717e+02  1.17e-01 2.84e-14  1.00e-03     1s
  14   4.86729989e+02  4.25710137e+02  9.11e-02 2.84e-14  7.60e-04     1s
  15   4.70308074e+02  4.32054667e+02  4.74e-02 2.84e-14  4.80e-04     1s
  16   4.60825266e+02  4.36703033e+02  2.69e-02 2.84e-14  3.04e-04     1s
  17   4.57226487e+02  4.39807937e+02  1.93e-02 2.84e-14  2.19e-04     1s
  18   4.54840335e+02  4.42100571e+02  1.45e-02 4.26e-14  1.60e-04     1s
  19   4.52670749e+02  4.43823292e+02  1.03e-02 2.84e-14  1.11e-04     1s
  20   4.49823166e+02  4.45086354e+02  4.88e-03 4.26e-14  5.98e-05     1s
  21   4.48359091e+02  4.46332728e+02  2.21e-03 5.68e-14  2.55e-05     1s
  22   4.47625994e+02  4.46611341e+02  9.63e-04 5.68e-14  1.28e-05     1s
  23   4.47332536e+02  4.46873405e+02  4.81e-04 4.26e-14  5.79e-06     1s
  24   4.47082215e+02  4.46953329e+02  7.67e-05 4.26e-14  1.65e-06     1s
  25   4.47033036e+02  4.47016107e+02  3.88e-06 4.26e-14  2.19e-07     1s
  26   4.47029157e+02  4.47025371e+02  1.27e-07 4.26e-14  4.94e-08     1s
  27   4.47028957e+02  4.47027812e+02  1.99e-08 5.68e-14  1.49e-08     2s
  28   4.47028916e+02  4.47028733e+02  7.44e-09 4.26e-14  2.38e-09     2s
  29   4.47028888e+02  4.47028888e+02  2.27e-10 4.26e-14  3.35e-12     2s

Barrier solved model in 29 iterations and 1.60 seconds (1.04 work units)
Optimal objective 4.47028888e+02

Crossover log...

       8 DPushes remaining with DInf 0.0000000e+00                 2s
       0 DPushes remaining with DInf 0.0000000e+00                 2s

      47 PPushes remaining with PInf 0.0000000e+00                 2s
       0 PPushes remaining with PInf 0.0000000e+00                 2s

  Push phase complete: Pinf 0.0000000e+00, Dinf 4.9436011e-12      2s


Solved with barrier
Iteration    Objective       Primal Inf.    Dual Inf.      Time
      58    4.4702889e+02   0.000000e+00   0.000000e+00      2s

Solved in 58 iterations and 1.65 seconds (1.06 work units)
Optimal objective  4.470288877e+02
