
Gurobi 12.0.3 (linux64) logging started Mon Sep 21 16:23:10 2026

Set parameter LogFile to value "/home/nc437/ladder-lite/integer_columns_20260921/results/c1_k08/treatment_s20260921/668457_r0/mip_gurobi.log"
Set parameter OutputFlag to value 1
Set parameter TimeLimit to value 2327
Set parameter MIPGap to value 0.0001
Set parameter Threads to value 8
Set parameter Seed to value 20260921
Set parameter TimeLimit to value 1163.5
Gurobi Optimizer version 12.0.3 build v12.0.3rc0 (linux64 - "Ubuntu 24.04.4 LTS")

CPU model: Intel(R) Xeon(R) Gold 6230 CPU @ 2.10GHz, instruction set [SSE2|AVX|AVX2|AVX512]
Thread count: 40 physical cores, 40 logical processors, using up to 8 threads

Non-default parameters:
TimeLimit  1163.5
Seed  20260921
Threads  8

Optimize a model with 194 rows, 55913 columns and 1530246 nonzeros
Model fingerprint: 0xdf970cd3
Variable types: 0 continuous, 55913 integer (55913 binary)
Coefficient statistics:
  Matrix range     [1e+00, 1e+00]
  Objective range  [1e+00, 1e+00]
  Bounds range     [1e+00, 1e+00]
  RHS range        [1e+00, 1e+00]

Loaded user MIP start with objective 8

Presolve removed 0 rows and 8 columns
Presolve time: 3.62s
Presolved: 194 rows, 55905 columns, 1530045 nonzeros
Variable types: 0 continuous, 55905 integer (55905 binary)

Starting sifting (using dual simplex for sub-problems)...

    Iter     Pivots    Primal Obj      Dual Obj        Time
       0          0     infinity      0.0000000e+00      4s
       1        287   9.3034857e+00   3.3059892e+00      4s
       2       1137   9.0908889e+00   5.1527433e+00      5s
       3       1929   8.8063517e+00   6.3605866e+00      5s
       4       2668   8.4537473e+00   6.8507661e+00      5s
       5       3675   8.1422516e+00   7.1684688e+00      5s

Sifting complete


Root relaxation: cutoff, 3675 iterations, 0.37 seconds (0.35 work units)

    Nodes    |    Current Node    |     Objective Bounds      |     Work
 Expl Unexpl |  Obj  Depth IntInf | Incumbent    BestBd   Gap | It/Node Time

     0     0     cutoff    0         8.00000    8.00000  0.00%     -    4s

Explored 1 nodes (3675 simplex iterations) in 4.78 seconds (2.81 work units)
Thread count was 8 (of 40 available processors)

Solution count 1: 8 

Optimal solution found (tolerance 1.00e-04)
Best objective 8.000000000000e+00, best bound 8.000000000000e+00, gap 0.0000%

User-callback calls 482, time in user-callback 0.00 sec
Set parameter TimeLimit to value 2.3205456590652466e+03
Gurobi Optimizer version 12.0.3 build v12.0.3rc0 (linux64 - "Ubuntu 24.04.4 LTS")

CPU model: Intel(R) Xeon(R) Gold 6230 CPU @ 2.10GHz, instruction set [SSE2|AVX|AVX2|AVX512]
Thread count: 40 physical cores, 40 logical processors, using up to 8 threads

Non-default parameters:
TimeLimit  2.3205456590652466e+03
Seed  20260921
Threads  8

Optimize a model with 195 rows, 55913 columns and 1586159 nonzeros
Model fingerprint: 0x13534252
Variable types: 0 continuous, 55913 integer (55913 binary)
Coefficient statistics:
  Matrix range     [1e+00, 1e+00]
  Objective range  [9e+00, 2e+02]
  Bounds range     [1e+00, 1e+00]
  RHS range        [1e+00, 8e+00]

Loaded user MIP start with objective 453.312
MIP start from previous solve did not produce a new incumbent solution

Presolve removed 0 rows and 8 columns
Presolve time: 3.48s
Presolved: 195 rows, 55905 columns, 1585950 nonzeros
Variable types: 0 continuous, 55905 integer (55905 binary)

Starting sifting (using dual simplex for sub-problems)...

    Iter     Pivots    Primal Obj      Dual Obj        Time
       0          0     infinity      0.0000000e+00      4s
       1        818   1.8006990e+06   5.1842421e+01      4s
       2       1883   7.4192601e+05   1.0107643e+02      4s
       3       3038   3.7041956e+05   1.4376591e+02      4s
       4       4381   3.7957057e+04   1.5108435e+02      4s
       5       5206   4.2918539e+02   2.9690558e+02      4s
       6       6401   3.9088122e+02   3.2574111e+02      4s
       7       7506   3.8390603e+02   3.5790075e+02      5s
       8       8704   3.8369688e+02   3.6768687e+02      5s
       9       9987   3.8369601e+02   3.7214680e+02      5s
      10      11021   3.8369601e+02   3.7578625e+02      5s
      11      12300   3.8368798e+02   3.7916074e+02      5s
      12      13075   3.8368798e+02   3.8004743e+02      5s
      13      13970   3.8368798e+02   3.8047253e+02      6s
      14      14798   3.8368798e+02   3.8196085e+02      6s

Sifting complete


Root simplex log...

Iteration    Objective       Primal Inf.    Dual Inf.      Time
   15981    3.8368798e+02   0.000000e+00   1.548011e+04      6s
   16672    3.8368798e+02   0.000000e+00   0.000000e+00      6s

Root relaxation: objective 3.836880e+02, 16672 iterations, 2.40 seconds (3.20 work units)

    Nodes    |    Current Node    |     Objective Bounds      |     Work
 Expl Unexpl |  Obj  Depth IntInf | Incumbent    BestBd   Gap | It/Node Time

     0     0  383.68798    0   94  453.31200  383.68798  15.4%     -    6s
     0     0  383.76471    0  100  453.31200  383.76471  15.3%     -   14s
     0     0  383.89076    0  108  453.31200  383.89076  15.3%     -   27s
     0     0  383.96277    0  107  453.31200  383.96277  15.3%     -   29s
     0     0  384.00620    0  111  453.31200  384.00620  15.3%     -   30s
     0     0  384.05859    0  117  453.31200  384.05859  15.3%     -   31s
     0     0  384.06334    0  116  453.31200  384.06334  15.3%     -   32s
     0     0  384.13815    0  113  453.31200  384.13815  15.3%     -   33s
     0     0  384.17365    0  113  453.31200  384.17365  15.3%     -   33s
     0     0  384.18648    0  113  453.31200  384.18648  15.2%     -   34s
     0     0  384.19675    0  116  453.31200  384.19675  15.2%     -   34s
     0     0  384.20231    0  115  453.31200  384.20231  15.2%     -   35s
     0     0  384.21820    0  116  453.31200  384.21820  15.2%     -   36s
     0     0  384.23398    0  125  453.31200  384.23398  15.2%     -   36s
     0     0  384.23490    0  125  453.31200  384.23490  15.2%     -   37s
     0     0  384.23490    0   99  453.31200  384.23490  15.2%     -   46s
     0     0  384.23490    0  103  453.31200  384.23490  15.2%     -   50s
     0     0  384.23490    0  111  453.31200  384.23490  15.2%     -   56s
     0     0  384.23490    0  107  453.31200  384.23490  15.2%     -   57s
     0     0  384.23490    0  118  453.31200  384.23490  15.2%     -   58s
     0     0  384.60193    0  115  453.31200  384.60193  15.2%     -   60s
     0     0  384.68740    0  124  453.31200  384.68740  15.1%     -   60s
     0     0  384.70581    0  129  453.31200  384.70581  15.1%     -   61s
     0     0  384.86471    0  131  453.31200  384.86471  15.1%     -   61s
     0     0  384.88352    0  132  453.31200  384.88352  15.1%     -   62s
     0     0  385.09684    0  142  453.31200  385.09684  15.0%     -   62s
     0     0  385.13444    0  138  453.31200  385.13444  15.0%     -   63s
     0     0  385.14970    0  137  453.31200  385.14970  15.0%     -   63s
     0     0  385.19473    0  138  453.31200  385.19473  15.0%     -   63s
     0     0  385.24106    0  146  453.31200  385.24106  15.0%     -   65s
     0     0  385.24403    0  151  453.31200  385.24403  15.0%     -   65s
     0     0  385.27163    0  150  453.31200  385.27163  15.0%     -   66s
     0     0  385.30913    0  149  453.31200  385.30913  15.0%     -   67s
     0     0  385.36966    0  154  453.31200  385.36966  15.0%     -   67s
     0     0  385.38638    0  153  453.31200  385.38638  15.0%     -   68s
     0     0  385.39608    0  151  453.31200  385.39608  15.0%     -   68s
     0     0  385.41469    0  153  453.31200  385.41469  15.0%     -   68s
     0     0  385.42936    0  158  453.31200  385.42936  15.0%     -   69s
     0     0  385.42955    0  158  453.31200  385.42955  15.0%     -   69s
     0     0  387.05368    0   97  453.31200  387.05368  14.6%     -   77s
     0     0  387.05368    0  108  453.31200  387.05368  14.6%     -   79s
     0     0  387.05368    0  122  453.31200  387.05368  14.6%     -   87s
     0     0  387.05368    0  125  453.31200  387.05368  14.6%     -   87s
     0     0  387.05368    0  140  453.31200  387.05368  14.6%     -   88s
     0     0  387.05368    0  132  453.31200  387.05368  14.6%     -   88s
     0     0  387.05368    0  139  453.31200  387.05368  14.6%     -   89s
     0     0  387.05368    0  138  453.31200  387.05368  14.6%     -   89s
     0     0  387.05368    0  143  453.31200  387.05368  14.6%     -   90s
     0     0  387.05368    0  152  453.31200  387.05368  14.6%     -   90s
     0     0  387.05368    0  153  453.31200  387.05368  14.6%     -   90s
     0     0  387.05368    0  156  453.31200  387.05368  14.6%     -   90s
     0     0  387.05368    0  152  453.31200  387.05368  14.6%     -   91s
     0     0  387.05368    0  154  453.31200  387.05368  14.6%     -   91s
     0     0  387.05368    0  156  453.31200  387.05368  14.6%     -   91s
     0     0  387.05368    0  156  453.31200  387.05368  14.6%     -   91s
     0     0  387.05368    0  160  453.31200  387.05368  14.6%     -   92s
     0     0  387.05368    0  156  453.31200  387.05368  14.6%     -   92s
     0     0  387.05368    0  162  453.31200  387.05368  14.6%     -   93s
     0     0  387.05368    0  166  453.31200  387.05368  14.6%     -   93s
     0     0  387.05368    0  162  453.31200  387.05368  14.6%     -   93s
     0     0  387.05368    0  163  453.31200  387.05368  14.6%     -   94s
     0     0  387.05368    0  166  453.31200  387.05368  14.6%     -   94s
     0     0  387.05368    0  166  453.31200  387.05368  14.6%     -   95s
     0     2  387.05368    0  166  453.31200  387.05368  14.6%     -   99s
     1     5  387.05368    1  164  453.31200  387.05368  14.6%  73.0  101s
    11     8  387.05368    4  163  453.31200  387.05368  14.6%   617  106s
    35    37  387.05368    9  161  453.31200  387.05368  14.6%   474  112s
    97    93  398.38790   13  134  453.31200  387.05368  14.6%   288  115s
   225   208  387.38299   26  159  453.31200  387.05368  14.6%   184  120s
   299   273  387.61961   45  159  453.31200  387.05368  14.6%   172  125s
   533   496  388.31561   69  163  453.31200  387.05368  14.6%   121  130s
   629   550  388.42795   75  162  453.31200  387.05368  14.6%   124  136s
   754   652  388.60971   90  160  453.31200  387.24542  14.6%   129  141s
   824   703  388.67844   94  165  453.31200  387.42692  14.5%   138  145s
   973   883  388.74847   97  163  453.31200  387.50229  14.5%   131  150s
  1292  1208  388.83291  101  163  453.31200  387.55661  14.5%   119  155s
  1569  1363  434.27228   27  125  453.31200  387.55661  14.5%   105  162s
  1571  1364  412.55391   48   97  453.31200  387.55661  14.5%   105  167s
  1572  1365  413.68946   61  124  453.31200  387.55661  14.5%   105  175s
  1580  1370  422.45671   83  152  453.31200  387.55661  14.5%   105  180s
  1590  1377  427.60903  195  162  453.31200  387.55661  14.5%   104  185s
  1592  1378  437.53821  214  162  453.31200  387.55661  14.5%   104  190s
  1595  1383  387.55661   17  160  453.31200  387.55661  14.5%   109  196s
  1605  1384  387.55661   19  154  453.31200  387.55661  14.5%   114  200s
  1648  1390  442.40829   22  112  453.31200  387.55661  14.5%   123  207s
  1687  1386  411.90267   23  140  453.31200  387.55661  14.5%   126  211s
  1726  1389  387.55661   25  148  453.31200  387.55661  14.5%   131  215s
  1761  1405     cutoff   26       453.31200  387.55661  14.5%   133  220s
  1842  1432  412.15109   28  129  453.31200  387.55661  14.5%   135  225s
  1897  1445  387.55661   30  152  453.31200  387.55661  14.5%   139  230s
  1999  1502  421.00059   32  119  453.31200  387.55661  14.5%   141  236s
  2096  1511  387.55661   34  154  453.31200  387.55661  14.5%   140  240s
  2262  1505  414.49326   36  139  453.31200  387.55661  14.5%   141  247s
  2334  1500     cutoff   37       453.31200  387.55661  14.5%   146  250s
  2474  1591  387.55661   40  152  453.31200  387.55661  14.5%   147  255s
  2641  1622  387.58405   42  154  453.31200  387.58405  14.5%   146  261s
  2714  1621  387.76547   43  155  453.31200  387.76547  14.5%   147  265s
  2830  1607  387.98480   45  150  453.31200  387.98480  14.4%   150  270s
  2960  1652  388.14308   47  146  453.31200  388.14308  14.4%   153  275s
  3211  1737  388.24809   49  150  453.31200  388.24809  14.4%   151  280s
  3471  1802  388.51125   51  157  453.31200  388.51125  14.3%   151  286s
  3594  1922  388.51730   52  157  453.31200  388.51730  14.3%   150  290s
  3888  1932  388.78846   55  149  453.31200  388.77143  14.2%   146  296s
  3908  1995     cutoff   56       453.31200  388.80345  14.2%   147  302s
  3985  2069  412.18508   57  118  453.31200  388.88988  14.2%   146  306s
  4290  2255  389.26628   60  152  453.31200  389.26628  14.1%   141  312s
  4504  2372     cutoff   61       453.31200  389.36030  14.1%   139  315s
  5044  2673  421.63809   65  118  453.31200  389.52629  14.1%   133  321s
  5662  2746  389.64324   69  149  453.31200  389.64324  14.0%   126  328s
  5930  2823  389.71181   71  152  453.31200  389.71181  14.0%   126  332s
  6082  2968  389.84571   73  162  453.31200  389.84571  14.0%   127  337s
  6288  3088  389.99712   76  156  453.31200  389.99712  14.0%   127  341s
  6516  3205  390.09581   78  160  453.31200  390.09581  13.9%   127  346s
  6731  3222  390.25655   80  156  453.31200  390.25655  13.9%   128  350s
  6874  3240  426.09636   81  114  453.31200  390.27258  13.9%   130  355s
  6986  3222  390.89197   84  163  453.31200  390.89197  13.8%   133  360s
  7210  3242  391.29105   88  158  453.31200  391.29105  13.7%   138  371s
  7354  3316  391.38192   91  157  453.31200  391.38192  13.7%   140  376s
  7572  3496  391.60952   94  162  453.31200  391.60952  13.6%   142  381s
  7922  3773     cutoff   96       453.31200  391.78264  13.6%   141  386s
  8375  4009  391.99365  100  164  453.31200  391.99365  13.5%   139  391s
  8780  4220  392.14232  105  164  453.31200  392.14232  13.5%   138  397s
  9314  4150  392.31054  108  167  453.31200  392.31054  13.5%   137  402s
  9716  3937  392.53190  112  164  453.31200  392.53190  13.4%   140  408s
 10014  3773  392.75557  115  165  453.31200  392.75557  13.4%   144  414s
 10292  3718  392.85901  120  167  453.31200  392.85901  13.3%   147  420s
 10640  3634  393.15269  123  172  453.31200  393.15269  13.3%   149  426s
 11118  3551  393.19943  125  170  453.31200  393.19943  13.3%   150  433s
 11672  3461  393.49113  129  164  453.31200  393.49113  13.2%   150  440s
 12247  3363  412.88973  133  118  453.31200  393.61377  13.2%   151  447s
 12915  3263  393.71328  139  162  453.31200  393.71328  13.1%   149  455s
 13861  3117  394.51833  144  171  453.31200  394.51833  13.0%   146  464s
 14102  2886     cutoff  146       453.31200  394.81747  12.9%   147  471s
 14818  2522  395.20574  153  167  453.31200  395.20574  12.8%   145  479s
 15692  2082  395.65252  159  182  453.31200  395.65252  12.7%   144  487s
 16583  1436  396.06300  165  182  453.31200  396.06300  12.6%   142  495s
 17695   816  396.20866  170  182  453.31200  396.19496  12.6%   138  547s
 18491   239     cutoff  170       453.31200  396.23331  12.6%   135  554s
 19320    46     cutoff  175       453.31200  396.35240  12.6%   132  561s
 19597    21     cutoff  188       453.31200  396.38149  12.6%   131  569s
 19621    21  396.83107  192  180  453.31200  396.50140  12.5%   131  570s
 19694    14     cutoff  203       453.31200  396.50140  12.5%   132  577s
 19825     2     cutoff  215       453.31200  396.98498  12.4%   132  585s
 19918     3     cutoff  499       453.31200  398.10784  12.2%   132  592s
 19937    39  398.41121  234  180  453.31200  398.35200  12.1%   133  599s
 19977    28     cutoff  267       453.31200  398.44659  12.1%   133  607s
 20126     9     cutoff  292       453.31200  398.75303  12.0%   134  615s
 20234     4     cutoff  299       453.31200  401.93167  11.3%   135  623s
 20323     6  402.52722  316  177  453.31200  402.47609  11.2%   135  632s
 20477    69     cutoff  328       453.31200  403.43836  11.0%   135  640s
 20726   162     cutoff  396       453.31200  403.60219  11.0%   134  649s
 20979    22     cutoff  440       453.31200  403.92461  10.9%   135  663s
 21170     4  408.99068  457  168  453.31200  405.88439  10.5%   136  679s
 21256     6  410.36949  491  167  453.31200  410.36949  9.47%   136  697s
 21360    51     cutoff  538       453.31200  412.60842  8.98%   137  714s
 21494   203     cutoff  580       453.31200  415.67965  8.30%   136  733s
 21738     0     cutoff  778       453.31200  415.94868  8.24%   136  746s

Cutting planes:
  Cover: 3
  MIR: 43
  Flow cover: 34
  Zero half: 7
  Mod-K: 1

Explored 22156 nodes (3053658 simplex iterations) in 746.20 seconds (1665.28 work units)
Thread count was 8 (of 40 available processors)

Solution count 1: 453.312 

Optimal solution found (tolerance 1.00e-04)
Best objective 4.533120000000e+02, best bound 4.533120000000e+02, gap 0.0000%

User-callback calls 239302, time in user-callback 1.06 sec
