
Gurobi 12.0.3 (linux64) logging started Thu Sep 17 21:52:50 2026

Set parameter LogFile to value "/home/nc437/ladder-lite/review_witness_columns_20260917/results/c2_k08/control/391810_r0/gurobi.log"
Set parameter OutputFlag to value 1
Set parameter TimeLimit to value 3600
Set parameter MIPGap to value 0.0001
Set parameter Threads to value 8
Set parameter TimeLimit to value 1800
Gurobi Optimizer version 12.0.3 build v12.0.3rc0 (linux64 - "Ubuntu 24.04.4 LTS")

CPU model: Intel(R) Xeon(R) Gold 6348 CPU @ 2.60GHz, instruction set [SSE2|AVX|AVX2|AVX512]
Thread count: 56 physical cores, 56 logical processors, using up to 8 threads

Non-default parameters:
TimeLimit  1800
Threads  8

Optimize a model with 173 rows, 20800 columns and 467796 nonzeros
Model fingerprint: 0x63ce8f71
Variable types: 0 continuous, 20800 integer (20800 binary)
Coefficient statistics:
  Matrix range     [1e+00, 1e+00]
  Objective range  [1e+00, 1e+00]
  Bounds range     [1e+00, 1e+00]
  RHS range        [1e+00, 1e+00]

Loaded user MIP start with objective 46

Presolve removed 0 rows and 1129 columns
Presolve time: 0.41s
Presolved: 173 rows, 19671 columns, 445155 nonzeros
Found heuristic solution: objective 41.0000000
Variable types: 0 continuous, 19671 integer (19671 binary)
Found heuristic solution: objective 39.0000000

Root relaxation: objective 8.000000e+00, 963 iterations, 0.29 seconds (0.70 work units)

    Nodes    |    Current Node    |     Objective Bounds      |     Work
 Expl Unexpl |  Obj  Depth IntInf | Incumbent    BestBd   Gap | It/Node Time

     0     0    8.00000    0   74   39.00000    8.00000  79.5%     -    2s
H    0     0                      20.0000000    8.00000  60.0%     -    2s
H    0     0                      16.0000000    8.00000  50.0%     -    2s
H    0     0                      15.0000000    8.00000  46.7%     -    2s
H    0     0                      11.0000000    8.00000  27.3%     -    2s
H    0     0                      10.0000000    8.00000  20.0%     -    3s
     0     0    8.00000    0   67   10.00000    8.00000  20.0%     -    5s
     0     0    8.00000    0   61   10.00000    8.00000  20.0%     -   11s
     0     0    8.00000    0   54   10.00000    8.00000  20.0%     -   12s
     0     0    8.00000    0   52   10.00000    8.00000  20.0%     -   14s
     0     0    8.00000    0   50   10.00000    8.00000  20.0%     -   14s
     0     0    8.00000    0   60   10.00000    8.00000  20.0%     -   15s
     0     0    8.00000    0   60   10.00000    8.00000  20.0%     -   16s
     0     2    8.00000    0   60   10.00000    8.00000  20.0%     -   17s
   123   204    8.00000   18   76   10.00000    8.00000  20.0%   661   20s
H  328   343                       9.0000000    8.00000  11.1%   658   22s
   345   166    8.00000   22   66    9.00000    8.00000  11.1%   626   26s
   348   168    8.00000    4   51    9.00000    8.00000  11.1%   621   30s
   359   176    8.00000    4   41    9.00000    8.00000  11.1%   602   35s
   518   183    8.00000   22   88    9.00000    8.00000  11.1%   226   42s
   570   170 infeasible   24         9.00000    8.00000  11.1%   242   45s
   851    79 infeasible   41         9.00000    8.00000  11.1%   279   51s
  1346   128 infeasible   46         9.00000    8.00000  11.1%   320   55s
  1755   157 infeasible   71         9.00000    8.00000  11.1%   334   60s
  2009   244    8.00000   78   76    9.00000    8.00000  11.1%   346   65s
  2386   301    8.00000  105   74    9.00000    8.00000  11.1%   357   70s
  2585   302 infeasible  121         9.00000    8.00000  11.1%   357   76s
  3291   553    8.00000  163   67    9.00000    8.00000  11.1%   360   83s
  4093   672 infeasible  210         9.00000    8.00000  11.1%   367   86s
  4571   656    8.00000  248   96    9.00000    8.00000  11.1%   370   94s
  4643   694 infeasible  249         9.00000    8.00000  11.1%   374   97s
  4739   753    8.00000  250  101    9.00000    8.00000  11.1%   372  101s
  4960   918    8.00000  268   98    9.00000    8.00000  11.1%   374  105s
  5491   932    8.00000  283   89    9.00000    8.00000  11.1%   372  110s
  6166  1213    8.00000  313   73    9.00000    8.00000  11.1%   371  117s
  6703  1524    8.00000  350   95    9.00000    8.00000  11.1%   367  120s
  7348  1498    8.00000  401   94    9.00000    8.00000  11.1%   361  128s
  7402  1527    8.00000  402   67    9.00000    8.00000  11.1%   363  132s
  7879  1481    8.00000  446   85    9.00000    8.00000  11.1%   364  135s
  8449  1409    8.00000   39   82    9.00000    8.00000  11.1%   371  142s
  8575  1627    8.00000   47   81    9.00000    8.00000  11.1%   375  145s
  9972  1737    8.00000  174   80    9.00000    8.00000  11.1%   370  156s
 10087  1705 infeasible  174         9.00000    8.00000  11.1%   374  161s
 10762  1469 infeasible  182         9.00000    8.00000  11.1%   379  166s
 11144  1448 infeasible   37         9.00000    8.00000  11.1%   389  173s
 11279  1882 infeasible   44         9.00000    8.00000  11.1%   391  179s
 12197  1842    8.00000  136   79    9.00000    8.00000  11.1%   381  184s
 13160  1707    8.00000   31   94    9.00000    8.00000  11.1%   382  192s
 13593  1726    8.00000   53   81    9.00000    8.00000  11.1%   389  198s
 13666  2013    8.00000   59   81    9.00000    8.00000  11.1%   389  204s
 14303  1899    8.00000  127   80    9.00000    8.00000  11.1%   383  213s
 14469  1821    8.00000  128   80    9.00000    8.00000  11.1%   387  220s
 15987  1689 infeasible   48         9.00000    8.00000  11.1%   389  226s
 16461  1887    8.00000   35   83    9.00000    8.00000  11.1%   396  232s
 16896  2165 infeasible  220         9.00000    8.00000  11.1%   393  241s
 18456  2040    8.00000  159   93    9.00000    8.00000  11.1%   389  246s
 18693  2274    8.00000  160   94    9.00000    8.00000  11.1%   394  251s
 19730  2530    8.00000  259   93    9.00000    8.00000  11.1%   393  256s
 20684  2556 infeasible  338         9.00000    8.00000  11.1%   390  264s
 20720  3142    8.00000  345   93    9.00000    8.00000  11.1%   391  269s
 21974  3069 infeasible   72         9.00000    8.00000  11.1%   383  273s
 22863  2843 infeasible   38         9.00000    8.00000  11.1%   386  280s
 23878  2592 infeasible   44         9.00000    8.00000  11.1%   393  288s
 24260  2901    8.00000   55   67    9.00000    8.00000  11.1%   398  292s
 25181  2961    8.00000  212   66    9.00000    8.00000  11.1%   396  298s
 25425  3339    8.00000  220   64    9.00000    8.00000  11.1%   396  302s
 26481  3646 infeasible   44         9.00000    8.00000  11.1%   391  307s
 27116  3585 infeasible  132         9.00000    8.00000  11.1%   389  313s
 27197  4265 infeasible  133         9.00000    8.00000  11.1%   391  318s
 28567  3942    8.00000  369   68    9.00000    8.00000  11.1%   384  325s
 28912  3597    8.00000  372   66    9.00000    8.00000  11.1%   388  330s
 29495  3027 infeasible  404         9.00000    8.00000  11.1%   393  335s
 30099  2893    8.00000   59   66    9.00000    8.00000  11.1%   400  343s
 30379  3186    8.00000   74   72    9.00000    8.00000  11.1%   401  348s
 31322  3688    8.00000   66   78    9.00000    8.00000  11.1%   398  389s
 32348  3645    8.00000  201   74    9.00000    8.00000  11.1%   392  395s
 32539  3327    8.00000  208   77    9.00000    8.00000  11.1%   392  403s
 34364  2940 infeasible  118         9.00000    8.00000  11.1%   392  409s
 35267  2961 infeasible   43         9.00000    8.00000  11.1%   397  416s
 35870  3493    8.00000  108   77    9.00000    8.00000  11.1%   398  423s
 37814  3278 infeasible  104         9.00000    8.00000  11.1%   390  428s
 38187  3160 infeasible  100         9.00000    8.00000  11.1%   392  434s
 38651  3269    8.00000  247   68    9.00000    8.00000  11.1%   393  440s
 39954  3093 infeasible  130         9.00000    8.00000  11.1%   391  445s
 40270  3442 infeasible   94         9.00000    8.00000  11.1%   392  451s
 41700  3066 infeasible   77         9.00000    8.00000  11.1%   389  456s
 42754  2903 infeasible   63         9.00000    8.00000  11.1%   390  461s
 43687  2752 infeasible   79         9.00000    8.00000  11.1%   391  466s
 44022  2836    8.00000  149   73    9.00000    8.00000  11.1%   393  472s
 44740  2663 infeasible   87         9.00000    8.00000  11.1%   391  477s
 45465  2542 infeasible   93         9.00000    8.00000  11.1%   392  483s
 45692  2905    8.00000   60   73    9.00000    8.00000  11.1%   393  488s
 46927  2813    8.00000  224   76    9.00000    8.00000  11.1%   391  496s
 48517  2622 infeasible  395         9.00000    8.00000  11.1%   391  502s
 48830  3049    8.00000   52   75    9.00000    8.00000  11.1%   393  507s
 50662  2747 infeasible   41         9.00000    8.00000  11.1%   388  512s
 51796  2471    8.00000   40   71    9.00000    8.00000  11.1%   389  517s
 52164  2566    8.00000   47   70    9.00000    8.00000  11.1%   390  521s
 53117  2572    8.00000  123   64    9.00000    8.00000  11.1%   391  526s
 53127  2583    8.00000  124   67    9.00000    8.00000  11.1%   391  531s
 53138  2595    8.00000  125   68    9.00000    8.00000  11.1%   391  537s
 53230  3215    8.00000  132   62    9.00000    8.00000  11.1%   391  542s
 54626  3520    8.00000  131   78    9.00000    8.00000  11.1%   387  546s
 55700  3371 infeasible  266         9.00000    8.00000  11.1%   386  553s
 55947  3174 infeasible  280         9.00000    8.00000  11.1%   388  558s
 56802  2929 infeasible  245         9.00000    8.00000  11.1%   389  564s
 57351  2943    8.00000   58   62    9.00000    8.00000  11.1%   391  570s
 57799  3228 infeasible  107         9.00000    8.00000  11.1%   391  575s
 58861  3659    8.00000  289   62    9.00000    8.00000  11.1%   389  580s
 59906  3633    8.00000   71   69    9.00000    8.00000  11.1%   386  585s
 60100  4188    8.00000   80   69    9.00000    8.00000  11.1%   387  591s
 61825  3452 infeasible  112         9.00000    8.00000  11.1%   383  599s
 62761  2792 infeasible  132         9.00000    8.00000  11.1%   387  606s
 63541  3066    8.00000   85   52    9.00000    8.00000  11.1%   391  614s
 65815  2805    8.00000  432   55    9.00000    8.00000  11.1%   386  619s
 66181  2399    8.00000  439   59    9.00000    8.00000  11.1%   385  625s
 67553  2557 infeasible   97         9.00000    8.00000  11.1%   386  631s
 68336  3190    8.00000   70   86    9.00000    8.00000  11.1%   385  637s
 70089  2937    8.00000  169   75    9.00000    8.00000  11.1%   382  652s
 70424  2766    8.00000  174   76    9.00000    8.00000  11.1%   383  659s
 71896  2595 infeasible  459         9.00000    8.00000  11.1%   382  664s
 72897  2569 infeasible   62         9.00000    8.00000  11.1%   383  670s
 73091  3201 infeasible   73         9.00000    8.00000  11.1%   383  676s
 74273  3909    8.00000   81   80    9.00000    8.00000  11.1%   380  681s
 76311  3023 infeasible  215         9.00000    8.00000  11.1%   376  689s
 76713  3023    8.00000  469   79    9.00000    8.00000  11.1%   377  690s
 77444  2364 infeasible  254         9.00000    8.00000  11.1%   379  696s
 78151  2330 infeasible   71         9.00000    8.00000  11.1%   381  704s
 78372  2875    8.00000   53   75    9.00000    8.00000  11.1%   381  713s
 80442  3570    8.00000  129   89    9.00000    8.00000  11.1%   378  721s
 82181  3696    8.00000  362   88    9.00000    8.00000  11.1%   375  727s
 82359  4720    8.00000  374   91    9.00000    8.00000  11.1%   375  734s
 84309  5396    8.00000  103   88    9.00000    8.00000  11.1%   372  741s
 86249  5593    8.00000  187   69    9.00000    8.00000  11.1%   370  747s
 87994  5124    8.00000   69   65    9.00000    8.00000  11.1%   369  752s
 89349  4352 infeasible  277         9.00000    8.00000  11.1%   370  758s
 90347  3738 infeasible  253         9.00000    8.00000  11.1%   372  763s
 91267  3226 infeasible  350         9.00000    8.00000  11.1%   374  769s
 91835  3063 infeasible  139         9.00000    8.00000  11.1%   376  774s
 92018  3201 infeasible  101         9.00000    8.00000  11.1%   377  781s
 92244  3508 infeasible  102         9.00000    8.00000  11.1%   376  787s
 93857  3044 infeasible  221         9.00000    8.00000  11.1%   374  805s
 94459  2499    8.00000  226   78    9.00000    8.00000  11.1%   376  825s
 99636  2111 infeasible  110         9.00000    8.00000  11.1%   372  831s
 100092  1917 infeasible  225         9.00000    8.00000  11.1%   373  836s
 100786  3065    8.00000   46   95    9.00000    8.00000  11.1%   373  843s
 103262  4338    8.00000   63   62    9.00000    8.00000  11.1%   369  848s
 105749  4276    8.00000   67   64    9.00000    8.00000  11.1%   365  852s
 106319  5295    8.00000   72   74    9.00000    8.00000  11.1%   365  857s
 108700  4533 infeasible  283         9.00000    8.00000  11.1%   361  867s
 110496  3851 infeasible   75         9.00000    8.00000  11.1%   363  873s
 111236  3027    8.00000   84   71    9.00000    8.00000  11.1%   364  885s
 112294  3433 infeasible  129         9.00000    8.00000  11.1%   367  893s
 114548  2722 infeasible   37         9.00000    8.00000  11.1%   365  900s
 115705  3553 infeasible  166         9.00000    8.00000  11.1%   366  908s
 118242  3452 infeasible  426         9.00000    8.00000  11.1%   364  915s
 120547  2435 infeasible  518         9.00000    8.00000  11.1%   363  921s
 121600  1956 infeasible  507         9.00000    8.00000  11.1%   365  927s
 122089  1896 infeasible  514         9.00000    8.00000  11.1%   366  934s
 122305  2768    8.00000  119   79    9.00000    8.00000  11.1%   366  942s
 125225  2590 infeasible  488         9.00000    8.00000  11.1%   363  948s
 126213  3497    8.00000  117   79    9.00000    8.00000  11.1%   363  955s
 128828  2955 infeasible  126         9.00000    8.00000  11.1%   361  960s
 129768  2584 infeasible  128         9.00000    8.00000  11.1%   362  966s
 130795  2598 infeasible  228         9.00000    8.00000  11.1%   363  972s
 132445  2494    8.00000  118   76    9.00000    8.00000  11.1%   363  983s
 133513  4611    8.00000  126   72    9.00000    8.00000  11.1%   363  997s
 139317  4196 infeasible  320         9.00000    8.00000  11.1%   357 1002s
 140542  3855    8.00000  368   79    9.00000    8.00000  11.1%   358 1010s
 141061  4601    8.00000  371   79    9.00000    8.00000  11.1%   359 1015s
 142565  3902    8.00000  643   70    9.00000    8.00000  11.1%   357 1020s
 143996  3321 infeasible  222         9.00000    8.00000  11.1%   358 1026s
 144933  3643 infeasible 1004         9.00000    8.00000  11.1%   359 1031s
 146633  3382    8.00000  672   88    9.00000    8.00000  11.1%   358 1039s
 147012  4301    8.00000  680   87    9.00000    8.00000  11.1%   359 1045s
 149909  3639 infeasible  446         9.00000    8.00000  11.1%   355 1055s
 152063  2950 infeasible  665         9.00000    8.00000  11.1%   357 1061s
 152772  2865    8.00000  175   93    9.00000    8.00000  11.1%   358 1070s
 153023  3789    8.00000  200   99    9.00000    8.00000  11.1%   358 1080s
 156417  3528 infeasible  300         9.00000    8.00000  11.1%   355 1086s
 157868  4157 infeasible  127         9.00000    8.00000  11.1%   356 1093s
 160505  4607    8.00000  104   79    9.00000    8.00000  11.1%   354 1099s
 161989  4663    8.00000  523   89    9.00000    8.00000  11.1%   353 1105s
 163663  3873    8.00000  257   74    9.00000    8.00000  11.1%   352 1110s
 164927  3440 infeasible  194         9.00000    8.00000  11.1%   353 1116s
 165722  3414    8.00000  250   80    9.00000    8.00000  11.1%   354 1121s
 167578  2839 infeasible  428         9.00000    8.00000  11.1%   354 1131s
 170133  2468 infeasible  254         9.00000    8.00000  11.1%   354 1136s
 170628  2802    8.00000  177   81    9.00000    8.00000  11.1%   354 1143s
 172980  2347    8.00000   52   65    9.00000    8.00000  11.1%   352 1149s
 173451  2689    8.00000   53   70    9.00000    8.00000  11.1%   353 1158s
 174047  2963    8.00000   54   74    9.00000    8.00000  11.1%   353 1166s
 175231  2605    8.00000  481   79    9.00000    8.00000  11.1%   352 1173s
 177023  2519    8.00000   21   72    9.00000    8.00000  11.1%   352 1180s
 178297  3134 infeasible  258         9.00000    8.00000  11.1%   352 1187s
 180734  3011    8.00000  125   66    9.00000    8.00000  11.1%   351 1193s
 181425  2891 infeasible   78         9.00000    8.00000  11.1%   351 1200s
 183407  3323 infeasible  142         9.00000    8.00000  11.1%   351 1207s
 186051  2237 infeasible  434         9.00000    8.00000  11.1%   350 1216s
 187309  2452 infeasible   45         9.00000    8.00000  11.1%   351 1227s
 190918  3187 infeasible   44         9.00000    8.00000  11.1%   349 1232s
 193135  2541    8.00000  160   95    9.00000    8.00000  11.1%   348 1238s
 193881  2283 infeasible  195         9.00000    8.00000  11.1%   349 1243s
 194503  2438 infeasible  233         9.00000    8.00000  11.1%   349 1248s
 195987  3167    8.00000  340   90    9.00000    8.00000  11.1%   349 1254s
 198038  3063 infeasible  500         9.00000    8.00000  11.1%   347 1261s
 198478  2972    8.00000  504   84    9.00000    8.00000  11.1%   347 1267s
 199593  2859    8.00000  600   84    9.00000    8.00000  11.1%   348 1273s
 201118  2723    8.00000  803   73    9.00000    8.00000  11.1%   348 1280s
 201710  2962    8.00000  807   94    9.00000    8.00000  11.1%   348 1286s
 203469  2730 infeasible  389         9.00000    8.00000  11.1%   348 1292s
 204015  3080 infeasible  168         9.00000    8.00000  11.1%   348 1299s
 204659  3636    8.00000  169   82    9.00000    8.00000  11.1%   347 1308s
 206495  3538    8.00000  260   74    9.00000    8.00000  11.1%   346 1315s
 208671  2895 infeasible  768         9.00000    8.00000  11.1%   346 1322s
 209412  3034 infeasible  456         9.00000    8.00000  11.1%   346 1328s
 210093  2592 infeasible   60         9.00000    8.00000  11.1%   346 1335s
 211545  2619 infeasible  200         9.00000    8.00000  11.1%   346 1342s
 213508  2601 infeasible  136         9.00000    8.00000  11.1%   345 1349s
 213964  2883    8.00000  147   73    9.00000    8.00000  11.1%   345 1356s
 215920  3340 infeasible   87         9.00000    8.00000  11.1%   345 1363s
 218039  3248 infeasible  209         9.00000    8.00000  11.1%   344 1370s
 219483  3344    8.00000  119   63    9.00000    8.00000  11.1%   344 1377s
 220573  2616 infeasible  170         9.00000    8.00000  11.1%   344 1386s
 222671  2687 infeasible  111         9.00000    8.00000  11.1%   345 1391s
 224104  2656 infeasible   58         9.00000    8.00000  11.1%   345 1398s
 224227  2647 infeasible  156         9.00000    8.00000  11.1%   345 1404s
 224412  3080 infeasible  196         9.00000    8.00000  11.1%   345 1412s
 226649  2857 infeasible  237         9.00000    8.00000  11.1%   344 1418s
 228084  2769    8.00000  527   75    9.00000    8.00000  11.1%   344 1424s
 228536  3077    8.00000  578   94    9.00000    8.00000  11.1%   344 1431s
 230662  2893    8.00000 1081   85    9.00000    8.00000  11.1%   343 1438s
 231806  2642 infeasible 1335         9.00000    8.00000  11.1%   344 1445s
 233319  3073 infeasible   58         9.00000    8.00000  11.1%   344 1451s
 234634  2155 infeasible  212         9.00000    8.00000  11.1%   343 1458s
 235996  2611 infeasible  426         9.00000    8.00000  11.1%   344 1465s
 238030  4597    8.00000  129   63    9.00000    8.00000  11.1%   343 1474s
 242320  4413    8.00000   45   84    9.00000    8.00000  11.1%   340 1477s
 242580  4951    8.00000   52   91    9.00000    8.00000  11.1%   340 1480s
 244232  5798    8.00000  149   93    9.00000    8.00000  11.1%   340 1489s
 245125  5726    8.00000  151   95    9.00000    8.00000  11.1%   339 1492s
 245359  6581    8.00000  158   99    9.00000    8.00000  11.1%   340 1497s
 247162  7455 infeasible  141         9.00000    8.00000  11.1%   339 1501s
 248982  7247 infeasible  219         9.00000    8.00000  11.1%   338 1505s
 250813  6542 infeasible  242         9.00000    8.00000  11.1%   339 1513s
 251909  6097 infeasible   96         9.00000    8.00000  11.1%   339 1518s
 252364  5894    8.00000   97   79    9.00000    8.00000  11.1%   340 1522s
 252627  5736    8.00000   98   82    9.00000    8.00000  11.1%   340 1527s
 253039  5860    8.00000   99   81    9.00000    8.00000  11.1%   340 1532s
 254481  5367 infeasible  339         9.00000    8.00000  11.1%   340 1537s
 255146  5136    8.00000  349   79    9.00000    8.00000  11.1%   341 1542s
 256645  4697 infeasible  501         9.00000    8.00000  11.1%   341 1547s
 257602  4698 infeasible  169         9.00000    8.00000  11.1%   342 1552s
 259261  4076 infeasible   49         9.00000    8.00000  11.1%   342 1557s
 259973  3998    8.00000  345   73    9.00000    8.00000  11.1%   342 1563s
 261651  3731 infeasible  277         9.00000    8.00000  11.1%   342 1568s
 262818  4128    8.00000  349   78    9.00000    8.00000  11.1%   343 1574s
 265243  3474 infeasible  163         9.00000    8.00000  11.1%   342 1582s
 266479  3356    8.00000   81   74    9.00000    8.00000  11.1%   342 1591s
 269455  2836 infeasible  291         9.00000    8.00000  11.1%   342 1601s
 269995  2899    8.00000  297   85    9.00000    8.00000  11.1%   342 1607s
 270196  3672 infeasible  315         9.00000    8.00000  11.1%   342 1614s
 272561  2955    8.00000   91   78    9.00000    8.00000  11.1%   341 1621s
 273874  2955 infeasible  183         9.00000    8.00000  11.1%   342 1627s
 275702  2871    8.00000  156   93    9.00000    8.00000  11.1%   342 1633s
 277356  2262 infeasible   35         9.00000    8.00000  11.1%   342 1639s
 278397  2383    8.00000  153   67    9.00000    8.00000  11.1%   342 1644s
 280352  2779 infeasible  209         9.00000    8.00000  11.1%   342 1653s
 282096  3060 infeasible 1588         9.00000    8.00000  11.1%   342 1660s
 283749  3066    8.00000  120   68    9.00000    8.00000  11.1%   341 1666s
 283759  3122    8.00000  121   72    9.00000    8.00000  11.1%   341 1672s
 284007  3878    8.00000  122   72    9.00000    8.00000  11.1%   341 1680s
 286353  3514 infeasible  146         9.00000    8.00000  11.1%   340 1685s
 287523  3192 infeasible  323         9.00000    8.00000  11.1%   341 1692s
 289733  3128 infeasible   93         9.00000    8.00000  11.1%   341 1698s
 291479  3870 infeasible  301         9.00000    8.00000  11.1%   341 1703s
 293503  3933 infeasible  426         9.00000    8.00000  11.1%   340 1708s
 294694  5001    8.00000  333   60    9.00000    8.00000  11.1%   341 1714s
 296786  5282    8.00000  549   92    9.00000    8.00000  11.1%   340 1723s
 298987  4929    8.00000  669   73    9.00000    8.00000  11.1%   340 1728s
 299946  4260 infeasible  305         9.00000    8.00000  11.1%   340 1733s
 301379  3951 infeasible  208         9.00000    8.00000  11.1%   341 1739s
 303144  3636 infeasible  245         9.00000    8.00000  11.1%   341 1744s
 304535  3310 infeasible  194         9.00000    8.00000  11.1%   341 1750s
 305943  3120 infeasible  137         9.00000    8.00000  11.1%   341 1755s
 306627  3810 infeasible  278         9.00000    8.00000  11.1%   342 1761s
 308613  3116    8.00000  263   83    9.00000    8.00000  11.1%   341 1767s
 309787  3288 infeasible  341         9.00000    8.00000  11.1%   341 1773s
 312003  4261 infeasible  321         9.00000    8.00000  11.1%   341 1781s
 315168  4110 infeasible  244         9.00000    8.00000  11.1%   340 1785s
 316489  5160    8.00000  268   77    9.00000    8.00000  11.1%   340 1793s
 317007  5528    8.00000  315   77    9.00000    8.00000  11.1%   340 1798s
 317637  5536    8.00000  482   74    9.00000    8.00000  11.1%   339 1800s

Cutting planes:
  Flow cover: 7

Explored 317647 nodes (108073782 simplex iterations) in 1800.03 seconds (5538.00 work units)
Thread count was 8 (of 56 available processors)

Solution count 9: 9 10 11 ... 46

Time limit reached
Best objective 9.000000000000e+00, best bound 8.000000000000e+00, gap 11.1111%

User-callback calls 1054427, time in user-callback 1.70 sec
Set parameter TimeLimit to value 1.7996540777683258e+03
Gurobi Optimizer version 12.0.3 build v12.0.3rc0 (linux64 - "Ubuntu 24.04.4 LTS")

CPU model: Intel(R) Xeon(R) Gold 6348 CPU @ 2.60GHz, instruction set [SSE2|AVX|AVX2|AVX512]
Thread count: 56 physical cores, 56 logical processors, using up to 8 threads

Non-default parameters:
TimeLimit  1.7996540777683258e+03
Threads  8

Optimize a model with 174 rows, 20800 columns and 488596 nonzeros
Model fingerprint: 0x1071de49
Variable types: 0 continuous, 20800 integer (20800 binary)
Coefficient statistics:
  Matrix range     [1e+00, 1e+00]
  Objective range  [1e-11, 1e+02]
  Bounds range     [1e+00, 1e+00]
  RHS range        [1e+00, 9e+00]

Loaded user MIP start with objective 350.28
MIP start from previous solve did not produce a new incumbent solution

Presolve removed 0 rows and 176 columns
Presolve time: 0.44s
Presolved: 174 rows, 20624 columns, 484425 nonzeros
Variable types: 0 continuous, 20624 integer (20624 binary)

Starting sifting (using dual simplex for sub-problems)...

    Iter     Pivots    Primal Obj      Dual Obj        Time
       0          0     infinity     -1.3096724e-10      0s
       1        762   1.0004349e+06   1.0067828e+01      1s
       2       1669   4.8486669e+05   1.8187944e+01      1s
       3       2479   2.9080013e+02   8.4042046e+01      1s
       4       3201   2.2901500e+02   1.5137779e+02      1s
       5       3992   2.1406440e+02   1.9481776e+02      1s
       6       4622   2.1018656e+02   2.0408616e+02      1s

Sifting complete


Root relaxation: objective 2.099772e+02, 5170 iterations, 0.35 seconds (0.66 work units)

    Nodes    |    Current Node    |     Objective Bounds      |     Work
 Expl Unexpl |  Obj  Depth IntInf | Incumbent    BestBd   Gap | It/Node Time

     0     0  209.97719    0  137  350.28000  209.97719  40.1%     -    0s
H    0     0                     345.0720000  209.97719  39.1%     -    1s
     0     0  211.85127    0  145  345.07200  211.85127  38.6%     -    2s
H    0     0                     344.8240000  211.85127  38.6%     -    3s
     0     0  212.14257    0  144  344.82400  212.14257  38.5%     -    4s
     0     0  212.25987    0  149  344.82400  212.25987  38.4%     -    4s
     0     0  212.28191    0  150  344.82400  212.28191  38.4%     -    4s
     0     0  212.32129    0  149  344.82400  212.32129  38.4%     -    4s
     0     0  212.32809    0  153  344.82400  212.32809  38.4%     -    4s
     0     0  212.77727    0  154  344.82400  212.77727  38.3%     -    5s
     0     0  212.99729    0  150  344.82400  212.99729  38.2%     -    6s
     0     0  213.15313    0  156  344.82400  213.15313  38.2%     -    6s
     0     0  213.16216    0  154  344.82400  213.16216  38.2%     -    6s
     0     0  213.25303    0  150  344.82400  213.25303  38.2%     -    7s
     0     0  213.28948    0  154  344.82400  213.28948  38.1%     -    7s
     0     0  213.42481    0  155  344.82400  213.42481  38.1%     -    7s
     0     0  213.45029    0  159  344.82400  213.45029  38.1%     -    8s
     0     0  213.45246    0  159  344.82400  213.45246  38.1%     -    9s
     0     2  213.59074    0  159  344.82400  213.59074  38.1%     -   14s
     1     4  213.59074    1  160  344.82400  213.59074  38.1%  95.0   15s
H   56    58                     344.5760000  213.62298  38.0%   161   17s
   129   138  214.47678   16  156  344.57600  213.62298  38.0%   102   20s
H  131   138                     307.2960000  213.62298  30.5%   100   20s
H  249   270                     307.0480000  213.62298  30.4%  83.8   21s
H  254   270                     306.0560000  213.62298  30.2%  83.5   21s
   533   556  214.99836   53  152  306.05600  213.62298  30.2%  67.7   25s
   726   738  215.18394   68  153  306.05600  213.62298  30.2%  63.5   30s
H  796   800                     305.3120000  213.62298  30.0%  61.9   31s
  1832  1937  216.58384  157  146  305.31200  213.62298  30.0%  49.2   35s
  2092  2137  216.83705  173  144  305.31200  213.62298  30.0%  47.6   40s
  2614  2835  217.44022  240  152  305.31200  213.62298  30.0%  44.9   45s
  4356  4672  218.57894  349  149  305.31200  213.62298  30.0%  38.7   50s
  5739  6196  219.36220  419  145  305.31200  213.62298  30.0%  35.7   55s
  7574  7567  223.71196  189  159  305.31200  213.62298  30.0%  32.4   61s
  7576  7568  234.60753  609  137  305.31200  213.62298  30.0%  32.4   68s
  7577  7569  288.75135 1102  142  305.31200  213.62298  30.0%  32.4   73s
  7582  7572  295.46075 1399  156  305.31200  213.62298  30.0%  32.4   75s
  7587  7576  250.71956  966  153  305.31200  214.16226  29.9%  32.4   80s
  7597  7583  242.43722  553  137  305.31200  214.32708  29.8%  33.3   89s
  7598  7584  293.54847 1324  142  305.31200  214.35762  29.8%  33.3   95s
  7611  7593  219.27824  407  172  305.31200  214.35762  29.8%  33.3  100s
  7616  7596  241.95152  871  176  305.31200  214.43963  29.8%  33.2  107s
  7623  7610  214.47351   23  173  305.31200  214.47351  29.8%  34.6  110s
  7688  7652  214.92435   29  160  305.31200  214.52525  29.7%  36.5  116s
  7757  7679  220.65829   33  133  305.31200  214.52525  29.7%  38.8  120s
  7823  7705  215.17404   36  158  305.31200  214.52525  29.7%  40.7  125s
  7900  7728  215.31866   40  157  305.31200  214.52525  29.7%  43.4  130s
  7989  7746  225.14818   42  115  305.31200  214.52525  29.7%  45.1  135s
  8020  7764  215.48655   44  155  305.31200  214.52525  29.7%  45.9  141s
  8067  7784  215.54137   46  157  305.31200  214.52525  29.7%  47.2  145s
  8182  7822  215.60427   50  159  305.31200  214.52525  29.7%  49.5  151s
  8341  7867  215.65608   54  159  305.31200  214.52525  29.7%  52.4  156s
  8435  7873  232.93625   56  111  305.31200  214.52525  29.7%  54.0  161s
  8576  7927  216.15648   61  150  305.31200  214.52525  29.7%  56.2  166s
  8684  7958  216.23927   65  145  305.31200  214.55221  29.7%  57.9  170s
  8808  8053  216.30511   70  153  305.31200  214.55221  29.7%  60.8  175s
  8915  8130  216.45788   74  151  305.31200  214.55221  29.7%  63.2  180s
  8971  8135  216.47678   76  156  305.31200  214.55221  29.7%  64.3  248s
  8995  8158  223.60244   77  117  305.31200  214.55221  29.7%  64.9  251s
H 9006  7774                     301.8400000  214.55221  28.9%  65.2  251s
H 9103  7512                     301.3440000  214.55221  28.8%  67.0  257s
  9159  7578  216.65875   83  152  301.34400  214.55221  28.8%  68.0  260s
  9316  7633  216.76326   88  154  301.34400  214.55221  28.8%  71.4  267s
H 9339  7283                     297.1280000  214.55221  27.8%  72.0  267s
  9351  7387  227.80303   88  101  297.12800  214.55221  27.8%  72.3  270s
  9567  7544  216.85793   94  158  297.12800  214.55221  27.8%  75.8  276s
  9688  7640  226.56726   96  122  297.12800  214.55221  27.8%  77.5  280s
  9969  7795  217.02213  102  152  297.12800  214.55221  27.8%  80.9  288s
 10073  7911  217.14639  105  153  297.12800  214.55221  27.8%  81.7  291s
 10224  8021  223.80383  108  121  297.12800  214.55221  27.8%  83.4  295s
 10547  8254  217.34678  116  154  297.12800  214.55221  27.8%  87.3  303s
 10725  8397  217.36489  120  154  297.12800  214.55221  27.8%  89.0  307s
 10929  8365  217.42043  125  153  297.12800  214.55221  27.8%  90.9  314s
H10936  8036                     295.3920000  214.55221  27.4%  90.9  314s
 10965  8238  225.16178  125  104  295.39200  214.55221  27.4%  90.8  318s
 11177  8360  217.59920  130  161  295.39200  214.55221  27.4%  92.8  322s
H11214  8039                     295.1440000  214.55221  27.3%  93.6  322s
 11370  8215  217.66984  134  157  295.14400  214.55221  27.3%  94.4  327s
 11599  8383  217.72034  139  156  295.14400  214.55221  27.3%  96.3  331s
 11846  8560  217.78742  144  155  295.14400  214.55221  27.3%  98.2  336s
 12106  8736  217.88025  150  155  295.14400  214.55221  27.3%   100  341s
 12372  8905  218.01077  156  155  295.14400  214.55221  27.3%   102  347s
 12630  9110  218.18952  162  156  295.14400  214.55221  27.3%   104  352s
 12925  9325  218.28916  168  159  295.14400  214.55221  27.3%   106  358s
 13242  9519  230.83329  174  109  295.14400  214.55221  27.3%   108  364s
H13545  9369                     294.6480000  214.55221  27.2%   109  372s
 13792  9628  218.58438  182  156  294.64800  214.55221  27.2%   110  378s
 14141  9884  218.66654  188  155  294.64800  214.55221  27.2%   112  384s
 14527 10143  218.73803  196  151  294.64800  214.55221  27.2%   114  391s
 14920 10483  218.79937  204  154  294.64800  214.55221  27.2%   115  400s
 15407 10673  218.98491  214  156  294.64800  214.55221  27.2%   118  406s
 15772 10624  219.02252  219  156  294.64800  214.55221  27.2%   118  414s
 15846 10862  219.12267  224  155  294.64800  214.55221  27.2%   119  422s
 16119 11194  219.24901  232  153  294.64800  214.55221  27.2%   120  429s
 16558 11478  219.32168  240  157  294.64800  214.55221  27.2%   121  436s
 17023 11786  219.38929  248  161  294.64800  214.55221  27.2%   122  442s
 17510 12091  219.48779  256  153  294.64800  214.55221  27.2%   123  448s
 18005 12381  219.61718  264  153  294.64800  214.55221  27.2%   124  455s
 18528 12489  219.66433  272  149  294.64800  214.55221  27.2%   125  461s
 18873 12743  219.82588  281  154  294.64800  214.55221  27.2%   127  468s
 19287 12979  219.88082  289  153  294.64800  214.55221  27.2%   129  476s
 19699 13306  219.99150  298  151  294.64800  214.55221  27.2%   131  483s
 20214 13601  220.10258  307  149  294.64800  214.55221  27.2%   133  491s
 20739 13947  230.89364  317   99  294.64800  214.55221  27.2%   134  501s
 21332 14050  220.26689  327  149  294.64800  214.55221  27.2%   136  512s
 21699 14563  236.80350  327  121  294.64800  214.55221  27.2%   136  521s
 22453 14995  220.60677  339  149  294.64800  214.55221  27.2%   137  531s
 23288 15319  220.81089  352  154  294.64800  214.55221  27.2%   138  541s
 24043 15349  220.99344  363  152  294.64800  214.55221  27.2%   139  551s
 24507 15864  221.12863  373  154  294.64800  214.55221  27.2%   140  563s
 25568 16291  221.29218  385  154  294.64800  214.55221  27.2%   141  575s
 26668 16877  240.86653  396  101  294.64800  214.55221  27.2%   141  587s
 28081 16904  221.55720  411  150  294.64800  214.55221  27.2%   139  601s
 28108 17017  231.64928  411  118  294.64800  214.55221  27.2%   139  617s
 28330 18090  221.62181  416  150  294.64800  215.19638  27.0%   139  629s
 29443 18091  256.79965  185  159  294.64800  215.19638  27.0%   138  706s
 29445 18092  259.69398 3248  138  294.64800  215.19638  27.0%   138  712s
 29446 18093  237.70724   72  137  294.64800  215.19638  27.0%   138  719s
 29449 18095  246.91734  217  144  294.64800  215.19638  27.0%   138  720s
 29458 18101  245.61656  115  158  294.64800  215.19638  27.0%   138  729s
 29459 18102  259.56069 3228  158  294.64800  215.19638  27.0%   138  733s
 29460 18102  269.18804  607  168  294.64800  215.19638  27.0%   138  736s
 29461 18103  227.56066  106  166  294.64800  215.19638  27.0%   138  740s
 29466 18106  269.81257 2804  173  294.64800  215.19638  27.0%   138  745s
 29468 18108  282.23928  754  173  294.64800  215.19638  27.0%   138  757s
 29475 18121  215.23089   38  165  294.64800  215.19638  27.0%   138  760s
 29511 18145  215.64261   41  171  294.64800  215.19638  27.0%   138  765s
 29543 18167  216.17055   43  162  294.64800  215.19638  27.0%   138  770s
 29587 18202  224.06449   45  126  294.64800  215.19638  27.0%   139  777s
 29628 18230  216.72594   47  160  294.64800  215.19638  27.0%   139  780s
 29715 18277  217.03414   50  169  294.64800  215.19638  27.0%   140  786s
 29734 18290  217.15070   52  166  294.64800  215.19638  27.0%   140  791s
 29771 18315  227.80037   53  144  294.64800  215.19638  27.0%   140  795s
 29800 18337  217.46693   55  159  294.64800  215.19638  27.0%   141  801s
 29825 18356  217.58567   56  157  294.64800  215.19638  27.0%   141  807s
 29873 18376  226.00476   57  134  294.64800  215.19638  27.0%   141  810s
 29905 18406  226.81982   58  155  294.64800  215.19638  27.0%   141  815s
 29998 18477  218.05239   62  166  294.64800  215.19638  27.0%   142  821s
 30069 18515  218.19959   65  165  294.64800  215.19638  27.0%   143  825s
 30191 18579  229.55478   70  131  294.64800  215.19638  27.0%   143  831s
 30273 18625  225.19559   73  137  294.64800  215.19638  27.0%   144  836s
 30360 18699  218.72756   77  162  294.64800  215.19638  27.0%   145  841s
 30464 18760  218.87080   81  167  294.64800  215.19638  27.0%   145  846s
 30572 18827  219.01841   85  172  294.64800  215.19638  27.0%   146  852s
 30640 18852  219.11963   88  172  294.64800  215.19638  27.0%   146  855s
 30760 18921  219.31721   92  169  294.64800  215.19638  27.0%   147  862s
 30805 18979  219.36311   94  167  294.64800  215.19638  27.0%   147  865s
 30884 18979  219.44813   97  170  294.64800  215.19638  27.0%   148  872s
 30912 18984  226.57932   98  142  294.64800  215.19638  27.0%   148  878s
 30929 19027  228.74161   99  133  294.64800  215.19638  27.0%   148  882s
 30978 19086  219.54490  101  171  294.64800  215.19638  27.0%   149  886s
 31154 19211  220.05339  108  171  294.64800  215.19638  27.0%   150  893s
 31255 19256  220.16605  112  169  294.64800  215.19638  27.0%   150  897s
 31346 19310  220.32258  115  169  294.64800  215.19638  27.0%   151  902s
 31444 19367  220.46541  119  164  294.64800  215.19638  27.0%   152  906s
 31550 19426  220.61341  124  164  294.64800  215.19638  27.0%   152  911s
 31655 19492  220.80260  128  161  294.64800  215.19638  27.0%   153  915s
 31772 19558  221.00554  133  171  294.64800  215.19638  27.0%   154  921s
 31886 19620  221.39381  138  161  294.64800  215.19638  27.0%   154  926s
 31999 19589  231.81737  143  116  294.64800  215.19638  27.0%   155  934s
 32008 19606  221.49008  144  159  294.64800  215.19638  27.0%   155  945s
 32028 19649  232.62449  147  115  294.64800  215.19638  27.0%   155  953s
 32078 19713  221.61157  150  162  294.64800  215.19638  27.0%   155  959s
 32160 19801  221.74865  156  164  294.64800  215.19638  27.0%   156  965s
 32292 19873  221.81714  162  167  294.64800  215.19638  27.0%   157  971s
 32433 19926  221.91522  169  163  294.64800  215.19638  27.0%   158  979s
 32541 19985  222.02614  174  164  294.64800  215.19638  27.0%   158  987s
 32661 20078  226.68160  180  133  294.64800  215.19638  27.0%   159  994s
 32837 20170  222.33071  186  162  294.64800  215.19638  27.0%   160 1001s
 33039 20263  222.47069  193  165  294.64800  215.19638  27.0%   161 1009s
 33247 20357  222.64898  199  164  294.64800  215.19638  27.0%   162 1017s
 33471 20454  222.77406  206  163  294.64800  215.19638  27.0%   163 1025s
 33697 20547  222.93222  214  164  294.64800  215.19638  27.0%   164 1034s
 33925 20648  223.09074  221  160  294.64800  215.19638  27.0%   165 1043s
 34167 20737  223.23526  229  162  294.64800  215.19638  27.0%   166 1053s
 34411 20841  241.77890  237  118  294.64800  215.19638  27.0%   167 1062s
 34722 20872  223.62718  247  164  294.64800  215.19638  27.0%   168 1073s
 34988 20982  223.70120  252  169  294.64800  215.19638  27.0%   168 1083s
 35324 21100  223.82561  261  167  294.64800  215.19638  27.0%   169 1093s
 35707 21206  238.54128  271  117  294.64800  215.19638  27.0%   170 1104s
 36104 21321  224.13678  283  158  294.64800  215.19638  27.0%   171 1115s
 36525 21438  224.29219  296  157  294.64800  215.19638  27.0%   172 1126s
 36975 21587  224.41452  309  161  294.64800  215.19638  27.0%   173 1138s
 37432 21754  224.53596  323  159  294.64800  215.19638  27.0%   173 1151s
 37768 22141  224.62869  333  159  294.64800  215.19638  27.0%   174 1163s
 38288 22495  224.76901  346  165  294.64800  215.19638  27.0%   175 1176s
 38849 22590  224.88303  360  163  294.64800  215.19638  27.0%   175 1195s
 39133 23027  224.95646  374  160  294.64800  215.19638  27.0%   176 1209s
 39701 23364  225.08067  390  161  294.64800  215.19638  27.0%   176 1225s
 40256 23765  225.24590  406  165  294.64800  215.19638  27.0%   177 1241s
 40882 24237  225.40233  422  160  294.64800  215.19638  27.0%   178 1257s
 41630 24664  225.69784  441  158  294.64800  215.19638  27.0%   179 1274s
 42379 25145  225.96508  458  161  294.64800  215.19638  27.0%   179 1291s
 43201 25471  226.17130  478  163  294.64800  215.19638  27.0%   180 1310s
 43842 25747  226.47611  500  165  294.64800  215.19638  27.0%   181 1333s
 44387 26437  226.75501  522  161  294.64800  215.19638  27.0%   180 1355s
 45439 26715  226.94871  548  165  294.64800  215.19638  27.0%   181 1367s
 46171 27127  227.10083  559  161  294.64800  215.19638  27.0%   181 1380s
 47018 27303  227.23726  572  164  294.64800  215.19638  27.0%   181 1393s
 47601 27776  234.21993  585  159  294.64800  215.19638  27.0%   181 1407s
 48442 28176  227.68216  601  160  294.64800  215.19638  27.0%   181 1421s
 49390 28424  227.82443  617  159  294.64800  215.19638  27.0%   181 1436s
 50278 28516  228.18600  636  161  294.64800  215.19638  27.0%   181 1450s
 51028 28920  228.40272  650  160  294.64800  215.19638  27.0%   180 1464s
 52110 29634  228.71138  667  157  294.64800  215.44025  26.9%   179 1479s
 53188 30329  228.93953  683  156  294.64800  215.44025  26.9%   178 1491s
 54277 31062  229.16020  701  157  294.64800  215.44025  26.9%   177 1503s
 55377 31526  229.38221  716  154  294.64800  215.44025  26.9%   176 1515s
 56211 32779  229.57693  726  159  294.64800  215.44025  26.9%   175 1529s
 57750 33285  229.81382  743  160  294.64800  215.44025  26.9%   173 1539s
 58795 33773  230.13000  760  159  294.64800  218.31605  25.9%   172 1550s
 59638 35353  230.62234  775  153  294.64800  218.31605  25.9%   171 1572s
 61522 35255  231.24456  803  151  294.64800  218.31605  25.9%   170 1581s
 62064 35982  245.81200  815  119  294.64800  218.31605  25.9%   170 1593s
 62991 36430  231.78369  829  157  294.64800  218.31605  25.9%   169 1603s
 63757 37339  232.01994  844  153  294.64800  218.31605  25.9%   169 1615s
 64954 37951  232.42849  860  155  294.64800  218.31605  25.9%   167 1625s
 66002 38679  232.66537  875  152  294.64800  218.98031  25.7%   166 1635s
 67124 38703  232.87677  889  152  294.64800  218.98031  25.7%   165 1642s
 67541 39306  232.93079  896  151  294.64800  218.98031  25.7%   165 1651s
 68316 39968  233.12124  907  157  294.64800  218.98031  25.7%   164 1660s
 69272 40662  233.25155  920  153  294.64800  218.98031  25.7%   164 1670s
 70322 41489  233.60430  932  154  294.64800  218.98031  25.7%   163 1681s
 71586 41637  233.75282  946  154  294.64800  218.98031  25.7%   161 1688s
 72204 42088  233.96044  957  153  294.64800  218.98031  25.7%   161 1696s
 72934 42494  234.13044  970  153  294.64800  218.98031  25.7%   161 1703s
 73657 42974  234.37212  982  157  294.64800  218.98031  25.7%   161 1711s
 74472 44565  234.54932  995  155  294.64800  218.98031  25.7%   161 1730s
 76625 43980  234.97377 1021  154  294.64800  218.98031  25.7%   159 1739s
 76838 44318  245.85523 1027  153  294.64800  218.98031  25.7%   159 1751s
 77267 44698  235.26483 1039  152  294.64800  218.98031  25.7%   159 1760s
 77852 45434  235.42459 1052  154  294.64800  218.98031  25.7%   159 1769s
 78988 46061  235.61568 1066  152  294.64800  218.98031  25.7%   158 1778s
 80186 46707  235.83326 1079  152  294.64800  218.98031  25.7%   157 1788s
 81443 47714  236.00719 1090  153  294.64800  218.98031  25.7%   156 1798s

Cutting planes:
  MIR: 13
  Flow cover: 41

Explored 83429 nodes (12857642 simplex iterations) in 1799.68 seconds (6656.57 work units)
Thread count was 8 (of 56 available processors)

Solution count 10: 294.648 295.144 295.392 ... 307.296

Time limit reached
Best objective 2.946480000000e+02, best bound 2.189803120503e+02, gap 25.6807%

User-callback calls 477431, time in user-callback 1.02 sec
