
Gurobi 12.0.3 (linux64) logging started Fri Sep 18 11:26:56 2026

Set parameter LogFile to value "/home/nc437/ladder-lite/review_fresh_k15_longmip_20260917/results/c3_k15__heur/gurobi.log"
Set parameter OutputFlag to value 1
Set parameter TimeLimit to value 45000
Set parameter MIPGap to value 0.0001
Set parameter Threads to value 8
Set parameter Seed to value 0
Set parameter TimeLimit to value 43200
Gurobi Optimizer version 12.0.3 build v12.0.3rc0 (linux64 - "Ubuntu 24.04.4 LTS")

CPU model: Intel(R) Xeon(R) Gold 6348 CPU @ 2.60GHz, instruction set [SSE2|AVX|AVX2|AVX512]
Thread count: 56 physical cores, 56 logical processors, using up to 8 threads

Non-default parameters:
TimeLimit  43200
Heuristics  0.5
MIPFocus  1
NoRelHeurTime  1800
Threads  8

Optimize a model with 302 rows, 38130 columns and 896915 nonzeros
Model fingerprint: 0x9a6d0205
Variable types: 0 continuous, 38130 integer (38130 binary)
Coefficient statistics:
  Matrix range     [1e+00, 1e+00]
  Objective range  [1e+00, 1e+00]
  Bounds range     [1e+00, 1e+00]
  RHS range        [1e+00, 1e+00]

Loaded user MIP start with objective 100

Presolve removed 0 rows and 2665 columns
Presolve time: 0.95s
Presolved: 302 rows, 35465 columns, 845322 nonzeros
Found heuristic solution: objective 94.0000000
Variable types: 0 continuous, 35465 integer (35465 binary)
Found heuristic solution: objective 82.0000000
Starting NoRel heuristic
Found heuristic solution: objective 28.0000000
Found heuristic solution: objective 25.0000000
Found heuristic solution: objective 20.0000000
Found heuristic solution: objective 19.0000000
Found heuristic solution: objective 18.0000000
Found heuristic solution: objective 17.0000000
Elapsed time for NoRel heuristic: 5s (best bound 14)
Elapsed time for NoRel heuristic: 11s (best bound 14)
Elapsed time for NoRel heuristic: 18s (best bound 14)
Elapsed time for NoRel heuristic: 27s (best bound 15)
Elapsed time for NoRel heuristic: 32s (best bound 15)
Elapsed time for NoRel heuristic: 40s (best bound 15)
Elapsed time for NoRel heuristic: 48s (best bound 15)
Elapsed time for NoRel heuristic: 58s (best bound 15)
Elapsed time for NoRel heuristic: 70s (best bound 15)
Elapsed time for NoRel heuristic: 90s (best bound 15)
Elapsed time for NoRel heuristic: 108s (best bound 15)
Elapsed time for NoRel heuristic: 128s (best bound 15)
Elapsed time for NoRel heuristic: 152s (best bound 15)
Elapsed time for NoRel heuristic: 192s (best bound 15)
Elapsed time for NoRel heuristic: 202s (best bound 15)
Elapsed time for NoRel heuristic: 213s (best bound 15)
Elapsed time for NoRel heuristic: 226s (best bound 15)
Elapsed time for NoRel heuristic: 248s (best bound 15)
Elapsed time for NoRel heuristic: 274s (best bound 15)
Elapsed time for NoRel heuristic: 382s (best bound 15)
Elapsed time for NoRel heuristic: 527s (best bound 15)
Elapsed time for NoRel heuristic: 709s (best bound 15)
Found heuristic solution: objective 16.0000000
Elapsed time for NoRel heuristic: 890s (best bound 15)
Elapsed time for NoRel heuristic: 933s (best bound 15)
Elapsed time for NoRel heuristic: 977s (best bound 15)
Elapsed time for NoRel heuristic: 1021s (best bound 15)
Elapsed time for NoRel heuristic: 1296s (best bound 15)
Elapsed time for NoRel heuristic: 1547s (best bound 15)
Elapsed time for NoRel heuristic: 1855s (best bound 15)
NoRel heuristic complete

Root simplex log...

Iteration    Objective       Primal Inf.    Dual Inf.      Time
       0    0.0000000e+00   3.020000e+02   0.000000e+00   1856s

Starting sifting (using dual simplex for sub-problems)...

    Iter     Pivots    Primal Obj      Dual Obj        Time
       0          0     infinity      0.0000000e+00   1856s
       1        651   1.6764739e+01   5.5695052e+00   1856s
       2       2680   1.6485876e+01   1.0372243e+01   1856s
       3       4524   1.5874511e+01   1.2221100e+01   1856s
       4       6685   1.5256395e+01   1.3454184e+01   1856s
       5       7766   1.5000000e+01   1.3644727e+01   1856s
       6       8954   1.5000000e+01   1.3738127e+01   1856s
       7      10194   1.5000000e+01   1.5000000e+01   1856s

Sifting complete

   10194    1.5000000e+01   0.000000e+00   0.000000e+00   1857s

Root relaxation: objective 1.500000e+01, 10194 iterations, 0.88 seconds (1.68 work units)

    Nodes    |    Current Node    |     Objective Bounds      |     Work
 Expl Unexpl |  Obj  Depth IntInf | Incumbent    BestBd   Gap | It/Node Time

     0     0   15.00000    0  157   16.00000   15.00000  6.25%     - 1859s
     0     0   15.00000    0  152   16.00000   15.00000  6.25%     - 1863s
     0     0   15.00000    0  147   16.00000   15.00000  6.25%     - 1880s
     0     0   15.00000    0  144   16.00000   15.00000  6.25%     - 1884s
     0     0   15.00000    0  137   16.00000   15.00000  6.25%     - 1885s
     0     0   15.00000    0  131   16.00000   15.00000  6.25%     - 1889s
     0     0   15.00000    0  128   16.00000   15.00000  6.25%     - 1904s
     0     0   15.00000    0  124   16.00000   15.00000  6.25%     - 1908s
     0     0   15.00000    0  140   16.00000   15.00000  6.25%     - 1909s
     0     0   15.00000    0  136   16.00000   15.00000  6.25%     - 1912s
     0     2   15.00000    0  136   16.00000   15.00000  6.25%     - 1954s
     2     3   15.00000    1  136   16.00000   15.00000  6.25%  4740 1960s
     4     4   15.00000    1  141   16.00000   15.00000  6.25%  2370 1974s
     5     5   15.00000    1  134   16.00000   15.00000  6.25%  1896 1984s
     6     6   15.00000    1  122   16.00000   15.00000  6.25%  1580 1993s
     7     6   15.00000    1  133   16.00000   15.00000  6.25%  1354 1997s
     9     8   15.00000    1  121   16.00000   15.00000  6.25%  1053 2011s
    10     8   15.00000    1  113   16.00000   15.00000  6.25%   948 2016s
    11     9   15.00000    1  126   16.00000   15.00000  6.25%   862 2021s
    14    11   15.00000    1  140   16.00000   15.00000  6.25%   677 2059s
    15    15   15.00000   13  156   16.00000   15.00000  6.25%  5630 2067s
    17    18   15.00000   14  169   16.00000   15.00000  6.25%  5040 2070s
    29    30   15.00000   16  181   16.00000   15.00000  6.25%  3179 2075s
    37    68   15.00000   17  198   16.00000   15.00000  6.25%  2608 2082s
   100    73   15.00000   18  187   16.00000   15.00000  6.25%  2246 2087s
   108    79   15.00000   18  167   16.00000   15.00000  6.25%  2115 2094s
   118    96   15.00000   19  162   16.00000   15.00000  6.25%  2003 2103s
   143   118   15.00000   25  154   16.00000   15.00000  6.25%  1766 2117s
   265   140   15.00000   39  147   16.00000   15.00000  6.25%  2022 2131s
   469   189   15.00000   56  160   16.00000   15.00000  6.25%  1718 2146s
   688   191   15.00000   73  164   16.00000   15.00000  6.25%  1856 2162s
   738   532 infeasible   73        16.00000   15.00000  6.25%  1855 2181s
  1151  1681   15.00000   84  161   16.00000   15.00000  6.25%  1523 2213s
  2508  2146   15.00000  145  176   16.00000   15.00000  6.25%  1205 2228s
  3045  2587 infeasible  107        16.00000   15.00000  6.25%  1136 2245s
  3542  3054   15.00000   28  171   16.00000   15.00000  6.25%  1096 2259s
  4075  3526   15.00000   97  150   16.00000   15.00000  6.25%  1061 2272s
  4625  3650 infeasible  375        16.00000   15.00000  6.25%  1054 2288s
  4823  3878   15.00000   25  149   16.00000   15.00000  6.25%  1075 2302s
  5077  3990   15.00000   26  146   16.00000   15.00000  6.25%  1070 2316s
  5227  4177   15.00000   27  150   16.00000   15.00000  6.25%  1072 2331s
  5452  4303   15.00000   28  150   16.00000   15.00000  6.25%  1078 2348s
  5660  4709 infeasible   26        16.00000   15.00000  6.25%  1106 2364s
  6156  5161   15.00000   57  217   16.00000   15.00000  6.25%  1103 2380s
  6720  5614 infeasible  311        16.00000   15.00000  6.25%  1091 2394s
  7273  6176 infeasible   57        16.00000   15.00000  6.25%  1083 2410s
  7909  6287   15.00000   68  149   16.00000   15.00000  6.25%  1075 2424s
  8100  6317 infeasible  418        16.00000   15.00000  6.25%  1085 2436s
  8192  6365   15.00000   60  174   16.00000   15.00000  6.25%  1097 2454s
  8314  6433   15.00000   62  176   16.00000   15.00000  6.25%  1109 2469s
  8488  6573   15.00000   63  175   16.00000   15.00000  6.25%  1129 2483s
  8754  6718   15.00000   64  175   16.00000   15.00000  6.25%  1146 2498s
  9011  6671   15.00000   65  177   16.00000   15.00000  6.25%  1159 2512s
  9082  6648   15.00000   66  177   16.00000   15.00000  6.25%  1184 2528s
  9157  6716   15.00000   67  179   16.00000   15.00000  6.25%  1204 2543s
  9291  6955   15.00000   68  178   16.00000   15.00000  6.25%  1211 2560s
  9650  7179 infeasible   77        16.00000   15.00000  6.25%  1221 2575s
 10052  7388 infeasible   39        16.00000   15.00000  6.25%  1234 2592s
 10453  7496 infeasible   27        16.00000   15.00000  6.25%  1249 2608s
 10735  7701   15.00000   31  162   16.00000   15.00000  6.25%  1267 2625s
 11046  7960 infeasible   34        16.00000   15.00000  6.25%  1274 2642s
 11417  7951   15.00000   39  139   16.00000   15.00000  6.25%  1277 2659s
 11488  8023 infeasible   46        16.00000   15.00000  6.25%  1291 2681s
 11616  8145 infeasible   20        16.00000   15.00000  6.25%  1297 2701s
 11778  8232   15.00000   34  155   16.00000   15.00000  6.25%  1299 2721s
 11957  8246 infeasible  426        16.00000   15.00000  6.25%  1309 2741s
 12081  8449 infeasible   55        16.00000   15.00000  6.25%  1323 2763s
 12390  8812   15.00000   77  152   16.00000   15.00000  6.25%  1328 2786s
 12997  8819 infeasible   42        16.00000   15.00000  6.25%  1337 2814s
 13270  8839   15.00000   47  163   16.00000   15.00000  6.25%  1366 2842s
 13384  8873   15.00000   48  150   16.00000   15.00000  6.25%  1379 2871s
 13792  9009 infeasible   58        16.00000   15.00000  6.25%  1414 2904s
 14187  9009 infeasible   33        16.00000   15.00000  6.25%  1427 2905s
 14218  9614   15.00000   91  238   16.00000   15.00000  6.25%  1434 2937s
 15031  9739   15.00000  414  244   16.00000   15.00000  6.25%  1414 2974s
 15396 10630   15.00000  567  241   16.00000   15.00000  6.25%  1428 3036s
 16775 10610   15.00000  119  150   16.00000   15.00000  6.25%  1435 3078s
 16903 10728   15.00000  120  149   16.00000   15.00000  6.25%  1450 3119s
 17121 10715   15.00000  121  143   16.00000   15.00000  6.25%  1453 3171s
 17394 11192   15.00000  122  142   16.00000   15.00000  6.25%  1473 3232s
 18193 11394 infeasible  334        16.00000   15.00000  6.25%  1475 3287s
 18773 11414   15.00000   38  147   16.00000   15.00000  6.25%  1490 3339s
 19025 11374 infeasible   45        16.00000   15.00000  6.25%  1508 3397s
 19919 12132   15.00000   31  138   16.00000   15.00000  6.25%  1571 3460s
 21381 12467 infeasible  325        16.00000   15.00000  6.25%  1579 3519s
 22192 12822 infeasible  108        16.00000   15.00000  6.25%  1595 3576s
 22831 12890 infeasible  414        16.00000   15.00000  6.25%  1596 3629s
 22883 12890 infeasible  143        16.00000   15.00000  6.25%  1601 3630s
 23159 13479 infeasible   35        16.00000   15.00000  6.25%  1608 3684s
 24124 13624 infeasible  127        16.00000   15.00000  6.25%  1605 3735s
 24913 14236   15.00000   22  191   16.00000   15.00000  6.25%  1641 3788s
 25969 14393 infeasible   39        16.00000   15.00000  6.25%  1649 3839s
 26458 14443 infeasible   30        16.00000   15.00000  6.25%  1659 3895s
 26700 14470   15.00000   38  164   16.00000   15.00000  6.25%  1671 3951s
 27085 14350   15.00000   39  163   16.00000   15.00000  6.25%  1685 4003s
 27555 14314   15.00000   35  164   16.00000   15.00000  6.25%  1716 4055s
 27989 14478 infeasible   31        16.00000   15.00000  6.25%  1744 4113s
 28977 14795 infeasible  244        16.00000   15.00000  6.25%  1766 4173s
 29738 15463   15.00000  127  216   16.00000   15.00000  6.25%  1769 4239s
 30676 15981   15.00000  425  206   16.00000   15.00000  6.25%  1753 4294s
 31722 16028 infeasible  295        16.00000   15.00000  6.25%  1759 4340s
 32183 15895 infeasible  203        16.00000   15.00000  6.25%  1774 4385s
 32514 15912 infeasible   36        16.00000   15.00000  6.25%  1793 4432s
 33053 16301 infeasible   31        16.00000   15.00000  6.25%  1809 4488s
 33966 16721 infeasible  172        16.00000   15.00000  6.25%  1807 4540s
 34776 16874 infeasible   78        16.00000   15.00000  6.25%  1806 4593s
 35363 17145   15.00000   61  147   16.00000   15.00000  6.25%  1809 4654s
 35966 17094   15.00000   44  145   16.00000   15.00000  6.25%  1809 4723s
 36617 17263 infeasible  313        16.00000   15.00000  6.25%  1824 4783s
 37568 17147 infeasible  158        16.00000   15.00000  6.25%  1838 4838s
 38234 17043 infeasible  353        16.00000   15.00000  6.25%  1862 4899s
 38466 17067   15.00000   33  177   16.00000   15.00000  6.25%  1874 4961s
 38556 17381 infeasible  393        16.00000   15.00000  6.25%  1875 5026s
 39540 17542 infeasible  383        16.00000   15.00000  6.25%  1882 5101s
 40433 17462 infeasible  172        16.00000   15.00000  6.25%  1898 5172s
 40975 17666   15.00000   28  184   16.00000   15.00000  6.25%  1913 5233s
 41547 18068 infeasible   56        16.00000   15.00000  6.25%  1917 5300s
 42739 18642 infeasible   47        16.00000   15.00000  6.25%  1919 5361s
 43967 18469   15.00000   97  166   16.00000   15.00000  6.25%  1918 5418s
 44324 18561   15.00000   33  135   16.00000   15.00000  6.25%  1932 5474s
 44694 18680 infeasible  338        16.00000   15.00000  6.25%  1935 5540s
 45403 18559   15.00000   29  129   16.00000   15.00000  6.25%  1941 5613s
 46282 18559 infeasible  177        16.00000   15.00000  6.25%  1963 5682s
 47148 18545   15.00000   53  180   16.00000   15.00000  6.25%  1982 5748s
 47316 18549   15.00000   54  179   16.00000   15.00000  6.25%  1987 5818s
 47636 18628   15.00000   55  181   16.00000   15.00000  6.25%  1991 5897s
 48361 18969 infeasible   49        16.00000   15.00000  6.25%  1999 5972s
 49542 19116 infeasible  340        16.00000   15.00000  6.25%  2001 6041s
 50485 18951 infeasible  341        16.00000   15.00000  6.25%  2014 6104s
 51040 18969 infeasible   81        16.00000   15.00000  6.25%  2031 6176s
 51722 18874 infeasible  493        16.00000   15.00000  6.25%  2042 6252s
 51973 18848   15.00000   43  130   16.00000   15.00000  6.25%  2051 6330s
 52479 19103 infeasible   60        16.00000   15.00000  6.25%  2059 6410s
 53476 19520   15.00000  112  214   16.00000   15.00000  6.25%  2062 6489s
 54389 19553   15.00000  146  149   16.00000   15.00000  6.25%  2058 6561s
 55316 19798 infeasible  152        16.00000   15.00000  6.25%  2067 6638s
 56167 19933   15.00000   60  186   16.00000   15.00000  6.25%  2068 6712s
 57112 19833   15.00000   61  185   16.00000   15.00000  6.25%  2075 6788s
 57956 19853 infeasible  112        16.00000   15.00000  6.25%  2092 6862s
 58350 19863   15.00000   79  178   16.00000   15.00000  6.25%  2098 6939s
 58720 20003   15.00000   80  164   16.00000   15.00000  6.25%  2102 7016s
 59816 19966 infeasible  381        16.00000   15.00000  6.25%  2106 7086s
 60767 19802   15.00000   29  139   16.00000   15.00000  6.25%  2116 7140s
 61367 19882 infeasible  142        16.00000   15.00000  6.25%  2129 7202s
 61991 19865 infeasible   56        16.00000   15.00000  6.25%  2133 7268s
 62432 19848 infeasible  567        16.00000   15.00000  6.25%  2142 7346s
 62909 20240 infeasible   45        16.00000   15.00000  6.25%  2150 7433s
 63983 20826 infeasible   93        16.00000   15.00000  6.25%  2147 7517s
 65371 20777 infeasible   55        16.00000   15.00000  6.25%  2141 7585s
 66058 20744 infeasible  158        16.00000   15.00000  6.25%  2152 7651s
 66659 20708   15.00000   68  136   16.00000   15.00000  6.25%  2162 7719s
 66901 20623 infeasible  166        16.00000   15.00000  6.25%  2166 7789s
 67160 20620 infeasible  117        16.00000   15.00000  6.25%  2172 7865s
 67563 20798   15.00000   52  129   16.00000   15.00000  6.25%  2176 7941s
 68695 20721 infeasible  385        16.00000   15.00000  6.25%  2178 8015s
 69656 20757 infeasible  184        16.00000   15.00000  6.25%  2188 8089s
 69894 20757   15.00000   47  161   16.00000   15.00000  6.25%  2190 8090s
 70498 20654 infeasible  570        16.00000   15.00000  6.25%  2192 8164s
 71141 21124 infeasible  435        16.00000   15.00000  6.25%  2199 8238s
 71861 21615   15.00000   44  181   16.00000   15.00000  6.25%  2188 8313s
 72510 21950   15.00000   45  182   16.00000   15.00000  6.25%  2178 8390s
 73443 22339 infeasible  279        16.00000   15.00000  6.25%  2175 8459s
 74336 22081 infeasible  227        16.00000   15.00000  6.25%  2169 8527s
 74912 22257 infeasible  308        16.00000   15.00000  6.25%  2179 8617s
 75956 22010   15.00000   35  143   16.00000   15.00000  6.25%  2179 8693s
 76469 21972 infeasible  135        16.00000   15.00000  6.25%  2190 8778s
 77489 21992 infeasible   59        16.00000   15.00000  6.25%  2194 8858s
 78453 21824   15.00000   51  157   16.00000   15.00000  6.25%  2201 8942s
 78931 21677 infeasible  318        16.00000   15.00000  6.25%  2209 9042s
 79220 21815 infeasible  134        16.00000   15.00000  6.25%  2216 9137s
 79862 22056 infeasible  367        16.00000   15.00000  6.25%  2217 9227s
 81075 22541 infeasible  290        16.00000   15.00000  6.25%  2216 9315s
 82188 22474 infeasible   62        16.00000   15.00000  6.25%  2210 9396s
 82805 22339   15.00000   55  150   16.00000   15.00000  6.25%  2217 9474s
 83624 22334 infeasible  766        16.00000   15.00000  6.25%  2226 9556s
 84227 22270   15.00000   43  134   16.00000   15.00000  6.25%  2230 9641s
 84485 22499   15.00000   44  148   16.00000   15.00000  6.25%  2232 9731s
 85306 23277 infeasible  311        16.00000   15.00000  6.25%  2230 9823s
 87104 23483 infeasible  159        16.00000   15.00000  6.25%  2213 9901s
 88314 23277 infeasible  358        16.00000   15.00000  6.25%  2212 9975s
 88872 23816 infeasible  306        16.00000   15.00000  6.25%  2217 10052s
 89909 24413   15.00000  358  221   16.00000   15.00000  6.25%  2208 10128s
 90744 24403   15.00000   71  199   16.00000   15.00000  6.25%  2198 10200s
 91150 24440 infeasible  498        16.00000   15.00000  6.25%  2202 10284s
 91839 24482   15.00000   29  163   16.00000   15.00000  6.25%  2205 10369s
 92963 24677 infeasible   98        16.00000   15.00000  6.25%  2210 10448s
 94080 24403 infeasible  348        16.00000   15.00000  6.25%  2212 10521s
 94494 24435 infeasible   39        16.00000   15.00000  6.25%  2215 10598s
 94982 24282 infeasible   41        16.00000   15.00000  6.25%  2214 10681s
 95393 24407   15.00000   42  144   16.00000   15.00000  6.25%  2216 10764s
 96066 24140 infeasible   34        16.00000   15.00000  6.25%  2216 10849s
 96181 24140   15.00000  275  159   16.00000   15.00000  6.25%  2217 10850s
 96523 24241   15.00000   45  150   16.00000   15.00000  6.25%  2222 11132s
 96992 24158   15.00000   49  180   16.00000   15.00000  6.25%  2222 11231s
 97571 24291   15.00000   50  181   16.00000   15.00000  6.25%  2228 11339s
 98732 24338 infeasible   30        16.00000   15.00000  6.25%  2236 11437s
 99807 24329   15.00000   83  158   16.00000   15.00000  6.25%  2243 11529s
 101530 24334   15.00000   65  133   16.00000   15.00000  6.25%  2259 11613s
 102723 24126   15.00000   58  188   16.00000   15.00000  6.25%  2268 11700s
 103809 24139   15.00000   86  149   16.00000   15.00000  6.25%  2281 11785s
 104200 24072 infeasible  245        16.00000   15.00000  6.25%  2282 11864s
 104659 24638 infeasible  242        16.00000   15.00000  6.25%  2288 11948s
 106111 25038   15.00000  123  215   16.00000   15.00000  6.25%  2283 12023s
 106813 25337   15.00000  303  211   16.00000   15.00000  6.25%  2279 12113s
 109110 25379   15.00000   37  176   16.00000   15.00000  6.25%  2285 12152s
 109756 25644 infeasible  567        16.00000   15.00000  6.25%  2288 12194s
 110839 25839   15.00000   62  141   16.00000   15.00000  6.25%  2288 12232s
 111824 25638   15.00000   95  161   16.00000   15.00000  6.25%  2290 12267s
 112159 25503   15.00000   45  161   16.00000   15.00000  6.25%  2296 12302s
 112396 25676   15.00000   45  160   16.00000   15.00000  6.25%  2301 12344s
 112997 25571 infeasible   75        16.00000   15.00000  6.25%  2300 12386s
 113192 25557   15.00000   24  173   16.00000   15.00000  6.25%  2304 12429s
 113644 25390 infeasible  618        16.00000   15.00000  6.25%  2308 12473s
 114241 25781   15.00000   32  142   16.00000   15.00000  6.25%  2315 12520s
 115308 25758 infeasible  164        16.00000   15.00000  6.25%  2313 12561s
 115779 25709 infeasible   62        16.00000   15.00000  6.25%  2316 12609s
 116420 25729 infeasible  128        16.00000   15.00000  6.25%  2320 12654s
 117008 25520 infeasible   53        16.00000   15.00000  6.25%  2324 12705s
 117459 25557   15.00000   70  133   16.00000   15.00000  6.25%  2332 12757s
 117872 25549   15.00000   71  137   16.00000   15.00000  6.25%  2333 12808s
 118392 25543   15.00000  123  159   16.00000   15.00000  6.25%  2336 12857s
 118990 25521   15.00000  100  146   16.00000   15.00000  6.25%  2340 12907s
 119534 25618 infeasible  623        16.00000   15.00000  6.25%  2343 12966s
 120693 25514 infeasible  154        16.00000   15.00000  6.25%  2348 13049s
 121427 25514   15.00000  123  171   16.00000   15.00000  6.25%  2352 13050s
 121855 25522   15.00000   42  130   16.00000   15.00000  6.25%  2353 13100s
 122545 25423 infeasible  217        16.00000   15.00000  6.25%  2354 13154s
 123098 25401   15.00000   52  143   16.00000   15.00000  6.25%  2359 13210s
 123296 25417   15.00000   53  155   16.00000   15.00000  6.25%  2360 13277s
 123632 25743 infeasible   64        16.00000   15.00000  6.25%  2362 13351s
 124782 25442 infeasible  275        16.00000   15.00000  6.25%  2361 13415s
 125413 25469 infeasible   55        16.00000   15.00000  6.25%  2370 13479s
 126438 25242   15.00000   45  151   16.00000   15.00000  6.25%  2374 13536s
 126887 25367   15.00000   28  181   16.00000   15.00000  6.25%  2381 13599s
 128212 25812 infeasible  205        16.00000   15.00000  6.25%  2384 13662s
 129913 25485   15.00000  611  186   16.00000   15.00000  6.25%  2381 13720s
 130370 25464 infeasible  110        16.00000   15.00000  6.25%  2390 13782s
 130689 25509 infeasible  183        16.00000   15.00000  6.25%  2391 13837s
 131022 25976   15.00000   53  133   16.00000   15.00000  6.25%  2391 13887s
 131859 26583   15.00000   82  154   16.00000   15.00000  6.25%  2384 13943s
 133806 26625   15.00000   65  134   16.00000   15.00000  6.25%  2380 13993s
 135214 26497 infeasible   64        16.00000   15.00000  6.25%  2384 14041s
 135880 26482   15.00000   76  144   16.00000   15.00000  6.25%  2390 14091s
 136293 26221 infeasible  201        16.00000   15.00000  6.25%  2391 14150s
 136722 26102   15.00000   74  143   16.00000   15.00000  6.25%  2398 14202s
 137263 26141   15.00000   75  144   16.00000   15.00000  6.25%  2402 14251s
 138042 25990   15.00000   76  144   16.00000   15.00000  6.25%  2404 14300s
 138867 25757 infeasible  107        16.00000   15.00000  6.25%  2409 14349s
 139583 25757 infeasible  277        16.00000   15.00000  6.25%  2415 14350s
 139648 25480 infeasible   97        16.00000   15.00000  6.25%  2416 14399s
 140109 25463   15.00000  176  137   16.00000   15.00000  6.25%  2420 14452s
 140592 25359   15.00000   25  192   16.00000   15.00000  6.25%  2422 14519s
 141294 25428 infeasible  223        16.00000   15.00000  6.25%  2425 14576s
 141559 25496   15.00000  161  138   16.00000   15.00000  6.25%  2424 14628s
 141627 25620   15.00000  162  136   16.00000   15.00000  6.25%  2424 14703s
 143011 25406   15.00000   97  142   16.00000   15.00000  6.25%  2426 14744s
 143649 25306 infeasible   68        16.00000   15.00000  6.25%  2433 14791s
 144187 25469 infeasible   85        16.00000   15.00000  6.25%  2436 14848s
 144838 25219   15.00000   63  185   16.00000   15.00000  6.25%  2436 14911s
 145658 25373 infeasible  635        16.00000   15.00000  6.25%  2443 14967s
 146872 25315 infeasible  299        16.00000   15.00000  6.25%  2444 15015s
 147598 25272   15.00000  166  166   16.00000   15.00000  6.25%  2447 15058s
 147675 25396   15.00000  167  163   16.00000   15.00000  6.25%  2448 15104s
 148349 25259   15.00000  168  167   16.00000   15.00000  6.25%  2448 15153s
 149058 25241   15.00000   96  154   16.00000   15.00000  6.25%  2452 15205s
 150044 25061 infeasible  235        16.00000   15.00000  6.25%  2455 15258s
 150702 25035 infeasible  132        16.00000   15.00000  6.25%  2459 15314s
 151148 25124 infeasible  102        16.00000   15.00000  6.25%  2459 15383s
 151651 25140 infeasible  185        16.00000   15.00000  6.25%  2459 15439s
 152339 25117 infeasible  129        16.00000   15.00000  6.25%  2461 15489s
 152706 25026   15.00000   93  179   16.00000   15.00000  6.25%  2462 15545s
 153613 25262 infeasible  306        16.00000   15.00000  6.25%  2465 15600s
 154787 25227 infeasible   75        16.00000   15.00000  6.25%  2465 15653s
 155338 25122   15.00000  127  145   16.00000   15.00000  6.25%  2466 15704s
 155769 25159 infeasible  602        16.00000   15.00000  6.25%  2468 15776s
 157098 25248 infeasible  492        16.00000   15.00000  6.25%  2469 15836s
 157607 25196   15.00000   51  164   16.00000   15.00000  6.25%  2470 15909s
 158257 25292   15.00000   52  164   16.00000   15.00000  6.25%  2472 15996s
 159811 24975   15.00000   55  147   16.00000   15.00000  6.25%  2472 16049s
 160352 25302 infeasible  199        16.00000   15.00000  6.25%  2477 16117s
 161323 25101 infeasible   90        16.00000   15.00000  6.25%  2474 16187s
 161788 25092   15.00000   64  144   16.00000   15.00000  6.25%  2477 16245s
 162293 24994 infeasible  194        16.00000   15.00000  6.25%  2478 16305s
 162517 24950   15.00000   69  133   16.00000   15.00000  6.25%  2479 16370s
 162727 25577 infeasible   87        16.00000   15.00000  6.25%  2480 16443s
 164532 25151 infeasible  456        16.00000   15.00000  6.25%  2475 16503s
 165216 25119 infeasible  140        16.00000   15.00000  6.25%  2482 16573s
 166232 25543   15.00000   25  151   16.00000   15.00000  6.25%  2485 16631s
 167696 25129   15.00000   29  164   16.00000   15.00000  6.25%  2482 16681s
 168326 25130 infeasible   61        16.00000   15.00000  6.25%  2490 16732s
 169135 25380   15.00000  152  178   16.00000   15.00000  6.25%  2490 16783s
 170293 25063 infeasible  217        16.00000   15.00000  6.25%  2488 16833s
 170882 25119   15.00000   66  131   16.00000   15.00000  6.25%  2491 16888s
 171492 24943 infeasible  112        16.00000   15.00000  6.25%  2489 16949s
 171736 25155   15.00000   60  142   16.00000   15.00000  6.25%  2492 17001s
 172130 25355   15.00000   72  141   16.00000   15.00000  6.25%  2489 17068s
 173200 25160   15.00000  431  156   16.00000   15.00000  6.25%  2488 17122s
 173913 25022 infeasible  105        16.00000   15.00000  6.25%  2491 17174s
 174639 25287 infeasible  606        16.00000   15.00000  6.25%  2491 17230s
 176000 24959 infeasible  198        16.00000   15.00000  6.25%  2489 17281s
 176708 25058 infeasible  278        16.00000   15.00000  6.25%  2495 17330s
 177521 24952 infeasible  784        16.00000   15.00000  6.25%  2495 17379s
 177719 25006   15.00000   75  176   16.00000   15.00000  6.25%  2497 17426s
 177891 25133   15.00000   76  175   16.00000   15.00000  6.25%  2496 17478s
 178074 25059   15.00000  118  155   16.00000   15.00000  6.25%  2495 17528s
 178778 24870 infeasible  290        16.00000   15.00000  6.25%  2498 17582s
 179139 25050   15.00000   67  178   16.00000   15.00000  6.25%  2501 17645s
 180299 24942 infeasible  296        16.00000   15.00000  6.25%  2501 17704s
 181303 25237   15.00000   91  154   16.00000   15.00000  6.25%  2504 17758s
 182450 24893   15.00000  316  155   16.00000   15.00000  6.25%  2502 17809s
 182950 24704 infeasible   35        16.00000   15.00000  6.25%  2506 17862s
 183531 24850 infeasible  478        16.00000   15.00000  6.25%  2508 17918s
 184119 24660 infeasible   41        16.00000   15.00000  6.25%  2508 17977s
 185017 24656 infeasible   96        16.00000   15.00000  6.25%  2512 18033s
 185901 24642 infeasible  283        16.00000   15.00000  6.25%  2514 18088s
 186633 24645 infeasible  150        16.00000   15.00000  6.25%  2516 18163s
 187400 24624   15.00000   41  181   16.00000   15.00000  6.25%  2518 18238s
 188167 24542   15.00000   42  184   16.00000   15.00000  6.25%  2520 18312s
 189095 25008   15.00000   45  149   16.00000   15.00000  6.25%  2523 18385s
 190535 25178 infeasible  166        16.00000   15.00000  6.25%  2521 18446s
 190939 25160 infeasible  123        16.00000   15.00000  6.25%  2520 18505s
 191349 25152   15.00000   92  193   16.00000   15.00000  6.25%  2521 18573s
 192253 25154 infeasible  271        16.00000   15.00000  6.25%  2524 18641s
 193419 25114 infeasible   72        16.00000   15.00000  6.25%  2527 18703s
 194297 25014   15.00000   35  142   16.00000   15.00000  6.25%  2530 18763s
 194853 24955   15.00000   66  182   16.00000   15.00000  6.25%  2532 18825s
 195214 25022   15.00000   67  182   16.00000   15.00000  6.25%  2533 18889s
 195639 24910   15.00000   68  182   16.00000   15.00000  6.25%  2533 18953s
 196189 24906 infeasible  249        16.00000   15.00000  6.25%  2536 19022s
 197271 24875 infeasible  135        16.00000   15.00000  6.25%  2539 19090s
 198268 24896 infeasible  436        16.00000   15.00000  6.25%  2541 19151s
 198961 24751 infeasible  370        16.00000   15.00000  6.25%  2542 19216s
 199282 24849   15.00000   29  176   16.00000   15.00000  6.25%  2544 19280s
 199810 24750 infeasible  176        16.00000   15.00000  6.25%  2543 19345s
 200459 24629   15.00000   38  150   16.00000   15.00000  6.25%  2546 19411s
 201174 24522 infeasible   57        16.00000   15.00000  6.25%  2549 19478s
 202143 24743 infeasible  291        16.00000   15.00000  6.25%  2552 19547s
 203564 24601   15.00000  131  154   16.00000   15.00000  6.25%  2551 19617s
 204542 24524   15.00000   58  158   16.00000   15.00000  6.25%  2555 19677s
 204807 24508   15.00000   59  157   16.00000   15.00000  6.25%  2556 19750s
 205237 24515   15.00000   60  163   16.00000   15.00000  6.25%  2557 19837s
 206292 24575   15.00000  101  180   16.00000   15.00000  6.25%  2558 19909s
 206978 24282 infeasible  212        16.00000   15.00000  6.25%  2557 19989s
 208201 24208   15.00000   50  166   16.00000   15.00000  6.25%  2562 20060s
 209003 24313 infeasible  188        16.00000   15.00000  6.25%  2565 20131s
 209454 25101   15.00000   76  194   16.00000   15.00000  6.25%  2564 20214s
 210884 24634 infeasible  568        16.00000   15.00000  6.25%  2557 20287s
 211821 24752 infeasible   83        16.00000   15.00000  6.25%  2563 20352s
 212921 24576   15.00000  237  160   16.00000   15.00000  6.25%  2563 20413s
 213625 24568   15.00000   98  183   16.00000   15.00000  6.25%  2565 20476s
 214811 24867 infeasible  555        16.00000   15.00000  6.25%  2567 20538s
 216248 24837   15.00000   38  183   16.00000   15.00000  6.25%  2565 20595s
 216466 24643   15.00000   39  184   16.00000   15.00000  6.25%  2565 20652s
 216818 24832   15.00000   40  183   16.00000   15.00000  6.25%  2568 20715s
 217689 24411 infeasible  162        16.00000   15.00000  6.25%  2567 20780s
 218668 24689   15.00000  247  143   16.00000   15.00000  6.25%  2574 20839s
 219846 24612 infeasible   42        16.00000   15.00000  6.25%  2572 20908s
 220657 24565   15.00000  150  147   16.00000   15.00000  6.25%  2575 20978s
 222318 24580 infeasible  265        16.00000   15.00000  6.25%  2578 21028s
 223307 24453 infeasible  717        16.00000   15.00000  6.25%  2579 21078s
 223888 24446   15.00000  169  160   16.00000   15.00000  6.25%  2581 21124s
 224541 24572   15.00000  170  160   16.00000   15.00000  6.25%  2582 21166s
 225297 24498   15.00000  171  160   16.00000   15.00000  6.25%  2581 21209s
 225739 24439   15.00000  115  125   16.00000   15.00000  6.25%  2583 21252s
 226168 24695 infeasible  357        16.00000   15.00000  6.25%  2584 21299s
 227432 24367 infeasible  246        16.00000   15.00000  6.25%  2583 21346s
 228216 24375 infeasible  180        16.00000   15.00000  6.25%  2587 21394s
 228970 24309 infeasible  319        16.00000   15.00000  6.25%  2588 21449s
 229352 24341   15.00000   69  163   16.00000   15.00000  6.25%  2589 21497s
 229676 24314   15.00000   70  165   16.00000   15.00000  6.25%  2589 21543s
 229983 24411 infeasible  792        16.00000   15.00000  6.25%  2590 21590s
 230542 24347   15.00000  203  166   16.00000   15.00000  6.25%  2590 21637s
 230996 24825 infeasible   49        16.00000   15.00000  6.25%  2591 21687s
 232224 25296   15.00000   71  187   16.00000   15.00000  6.25%  2587 21739s
 232845 25296 infeasible  296        16.00000   15.00000  6.25%  2587 21740s
 233681 25261   15.00000  203  139   16.00000   15.00000  6.25%  2584 21793s
 234544 24865 infeasible  210        16.00000   15.00000  6.25%  2585 21841s
 234998 24650 infeasible   81        16.00000   15.00000  6.25%  2590 21886s
 235347 25116   15.00000   60  181   16.00000   15.00000  6.25%  2593 21932s
 236735 24901   15.00000  276  151   16.00000   15.00000  6.25%  2590 22003s
 238150 24991   15.00000  123  155   16.00000   15.00000  6.25%  2594 22044s
 238628 24896   15.00000  138  149   16.00000   15.00000  6.25%  2594 22088s
 238987 25109 infeasible  259        16.00000   15.00000  6.25%  2595 22138s
 239776 24914   15.00000  380  176   16.00000   15.00000  6.25%  2594 22189s
 240150 24914 infeasible  452        16.00000   15.00000  6.25%  2595 22190s
 240527 24623 infeasible  298        16.00000   15.00000  6.25%  2597 22243s
 241432 24819   15.00000   62  133   16.00000   15.00000  6.25%  2601 22305s
 242778 24848   15.00000  126  171   16.00000   15.00000  6.25%  2600 22355s
 243537 24831   15.00000  245  160   16.00000   15.00000  6.25%  2601 22401s
 243734 24852   15.00000  246  160   16.00000   15.00000  6.25%  2601 22448s
 243863 24881   15.00000  247  161   16.00000   15.00000  6.25%  2601 22497s
 244000 24778   15.00000  248  159   16.00000   15.00000  6.25%  2601 22546s
 244877 24729   15.00000  176  153   16.00000   15.00000  6.25%  2603 22597s
 245734 24586 infeasible  120        16.00000   15.00000  6.25%  2605 22650s
 246059 24751   15.00000  288  166   16.00000   15.00000  6.25%  2607 22707s
 247338 24601   15.00000  418  156   16.00000   15.00000  6.25%  2607 22755s
 248102 24558   15.00000  308  155   16.00000   15.00000  6.25%  2610 22802s
 248803 24651   15.00000   27  187   16.00000   15.00000  6.25%  2610 22847s
 249446 24628 infeasible  177        16.00000   15.00000  6.25%  2609 22891s
 249825 24715   15.00000   47  171   16.00000   15.00000  6.25%  2609 22937s
 250592 24577 infeasible   63        16.00000   15.00000  6.25%  2608 22987s
 251018 24542 infeasible  242        16.00000   15.00000  6.25%  2610 23040s
 251513 24560 infeasible  281        16.00000   15.00000  6.25%  2610 23096s
 252191 24456 infeasible  208        16.00000   15.00000  6.25%  2609 23175s
 252909 24454 infeasible  133        16.00000   15.00000  6.25%  2610 23247s
 253431 24478 infeasible   73        16.00000   15.00000  6.25%  2609 23328s
 254113 24546 infeasible   43        16.00000   15.00000  6.25%  2609 23418s
 255671 24654   15.00000   30  207   16.00000   15.00000  6.25%  2606 23491s
 256667 24526 infeasible  185        16.00000   15.00000  6.25%  2606 23580s
 256981 24617   15.00000  316  154   16.00000   15.00000  6.25%  2607 23653s
 257386 24601 infeasible  547        16.00000   15.00000  6.25%  2606 23726s
 258186 24632   15.00000   66  186   16.00000   15.00000  6.25%  2607 23797s
 258929 24524   15.00000   46  195   16.00000   15.00000  6.25%  2606 23874s
 260043 24471 infeasible   90        16.00000   15.00000  6.25%  2607 23951s
 260486 24434   15.00000  380  162   16.00000   15.00000  6.25%  2607 24026s
 260861 24637 infeasible  268        16.00000   15.00000  6.25%  2607 24099s
 261806 24645 infeasible  471        16.00000   15.00000  6.25%  2605 24175s
 263002 24399 infeasible   86        16.00000   15.00000  6.25%  2605 24248s
 263780 24455   15.00000  109  158   16.00000   15.00000  6.25%  2607 24325s
 264408 24458 infeasible  263        16.00000   15.00000  6.25%  2606 24398s
 264827 24503   15.00000  128  144   16.00000   15.00000  6.25%  2607 24474s
 265840 24380 infeasible  123        16.00000   15.00000  6.25%  2606 24545s
 266619 24383 infeasible  115        16.00000   15.00000  6.25%  2607 24617s
 267888 24833   15.00000   42  198   16.00000   15.00000  6.25%  2605 24685s
 269236 24541   15.00000   36  193   16.00000   15.00000  6.25%  2601 24754s
 269762 24383 infeasible  130        16.00000   15.00000  6.25%  2603 24852s
 270700 24389   15.00000  300  186   16.00000   15.00000  6.25%  2603 24951s
 271052 24428 infeasible  340        16.00000   15.00000  6.25%  2603 25057s
 271591 24457 infeasible  233        16.00000   15.00000  6.25%  2603 25171s
 272970 24567 infeasible  789        16.00000   15.00000  6.25%  2602 25273s
 274500 24617 infeasible  261        16.00000   15.00000  6.25%  2601 25351s
 275712 24254 infeasible  352        16.00000   15.00000  6.25%  2601 25425s
 276399 24448   15.00000  176  155   16.00000   15.00000  6.25%  2604 25500s
 277745 24216   15.00000   63  184   16.00000   15.00000  6.25%  2601 25569s
 278255 24316 infeasible   84        16.00000   15.00000  6.25%  2604 25639s
 278372 24316 infeasible  324        16.00000   15.00000  6.25%  2603 25640s
 278695 24315 infeasible   65        16.00000   15.00000  6.25%  2603 25711s
 279370 24250 infeasible  444        16.00000   15.00000  6.25%  2603 25782s
 280285 24330 infeasible  254        16.00000   15.00000  6.25%  2603 25858s
 281079 24285 infeasible  314        16.00000   15.00000  6.25%  2603 25928s
 281536 24282 infeasible  487        16.00000   15.00000  6.25%  2603 26008s
 282069 24299   15.00000   86  170   16.00000   15.00000  6.25%  2603 26084s
 282806 24567 infeasible  135        16.00000   15.00000  6.25%  2603 26159s
 284320 24067 infeasible  192        16.00000   15.00000  6.25%  2600 26227s
 284936 24037 infeasible  211        16.00000   15.00000  6.25%  2604 26326s
 285148 24578   15.00000  296  170   16.00000   15.00000  6.25%  2604 26443s
 286745 24423 infeasible  313        16.00000   15.00000  6.25%  2599 26518s
 287602 24374 infeasible  154        16.00000   15.00000  6.25%  2601 26592s
 288543 24332   15.00000   43  191   16.00000   15.00000  6.25%  2601 26671s
 289439 24353 infeasible  124        16.00000   15.00000  6.25%  2602 26755s
 290288 24220 infeasible  174        16.00000   15.00000  6.25%  2602 26825s
 291095 24391   15.00000  127  190   16.00000   15.00000  6.25%  2603 26901s
 291772 24226 infeasible  284        16.00000   15.00000  6.25%  2601 26969s
 292389 24345 infeasible  492        16.00000   15.00000  6.25%  2602 27039s
 293332 24662   15.00000   93  146   16.00000   15.00000  6.25%  2601 27114s
 294551 24574   15.00000   54  133   16.00000   15.00000  6.25%  2599 27189s
 295215 24511   15.00000   93  175   16.00000   15.00000  6.25%  2600 27258s
 295312 24429   15.00000   94  170   16.00000   15.00000  6.25%  2600 27327s
 295598 24721 infeasible   97        16.00000   15.00000  6.25%  2601 27400s
 296628 24487   15.00000  514  167   16.00000   15.00000  6.25%  2599 27469s
 297138 24870   15.00000   63  192   16.00000   15.00000  6.25%  2601 27544s
 297352 24870 infeasible   68        16.00000   15.00000  6.25%  2601 27545s
 298209 24613 infeasible   37        16.00000   15.00000  6.25%  2598 27611s
 298578 24715 infeasible   48        16.00000   15.00000  6.25%  2600 27687s
 299544 24617 infeasible   91        16.00000   15.00000  6.25%  2599 27760s
 300388 24628 infeasible   92        16.00000   15.00000  6.25%  2600 27822s
 301291 24513 infeasible  105        16.00000   15.00000  6.25%  2599 27884s
 301518 24688   15.00000  138  151   16.00000   15.00000  6.25%  2600 27954s
 302223 24583   15.00000   70  149   16.00000   15.00000  6.25%  2598 28024s
 302798 24455 infeasible  232        16.00000   15.00000  6.25%  2598 28099s
 303322 24354 infeasible  473        16.00000   15.00000  6.25%  2600 28180s
 304539 24520 infeasible   52        16.00000   15.00000  6.25%  2599 28257s
 305537 24474 infeasible  261        16.00000   15.00000  6.25%  2597 28324s
 306369 24288 infeasible  119        16.00000   15.00000  6.25%  2597 28393s
 307097 24228   15.00000  113  177   16.00000   15.00000  6.25%  2598 28465s
 307497 24473   15.00000  147  162   16.00000   15.00000  6.25%  2598 28539s
 308170 24997   15.00000   22  158   16.00000   15.00000  6.25%  2597 28615s
 309570 25263   15.00000   42  179   16.00000   15.00000  6.25%  2594 28687s
 310394 25064   15.00000   65  144   16.00000   15.00000  6.25%  2592 28756s
 310787 25029   15.00000   69  147   16.00000   15.00000  6.25%  2593 28821s
 311454 24865   15.00000   39  159   16.00000   15.00000  6.25%  2594 28889s
 312324 24822   15.00000  115  154   16.00000   15.00000  6.25%  2594 28959s
 312719 24824   15.00000  116  153   16.00000   15.00000  6.25%  2595 29029s
 313135 24814 infeasible   89        16.00000   15.00000  6.25%  2595 29097s
 314017 24838   15.00000   67  189   16.00000   15.00000  6.25%  2595 29172s
 314867 24611 infeasible  131        16.00000   15.00000  6.25%  2595 29250s
 315110 24673   15.00000   64  189   16.00000   15.00000  6.25%  2597 29322s
 315728 24948 infeasible   79        16.00000   15.00000  6.25%  2597 29397s
 316867 24637 infeasible  255        16.00000   15.00000  6.25%  2596 29469s
 317210 24592   15.00000   24  153   16.00000   15.00000  6.25%  2599 29612s
 317999 24565   15.00000   56  179   16.00000   15.00000  6.25%  2600 29757s
 319358 24518 infeasible  282        16.00000   15.00000  6.25%  2600 29873s
 320565 24437   15.00000   30  200   16.00000   15.00000  6.25%  2600 29981s
 320788 24785   15.00000   31  201   16.00000   15.00000  6.25%  2601 30105s
 322376 24954 infeasible  531        16.00000   15.00000  6.25%  2599 30203s
 323429 24848 infeasible  196        16.00000   15.00000  6.25%  2598 30291s
 324451 25052 infeasible   39        16.00000   15.00000  6.25%  2598 30375s
 325701 24706   15.00000   90  170   16.00000   15.00000  6.25%  2596 30454s
 326309 24681   15.00000   52  148   16.00000   15.00000  6.25%  2598 30540s
 326720 24719   15.00000   53  155   16.00000   15.00000  6.25%  2597 30632s
 326960 25078   15.00000   73  162   16.00000   15.00000  6.25%  2597 30722s
 327911 24948   15.00000  121  182   16.00000   15.00000  6.25%  2594 30809s
 328831 24780 infeasible   78        16.00000   15.00000  6.25%  2595 30895s
 329511 25041 infeasible  150        16.00000   15.00000  6.25%  2595 30983s
 330394 24930   15.00000   59  159   16.00000   15.00000  6.25%  2594 31068s
 330793 25074 infeasible  430        16.00000   15.00000  6.25%  2595 31155s
 331575 25079   15.00000  163  151   16.00000   15.00000  6.25%  2594 31224s
 332432 25052 infeasible  187        16.00000   15.00000  6.25%  2594 31287s
 332927 25018 infeasible  159        16.00000   15.00000  6.25%  2595 31360s
 333489 24953 infeasible  230        16.00000   15.00000  6.25%  2595 31448s
 334310 24961   15.00000   38  187   16.00000   15.00000  6.25%  2595 31537s
 334574 24825   15.00000   39  190   16.00000   15.00000  6.25%  2595 31626s
 335608 25035 infeasible  123        16.00000   15.00000  6.25%  2595 31713s
 336560 25363   15.00000  219  226   16.00000   15.00000  6.25%  2594 31796s
 337504 25246 infeasible   75        16.00000   15.00000  6.25%  2593 31883s
 338607 25140   15.00000   53  184   16.00000   15.00000  6.25%  2593 31963s
 339023 25373   15.00000   54  180   16.00000   15.00000  6.25%  2594 32043s
 339932 25115   15.00000   44  146   16.00000   15.00000  6.25%  2592 32121s
 340532 25175 infeasible   53        16.00000   15.00000  6.25%  2594 32198s
 341356 25463   15.00000   29  143   16.00000   15.00000  6.25%  2594 32277s
 342698 25622 infeasible  280        16.00000   15.00000  6.25%  2592 32353s
 343869 25540   15.00000   51  135   16.00000   15.00000  6.25%  2591 32427s
 344077 25562 infeasible  151        16.00000   15.00000  6.25%  2592 32509s
 344561 25608 infeasible   90        16.00000   15.00000  6.25%  2591 32587s
 345045 25377   15.00000   79  118   16.00000   15.00000  6.25%  2591 32665s
 345922 25520 infeasible  126        16.00000   15.00000  6.25%  2591 32744s
 347049 25192 infeasible   51        16.00000   15.00000  6.25%  2590 32815s
 347763 25187   15.00000  126  133   16.00000   15.00000  6.25%  2593 32890s
 348124 25766   15.00000  127  138   16.00000   15.00000  6.25%  2593 32992s
 349549 25872 infeasible  754        16.00000   15.00000  6.25%  2590 33067s
 350475 25552 infeasible   67        16.00000   15.00000  6.25%  2590 33137s
 350949 25271 infeasible  134        16.00000   15.00000  6.25%  2592 33209s
 351400 25804 infeasible   97        16.00000   15.00000  6.25%  2593 33285s
 352591 25918   15.00000  283  157   16.00000   15.00000  6.25%  2590 33359s
 353693 25578 infeasible  141        16.00000   15.00000  6.25%  2589 33428s
 354269 25435   15.00000   98  151   16.00000   15.00000  6.25%  2591 33502s
 354550 25411   15.00000   99  152   16.00000   15.00000  6.25%  2591 33585s
 354732 25332   15.00000  157  126   16.00000   15.00000  6.25%  2591 33666s
 355191 25299   15.00000  158  124   16.00000   15.00000  6.25%  2591 33746s
 356076 25302   15.00000   79  140   16.00000   15.00000  6.25%  2590 33824s
 356957 25418 infeasible  160        16.00000   15.00000  6.25%  2590 33903s
 358175 25258 infeasible   22        16.00000   15.00000  6.25%  2589 33999s
 358927 25431   15.00000  145  160   16.00000   15.00000  6.25%  2589 34092s
 359692 25219 infeasible  793        16.00000   15.00000  6.25%  2588 34162s
 360158 25204 infeasible   42        16.00000   15.00000  6.25%  2589 34237s
 360781 25083 infeasible  497        16.00000   15.00000  6.25%  2588 34324s
 361198 25214 infeasible  143        16.00000   15.00000  6.25%  2589 34408s
 362077 25279 infeasible   95        16.00000   15.00000  6.25%  2588 34490s
 363374 25215   15.00000   65  189   16.00000   15.00000  6.25%  2586 34567s
 364140 25151   15.00000  161  143   16.00000   15.00000  6.25%  2586 34645s
 364272 25158   15.00000  162  146   16.00000   15.00000  6.25%  2587 34721s
 364765 25010 infeasible   49        16.00000   15.00000  6.25%  2587 34800s
 365651 25334 infeasible  161        16.00000   15.00000  6.25%  2588 34878s
 366757 25197 infeasible   58        16.00000   15.00000  6.25%  2586 34950s
 367386 25267 infeasible   94        16.00000   15.00000  6.25%  2587 35036s
 368300 25571   15.00000   17  199   16.00000   15.00000  6.25%  2586 35122s
 368942 25676   15.00000  352  215   16.00000   15.00000  6.25%  2585 35210s
 369345 25643   15.00000  378  206   16.00000   15.00000  6.25%  2584 35308s
 370238 25514 infeasible  358        16.00000   15.00000  6.25%  2583 35393s
 371301 25533 infeasible  327        16.00000   15.00000  6.25%  2584 35472s
 372064 25455 infeasible  474        16.00000   15.00000  6.25%  2584 35551s
 372714 25637 infeasible  367        16.00000   15.00000  6.25%  2585 35638s
 374132 25690 infeasible  189        16.00000   15.00000  6.25%  2585 35714s
 374973 25734   15.00000   52  147   16.00000   15.00000  6.25%  2584 35795s
 375983 25501 infeasible  185        16.00000   15.00000  6.25%  2585 35874s
 376418 25769   15.00000   40  144   16.00000   15.00000  6.25%  2586 35960s
 377166 25545   15.00000   91  199   16.00000   15.00000  6.25%  2585 36048s
 377814 25649 infeasible  774        16.00000   15.00000  6.25%  2587 36132s
 378742 25324 infeasible  444        16.00000   15.00000  6.25%  2586 36211s
 379535 25227 infeasible  195        16.00000   15.00000  6.25%  2588 36292s
 379858 25286   15.00000   50  157   16.00000   15.00000  6.25%  2589 36376s
 380141 25644   15.00000   51  158   16.00000   15.00000  6.25%  2588 36471s
 381557 25847   15.00000   49  217   16.00000   15.00000  6.25%  2586 36549s
 382638 25872 infeasible  295        16.00000   15.00000  6.25%  2586 36599s
 383327 25653   15.00000   54  151   16.00000   15.00000  6.25%  2586 36658s
 383624 25675   15.00000   55  149   16.00000   15.00000  6.25%  2588 36723s
 383998 25650 infeasible   56        16.00000   15.00000  6.25%  2588 36815s
 384193 25651 infeasible  137        16.00000   15.00000  6.25%  2588 36901s
 384722 25812 infeasible   25        16.00000   15.00000  6.25%  2588 36988s
 385517 26374 infeasible  280        16.00000   15.00000  6.25%  2587 37072s
 387135 26189 infeasible  358        16.00000   15.00000  6.25%  2584 37142s
 387642 26131   15.00000   48  150   16.00000   15.00000  6.25%  2585 37217s
 388278 26187   15.00000   44  179   16.00000   15.00000  6.25%  2586 37301s
 388896 26113   15.00000   59  191   16.00000   15.00000  6.25%  2585 37377s
 389524 26060 infeasible  205        16.00000   15.00000  6.25%  2586 37456s
 390565 26028 infeasible  288        16.00000   15.00000  6.25%  2586 37536s
 391171 26027   15.00000   46  162   16.00000   15.00000  6.25%  2586 37617s
 391606 26145 infeasible  750        16.00000   15.00000  6.25%  2586 37701s
 392628 26087 infeasible  190        16.00000   15.00000  6.25%  2585 37780s
 393270 25813 infeasible  648        16.00000   15.00000  6.25%  2586 37860s
 394022 25882   15.00000   44  155   16.00000   15.00000  6.25%  2588 37943s
 394601 25775 infeasible  139        16.00000   15.00000  6.25%  2588 38027s
 395100 25705 infeasible  110        16.00000   15.00000  6.25%  2588 38116s
 395538 25858 infeasible  130        16.00000   15.00000  6.25%  2589 38202s
 396571 25777 infeasible  330        16.00000   15.00000  6.25%  2587 38278s
 397204 25842 infeasible   61        16.00000   15.00000  6.25%  2588 38375s
 397959 25915 infeasible   78        16.00000   15.00000  6.25%  2588 38470s
 399278 26170 infeasible   33        16.00000   15.00000  6.25%  2588 38549s
 399921 26132   15.00000   49  186   16.00000   15.00000  6.25%  2587 38624s
 400191 26080 infeasible   38        16.00000   15.00000  6.25%  2587 38707s
 400983 25852 infeasible  136        16.00000   15.00000  6.25%  2588 38796s
 401863 25767   15.00000   93  154   16.00000   15.00000  6.25%  2589 38880s
 402940 25718 infeasible  223        16.00000   15.00000  6.25%  2590 38960s
 403153 25811   15.00000   72  175   16.00000   15.00000  6.25%  2590 39039s
 403502 25811   15.00000   90  144   16.00000   15.00000  6.25%  2590 39040s
 403584 25842   15.00000   86  162   16.00000   15.00000  6.25%  2590 39122s
 404351 25653 infeasible  416        16.00000   15.00000  6.25%  2590 39204s
 404925 25653 infeasible  283        16.00000   15.00000  6.25%  2591 39205s
 405308 26319 infeasible  649        16.00000   15.00000  6.25%  2592 39290s
 406802 26136   15.00000   69  160   16.00000   15.00000  6.25%  2589 39361s
 407449 25887 infeasible  286        16.00000   15.00000  6.25%  2590 39430s
 407898 25847   15.00000  198  190   16.00000   15.00000  6.25%  2592 39507s
 408398 25963 infeasible  302        16.00000   15.00000  6.25%  2592 39589s
 409180 26176 infeasible   42        16.00000   15.00000  6.25%  2591 39673s
 410351 25780 infeasible  106        16.00000   15.00000  6.25%  2590 39753s
 411167 25677 infeasible  321        16.00000   15.00000  6.25%  2593 39837s
 411456 26038   15.00000   46  178   16.00000   15.00000  6.25%  2594 39918s
 412361 25969   15.00000  191  155   16.00000   15.00000  6.25%  2592 39992s
 413040 25992 infeasible  111        16.00000   15.00000  6.25%  2592 40077s
 414057 25794   15.00000  207  162   16.00000   15.00000  6.25%  2592 40152s
 415117 25923   15.00000   68  154   16.00000   15.00000  6.25%  2594 40221s
 416346 25781 infeasible   83        16.00000   15.00000  6.25%  2593 40281s
 417060 25622 infeasible  122        16.00000   15.00000  6.25%  2594 40355s
 417563 25825 infeasible  103        16.00000   15.00000  6.25%  2596 40415s
 418434 26349   15.00000   68  153   16.00000   15.00000  6.25%  2594 40481s
 419468 26084 infeasible  188        16.00000   15.00000  6.25%  2592 40537s
 419877 26045   15.00000   80  177   16.00000   15.00000  6.25%  2593 40599s
 420034 26023   15.00000   81  174   16.00000   15.00000  6.25%  2594 40659s
 420462 25916 infeasible  111        16.00000   15.00000  6.25%  2594 40725s
 421099 25993 infeasible   43        16.00000   15.00000  6.25%  2595 40795s
 422058 25856   15.00000   53  198   16.00000   15.00000  6.25%  2595 40861s
 422627 25879 infeasible  225        16.00000   15.00000  6.25%  2596 40926s
 423118 25802 infeasible  234        16.00000   15.00000  6.25%  2596 41003s
 423449 25809   15.00000   30  187   16.00000   15.00000  6.25%  2596 41082s
 423946 25940 infeasible   40        16.00000   15.00000  6.25%  2596 41161s
 424973 25991 infeasible   76        16.00000   15.00000  6.25%  2596 41231s
 425950 25633   15.00000  227  147   16.00000   15.00000  6.25%  2596 41300s
 426448 25955 infeasible  173        16.00000   15.00000  6.25%  2598 41370s
 427778 25765 infeasible  249        16.00000   15.00000  6.25%  2596 41446s
 428464 25949   15.00000   81  144   16.00000   15.00000  6.25%  2597 41531s
 429248 25874   15.00000  176  170   16.00000   15.00000  6.25%  2597 41618s
 430033 25714 infeasible  470        16.00000   15.00000  6.25%  2597 41711s
 430747 26040 infeasible  411        16.00000   15.00000  6.25%  2597 41801s
 431725 25653   15.00000  112  153   16.00000   15.00000  6.25%  2596 41880s
 432378 25691 infeasible   85        16.00000   15.00000  6.25%  2598 41969s
 432587 25691 infeasible   74        16.00000   15.00000  6.25%  2598 41970s
 433698 25846 infeasible  454        16.00000   15.00000  6.25%  2598 42049s
 434513 25705   15.00000  220  155   16.00000   15.00000  6.25%  2598 42121s
 435184 25891   15.00000   71  146   16.00000   15.00000  6.25%  2598 42194s
 436372 25736   15.00000   78  145   16.00000   15.00000  6.25%  2598 42269s
 436807 25627   15.00000   79  144   16.00000   15.00000  6.25%  2599 42344s
 437532 25591   15.00000   59  115   16.00000   15.00000  6.25%  2599 42422s
 438626 25938   15.00000  107  146   16.00000   15.00000  6.25%  2599 42509s
 439379 26014   15.00000  101  150   16.00000   15.00000  6.25%  2597 42585s
 439921 25961   15.00000  221  158   16.00000   15.00000  6.25%  2597 42663s
 440940 25880   15.00000  139  153   16.00000   15.00000  6.25%  2597 42743s
 441373 26209 infeasible  288        16.00000   15.00000  6.25%  2598 42828s
 441914 26255   15.00000  192  168   16.00000   15.00000  6.25%  2596 42907s
 442656 26015   15.00000   66  147   16.00000   15.00000  6.25%  2596 42981s
 443434 26293 infeasible  165        16.00000   15.00000  6.25%  2596 43055s
 444514 26250 infeasible   50        16.00000   15.00000  6.25%  2595 43119s
 445197 25899 infeasible  124        16.00000   15.00000  6.25%  2595 43184s
 445558 25866 infeasible  128        16.00000   15.00000  6.25%  2596 43200s

Cutting planes:
  Cover: 1
  Flow cover: 19

Explored 445603 nodes (1156973432 simplex iterations) in 43200.15 seconds (132683.56 work units)
Thread count was 8 (of 56 available processors)

Solution count 10: 16 17 18 ... 100

Time limit reached
Best objective 1.600000000000e+01, best bound 1.500000000000e+01, gap 6.2500%

User-callback calls 6701674, time in user-callback 28.42 sec
Set parameter TimeLimit to value 1.7992135894298553e+03
Gurobi Optimizer version 12.0.3 build v12.0.3rc0 (linux64 - "Ubuntu 24.04.4 LTS")

CPU model: Intel(R) Xeon(R) Gold 6348 CPU @ 2.60GHz, instruction set [SSE2|AVX|AVX2|AVX512]
Thread count: 56 physical cores, 56 logical processors, using up to 8 threads

Non-default parameters:
TimeLimit  1.7992135894298553e+03
Heuristics  0.5
MIPFocus  1
NoRelHeurTime  1800
Threads  8

Optimize a model with 303 rows, 38130 columns and 935045 nonzeros
Model fingerprint: 0x4f6afaff
Variable types: 0 continuous, 38130 integer (38130 binary)
Coefficient statistics:
  Matrix range     [1e+00, 1e+00]
  Objective range  [1e-11, 1e+02]
  Bounds range     [1e+00, 1e+00]
  RHS range        [1e+00, 2e+01]

Loaded user MIP start with objective 1000.09
MIP start from previous solve did not produce a new incumbent solution

Presolve removed 0 rows and 149 columns
Presolve time: 1.75s
Presolved: 303 rows, 37981 columns, 931666 nonzeros
Variable types: 0 continuous, 37981 integer (37981 binary)
Starting NoRel heuristic
Found heuristic solution: objective 961.7760000
Found heuristic solution: objective 960.0400000
Found heuristic solution: objective 957.3120000
Elapsed time for NoRel heuristic: 6s (best bound 446.905)
Elapsed time for NoRel heuristic: 13s (best bound 446.905)
Elapsed time for NoRel heuristic: 26s (best bound 470.174)
Elapsed time for NoRel heuristic: 39s (best bound 470.174)
Elapsed time for NoRel heuristic: 49s (best bound 470.174)
Elapsed time for NoRel heuristic: 62s (best bound 470.174)
Elapsed time for NoRel heuristic: 74s (best bound 470.174)
Elapsed time for NoRel heuristic: 90s (best bound 472.615)
Elapsed time for NoRel heuristic: 112s (best bound 472.615)
Elapsed time for NoRel heuristic: 134s (best bound 472.615)
Elapsed time for NoRel heuristic: 167s (best bound 472.615)
Elapsed time for NoRel heuristic: 197s (best bound 472.615)
Elapsed time for NoRel heuristic: 204s (best bound 472.615)
Elapsed time for NoRel heuristic: 221s (best bound 472.615)
Elapsed time for NoRel heuristic: 250s (best bound 472.615)
Elapsed time for NoRel heuristic: 291s (best bound 472.615)
Elapsed time for NoRel heuristic: 408s (best bound 472.615)
Elapsed time for NoRel heuristic: 553s (best bound 472.615)
Elapsed time for NoRel heuristic: 740s (best bound 472.615)
Elapsed time for NoRel heuristic: 1051s (best bound 472.615)
Elapsed time for NoRel heuristic: 1226s (best bound 472.615)
Elapsed time for NoRel heuristic: 1468s (best bound 472.615)
Elapsed time for NoRel heuristic: 1734s (best bound 472.615)
Elapsed time for NoRel heuristic: 1798s (best bound 472.615)
NoRel heuristic complete

Explored 0 nodes (0 simplex iterations) in 1799.41 seconds (3009.12 work units)
Thread count was 8 (of 56 available processors)

Solution count 4: 957.312 960.04 961.776 1000.09 

Time limit reached
Best objective 9.573119999974e+02, best bound 4.726145475821e+02, gap 50.6311%

User-callback calls 356040, time in user-callback 2.52 sec
