
Gurobi 12.0.3 (linux64) logging started Mon Sep 21 16:01:31 2026

Set parameter LogFile to value "/home/nc437/ladder-lite/integer_columns_20260921/results/c1_k08/control_s20260922/668458_r0/mip_gurobi.log"
Set parameter OutputFlag to value 1
Set parameter TimeLimit to value 3600
Set parameter MIPGap to value 0.0001
Set parameter Threads to value 8
Set parameter Seed to value 20260922
Set parameter TimeLimit to value 1800
Gurobi Optimizer version 12.0.3 build v12.0.3rc0 (linux64 - "Ubuntu 24.04.4 LTS")

CPU model: Intel(R) Xeon(R) Gold 6230 CPU @ 2.10GHz, instruction set [SSE2|AVX|AVX2|AVX512]
Thread count: 40 physical cores, 40 logical processors, using up to 8 threads

Non-default parameters:
TimeLimit  1800
Seed  20260922
Threads  8

Optimize a model with 194 rows, 39940 columns and 1092654 nonzeros
Model fingerprint: 0x8fae06be
Variable types: 0 continuous, 39940 integer (39940 binary)
Coefficient statistics:
  Matrix range     [1e+00, 1e+00]
  Objective range  [1e+00, 1e+00]
  Bounds range     [1e+00, 1e+00]
  RHS range        [1e+00, 1e+00]

Loaded user MIP start with objective 63

Presolve removed 0 rows and 198 columns
Presolve time: 2.20s
Presolved: 194 rows, 39742 columns, 1088432 nonzeros
Variable types: 0 continuous, 39742 integer (39742 binary)
Found heuristic solution: objective 57.0000000

Starting sifting (using dual simplex for sub-problems)...

    Iter     Pivots    Primal Obj      Dual Obj        Time
       0          0     infinity      0.0000000e+00      2s
       1        245   9.3241206e+00   3.0198352e+00      2s
       2        925   8.9630963e+00   5.0842771e+00      2s
       3       1810   8.7793453e+00   6.3916582e+00      3s
       4       2809   8.5536922e+00   6.7856111e+00      3s
       5       3965   8.2574339e+00   7.1994337e+00      3s
       6       4937   8.1238250e+00   7.3396188e+00      3s
       7       5639   8.0000000e+00   8.0000000e+00      3s

Sifting complete


Root relaxation: objective 8.000000e+00, 5639 iterations, 0.57 seconds (0.59 work units)

    Nodes    |    Current Node    |     Objective Bounds      |     Work
 Expl Unexpl |  Obj  Depth IntInf | Incumbent    BestBd   Gap | It/Node Time

     0     0    8.00000    0   91   57.00000    8.00000  86.0%     -    5s
H    0     0                      19.0000000    8.00000  57.9%     -    5s
H    0     0                      15.0000000    8.00000  46.7%     -    5s
H    0     0                      14.0000000    8.00000  42.9%     -    5s
H    0     0                      13.0000000    8.00000  38.5%     -    5s
H    0     0                      11.0000000    8.00000  27.3%     -    5s
H    0     0                      10.0000000    8.00000  20.0%     -    6s
     0     0    8.00000    0   90   10.00000    8.00000  20.0%     -   11s
     0     0    8.00000    0   89   10.00000    8.00000  20.0%     -   20s
     0     0    8.00000    0   85   10.00000    8.00000  20.0%     -   25s
     0     0    8.00000    0   79   10.00000    8.00000  20.0%     -   25s
     0     0    8.00000    0   74   10.00000    8.00000  20.0%     -   30s
     0     0    8.00000    0   74   10.00000    8.00000  20.0%     -   34s
     0     2    8.00000    0   74   10.00000    8.00000  20.0%     -   42s
     7    16    8.00000    3  104   10.00000    8.00000  20.0%  3862   45s
    90   128    8.00000   11  120   10.00000    8.00000  20.0%  1855   50s
   127   136    8.00000   14  130   10.00000    8.00000  20.0%  1400   56s
   135   144    8.00000   15  137   10.00000    8.00000  20.0%  1423   60s
   143   152    8.00000   16  141   10.00000    8.00000  20.0%  1429   69s
   151   174    8.00000   17  123   10.00000    8.00000  20.0%  1432   77s
H  165   174                       9.0000000    8.00000  11.1%  1323   77s
   174   114    8.00000    6   74    9.00000    8.00000  11.1%  1257   86s
   176   115    8.00000   21  106    9.00000    8.00000  11.1%  1242   90s
   177   116    8.00000    6   99    9.00000    8.00000  11.1%  1235   99s
   178   117    8.00000    5   93    9.00000    8.00000  11.1%  1228  102s
   181   119    8.00000   22   98    9.00000    8.00000  11.1%  1208  105s
   184   121    8.00000   15   88    9.00000    8.00000  11.1%  1188  110s
   189   125    8.00000   13   77    9.00000    8.00000  11.1%   355  116s
   222   139    8.00000   19  134    9.00000    8.00000  11.1%   347  121s
   263   132    8.00000   21   86    9.00000    8.00000  11.1%   382  125s
   296   121 infeasible   22         9.00000    8.00000  11.1%   415  130s
   344   106 infeasible   26         9.00000    8.00000  11.1%   439  135s
   440    98 infeasible   33         9.00000    8.00000  11.1%   432  140s
   472    95    8.00000   36   91    9.00000    8.00000  11.1%   445  147s
   529    93 infeasible   40         9.00000    8.00000  11.1%   449  150s
   710   190    8.00000   56  128    9.00000    8.00000  11.1%   436  164s
   777   227    8.00000   61  114    9.00000    8.00000  11.1%   452  174s
   856   241 infeasible   90         9.00000    8.00000  11.1%   465  185s
  1384   266 infeasible   57         9.00000    8.00000  11.1%   513  194s
  1633   217 infeasible   38         9.00000    8.00000  11.1%   464  210s
  1728   352    8.00000   40  123    9.00000    8.00000  11.1%   491  218s
  2072   332    8.00000   82  122    9.00000    8.00000  11.1%   471  230s
  2410   285 infeasible   90         9.00000    8.00000  11.1%   481  258s
  2535   411    8.00000   60   94    9.00000    8.00000  11.1%   484  269s
  2773   505    8.00000   92  129    9.00000    8.00000  11.1%   473  286s
  3271   317 infeasible   94         9.00000    8.00000  11.1%   478  304s
  3481   264    8.00000   70   74    9.00000    8.00000  11.1%   515  316s
  3655   313 infeasible  169         9.00000    8.00000  11.1%   506  326s
  3956   429    8.00000   28  151    9.00000    8.00000  11.1%   504  338s
  4364   417    8.00000   66  150    9.00000    8.00000  11.1%   498  353s
  4504   570 infeasible   73         9.00000    8.00000  11.1%   506  367s
  5165   603 infeasible   39         9.00000    8.00000  11.1%   503  382s
  5917   426 infeasible  233         9.00000    8.00000  11.1%   514  397s
  6144   340    8.00000   28  113    9.00000    8.00000  11.1%   529  415s
  6390   305    8.00000   42  106    9.00000    8.00000  11.1%   540  427s
  6591   273    8.00000   60  113    9.00000    8.00000  11.1%   542  438s
  6842   178    8.00000   37  109    9.00000    8.00000  11.1%   549  448s
  7013   357    8.00000   44   99    9.00000    8.00000  11.1%   548  458s
  7379   301    8.00000   70   90    9.00000    8.00000  11.1%   537  471s
  7702   322 infeasible   84         9.00000    8.00000  11.1%   525  482s
  8057   222 infeasible   44         9.00000    8.00000  11.1%   515  519s
  8269   371    8.00000   46  122    9.00000    8.00000  11.1%   526  533s
  8634   493 infeasible  177         9.00000    8.00000  11.1%   523  548s
  9260   498    8.00000   72  150    9.00000    8.00000  11.1%   523  566s
  9383   773    8.00000   83  152    9.00000    8.00000  11.1%   525  581s
 10233   654    8.00000  187  151    9.00000    8.00000  11.1%   519  595s
 10632   496    8.00000  258  151    9.00000    8.00000  11.1%   535  609s
 10868   474    8.00000  259  149    9.00000    8.00000  11.1%   547  633s
 11164   567    8.00000  305  143    9.00000    8.00000  11.1%   551  651s
 11803   509    8.00000  306  142    9.00000    8.00000  11.1%   551  668s
 11929   711    8.00000  307  129    9.00000    8.00000  11.1%   554  685s
 12429   641 infeasible  117         9.00000    8.00000  11.1%   543  703s
 12633   642 infeasible  149         9.00000    8.00000  11.1%   540  723s
 13204   444 infeasible   48         9.00000    8.00000  11.1%   532  742s
 13436   376 infeasible  166         9.00000    8.00000  11.1%   529  760s
 13720   273 infeasible  261         9.00000    8.00000  11.1%   531  781s
 14327   301 infeasible   77         9.00000    8.00000  11.1%   538  802s
 14847   293    8.00000  163   93    9.00000    8.00000  11.1%   527  823s
 15039   815    8.00000  172  105    9.00000    8.00000  11.1%   527  843s
 16049  1406    8.00000  300  114    9.00000    8.00000  11.1%   503  869s
 17269  1289    8.00000  193  104    9.00000    8.00000  11.1%   477  884s
 17682  1276 infeasible  109         9.00000    8.00000  11.1%   472  901s
 18369  1173    8.00000  309  106    9.00000    8.00000  11.1%   463  918s
 19113  1201 infeasible  194         9.00000    8.00000  11.1%   453  937s
 19336  1216    8.00000  236  104    9.00000    8.00000  11.1%   451  957s
 20245  1275 infeasible  334         9.00000    8.00000  11.1%   439  979s
 20712  1024    8.00000  219   95    9.00000    8.00000  11.1%   433  999s
 21713   714    8.00000  293  113    9.00000    8.00000  11.1%   423 1017s
 22617   365    8.00000  183   91    9.00000    8.00000  11.1%   416 1036s
 23526   296 infeasible  393         9.00000    8.00000  11.1%   409 1054s
 24221   295 infeasible  337         9.00000    8.00000  11.1%   403 1073s
 24928   189 infeasible   92         9.00000    8.00000  11.1%   398 1092s
 25344    77 infeasible  132         9.00000    8.00000  11.1%   395 1112s
 25536    14    8.00000  103   96    9.00000    8.00000  11.1%   394 1131s
 25607    73 infeasible  104         9.00000    8.00000  11.1%   393 1148s
 25700   204 infeasible  174         9.00000    8.00000  11.1%   392 1165s
 26296   121 infeasible  212         9.00000    8.00000  11.1%   386 1181s
 26533    51 infeasible  146         9.00000    8.00000  11.1%   385 1200s
 26701     0 infeasible  354         9.00000    8.00000  11.1%   384 1205s

Cutting planes:
  Flow cover: 14

Explored 26760 nodes (10583282 simplex iterations) in 1205.28 seconds (2788.89 work units)
Thread count was 8 (of 40 available processors)

Solution count 9: 9 10 11 ... 63

Optimal solution found (tolerance 1.00e-04)
Best objective 9.000000000000e+00, best bound 9.000000000000e+00, gap 0.0000%

User-callback calls 381437, time in user-callback 2.17 sec
Set parameter TimeLimit to value 2.3936053268909454e+03
Gurobi Optimizer version 12.0.3 build v12.0.3rc0 (linux64 - "Ubuntu 24.04.4 LTS")

CPU model: Intel(R) Xeon(R) Gold 6230 CPU @ 2.10GHz, instruction set [SSE2|AVX|AVX2|AVX512]
Thread count: 40 physical cores, 40 logical processors, using up to 8 threads

Non-default parameters:
TimeLimit  2.3936053268909454e+03
Seed  20260922
Threads  8

Optimize a model with 195 rows, 39940 columns and 1132594 nonzeros
Model fingerprint: 0x51778628
Variable types: 0 continuous, 39940 integer (39940 binary)
Coefficient statistics:
  Matrix range     [1e+00, 1e+00]
  Objective range  [9e+00, 2e+02]
  Bounds range     [1e+00, 1e+00]
  RHS range        [1e+00, 9e+00]

Loaded user MIP start with objective 501.296
MIP start from previous solve did not produce a new incumbent solution

Presolve removed 0 rows and 11 columns
Presolve time: 2.40s
Presolved: 195 rows, 39929 columns, 1132338 nonzeros
Variable types: 0 continuous, 39929 integer (39929 binary)

Starting sifting (using dual simplex for sub-problems)...

    Iter     Pivots    Primal Obj      Dual Obj        Time
       0          0     infinity      0.0000000e+00      3s
       1        722   8.0069904e+05   2.8800354e+01      3s
       2       1402   5.2876973e+02   1.7994833e+02      3s
       3       2288   4.3494275e+02   2.4947521e+02      3s
       4       3149   3.7816384e+02   3.1531100e+02      3s
       5       4038   3.6497705e+02   3.3631286e+02      3s
       6       4782   3.6187534e+02   3.5322656e+02      3s

Sifting complete


Root relaxation: objective 3.616933e+02, 5435 iterations, 0.74 seconds (0.96 work units)

    Nodes    |    Current Node    |     Objective Bounds      |     Work
 Expl Unexpl |  Obj  Depth IntInf | Incumbent    BestBd   Gap | It/Node Time

     0     0  361.69328    0  166  501.29600  361.69328  27.8%     -    3s
H    0     0                     501.0480000  361.69328  27.8%     -    4s
     0     0  362.01626    0  169  501.04800  362.01626  27.7%     -    5s
H    0     0                     489.6000000  362.01626  26.1%     -    8s
     0     0  362.53135    0  173  489.60000  362.53135  26.0%     -   12s
     0     0  362.67314    0  178  489.60000  362.67314  25.9%     -   14s
     0     0  362.67314    0  180  489.60000  362.67314  25.9%     -   15s
     0     0  362.78272    0  180  489.60000  362.78272  25.9%     -   16s
     0     0  362.92622    0  179  489.60000  362.92622  25.9%     -   18s
     0     0  363.02174    0  180  489.60000  363.02174  25.9%     -   18s
     0     0  363.06556    0  181  489.60000  363.06556  25.8%     -   18s
     0     0  363.10523    0  186  489.60000  363.10523  25.8%     -   19s
     0     0  363.10573    0  186  489.60000  363.10573  25.8%     -   19s
     0     2  363.10729    0  186  489.60000  363.10729  25.8%     -   34s
     1     4  363.31891    1  179  489.60000  363.10947  25.8%   165   36s
     7    16  363.80800    3  182  489.60000  363.51978  25.8%   484   40s
H   46    49                     489.3520000  363.82753  25.7%   256   41s
    56    65  364.19780   10  181  489.35200  363.82753  25.7%   230   51s
    88    97  364.42567   14  180  489.35200  363.82753  25.7%   176   55s
H  119   121                     484.1040000  363.82753  24.8%   148   57s
   154   175  364.75900   23  184  484.10400  363.82753  24.8%   130   60s
H  158   175                     483.6480000  363.82753  24.8%   128   60s
H  208   214                     478.6080000  363.82753  24.0%   111   61s
   294   308  365.01654   39  185  478.60800  363.82753  24.0%  90.9   65s
   367   404  365.26792   46  183  478.60800  363.82753  24.0%  82.9   70s
   609   656  365.67706   69  178  478.60800  363.82753  24.0%  69.0   75s
   924   994  366.14236   97  176  478.60800  363.82753  24.0%  61.0   80s
  1292  1367  366.82515  121  185  478.60800  363.82753  24.0%  56.1   85s
  1450  1499  367.04304  133  182  478.60800  363.85528  24.0%  56.3   90s
  1647  1646  367.34363  150  183  478.60800  363.85528  24.0%  55.8  102s
  1655  1654  367.38504  151  179  478.60800  363.85528  24.0%  55.8  118s
H 1656  1654                     474.9280000  363.85528  23.4%  55.8  118s
  1732  1811  367.46717  158  185  474.92800  363.85528  23.4%  55.7  121s
  1985  2049  367.72010  183  182  474.92800  363.85528  23.4%  54.5  429s
  2058  2057  367.76001  193  181  474.92800  363.85528  23.4%  54.4  434s
  2066  2065  367.77404  194  180  474.92800  363.85528  23.4%  54.4  439s
  2074  2073  367.78287  195  177  474.92800  363.85528  23.4%  54.5  442s
  2082  2081  367.78625  196  177  474.92800  363.85528  23.4%  54.5  449s
  2090  2089  367.78957  197  177  474.92800  363.85528  23.4%  54.4  455s
  2098  2097  367.79524  198  176  474.92800  363.85528  23.4%  54.4  462s
  2106  2108  367.79701  199  176  474.92800  363.85528  23.4%  54.4  466s
  2117  2159  368.13547  200  185  474.92800  363.85528  23.4%  54.5  475s
  2168  2193  368.19107  201  181  474.92800  363.85528  23.4%  54.4  480s
  2202  2270  368.20644  202  179  474.92800  363.85528  23.4%  54.3  492s
  2279  2350  368.26022  203  177  474.92800  363.85528  23.4%  54.1  495s
  2452  2558  368.41574  205  184  474.92800  363.85528  23.4%  54.9  501s
  2567  2680  368.43310  206  182  474.92800  363.85528  23.4%  54.3  505s
  2807  2939  368.70422  229  175  474.92800  363.85528  23.4%  54.2  511s
  3102  3297  369.23168  251  179  474.92800  363.85528  23.4%  53.8  517s
  3306  3462  369.43546  265  178  474.92800  363.85528  23.4%  53.2  520s
  3634  3854  369.87410  285  175  474.92800  363.85528  23.4%  53.0  526s
  4113  4327  371.07923  314  178  474.92800  363.85528  23.4%  51.7  532s
  4336  4335  371.35607  335  183  474.92800  363.85528  23.4%  51.5  542s
  4344  4355  371.36576  336  181  474.92800  363.85528  23.4%  51.4  565s
  4364  4373  371.37097  337  179  474.92800  363.85528  23.4%  51.4  570s
  4382  4407  371.38199  338  182  474.92800  363.85528  23.4%  51.3  581s
  4416  4478  371.38353  339  181  474.92800  363.85528  23.4%  51.3  586s
  4487  4546  371.73009  352  175  474.92800  363.85528  23.4%  51.3  591s
  4555  4669  372.20990  368  176  474.92800  363.85528  23.4%  51.4  596s
  4678  4787  372.70529  378  179  474.92800  363.85528  23.4%  51.4  601s
  4796  4982  372.97511  396  177  474.92800  363.85528  23.4%  51.1  606s
  4991  5318  373.00280  397  177  474.92800  363.85528  23.4%  50.4  611s
  5327  5701  373.20200  406  181  474.92800  363.85528  23.4%  49.5  615s
  5710  6083  373.57532  430  181  474.92800  363.85528  23.4%  48.7  620s
  6092  6537  373.88723  454  184  474.92800  363.85528  23.4%  47.8  625s
  6546  6936  374.24681  482  183  474.92800  363.85528  23.4%  46.8  630s
  6945  7408  374.58112  514  178  474.92800  363.85528  23.4%  46.2  635s
  7418  7409  397.98760  247  186  474.92800  363.85528  23.4%  45.5  642s
  7420  7410  383.74502  553  166  474.92800  363.85528  23.4%  45.4  652s
  7421  7411  392.89249  608  170  474.92800  363.85528  23.4%  45.4  666s
  7424  7413  377.44294  226  178  474.92800  363.85528  23.4%  45.4  670s
  7425  7414  424.46413   10  180  474.92800  363.85528  23.4%  45.4  685s
  7428  7416  388.04933  466  187  474.92800  363.85528  23.4%  45.4  695s
  7430  7417  394.80388  855  186  474.92800  364.83038  23.2%  45.4  720s
  7433  7424  364.83038   13  183  474.92800  364.83038  23.2%  46.4  726s
  7445  7436  364.83038   15  189  474.92800  364.83038  23.2%  47.1  730s
  7472  7454  377.83834   17  127  474.92800  364.83038  23.2%  48.1  738s
  7480  7461  364.83038   18  186  474.92800  364.83038  23.2%  48.6  746s
  7490  7468  369.79585   18  145  474.92800  364.83038  23.2%  49.3  750s
  7512  7483  364.83038   20  185  474.92800  364.83038  23.2%  51.0  758s
  7524  7490  364.83038   21  185  474.92800  364.83038  23.2%  51.7  761s
  7536  7498  364.83038   22  183  474.92800  364.83038  23.2%  52.6  765s
  7560  7514  364.93720   24  191  474.92800  364.83038  23.2%  54.4  772s
  7572  7522  364.99140   25  188  474.92800  364.83038  23.2%  54.9  775s
  7594  7532  375.72286   26  155  474.92800  364.83038  23.2%  56.1  782s
  7604  7542  365.09195   27  189  474.92800  364.83038  23.2%  56.8  787s
  7617  7552  365.11071   28  189  474.92800  364.83038  23.2%  58.0  790s
  7646  7566  365.21140   30  189  474.92800  364.83038  23.2%  60.1  796s
  7661  7575  365.26179   31  189  474.92800  364.83038  23.2%  61.2  800s
  7677  7584  365.36277   32  189  474.92800  364.83038  23.2%  62.2  805s
  7691  7595  365.49027   33  190  474.92800  364.83038  23.2%  63.2  810s
  7728  7613  365.61335   35  189  474.92800  364.83038  23.2%  65.5  819s
  7742  7625  365.66251   36  188  474.92800  364.83038  23.2%  66.7  823s
  7759  7635  365.73674   37  186  474.92800  364.83038  23.2%  67.6  827s
  7775  7649  365.75256   38  185  474.92800  364.83038  23.2%  68.9  832s
  7798  7664  365.78337   39  189  474.92800  364.83038  23.2%  70.6  836s
  7821  7680  365.80254   40  187  474.92800  364.83038  23.2%  72.0  841s
  7844  7696  366.01154   41  186  474.92800  364.83038  23.2%  73.2  846s
  7868  7713  366.09021   42  186  474.92800  364.83038  23.2%  74.8  851s
  7895  7730  389.86850   43  127  474.92800  364.83038  23.2%  76.6  857s
  7925  7729  366.19495   45  185  474.92800  364.83038  23.2%  78.3  865s
  7936  7737  380.55408   45  158  474.92800  364.83038  23.2%  78.9  877s
  7953  7751  366.36648   47  186  474.92800  364.83038  23.2%  80.1  889s
  7972  7770  366.36648   48  186  474.92800  364.83038  23.2%  81.5 1190s
  8000  7769  366.41327   50  191  474.92800  364.83038  23.2%  83.1 1206s
  8008  7779  381.70147   50  152  474.92800  364.83038  23.2%  83.5 1213s
  8021  7802  366.45351   51  190  474.92800  364.83038  23.2%  84.2 1221s
  8048  7816  382.39553   51  149  474.92800  364.83038  23.2%  85.8 1238s
  8073  7839  366.47934   52  189  474.92800  364.83038  23.2%  86.7 1248s
  8110  7864  366.51285   53  191  474.92800  364.83038  23.2%  89.2 1255s
  8151  7892  366.67700   55  194  474.92800  364.83038  23.2%  91.6 1263s
  8196  7926  366.76158   57  195  474.92800  364.83038  23.2%  94.1 1272s
  8245  7953  376.24974   59  139  474.92800  364.83038  23.2%  96.6 1280s
  8293  7991  367.09816   62  191  474.92800  364.83038  23.2%  99.3 1289s
  8347  8020  367.34176   65  186  474.92800  364.83038  23.2%   102 1298s
  8398  8049  386.13842   67  144  474.92800  364.83038  23.2%   105 1307s
  8450  8084  367.56406   70  189  474.92800  364.83038  23.2%   107 1317s
  8508  8123  367.65709   73  188  474.92800  364.83038  23.2%   110 1327s
  8569  8163  367.89970   76  185  474.92800  364.83038  23.2%   113 1338s
  8634  8195  368.13263   79  186  474.92800  364.83038  23.2%   116 1348s
  8699  8215  368.28155   82  183  474.92800  364.83038  23.2%   119 1361s
  8743  8260  394.73516   82  151  474.92800  364.83038  23.2%   121 1373s
  8810  8301  368.34799   86  188  474.92800  364.83038  23.2%   124 1384s
  8883  8349  368.43900   90  188  474.92800  364.83038  23.2%   128 1397s
  8962  8389  368.51230   94  187  474.92800  364.83038  23.2%   131 1410s
  9040  8437  368.65634   98  179  474.92800  364.83038  23.2%   135 1424s
  9123  8468  378.06574  102  154  474.92800  364.83038  23.2%   139 1439s
  9189  8535  368.82491  105  184  474.92800  364.83038  23.2%   142 1453s
  9280  8580  381.54027  109  164  474.92800  364.83038  23.2%   146 1468s
  9373  8627  369.13264  114  184  474.92800  364.83038  23.2%   150 1486s
  9456  8704  369.34029  117  183  474.92800  364.83038  23.2%   153 1501s
  9570  8781  369.76625  122  186  474.92800  364.83038  23.2%   157 1519s
  9700  8793  370.00010  128  183  474.92800  364.83038  23.2%   161 1540s
  9760  8872  392.08810  130  143  474.92800  364.83038  23.2%   164 1561s
  9877  8916  370.14741  132  186  474.92800  364.83038  23.2%   168 1587s
  9971  8996  370.45801  138  187  474.92800  364.83038  23.2%   171 1612s
 10092  9092  370.57421  141  186  474.92800  364.83038  23.2%   174 1631s
 10253  9191  370.65482  148  184  474.92800  364.83038  23.2%   179 1652s
 10423  9251  370.79811  155  183  474.92800  364.83038  23.2%   184 1676s
 10569  9312  371.39033  160  185  474.92800  364.83038  23.2%   189 1703s
 10699  9406  395.10327  164  154  474.92800  364.83038  23.2%   192 1728s
 10869  9529  389.48415  170  149  474.92800  364.83038  23.2%   197 1751s
 11075  9619  382.91393  178  150  474.92800  364.83038  23.2%   202 1777s
 11262  9745  372.67489  186  185  474.92800  364.83038  23.2%   206 1802s
 11486  9730  373.03816  195  188  474.92800  364.83038  23.2%   212 1846s
 11558  9870  405.22859  195  145  474.92800  364.83038  23.2%   213 1879s
 11750  9965  373.06875  196  189  474.92800  364.83038  23.2%   217 1915s
 11955 10054  373.14627  199  186  474.92800  364.83038  23.2%   222 1949s
 12132 10176  396.59378  205  139  474.92800  364.83038  23.2%   225 1982s
 12363 10331  373.68987  213  183  474.92800  364.83038  23.2%   230 2014s
 12655 10438  373.91411  224  186  474.92800  364.83038  23.2%   236 2050s
 12931 10577  374.10079  233  183  474.92800  364.83038  23.2%   241 2085s
 13210 10742  375.11841  241  183  474.92800  364.83038  23.2%   246 2121s
 13537 10883  375.31378  254  182  474.92800  364.83038  23.2%   252 2163s
 13840 11004  375.74900  265  182  474.92800  364.83038  23.2%   256 2205s
 14165 11135  376.05368  277  182  474.92800  364.83038  23.2%   261 2251s
 14499 11098  376.66835  289  180  474.92800  364.83038  23.2%   265 2306s
 14598 11363  394.98073  292  134  474.92800  364.83038  23.2%   267 2351s
 14997 11444  377.17827  308  179  474.92800  364.83038  23.2%   272 2393s

Cutting planes:
  MIR: 19
  Flow cover: 9

Explored 15314 nodes (4229311 simplex iterations) in 2393.64 seconds (5461.63 work units)
Thread count was 8 (of 40 available processors)

Solution count 8: 474.928 478.608 483.648 ... 501.296

Time limit reached
Best objective 4.749279999995e+02, best bound 3.648303847808e+02, gap 23.1820%

User-callback calls 653349, time in user-callback 4.16 sec
