
Gurobi 12.0.3 (linux64) logging started Tue Sep 22 01:59:52 2026

Set parameter LogFile to value "/home/nc437/ladder-lite/mip_structure_20260922/results/c3_k15_fresh/default/730242_r0/gurobi.log"
Set parameter Threads to value 8
Set parameter Seed to value 0
Set parameter MIPGap to value 0.0001
Set parameter TimeLimit to value 1800
Gurobi Optimizer version 12.0.3 build v12.0.3rc0 (linux64 - "Ubuntu 24.04.4 LTS")

CPU model: Intel(R) Xeon(R) Gold 6230 CPU @ 2.10GHz, instruction set [SSE2|AVX|AVX2|AVX512]
Thread count: 40 physical cores, 80 logical processors, using up to 8 threads

Non-default parameters:
TimeLimit  1800
Threads  8

Optimize a model with 302 rows, 38130 columns and 896915 nonzeros
Model fingerprint: 0x9a6d0205
Variable types: 0 continuous, 38130 integer (38130 binary)
Coefficient statistics:
  Matrix range     [1e+00, 1e+00]
  Objective range  [1e+00, 1e+00]
  Bounds range     [1e+00, 1e+00]
  RHS range        [1e+00, 1e+00]

Loaded user MIP start with objective 100

Presolve removed 0 rows and 2665 columns
Presolve time: 2.16s
Presolved: 302 rows, 35465 columns, 845322 nonzeros
Found heuristic solution: objective 94.0000000
Variable types: 0 continuous, 35465 integer (35465 binary)
Found heuristic solution: objective 82.0000000

Starting sifting (using dual simplex for sub-problems)...

    Iter     Pivots    Primal Obj      Dual Obj        Time
       0          0     infinity      0.0000000e+00      2s
       1        651   1.6764739e+01   5.5695052e+00      2s
       2       2680   1.6485876e+01   1.0372243e+01      3s
       3       4524   1.5874511e+01   1.2221100e+01      3s
       4       6685   1.5256395e+01   1.3454184e+01      3s
       5       7766   1.5000000e+01   1.3644727e+01      3s
       6       8954   1.5000000e+01   1.3738127e+01      3s
       7      10194   1.5000000e+01   1.5000000e+01      4s

Sifting complete


Root relaxation: objective 1.500000e+01, 10194 iterations, 1.32 seconds (1.68 work units)
Total elapsed time = 6.61s (DegenMoves)

    Nodes    |    Current Node    |     Objective Bounds      |     Work
 Expl Unexpl |  Obj  Depth IntInf | Incumbent    BestBd   Gap | It/Node Time

     0     0   15.00000    0  157   82.00000   15.00000  81.7%     -    7s
H    0     0                      33.0000000   15.00000  54.5%     -    7s
H    0     0                      28.0000000   15.00000  46.4%     -    7s
H    0     0                      27.0000000   15.00000  44.4%     -    7s
H    0     0                      26.0000000   15.00000  42.3%     -    7s
H    0     0                      25.0000000   15.00000  40.0%     -    7s
H    0     0                      24.0000000   15.00000  37.5%     -    7s
H    0     0                      23.0000000   15.00000  34.8%     -    8s
H    0     0                      22.0000000   15.00000  31.8%     -    8s
H    0     0                      21.0000000   15.00000  28.6%     -    8s
H    0     0                      20.0000000   15.00000  25.0%     -    9s
     0     0   15.00000    0  154   20.00000   15.00000  25.0%     -   15s
     0     0   15.00000    0  147   20.00000   15.00000  25.0%     -   29s
     0     0   15.00000    0  140   20.00000   15.00000  25.0%     -   36s
     0     0   15.00000    0  131   20.00000   15.00000  25.0%     -   37s
     0     0   15.00000    0  128   20.00000   15.00000  25.0%     -   41s
     0     0   15.00000    0  132   20.00000   15.00000  25.0%     -   43s
     0     0   15.00000    0  126   20.00000   15.00000  25.0%     -   47s
     0     0   15.00000    0  128   20.00000   15.00000  25.0%     -   48s
     0     0   15.00000    0  137   20.00000   15.00000  25.0%     -   52s
     0     0   15.00000    0  131   20.00000   15.00000  25.0%     -   53s
     0     0   15.00000    0  127   20.00000   15.00000  25.0%     -   57s
     0     0   15.00000    0  127   20.00000   15.00000  25.0%     -   61s
     0     2   15.00000    0  127   20.00000   15.00000  25.0%     -   69s
     1     4   15.00000    1  148   20.00000   15.00000  25.0%  9440   70s
    23   121   15.00000    5  192   20.00000   15.00000  25.0%   943   76s
   120   129   15.00000   20  187   20.00000   15.00000  25.0%  1052   86s
H  124   129                      19.0000000   15.00000  21.1%  1026   86s
   128   190   15.00000   21  178   19.00000   15.00000  21.1%  1007   91s
   189   451   15.00000   29  189   19.00000   15.00000  21.1%   858  110s
   450   824   15.00000   51  187   19.00000   15.00000  21.1%   989  135s
   823  1376   15.00000  102  229   19.00000   15.00000  21.1%  1174  164s
  1375  1384   15.00000  157  173   19.00000   15.00000  21.1%  1107  183s
  1383  1605   15.00000  158  156   19.00000   15.00000  21.1%  1102  200s
  1604  2001   15.00000  179  189   19.00000   15.00000  21.1%  1005  224s
  2000  2100   15.00000  226  221   19.00000   15.00000  21.1%  1056  245s
  2099  2652   15.00000  257  218   19.00000   15.00000  21.1%  1095  269s
  2651  3212   15.00000  319  208   19.00000   15.00000  21.1%  1194  293s
  3211  3919   15.00007  382  197   19.00000   15.00000  21.1%  1278  314s
  3918  4436   15.07477  508  205   19.00000   15.00000  21.1%  1216  329s
  4435  4901   15.11884  669  203   19.00000   15.00000  21.1%  1097  343s
  4900  5360   15.17696  774  206   19.00000   15.00000  21.1%  1012  359s
  5359  5414   15.22487  876  203   19.00000   15.00000  21.1%   939  387s
H 5371  5414                      18.0000000   15.00000  16.7%   937  387s
  5413  6026   15.22778  883  204   18.00000   15.00000  16.7%   932  402s
  6025  6309   15.29207  984  203   18.00000   15.00000  16.7%   852  417s
  6308  6875   15.33182 1049  207   18.00000   15.00000  16.7%   820  432s
  6874  7306   15.42228 1155  204   18.00000   15.00000  16.7%   766  446s
  7306  7307   15.00000  123  127   18.00000   15.00000  16.7%   729  453s
  7308  7308   15.47077  847  157   18.00000   15.00000  16.7%   729  465s
  7309  7309   15.54147  968  156   18.00000   15.00000  16.7%   729  489s
  7310  7310   15.00000  250  142   18.00000   15.00000  16.7%   729  496s
  7311  7310   15.00000  402  132   18.00000   15.00000  16.7%   729  512s
  7313  7312   15.17741  639  124   18.00000   15.00000  16.7%   729  520s
  7315  7313   15.52260  934  129   18.00000   15.00000  16.7%   728  527s
  7317  7314   15.74883 1060  127   18.00000   15.00000  16.7%   728  532s
  7318  7315   15.00000  264  127   18.00000   15.00000  16.7%   728  559s
  7319  7319   15.00000   16  133   18.00000   15.00000  16.7%   738  567s
  7325  7329   15.00000   18  133   18.00000   15.00000  16.7%   738  570s
  7341  7356   15.00000   20  149   18.00000   15.00000  16.7%   737  577s
  7366  7369   15.00000   23  181   18.00000   15.00000  16.7%   742  587s
  7387  7370   15.00000   23  171   18.00000   15.00000  16.7%   744  599s
  7395  7375   15.00000   24  163   18.00000   15.00000  16.7%   744  609s
  7403  7391   15.02891   24  172   18.00000   15.00000  16.7%   744  623s
  7421  7427   15.00000   27  160   18.00000   15.00000  16.7%   745  638s
  7463  7481   15.00000   31  126   18.00000   15.00000  16.7%   763  653s
  7531  7470   15.00000   36  121   18.00000   15.00000  16.7%   768  674s
  7543  7527   15.00000   36  169   18.00000   15.00000  16.7%   769  699s
  7604  7632   15.00000   39  139   18.00000   15.00000  16.7%   793  721s
  7729  7732   15.00000   49  138   18.00000   15.00000  16.7%   798  748s
  7871  7709   15.00000   56  163   18.00000   15.00000  16.7%   925  781s
  7895  7750   15.00000   57  164   18.00000   15.00000  16.7%   926  812s
  7944  7876   15.00000   62  177   18.00000   15.00000  16.7%   926  841s
  8087  7953   15.00000   71  140   18.00000   15.00000  16.7%   933  874s
  8211  8087   15.00000   74  179   18.00000   15.00000  16.7%  1031  909s
  8387  8156   15.00000   83  121   18.00000   15.00000  16.7%  1175  943s
  8514  8246   15.00000   90  118   18.00000   15.00000  16.7%  1191  982s
  8647  8289   15.03299   98  148   18.00000   15.00000  16.7%  1255 1020s
  8734  8460   15.00000  106  136   18.00000   15.00000  16.7%  1267 1062s
  8934  8587   15.00000  116  187   18.00000   15.00000  16.7%  1394 1106s
  9128  8722   15.00000  124  174   18.00000   15.00000  16.7%  1540 1146s
  9327  8870   15.00000  132  137   18.00000   15.00000  16.7%  1680 1189s
  9542  8985   15.00000  144  151   18.00000   15.00000  16.7%  1842 1233s
  9728  9116   15.00000  153  133   18.00000   15.00000  16.7%  1987 1271s
  9921  9216   15.00000  163  123   18.00000   15.00000  16.7%  2022 1317s
 10086  9372   15.00000  172  125   18.00000   15.00000  16.7%  2007 1357s
 10297  9524   15.00000  183  167   18.00000   15.00000  16.7%  1995 1402s
 10519  9489   15.00000  192  117   18.00000   15.00000  16.7%  2030 1472s
 10558  9668   15.10728  201  179   18.00000   15.00000  16.7%  2027 1517s
 10750  9875   15.00000  215  111   18.00000   15.00000  16.7%  2011 1563s
 11021 10098   15.00000  226  118   18.00000   15.00000  16.7%  1984 1609s
 11334 10327   15.07103  238  178   18.00000   15.00000  16.7%  1953 1656s
 11668 10515   15.00000  251  131   18.00000   15.00000  16.7%  1918 1702s
 11967 10674   15.00000  264  112   18.00000   15.00000  16.7%  1892 1751s
 12226 10954   15.00000  275  103   18.00000   15.00000  16.7%  1870 1800s

Cutting planes:
  MIR: 1
  Flow cover: 5

Explored 12592 nodes (23209564 simplex iterations) in 1800.03 seconds (4564.45 work units)
Thread count was 8 (of 80 available processors)

Solution count 10: 18 19 20 ... 27

Time limit reached
Best objective 1.800000000000e+01, best bound 1.500000000000e+01, gap 16.6667%

User-callback calls 370531, time in user-callback 2.21 sec
