
Gurobi 12.0.3 (linux64) logging started Mon Sep 21 15:07:30 2026

Set parameter LogFile to value "/home/nc437/ladder-lite/strict_packed_20260921/mip/646676_r0/result.json.gurobi.log"
Set parameter Threads to value 8
Set parameter MIPGap to value 0.0001
Set parameter TimeLimit to value 1800
Gurobi Optimizer version 12.0.3 build v12.0.3rc0 (linux64 - "Ubuntu 24.04.4 LTS")

CPU model: Intel(R) Xeon(R) CPU E5-2665 0 @ 2.40GHz, instruction set [SSE2|AVX]
Thread count: 16 physical cores, 16 logical processors, using up to 8 threads

Non-default parameters:
TimeLimit  1800
Threads  8

Optimize a model with 256 rows, 3086 columns and 80249 nonzeros
Model fingerprint: 0x22f836f7
Variable types: 0 continuous, 3086 integer (3086 binary)
Coefficient statistics:
  Matrix range     [1e+00, 1e+00]
  Objective range  [1e+00, 1e+00]
  Bounds range     [1e+00, 1e+00]
  RHS range        [1e+00, 1e+00]
Found heuristic solution: objective 22.0000000
Presolve removed 0 rows and 586 columns
Presolve time: 0.13s
Presolved: 256 rows, 2500 columns, 74377 nonzeros
Variable types: 0 continuous, 2500 integer (2500 binary)

Root relaxation: objective 9.000000e+00, 1630 iterations, 0.29 seconds (0.36 work units)

    Nodes    |    Current Node    |     Objective Bounds      |     Work
 Expl Unexpl |  Obj  Depth IntInf | Incumbent    BestBd   Gap | It/Node Time

     0     0    9.00000    0  109   22.00000    9.00000  59.1%     -    1s
H    0     0                      10.0000000    9.00000  10.0%     -    1s
     0     0    9.00000    0  117   10.00000    9.00000  10.0%     -    1s
     0     0    9.00000    0  106   10.00000    9.00000  10.0%     -    2s
     0     0    9.00000    0  112   10.00000    9.00000  10.0%     -    3s
     0     0    9.00000    0  100   10.00000    9.00000  10.0%     -    3s
     0     0    9.00000    0   86   10.00000    9.00000  10.0%     -    4s
     0     0    9.00000    0   91   10.00000    9.00000  10.0%     -    4s
     0     0    9.00000    0   97   10.00000    9.00000  10.0%     -    5s
     0     0    9.00000    0   89   10.00000    9.00000  10.0%     -    5s
     0     0    9.00000    0   92   10.00000    9.00000  10.0%     -    6s
     0     0    9.00000    0   92   10.00000    9.00000  10.0%     -    6s
     0     0    9.00000    0  114   10.00000    9.00000  10.0%     -    7s
     0     0    9.00000    0  107   10.00000    9.00000  10.0%     -    7s
     0     0    9.00000    0  108   10.00000    9.00000  10.0%     -    8s
     0     0    9.00000    0   97   10.00000    9.00000  10.0%     -    8s
     0     0    9.00000    0   94   10.00000    9.00000  10.0%     -    8s
     0     0    9.00000    0  100   10.00000    9.00000  10.0%     -    9s
     0     0    9.00000    0   93   10.00000    9.00000  10.0%     -    9s
     0     0    9.00000    0  103   10.00000    9.00000  10.0%     -    9s
     0     0    9.00000    0  103   10.00000    9.00000  10.0%     -    9s
     0     2    9.00000    0  103   10.00000    9.00000  10.0%     -   10s
   501    32 infeasible   49        10.00000    9.00000  10.0%   242   15s
   780     7 infeasible  152        10.00000    9.00000  10.0%   279   20s
   923     6 infeasible  223        10.00000    9.00000  10.0%   290   25s

Cutting planes:
  Cover: 2
  MIR: 19
  Zero half: 4

Explored 993 nodes (310231 simplex iterations) in 26.93 seconds (33.55 work units)
Thread count was 8 (of 16 available processors)

Solution count 2: 10 22 

Optimal solution found (tolerance 1.00e-04)
Best objective 1.000000000000e+01, best bound 1.000000000000e+01, gap 0.0000%
Set parameter TimeLimit to value 3.5730558698670939e+03
Gurobi Optimizer version 12.0.3 build v12.0.3rc0 (linux64 - "Ubuntu 24.04.4 LTS")

CPU model: Intel(R) Xeon(R) CPU E5-2665 0 @ 2.40GHz, instruction set [SSE2|AVX]
Thread count: 16 physical cores, 16 logical processors, using up to 8 threads

Non-default parameters:
TimeLimit  3.5730558698670939e+03
Threads  8

Optimize a model with 257 rows, 3086 columns and 83335 nonzeros
Model fingerprint: 0x25f4bebb
Variable types: 0 continuous, 3086 integer (3086 binary)
Coefficient statistics:
  Matrix range     [1e+00, 1e+00]
  Objective range  [5e+00, 1e+02]
  Bounds range     [1e+00, 1e+00]
  RHS range        [1e+00, 1e+01]

Loaded user MIP start with objective 784.864
MIP start from previous solve did not produce a new incumbent solution

Presolve removed 0 rows and 99 columns
Presolve time: 0.17s
Presolved: 257 rows, 2987 columns, 82448 nonzeros
Variable types: 0 continuous, 2987 integer (2987 binary)

Root relaxation: objective 3.834995e+02, 1515 iterations, 0.42 seconds (0.56 work units)

    Nodes    |    Current Node    |     Objective Bounds      |     Work
 Expl Unexpl |  Obj  Depth IntInf | Incumbent    BestBd   Gap | It/Node Time

     0     0  383.49948    0  223  784.86400  383.49948  51.1%     -    0s
     0     0  384.45232    0  222  784.86400  384.45232  51.0%     -    1s
     0     0  384.67321    0  228  784.86400  384.67321  51.0%     -    3s
     0     0  387.80718    0  226  784.86400  387.80718  50.6%     -    3s
     0     2  387.80718    0  226  784.86400  387.80718  50.6%     -    4s
     7    16  387.80718    3  226  784.86400  387.80718  50.6%   417    5s
H   94    98                     736.1840000  387.80718  47.3%   158    6s
   438   439  402.02082   43  220  736.18400  388.08504  47.3%  99.3   10s
   829   886  411.38197   73  210  736.18400  388.08504  47.3%  83.4   15s
  1196  1312  415.53110  120  210  736.18400  388.08504  47.3%  73.9   20s
  2044  2037  425.02872  211  198  736.18400  388.08504  47.3%  66.2   25s
  2643  2858  430.47784  276  190  736.18400  388.08504  47.3%  65.6   30s
  5132  5101  452.66476  504  184  736.18400  388.08504  47.3%  61.8   35s
  5960  5883  422.69732  186  226  736.18400  388.08504  47.3%  62.0   43s
  5962  5884  428.70222   93  223  736.18400  388.08504  47.3%  62.0   45s
  5972  5891  483.53585  366  225  736.18400  388.08538  47.3%  61.9   56s
  6022  5925  403.56847   16  203  736.18400  390.10726  47.0%  64.4   60s
  6165  5978  413.31281   22  195  736.18400  390.30784  47.0%  72.7   65s
  6277  6041  398.79850   27  219  736.18400  390.30784  47.0%  77.6   70s
  6443  6126  400.80461   31  220  736.18400  390.30784  47.0%  85.0   75s
  6641  6225  431.57883   38  191  736.18400  390.30784  47.0%  92.5   80s
  6910  6338  405.85834   49  217  736.18400  390.30784  47.0%   101   85s
  7173  6421  408.34210   59  212  736.18400  390.30784  47.0%   109   91s
  7212  6439  408.40417   60  217  736.18400  390.30784  47.0%   110   95s
  7283  6501  409.60633   64  209  736.18400  390.30784  47.0%   113  100s
  7678  6651  411.50179   77  214  736.18400  390.30784  47.0%   121  106s
  7952  6712  412.42177   85  213  736.18400  390.30784  47.0%   125  110s
  8392  6841  414.23816   96  209  736.18400  390.30784  47.0%   130  115s
  8920  6901  415.09318  102  205  736.18400  390.30784  47.0%   132  121s
  9338  7251  416.62052  111  209  736.18400  403.57646  45.2%   133  125s
 10361  8018  419.80142  128  208  736.18400  403.82925  45.1%   131  131s
 11028  8120  422.35905  140  208  736.18400  403.82925  45.1%   130  136s
 11175  8224  424.36641  154  205  736.18400  403.82925  45.1%   133  143s
 11253  8689  425.32155  161  207  736.18400  403.82925  45.1%   134  145s
 12301  9008  428.30965  177  206  736.18400  406.64470  44.8%   132  150s
 12950  9152  430.15358  194  196  736.18400  408.18221  44.6%   135  155s
 13064  9402  430.18512  195  197  736.18400  408.18221  44.6%   135  161s
 13634  9876  430.33616  196  196  736.18400  408.98139  44.4%   136  167s
 14033  9963  431.44423  205  200  736.18400  408.98139  44.4%   137  170s
 14683 10490  432.98406  223  196  736.18400  409.09329  44.4%   141  178s
 15176 10758  434.32538  234  194  736.18400  409.09329  44.4%   142  181s
 16063 11192  435.88332  255  192  736.18400  409.09329  44.4%   143  187s
 16539 11236  437.12564  265  193  736.18400  409.09329  44.4%   144  190s
 17248 11563  439.65594  289  194  736.18400  409.09329  44.4%   148  196s
 17725 11765  440.66645  303  192  736.18400  409.09329  44.4%   149  200s
 18861 12264  442.71596  332  192  736.18400  413.34325  43.9%   151  208s
 19255 12687  443.04011  342  187  736.18400  413.57515  43.8%   151  213s
 19916 12659  443.80600  359  187  736.18400  414.21385  43.7%   151  217s
 20210 13171  444.39721  370  179  736.18400  414.21385  43.7%   152  222s
 20931 13423  445.40002  384  184  736.18400  414.57047  43.7%   152  228s
 21567 13869  494.37351  398  158  736.18400  414.57047  43.7%   152  233s
 22437 14374  447.86905  418  179  736.18400  414.57047  43.7%   152  237s
 23528 15157  449.21588  440  177  736.18400  414.57047  43.7%   150  242s
 24904 15818  451.32295  462  173  736.18400  415.16841  43.6%   147  247s
 25872 16585  452.99876  483  177  736.18400  415.16841  43.6%   146  252s
 27018 17030  453.98916  506  171  736.18400  415.16841  43.6%   145  257s
 27611 17941  503.53499  519  157  736.18400  415.70665  43.5%   144  263s
 28710 19084  455.90104  538  171  736.18400  416.91996  43.4%   142  269s
 29960 19085  455.52893   54  226  736.18400  416.91996  43.4%   139  362s
 29962 19086  456.42015  326  223  736.18400  416.91996  43.4%   139  365s
 29974 19094  458.89703   70  234  736.18400  416.91996  43.4%   139  373s
 29976 19096  484.85731   52  236  736.18400  416.91996  43.4%   139  377s
 29978 19097  497.01110  198  232  736.18400  416.91996  43.4%   139  380s
 29981 19099  499.32277  126  236  736.18400  416.91996  43.4%   139  385s
 29985 19102  511.86758  106  239  736.18400  416.91996  43.4%   139  390s
 29989 19104  443.53389   41  240  736.18400  416.91996  43.4%   139  396s
 29992 19106  474.94409   83  238  736.18400  416.91996  43.4%   139  401s
 29994 19108  450.27218  173  238  736.18400  416.91996  43.4%   139  407s
 29996 19109  432.43749   19  242  736.18400  416.91996  43.4%   139  411s
 29999 19111  506.38987   36  246  736.18400  416.91996  43.4%   139  415s
 30007 19125  416.91996   23  227  736.18400  416.91996  43.4%   139  420s
 30095 19167  416.91996   28  218  736.18400  416.91996  43.4%   140  425s
 30208 19228  416.91996   33  202  736.18400  416.91996  43.4%   141  430s
 30375 19313  416.91996   39  223  736.18400  416.91996  43.4%   142  435s
 30474 19368  433.84929   44  178  736.18400  416.91996  43.4%   143  440s
 30623 19442  416.91996   52  216  736.18400  416.91996  43.4%   144  445s
 30825 19545  416.91996   60  223  736.18400  416.91996  43.4%   145  450s
 31025 19619  416.91996   68  232  736.18400  416.91996  43.4%   146  455s
 31193 19680  416.91996   75  225  736.18400  416.91996  43.4%   147  460s
 31396 19742  416.91996   84  219  736.18400  416.91996  43.4%   148  465s
 31633 19785  416.91996   91  218  736.18400  416.91996  43.4%   149  471s
 31803 19827  453.76575   97  172  736.18400  416.91996  43.4%   150  475s
 31971 19865  418.86664  104  210  736.18400  416.91996  43.4%   151  481s
 32191 19904  420.17027  113  208  736.18400  416.91996  43.4%   152  486s
 32325 19872  447.53049  118  179  736.18400  416.91996  43.4%   152  491s
 32336 19889  421.75306  119  210  736.18400  416.91996  43.4%   152  495s
 32449 19941  421.85156  120  207  736.18400  416.91996  43.4%   152  502s
 32671 20077  422.70484  125  212  736.18400  416.91996  43.4%   153  507s
 32806 20149  423.20324  130  212  736.18400  416.91996  43.4%   153  510s
 33109 20316  458.25749  141  179  736.18400  416.91996  43.4%   154  515s
 33509 20614  456.03461  153  166  736.18400  416.91996  43.4%   154  522s
 33808 20925  455.32815  160  162  736.18400  416.91996  43.4%   154  526s
 34219 21283  429.95565  169  202  736.18400  416.91996  43.4%   154  530s
 34902 21588  431.08187  182  201  736.18400  416.91996  43.4%   153  538s
 35274 21864  432.18116  190  196  736.18400  416.91996  43.4%   152  542s
 35710 21923  461.91264  200  170  736.18400  416.91996  43.4%   152  547s
 35940 22218  436.20122  211  201  736.18400  416.91996  43.4%   153  551s
 36312 22409  437.18080  223  197  736.18400  416.91996  43.4%   153  556s
 36660 22470  438.62989  235  193  736.18400  416.91996  43.4%   153  561s
 36855 22595  439.61946  248  195  736.18400  416.91996  43.4%   154  567s
 37065 22920  441.37826  262  193  736.18400  416.91996  43.4%   156  572s
 37530 23207  442.23038  278  190  736.18400  416.91996  43.4%   157  576s
 38063 23504  484.25150  293  168  736.18400  416.91996  43.4%   157  580s
 38648 23880  445.86350  311  186  736.18400  416.91996  43.4%   158  585s
 39348 24135  447.24993  328  186  736.18400  416.91996  43.4%   159  590s
 39961 24564  449.07463  343  187  736.18400  416.91996  43.4%   159  595s
 40800 25084  450.92343  363  183  736.18400  416.91996  43.4%   159  600s
 41801 25260  453.27243  382  172  736.18400  416.91996  43.4%   158  605s
 42564 25650  456.78259  405  183  736.18400  416.91996  43.4%   159  610s
 43587 25927  458.72832  428  181  736.18400  416.91996  43.4%   158  615s
 44581 26273  460.44988  452  178  736.18400  416.91996  43.4%   158  623s
 45911 26384  463.27470  482  176  736.18400  416.91996  43.4%   157  627s
 46633 26812  464.89795  497  175  736.18400  416.91996  43.4%   156  630s
 48417 27282  466.43672  528  178  736.18400  416.91996  43.4%   154  637s
 48988 27834  466.94768  544  173  736.18400  416.91996  43.4%   154  642s
 49857 28135  468.08279  560  173  736.18400  416.91996  43.4%   153  646s
 50595 28492  468.75413  578  174  736.18400  416.91996  43.4%   152  651s
 51338 29250  469.54989  596  168  736.18400  416.91996  43.4%   151  655s
 53288 30371  470.91389  625  170  736.18400  416.91996  43.4%   148  662s
 54517 30577  472.59242  643  165  736.18400  417.48338  43.3%   147  665s
 55965 30947  475.29388  677  164  736.18400  417.92320  43.2%   146  672s
 56707 31154  476.60027  691  168  736.18400  418.04628  43.2%   146  675s
 58422 32161  478.71449  725  164  736.18400  418.48789  43.2%   144  682s
 59505 34163  480.53999  743  167  736.18400  419.33360  43.0%   143  689s
 62143 33960  483.52397  777  168  736.18400  419.76555  43.0%   140  691s
 63631 34241  485.49017  799  168  736.18400  419.78689  43.0%   138  696s
 64773 35146  486.96455  814  168  736.18400  420.64216  42.9%   137  700s
 65709 35642  490.46711  838  166  736.18400  420.80619  42.8%   137  707s
 66773 35937  493.02509  866  162  736.18400  420.80619  42.8%   136  713s
 67193 36216  561.23182  879  149  736.18400  420.80619  42.8%   136  716s
 68448 36796  501.91144  909  156  736.18400  420.81839  42.8%   136  721s
 69874 37718  506.70982  942  156  736.18400  420.81839  42.8%   135  727s
 70981 37627  508.54579  963  152  736.18400  420.81839  42.8%   134  730s
 72014 37870  519.28650 1015  150  736.18400  420.81839  42.8%   134  736s
 73253 38799  475.49043  147  163  736.18400  420.81839  42.8%   133  741s
 74140 39910  454.30643   63  164  736.18400  422.27526  42.6%   133  748s
 75811 39861  457.93266   63  155  736.18400  422.27526  42.6%   131  751s
 77575 40969  448.81748  195  183  736.18400  422.27526  42.6%   130  756s
 79248 41878  467.25627  101  161  736.18400  422.27526  42.6%   129  760s
 81378 42905  469.93380   56  152  736.18400  423.87142  42.4%   127  765s
 84586 44737  434.81207  104  186  736.18400  424.08062  42.4%   124  770s
 87601 46038  504.20152  532  162  736.18400  424.37399  42.4%   122  776s
 88859 48021  524.88017  244  150  736.18400  424.45391  42.3%   121  783s
 90477 48686  471.79902  116  169  736.18400  424.62482  42.3%   121  785s
 92679 50417  468.16661   78  169  736.18400  425.28725  42.2%   120  792s
 94411 51816  507.48451  209  157  736.18400  425.28725  42.2%   119  797s
 96430 53903  492.35282   70  152  736.18400  425.55214  42.2%   118  801s
 98647 55389  473.06552   40  168  736.18400  425.55214  42.2%   116  805s
 100767 57131     cutoff  233       736.18400  425.55214  42.2%   116  812s
 102106 58186  457.12768   81  165  736.18400  426.14106  42.1%   115  816s
 103667 59879  461.90721  100  171  736.18400  426.36647  42.1%   114  823s
 104999 60440     cutoff  120       736.18400  426.45060  42.1%   114  826s
 106706 61435  478.55866  149  165  736.18400  426.45060  42.1%   113  831s
 107390 62079  489.21230  189  166  736.18400  426.45060  42.1%   114  836s
 108865 63233  493.92904  160  157  736.18400  426.81836  42.0%   114  842s
 109769 63881  499.42893  198  153  736.18400  426.81836  42.0%   114  845s
 111619 65191  504.58467  108  144  736.18400  426.81836  42.0%   113  850s
 113468 66712  493.84208   86  157  736.18400  426.81836  42.0%   113  856s
 115777 68761  462.14684   47  173  736.18400  426.81836  42.0%   112  861s
 117874 69666  464.80255   67  173  736.18400  427.83425  41.9%   111  865s
 119262 70591  478.00568  110  151  736.18400  427.83425  41.9%   111  872s
 119935 71425  490.29834  142  151  736.18400  428.00014  41.9%   112  876s
 122246 72896  504.99819  222  155  736.18400  428.16677  41.8%   111  882s
 123570 74109  464.07526   73  160  736.18400  428.52532  41.8%   111  887s
 124726 74866  496.75743   49  141  736.18400  428.52532  41.8%   110  890s
 126635 76643  505.80463  266  150  736.18400  428.52532  41.8%   110  895s
 128770 77930  499.72030  129  156  736.18400  428.52532  41.8%   109  900s
 131546 80564  508.53048  134  141  736.18400  429.31045  41.7%   108  907s
 133136 81845  474.62498  118  173  736.18400  429.55058  41.7%   108  913s
 134381 82506  478.01836  136  170  736.18400  429.55058  41.7%   108  915s
 135833 83439     cutoff  161       736.18400  429.55058  41.7%   108  920s
 137696 85350  494.02260  197  162  736.18400  429.77116  41.6%   107  925s
 140885 87156  485.72710  104  168  736.18400  429.97319  41.6%   106  931s
 141820 87973     cutoff  124       736.18400  429.97319  41.6%   106  935s
 144083 89995     cutoff  173       736.18400  429.97319  41.6%   106  942s
 145998 91968     cutoff  219       736.18400  430.41621  41.5%   105  946s
 148066 93627  478.44787   88  171  736.18400  430.49033  41.5%   105  951s
 149337 93829  506.10757  216  162  736.18400  430.60460  41.5%   104  956s
 150317 95380  483.57100  110  157  736.18400  430.60969  41.5%   104  962s
 152609 97129  469.52629  109  160  736.18400  430.84688  41.5%   103  967s
 154317 97975     cutoff  104       736.18400  430.86562  41.5%   103  972s
 155104 98721  506.48537   96  155  736.18400  430.96902  41.5%   103  977s
 156263 99358 infeasible   89       736.18400  430.99711  41.5%   103  982s
 157280 99862     cutoff  123       736.18400  430.99711  41.5%   104  987s
 158005 100348     cutoff  149       736.18400  430.99711  41.5%   104  990s
 159927 101958  509.87777  116  148  736.18400  431.23195  41.4%   103  995s
 161931 103412  507.88307  167  146  736.18400  431.23195  41.4%   103 1000s
 164286 105325     cutoff  110       736.18400  431.66214  41.4%   103 1005s
 167174 107741  525.30425  275  151  736.18400  431.66214  41.4%   102 1010s
 169123 108951     cutoff  129       736.18400  431.81620  41.3%   101 1016s
 170734 110441  500.90250  153  156  736.18400  432.00268  41.3%   101 1021s
 172814 112530  485.78571  135  155  736.18400  432.13184  41.3%   101 1025s
 175471 114458  490.72059  168  152  736.18400  432.13184  41.3%   100 1030s
 177555 116746  472.59684   82  166  736.18400  432.13184  41.3%   100 1037s
 179102 117248  474.18947  114  168  736.18400  432.75581  41.2%  99.4 1041s
 180525 118353 infeasible  104       736.18400  432.75854  41.2%  99.3 1045s
 183544 121406  494.82867  237  164  736.18400  432.83600  41.2%  98.6 1051s
 185930 123106  478.03572  147  157  736.18400  432.95009  41.2%  98.1 1056s
 187204 123854  496.11655  179  152  736.18400  432.95009  41.2%  98.0 1060s
 188677 124779  486.18844  109  166  736.18400  433.02819  41.2%  98.2 1066s
 189756 125523  487.73918  269  149  736.18400  433.02819  41.2%  98.2 1071s
 191159 126412  490.76526  157  161  736.18400  433.19496  41.2%  98.1 1076s
 192390 127958  459.89654  110  174  736.18400  433.24264  41.2%  98.2 1081s
 194534 129259  480.26962   94  163  736.18400  433.50442  41.1%  97.7 1085s
 197267 131138  479.87032  116  157  736.18400  433.55443  41.1%  97.1 1091s
 198456 132030  490.80593  103  161  736.18400  433.64137  41.1%  97.1 1095s
 200187 133515  518.25828  261  152  736.18400  433.69630  41.1%  97.1 1101s
 201986 135222  505.15312  232  146  736.18400  433.83133  41.1%  96.7 1105s
 204190 136577  473.44795   85  169  736.18400  433.86894  41.1%  96.5 1111s
 205249 137045  588.40809  105  127  736.18400  433.91974  41.1%  96.6 1116s
 205852 137363  508.70948  120  144  736.18400  433.92132  41.1%  96.7 1120s
 206832 138517  483.68794  134  163  736.18400  433.92132  41.1%  96.6 1125s
 208930 140227  494.09300  171  167  736.18400  433.92132  41.1%  96.5 1130s
 210530 141170  503.59635  206  156  736.18400  433.92132  41.1%  96.4 1135s
 212595 143325  517.92556  253  156  736.18400  434.38017  41.0%  96.0 1140s
 215620 145498  500.62137  221  141  736.18400  434.45009  41.0%  95.4 1145s
 217133 146602  472.96463   71  155  736.18400  434.56497  41.0%  95.3 1150s
 219346 148452  486.64450  119  168  736.18400  434.60149  41.0%  95.1 1155s
 220816 149744  496.34624   57  147  736.18400  434.78844  40.9%  94.9 1160s
 222191 150563  473.37871  104  165  736.18400  434.78844  40.9%  94.9 1169s
 223131 150653  477.62672  125  161  736.18400  434.83501  40.9%  95.2 1174s
 223419 150721  480.12940  145  162  736.18400  434.83501  40.9%  95.4 1180s
 223829 150898  483.82667  171  166  736.18400  434.83501  40.9%  95.5 1187s
 224274 152019  487.49369  197  160  736.18400  434.83501  40.9%  95.6 1193s
 225885 153069  494.59946  237  162  736.18400  434.83501  40.9%  95.7 1198s
 227353 154126  499.39129  275  154  736.18400  434.83501  40.9%  95.8 1202s
 228802 154254  506.05490  316  159  736.18400  434.83501  40.9%  95.7 1207s
 229104 154962  511.34466  334  152  736.18400  435.03715  40.9%  95.7 1211s
 230278 156341  499.57049  121  160  736.18400  435.08676  40.9%  95.7 1215s
 233578 158797  474.13498  101  152  736.18400  435.41440  40.9%  95.1 1220s
 235657 160853  466.09766   79  160  736.18400  435.41440  40.9%  94.8 1226s
 238766 162724  462.20173  137  179  736.18400  435.61425  40.8%  94.2 1231s
 240159 163973  489.49239  286  165  736.18400  435.64679  40.8%  94.1 1235s
 242191 165824  500.56529  149  155  736.18400  435.81152  40.8%  93.9 1241s
 244616 167727  486.54988  139  157  736.18400  435.92652  40.8%  93.6 1246s
 246045 169011  482.44244  111  162  736.18400  435.96412  40.8%  93.5 1250s
 248536 170962  506.05558  198  161  736.18400  436.10203  40.8%  93.2 1255s
 251092 173408 infeasible  144       736.18400  436.10487  40.8%  92.9 1261s
 253756 175259  490.77133  656  155  736.18400  436.21374  40.7%  92.5 1266s
 255430 176435  489.43260  212  158  736.18400  436.38815  40.7%  92.4 1271s
 256780 177317  477.28318   80  162  736.18400  436.38815  40.7%  92.4 1275s
 258203 178797 infeasible  228       736.18400  436.44749  40.7%  92.4 1280s
 261212 181075  494.68234  131  155  736.18400  436.60699  40.7%  91.9 1286s
 262580 181959  512.62524  239  156  736.18400  436.60699  40.7%  91.9 1290s
 264984 183845  484.82098   69  168  736.18400  436.68303  40.7%  91.6 1296s
 266225 185189  520.06142  196  166  736.18400  436.80874  40.7%  91.6 1300s
 268571 186869  492.21670   97  160  736.18400  436.95833  40.6%  91.3 1305s
 270776 188442 infeasible  139       736.18400  437.06157  40.6%  91.1 1310s
 272980 190352 infeasible  169       736.18400  437.08227  40.6%  91.0 1316s
 274351 191277     cutoff  200       736.18400  437.08227  40.6%  90.9 1320s
 276638 193262     cutoff  263       736.18400  437.17108  40.6%  90.8 1325s
 279316 195928  503.96775  169  151  736.18400  437.27420  40.6%  90.5 1331s
 281301 197371  494.23464  106  141  736.18400  437.49205  40.6%  90.3 1335s
 283473 198960  479.38233   72  147  736.18400  437.54643  40.6%  90.0 1340s
 286228 201563  490.07898   86  151  736.18400  437.64556  40.6%  89.7 1345s
 288631 203377  544.60448  262  147  736.18400  437.72558  40.5%  89.5 1350s
 291041 205169 infeasible   83       736.18400  437.78828  40.5%  89.2 1355s
 291884 205961  487.20850  165  154  736.18400  437.83319  40.5%  89.2 1360s
 294380 208176  485.62381  109  165  736.18400  437.83319  40.5%  89.0 1365s
 296981 210988  489.66594  109  163  736.18400  437.99332  40.5%  88.7 1371s
 298942 211301  482.89640  172  165  736.18400  438.13087  40.5%  88.5 1375s
 299698 211769  490.23916  201  162  736.18400  438.13087  40.5%  88.8 1381s
 300750 212554  497.48618  233  165  736.18400  438.13087  40.5%  89.0 1386s
 302186 213192  510.54186  280  169  736.18400  438.20305  40.5%  89.1 1392s
 302791 213608  483.38630  142  158  736.18400  438.23052  40.5%  89.2 1395s
 304629 214862     cutoff  182       736.18400  438.25009  40.5%  89.2 1401s
 305947 215313  479.93425   75  169  736.18400  438.37768  40.5%  89.4 1406s
 306926 215899  488.57891  103  160  736.18400  438.41782  40.4%  89.7 1412s
 307658 216411  491.84734  119  160  736.18400  438.42815  40.4%  89.8 1415s
 309130 217484  496.97526  155  149  736.18400  438.44798  40.4%  90.0 1421s
 310684 218430  503.18233  194  148  736.18400  438.44798  40.4%  90.1 1428s
 311737 219261     cutoff  222       736.18400  438.49178  40.4%  90.1 1430s
 313741 220354  521.80372  287  143  736.18400  438.49178  40.4%  89.9 1435s
 316334 222516  519.35910  377  151  736.18400  438.79672  40.4%  89.8 1441s
 317689 223477     cutoff  148       736.18400  438.82405  40.4%  89.7 1445s
 319916 225160  515.42263  210  152  736.18400  438.87776  40.4%  89.7 1451s
 321241 226225  493.47495  227  157  736.18400  438.87776  40.4%  89.7 1455s
 322468 227226  488.29019   94  161  736.18400  438.87776  40.4%  89.7 1460s
 324976 228755  499.29820  155  153  736.18400  438.87776  40.4%  89.6 1466s
 326032 229369  496.41552   97  161  736.18400  438.87776  40.4%  89.7 1470s
 327664 230637  505.10093  126  161  736.18400  438.87776  40.4%  89.7 1476s
 329130 231565  517.56907  161  165  736.18400  438.87776  40.4%  89.7 1482s
 330447 232598  567.70113   89  135  736.18400  439.17189  40.3%  89.7 1488s
 331324 233491  476.35609   94  171  736.18400  439.22125  40.3%  89.7 1491s
 332365 233739  534.01260  339  149  736.18400  439.22125  40.3%  89.6 1495s
 333556 234974  500.11783  123  160  736.18400  439.22125  40.3%  89.6 1500s
 335010 235943  528.70521  205  153  736.18400  439.22125  40.3%  89.7 1505s
 336617 237141  514.20181  234  168  736.18400  439.29390  40.3%  89.7 1511s
 338279 238468  511.56693  131  153  736.18400  439.34339  40.3%  89.7 1517s
 340233 239801  501.82154   94  156  736.18400  439.40706  40.3%  89.7 1522s
 341111 240390  482.51962  128  151  736.18400  439.41528  40.3%  89.7 1525s
 342845 242044     cutoff  171       736.18400  439.41528  40.3%  89.7 1530s
 344891 242979  477.71600   74  167  736.18400  439.41528  40.3%  89.5 1535s
 346280 244124  510.51528  178  157  736.18400  439.41528  40.3%  89.6 1540s
 347763 245416  491.27942  161  168  736.18400  439.41528  40.3%  89.5 1545s
 350372 246811  498.19363  195  164  736.18400  439.41528  40.3%  89.4 1552s
 351291 247612     cutoff  223       736.18400  439.41528  40.3%  89.6 1557s
 352770 248978  508.89393  256  158  736.18400  439.66788  40.3%  89.6 1562s
 353840 249191  511.45420  279  153  736.18400  439.66788  40.3%  89.5 1565s
 354942 249896  505.20216  119  163  736.18400  439.72699  40.3%  89.5 1572s
 355258 249932  476.82120  103  172  736.18400  439.72699  40.3%  89.6 1576s
 355398 249950  482.06833  114  169  736.18400  439.72699  40.3%  89.7 1580s
 355885 250438  487.84128  132  173  736.18400  439.72699  40.3%  89.8 1586s
 357406 251589  494.85096  163  164  736.18400  439.78947  40.3%  90.0 1593s
 358313 251641  498.96062  182  162  736.18400  439.78947  40.3%  90.0 1598s
 358471 251672     cutoff  187       736.18400  439.78947  40.3%  90.1 1603s
 358722 251692  504.68090  209  166  736.18400  439.78947  40.3%  90.3 1608s
 359130 251926  510.31406  235  162  736.18400  439.78947  40.3%  90.5 1613s
 360084 252887  514.38429  275  157  736.18400  439.86527  40.3%  90.6 1617s
 361583 253747  504.62190  146  170  736.18400  439.88633  40.2%  90.6 1621s
 363822 254741  515.02906  104  140  736.18400  439.90883  40.2%  90.6 1628s
 364469 255946     cutoff  130       736.18400  439.96272  40.2%  90.6 1631s
 367197 258027  478.06726   87  165  736.18400  440.12659  40.2%  90.5 1637s
 368579 259294  511.22076   88  142  736.18400  440.18892  40.2%  90.4 1640s
 371462 261811  497.60940  193  151  736.18400  440.22012  40.2%  90.1 1645s
 374607 264190  537.61030  137  140  736.18400  440.32622  40.2%  89.7 1650s
 376867 265808  479.32360  143  159  736.18400  440.41633  40.2%  89.5 1655s
 379238 267967  501.41370  146  144  736.18400  440.42189  40.2%  89.3 1660s
 381708 269976  510.03462  143  157  736.18400  440.46564  40.2%  89.1 1665s
 383874 271644  509.16555   38  136  736.18400  440.63930  40.1%  89.0 1670s
 385920 274033  585.54844  129  130  736.18400  440.65695  40.1%  88.9 1676s
 388749 275754  479.53771   77  163  736.18400  440.78425  40.1%  88.7 1681s
 390148 276612 infeasible   52       736.18400  440.81013  40.1%  88.6 1685s
 391619 277851  474.21749  147  162  736.18400  440.83126  40.1%  88.6 1691s
 392878 278818  517.75569  224  154  736.18400  440.83126  40.1%  88.6 1696s
 394231 279859  501.42896  141  160  736.18400  440.87662  40.1%  88.7 1700s
 396792 281910  503.27983  163  145  736.18400  440.96107  40.1%  88.6 1706s
 398759 283354  475.57282   91  162  736.18400  440.96107  40.1%  88.5 1711s
 400246 284843  503.21466  239  158  736.18400  440.96107  40.1%  88.5 1715s
 402692 286482  502.64083  137  152  736.18400  441.12551  40.1%  88.3 1720s
 404109 287328  517.63459  115  150  736.18400  441.14684  40.1%  88.3 1726s
 405071 287808  544.01690  135  144  736.18400  441.18378  40.1%  88.4 1731s
 405900 288214  512.89603   82  149  736.18400  441.18974  40.1%  88.6 1736s
 407006 288882  507.70991  131  159  736.18400  441.18974  40.1%  88.8 1742s
 407853 289673  509.10498   93  147  736.18400  441.18974  40.1%  88.8 1745s
 409840 291136 infeasible  157       736.18400  441.31140  40.1%  88.8 1751s
 411270 292280  542.31850   98  130  736.18400  441.39949  40.0%  88.8 1756s
 413691 293819  500.43542  212  158  736.18400  441.39949  40.0%  88.6 1761s
 415274 294964  470.80729   81  157  736.18400  441.51141  40.0%  88.6 1767s
 416175 295284  483.05536  152  167  736.18400  441.57107  40.0%  88.6 1770s
 416795 295470  496.99776   83  159  736.18400  441.57566  40.0%  88.7 1775s
 417047 295726  581.03091   86  123  736.18400  441.57566  40.0%  88.7 1781s
 417383 296027  497.80008   87  160  736.18400  441.57566  40.0%  88.7 1790s
 417762 297401  592.35381   87  121  736.18400  441.58359  40.0%  88.7 1798s
 419826 297527  506.02748  115  154  736.18400  441.60719  40.0%  88.7 1803s
 420416 297890  513.54021  141  154  736.18400  441.60719  40.0%  88.9 1808s
 421269 298731  520.29760  175  153  736.18400  441.60719  40.0%  89.1 1812s
 422644 299630  529.07747  222  145  736.18400  441.69367  40.0%  89.1 1816s
 424031 300572  492.64091  171  171  736.18400  441.69367  40.0%  89.1 1820s
 426329 301737  508.13580  109  165  736.18400  441.69367  40.0%  89.2 1827s
 427352 302583  480.97524  172  153  736.18400  441.81322  40.0%  89.2 1831s
 429955 304120  485.78244  219  156  736.18400  441.87824  40.0%  89.1 1837s
 430697 305341  483.66884  113  150  736.18400  441.87824  40.0%  89.1 1840s
 433144 306468  602.49200  239  126  736.18400  441.94443  40.0%  89.0 1846s
 434146 307127  494.77579   80  154  736.18400  441.97112  40.0%  89.1 1850s
 435522 308245  535.96442  190  144  736.18400  442.00636  40.0%  89.1 1855s
 437027 309283  498.96561   48  122  736.18400  442.05404  40.0%  89.1 1860s
 438893 311168  466.40595  259  181  736.18400  442.08166  39.9%  89.1 1865s
 442110 313250  497.96697   81  158  736.18400  442.20413  39.9%  88.8 1871s
 443551 314586  493.41829  224  151  736.18400  442.25190  39.9%  88.8 1876s
 445329 316281  500.39854  215  168  736.18400  442.28117  39.9%  88.8 1881s
 447247 317321  444.64368   74  187  736.18400  442.28788  39.9%  88.7 1885s
 449385 319011  485.39784   98  167  736.18400  442.42574  39.9%  88.7 1891s
 450924 320046  507.13130  116  149  736.18400  442.46699  39.9%  88.6 1896s
 452157 320658  459.19961  136  173  736.18400  442.47109  39.9%  88.7 1901s
 453341 322176  460.54892  153  179  736.18400  442.47109  39.9%  88.7 1905s
 454940 322865  461.65787  174  175  736.18400  442.56972  39.9%  88.6 1910s
 456071 323729  463.01112  196  174  736.18400  442.56972  39.9%  88.7 1915s
 457650 324879  508.72862  218  153  736.18400  442.56972  39.9%  88.7 1920s
 460764 327621  470.86074  254  167  736.18400  442.66097  39.9%  88.6 1927s
 462410 328310  472.58607  279  166  736.18400  442.66097  39.9%  88.6 1932s
 462867 328806  473.28120  292  165  736.18400  442.66097  39.9%  88.7 1935s
 463618 329078  474.82124  308  168  736.18400  442.66097  39.9%  88.7 1942s
 463971 329507  476.29632  322  169  736.18400  442.66097  39.9%  88.7 1946s
 464580 330398  477.18503  339  162  736.18400  442.66097  39.9%  88.8 1950s
 467103 332286  480.77762  372  164  736.18400  442.80901  39.9%  88.7 1956s
 469008 333489 infeasible  399       736.18400  442.87149  39.8%  88.6 1961s
 470453 334143  485.90188  427  163  736.18400  442.90744  39.8%  88.7 1967s
 470842 334765     cutoff  433       736.18400  442.90744  39.8%  88.7 1970s
 472370 335832  490.96409  467  159  736.18400  442.90744  39.8%  88.8 1976s
 473813 336297  495.84943  503  157  736.18400  442.94521  39.8%  88.9 1981s
 475329 337424  503.56937  551  151  736.18400  442.94521  39.8%  89.0 1987s
 476223 337922  510.85774  584  155  736.18400  442.94521  39.8%  89.0 1990s
 479071 340371  498.90576   96  159  736.18400  442.94933  39.8%  88.9 1996s
 481250 341696  508.29523  210  154  736.18400  442.94933  39.8%  88.7 2000s
 483416 343584  516.08707  175  157  736.18400  443.18850  39.8%  88.7 2006s
 485049 344651  496.36602  127  149  736.18400  443.27780  39.8%  88.6 2010s
 486605 345581  489.53093  115  168  736.18400  443.27780  39.8%  88.7 2016s
 488006 346884  478.63555  144  169  736.18400  443.32325  39.8%  88.7 2020s
 489801 348576  524.26400  216  155  736.18400  443.32325  39.8%  88.6 2025s
 492617 350591  572.32135   85  124  736.18400  443.42715  39.8%  88.4 2030s
 495475 352890  485.57883  178  163  736.18400  443.47182  39.8%  88.2 2036s
 497496 355047  492.31215  150  154  736.18400  443.47182  39.8%  88.1 2041s
 499143 356244  492.89728  219  171  736.18400  443.56488  39.7%  88.0 2045s
 501470 357955  517.21807  152  159  736.18400  443.61591  39.7%  87.9 2050s
 502988 358748  534.23527  229  149  736.18400  443.63940  39.7%  88.0 2055s
 504120 359144  513.94585  126  158  736.18400  443.63940  39.7%  88.1 2061s
 505386 360410  536.03942  180  145  736.18400  443.65235  39.7%  88.2 2066s
 507177 361403  498.52202   97  154  736.18400  443.70476  39.7%  88.2 2071s
 507883 361844  498.81517  134  157  736.18400  443.70476  39.7%  88.2 2075s
 509443 362905  492.79665   85  160  736.18400  443.70476  39.7%  88.2 2081s
 510573 363326  550.87913  102  148  736.18400  443.70476  39.7%  88.3 2085s
 511467 363671 infeasible  120       736.18400  443.83637  39.7%  88.4 2091s
 512587 364355  478.87093  144  176  736.18400  443.83637  39.7%  88.6 2097s
 513437 364717  482.45385  159  174  736.18400  443.83637  39.7%  88.6 2100s
 514571 365810  486.90938  181  174  736.18400  443.83637  39.7%  88.7 2106s
 516823 367112  492.66203  219  172  736.18400  443.85413  39.7%  88.7 2112s
 517582 367351     cutoff  247       736.18400  443.93110  39.7%  88.7 2115s
 518651 367943  521.64101  142  153  736.18400  443.93110  39.7%  88.9 2121s
 520158 369018  551.80558  108  131  736.18400  443.98685  39.7%  88.9 2127s
 521052 369595  492.53006  103  162  736.18400  443.99861  39.7%  88.9 2130s
 522932 371374  508.26340  207  158  736.18400  443.99861  39.7%  88.9 2136s
 525106 373054  522.35831  250  157  736.18400  444.06035  39.7%  88.9 2141s
 527200 374532  515.61686  179  151  736.18400  444.15689  39.7%  88.8 2145s
 528706 376016  518.75113  191  157  736.18400  444.19139  39.7%  88.7 2150s
 529801 376224  505.99677  150  158  736.18400  444.19139  39.7%  88.7 2158s
 530024 376560  506.94710  151  157  736.18400  444.19139  39.7%  88.7 2161s
 531008 377317  493.09610  110  154  736.18400  444.25520  39.7%  88.6 2167s
 531953 377780  495.08180  112  158  736.18400  444.25520  39.7%  88.7 2172s
 532424 378432  495.53761  113  158  736.18400  444.25520  39.7%  88.8 2175s
 534325 379734  528.56598   68  148  736.18400  444.27479  39.7%  88.7 2181s
 534894 380574  484.32993  126  150  736.18400  444.34697  39.6%  88.7 2185s
 537245 382582  500.19716  180  160  736.18400  444.36970  39.6%  88.7 2191s
 539798 384498  535.04275  282  156  736.18400  444.42597  39.6%  88.5 2195s
 542280 386114  526.24672  251  155  736.18400  444.49587  39.6%  88.4 2201s
 543623 387570  500.54681  130  152  736.18400  444.49587  39.6%  88.4 2205s
 545562 389087  499.02448  169  156  736.18400  444.49587  39.6%  88.3 2210s
 547878 390319  509.71556  132  169  736.18400  444.60933  39.6%  88.3 2216s
 549223 391282  490.76357  122  163  736.18400  444.67542  39.6%  88.3 2221s
 549884 391704  495.52846  136  159  736.18400  444.67542  39.6%  88.3 2225s
 551644 393245  505.58540  177  156  736.18400  444.67542  39.6%  88.4 2232s
 552829 393887  509.95565  203  154  736.18400  444.67542  39.6%  88.4 2235s
 554724 395398  495.91338  134  159  736.18400  444.81456  39.6%  88.4 2240s
 557020 397119  527.21880  180  148  736.18400  444.81849  39.6%  88.3 2245s
 558835 398307  509.67108  202  153  736.18400  444.86839  39.6%  88.2 2250s
 560042 399410 infeasible  180       736.18400  444.86839  39.6%  88.2 2255s
 561514 400159  491.42991  122  169  736.18400  444.86839  39.6%  88.2 2260s
 562812 401206  490.28480  143  156  736.18400  444.91811  39.6%  88.3 2265s
 564894 402710  499.75459  168  156  736.18400  444.96574  39.6%  88.2 2270s
 567724 405186  488.59188  190  152  736.18400  445.06602  39.5%  88.1 2275s
 570273 407337  495.02037   97  150  736.18400  445.11255  39.5%  87.9 2281s
 572672 409201  518.45380  177  157  736.18400  445.11980  39.5%  87.8 2286s
 574626 410444  505.83562  106  160  736.18400  445.11980  39.5%  87.8 2291s
 575972 411754  495.45145  106  158  736.18400  445.20315  39.5%  87.8 2295s
 578366 413752  494.75312  211  165  736.18400  445.23018  39.5%  87.7 2302s
 579727 414511  503.36935  242  163  736.18400  445.23018  39.5%  87.7 2307s
 580641 415192  508.64383  261  162  736.18400  445.23018  39.5%  87.8 2310s
 582485 416587  526.39293  322  158  736.18400  445.24104  39.5%  87.8 2315s
 584138 418058  517.33542  188  137  736.18400  445.28486  39.5%  87.7 2321s
 586564 420044  477.04215  102  159  736.18400  445.39760  39.5%  87.6 2326s
 588598 421635     cutoff  339       736.18400  445.43420  39.5%  87.5 2330s
 590548 423023  483.34120  125  160  736.18400  445.47380  39.5%  87.4 2335s
 591921 423920     cutoff  157       736.18400  445.47380  39.5%  87.4 2340s
 593689 425615     cutoff  195       736.18400  445.52846  39.5%  87.4 2345s
 596324 427498  458.98038  212  177  736.18400  445.61492  39.5%  87.3 2351s
 597919 428913  500.26558  610  164  736.18400  445.61492  39.5%  87.2 2356s
 599496 429659  478.82642  145  173  736.18400  445.70821  39.5%  87.2 2360s
 600977 430531  487.12568  170  178  736.18400  445.71594  39.5%  87.3 2367s
 601960 431064     cutoff  192       736.18400  445.72331  39.5%  87.4 2372s
 602591 431120  497.00540  207  177  736.18400  445.72509  39.5%  87.4 2377s
 602659 431440  497.76267  208  173  736.18400  445.74241  39.5%  87.4 2380s
 603585 431661  507.94931  238  172  736.18400  445.74241  39.5%  87.5 2386s
 604092 432130  514.71142  263  163  736.18400  445.76612  39.4%  87.6 2390s
 605927 433655  525.68534  199  155  736.18400  445.76860  39.4%  87.6 2395s
 607523 434184     cutoff  164       736.18400  445.83970  39.4%  87.6 2401s
 608818 435531  527.54707  212  155  736.18400  445.84557  39.4%  87.7 2408s
 610258 436172  513.26253  124  150  736.18400  445.91326  39.4%  87.6 2410s
 612946 438153  512.23167  238  148  736.18400  446.02696  39.4%  87.5 2417s
 614183 439062  511.20289  236  160  736.18400  446.04016  39.4%  87.5 2421s
 615607 439774 infeasible  132       736.18400  446.07359  39.4%  87.6 2425s
 617063 440903     cutoff  184       736.18400  446.07359  39.4%  87.6 2431s
 618868 442397  504.36807  151  154  736.18400  446.20820  39.4%  87.5 2435s
 620733 443517     cutoff  193       736.18400  446.24202  39.4%  87.5 2440s
 622595 444451  521.87474  111  158  736.18400  446.31068  39.4%  87.5 2447s
 623288 445162  498.80552  105  154  736.18400  446.31068  39.4%  87.6 2451s
 624953 446741  495.51837  171  160  736.18400  446.32729  39.4%  87.5 2457s
 626278 447647  504.56533  152  164  736.18400  446.32729  39.4%  87.5 2460s
 628253 448978  500.22024  139  156  736.18400  446.43810  39.4%  87.4 2465s
 630949 451058  478.97492  158  149  736.18400  446.47542  39.4%  87.4 2472s
 631837 451719  483.71977  170  153  736.18400  446.47542  39.4%  87.3 2475s
 634459 453844  489.96665  212  155  736.18400  446.57097  39.3%  87.3 2481s
 635961 454800  494.82826  245  149  736.18400  446.57097  39.3%  87.3 2486s
 637373 455858  505.37001  295  145  736.18400  446.63452  39.3%  87.3 2492s
 638163 456614  496.38208  196  155  736.18400  446.63452  39.3%  87.3 2495s
 639808 457548  486.81454  103  170  736.18400  446.67981  39.3%  87.3 2500s
 641309 458791  497.06900  134  168  736.18400  446.68551  39.3%  87.3 2505s
 642848 459274  512.38056  180  156  736.18400  446.68551  39.3%  87.4 2512s
 643407 459714  504.04496  158  164  736.18400  446.68551  39.3%  87.4 2516s
 643981 460362  465.42371  208  174  736.18400  446.68551  39.3%  87.3 2521s
 644725 460968  498.49160  509  164  736.18400  446.79409  39.3%  87.3 2525s
 646700 462525  496.92176  134  150  736.18400  446.80387  39.3%  87.2 2532s
 647364 463285  500.48650  144  155  736.18400  446.80387  39.3%  87.2 2535s
 649676 465053     cutoff  183       736.18400  446.80387  39.3%  87.2 2540s
 651392 466203  502.12414  170  151  736.18400  446.89603  39.3%  87.2 2545s
 653542 467684  497.58131  281  158  736.18400  446.89603  39.3%  87.1 2551s
 655074 468536  464.69809  234  180  736.18400  447.00801  39.3%  87.1 2555s
 657184 470361  528.41541  312  153  736.18400  447.00801  39.3%  87.1 2561s
 658966 471449  535.65348  219  155  736.18400  447.02478  39.3%  87.1 2566s
 660757 472825  496.91873  208  147  736.18400  447.09307  39.3%  87.0 2570s
 663153 474643  516.10660  255  161  736.18400  447.14657  39.3%  87.0 2576s
 664742 475972  520.46548  290  147  736.18400  447.15184  39.3%  87.0 2581s
 666463 477109 infeasible  141       736.18400  447.17840  39.3%  87.0 2585s
 668385 478859  465.50882   95  176  736.18400  447.23461  39.2%  86.9 2590s
 669565 479750  484.10551  197  174  736.18400  447.23461  39.2%  86.9 2595s
 672379 482085  533.82782  198  151  736.18400  447.28911  39.2%  86.7 2601s
 674592 483735  496.53485  175  166  736.18400  447.33725  39.2%  86.7 2606s
 676329 485237  517.98479  136  154  736.18400  447.34151  39.2%  86.6 2610s
 678337 486202  538.79361  238  149  736.18400  447.40486  39.2%  86.6 2616s
 679366 486748  524.59181  298  144  736.18400  447.41516  39.2%  86.7 2620s
 681533 488360  468.04290  223  161  736.18400  447.45180  39.2%  86.7 2626s
 683499 490058  502.12539  162  147  736.18400  447.48117  39.2%  86.6 2631s
 684913 490924  503.00258  197  158  736.18400  447.48117  39.2%  86.6 2635s
 687281 492937  519.57740  136  132  736.18400  447.54261  39.2%  86.6 2640s
 689861 495025 infeasible  273       736.18400  447.59550  39.2%  86.5 2646s
 691175 495607  530.77140  238  162  736.18400  447.62909  39.2%  86.5 2650s
 693019 497030  532.55200  337  147  736.18400  447.64663  39.2%  86.5 2656s
 694260 497561  531.53268  166  158  736.18400  447.65742  39.2%  86.5 2660s
 695376 498019  503.03802  189  157  736.18400  447.65742  39.2%  86.6 2665s
 696064 498327  496.55091  122  159  736.18400  447.65742  39.2%  86.6 2670s
 697569 499331  509.52110  162  156  736.18400  447.72846  39.2%  86.6 2675s
 699094 500244  489.06195  111  170  736.18400  447.76629  39.2%  86.7 2680s
 700827 501418  505.63735  147  164  736.18400  447.76629  39.2%  86.7 2686s
 702541 502812  544.82791  218  149  736.18400  447.84675  39.2%  86.8 2691s
 704354 503405  505.82299  209  155  736.18400  447.91983  39.2%  86.7 2696s
 705466 504316  494.79040  157  167  736.18400  447.92545  39.2%  86.8 2702s
 706222 504774 infeasible  289       736.18400  447.92545  39.2%  86.9 2705s
 707881 506104  495.06685  130  156  736.18400  447.96755  39.2%  86.9 2710s
 709840 507657  534.63646  305  138  736.18400  447.99319  39.1%  86.9 2716s
 711781 509226  495.27801  142  155  736.18400  448.04378  39.1%  86.8 2721s
 713691 510456  505.72530  108  148  736.18400  448.06510  39.1%  86.8 2726s
 715410 511677  524.97164  409  150  736.18400  448.10517  39.1%  86.8 2731s
 716319 512454 infeasible  252       736.18400  448.12082  39.1%  86.9 2736s
 717827 513490  494.79975  227  154  736.18400  448.12747  39.1%  86.9 2741s
 719415 514420  532.49783  269  146  736.18400  448.17244  39.1%  86.9 2746s
 720769 515491  496.95535  122  154  736.18400  448.22166  39.1%  87.0 2752s
 722078 516425  512.48310  158  153  736.18400  448.22166  39.1%  87.0 2757s
 722892 517141  517.92593  182  158  736.18400  448.22166  39.1%  87.1 2760s
 724604 517967  524.68961  225  148  736.18400  448.22166  39.1%  87.1 2765s
 726180 518830  494.56181  260  151  736.18400  448.22166  39.1%  87.1 2771s
 727375 519364  499.58786  257  155  736.18400  448.22166  39.1%  87.2 2777s
 729094 520607  510.15539  157  153  736.18400  448.26488  39.1%  87.2 2782s
 731036 521824  538.17829  108  131  736.18400  448.37166  39.1%  87.2 2786s
 732459 522349  504.27012  246  148  736.18400  448.37166  39.1%  87.2 2791s
 733381 523595  540.52590  402  153  736.18400  448.39011  39.1%  87.2 2796s
 735142 524402  495.01669  122  160  736.18400  448.45365  39.1%  87.2 2801s
 736405 525359  507.64800  148  162  736.18400  448.46323  39.1%  87.3 2806s
 737224 525539  513.77635  167  162  736.18400  448.46323  39.1%  87.3 2810s
 737878 526100  487.86762  194  152  736.18400  448.50209  39.1%  87.3 2818s
 738331 526459  525.30882  217  158  736.18400  448.50209  39.1%  87.3 2823s
 738792 526970  498.81622  187  149  736.18400  448.53042  39.1%  87.2 2828s
 739387 527335  498.17071  119  153  736.18400  448.53618  39.1%  87.2 2832s
 740479 527779     cutoff  166       736.18400  448.54836  39.1%  87.3 2838s
 741186 528439  489.41502  173  166  736.18400  448.58790  39.1%  87.4 2841s
 743013 529431  540.47706  355  150  736.18400  448.58790  39.1%  87.4 2846s
 744574 530544 infeasible  338       736.18400  448.60235  39.1%  87.4 2851s
 746816 532049  532.84549  226  153  736.18400  448.71899  39.0%  87.3 2856s
 748000 532646  499.31313  178  159  736.18400  448.72786  39.0%  87.4 2861s
 749084 533256     cutoff  213       736.18400  448.73911  39.0%  87.5 2866s
 750239 534147  497.84682  129  155  736.18400  448.74812  39.0%  87.5 2871s
 751948 535040  495.71335  220  166  736.18400  448.75227  39.0%  87.5 2877s
 752603 535326  500.37925  237  163  736.18400  448.75227  39.0%  87.5 2880s
 754055 536501  487.44193  250  164  736.18400  448.75227  39.0%  87.5 2885s
 756226 538198  522.89576  246  159  736.18400  448.85791  39.0%  87.5 2890s
 758261 539774  520.88209  244  149  736.18400  448.90027  39.0%  87.5 2895s
 761350 542363  460.37475  124  169  736.18400  448.96301  39.0%  87.3 2900s
 763555 543996  487.08013  130  161  736.18400  448.98842  39.0%  87.2 2905s
 765930 546089  500.57550  136  160  736.18400  449.02878  39.0%  87.2 2910s
 768066 547744  516.30770  160  135  736.18400  449.09518  39.0%  87.1 2915s
 770666 549940     cutoff  170       736.18400  449.11518  39.0%  87.0 2920s
 772084 551460  523.95394  206  145  736.18400  449.14048  39.0%  87.0 2925s
 774497 553082  516.55723  159  149  736.18400  449.19886  39.0%  87.0 2931s
 776237 554021  529.45191  210  154  736.18400  449.19886  39.0%  86.9 2935s
 777153 554744  497.80626  176  164  736.18400  449.27296  39.0%  86.9 2940s
 779484 556628  507.87588  274  158  736.18400  449.32685  39.0%  86.9 2947s
 781146 557783  532.03451  248  150  736.18400  449.32863  39.0%  86.9 2951s
 782376 558272  492.80392  139  159  736.18400  449.32863  39.0%  87.0 2955s
 783601 558908 infeasible  112       736.18400  449.35736  39.0%  87.0 2960s
 785233 560054  512.21978  341  156  736.18400  449.38036  39.0%  87.0 2965s
 786789 560989  495.22852  265  158  736.18400  449.44236  38.9%  87.0 2970s
 788419 562247  519.89843  187  152  736.18400  449.44677  38.9%  87.1 2976s
 790266 563150  514.82024   45  147  736.18400  449.47286  38.9%  87.1 2981s
 791756 564090  492.29882  125  161  736.18400  449.47286  38.9%  87.1 2987s
 792590 564509  498.66092  143  155  736.18400  449.51683  38.9%  87.2 2990s
 794362 565605  518.53377  161  155  736.18400  449.54194  38.9%  87.2 2995s
 795639 566319  517.51179  255  152  736.18400  449.57589  38.9%  87.2 3000s
 796923 567343  462.04573  112  178  736.18400  449.58376  38.9%  87.3 3006s
 798758 568349  503.79606  215  157  736.18400  449.59198  38.9%  87.3 3012s
 800508 569256     cutoff  223       736.18400  449.59198  38.9%  87.3 3017s
 801199 569559     cutoff  249       736.18400  449.59198  38.9%  87.3 3020s
 802736 570424  511.17757   68  141  736.18400  449.69880  38.9%  87.4 3026s
 804183 571442  504.76137  167  153  736.18400  449.71350  38.9%  87.4 3032s
 805305 572373  527.32324  161  146  736.18400  449.71350  38.9%  87.4 3035s
 807564 573699  505.19020  131  153  736.18400  449.75618  38.9%  87.4 3040s
 809785 575092  511.35820  179  148  736.18400  449.78978  38.9%  87.4 3047s
 811049 575570  511.96568  246  149  736.18400  449.81508  38.9%  87.4 3052s
 811569 575952     cutoff  268       736.18400  449.81508  38.9%  87.5 3055s
 812998 576828  524.54588  185  139  736.18400  449.82214  38.9%  87.5 3060s
 814721 578314  508.43360  129  143  736.18400  449.85823  38.9%  87.5 3065s
 817020 579922  498.68531  246  154  736.18400  449.85823  38.9%  87.5 3070s
 818232 580614     cutoff  149       736.18400  449.88512  38.9%  87.5 3076s
 820155 581864  547.24280  218  136  736.18400  449.88512  38.9%  87.5 3082s
 821969 583318  517.92857  144  138  736.18400  449.93990  38.9%  87.5 3087s
 824287 585450  491.22012  163  152  736.18400  450.04384  38.9%  87.5 3092s
 826606 587142  525.37000  199  148  736.18400  450.07516  38.9%  87.4 3096s
 828317 588345  500.69756  105  156  736.18400  450.10678  38.9%  87.3 3101s
 830006 589573  526.09652  183  161  736.18400  450.12875  38.9%  87.3 3105s
 831890 590397  499.96891  126  160  736.18400  450.13505  38.9%  87.3 3113s
 832268 590754  526.51039  226  162  736.18400  450.16078  38.9%  87.4 3119s
 833269 591736     cutoff  285       736.18400  450.16078  38.9%  87.5 3124s
 834689 591943  529.10380  227  146  736.18400  450.17239  38.9%  87.5 3128s
 835300 591953  500.55202  117  147  736.18400  450.17239  38.9%  87.6 3132s
 835806 592342  506.89656  141  147  736.18400  450.17239  38.9%  87.7 3136s
 836901 593381  520.45609  174  150  736.18400  450.18252  38.8%  87.7 3140s
 839685 594669  519.98398  177  157  736.18400  450.21327  38.8%  87.6 3147s
 840218 595409     cutoff  193       736.18400  450.23775  38.8%  87.6 3150s
 842346 596844  524.91345  182  142  736.18400  450.29653  38.8%  87.6 3157s
 844140 597989  506.15752  122  141  736.18400  450.32044  38.8%  87.6 3162s
 844987 598395  516.67679  145  140  736.18400  450.32044  38.8%  87.7 3165s
 846419 599202  498.81113  165  150  736.18400  450.32311  38.8%  87.7 3171s
 847316 599208  500.18440   97  150  736.18400  450.37528  38.8%  87.7 3175s
 847778 600307  500.60883  101  151  736.18400  450.37528  38.8%  87.7 3182s
 848885 600366  495.63722  141  161  736.18400  450.37528  38.8%  87.7 3186s
 848988 600635  496.42348  142  156  736.18400  450.37528  38.8%  87.7 3190s
 849355 601229  517.78274  250  142  736.18400  450.37528  38.8%  87.7 3195s
 850161 601923  521.98711  126  138  736.18400  450.40856  38.8%  87.7 3201s
 851055 602675  511.09494  123  137  736.18400  450.41168  38.8%  87.7 3205s
 853195 604034  505.64989  173  155  736.18400  450.47354  38.8%  87.7 3211s
 855233 605847  530.94242  268  147  736.18400  450.47379  38.8%  87.7 3218s
 856363 606274     cutoff  137       736.18400  450.47379  38.8%  87.6 3220s
 858197 607428  501.86973  158  148  736.18400  450.47379  38.8%  87.7 3227s
 858688 608096  533.16234  280  145  736.18400  450.47379  38.8%  87.6 3230s
 860618 609998  490.70746  335  155  736.18400  450.51282  38.8%  87.6 3237s
 861910 610809  524.01068  224  159  736.18400  450.51282  38.8%  87.6 3240s
 864574 612832  493.72675  135  149  736.18400  450.66346  38.8%  87.5 3246s
 866293 613984     cutoff  267       736.18400  450.70334  38.8%  87.5 3251s
 867727 615199  529.02402  262  157  736.18400  450.71438  38.8%  87.5 3255s
 870143 616417  531.94991  275  143  736.18400  450.74668  38.8%  87.4 3262s
 871097 616969  492.21420  159  158  736.18400  450.76628  38.8%  87.5 3266s
 871653 617496  500.67896  180  158  736.18400  450.79388  38.8%  87.5 3270s
 873377 618669     cutoff  304       736.18400  450.82247  38.8%  87.5 3275s
 874966 619960  501.73959  204  162  736.18400  450.83452  38.8%  87.5 3280s
 876722 621342  523.98951  219  160  736.18400  450.86576  38.8%  87.5 3285s
 878321 622041  510.31766  203  152  736.18400  450.89324  38.8%  87.5 3290s
 879951 623181  521.25575  265  157  736.18400  450.89324  38.8%  87.5 3295s
 881558 624228     cutoff  256       736.18400  450.93564  38.7%  87.5 3301s
 882306 624494  501.59382  307  168  736.18400  450.93564  38.7%  87.5 3305s
 883649 625878  534.29283  115  147  736.18400  450.95915  38.7%  87.5 3310s
 885136 626620  511.46693  140  150  736.18400  450.97992  38.7%  87.5 3315s
 886663 626963  528.09558  194  143  736.18400  450.97992  38.7%  87.5 3322s
 886767 626969     cutoff  200       736.18400  450.97992  38.7%  87.5 3325s
 886777 626975     cutoff  201       736.18400  450.97992  38.7%  87.5 3332s
 886787 626980     cutoff  202       736.18400  450.97992  38.7%  87.5 3337s
 886798 626992     cutoff  203       736.18400  450.97992  38.7%  87.5 3340s
 887530 628064  520.49977  173  151  736.18400  450.97992  38.7%  87.5 3346s
 889576 629578  535.31353  173  149  736.18400  451.04628  38.7%  87.5 3352s
 891667 631204  511.32509   75  131  736.18400  451.09393  38.7%  87.5 3357s
 892614 631808  522.93142  184  150  736.18400  451.09393  38.7%  87.5 3360s
 895395 634294  503.02358  168  155  736.18400  451.15989  38.7%  87.4 3366s
 897320 635363  505.38433   86  141  736.18400  451.21267  38.7%  87.3 3370s
 898698 635947  511.08977  290  149  736.18400  451.22139  38.7%  87.4 3376s
 899671 636413  511.51885  182  155  736.18400  451.22472  38.7%  87.5 3382s
 900578 637349 infeasible  252       736.18400  451.22654  38.7%  87.5 3387s
 902039 637998  562.45302  149  132  736.18400  451.24110  38.7%  87.5 3392s
 903411 638892  504.18155  124  155  736.18400  451.25464  38.7%  87.6 3397s
 904293 639403  518.15547  152  132  736.18400  451.30549  38.7%  87.6 3400s
 906049 640923  500.38516  148  150  736.18400  451.35242  38.7%  87.6 3405s
 907657 641638  507.10993  134  160  736.18400  451.37526  38.7%  87.6 3412s
 908619 642204  537.20521  193  144  736.18400  451.37526  38.7%  87.6 3415s
 910707 643669  508.63260  234  153  736.18400  451.43319  38.7%  87.6 3421s
 912339 644311     cutoff  111       736.18400  451.45991  38.7%  87.7 3427s
 912924 644692  489.82952   76  150  736.18400  451.47493  38.7%  87.7 3430s
 914498 645776  516.63019  138  145  736.18400  451.47493  38.7%  87.8 3436s
 916255 647417  487.60033  123  164  736.18400  451.52065  38.7%  87.8 3442s
 917468 647837  512.08240  136  147  736.18400  451.52789  38.7%  87.8 3445s
 919084 649321  513.41182  331  145  736.18400  451.57641  38.7%  87.8 3451s
 920960 650311  524.39488  223  153  736.18400  451.57655  38.7%  87.8 3457s
 922319 651202  523.35854  255  145  736.18400  451.59863  38.7%  87.8 3463s
 923287 651994  538.31624  193  147  736.18400  451.61738  38.7%  87.8 3466s
 925249 652920  503.58146  143  155  736.18400  451.61738  38.7%  87.8 3472s
 925845 653308  505.52169  159  151  736.18400  451.65323  38.6%  87.9 3475s
 927258 654256  511.82771  198  149  736.18400  451.65665  38.6%  87.9 3481s
 928914 655289  525.36941  250  153  736.18400  451.65665  38.6%  88.0 3487s
 929848 655976  509.19442   72  136  736.18400  451.65665  38.6%  88.0 3490s
 931402 656606  531.52018  160  155  736.18400  451.74295  38.6%  88.0 3496s
 933232 657708  518.64842  171  149  736.18400  451.74295  38.6%  88.1 3502s
 934047 658109  500.79693  212  154  736.18400  451.74295  38.6%  88.1 3505s
 935844 659045  505.63622  260  160  736.18400  451.74295  38.6%  88.1 3511s
 937545 660516  512.59010  224  151  736.18400  451.79158  38.6%  88.1 3516s
 938980 661546     cutoff   45       736.18400  451.81264  38.6%  88.1 3520s
 941258 662975  539.24630  247  150  736.18400  451.84771  38.6%  88.0 3526s
 942687 664089  500.43168  189  161  736.18400  451.85173  38.6%  88.1 3531s
 944236 665547  530.84008  251  165  736.18400  451.91043  38.6%  88.0 3535s
 947121 667700  540.26920  141  146  736.18400  451.95747  38.6%  88.0 3541s
 949056 669234     cutoff  257       736.18400  452.00176  38.6%  87.9 3546s
 950719 670204  513.62732  191  151  736.18400  452.02733  38.6%  87.9 3550s
 952377 671338  510.43156  197  157  736.18400  452.06130  38.6%  87.9 3555s
 954020 672775  534.62724  202  161  736.18400  452.07243  38.6%  87.9 3560s
 955851 673589  493.99455  145  155  736.18400  452.10799  38.6%  87.8 3567s
 956926 674718  521.76122  282  150  736.18400  452.13687  38.6%  87.8 3571s

Cutting planes:
  Gomory: 18
  MIR: 7
  Flow cover: 36

Explored 958069 nodes (84169390 simplex iterations) in 3573.07 seconds (8035.22 work units)
Thread count was 8 (of 16 available processors)

Solution count 2: 736.184 784.864 

Time limit reached
Best objective 7.361840000000e+02, best bound 4.521368666940e+02, gap 38.5837%
