
Gurobi 12.0.3 (linux64) logging started Tue Sep 22 01:40:15 2026

Set parameter LogFile to value "/home/nc437/ladder-lite/mip_structure_20260922/results/c4_k08_fresh/focus2/729448_r0/gurobi.log"
Set parameter Threads to value 8
Set parameter Seed to value 0
Set parameter MIPGap to value 0.0001
Set parameter MIPFocus to value 2
Set parameter TimeLimit to value 1800
Gurobi Optimizer version 12.0.3 build v12.0.3rc0 (linux64 - "Ubuntu 24.04.4 LTS")

CPU model: Intel(R) Xeon(R) Gold 6426Y, instruction set [SSE2|AVX|AVX2|AVX512]
Thread count: 32 physical cores, 32 logical processors, using up to 8 threads

Non-default parameters:
TimeLimit  1800
MIPFocus  2
Threads  8

Optimize a model with 188 rows, 39668 columns and 1057136 nonzeros
Model fingerprint: 0xabb8f622
Variable types: 0 continuous, 39668 integer (39668 binary)
Coefficient statistics:
  Matrix range     [1e+00, 1e+00]
  Objective range  [1e+00, 1e+00]
  Bounds range     [1e+00, 1e+00]
  RHS range        [1e+00, 1e+00]

Loaded user MIP start with objective 59

Presolve removed 0 rows and 452 columns
Presolve time: 1.44s
Presolved: 188 rows, 39216 columns, 1048230 nonzeros
Variable types: 0 continuous, 39216 integer (39216 binary)
Root relaxation presolved: 188 rows, 39216 columns, 1048230 nonzeros


Starting sifting (using dual simplex for sub-problems)...

    Iter     Pivots    Primal Obj      Dual Obj        Time
       0          0     infinity      0.0000000e+00      2s
       1        408   9.8471826e+00   3.5796695e+00      2s
       2        991   9.7097226e+00   5.5900920e+00      2s
       3       1982   9.1698669e+00   6.6485132e+00      2s
       4       2939   8.7893718e+00   7.0709169e+00      2s
       5       4072   8.5331884e+00   7.3274430e+00      2s
       6       4966   8.2540328e+00   7.5340295e+00      2s
       7       6194   8.0387292e+00   7.6160160e+00      2s
       8       6856   8.0000000e+00   8.0000000e+00      2s

Sifting complete


Root relaxation: objective 8.000000e+00, 6856 iterations, 0.64 seconds (1.08 work units)

    Nodes    |    Current Node    |     Objective Bounds      |     Work
 Expl Unexpl |  Obj  Depth IntInf | Incumbent    BestBd   Gap | It/Node Time

     0     0    8.00000    0   88   59.00000    8.00000  86.4%     -    3s
H    0     0                      21.0000000    8.00000  61.9%     -    3s
H    0     0                      14.0000000    8.00000  42.9%     -    3s
H    0     0                      13.0000000    8.00000  38.5%     -    3s
H    0     0                      11.0000000    8.00000  27.3%     -    3s
H    0     0                      10.0000000    8.00000  20.0%     -    4s
     0     0    8.00000    0   89   10.00000    8.00000  20.0%     -   10s
     0     0    8.00000    0   91   10.00000    8.00000  20.0%     -   18s
     0     0    8.00000    0   90   10.00000    8.00000  20.0%     -   23s
     0     0    8.00000    0  106   10.00000    8.00000  20.0%     -   24s
     0     0    8.00000    0  100   10.00000    8.00000  20.0%     -   33s
     0     0    8.00000    0   87   10.00000    8.00000  20.0%     -   37s
     0     2    8.00000    0   87   10.00000    8.00000  20.0%     -   42s
     3     8    8.00000    2   99   10.00000    8.00000  20.0%  5925   47s
     7    16    8.00000    3   98   10.00000    8.00000  20.0%  3130   50s
    56    76    8.00000    8  108   10.00000    8.00000  20.0%  3180   55s
   163   185    8.00000   15   94   10.00000    8.00000  20.0%  1368   60s
   281   299    8.00000   22  104   10.00000    8.00000  20.0%   837   65s
   341   367    8.00000   26  105   10.00000    8.00000  20.0%   704   71s
   400   409    8.00000   29  101   10.00000    8.00000  20.0%   612   75s
   424   443    8.00000   32  101   10.00000    8.00000  20.0%   584   80s
   625   687    8.00000   36   99   10.00000    8.00000  20.0%   412   85s
  1144  1161    8.00000   42   93   10.00000    8.00000  20.0%   246   91s
  1160  1176    8.00000   43  106   10.00000    8.00000  20.0%   244   96s
  1209  1265    8.00000   45  106   10.00000    8.00000  20.0%   237  104s
  1264  1334    8.00000   46  110   10.00000    8.00000  20.0%   229  109s
  1333  1412    8.00000   47   99   10.00000    8.00000  20.0%   220  110s
  1494  1580    8.00000   49  100   10.00000    8.00000  20.0%   200  115s
  1835  1999    8.00000   52  108   10.00000    8.00000  20.0%   171  120s
  2582  2745    8.00000   63   94   10.00000    8.00000  20.0%   133  125s
  3419  3718    8.00000   74  104   10.00000    8.00000  20.0%   110  130s
  4075  4096    8.00000   83  101   10.00000    8.00000  20.0%   100  138s
  4099  4139    8.00000   87   98   10.00000    8.00000  20.0%   100  140s
  4211  4257    8.00000   93  105   10.00000    8.00000  20.0%  99.4  147s
  4416  4590    8.00000   99  106   10.00000    8.00000  20.0%  97.2  151s
  5312  5604    8.00000  105  106   10.00000    8.00000  20.0%  86.4  156s
  5858  6033    8.00000  113  107   10.00000    8.00000  20.0%  82.7  161s
  6356  6600    8.00000  116  105   10.00000    8.00000  20.0%  80.0  166s
  6867  7160    8.00000  124  112   10.00000    8.00000  20.0%  78.1  170s
  7299  7284    8.32490  199   87   10.00000    8.00000  20.0%  76.3  177s
H 7300  6920                       9.0000000    8.00000  11.1%  76.3  186s
  7301  6920    8.03547  141   88    9.00000    8.00000  11.1%  76.3  190s
  7306  6925    8.44471   95   87    9.00000    8.00000  11.1%  79.2  199s
  7307  6926    8.47517  665   60    9.00000    8.00000  11.1%  79.1  206s
  7309  6927    8.35535  312   75    9.00000    8.00000  11.1%  79.1  216s
  7310  6928    8.42828  570   96    9.00000    8.00000  11.1%  79.1  221s
  7311  6929    8.36412  496   94    9.00000    8.00000  11.1%  79.1  230s
  7312  6929    9.00000  690   93    9.00000    8.00000  11.1%  79.1  235s
  7313  6930    8.16278  412   98    9.00000    8.00000  11.1%  79.1  241s
  7314  6931    8.86342  509  100    9.00000    8.00000  11.1%  79.1  246s
  7315  6931    8.03020  132   74    9.00000    8.00000  11.1%  79.1  252s
  7316  6932    8.94971 1288   80    9.00000    8.00000  11.1%  79.0  255s
  7318  6933    8.26650  270   78    9.00000    8.00000  11.1%  79.0  264s
  7319  6934    8.26650  270   78    9.00000    8.00000  11.1%  79.0  269s
  7320  6936    8.40779  562   87    9.00000    8.00000  11.1%  17.0  271s
  7322  6937    9.00000  889   77    9.00000    8.00000  11.1%  17.0  277s
  7323  6938    8.32553  214   81    9.00000    8.00000  11.1%  17.0  283s
  7325  6939    8.52934  961   92    9.00000    8.00000  11.1%  17.0  289s
  7326  6940    8.98843 1481  104    9.00000    8.00000  11.1%  17.0  293s
  7327  6941    9.00000   45   87    9.00000    8.00000  11.1%  17.0  301s
  7329  6942    8.22705  566   91    9.00000    8.00000  11.1%  17.0  313s
  7330  6943    8.78246  828  102    9.00000    8.00000  11.1%  17.0  317s
  7331  6943    8.80009  789   91    9.00000    8.00000  11.1%  17.0  324s
  7332  6944    8.42785  550  100    9.00000    8.00000  11.1%  17.0  328s
  7333  6945    9.00000  705   90    9.00000    8.00000  11.1%  16.9  335s
  7334  6945    8.91360  612   90    9.00000    8.00000  11.1%  16.9  340s
  7335  6946    8.50309  871   90    9.00000    8.00000  11.1%  16.9  347s
  7336  6948    8.00000   37   95    9.00000    8.00000  11.1%  31.4  350s
  7394  6948    8.00000   46  100    9.00000    8.00000  11.1%  36.5  355s
  7450  6957 infeasible   49         9.00000    8.00000  11.1%  40.8  360s
  7523  7033 infeasible   54         9.00000    8.00000  11.1%  43.3  365s
  7620  7084    8.00000   59  127    9.00000    8.00000  11.1%  49.6  370s
  7759  7194 infeasible   62         9.00000    8.00000  11.1%  59.5  379s
  8111  7205    8.00000   77  115    9.00000    8.00000  11.1%  81.2  390s
  8566  7054    8.00000   85   86    9.00000    8.00000  11.1%   113  401s
  8904  7016    8.00000  135   79    9.00000    8.00000  11.1%   122  412s
  9375  6870    8.00000  199   82    9.00000    8.00000  11.1%   131  422s
  9979  6502    8.00000  152   84    9.00000    8.00000  11.1%   141  433s
 10393  6220    8.00000  194   82    9.00000    8.00000  11.1%   147  443s
 10899  5915 infeasible  182         9.00000    8.00000  11.1%   156  449s
 11280  5724 infeasible   93         9.00000    8.00000  11.1%   162  453s
 11378  5726    8.00000   81   86    9.00000    8.00000  11.1%   164  457s
 11487  5707 infeasible   98         9.00000    8.00000  11.1%   166  461s
 11632  5683 infeasible  179         9.00000    8.00000  11.1%   168  465s
 11808  5542    8.00000   98  111    9.00000    8.00000  11.1%   170  473s
 11980  5430 infeasible  132         9.00000    8.00000  11.1%   172  478s
 12039  5390 infeasible  145         9.00000    8.00000  11.1%   173  483s
 12067  5377 infeasible  134         9.00000    8.00000  11.1%   174  487s
 12085  5371 infeasible  138         9.00000    8.00000  11.1%   174  491s
 12099  5371 infeasible  145         9.00000    8.00000  11.1%   174  496s
 12120  5367 infeasible  160         9.00000    8.00000  11.1%   174  502s
 12145  5348 infeasible  172         9.00000    8.00000  11.1%   175  507s
 12162  5337 infeasible  176         9.00000    8.00000  11.1%   175  511s

Cutting planes:
  MIR: 2
  Flow cover: 137

Explored 12175 nodes (2768916 simplex iterations) in 511.81 seconds (1505.06 work units)
Thread count was 8 (of 32 available processors)

Solution count 7: 9 10 11 ... 59

Optimal solution found (tolerance 1.00e-04)
Best objective 9.000000000000e+00, best bound 9.000000000000e+00, gap 0.0000%

User-callback calls 190614, time in user-callback 0.45 sec
