
Gurobi 12.0.3 (linux64) logging started Tue Sep 22 01:42:35 2026

Set parameter LogFile to value "/home/nc437/ladder-lite/mip_structure_20260922/results/c1_k08_fresh/default/729440_r0/gurobi.log"
Set parameter Threads to value 8
Set parameter Seed to value 0
Set parameter MIPGap to value 0.0001
Set parameter TimeLimit to value 1800
Gurobi Optimizer version 12.0.3 build v12.0.3rc0 (linux64 - "Ubuntu 24.04.4 LTS")

CPU model: Intel(R) Xeon(R) Gold 6230 CPU @ 2.10GHz, instruction set [SSE2|AVX|AVX2|AVX512]
Thread count: 40 physical cores, 80 logical processors, using up to 8 threads

Non-default parameters:
TimeLimit  1800
Threads  8

Optimize a model with 194 rows, 39940 columns and 1092654 nonzeros
Model fingerprint: 0x8fae06be
Variable types: 0 continuous, 39940 integer (39940 binary)
Coefficient statistics:
  Matrix range     [1e+00, 1e+00]
  Objective range  [1e+00, 1e+00]
  Bounds range     [1e+00, 1e+00]
  RHS range        [1e+00, 1e+00]

Loaded user MIP start with objective 63

Presolve removed 0 rows and 198 columns
Presolve time: 2.42s
Presolved: 194 rows, 39742 columns, 1088432 nonzeros
Variable types: 0 continuous, 39742 integer (39742 binary)
Found heuristic solution: objective 57.0000000

Starting sifting (using dual simplex for sub-problems)...

    Iter     Pivots    Primal Obj      Dual Obj        Time
       0          0     infinity      0.0000000e+00      3s
       1        221   9.3241206e+00   3.1670578e+00      3s
       2       1083   8.9660596e+00   5.4448490e+00      3s
       3       1835   8.8262877e+00   6.1645969e+00      3s
       4       2682   8.4900636e+00   6.6099746e+00      3s
       5       3803   8.2684436e+00   6.9184187e+00      3s
       6       4837   8.0888254e+00   7.2259837e+00      3s
       7       5537   8.0000000e+00   7.2801886e+00      3s
       8       6237   8.0000000e+00   7.3190154e+00      3s
       9       6965   8.0000000e+00   8.0000000e+00      3s

Sifting complete


Root relaxation: objective 8.000000e+00, 6965 iterations, 0.71 seconds (0.72 work units)

    Nodes    |    Current Node    |     Objective Bounds      |     Work
 Expl Unexpl |  Obj  Depth IntInf | Incumbent    BestBd   Gap | It/Node Time

     0     0    8.00000    0   78   57.00000    8.00000  86.0%     -    5s
H    0     0                      18.0000000    8.00000  55.6%     -    5s
H    0     0                      14.0000000    8.00000  42.9%     -    5s
H    0     0                      13.0000000    8.00000  38.5%     -    5s
H    0     0                      11.0000000    8.00000  27.3%     -    5s
H    0     0                      10.0000000    8.00000  20.0%     -    6s
     0     0    8.00000    0   76   10.00000    8.00000  20.0%     -   12s
     0     0    8.00000    0   86   10.00000    8.00000  20.0%     -   21s
     0     0    8.00000    0   97   10.00000    8.00000  20.0%     -   26s
     0     0    8.00000    0   83   10.00000    8.00000  20.0%     -   31s
     0     0    8.00000    0   85   10.00000    8.00000  20.0%     -   32s
     0     0    8.00000    0   90   10.00000    8.00000  20.0%     -   35s
     0     0    8.00000    0   89   10.00000    8.00000  20.0%     -   36s
     0     0    8.00000    0   94   10.00000    8.00000  20.0%     -   40s
     0     0    8.00000    0   94   10.00000    8.00000  20.0%     -   44s
     0     2    8.00000    0   94   10.00000    8.00000  20.0%     -   56s
     7    16    8.00000    3  108   10.00000    8.00000  20.0%  3574   61s
    23    61    8.00000    5  135   10.00000    8.00000  20.0%  1590   68s
H   40    61                       9.0000000    8.00000  11.1%  1579   68s
    61    46    8.00000    6   94    9.00000    8.00000  11.1%  1774   78s
    63    47    8.00000    7   85    9.00000    8.00000  11.1%  1717   83s
    64    48    8.00000    8  110    9.00000    8.00000  11.1%  1691   89s
    65    49    8.00000    5  100    9.00000    8.00000  11.1%  1665   91s
    68    51    8.00000    6  101    9.00000    8.00000  11.1%  1591   96s
    72    53    8.00000    4   92    9.00000    8.00000  11.1%  1503  101s
    75    55    8.00000    4   98    9.00000    8.00000  11.1%  1443  105s
    85    61    8.00000   14  111    9.00000    8.00000  11.1%   768  110s
   141    71    8.00000   19  120    9.00000    8.00000  11.1%   623  115s
   191    75 infeasible   24         9.00000    8.00000  11.1%   589  121s
   222    69 infeasible   26         9.00000    8.00000  11.1%   544  126s
   273   104 infeasible   29         9.00000    8.00000  11.1%   550  131s
   423   151 infeasible   41         9.00000    8.00000  11.1%   509  136s
   546   128 infeasible   44         9.00000    8.00000  11.1%   486  146s
   605   195 infeasible   46         9.00000    8.00000  11.1%   515  152s
   708   300    8.00000   24  110    9.00000    8.00000  11.1%   465  163s
  1101   421 infeasible   85         9.00000    8.00000  11.1%   456  173s
  1639   428 infeasible  187         9.00000    8.00000  11.1%   419  187s
  1688   570    8.00000  146  118    9.00000    8.00000  11.1%   428  202s
  2170   582    8.00000   29  129    9.00000    8.00000  11.1%   425  217s
  2228   668    8.00000   38  131    9.00000    8.00000  11.1%   432  231s
  2800   658    8.00000   59  110    9.00000    8.00000  11.1%   438  245s
  2984   715 infeasible  121         9.00000    8.00000  11.1%   446  258s
  3389   665 infeasible  124         9.00000    8.00000  11.1%   454  271s
  4017   623    8.00000   34   96    9.00000    8.00000  11.1%   473  286s
  4137   651    8.00000   46   98    9.00000    8.00000  11.1%   470  300s
  4729   704    8.00000   69  119    9.00000    8.00000  11.1%   473  324s
  4786   879    8.00000   70  113    9.00000    8.00000  11.1%   470  337s
  5501   604 infeasible   29         9.00000    8.00000  11.1%   460  353s
  5802   538    8.00000  119  111    9.00000    8.00000  11.1%   488  369s
  6030   452 infeasible  165         9.00000    8.00000  11.1%   492  381s
  6498   318    8.00000   48   96    9.00000    8.00000  11.1%   494  400s
  6696   211 infeasible  172         9.00000    8.00000  11.1%   503  409s
  6947   194 infeasible   40         9.00000    8.00000  11.1%   495  419s
  7102   214    8.00000   33  108    9.00000    8.00000  11.1%   499  427s
  7484   232 infeasible   43         9.00000    8.00000  11.1%   501  435s
  7698   273    8.00000   57  114    9.00000    8.00000  11.1%   498  446s
  7841   431    8.00000   80  117    9.00000    8.00000  11.1%   494  455s
  8121   393    8.00000  113  141    9.00000    8.00000  11.1%   489  468s
  8435   386 infeasible  153         9.00000    8.00000  11.1%   496  486s
  8650   425 infeasible  186         9.00000    8.00000  11.1%   497  498s
  9013   398    8.00000   50   92    9.00000    8.00000  11.1%   499  509s
  9548   336 infeasible  175         9.00000    8.00000  11.1%   491  533s
  9656   369    8.00000  110   82    9.00000    8.00000  11.1%   490  556s
  9853   276 infeasible  210         9.00000    8.00000  11.1%   485  570s
 10196   345 infeasible   75         9.00000    8.00000  11.1%   476  583s
 10779   222    8.00000   59  106    9.00000    8.00000  11.1%   460  596s
 11210   228 infeasible   97         9.00000    8.00000  11.1%   451  610s
 11396   426    8.00000   63  102    9.00000    8.00000  11.1%   447  624s
 11966   583    8.00000   76  100    9.00000    8.00000  11.1%   435  638s
 12784   473 infeasible  117         9.00000    8.00000  11.1%   418  654s
 13110   432 infeasible  128         9.00000    8.00000  11.1%   414  677s
 13187   454    8.00000   60   74    9.00000    8.00000  11.1%   414  713s
 13283   511    8.00000   67   83    9.00000    8.00000  11.1%   413  730s
 13742   374    8.00000   89   94    9.00000    8.00000  11.1%   405  747s
 14550   362 infeasible  117         9.00000    8.00000  11.1%   394  787s
 14665   407    8.00000   62   89    9.00000    8.00000  11.1%   393  803s
 15468   439    8.00000   87  100    9.00000    8.00000  11.1%   382  833s
 15985   296    8.00000   71   98    9.00000    8.00000  11.1%   376  860s
 16675   417 infeasible  114         9.00000    8.00000  11.1%   368  882s
 17174   504 infeasible  123         9.00000    8.00000  11.1%   363  906s
 17413  1011    8.00000  127  109    9.00000    8.00000  11.1%   363  931s
 18572  1305 infeasible  117         9.00000    8.00000  11.1%   363  954s
 19481  1148 infeasible  145         9.00000    8.00000  11.1%   365  976s
 20089  1000 infeasible  153         9.00000    8.00000  11.1%   373  999s
 20931   774    8.00000   89   91    9.00000    8.00000  11.1%   382 1025s
 21755   752    8.00000   90   96    9.00000    8.00000  11.1%   377 1050s
 22552   597 infeasible  266         9.00000    8.00000  11.1%   377 1077s
 22825   632    8.00000  178  118    9.00000    8.00000  11.1%   377 1101s
 23611   708 infeasible  344         9.00000    8.00000  11.1%   379 1123s
 24287   521    8.00000  229  111    9.00000    8.00000  11.1%   375 1146s
 25758   586    8.00000   86   98    9.00000    8.00000  11.1%   365 1169s
 26615   349 infeasible  238         9.00000    8.00000  11.1%   370 1191s
 27699    79    8.00000  238  120    9.00000    8.00000  11.1%   365 1213s
 28397     0 infeasible  343         9.00000    8.00000  11.1%   372 1232s

Cutting planes:
  MIR: 2
  Flow cover: 9

Explored 28694 nodes (10867636 simplex iterations) in 1232.99 seconds (2773.96 work units)
Thread count was 8 (of 80 available processors)

Solution count 8: 9 10 11 ... 63

Optimal solution found (tolerance 1.00e-04)
Best objective 9.000000000000e+00, best bound 9.000000000000e+00, gap 0.0000%

User-callback calls 366442, time in user-callback 2.06 sec
