
Gurobi 12.0.3 (linux64) logging started Tue Sep 22 01:35:53 2026

Set parameter LogFile to value "/home/nc437/ladder-lite/mip_structure_20260922/results/c1_k08_fresh/prepare/729439_r0/charging_lp.gurobi.log"
Set parameter Threads to value 8
Set parameter Seed to value 0
Set parameter MIPGap to value 0.0001
Set parameter TimeLimit to value 300
Gurobi Optimizer version 12.0.3 build v12.0.3rc0 (linux64 - "Ubuntu 24.04.4 LTS")

CPU model: Intel(R) Xeon(R) Gold 6230 CPU @ 2.10GHz, instruction set [SSE2|AVX|AVX2|AVX512]
Thread count: 40 physical cores, 80 logical processors, using up to 8 threads

Non-default parameters:
TimeLimit  300
Threads  8

Optimize a model with 195 rows, 39940 columns and 1132594 nonzeros
Model fingerprint: 0x54125c11
Coefficient statistics:
  Matrix range     [1e+00, 1e+00]
  Objective range  [9e+00, 2e+02]
  Bounds range     [1e+00, 1e+00]
  RHS range        [1e+00, 9e+00]
Presolve time: 0.35s
Presolved: 195 rows, 39940 columns, 1132594 nonzeros

Concurrent LP optimizer: primal simplex, dual simplex, and barrier
Showing barrier log only...

Ordering time: 0.00s

Barrier statistics:
 AA' NZ     : 1.760e+04
 Factor NZ  : 1.911e+04 (roughly 16 MB of memory)
 Factor Ops : 2.491e+06 (less than 1 second per iteration)
 Threads    : 6

                  Objective                Residual
Iter       Primal          Dual         Primal    Dual     Compl     Time
   0   1.18983361e+07 -4.25510892e+06  1.89e+05 9.71e+00  5.57e+02     1s
   1   3.12827147e+05 -2.99845122e+06  5.10e+03 7.32e+00  4.90e+01     1s
   2   6.97737322e+04 -3.15208303e+05  1.13e+03 1.57e-01  5.63e+00     1s
   3   6.27235337e+03 -2.98945927e+03  9.43e+01 1.78e-13  1.74e-01     1s
   4   1.18697034e+03 -3.39777608e+02  1.12e+01 1.99e-13  2.47e-02     1s
   5   6.93471467e+02 -1.08617947e+02  3.19e+00 1.14e-13  1.08e-02     1s
   6   5.08847639e+02  2.11520235e+02  5.33e-01 5.68e-14  3.57e-03     1s
   7   5.00161219e+02  2.41554858e+02  4.84e-01 4.97e-14  3.08e-03     1s
   8   4.84260878e+02  2.74871710e+02  4.00e-01 5.68e-14  2.47e-03     1s
   9   4.59163853e+02  3.02037447e+02  2.89e-01 4.26e-14  1.84e-03     1s
  10   4.27960291e+02  3.19146439e+02  1.58e-01 4.26e-14  1.29e-03     1s
  11   4.07896616e+02  3.36506426e+02  9.58e-02 5.68e-14  8.44e-04     1s
  12   3.94357950e+02  3.46693334e+02  6.02e-02 4.26e-14  5.64e-04     1s
  13   3.85441600e+02  3.52595281e+02  4.18e-02 4.26e-14  3.88e-04     1s
  14   3.78852180e+02  3.54646772e+02  2.92e-02 2.84e-14  2.87e-04     1s
  15   3.69901710e+02  3.56922981e+02  1.20e-02 4.26e-14  1.56e-04     1s
  16   3.64985075e+02  3.58862638e+02  4.14e-03 2.84e-14  7.42e-05     1s
  17   3.62475215e+02  3.60436369e+02  6.60e-04 4.26e-14  2.51e-05     1s
  18   3.61996854e+02  3.61107579e+02  2.31e-04 5.68e-14  1.10e-05     1s
  19   3.61807650e+02  3.61335169e+02  7.96e-05 5.68e-14  5.86e-06     1s
  20   3.61721996e+02  3.61599756e+02  1.52e-05 4.26e-14  1.52e-06     1s
  21   3.61700535e+02  3.61684344e+02  3.21e-06 5.68e-14  2.00e-07     1s
  22   3.61694555e+02  3.61691117e+02  5.04e-07 4.26e-14  4.27e-08     1s
  23   3.61693490e+02  3.61692610e+02  7.66e-08 4.26e-14  1.10e-08     1s
  24   3.61693308e+02  3.61692736e+02  1.86e-09 5.68e-14  7.15e-09     1s
  25   3.61693285e+02  3.61693201e+02  4.68e-10 4.26e-14  1.05e-09     1s
  26   3.61693284e+02  3.61693271e+02  1.50e-10 4.26e-14  1.70e-10     1s
  27   3.61693282e+02  3.61693276e+02  4.70e-11 4.26e-14  7.91e-11     1s

Barrier performed 27 iterations in 1.33 seconds (1.23 work units)
Barrier solve interrupted - model solved by another algorithm


Solved with dual simplex
Iteration    Objective       Primal Inf.    Dual Inf.      Time
    6336    3.6169328e+02   0.000000e+00   0.000000e+00      1s

Solved in 6336 iterations and 1.34 seconds (1.38 work units)
Optimal objective  3.616932822e+02
