Set parameter Username
Set parameter LicenseID to value 2777767
Academic license - for non-commercial use only - expires 2027-02-11
Set parameter Threads to value 4
Set parameter MIPGap to value 0
Set parameter TimeLimit to value 60
Set parameter LogFile to value "outputs/week_20260921/cleanup_physics/cleanup_result/fleet.log"
Gurobi Optimizer version 12.0.1 build v12.0.1rc0 (mac64[arm] - Darwin 25.5.0 25F84)

CPU model: Apple M3 Pro
Thread count: 12 physical cores, 12 logical processors, using up to 4 threads

Non-default parameters:
TimeLimit  60
MIPGap  0
Threads  4

Optimize a model with 64 rows, 1291 columns and 18703 nonzeros
Model fingerprint: 0xfcc28ab1
Variable types: 0 continuous, 1291 integer (1291 binary)
Coefficient statistics:
  Matrix range     [5e-01, 2e+02]
  Objective range  [1e+00, 1e+00]
  Bounds range     [1e+00, 1e+00]
  RHS range        [1e+00, 3e+02]
Found heuristic solution: objective 5.0000000
Presolve removed 64 rows and 1291 columns
Presolve time: 0.01s
Presolve: All rows and columns removed

Explored 0 nodes (0 simplex iterations) in 0.01 seconds (0.01 work units)
Thread count was 1 (of 12 available processors)

Solution count 1: 5 

Optimal solution found (tolerance 0.00e+00)
Best objective 5.000000000000e+00, best bound 5.000000000000e+00, gap 0.0000%
Set parameter TimeLimit to value 1.1998648583283648e+02
Set parameter LogFile to value "outputs/week_20260921/cleanup_physics/cleanup_result/charging.log"
Gurobi Optimizer version 12.0.1 build v12.0.1rc0 (mac64[arm] - Darwin 25.5.0 25F84)

CPU model: Apple M3 Pro
Thread count: 12 physical cores, 12 logical processors, using up to 4 threads

Non-default parameters:
TimeLimit  1.1998648583283648e+02
MIPGap  0
Threads  4

Optimize a model with 65 rows, 1291 columns and 19994 nonzeros
Model fingerprint: 0x7cf64dcd
Variable types: 0 continuous, 1291 integer (1291 binary)
Coefficient statistics:
  Matrix range     [5e-01, 2e+02]
  Objective range  [2e+01, 4e+01]
  Bounds range     [1e+00, 1e+00]
  RHS range        [1e+00, 3e+02]

Loaded user MIP start with objective 156.972
MIP start from previous solve did not produce a new incumbent solution

Presolve removed 58 rows and 7 columns
Presolve time: 0.01s
Presolved: 7 rows, 1284 columns, 2925 nonzeros
Variable types: 0 continuous, 1284 integer (1284 binary)

Root relaxation: objective 1.289150e+02, 24 iterations, 0.00 seconds (0.00 work units)

    Nodes    |    Current Node    |     Objective Bounds      |     Work
 Expl Unexpl |  Obj  Depth IntInf | Incumbent    BestBd   Gap | It/Node Time

     0     0  128.91497    0    2  156.97237  128.91497  17.9%     -    0s
H    0     0                     130.9746797  128.91497  1.57%     -    0s
H    0     0                     129.8496740  128.91497  0.72%     -    0s
H    0     0                     128.9496694  128.91497  0.03%     -    0s
H    0     0                     128.9490904  128.91497  0.03%     -    0s
     0     0  128.91497    0    4  128.94909  128.91497  0.03%     -    0s
     0     0  128.91497    0    2  128.94909  128.91497  0.03%     -    0s
     0     0  128.91497    0    2  128.94909  128.91497  0.03%     -    0s
     0     0  128.91497    0    2  128.94909  128.91497  0.03%     -    0s
     0     2  128.91497    0    2  128.94909  128.91497  0.03%     -    0s
H   71   132                     128.9475887  128.91497  0.03%   1.7    0s
H29885 12227                     128.9475887  128.91497  0.03%   1.5    1s
 134028 73253  128.92907   98    2  128.94759  128.91497  0.03%   1.5    5s
 261810 155754  128.92261  136    2  128.94759  128.91497  0.03%   1.5   10s
H359526 208812                     128.9475886  128.91497  0.03%   1.6   13s
 380903 221688  128.92907  112    2  128.94759  128.91497  0.03%   1.6   15s
 513998 301024  128.92468  171    2  128.94759  128.91497  0.03%   1.6   20s
H534352 312334                     128.9475886  128.91497  0.03%   1.6   21s
 645785 376911  128.92576   98    2  128.94759  128.91497  0.03%   1.6   25s
 784479 460086  128.91667  134    2  128.94759  128.91497  0.03%   1.6   30s
 913453 529698 infeasible  277       128.94759  128.91497  0.03%   1.6   35s
H1034991 605146                     128.9475878  128.91497  0.03%   1.6   39s
 1036823 606412 infeasible   79       128.94759  128.91497  0.03%   1.6   40s
 1166005 688500  128.92907  208    2  128.94759  128.91497  0.03%   1.6   45s
 1299437 764095 infeasible  222       128.94759  128.91497  0.03%   1.7   50s
 1419674 839566  128.92710  112    2  128.94759  128.91497  0.03%   1.7   55s
 1552889 926135  128.92907  153    2  128.94759  128.91497  0.03%   1.7   60s
 1672510 1000355  128.92907  200    2  128.94759  128.91497  0.03%   1.7   65s
 1793587 1070532  128.92914  197    2  128.94759  128.91497  0.03%   1.7   70s
 1939778 1161322     cutoff  153       128.94759  128.91497  0.03%   1.6   75s
 2100729 1251494  128.92935  224    2  128.94759  128.91497  0.03%   1.6   80s
 2253428 1340935  128.92907  189    2  128.94759  128.91497  0.03%   1.6   85s
 2395789 1419455  128.92907  153    2  128.94759  128.91497  0.03%   1.6   90s
 2543608 1503478  128.92907  161    2  128.94759  128.91497  0.03%   1.6   95s
 2669358 1574656  128.92907  265    2  128.94759  128.91497  0.03%   1.5  100s
 2834631 1678757  128.91800  103    2  128.94759  128.91497  0.03%   1.5  105s
 3008270 1784177     cutoff  122       128.94759  128.91497  0.03%   1.5  110s
 3176158 1882282     cutoff   61       128.94759  128.91497  0.03%   1.5  115s

Cutting planes:
  Gomory: 1
  MIR: 2
  StrongCG: 1
  GUB cover: 2

Explored 3345567 nodes (4976927 simplex iterations) in 119.99 seconds (314.29 work units)
Thread count was 4 (of 12 available processors)

Solution count 10: 128.948 128.948 128.948 ... 156.972

Time limit reached
Best objective 1.289475887481e+02, best bound 1.289149689201e+02, gap 0.0253%
