Set parameter Username
Set parameter LicenseID to value 2777767
Academic license - for non-commercial use only - expires 2027-02-11
Set parameter Threads to value 4
Set parameter TimeLimit to value 120
Set parameter MIPGap to value 0.0001
Set parameter LogFile to value "/Users/nadan/Documents/projects/demandresponse/outputs/week_20260921/cleanup_physics/saved_joint_fee0.gurobi.log"
Set parameter NumericFocus to value 2
Gurobi Optimizer version 12.0.1 build v12.0.1rc0 (mac64[arm] - Darwin 25.5.0 25F84)

CPU model: Apple M3 Pro
Thread count: 12 physical cores, 12 logical processors, using up to 4 threads

Non-default parameters:
TimeLimit  120
NumericFocus  2
Threads  4

Optimize a model with 874 rows, 735 columns and 2230 nonzeros
Model fingerprint: 0x6bece555
Model has 114 simple general constraints
  114 PWL
Variable types: 596 continuous, 139 integer (139 binary)
Coefficient statistics:
  Matrix range     [2e-03, 2e+03]
  Objective range  [3e-02, 3e-01]
  Bounds range     [1e+00, 1e+03]
  RHS range        [5e-01, 5e+03]
  PWLCon x range   [2e+01, 2e+02]
  PWLCon y range   [4e+00, 5e+01]
Presolve added 0 rows and 849 columns
Presolve removed 117 rows and 0 columns
Presolve time: 0.01s
Presolved: 757 rows, 1584 columns, 4762 nonzeros
Presolved model has 114 SOS constraint(s)
Variable types: 1492 continuous, 92 integer (92 binary)

Root relaxation: objective 1.544940e+02, 592 iterations, 0.01 seconds (0.00 work units)

    Nodes    |    Current Node    |     Objective Bounds      |     Work
 Expl Unexpl |  Obj  Depth IntInf | Incumbent    BestBd   Gap | It/Node Time

     0     0  154.49405    0   89          -  154.49405      -     -    0s
     0     0  156.12428    0   90          -  156.12428      -     -    0s
     0     0  156.71395    0   90          -  156.71395      -     -    0s
     0     0  156.76551    0   93          -  156.76551      -     -    0s
     0     0  156.76823    0   89          -  156.76823      -     -    0s
     0     0  156.77036    0   90          -  156.77036      -     -    0s
     0     0  156.77131    0   90          -  156.77131      -     -    0s
     0     0  156.77254    0   90          -  156.77254      -     -    0s
     0     0  156.78146    0   80          -  156.78146      -     -    0s
     0     0  156.78146    0   77          -  156.78146      -     -    0s
     0     0  156.83715    0   77          -  156.83715      -     -    0s
     0     0  156.85789    0   77          -  156.85789      -     -    0s
     0     0  156.85789    0   88          -  156.85789      -     -    0s
     0     0  157.47341    0   90          -  157.47341      -     -    0s
     0     0  157.47357    0   90          -  157.47357      -     -    0s
     0     0  157.47373    0   90          -  157.47373      -     -    0s
     0     0  157.48294    0   80          -  157.48294      -     -    0s
H    0     0                     175.1261370  157.48294  10.1%     -    0s
     0     0  158.28046    0   82  175.12614  158.28046  9.62%     -    0s
     0     0  158.28046    0   81  175.12614  158.28046  9.62%     -    0s
     0     0  158.28046    0   81  175.12614  158.28046  9.62%     -    0s
     0     0  158.28046    0   80  175.12614  158.28046  9.62%     -    0s
H    0     0                     175.1261370  158.28046  9.62%     -    0s
H    0     0                     173.7064619  158.28046  8.88%     -    0s
     0     0  158.28046    0   80  173.70646  158.28046  8.88%     -    0s
     0     0  158.28046    0   79  173.70646  158.28046  8.88%     -    0s
H    0     0                     173.7064619  158.28046  8.88%     -    0s
     0     2  158.28046    0   78  173.70646  158.28046  8.88%     -    0s
H  364   176                     173.7064619  158.32851  8.85%   9.0    0s
H  377   176                     173.7064327  158.32851  8.85%   8.9    0s
H  631   347                     173.2784350  158.32851  8.63%   8.2    0s
* 1229   291             162     160.2818172  158.32851  1.22%   6.0    0s
* 1344   229             153     159.7628245  158.36145  0.88%   5.8    0s
* 1848   246             158     158.7068204  158.69785  0.01%   5.3    0s

Cutting planes:
  Learned: 1
  Cover: 1
  Implied bound: 11
  MIR: 8
  Flow cover: 26
  RLT: 1
  Relax-and-lift: 3

Explored 1962 nodes (11961 simplex iterations) in 0.55 seconds (0.74 work units)
Thread count was 4 (of 12 available processors)

Solution count 7: 158.707 159.763 160.282 ... 175.126

Optimal solution found (tolerance 1.00e-04)
Best objective 1.587068203685e+02, best bound 1.586978498382e+02, gap 0.0057%
saved_joint_fee0 2 158.7068203684573 {'4808': 1, '2190L': 1}
Set parameter Threads to value 4
Set parameter TimeLimit to value 120
Set parameter MIPGap to value 0.0001
Set parameter LogFile to value "/Users/nadan/Documents/projects/demandresponse/outputs/week_20260921/cleanup_physics/saved_joint_fee5.gurobi.log"
Set parameter NumericFocus to value 2
Gurobi Optimizer version 12.0.1 build v12.0.1rc0 (mac64[arm] - Darwin 25.5.0 25F84)

CPU model: Apple M3 Pro
Thread count: 12 physical cores, 12 logical processors, using up to 4 threads

Non-default parameters:
TimeLimit  120
NumericFocus  2
Threads  4

Optimize a model with 861 rows, 727 columns and 2179 nonzeros
Model fingerprint: 0xf479a103
Model has 114 simple general constraints
  114 PWL
Variable types: 593 continuous, 134 integer (134 binary)
Coefficient statistics:
  Matrix range     [2e-03, 2e+03]
  Objective range  [3e-02, 5e+00]
  Bounds range     [1e+00, 1e+03]
  RHS range        [5e-01, 5e+03]
  PWLCon x range   [2e+01, 2e+02]
  PWLCon y range   [4e+00, 5e+01]
Presolve added 0 rows and 848 columns
Presolve removed 116 rows and 0 columns
Presolve time: 0.00s
Presolved: 745 rows, 1575 columns, 4705 nonzeros
Presolved model has 114 SOS constraint(s)
Variable types: 1490 continuous, 85 integer (85 binary)

Root relaxation: objective 2.492220e+02, 655 iterations, 0.00 seconds (0.01 work units)

    Nodes    |    Current Node    |     Objective Bounds      |     Work
 Expl Unexpl |  Obj  Depth IntInf | Incumbent    BestBd   Gap | It/Node Time

     0     0  249.22202    0  119          -  249.22202      -     -    0s
     0     0  267.06951    0  118          -  267.06951      -     -    0s
     0     0  274.18655    0  115          -  274.18655      -     -    0s
     0     0  274.54015    0  111          -  274.54015      -     -    0s
     0     0  274.77623    0  111          -  274.77623      -     -    0s
     0     0  274.86096    0  108          -  274.86096      -     -    0s
     0     0  274.91347    0  109          -  274.91347      -     -    0s
     0     0  274.91347    0  109          -  274.91347      -     -    0s
     0     0  274.91347    0  109          -  274.91347      -     -    0s
     0     0  287.42185    0  130          -  287.42185      -     -    0s
     0     0  287.45862    0  129          -  287.45862      -     -    0s
     0     0  287.45870    0  128          -  287.45870      -     -    0s
     0     0  287.45881    0  128          -  287.45881      -     -    0s
     0     0  287.45883    0  128          -  287.45883      -     -    0s
     0     0  287.45883    0  128          -  287.45883      -     -    0s
     0     0  287.45883    0  128          -  287.45883      -     -    0s
     0     0  291.09201    0  132          -  291.09201      -     -    0s
     0     0  291.14342    0  135          -  291.14342      -     -    0s
     0     0  292.23836    0  137          -  292.23836      -     -    0s
     0     0  292.23836    0  104          -  292.23836      -     -    0s
     0     0  292.23836    0  103          -  292.23836      -     -    0s
     0     0  292.23836    0  103          -  292.23836      -     -    0s
     0     0  292.23836    0  103          -  292.23836      -     -    0s
     0     0  296.69882    0  124          -  296.69882      -     -    0s
     0     0  296.96303    0  122          -  296.96303      -     -    0s
     0     0  296.96303    0  122          -  296.96303      -     -    0s
     0     0  296.96303    0  122          -  296.96303      -     -    0s
     0     0  298.24114    0  127          -  298.24114      -     -    0s
     0     0  298.25730    0  124          -  298.25730      -     -    0s
     0     0  298.27827    0  124          -  298.27827      -     -    0s
     0     0  299.46716    0  129          -  299.46716      -     -    0s
     0     0  299.54604    0  132          -  299.54604      -     -    0s
     0     0  299.65612    0  132          -  299.65612      -     -    0s
     0     2  299.65612    0  132          -  299.65612      -     -    0s
* 1366   511             208     349.1605562  301.53451  13.6%   7.6    0s
H 1701   648                     348.9209602  311.97862  10.6%   7.9    0s
H 1774   651                     348.9028896  312.82428  10.3%  10.1    0s
H 1775   620                     348.4815382  312.83951  10.2%  10.1    0s
H 2044   693                     347.8641870  313.31587  9.93%  12.1    1s
H 2174   685                     346.4646794  315.39894  8.97%  13.0    1s
H 2217   664                     345.7876738  315.39894  8.79%  13.2    1s
H 2221   650                     345.7876733  315.39894  8.79%  13.2    1s
* 2443   552             129     338.8650460  315.39894  6.92%  13.6    1s
H 2645   564                     337.8588608  315.79593  6.53%  14.5    1s
H 2648   535                     337.2176066  315.79593  6.35%  14.5    1s
H 3024   702                     336.9933293  317.64487  5.74%  15.8    1s
H 3373   895                     336.1184695  317.78116  5.46%  17.0    1s
H 3379   820                     334.4533472  317.78116  4.98%  17.0    1s
H 4263  1369                     334.4533467  318.94222  4.64%  19.0    2s
H 4288  1369                     334.4533463  318.94222  4.64%  19.1    2s
H 6934  2754                     333.7148213  320.57063  3.94%  23.8    4s
  7608  3073  327.16943   26  196  333.71482  321.09387  3.78%  24.5    5s
H 7668  3073                     333.7148209  321.10452  3.78%  24.6    5s
H11077  4778                     333.7148206  322.42878  3.38%  27.6    7s
 14302  6270     cutoff   43       333.71482  323.25350  3.13%  29.8   10s
 21975  8821 infeasible   30       333.71482  324.53287  2.75%  33.0   15s
 28690 10769  328.89172   28  187  333.71482  325.27741  2.53%  34.9   20s
 36127 12646  330.48470   31  179  333.71482  325.98410  2.32%  36.6   25s
 43451 14301  332.09712   32  162  333.71482  326.52075  2.16%  37.9   30s
 50448 15546  331.03309   31  190  333.71482  326.97154  2.02%  39.3   35s
 58154 16727     cutoff   31       333.71482  327.40929  1.89%  40.7   40s
 65100 17683  332.63538   36  146  333.71482  327.75654  1.79%  41.7   45s
 72652 18595  332.38410   32  178  333.71482  328.11407  1.68%  42.6   50s
 79394 19147  333.66019   32  114  333.71482  328.43706  1.58%  43.7   55s
 86109 19532  333.12261   46  107  333.71482  328.71416  1.50%  44.7   60s
 92732 19921  331.27499   28  184  333.71482  328.96476  1.42%  45.5   65s
 99205 20122  332.21567   33  139  333.71482  329.21232  1.35%  46.4   70s
 105923 20108  332.72582   34  163  333.71482  329.46649  1.27%  47.1   75s
 112420 20010  331.38673   34  162  333.71482  329.72097  1.20%  47.8   80s
 119110 19716  331.65876   35  130  333.71482  329.95840  1.13%  48.4   85s
 125603 19277     cutoff   37       333.71482  330.19043  1.06%  49.1   90s
 132160 18745     cutoff   37       333.71482  330.41100  0.99%  49.8   95s
 138707 17912     cutoff   33       333.71482  330.65352  0.92%  50.6  100s
H139234 17851                     333.7148148  330.66497  0.91%  50.7  100s
 144570 17009 infeasible   35       333.71481  330.86640  0.85%  51.4  105s
 150779 15799     cutoff   33       333.71481  331.09322  0.79%  52.3  110s
 156369 14518  332.71609   45  154  333.71481  331.30675  0.72%  53.0  115s
 162067 13003  332.76271   34  153  333.71481  331.53982  0.65%  53.9  120s

Cutting planes:
  Cover: 243
  Implied bound: 121
  Projected implied bound: 51
  MIR: 409
  Flow cover: 463
  Inf proof: 23
  RLT: 9
  Relax-and-lift: 47

Explored 162210 nodes (8748681 simplex iterations) in 120.00 seconds (243.58 work units)
Thread count was 4 (of 12 available processors)

Solution count 10: 333.715 333.715 333.715 ... 337.859

Time limit reached
Best objective 3.337148148484e+02, best bound 3.315442737138e+02, gap 0.6504%
saved_joint_fee5 9 333.71481484840484 {'4808': 1, '2190L': 1}
