Set parameter Username
Set parameter LicenseID to value 2777767
Academic license - for non-commercial use only - expires 2027-02-11
Set parameter Threads to value 4
Set parameter TimeLimit to value 120
Set parameter MIPGap to value 0
Set parameter LogFile to value "/Users/nadan/Documents/projects/demandresponse/outputs/week_20260921/cleanup_physics/fee0.gurobi.log"
Set parameter FeasibilityTol to value 1e-07
Set parameter NumericFocus to value 3
Set parameter Presolve to value 2
Gurobi Optimizer version 12.0.1 build v12.0.1rc0 (mac64[arm] - Darwin 25.5.0 25F84)

CPU model: Apple M3 Pro
Thread count: 12 physical cores, 12 logical processors, using up to 4 threads

Non-default parameters:
TimeLimit  120
FeasibilityTol  1e-07
MIPGap  0
NumericFocus  3
Presolve  2
Threads  4

Optimize a model with 630 rows, 739 columns and 1426 nonzeros
Model fingerprint: 0x0fa4d68d
Model has 114 simple general constraints
  114 PWL
Variable types: 687 continuous, 52 integer (52 binary)
Coefficient statistics:
  Matrix range     [2e-03, 2e+02]
  Objective range  [3e-02, 3e-01]
  Bounds range     [1e+00, 2e+02]
  RHS range        [2e-03, 6e+01]
  PWLCon x range   [2e+01, 2e+02]
  PWLCon y range   [4e+00, 5e+01]
Presolve removed 454 rows and 375 columns
Presolve time: 0.17s
Presolved: 176 rows, 364 columns, 1322 nonzeros
Presolved model has 20 SOS constraint(s)
Variable types: 324 continuous, 40 integer (26 binary)
Root relaxation presolve removed 66 rows and 56 columns
Root relaxation presolved: 110 rows, 308 columns, 900 nonzeros


Root relaxation: objective 2.155678e+02, 109 iterations, 0.00 seconds (0.00 work units)

    Nodes    |    Current Node    |     Objective Bounds      |     Work
 Expl Unexpl |  Obj  Depth IntInf | Incumbent    BestBd   Gap | It/Node Time

     0     0  215.56785    0   27          -  215.56785      -     -    0s
     0     2  215.56785    0   27          -  215.56785      -     -    0s
H  249    42                     230.6427970  229.13083  0.66%   4.6    0s

Cutting planes:
  Implied bound: 2

Explored 327 nodes (1436 simplex iterations) in 0.21 seconds (0.16 work units)
Thread count was 4 (of 12 available processors)

Solution count 1: 230.643 

Optimal solution found (tolerance 0.00e+00)
Best objective 2.306427969829e+02, best bound 2.306427969829e+02, gap 0.0000%
Set parameter Threads to value 4
Set parameter TimeLimit to value 120
Set parameter MIPGap to value 0
Set parameter LogFile to value "/Users/nadan/Documents/projects/demandresponse/outputs/week_20260921/cleanup_physics/fee5.gurobi.log"
Set parameter FeasibilityTol to value 1e-07
Set parameter NumericFocus to value 3
Set parameter Presolve to value 2
Gurobi Optimizer version 12.0.1 build v12.0.1rc0 (mac64[arm] - Darwin 25.5.0 25F84)

CPU model: Apple M3 Pro
Thread count: 12 physical cores, 12 logical processors, using up to 4 threads

Non-default parameters:
TimeLimit  120
FeasibilityTol  1e-07
MIPGap  0
NumericFocus  3
Presolve  2
Threads  4

Optimize a model with 630 rows, 739 columns and 1426 nonzeros
Model fingerprint: 0x9f013b1a
Model has 114 simple general constraints
  114 PWL
Variable types: 687 continuous, 52 integer (52 binary)
Coefficient statistics:
  Matrix range     [2e-03, 2e+02]
  Objective range  [3e-02, 5e+00]
  Bounds range     [1e+00, 2e+02]
  RHS range        [2e-03, 6e+01]
  PWLCon x range   [2e+01, 2e+02]
  PWLCon y range   [4e+00, 5e+01]
Presolve removed 454 rows and 375 columns
Presolve time: 0.17s
Presolved: 176 rows, 364 columns, 1322 nonzeros
Presolved model has 20 SOS constraint(s)
Variable types: 324 continuous, 40 integer (26 binary)
Root relaxation presolve removed 66 rows and 56 columns
Root relaxation presolved: 110 rows, 308 columns, 900 nonzeros


Root relaxation: objective 4.268852e+02, 113 iterations, 0.00 seconds (0.00 work units)

    Nodes    |    Current Node    |     Objective Bounds      |     Work
 Expl Unexpl |  Obj  Depth IntInf | Incumbent    BestBd   Gap | It/Node Time

     0     0  426.88515    0   37          -  426.88515      -     -    0s
     0     2  428.71539    0   37          -  428.71539      -     -    0s
H  774    45                     490.6427970  477.18629  2.74%   8.4    0s

Explored 955 nodes (7371 simplex iterations) in 0.25 seconds (0.42 work units)
Thread count was 4 (of 12 available processors)

Solution count 1: 490.643 

Optimal solution found (tolerance 0.00e+00)
Best objective 4.906427969829e+02, best bound 4.906427969829e+02, gap 0.0000%
[
  {
    "fee": 0,
    "status": 2,
    "cost": 230.6427969829188,
    "starts": 52,
    "objective": 230.64279698291904
  },
  {
    "fee": 5,
    "status": 2,
    "cost": 230.6427969829188,
    "starts": 52,
    "objective": 490.6427969829191
  }
]
