
Gurobi 12.0.3 (linux64) logging started Tue Sep 22 01:36:50 2026

Set parameter LogFile to value "/home/nc437/ladder-lite/mip_structure_20260922/results/c1_k15_sequential/prepare/729463_r0/charging_lp.gurobi.log"
Set parameter Threads to value 8
Set parameter Seed to value 0
Set parameter MIPGap to value 0.0001
Set parameter TimeLimit to value 300
Gurobi Optimizer version 12.0.3 build v12.0.3rc0 (linux64 - "Ubuntu 24.04.4 LTS")

CPU model: Intel(R) Xeon(R) Gold 6348 CPU @ 2.60GHz, instruction set [SSE2|AVX|AVX2|AVX512]
Thread count: 56 physical cores, 56 logical processors, using up to 8 threads

Non-default parameters:
TimeLimit  300
Threads  8

Optimize a model with 365 rows, 130468 columns and 3671590 nonzeros
Model fingerprint: 0x79000c76
Coefficient statistics:
  Matrix range     [1e+00, 1e+00]
  Objective range  [5e+00, 1e+02]
  Bounds range     [1e+00, 1e+00]
  RHS range        [1e+00, 2e+01]
Presolve time: 0.72s
Presolved: 365 rows, 130468 columns, 3671590 nonzeros

Concurrent LP optimizer: primal simplex, dual simplex, and barrier
Showing barrier log only...

Ordering time: 0.00s

Barrier statistics:
 AA' NZ     : 5.642e+04
 Factor NZ  : 6.660e+04 (roughly 50 MB of memory)
 Factor Ops : 1.617e+07 (less than 1 second per iteration)
 Threads    : 6

                  Objective                Residual
Iter       Primal          Dual         Primal    Dual     Compl     Time
   0   4.04724976e+07 -1.22452131e+07  7.99e+05 6.63e+00  6.21e+02     1s
   1   7.96318025e+05 -9.23419950e+06  1.59e+04 5.18e+00  4.53e+01     1s
   2   1.17324675e+05 -4.92105844e+05  2.32e+03 3.18e-02  2.77e+00     1s
   3   4.59634897e+04 -4.35281051e+03  8.98e+02 1.71e-13  3.44e-01     1s
   4   5.83954023e+03 -2.33159386e+03  1.00e+02 1.99e-13  4.86e-02     2s
   5   2.73889845e+03 -7.94461232e+02  3.87e+01 1.71e-13  2.01e-02     2s
   6   1.65732845e+03 -3.44145049e+02  1.73e+01 2.42e-13  1.04e-02     2s
   7   1.31023817e+03 -7.23903260e+01  1.04e+01 3.34e-13  6.77e-03     2s
   8   1.09274764e+03  1.91995313e+02  6.13e+00 3.69e-13  4.17e-03     2s
   9   9.66332903e+02  3.75229442e+02  3.69e+00 3.34e-13  2.62e-03     2s
  10   8.82012436e+02  4.87732525e+02  2.20e+00 4.69e-13  1.69e-03     2s
  11   8.25015566e+02  5.78300582e+02  1.27e+00 5.83e-13  1.03e-03     2s
  12   7.89466865e+02  6.30686572e+02  7.81e-01 5.97e-13  6.56e-04     2s
  13   7.69463667e+02  6.49765064e+02  5.28e-01 4.55e-13  4.91e-04     2s
  14   7.58761562e+02  6.77694469e+02  3.99e-01 5.04e-13  3.35e-04     2s
  15   7.48020859e+02  6.89954351e+02  2.75e-01 6.75e-13  2.39e-04     2s
  16   7.40960315e+02  6.96957192e+02  2.02e-01 5.33e-13  1.81e-04     2s
  17   7.35133782e+02  7.03987274e+02  1.45e-01 5.68e-13  1.28e-04     3s
  18   7.27995208e+02  7.09835354e+02  8.10e-02 6.75e-13  7.49e-05     3s
  19   7.26507145e+02  7.12522021e+02  6.88e-02 5.61e-13  5.84e-05     3s
  20   7.24916718e+02  7.13564622e+02  5.71e-02 6.25e-13  4.76e-05     3s
  21   7.22341011e+02  7.14818159e+02  3.64e-02 4.76e-13  3.15e-05     3s
  22   7.20620718e+02  7.15599192e+02  2.34e-02 6.54e-13  2.11e-05     3s
  23   7.19134638e+02  7.16463068e+02  1.24e-02 6.04e-13  1.13e-05     3s
  24   7.18199996e+02  7.16875456e+02  5.64e-03 6.18e-13  5.57e-06     3s
  25   7.17730905e+02  7.17132875e+02  2.36e-03 6.25e-13  2.51e-06     3s
  26   7.17564760e+02  7.17235146e+02  1.25e-03 4.97e-13  1.39e-06     3s
  27   7.17541089e+02  7.17269698e+02  1.09e-03 6.32e-13  1.15e-06     3s
  28   7.17427229e+02  7.17313924e+02  3.40e-04 5.61e-13  4.70e-07     3s
  29   7.17394915e+02  7.17333829e+02  1.31e-04 5.76e-13  2.45e-07     3s
  30   7.17381836e+02  7.17357716e+02  4.94e-05 6.18e-13  9.76e-08     3s
  31   7.17377426e+02  7.17366404e+02  2.31e-05 6.82e-13  4.51e-08     4s
  32   7.17375062e+02  7.17369074e+02  9.56e-06 6.18e-13  2.43e-08     4s
  33   7.17374541e+02  7.17369254e+02  6.66e-06 4.55e-13  2.12e-08     4s
  34   7.17373809e+02  7.17372035e+02  2.45e-06 7.82e-13  7.28e-09     4s
  35   7.17373386e+02  7.17372842e+02  2.62e-07 6.18e-13  2.15e-09     4s
  36   7.17373352e+02  7.17373099e+02  1.09e-07 6.96e-13  9.98e-10     4s
  37   7.17373341e+02  7.17373264e+02  6.28e-08 6.96e-13  3.18e-10     4s
  38   7.17373331e+02  7.17373320e+02  1.97e-08 7.53e-13  4.99e-11     4s
  39   7.17373327e+02  7.17373325e+02  7.01e-09 7.60e-13  7.93e-12     4s

Barrier solved model in 39 iterations and 4.24 seconds (5.65 work units)
Optimal objective 7.17373327e+02

Crossover log...

     156 DPushes remaining with DInf 0.0000000e+00                 4s
       0 DPushes remaining with DInf 0.0000000e+00                 5s

     453 PPushes remaining with PInf 2.6113426e-06                 5s
       0 PPushes remaining with PInf 0.0000000e+00                 5s

  Push phase complete: Pinf 0.0000000e+00, Dinf 5.0988547e-11      5s


Solved with barrier
Iteration    Objective       Primal Inf.    Dual Inf.      Time
     612    7.1737333e+02   0.000000e+00   0.000000e+00      5s

Solved in 612 iterations and 4.57 seconds (6.08 work units)
Optimal objective  7.173733261e+02
