
Gurobi 12.0.3 (linux64) logging started Mon Sep 21 16:01:38 2026

Set parameter LogFile to value "/home/nc437/ladder-lite/integer_columns_20260921/results/c4_k08/control_s20260922/668466_r0/mip_gurobi.log"
Set parameter OutputFlag to value 1
Set parameter TimeLimit to value 3600
Set parameter MIPGap to value 0.0001
Set parameter Threads to value 8
Set parameter Seed to value 20260922
Set parameter TimeLimit to value 1800
Gurobi Optimizer version 12.0.3 build v12.0.3rc0 (linux64 - "Ubuntu 24.04.4 LTS")

CPU model: Intel(R) Xeon(R) Gold 6230 CPU @ 2.10GHz, instruction set [SSE2|AVX|AVX2|AVX512]
Thread count: 40 physical cores, 40 logical processors, using up to 8 threads

Non-default parameters:
TimeLimit  1800
Seed  20260922
Threads  8

Optimize a model with 188 rows, 39668 columns and 1057136 nonzeros
Model fingerprint: 0xabb8f622
Variable types: 0 continuous, 39668 integer (39668 binary)
Coefficient statistics:
  Matrix range     [1e+00, 1e+00]
  Objective range  [1e+00, 1e+00]
  Bounds range     [1e+00, 1e+00]
  RHS range        [1e+00, 1e+00]

Loaded user MIP start with objective 59

Presolve removed 0 rows and 452 columns
Presolve time: 2.38s
Presolved: 188 rows, 39216 columns, 1048230 nonzeros
Variable types: 0 continuous, 39216 integer (39216 binary)

Starting sifting (using dual simplex for sub-problems)...

    Iter     Pivots    Primal Obj      Dual Obj        Time
       0          0     infinity      0.0000000e+00      3s
       1        380   9.8471826e+00   3.5796695e+00      3s
       2       1327   9.7101118e+00   5.6539669e+00      3s
       3       2219   9.2234931e+00   6.5080814e+00      3s
       4       3095   8.8828163e+00   6.9473947e+00      3s
       5       4218   8.5442439e+00   7.3033932e+00      3s
       6       5381   8.2014084e+00   7.4651944e+00      3s
       7       6389   8.0029233e+00   7.5367862e+00      3s
       8       7033   8.0000000e+00   8.0000000e+00      3s

Sifting complete


Root relaxation: objective 8.000000e+00, 7033 iterations, 0.68 seconds (0.69 work units)

    Nodes    |    Current Node    |     Objective Bounds      |     Work
 Expl Unexpl |  Obj  Depth IntInf | Incumbent    BestBd   Gap | It/Node Time

     0     0    8.00000    0   82   59.00000    8.00000  86.4%     -    5s
H    0     0                      18.0000000    8.00000  55.6%     -    5s
H    0     0                      14.0000000    8.00000  42.9%     -    5s
H    0     0                      13.0000000    8.00000  38.5%     -    5s
H    0     0                      12.0000000    8.00000  33.3%     -    5s
H    0     0                      11.0000000    8.00000  27.3%     -    6s
H    0     0                      10.0000000    8.00000  20.0%     -    6s
     0     0    8.00000    0   68   10.00000    8.00000  20.0%     -   13s
     0     0    8.00000    0   76   10.00000    8.00000  20.0%     -   22s
     0     0    8.00000    0   88   10.00000    8.00000  20.0%     -   26s
     0     0    8.00000    0   90   10.00000    8.00000  20.0%     -   27s
     0     0    8.00000    0   78   10.00000    8.00000  20.0%     -   33s
     0     0    8.00000    0   81   10.00000    8.00000  20.0%     -   34s
     0     0    8.00000    0   89   10.00000    8.00000  20.0%     -   43s
     0     0    8.00000    0   89   10.00000    8.00000  20.0%     -   44s
     0     0    8.00000    0   85   10.00000    8.00000  20.0%     -   51s
     0     0    8.00000    0   85   10.00000    8.00000  20.0%     -   54s
     0     2    8.00000    0   72   10.00000    8.00000  20.0%     -   65s
     7    16    8.00000    3  105   10.00000    8.00000  20.0%  4979   70s
    43    52    8.00000    7  115   10.00000    8.00000  20.0%  1855   75s
    51    60    8.00000    8  128   10.00000    8.00000  20.0%  2017   84s
H   58    60                       9.0000000    8.00000  11.1%  2055   84s
    60    20    8.00000    4   85    9.00000    8.00000  11.1%  2048   92s
    62    21    8.00000    7   91    9.00000    8.00000  11.1%  1982   99s
    63    22    8.00000    7   82    9.00000    8.00000  11.1%  1950  108s
    64    23    8.00000    8   82    9.00000    8.00000  11.1%  1920  110s
    66    24    8.00000    6   93    9.00000    8.00000  11.1%  1862  115s
    69    26    8.00000    7   91    9.00000    8.00000  11.1%  1781  123s
    71    27    8.00000    7   91    9.00000    8.00000  11.1%  1731  128s
    73    29    8.00000    9   91    9.00000    8.00000  11.1%  1683  131s
    75    30    8.00000    7   93    9.00000    8.00000  11.1%  1638  137s
    78    32    8.00000    9   84    9.00000    8.00000  11.1%  1575  142s
    80    36    8.00000   15   94    9.00000    8.00000  11.1%  1350  147s
   102    47    8.00000   19  114    9.00000    8.00000  11.1%  1157  150s
   174    36 infeasible   23         9.00000    8.00000  11.1%  1192  156s
   195    39 infeasible   24         9.00000    8.00000  11.1%  1106  160s
   259    46    8.00000   31   85    9.00000    8.00000  11.1%  1112  171s
   308    62    8.00000   33   87    9.00000    8.00000  11.1%  1230  178s
   336    54    8.00000   36   94    9.00000    8.00000  11.1%  1287  183s
   364    66 infeasible   36         9.00000    8.00000  11.1%  1334  193s
   404    98 infeasible   38         9.00000    8.00000  11.1%  1364  198s
   558   103 infeasible   26         9.00000    8.00000  11.1%  1384  205s
   577   127 infeasible   27         9.00000    8.00000  11.1%  1392  214s
   683   152 infeasible   35         9.00000    8.00000  11.1%  1379  223s
   730   257    8.00000   39  102    9.00000    8.00000  11.1%  1368  233s
   957   247    8.00000   70  106    9.00000    8.00000  11.1%  1314  250s
  1253   189 infeasible  136         9.00000    8.00000  11.1%  1318  266s
  1407   103 infeasible  155         9.00000    8.00000  11.1%  1344  278s
  1621    77 infeasible   36         9.00000    8.00000  11.1%  1381  289s
  1683   107 infeasible   54         9.00000    8.00000  11.1%  1381  293s
  1817    84 infeasible   38         9.00000    8.00000  11.1%  1361  313s
  1860    84    8.00000   22  114    9.00000    8.00000  11.1%  1394  318s
  1876    91    8.00000   23  116    9.00000    8.00000  11.1%  1397  325s
  1903   119    8.00000   24  116    9.00000    8.00000  11.1%  1392  332s
  1983   224    8.00000   25  117    9.00000    8.00000  11.1%  1390  339s
  2146   202    8.00000   34  119    9.00000    8.00000  11.1%  1340  355s
  2220   256    8.00000   40  121    9.00000    8.00000  11.1%  1365  368s
  2424   222 infeasible   54         9.00000    8.00000  11.1%  1341  390s
  2660   195    8.00000   71  123    9.00000    8.00000  11.1%  1369  411s
  2785   210    8.00000   73  124    9.00000    8.00000  11.1%  1392  425s
  2920   170    8.00000   95  117    9.00000    8.00000  11.1%  1392  441s
  3086    69 infeasible  115         9.00000    8.00000  11.1%  1417  457s
  3193    37 infeasible  118         9.00000    8.00000  11.1%  1448  466s
  3243    30 infeasible  121         9.00000    8.00000  11.1%  1459  475s
  3280    37 infeasible   41         9.00000    8.00000  11.1%  1464  487s
  3321    94 infeasible  129         9.00000    8.00000  11.1%  1462  496s
  3430    98 infeasible  103         9.00000    8.00000  11.1%  1447  517s
  3514   169    8.00000   61  102    9.00000    8.00000  11.1%  1453  527s
  3869   135    8.00000   66  122    9.00000    8.00000  11.1%  1423  538s
  3949   126    8.00000   69  120    9.00000    8.00000  11.1%  1426  548s
  4198    73    8.00000   91  116    9.00000    8.00000  11.1%  1422  565s
  4305   103    8.00000   92  119    9.00000    8.00000  11.1%  1434  579s
  4429   104 infeasible   77         9.00000    8.00000  11.1%  1427  610s
  4498   223 infeasible   66         9.00000    8.00000  11.1%  1432  622s
  4819   199 infeasible  122         9.00000    8.00000  11.1%  1405  637s
  4971   170 infeasible   95         9.00000    8.00000  11.1%  1409  651s
  5068   136    8.00000   84   99    9.00000    8.00000  11.1%  1418  664s
  5284    98 infeasible   63         9.00000    8.00000  11.1%  1420  682s
  5386   222 infeasible   69         9.00000    8.00000  11.1%  1429  696s
  5866    42 infeasible  128         9.00000    8.00000  11.1%  1394  713s
  6050     1 infeasible  175         9.00000    8.00000  11.1%  1422  728s
  6099     9    8.00000   71  137    9.00000    8.00000  11.1%  1421  743s
  6109    41    8.00000   80  137    9.00000    8.00000  11.1%  1420  760s
  6151   271 infeasible   97         9.00000    8.00000  11.1%  1416  776s
  6559   137 infeasible  111         9.00000    8.00000  11.1%  1378  809s
  6753   160    8.00000  116  115    9.00000    8.00000  11.1%  1389  826s
  7076    64 infeasible  125         9.00000    8.00000  11.1%  1377  851s
  7246   121    8.00000   94  114    9.00000    8.00000  11.1%  1384  872s
  7519    42 infeasible  123         9.00000    8.00000  11.1%  1375  906s
  7642    14    8.00000   93  116    9.00000    8.00000  11.1%  1375  925s
  8096    72 infeasible  102         9.00000    8.00000  11.1%  1350  944s
  8214   107 infeasible  196         9.00000    8.00000  11.1%  1342  965s
  8327   239 infeasible  160         9.00000    8.00000  11.1%  1335  987s
  8749   163 infeasible  230         9.00000    8.00000  11.1%  1314 1013s
  8887   119 infeasible  152         9.00000    8.00000  11.1%  1323 1037s
  8991    54 infeasible  242         9.00000    8.00000  11.1%  1327 1058s
  9192    12    8.00000  276   91    9.00000    8.00000  11.1%  1333 1079s
  9244    26 infeasible  277         9.00000    8.00000  11.1%  1332 1101s
  9280    24 infeasible  304         9.00000    8.00000  11.1%  1330 1127s
  9324    17 infeasible  285         9.00000    8.00000  11.1%  1334 1149s
  9361    19 infeasible  336         9.00000    8.00000  11.1%  1338 1171s
  9403     0 infeasible  360         9.00000    8.00000  11.1%  1340 1182s

Cutting planes:
  Flow cover: 2

Explored 9442 nodes (12894944 simplex iterations) in 1182.28 seconds (2549.36 work units)
Thread count was 8 (of 40 available processors)

Solution count 8: 9 10 11 ... 59

Optimal solution found (tolerance 1.00e-04)
Best objective 9.000000000000e+00, best bound 9.000000000000e+00, gap 0.0000%

User-callback calls 401407, time in user-callback 2.71 sec
Set parameter TimeLimit to value 2.4164680507183075e+03
Gurobi Optimizer version 12.0.3 build v12.0.3rc0 (linux64 - "Ubuntu 24.04.4 LTS")

CPU model: Intel(R) Xeon(R) Gold 6230 CPU @ 2.10GHz, instruction set [SSE2|AVX|AVX2|AVX512]
Thread count: 40 physical cores, 40 logical processors, using up to 8 threads

Non-default parameters:
TimeLimit  2.4164680507183075e+03
Seed  20260922
Threads  8

Optimize a model with 189 rows, 39668 columns and 1096804 nonzeros
Model fingerprint: 0x7c544942
Variable types: 0 continuous, 39668 integer (39668 binary)
Coefficient statistics:
  Matrix range     [1e+00, 1e+00]
  Objective range  [6e+00, 2e+02]
  Bounds range     [1e+00, 1e+00]
  RHS range        [1e+00, 9e+00]

Loaded user MIP start with objective 512.416
MIP start from previous solve did not produce a new incumbent solution

Presolve removed 0 rows and 68 columns
Presolve time: 2.39s
Presolved: 189 rows, 39600 columns, 1095250 nonzeros
Variable types: 0 continuous, 39600 integer (39600 binary)

Starting sifting (using dual simplex for sub-problems)...

    Iter     Pivots    Primal Obj      Dual Obj        Time
       0          0     infinity      0.0000000e+00      3s
       1        851   1.0529563e+06   2.8365540e+01      3s
       2       1561   5.0843496e+02   1.0734665e+02      3s
       3       2418   3.9955177e+02   2.1347463e+02      3s
       4       3180   3.4639658e+02   2.9547795e+02      3s
       5       4004   3.3777694e+02   3.1582560e+02      3s
       6       4722   3.3593283e+02   3.3139084e+02      3s

Sifting complete


Root relaxation: objective 3.358206e+02, 5186 iterations, 0.70 seconds (0.85 work units)

    Nodes    |    Current Node    |     Objective Bounds      |     Work
 Expl Unexpl |  Obj  Depth IntInf | Incumbent    BestBd   Gap | It/Node Time

     0     0  335.82062    0  160  512.41600  335.82062  34.5%     -    3s
H    0     0                     474.8880000  335.82062  29.3%     -    3s
     0     0  336.63871    0  161  474.88800  336.63871  29.1%     -    5s
     0     0  336.82907    0  163  474.88800  336.82907  29.1%     -   11s
     0     0  336.91858    0  165  474.88800  336.91858  29.1%     -   12s
     0     0  336.99431    0  165  474.88800  336.99431  29.0%     -   12s
     0     0  337.68693    0  172  474.88800  337.68693  28.9%     -   14s
     0     0  337.82231    0  175  474.88800  337.82231  28.9%     -   15s
     0     0  337.88514    0  171  474.88800  337.88514  28.8%     -   15s
     0     0  337.92157    0  173  474.88800  337.92157  28.8%     -   16s
     0     0  338.17174    0  175  474.88800  338.17174  28.8%     -   18s
     0     0  338.33870    0  174  474.88800  338.33870  28.8%     -   19s
     0     0  338.38039    0  177  474.88800  338.38039  28.7%     -   19s
     0     0  338.40871    0  175  474.88800  338.40871  28.7%     -   19s
     0     0  338.57266    0  183  474.88800  338.57266  28.7%     -   20s
H    0     0                     473.4000000  338.57266  28.5%     -   22s
     0     0  338.59320    0  185  473.40000  338.59320  28.5%     -   22s
     0     0  338.61161    0  184  473.40000  338.61161  28.5%     -   22s
     0     0  338.61247    0  184  473.40000  338.61247  28.5%     -   24s
     0     2  338.61269    0  184  473.40000  338.61269  28.5%     -   43s
     1     4  338.93914    1  184  473.40000  338.61269  28.5%   241   45s
     7    16  339.12917    3  184  473.40000  339.06240  28.4%   541   50s
    46    55  340.81074    7  180  473.40000  339.14200  28.4%   344   55s
H   48    55                     470.4240000  339.14200  27.9%   332   55s
    79    94  341.14143   11  176  470.42400  339.14200  27.9%   247   60s
H   91    94                     466.9520000  339.14200  27.4%   227   60s
   174   181  341.49443   23  177  466.95200  339.14200  27.4%   156   76s
   190   197  341.55408   25  175  466.95200  339.14200  27.4%   150   80s
H  198   205                     453.2720000  339.14200  25.2%   147   81s
H  246   253                     449.3040000  339.14200  24.5%   130   91s
   385   417  342.01712   45  180  449.30400  339.14200  24.5%   109   95s
   637   687  343.05528   66  179  449.30400  339.14200  24.5%  95.1  100s
   948  1035  343.48763   84  179  449.30400  339.14200  24.5%  83.0  105s
  1123  1200  343.71893   92  178  449.30400  339.14200  24.5%  78.6  110s
  1525  1650  344.34918  111  182  449.30400  339.14200  24.5%  72.0  115s
  1782  1838  344.61804  124  179  449.30400  339.14200  24.5%  68.2  121s
H 1796  1694                     437.1120000  339.14200  22.4%  68.1  121s
  2116  2091  344.81751  144  181  437.11200  339.14200  22.4%  63.7  125s
  2374  2305  345.23321  159  179  437.11200  339.14200  22.4%  61.8  130s
  2466  2313  345.41753  164  177  437.11200  339.14200  22.4%  61.4  135s
  2474  2321  345.45208  165  177  437.11200  339.14200  22.4%  61.4  141s
  2498  2345  345.52061  168  182  437.11200  339.14200  22.4%  61.4  147s
  2514  2361  345.55224  170  178  437.11200  339.14200  22.4%  61.4  153s
  2522  2378  345.56049  171  175  437.11200  339.14200  22.4%  61.4  156s
H 2534  2362                     435.6240000  339.14200  22.1%  61.3  156s
  2539  2440  345.56725  172  178  435.62400  339.14200  22.1%  61.4  160s
  2617  2484  345.68485  181  178  435.62400  339.14200  22.1%  60.9  165s
  2672  2536  345.78214  189  180  435.62400  339.14200  22.1%  60.6  172s
  2765  2657  345.82834  191  185  435.62400  339.14200  22.1%  60.0  177s
  2946  2929  345.82982  193  184  435.62400  339.14200  22.1%  59.1  182s
  3267  3264  345.88936  195  180  435.62400  339.14200  22.1%  57.3  187s
  3654  3722  345.98685  200  177  435.62400  339.14200  22.1%  55.5  192s
  3899  3994  346.25687  213  177  435.62400  339.14200  22.1%  54.3  196s
  4171  4135  346.51057  231  180  435.62400  339.14200  22.1%  53.1  200s
  4312  4348  346.53613  232  180  435.62400  339.14200  22.1%  52.8  205s
  4793  4971  347.36494  248  177  435.62400  339.14200  22.1%  51.7  212s
  5148  5303  347.63354  270  178  435.62400  339.14200  22.1%  50.4  216s
  5480  5685  348.12646  287  181  435.62400  339.14200  22.1%  49.7  220s
  6292  6468  348.99256  328  180  435.62400  339.14200  22.1%  47.6  229s
  6651  6828  349.47163  342  175  435.62400  339.14200  22.1%  47.2  233s
  7011  7205  349.97953  361  177  435.62400  339.14200  22.1%  46.7  237s
  7389  7206  431.47124  571  184  435.62400  339.14200  22.1%  46.2  244s
  7391  7207  387.42359  516  160  435.62400  339.14200  22.1%  46.2  254s
  7392  7208  426.39916 1476  165  435.62400  339.14200  22.1%  46.2  271s
  7397  7211  422.83673 1373  174  435.62400  339.14200  22.1%  46.2  278s
  7398  7212  380.01930  635  175  435.62400  339.14200  22.1%  46.2  292s
  7401  7214  382.44308  210  179  435.62400  339.82940  22.0%  46.2  296s
  7402  7215  381.84579  277  183  435.62400  339.95150  22.0%  46.2  301s
  7406  7217  372.89974  349  186  435.62400  340.28991  21.9%  46.1  309s
  7407  7218  373.83163  676  182  435.62400  340.29585  21.9%  46.1  310s
  7410  7220  401.87956  808  187  435.62400  340.42919  21.9%  46.1  318s
  7414  7223  391.67766  715  194  435.62400  341.06839  21.7%  46.1  323s
  7415  7223  376.11106  413  194  435.62400  341.06839  21.7%  46.1  326s
  7416  7224  368.62000   18  194  435.62400  341.94476  21.5%  46.1  349s
  7417  7228  341.94476   14  190  435.62400  341.94476  21.5%  47.2  354s
  7419  7231  341.94476   15  189  435.62400  341.94476  21.5%  47.3  356s
  7423  7238  341.94476   16  184  435.62400  341.94476  21.5%  47.6  360s
  7457  7258  353.99379   19  142  435.62400  341.94476  21.5%  48.9  367s
  7467  7263  341.94476   20  187  435.62400  341.94476  21.5%  49.9  372s
  7475  7267  346.25980   20  156  435.62400  341.94476  21.5%  50.0  381s
  7493  7275  357.68947   21  129  435.62400  341.94476  21.5%  51.0  388s
  7502  7280  341.94476   22  187  435.62400  341.94476  21.5%  51.6  391s
  7510  7285  363.66397   22  128  435.62400  341.94476  21.5%  51.8  399s
  7519  7290  341.94476   23  188  435.62400  341.94476  21.5%  52.3  402s
  7529  7298  355.14234   23  155  435.62400  341.94476  21.5%  52.7  410s
  7543  7300  341.94476   24  184  435.62400  341.94476  21.5%  53.3  420s
  7573  7315  341.94476   25  187  435.62400  341.94476  21.5%  54.7  432s
  7590  7316  354.54154   25  144  435.62400  341.94476  21.5%  55.2  435s
  7614  7327  360.55102   26  131  435.62400  341.94476  21.5%  56.8  441s
  7630  7330  341.94697   27  182  435.62400  341.94476  21.5%  57.5  449s
  7638  7333  365.02402   27  134  435.62400  341.94476  21.5%  57.9  472s
  7650  7339  341.99116   28  185  435.62400  341.94476  21.5%  58.5  477s
  7666  7346  360.50616   28  119  435.62400  341.94476  21.5%  59.0  483s
  7684  7351  342.03547   29  183  435.62400  341.94476  21.5%  59.6  488s
  7703  7356  358.88643   29  139  435.62400  341.94476  21.5%  60.4  494s
  7723  7361  342.09111   30  184  435.62400  341.94476  21.5%  61.1  497s
  7744  7374  342.11820   31  186  435.62400  341.94476  21.5%  62.0  501s
  7802  7387  342.24935   33  184  435.62400  341.94476  21.5%  64.3  508s
  7833  7396  342.33852   34  187  435.62400  341.94476  21.5%  65.5  511s
  7866  7405  342.68760   35  182  435.62400  341.94476  21.5%  66.6  516s
  7901  7414  342.76627   36  178  435.62400  341.94476  21.5%  68.0  521s
  7936  7427  342.94292   37  181  435.62400  341.94476  21.5%  69.2  527s
  7974  7432  343.08208   38  183  435.62400  341.94476  21.5%  70.4  862s
  8010  7447  343.29481   39  179  435.62400  341.94476  21.5%  71.4  868s
  8055  7461  353.87985   40  157  435.62400  341.94476  21.5%  72.9  873s
  8104  7471  343.56580   42  182  435.62400  341.94476  21.5%  74.4  879s
  8156  7482  343.90739   44  183  435.62400  341.94476  21.5%  76.0  884s
  8209  7483  343.99761   46  182  435.62400  341.94476  21.5%  77.5  899s
  8251  7498  356.08253   46  147  435.62400  341.94476  21.5%  78.4  906s
  8308  7512  344.22296   48  180  435.62400  341.94476  21.5%  80.1  913s
  8372  7525  344.73936   50  177  435.62400  341.94476  21.5%  82.0  919s
  8441  7536  344.83359   52  179  435.62400  341.94476  21.5%  83.5  926s
  8510  7550  344.94539   54  178  435.62400  341.94476  21.5%  85.1  932s
  8579  7572  344.99380   56  175  435.62400  341.94476  21.5%  87.0  939s
  8638  7601  365.04538   58  132  435.62400  341.94476  21.5%  89.1  946s
  8698  7634  360.62840   60  130  435.62400  341.94476  21.5%  91.1  954s
  8763  7669  345.18414   63  177  435.62400  341.94476  21.5%  92.9  962s
  8834  7704  345.41179   66  179  435.62400  341.94476  21.5%  94.9  971s
  8903  7719  345.52395   69  180  435.62400  341.94476  21.5%  97.0  985s
  8949  7753  345.57992   70  179  435.62400  341.94476  21.5%  98.2  998s
  9009  7800  353.59823   72  137  435.62400  341.94476  21.5%   100 1011s
  9090  7867  361.79058   75  136  435.62400  341.94476  21.5%   101 1021s
  9205  7877  345.80350   78  176  435.62400  341.94476  21.5%   103 1033s
  9263  7947  345.82212   79  176  435.62400  341.94476  21.5%   105 1043s
  9369  8021  346.11178   82  175  435.62400  341.94476  21.5%   106 1054s
  9504  8094  346.31845   86  172  435.62400  341.94476  21.5%   109 1066s
  9650  8168  346.43214   90  174  435.62400  341.94476  21.5%   111 1077s
  9805  8247  346.54051   94  177  435.62400  341.94476  21.5%   114 1089s
  9968  8341  346.79940   98  173  435.62400  341.94476  21.5%   116 1101s
 10140  8424  366.36548  102  136  435.62400  341.94476  21.5%   119 1113s
 10315  8522  347.56558  106  175  435.62400  341.94476  21.5%   121 1126s
 10506  8595  347.71682  111  173  435.62400  341.94476  21.5%   123 1141s
 10678  8697  347.76567  113  173  435.62400  341.94476  21.5%   125 1156s
 10892  8785  347.93177  118  176  435.62400  341.94476  21.5%   128 1170s
 11116  8896  348.17588  124  171  435.62400  341.94476  21.5%   131 1185s
 11358  8944  348.48595  130  177  435.62400  341.94476  21.5%   133 1205s
H11436  8547                     430.1680000  341.94476  20.5%   135 1205s
 11517  8716  348.56671  133  177  430.16800  341.94476  20.5%   134 1220s
 11796  8834  348.70658  139  180  430.16800  341.94476  20.5%   136 1235s
 12088  8950  348.88629  144  177  430.16800  341.94476  20.5%   139 1251s
 12400  8964  349.78217  150  174  430.16800  341.94476  20.5%   141 1270s
 12643  9024  350.15431  154  170  430.16800  341.94476  20.5%   143 1287s
 12893  8948  350.50565  161  174  430.16800  341.94476  20.5%   146 1321s
 12901  8967  365.59471  161  128  430.16800  341.94476  20.5%   146 1348s
 12926  9137  350.53771  162  175  430.16800  341.94476  20.5%   146 1369s
 13195  9220  350.74688  166  180  430.16800  341.94476  20.5%   148 1390s
 13486  9373  351.14790  171  183  430.16800  341.94476  20.5%   150 1410s
 13907  9495  351.71056  178  174  430.16800  341.94476  20.5%   152 1432s
 14361  9537  352.13612  187  179  430.16800  341.94476  20.5%   154 1455s
 14816  9728  361.29008  192  131  430.16800  341.94476  20.5%   156 1486s
 15508  9545  352.91932  204  175  430.16800  341.94476  20.5%   157 1502s
 15681  9669  352.96842  206  176  430.16800  341.94476  20.5%   158 1517s
 16169  9674  353.15853  212  177  430.16800  341.94476  20.5%   158 1530s
 16666  9591  353.36308  217  170  430.16800  341.94476  20.5%   157 1543s
 17076  9609  353.49557  221  176  430.16800  341.94476  20.5%   156 1557s
 17427  9724  353.63509  227  180  430.16800  342.19272  20.5%   157 1573s
 17814  9954  371.39376  229  125  430.16800  342.19272  20.5%   156 1588s
 18413 10145  353.79272  235  179  430.16800  342.19272  20.5%   155 1604s
 19083 10442  353.88747  241  177  430.16800  342.19272  20.5%   153 1622s
 19900 10673  354.15552  247  178  430.16800  342.19272  20.5%   151 1637s
 20721 10798  354.30433  253  179  430.16800  342.19272  20.5%   148 1654s
 21487 10885  354.54232  259  173  430.16800  342.19272  20.5%   145 1669s
 21903 11307  354.67507  265  177  430.16800  346.26087  19.5%   145 1686s
 22471 11822  354.85703  272  181  430.16800  346.26087  19.5%   144 1705s
 23186 12356  355.15342  280  179  430.16800  346.26087  19.5%   142 1724s
 23967 13037  355.44230  287  177  430.16800  346.26087  19.5%   140 1746s
 24920 12780  355.69476  295  178  430.16800  346.26087  19.5%   137 1770s
 24984 13812  355.73433  297  177  430.16800  346.26087  19.5%   138 1791s
 26052 14370  355.92512  305  179  430.16800  346.26087  19.5%   135 1813s
 27054 14788  356.15630  313  177  430.16800  346.26087  19.5%   132 1833s
 27816 15437  356.33719  321  181  430.16800  346.26087  19.5%   131 1852s
 28729 15946  356.57026  330  183  430.16800  346.26087  19.5%   130 1871s
 29314 15947  373.68480   51  184  430.16800  346.26087  19.5%   129 2242s
 29316 15948  403.19133  848  160  430.16800  346.26087  19.5%   129 2252s
 29317 15949  382.11949  497  164  430.16800  346.26087  19.5%   129 2278s
 29320 15951  381.62884  534  177  430.16800  346.26087  19.5%   129 2280s
 29326 15955  367.54696  366  190  430.16800  346.26087  19.5%   129 2285s
 29336 15962  386.33577 1169  199  430.16800  346.26087  19.5%   129 2294s
 29337 15962  420.56755 1575  199  430.16800  346.26087  19.5%   129 2307s
 29338 15963  377.55720  617  199  430.16800  346.26087  19.5%   129 2357s
 29339 15967  346.26087   28  190  430.16800  346.26087  19.5%   130 2361s
 29341 15970  346.26087   29  194  430.16800  346.26087  19.5%   130 2366s
 29345 15977  346.26087   30  190  430.16800  346.26087  19.5%   130 2373s
 29353 15982  346.26087   31  189  430.16800  346.26087  19.5%   130 2384s
 29361 15998  346.26087   32  189  430.16800  346.26087  19.5%   130 2394s
 29382 16003  346.26087   33  193  430.16800  346.26087  19.5%   130 2397s
 29398 16010  352.07709   33  154  430.16800  346.26087  19.5%   130 2400s
 29429 16019  355.31294   34  153  430.16800  346.26087  19.5%   130 2408s
 29444 16021  346.26087   35  189  430.16800  346.26087  19.5%   131 2413s
 29459 16025  359.72027   35  147  430.16800  346.26087  19.5%   131 2416s

Cutting planes:
  MIR: 14
  Flow cover: 38
  Zero half: 1

Explored 29474 nodes (3865131 simplex iterations) in 2416.50 seconds (5159.60 work units)
Thread count was 8 (of 40 available processors)

Solution count 10: 430.168 435.624 437.112 ... 512.416

Time limit reached
Best objective 4.301680000000e+02, best bound 3.462608746504e+02, gap 19.5057%

User-callback calls 720026, time in user-callback 4.75 sec
