
Gurobi 12.0.3 (linux64) logging started Mon Sep 21 00:19:02 2026

Set parameter LogFile to value "/home/nc437/ladder-lite/capacity_loop_20260921/results/k1_duty13406__off/cg/628428_r0/result.json.gurobi.log"
Gurobi Optimizer version 12.0.3 build v12.0.3rc0 (linux64 - "Ubuntu 24.04.4 LTS")

CPU model: Intel(R) Xeon(R) CPU E5-2665 0 @ 2.40GHz, instruction set [SSE2|AVX]
Thread count: 16 physical cores, 16 logical processors, using up to 4 threads

Non-default parameters:
Threads  4

Optimize a model with 7814 rows, 28 columns and 28 nonzeros
Model fingerprint: 0x5ef6d42d
Coefficient statistics:
  Matrix range     [1e+00, 1e+00]
  Objective range  [1e+05, 5e+05]
  Bounds range     [0e+00, 0e+00]
  RHS range        [1e+00, 2e+00]
Presolve removed 7814 rows and 28 columns
Presolve time: 0.01s
Presolve: All rows and columns removed
Iteration    Objective       Primal Inf.    Dual Inf.      Time
       0    1.4000000e+06   0.000000e+00   0.000000e+00      0s

Solved in 0 iterations and 0.01 seconds (0.00 work units)
Optimal objective  1.400000000e+06
Gurobi Optimizer version 12.0.3 build v12.0.3rc0 (linux64 - "Ubuntu 24.04.4 LTS")

CPU model: Intel(R) Xeon(R) CPU E5-2665 0 @ 2.40GHz, instruction set [SSE2|AVX]
Thread count: 16 physical cores, 16 logical processors, using up to 4 threads

Non-default parameters:
Threads  4

Optimize a model with 7814 rows, 29 columns and 136 nonzeros
Coefficient statistics:
  Matrix range     [1e+00, 1e+00]
  Objective range  [1e+05, 5e+05]
  Bounds range     [0e+00, 0e+00]
  RHS range        [1e+00, 2e+00]
LP warm-start: use basis

Iteration    Objective       Primal Inf.    Dual Inf.      Time
       0   -1.2999430e+36   1.080000e+32   1.299943e+06      0s
      13    1.0005695e+05   0.000000e+00   0.000000e+00      0s

Solved in 13 iterations and 0.00 seconds (0.00 work units)
Optimal objective  1.000569520e+05
Gurobi Optimizer version 12.0.3 build v12.0.3rc0 (linux64 - "Ubuntu 24.04.4 LTS")

CPU model: Intel(R) Xeon(R) CPU E5-2665 0 @ 2.40GHz, instruction set [SSE2|AVX]
Thread count: 16 physical cores, 16 logical processors, using up to 4 threads

Non-default parameters:
Threads  4

Optimize a model with 7814 rows, 30 columns and 138 nonzeros
Coefficient statistics:
  Matrix range     [1e+00, 1e+00]
  Objective range  [1e+05, 5e+05]
  Bounds range     [0e+00, 0e+00]
  RHS range        [1e+00, 2e+00]
LP warm-start: use basis

Iteration    Objective       Primal Inf.    Dual Inf.      Time
       0   -5.6952000e+31   1.300000e+31   5.695200e+01      0s
       3    1.0005695e+05   0.000000e+00   0.000000e+00      0s

Solved in 3 iterations and 0.01 seconds (0.00 work units)
Optimal objective  1.000569520e+05
Gurobi Optimizer version 12.0.3 build v12.0.3rc0 (linux64 - "Ubuntu 24.04.4 LTS")

CPU model: Intel(R) Xeon(R) CPU E5-2665 0 @ 2.40GHz, instruction set [SSE2|AVX]
Thread count: 16 physical cores, 16 logical processors, using up to 4 threads

Non-default parameters:
Threads  4

Optimize a model with 7814 rows, 31 columns and 141 nonzeros
Coefficient statistics:
  Matrix range     [1e+00, 1e+00]
  Objective range  [1e+05, 5e+05]
  Bounds range     [0e+00, 0e+00]
  RHS range        [1e+00, 2e+00]
LP warm-start: use basis

Iteration    Objective       Primal Inf.    Dual Inf.      Time
       0   -5.6952000e+31   1.200000e+31   5.695200e+01      0s
       3    1.0005695e+05   0.000000e+00   0.000000e+00      0s

Solved in 3 iterations and 0.01 seconds (0.00 work units)
Optimal objective  1.000569520e+05
Gurobi Optimizer version 12.0.3 build v12.0.3rc0 (linux64 - "Ubuntu 24.04.4 LTS")

CPU model: Intel(R) Xeon(R) CPU E5-2665 0 @ 2.40GHz, instruction set [SSE2|AVX]
Thread count: 16 physical cores, 16 logical processors, using up to 4 threads

Non-default parameters:
Threads  4

Optimize a model with 7814 rows, 32 columns and 145 nonzeros
Coefficient statistics:
  Matrix range     [1e+00, 1e+00]
  Objective range  [1e+05, 5e+05]
  Bounds range     [0e+00, 0e+00]
  RHS range        [1e+00, 2e+00]
LP warm-start: use basis

Iteration    Objective       Primal Inf.    Dual Inf.      Time
       0   -5.6952000e+31   1.100000e+31   5.695200e+01      0s
       3    1.0005695e+05   0.000000e+00   0.000000e+00      0s

Solved in 3 iterations and 0.01 seconds (0.00 work units)
Optimal objective  1.000569520e+05
Gurobi Optimizer version 12.0.3 build v12.0.3rc0 (linux64 - "Ubuntu 24.04.4 LTS")

CPU model: Intel(R) Xeon(R) CPU E5-2665 0 @ 2.40GHz, instruction set [SSE2|AVX]
Thread count: 16 physical cores, 16 logical processors, using up to 4 threads

Non-default parameters:
Threads  4

Optimize a model with 7814 rows, 33 columns and 148 nonzeros
Coefficient statistics:
  Matrix range     [1e+00, 1e+00]
  Objective range  [1e+05, 5e+05]
  Bounds range     [0e+00, 0e+00]
  RHS range        [1e+00, 2e+00]
LP warm-start: use basis

Iteration    Objective       Primal Inf.    Dual Inf.      Time
       0   -5.1704000e+31   1.200000e+31   5.170400e+01      0s
       2    1.0005695e+05   0.000000e+00   0.000000e+00      0s

Solved in 2 iterations and 0.01 seconds (0.00 work units)
Optimal objective  1.000569520e+05
Gurobi Optimizer version 12.0.3 build v12.0.3rc0 (linux64 - "Ubuntu 24.04.4 LTS")

CPU model: Intel(R) Xeon(R) CPU E5-2665 0 @ 2.40GHz, instruction set [SSE2|AVX]
Thread count: 16 physical cores, 16 logical processors, using up to 4 threads

Non-default parameters:
Threads  4

Optimize a model with 7814 rows, 34 columns and 151 nonzeros
Coefficient statistics:
  Matrix range     [1e+00, 1e+00]
  Objective range  [1e+05, 5e+05]
  Bounds range     [0e+00, 0e+00]
  RHS range        [1e+00, 2e+00]
LP warm-start: use basis

Iteration    Objective       Primal Inf.    Dual Inf.      Time
       0   -5.1704000e+31   1.200000e+31   5.170400e+01      0s
       2    1.0005695e+05   0.000000e+00   0.000000e+00      0s

Solved in 2 iterations and 0.00 seconds (0.00 work units)
Optimal objective  1.000569520e+05
Gurobi Optimizer version 12.0.3 build v12.0.3rc0 (linux64 - "Ubuntu 24.04.4 LTS")

CPU model: Intel(R) Xeon(R) CPU E5-2665 0 @ 2.40GHz, instruction set [SSE2|AVX]
Thread count: 16 physical cores, 16 logical processors, using up to 4 threads

Non-default parameters:
Threads  4

Optimize a model with 7814 rows, 35 columns and 158 nonzeros
Coefficient statistics:
  Matrix range     [1e+00, 1e+00]
  Objective range  [1e+05, 5e+05]
  Bounds range     [0e+00, 0e+00]
  RHS range        [1e+00, 2e+00]
LP warm-start: use basis

Iteration    Objective       Primal Inf.    Dual Inf.      Time
       0   -5.0960000e+31   1.200000e+31   5.096000e+01      0s
       1    1.0005695e+05   0.000000e+00   0.000000e+00      0s

Solved in 1 iterations and 0.00 seconds (0.00 work units)
Optimal objective  1.000569520e+05
Gurobi Optimizer version 12.0.3 build v12.0.3rc0 (linux64 - "Ubuntu 24.04.4 LTS")

CPU model: Intel(R) Xeon(R) CPU E5-2665 0 @ 2.40GHz, instruction set [SSE2|AVX]
Thread count: 16 physical cores, 16 logical processors, using up to 4 threads

Non-default parameters:
Threads  4

Optimize a model with 7814 rows, 36 columns and 167 nonzeros
Coefficient statistics:
  Matrix range     [1e+00, 1e+00]
  Objective range  [1e+05, 5e+05]
  Bounds range     [0e+00, 0e+00]
  RHS range        [1e+00, 2e+00]
LP warm-start: use basis

Iteration    Objective       Primal Inf.    Dual Inf.      Time
       0   -5.0712000e+31   1.000000e+31   5.071200e+01      0s
       1    1.0005695e+05   0.000000e+00   0.000000e+00      0s

Solved in 1 iterations and 0.00 seconds (0.00 work units)
Optimal objective  1.000569520e+05
Gurobi Optimizer version 12.0.3 build v12.0.3rc0 (linux64 - "Ubuntu 24.04.4 LTS")

CPU model: Intel(R) Xeon(R) CPU E5-2665 0 @ 2.40GHz, instruction set [SSE2|AVX]
Thread count: 16 physical cores, 16 logical processors, using up to 4 threads

Non-default parameters:
Threads  4

Optimize a model with 7814 rows, 37 columns and 171 nonzeros
Coefficient statistics:
  Matrix range     [1e+00, 1e+00]
  Objective range  [1e+05, 5e+05]
  Bounds range     [0e+00, 0e+00]
  RHS range        [1e+00, 2e+00]
LP warm-start: use basis

Iteration    Objective       Primal Inf.    Dual Inf.      Time
       0   -5.0712000e+31   1.000000e+31   5.071200e+01      0s
       3    1.0005695e+05   0.000000e+00   0.000000e+00      0s

Solved in 3 iterations and 0.01 seconds (0.00 work units)
Optimal objective  1.000569520e+05
Gurobi Optimizer version 12.0.3 build v12.0.3rc0 (linux64 - "Ubuntu 24.04.4 LTS")

CPU model: Intel(R) Xeon(R) CPU E5-2665 0 @ 2.40GHz, instruction set [SSE2|AVX]
Thread count: 16 physical cores, 16 logical processors, using up to 4 threads

Non-default parameters:
Threads  4

Optimize a model with 7814 rows, 38 columns and 180 nonzeros
Coefficient statistics:
  Matrix range     [1e+00, 1e+00]
  Objective range  [1e+05, 5e+05]
  Bounds range     [0e+00, 0e+00]
  RHS range        [1e+00, 2e+00]
LP warm-start: use basis

Iteration    Objective       Primal Inf.    Dual Inf.      Time
       0   -4.9720000e+31   1.400000e+31   4.972000e+01      0s
       2    1.0005695e+05   0.000000e+00   0.000000e+00      0s

Solved in 2 iterations and 0.01 seconds (0.00 work units)
Optimal objective  1.000569520e+05
Gurobi Optimizer version 12.0.3 build v12.0.3rc0 (linux64 - "Ubuntu 24.04.4 LTS")

CPU model: Intel(R) Xeon(R) CPU E5-2665 0 @ 2.40GHz, instruction set [SSE2|AVX]
Thread count: 16 physical cores, 16 logical processors, using up to 4 threads

Non-default parameters:
Threads  4

Optimize a model with 7814 rows, 39 columns and 195 nonzeros
Coefficient statistics:
  Matrix range     [1e+00, 1e+00]
  Objective range  [1e+05, 5e+05]
  Bounds range     [0e+00, 0e+00]
  RHS range        [1e+00, 2e+00]
LP warm-start: use basis

Iteration    Objective       Primal Inf.    Dual Inf.      Time
       0   -4.7736000e+31   1.300000e+31   4.773600e+01      0s
       2    1.0005695e+05   0.000000e+00   0.000000e+00      0s

Solved in 2 iterations and 0.01 seconds (0.00 work units)
Optimal objective  1.000569520e+05
Gurobi Optimizer version 12.0.3 build v12.0.3rc0 (linux64 - "Ubuntu 24.04.4 LTS")

CPU model: Intel(R) Xeon(R) CPU E5-2665 0 @ 2.40GHz, instruction set [SSE2|AVX]
Thread count: 16 physical cores, 16 logical processors, using up to 4 threads

Non-default parameters:
Threads  4

Optimize a model with 7814 rows, 40 columns and 204 nonzeros
Coefficient statistics:
  Matrix range     [1e+00, 1e+00]
  Objective range  [1e+05, 5e+05]
  Bounds range     [0e+00, 0e+00]
  RHS range        [1e+00, 2e+00]
LP warm-start: use basis

Iteration    Objective       Primal Inf.    Dual Inf.      Time
       0   -4.3728000e+31   1.800000e+31   4.372800e+01      0s
       3    1.0005695e+05   0.000000e+00   0.000000e+00      0s

Solved in 3 iterations and 0.01 seconds (0.00 work units)
Optimal objective  1.000569520e+05
Gurobi Optimizer version 12.0.3 build v12.0.3rc0 (linux64 - "Ubuntu 24.04.4 LTS")

CPU model: Intel(R) Xeon(R) CPU E5-2665 0 @ 2.40GHz, instruction set [SSE2|AVX]
Thread count: 16 physical cores, 16 logical processors, using up to 4 threads

Non-default parameters:
Threads  4

Optimize a model with 7814 rows, 41 columns and 235 nonzeros
Coefficient statistics:
  Matrix range     [1e+00, 1e+00]
  Objective range  [1e+05, 5e+05]
  Bounds range     [0e+00, 0e+00]
  RHS range        [1e+00, 2e+00]
LP warm-start: use basis

Iteration    Objective       Primal Inf.    Dual Inf.      Time
       0   -4.8962667e+31   4.133333e+31   4.896267e+01      0s
       6    1.0005695e+05   0.000000e+00   0.000000e+00      0s

Solved in 6 iterations and 0.01 seconds (0.00 work units)
Optimal objective  1.000569520e+05
Gurobi Optimizer version 12.0.3 build v12.0.3rc0 (linux64 - "Ubuntu 24.04.4 LTS")

CPU model: Intel(R) Xeon(R) CPU E5-2665 0 @ 2.40GHz, instruction set [SSE2|AVX]
Thread count: 16 physical cores, 16 logical processors, using up to 4 threads

Non-default parameters:
Threads  4

Optimize a model with 7814 rows, 42 columns and 273 nonzeros
Coefficient statistics:
  Matrix range     [1e+00, 1e+00]
  Objective range  [1e+05, 5e+05]
  Bounds range     [0e+00, 0e+00]
  RHS range        [1e+00, 2e+00]
LP warm-start: use basis

Iteration    Objective       Primal Inf.    Dual Inf.      Time
       0   -3.9056000e+31   1.800000e+31   3.905600e+01      0s
       5    1.0005695e+05   0.000000e+00   0.000000e+00      0s

Solved in 5 iterations and 0.01 seconds (0.00 work units)
Optimal objective  1.000569520e+05
Gurobi Optimizer version 12.0.3 build v12.0.3rc0 (linux64 - "Ubuntu 24.04.4 LTS")

CPU model: Intel(R) Xeon(R) CPU E5-2665 0 @ 2.40GHz, instruction set [SSE2|AVX]
Thread count: 16 physical cores, 16 logical processors, using up to 4 threads

Non-default parameters:
Threads  4

Optimize a model with 7814 rows, 42 columns and 273 nonzeros
Coefficient statistics:
  Matrix range     [1e+00, 1e+00]
  Objective range  [1e+05, 5e+05]
  Bounds range     [0e+00, 0e+00]
  RHS range        [1e+00, 2e+00]

Solved in 0 iterations and 0.00 seconds (0.00 work units)
Optimal objective  1.000569520e+05
