[
  {
    "peak": "peak08",
    "arm": "Original GIRO, unchanged charging",
    "fleet": 5,
    "trips_exactly_once": 62,
    "charging_cost_lower": 230.28700962629637,
    "charging_cost_upper": 230.9810746873893,
    "charging_cost_exact": null,
    "positive_charging_windows": 52,
    "windows_shorter_than_3_min": 0,
    "shortest_window_seconds": 240.0,
    "minimum_soc_kwh_across_buses": 45.51461930000002,
    "ending_soc_total_kwh": 280.7833253000003,
    "charged_kwh": 1891.1133098
  },
  {
    "peak": "peak08",
    "arm": "Fixed GIRO trips, charging optimized",
    "fleet": 5,
    "trips_exactly_once": 62,
    "charging_cost_lower": 128.29345485323574,
    "charging_cost_upper": 128.29345485323574,
    "charging_cost_exact": 128.29345485323574,
    "positive_charging_windows": 46,
    "windows_shorter_than_3_min": 6,
    "shortest_window_seconds": 25.71428571428669,
    "minimum_soc_kwh_across_buses": 0.0,
    "ending_soc_total_kwh": 281.17000050000007,
    "charged_kwh": 1891.499985
  },
  {
    "peak": "peak08",
    "arm": "Fresh CG plus exact-once cleanup",
    "fleet": 5,
    "trips_exactly_once": 62,
    "charging_cost_lower": 124.69204890407855,
    "charging_cost_upper": 124.69204890407855,
    "charging_cost_exact": 124.69204890407855,
    "positive_charging_windows": 44,
    "windows_shorter_than_3_min": 3,
    "shortest_window_seconds": 25.71428571428669,
    "minimum_soc_kwh_across_buses": 0.0,
    "ending_soc_total_kwh": 281.1700005,
    "charged_kwh": 1891.499985
  },
  {
    "peak": "peak12",
    "arm": "Original GIRO, unchanged charging",
    "fleet": 5,
    "trips_exactly_once": 62,
    "charging_cost_lower": 289.5935355365639,
    "charging_cost_upper": 290.5965839307596,
    "charging_cost_exact": null,
    "positive_charging_windows": 52,
    "windows_shorter_than_3_min": 0,
    "shortest_window_seconds": 240.0,
    "minimum_soc_kwh_across_buses": 45.51461930000002,
    "ending_soc_total_kwh": 280.7833253000003,
    "charged_kwh": 1891.1133098
  },
  {
    "peak": "peak12",
    "arm": "Fixed GIRO trips, charging optimized",
    "fleet": 5,
    "trips_exactly_once": 62,
    "charging_cost_lower": 164.2305708873173,
    "charging_cost_upper": 164.2305708873173,
    "charging_cost_exact": 164.2305708873173,
    "positive_charging_windows": 43,
    "windows_shorter_than_3_min": 3,
    "shortest_window_seconds": 51.42857142857338,
    "minimum_soc_kwh_across_buses": 1.4210854715202004e-14,
    "ending_soc_total_kwh": 281.17000050000007,
    "charged_kwh": 1891.499985
  },
  {
    "peak": "peak12",
    "arm": "Fresh CG plus exact-once cleanup",
    "fleet": 5,
    "trips_exactly_once": 62,
    "charging_cost_lower": 160.60524134602747,
    "charging_cost_upper": 160.60524134602747,
    "charging_cost_exact": 160.60524134602747,
    "positive_charging_windows": 46,
    "windows_shorter_than_3_min": 6,
    "shortest_window_seconds": 25.71428571428669,
    "minimum_soc_kwh_across_buses": 1.4210854715202004e-14,
    "ending_soc_total_kwh": 281.1700005000001,
    "charged_kwh": 1891.499985
  },
  {
    "peak": "peak18",
    "arm": "Original GIRO, unchanged charging",
    "fleet": 5,
    "trips_exactly_once": 62,
    "charging_cost_lower": 223.44729058227836,
    "charging_cost_upper": 223.7232277426603,
    "charging_cost_exact": null,
    "positive_charging_windows": 52,
    "windows_shorter_than_3_min": 0,
    "shortest_window_seconds": 240.0,
    "minimum_soc_kwh_across_buses": 45.51461930000002,
    "ending_soc_total_kwh": 280.7833253000003,
    "charged_kwh": 1891.1133098
  },
  {
    "peak": "peak18",
    "arm": "Fixed GIRO trips, charging optimized",
    "fleet": 5,
    "trips_exactly_once": 62,
    "charging_cost_lower": 95.28505423778552,
    "charging_cost_upper": 95.28505423778552,
    "charging_cost_exact": 95.28505423778552,
    "positive_charging_windows": 42,
    "windows_shorter_than_3_min": 2,
    "shortest_window_seconds": 77.14285714285325,
    "minimum_soc_kwh_across_buses": 1.5400010000000108,
    "ending_soc_total_kwh": 282.9000000000001,
    "charged_kwh": 1893.2299845
  },
  {
    "peak": "peak18",
    "arm": "Fresh CG plus exact-once cleanup",
    "fleet": 5,
    "trips_exactly_once": 62,
    "charging_cost_lower": 88.29557645192835,
    "charging_cost_upper": 88.29557645192835,
    "charging_cost_exact": 88.29557645192835,
    "positive_charging_windows": 44,
    "windows_shorter_than_3_min": 6,
    "shortest_window_seconds": 25.714285714279868,
    "minimum_soc_kwh_across_buses": 1.4210854715202004e-14,
    "ending_soc_total_kwh": 282.9000000000001,
    "charged_kwh": 1893.2299845
  }
]
