collecting overnight_extension_20260912
collecting covering_complement75
collecting warm_multichain_p1246
collecting warm_chain_p3_k2_10
collecting warm_chain_p5_k2_10
collecting covering_rerun9
collecting historical_cover_controls
collecting nested_replication42
collecting overnight_cpu04_raw_controls
collecting greedy_event4
collecting easy_k10_raw_split_replay
collecting matched_tariff_peak12_peak18
collecting heavy_raw6
collecting matched_tariff8
collecting legacy_selected10_current2
collecting easy_raw6
collecting nested84
collecting old70
collecting stage2_cap_saved_pool_reruns
collecting stage2_cap_license_recovery
collecting terminal_energy_fair_mip_retry_5cdb813
collecting capacity_deadline5_retry
collecting capacity_timeout6_rerun
