[EXACT] network: 8,784 nodes, 22,161,911 arcs (soc_step=2.5, block=5min) built in 491.2s
[EXACT] published initial identity before first journal append
[EXACT] direct-singleton seed: 101/101 trips feasible (101 added to pool)
[EXACT] it  10: obj=1,520,265.06 weight=15.2000 art=0.00 min_rc=-1,379,928.395
[EXACT] it  20: obj=1,225,493.31 weight=12.2522 art=0.00 min_rc=-1,750,857.455
[EXACT] it  30: obj=1,104,081.42 weight=11.0381 art=0.00 min_rc=-1,969,487.803
[EXACT] it  40: obj=1,016,602.85 weight=10.1633 art=0.00 min_rc=-1,285,249.140
[EXACT] it  50: obj=902,687.29 weight=9.0241 art=0.00 min_rc=-979,540.814
[EXACT] it  60: obj=726,148.64 weight=7.2584 art=0.00 min_rc=-879,905.321
[EXACT] it  70: obj=649,474.02 weight=6.4917 art=0.00 min_rc=-579,101.368
[EXACT] it  80: obj=571,536.39 weight=5.7122 art=0.00 min_rc=-185,269.124
[EXACT] it  90: obj=555,707.05 weight=5.5539 art=0.00 min_rc=-93,348.184
[EXACT] it 100: obj=543,285.84 weight=5.4296 art=0.00 min_rc=-76,093.603
[EXACT] it 110: obj=535,224.84 weight=5.3490 art=0.00 min_rc=-80,378.634
[EXACT] it 120: obj=529,604.15 weight=5.2928 art=0.00 min_rc=-65,710.305
[EXACT] it 130: obj=524,145.58 weight=5.2382 art=0.00 min_rc=-66,629.558
[EXACT] it 140: obj=519,462.10 weight=5.1913 art=0.00 min_rc=-57,049.097
[EXACT] it 150: obj=514,244.64 weight=5.1392 art=0.00 min_rc=-63,500.118
[EXACT] it 160: obj=510,730.42 weight=5.1041 art=0.00 min_rc=-35,746.927
[EXACT] it 170: obj=507,795.36 weight=5.0747 art=0.00 min_rc=-39,337.237
[EXACT] it 180: obj=506,824.31 weight=5.0650 art=0.00 min_rc=-23,857.689
[EXACT] it 190: obj=504,560.46 weight=5.0423 art=0.00 min_rc=-23,398.190
[EXACT] it 200: obj=503,455.89 weight=5.0313 art=0.00 min_rc=-19,498.764
[EXACT] it 210: obj=501,073.11 weight=5.0074 art=0.00 min_rc=-21,595.783
[EXACT] it 220: obj=500,324.97 weight=5.0000 art=0.00 min_rc=-314.034
[EXACT] it 230: obj=500,317.94 weight=5.0000 art=0.00 min_rc=-278.693
[EXACT] it 240: obj=500,305.10 weight=5.0000 art=0.00 min_rc=-112.605
[EXACT] it 250: obj=500,283.35 weight=5.0000 art=0.00 min_rc=-114.195
[EXACT] it 260: obj=500,264.57 weight=5.0000 art=0.00 min_rc=-59.996
[EXACT] it 270: obj=500,255.45 weight=5.0000 art=0.00 min_rc=-73.997
[EXACT] it 280: obj=500,250.47 weight=5.0000 art=0.00 min_rc=-64.309
[EXACT] it 290: obj=500,246.81 weight=5.0000 art=0.00 min_rc=-52.305
[EXACT] it 300: obj=500,245.30 weight=5.0000 art=0.00 min_rc=-34.101
[EXACT] it 310: obj=500,243.55 weight=5.0000 art=0.00 min_rc=-35.378
[EXACT] it 320: obj=500,240.05 weight=5.0000 art=0.00 min_rc=-27.858
[EXACT] it 330: obj=500,236.74 weight=5.0000 art=0.00 min_rc=-23.676
[EXACT] it 340: obj=500,235.07 weight=5.0000 art=0.00 min_rc=-27.828
[EXACT] it 350: obj=500,231.80 weight=5.0000 art=0.00 min_rc=-22.449
[EXACT] it 360: obj=500,230.39 weight=5.0000 art=0.00 min_rc=-14.758
[EXACT] it 370: obj=500,228.80 weight=5.0000 art=0.00 min_rc=-18.304
[EXACT] it 380: obj=500,227.04 weight=5.0000 art=0.00 min_rc=-18.663
[EXACT] it 390: obj=500,225.05 weight=5.0000 art=0.00 min_rc=-11.153
[EXACT] it 400: obj=500,224.00 weight=5.0000 art=0.00 min_rc=-10.408
[EXACT] it 410: obj=500,222.49 weight=5.0000 art=0.00 min_rc=-8.632
[EXACT] it 420: obj=500,221.70 weight=5.0000 art=0.00 min_rc=-7.082
[EXACT] it 430: obj=500,221.07 weight=5.0000 art=0.00 min_rc=-6.910
[EXACT] it 440: obj=500,219.66 weight=5.0000 art=0.00 min_rc=-5.790
[EXACT] it 450: obj=500,218.53 weight=5.0000 art=0.00 min_rc=-6.131
[EXACT] it 460: obj=500,218.24 weight=5.0000 art=0.00 min_rc=-5.117
[EXACT] it 470: obj=500,217.53 weight=5.0000 art=0.00 min_rc=-5.505
[EXACT] it 480: obj=500,216.80 weight=5.0000 art=0.00 min_rc=-3.298
[EXACT] it 490: obj=500,215.24 weight=5.0000 art=0.00 min_rc=-2.893
[EXACT] it 500: obj=500,214.82 weight=5.0000 art=0.00 min_rc=-3.616
[EXACT] it 510: obj=500,214.39 weight=5.0000 art=0.00 min_rc=-4.176
[EXACT] it 520: obj=500,214.31 weight=5.0000 art=0.00 min_rc=-2.446
[EXACT] it 530: obj=500,214.17 weight=5.0000 art=0.00 min_rc=-2.176
[EXACT] it 540: obj=500,213.71 weight=5.0000 art=0.00 min_rc=-3.787
[EXACT] it 550: obj=500,213.48 weight=5.0000 art=0.00 min_rc=-1.770
[EXACT] it 560: obj=500,213.40 weight=5.0000 art=0.00 min_rc=-1.078
[EXACT] it 570: obj=500,213.36 weight=5.0000 art=0.00 min_rc=-0.674
[EXACT] it 580: obj=500,213.31 weight=5.0000 art=0.00 min_rc=-0.783
[EXACT] it 590: obj=500,213.31 weight=5.0000 art=0.00 min_rc=-0.406
[EXACT] it 600: obj=500,213.29 weight=5.0000 art=0.00 min_rc=-0.450
[EXACT] it 610: obj=500,213.29 weight=5.0000 art=0.00 min_rc=-0.968
[EXACT] it 620: obj=500,213.29 weight=5.0000 art=0.00 min_rc=-0.096
[EXACT] it 630: obj=500,213.28 weight=5.0000 art=0.00 min_rc=-0.292
[EXACT] it 639: obj=500,213.28 weight=5.0000 art=0.00 min_rc=-0.000
[EXACT] DONE: {"iter": 639, "attempt_iter": 639, "lp_obj": 500213.2834480619, "route_weight": 4.999999999999998, "artificials": 0.0, "min_rc": -1.9467805145723105e-10, "max_row_violation": 1.3988810110276972e-14, "max_bound_violation": 1.4988010832439613e-14} certified=True columns=16221 wall=1013s
