
Gurobi 12.0.3 (linux64) logging started Tue Sep 22 01:59:53 2026

Set parameter LogFile to value "/home/nc437/ladder-lite/mip_structure_20260922/results/c3_k15_fresh/strong_start/730246_r0/gurobi.log"
Set parameter Threads to value 8
Set parameter Seed to value 0
Set parameter MIPGap to value 0.0001
Set parameter TimeLimit to value 1800
Gurobi Optimizer version 12.0.3 build v12.0.3rc0 (linux64 - "Ubuntu 24.04.4 LTS")

CPU model: Intel(R) Xeon(R) Gold 6230 CPU @ 2.10GHz, instruction set [SSE2|AVX|AVX2|AVX512]
Thread count: 40 physical cores, 40 logical processors, using up to 8 threads

Non-default parameters:
TimeLimit  1800
Threads  8

Optimize a model with 302 rows, 38130 columns and 896915 nonzeros
Model fingerprint: 0x4f9eff58
Variable types: 0 continuous, 38130 integer (38130 binary)
Coefficient statistics:
  Matrix range     [1e+00, 1e+00]
  Objective range  [1e+00, 1e+00]
  Bounds range     [1e+00, 1e+00]
  RHS range        [1e+00, 1e+00]

Loaded user MIP start with objective 18

Presolve removed 0 rows and 2665 columns
Presolve time: 2.14s
Presolved: 302 rows, 35465 columns, 845322 nonzeros
Variable types: 0 continuous, 35465 integer (35465 binary)

Starting sifting (using dual simplex for sub-problems)...

    Iter     Pivots    Primal Obj      Dual Obj        Time
       0          0     infinity      0.0000000e+00      2s
       1        651   1.6764739e+01   5.5695052e+00      2s
       2       2680   1.6485876e+01   1.0372243e+01      3s
       3       4524   1.5874511e+01   1.2221100e+01      3s
       4       6685   1.5256395e+01   1.3454184e+01      3s
       5       7766   1.5000000e+01   1.3644727e+01      3s
       6       8954   1.5000000e+01   1.3738127e+01      3s
       7      10194   1.5000000e+01   1.5000000e+01      4s

Sifting complete


Root relaxation: objective 1.500000e+01, 10194 iterations, 1.34 seconds (1.68 work units)
Total elapsed time = 6.58s (DegenMoves)

    Nodes    |    Current Node    |     Objective Bounds      |     Work
 Expl Unexpl |  Obj  Depth IntInf | Incumbent    BestBd   Gap | It/Node Time

     0     0   15.00000    0  157   18.00000   15.00000  16.7%     -    7s
     0     0   15.00000    0  151   18.00000   15.00000  16.7%     -   11s
     0     0   15.00000    0  141   18.00000   15.00000  16.7%     -   22s
     0     0   15.00000    0  139   18.00000   15.00000  16.7%     -   29s
     0     0   15.00000    0  128   18.00000   15.00000  16.7%     -   30s
     0     0   15.00000    0  134   18.00000   15.00000  16.7%     -   36s
     0     0   15.00000    0  130   18.00000   15.00000  16.7%     -   38s
     0     0   15.00000    0  121   18.00000   15.00000  16.7%     -   41s
     0     0   15.00000    0  113   18.00000   15.00000  16.7%     -   43s
     0     0   15.00000    0  142   18.00000   15.00000  16.7%     -   46s
     0     0   15.00000    0  126   18.00000   15.00000  16.7%     -   47s
     0     0   15.00000    0  123   18.00000   15.00000  16.7%     -   52s
     0     0   15.00000    0  123   18.00000   15.00000  16.7%     -   55s
     0     2   15.00000    0  123   18.00000   15.00000  16.7%     -   67s
    15    24   15.00000    4  158   18.00000   15.00000  16.7%  1132   70s
    23    64   15.00000    5  186   18.00000   15.00000  16.7%   939   75s
    63    72   15.00000   10  180   18.00000   15.00000  16.7%   887   86s
    71    80   15.00000   11  206   18.00000   15.00000  16.7%   826  103s
    79    98   15.00000   12  218   18.00000   15.00000  16.7%   824  117s
    97   514   15.00000   13  186   18.00000   15.00000  16.7%   830  136s
H  513   780                      17.0000000   15.00000  11.8%   727  167s
   779  1427   15.00000   93  216   17.00000   15.00000  11.8%   795  200s
  1426  1946   15.09000  127  175   17.00000   15.00000  11.8%  1091  229s
  1945  2787   15.25208  258  171   17.00000   15.00000  11.8%  1095  247s
  2786  3660   15.38724  399  173   17.00000   15.00000  11.8%   803  261s
  3659  4474   15.49488  546  171   17.00000   15.00000  11.8%   636  273s
  4473  4968   15.59690  719  174   17.00000   15.00000  11.8%   537  285s
  4969  5494   15.65875  810  172   17.00000   15.00000  11.8%   496  297s
  5495  6202   15.78561 1011  175   17.00000   15.00000  11.8%   460  309s
  6203  6909   15.95339 1261  173   17.00000   15.00000  11.8%   420  319s
  6916  7433   15.00000   21  164   17.00000   15.00000  11.8%   388  330s
  7447  7434   15.06100  307  123   17.00000   15.00000  11.8%   370  337s
  7449  7435   15.49305  445  157   17.00000   15.00000  11.8%   369  350s
  7450  7436   15.35202  402  149   17.00000   15.00000  11.8%   369  373s
  7451  7437   15.91213 1052  147   17.00000   15.00000  11.8%   369  377s
  7452  7437   15.00000   20  147   17.00000   15.00000  11.8%   369  395s
  7454  7439   15.95776 1140  137   17.00000   15.00000  11.8%   369  403s
  7456  7440   15.00000    8  128   17.00000   15.00000  11.8%   369  410s
  7458  7441   15.00000  198  132   17.00000   15.00000  11.8%   369  417s
  7460  7443   15.35314  333  125   17.00000   15.00000  11.8%   369  427s
  7461  7443   15.05174  106  125   17.00000   15.00000  11.8%   369  432s
  7462  7444   16.00000  508  125   17.00000   15.00000  11.8%   369  450s
  7463  7448   15.00000   16  126   17.00000   15.00000  11.8%   381  461s
  7485  7484   15.00000   20  156   17.00000   15.00000  11.8%   381  471s
  7509  7484   15.00000   22  163   17.00000   15.00000  11.8%   387  479s
  7517  7490   15.00000   23  177   17.00000   15.00000  11.8%   387  491s
  7525  7495   15.00000   23  144   17.00000   15.00000  11.8%   388  509s
  7533  7516   15.02916   24  177   17.00000   15.00000  11.8%   388  527s
  7557  7582   15.05331   26  168   17.00000   15.00000  11.8%   391  546s
  7631  7612   15.00000   31  195   17.00000   15.00000  11.8%   398  562s
  7685  7679   15.00000   34  160   17.00000   15.00000  11.8%   415  582s
  7770  7729   15.00000   40  141   17.00000   15.00000  11.8%   422  600s
  7849  7809   15.00000   45  143   17.00000   15.00000  11.8%   430  621s
  7955  7871   15.00000   52  132   17.00000   15.00000  11.8%   437  646s
  8052  7967   15.00000   56  146   17.00000   15.00000  11.8%   443  668s
  8181  8063   15.12408   63  173   17.00000   15.00000  11.8%   450  689s
  8320  8147   15.00000   69  119   17.00000   15.00000  11.8%   457  709s
  8450  8241   15.00000   75  127   17.00000   15.00000  11.8%   464  730s
  8587  8324   15.05305   81  172   17.00000   15.00000  11.8%   472  760s
  8716  8374   15.00000   82  133   17.00000   15.00000  11.8%   476  786s
  8809  8483   15.10963   82  171   17.00000   15.00000  11.8%   478  811s
  8949  8590   15.00000   88  133   17.00000   15.00000  11.8%   484  834s
  9103  8661   15.00000   95  127   17.00000   15.00000  11.8%   489  859s
  9225  8671   15.00000  100  132   17.00000   15.00000  11.8%   494  896s
  9276  8718   15.00000  103  148   17.00000   15.00000  11.8%   497  934s
  9340  8888   15.15601  103  168   17.00000   15.00000  11.8%   499  963s
  9531  9029   15.00000  110  151   17.00000   15.00000  11.8%   503  991s
  9736  9164   15.30904  117  176   17.00000   15.00000  11.8%   508 1026s
  9939  9279   15.00000  124  133   17.00000   15.00000  11.8%   513 1054s
 10122  9415   15.07544  131  168   17.00000   15.00000  11.8%   518 1082s
 10319  9565   15.13903  139  174   17.00000   15.00000  11.8%   523 1112s
 10534  9704   15.00000  148  126   17.00000   15.00000  11.8%   527 1141s
 10745  9837   15.00000  156  139   17.00000   15.00000  11.8%   532 1173s
 10948  9947   15.00000  164  135   17.00000   15.00000  11.8%   536 1208s
 11126 10116   15.00000  173  126   17.00000   15.00000  11.8%   541 1241s
 11354 10291   15.00000  182  130   17.00000   15.00000  11.8%   545 1274s
 11605 10446   15.03167  191  170   17.00000   15.00000  11.8%   549 1307s
 11844 10618   15.00000  201  143   17.00000   15.00000  11.8%   554 1340s
 12096 10753   15.00000  211  137   17.00000   15.00000  11.8%   558 1385s
 12315 10898   15.00000  220  136   17.00000   15.00000  11.8%   562 1423s
 12533 11085   15.00000  229  130   17.00000   15.00000  11.8%   566 1463s
 12792 11054   15.00000  239  130   17.00000   15.00000  11.8%   570 1532s
 12848 11217   15.15210  239  178   17.00000   15.00000  11.8%   570 1579s
 13029 11421   15.00000  246  137   17.00000   15.00000  11.8%   571 1621s
 13294 11430   15.00000  256  143   17.00000   15.00000  11.8%   574 1668s
 13391 11671   15.29196  259  172   17.00000   15.00000  11.8%   576 1706s
 13664 11882   15.00000  268  123   17.00000   15.00000  11.8%   580 1746s
 13966 12082   15.00000  280  148   17.00000   15.00000  11.8%   583 1790s
 14267 12046   15.04238  292  168   17.00000   15.00000  11.8%   587 1800s

Cutting planes:
  Flow cover: 5

Explored 14331 nodes (8487519 simplex iterations) in 1800.02 seconds (4658.57 work units)
Thread count was 8 (of 40 available processors)

Solution count 2: 17 18 

Time limit reached
Best objective 1.700000000000e+01, best bound 1.500000000000e+01, gap 11.7647%

User-callback calls 401064, time in user-callback 2.88 sec
