
Gurobi 12.0.3 (linux64) logging started Fri Sep 18 11:27:34 2026

Set parameter LogFile to value "/home/nc437/ladder-lite/review_fresh_k15_longmip_20260917/results/c1_k15__heur/gurobi.log"
Set parameter OutputFlag to value 1
Set parameter TimeLimit to value 45000
Set parameter MIPGap to value 0.0001
Set parameter Threads to value 8
Set parameter Seed to value 0
Set parameter TimeLimit to value 43200
Gurobi Optimizer version 12.0.3 build v12.0.3rc0 (linux64 - "Ubuntu 24.04.4 LTS")

CPU model: Intel(R) Xeon(R) Gold 6348 CPU @ 2.60GHz, instruction set [SSE2|AVX|AVX2|AVX512]
Thread count: 56 physical cores, 56 logical processors, using up to 8 threads

Non-default parameters:
TimeLimit  43200
Heuristics  0.5
MIPFocus  1
NoRelHeurTime  1800
Threads  8

Optimize a model with 364 rows, 79611 columns and 2322459 nonzeros
Model fingerprint: 0x7becc3ce
Variable types: 0 continuous, 79611 integer (79611 binary)
Coefficient statistics:
  Matrix range     [1e+00, 1e+00]
  Objective range  [1e+00, 1e+00]
  Bounds range     [1e+00, 1e+00]
  RHS range        [1e+00, 1e+00]

Loaded user MIP start with objective 129

Presolve removed 0 rows and 45 columns
Presolve time: 4.63s
Presolved: 364 rows, 79566 columns, 2321553 nonzeros
Variable types: 0 continuous, 79566 integer (79566 binary)
Starting NoRel heuristic
Found heuristic solution: objective 48.0000000
Found heuristic solution: objective 36.0000000
Found heuristic solution: objective 35.0000000
Found heuristic solution: objective 31.0000000
Found heuristic solution: objective 26.0000000
Found heuristic solution: objective 25.0000000
Found heuristic solution: objective 24.0000000
Found heuristic solution: objective 23.0000000
Found heuristic solution: objective 22.0000000
Found heuristic solution: objective 21.0000000
Elapsed time for NoRel heuristic: 6s (best bound 8)
Found heuristic solution: objective 20.0000000
Elapsed time for NoRel heuristic: 12s (best bound 8)
Found heuristic solution: objective 19.0000000
Elapsed time for NoRel heuristic: 19s (best bound 8)
Elapsed time for NoRel heuristic: 29s (best bound 8)
Elapsed time for NoRel heuristic: 35s (best bound 8)
Elapsed time for NoRel heuristic: 42s (best bound 15)
Found heuristic solution: objective 18.0000000
Elapsed time for NoRel heuristic: 52s (best bound 15)
Elapsed time for NoRel heuristic: 58s (best bound 15)
Elapsed time for NoRel heuristic: 74s (best bound 15)
Elapsed time for NoRel heuristic: 97s (best bound 15)
Elapsed time for NoRel heuristic: 115s (best bound 15)
Elapsed time for NoRel heuristic: 137s (best bound 15)
Elapsed time for NoRel heuristic: 163s (best bound 15)
Elapsed time for NoRel heuristic: 205s (best bound 15)
Elapsed time for NoRel heuristic: 241s (best bound 15)
Elapsed time for NoRel heuristic: 272s (best bound 15)
Elapsed time for NoRel heuristic: 327s (best bound 15)
Elapsed time for NoRel heuristic: 394s (best bound 15)
Elapsed time for NoRel heuristic: 466s (best bound 15)
Elapsed time for NoRel heuristic: 534s (best bound 15)
Elapsed time for NoRel heuristic: 651s (best bound 15)
Elapsed time for NoRel heuristic: 801s (best bound 15)
Elapsed time for NoRel heuristic: 928s (best bound 15)
Elapsed time for NoRel heuristic: 1096s (best bound 15)
Elapsed time for NoRel heuristic: 1105s (best bound 15)
Elapsed time for NoRel heuristic: 1164s (best bound 15)
Elapsed time for NoRel heuristic: 1243s (best bound 15)
Elapsed time for NoRel heuristic: 1373s (best bound 15)
Elapsed time for NoRel heuristic: 1527s (best bound 15)
Elapsed time for NoRel heuristic: 2129s (best bound 15)
NoRel heuristic complete

Root simplex log...

Iteration    Objective       Primal Inf.    Dual Inf.      Time
       0    0.0000000e+00   3.640000e+02   0.000000e+00   2134s

Starting sifting (using dual simplex for sub-problems)...

    Iter     Pivots    Primal Obj      Dual Obj        Time
       0          0     infinity      0.0000000e+00   2134s
       1       1021   1.7648095e+01   5.0528481e+00   2134s
       2       2958   1.7193349e+01   9.7012987e+00   2134s
       3       5309   1.6469659e+01   1.1689160e+01   2134s
       4       7345   1.6099698e+01   1.2509201e+01   2135s
       5       9821   1.5677656e+01   1.3231067e+01   2135s
       6      13319   1.5210032e+01   1.3679474e+01   2136s
       7      15870   1.5020223e+01   1.3837145e+01   2136s
       8      17565   1.5000000e+01   1.3895540e+01   2136s
       9      19099   1.5000000e+01   1.3947938e+01   2136s
      10      20636   1.5000000e+01   1.5000000e+01   2137s

Sifting complete

   20636    1.5000000e+01   0.000000e+00   0.000000e+00   2137s

Root relaxation: objective 1.500000e+01, 20636 iterations, 2.89 seconds (4.79 work units)
Total elapsed time = 2145.67s (DegenMoves)

    Nodes    |    Current Node    |     Objective Bounds      |     Work
 Expl Unexpl |  Obj  Depth IntInf | Incumbent    BestBd   Gap | It/Node Time

     0     0   15.00000    0  171   18.00000   15.00000  16.7%     - 2149s
     0     0   15.00000    0  178   18.00000   15.00000  16.7%     - 2178s
     0     0   15.00000    0  171   18.00000   15.00000  16.7%     - 2283s
     0     0   15.00000    0  163   18.00000   15.00000  16.7%     - 2305s
     0     0   15.00000    0  163   18.00000   15.00000  16.7%     - 2324s
     0     2   15.00000    0  163   18.00000   15.00000  16.7%     - 2496s
     1     4   15.00000    1  247   18.00000   15.00000  16.7% 22272 2520s
     3     8   15.00000    2  236   18.00000   15.00000  16.7%  7951 2547s
     7    16   15.00000    3  240   18.00000   15.00000  16.7%  3995 2579s
    15    24   15.00000    4  236   18.00000   15.00000  16.7%  2375 2609s
    23    60   15.00000    5  269   18.00000   15.00000  16.7%  1983 2688s
    59   316   15.00000   10  294   18.00000   15.00000  16.7%  2160 2817s
   315  1611   15.00000   33  243   18.00000   15.00000  16.7%  2283 2985s
  1610  1889   15.00000  199  328   18.00000   15.00000  16.7%  1959 3054s
  1677  1889   15.00000  193  258   18.00000   15.00000  16.7%  1960 3055s
  1888  2235   15.00000  266  329   18.00000   15.00000  16.7%  2147 3125s
  2234  3375   15.00000  302  254   18.00000   15.00000  16.7%  2404 3202s
  3374  3399   15.00000  379  257   18.00000   15.00000  16.7%  1812 3254s
  3398  3690   15.00000  380  249   18.00000   15.00000  16.7%  1801 3308s
  3689  4085   15.00000  381  252   18.00000   15.00000  16.7%  1671 3354s
  4084  4666   15.00000  395  233   18.00000   15.00000  16.7%  1528 3399s
  4665  5233   15.00000  413  245   18.00000   15.00000  16.7%  1358 3444s
  5232  5874   15.00000  432  249   18.00000   15.00000  16.7%  1229 3488s
  5873  6301   15.00000  451  230   18.00000   15.00000  16.7%  1111 3526s
  6300  6845   15.00000  460  233   18.00000   15.00000  16.7%  1043 3566s
  6844  7121   15.00000  475  238   18.00000   15.00000  16.7%   971 3608s
  7120  7206   15.00000  493  234   18.00000   15.00000  16.7%   942 3647s
  7205  7530   15.00000  508  228   18.00000   15.00000  16.7%   935 3690s
  7530  7531   15.26975 1082  163   18.00000   15.00000  16.7%   901 3705s
  7532  7532   15.00000   41  171   18.00000   15.00000  16.7%   900 3760s
  7533  7533   15.00000  128  190   18.00000   15.00000  16.7%   900 3826s
  7534  7534   15.00000   92  185   18.00000   15.00000  16.7%   900 3853s
  7535  7534   15.38148  661  183   18.00000   15.00000  16.7%   900 3903s
  7536  7535   15.19605  300  179   18.00000   15.00000  16.7%   900 3919s
  7537  7536   15.20736  934  165   18.00000   15.00000  16.7%   900 4033s
  7538  7536   15.00000  165  159   18.00000   15.00000  16.7%   900 4077s
  7539  7537   15.73467 1366  181   18.00000   15.00000  16.7%   900 4120s
  7540  7538   15.13953  721  181   18.00000   15.00000  16.7%   900 4137s
  7541  7538   15.00000  173  181   18.00000   15.00000  16.7%   899 4296s
  7542  7542   15.00000   12  239   18.00000   15.00000  16.7%   924 4353s
  7544  7545   15.00000   13  243   18.00000   15.00000  16.7%   924 4373s
  7548  7552   15.00000   14  245   18.00000   15.00000  16.7%   924 4397s
  7556  7557   15.00000   15  247   18.00000   15.00000  16.7%   924 4408s
  7564  7625   15.00000   16  277   18.00000   15.00000  16.7%   924 4445s
  7634  7609   15.00000   20  222   18.00000   15.00000  16.7%   994 4475s
  7642  7615   15.00000   20  232   18.00000   15.00000  16.7%   995 4504s
  7650  7624   15.00000   21  217   18.00000   15.00000  16.7%   995 4532s
  7677  7640   15.09499   21  237   18.00000   15.00000  16.7%   994 4566s
  7722  7626   15.09499   22  235   18.00000   15.00000  16.7%   990 4605s
  7749  7678   15.41303   22  188   18.00000   15.00000  16.7%   989 4654s
  7860  7649   15.41350   23  188   18.00000   15.00000  16.7%   980 4694s
  7878  7661   15.41350   24  188   18.00000   15.00000  16.7%   978 4733s
  7986  7692   15.11491   20  223   18.00000   15.00000  16.7%   968 4759s
  8162  7766   15.21031   52  228   18.00000   15.00000  16.7%   951 4775s
  8397  7720   15.27053   87  229   18.00000   15.00000  16.7%   929 4787s
  8549  7794   15.29046   91  225   18.00000   15.00000  16.7%   915 4800s
  8786  7722   15.33014  119  228   18.00000   15.00000  16.7%   893 4812s
  8853  7721   15.33128  120  224   18.00000   15.00000  16.7%   888 4828s
  8878  7732   15.33950  124  226   18.00000   15.00000  16.7%   886 4849s
  8899  7743   15.34211  125  223   18.00000   15.00000  16.7%   885 4862s
  8919  7760   15.34320  126  222   18.00000   15.00000  16.7%   883 4876s
  8945  7772   15.34510  127  226   18.00000   15.00000  16.7%   882 4898s
  8998  7769   15.34554  128  225   18.00000   15.00000  16.7%   879 4915s
  9040  7906   15.35221  129  225   18.00000   15.00000  16.7%   876 4931s
  9261  8088   15.38562  154  223   18.00000   15.00000  16.7%   858 4950s
  9597  8039   15.41570  206  227   18.00000   15.00000  16.7%   832 4967s
  9708  8288   15.42275  217  226   18.00000   15.00000  16.7%   824 4985s
  9994  8215   15.47658  283  236   18.00000   15.00000  16.7%   804 5004s
 10016  8554   15.47888  285  234   18.00000   15.00000  16.7%   803 5025s
 10363  8579   15.53587  343  226   18.00000   15.00000  16.7%   780 5044s
 10503  8859   15.54273  364  232   18.00000   15.00000  16.7%   772 5065s
 10830  8817   15.60494  439  228   18.00000   15.00000  16.7%   752 5086s
 10897  9058   15.60508  440  229   18.00000   15.00000  16.7%   748 5109s
 11160  9356   15.63503  467  232   18.00000   15.00000  16.7%   733 5131s
 11546  9415   15.67707  531  239   18.00000   15.00000  16.7%   712 5154s
 11734  9450   15.69143  558  233   18.00000   15.00000  16.7%   702 5179s
 11831  9632   15.69588  566  231   18.00000   15.00000  16.7%   697 5206s
 12046 10256   15.73571  602  237   18.00000   15.00000  16.7%   687 5232s
 12741 10363   15.78391  743  229   18.00000   15.00000  16.7%   653 5261s
 13080 10325   15.80643  791  234   18.00000   15.00000  16.7%   638 5306s
 13155 10378   15.80656  792  234   18.00000   15.00000  16.7%   636 5339s
 13233 10602   15.80681  793  234   18.00000   15.00000  16.7%   633 5374s
 13483 10715   15.80933  794  234   18.00000   15.00000  16.7%   623 5402s
 13679 11442   15.80933  795  232   18.00000   15.00000  16.7%   615 5430s
 14472 12298   15.86978  906  237   18.00000   15.00000  16.7%   585 5479s
 15592 12119   15.93487 1064  234   18.00000   15.00000  16.7%   547 5495s
 15786 12132   15.94295 1076  236   18.00000   15.00000  16.7%   541 5526s
 15864 12129   15.94895 1087  237   18.00000   15.00000  16.7%   539 5564s
 15887 12190   15.95062 1088  237   18.00000   15.00000  16.7%   538 5607s
 15956 12332   15.95090 1089  237   18.00000   15.00000  16.7%   536 5626s
 16121 12546   15.95090 1090  238   18.00000   15.00000  16.7%   531 5648s
 16390 12772   15.95232 1091  238   18.00000   15.00000  16.7%   524 5667s
 16705 13122   15.97448 1174  234   18.00000   15.00000  16.7%   515 5688s
 17160 13055   15.99510 1256  244   18.00000   15.00000  16.7%   503 5744s
 17245 13103   16.00147 1270  234   18.00000   15.00000  16.7%   501 5787s
 17321 13336   16.00661 1286  238   18.00000   15.00000  16.7%   499 5812s
 17580 13459   16.02033 1333  234   18.00000   15.00000  16.7%   492 5838s
 17789 13778   16.02222 1354  240   18.00000   15.00000  16.7%   487 5862s
 18178 13917   16.02922 1418  235   18.00000   15.00000  16.7%   478 5894s
 18446 14432   16.04538 1481  232   18.00000   15.00000  16.7%   472 5930s
 19051 14521   16.07688 1567  233   18.00000   15.00000  16.7%   458 5962s
 19341 15013   16.09515 1617  231   18.00000   15.00000  16.7%   452 5994s
 19930 15039   16.12426 1704  228   18.00000   15.00000  16.7%   440 6030s
 20152 15724   16.14219 1750  235   18.00000   15.00000  16.7%   436 6064s
 20911 16757   16.21116 1927  226   18.00000   15.00000  16.7%   422 6102s
 22197 17327   16.30598 2140  230   18.00000   15.00000  16.7%   401 6137s
 23196 17823   16.38476 2297  224   18.00000   15.00000  16.7%   386 6172s
 24025 18057   16.43042 2402  225   18.00000   15.00000  16.7%   374 6209s
 24535 18521   16.47809 2511  229   18.00000   15.00000  16.7%   367 6246s
 25169 19830   16.49660 2584  226   18.00000   15.00000  16.7%   359 6293s
 26690 20149   16.60365 2834  224   18.00000   15.00000  16.7%   342 6337s
 27536 20389   16.65157 2921  222   18.00000   15.00000  16.7%   333 6377s
 28058 21594   16.71660 3042  225   18.00000   15.00000  16.7%   328 6420s
 29463 23079   16.92382 3402  225   18.00000   15.00000  16.7%   315 6490s
 31452 22946   17.00000   43  110   18.00000   15.00000  16.7%   299 6518s
 31598 22954   17.00000   67  113   18.00000   15.00000  16.7%   299 6547s
 31654 22962     cutoff   91        18.00000   15.00000  16.7%   300 6578s
 31700 23429   17.00000  110  118   18.00000   15.00000  16.7%   300 6612s
 32221 24579   17.00000  137  112   18.00000   15.00000  16.7%   297 6654s
 33427 25631   17.00000  165  120   18.00000   15.00000  16.7%   290 6686s
 34497 26439   15.07119   64  224   18.00000   15.00000  16.7%   283 6717s
 35325 26959   15.14405  156  239   18.00000   15.00000  16.7%   278 6747s
 35845 28117   15.22351  209  240   18.00000   15.00000  16.7%   275 6779s
 37003 28649   15.29558  339  246   18.00000   15.00000  16.7%   268 6810s
 37551 29410   15.31252  395  248   18.00000   15.00000  16.7%   265 6841s
 38312 30078   15.36566  480  252   18.00000   15.00000  16.7%   261 6870s
 39000 30714   15.41864  569  254   18.00000   15.00000  16.7%   257 6900s
 39636 31053   15.45559  658  259   18.00000   15.00000  16.7%   254 6930s
 39983 31820   15.48466  700  248   18.00000   15.00000  16.7%   253 6961s
 40750 32502   15.52447  796  258   18.00000   15.00000  16.7%   249 6993s
 41432 32923   15.55866  875  257   18.00000   15.00000  16.7%   246 7025s
 41853 33144   15.57244  938  257   18.00000   15.00000  16.7%   244 7060s
 42074 33922   15.58458  966  256   18.00000   15.00000  16.7%   243 7096s
 42852 34916   15.61432 1024  253   18.00000   15.00000  16.7%   240 7133s
 43846 35129   15.65130 1115  251   18.00000   15.00000  16.7%   236 7170s
 44059 36723   15.66559 1141  253   18.00000   15.00000  16.7%   235 7237s
 45653 37673   15.72094 1283  251   18.00000   15.00000  16.7%   229 7271s
 46603 38708   15.74468 1359  252   18.00000   15.00000  16.7%   225 7304s
 47638 39001   15.78237 1457  249   18.00000   15.00000  16.7%   222 7329s
 47931 39273   15.78989 1473  249   18.00000   15.00000  16.7%   221 7373s
 48203 39315   15.81360 1562  258   18.00000   15.00000  16.7%   220 7411s
 48245 39460   15.81806 1573  250   18.00000   15.00000  16.7%   220 7447s
 48410 39674   15.84716 1629  251   18.00000   15.00000  16.7%   219 7488s
 48624 39963   15.88867 1720  248   18.00000   15.00000  16.7%   219 7526s
 48949 40255   15.91302 1795  255   18.00000   15.00000  16.7%   218 7564s
 49042 40255   15.00000   28  205   18.00000   15.00000  16.7%   218 7565s
 49263 40608   15.92479 1836  253   18.00000   15.00000  16.7%   217 7602s
 49616 41139   15.94813 1904  254   18.00000   15.00000  16.7%   216 7651s
 50163 41604   15.97249 1989  254   18.00000   15.00000  16.7%   215 7697s
 50628 41869   15.98081 2040  253   18.00000   15.00000  16.7%   214 7745s
 50893 42650   15.99356 2074  256   18.00000   15.00000  16.7%   213 7789s
 51686 43526   16.02510 2171  255   18.00000   15.00000  16.7%   211 7833s
 52562 44550   16.06126 2272  255   18.00000   15.00000  16.7%   208 7879s
 53628 45137   16.09416 2386  251   18.00000   15.00000  16.7%   205 7922s
 54229 45921   16.11221 2438  255   18.00000   15.00000  16.7%   204 7968s
 55017 46245   16.14296 2537  259   18.00000   15.00000  16.7%   202 8016s
 55345 46253   16.15619 2578  253   18.00000   15.00000  16.7%   202 8070s
 55353 47228   16.15619 2579  253   18.00000   15.00000  16.7%   202 8118s
 56344 48784   16.18670 2667  256   18.00000   15.00000  16.7%   200 8165s
 57942 49999   16.24703 2824  254   18.00000   15.00000  16.7%   197 8205s
 59157 51874   16.29117 2983  250   18.00000   15.00000  16.7%   194 8265s
 61032 52185   16.34798 3204  248   18.00000   15.00000  16.7%   190 8287s
 61343 52931   16.35945 3228  255   18.00000   15.00000  16.7%   189 8314s
 62089 53915   16.38693 3306  255   18.00000   15.00000  16.7%   187 8343s
 63073 54497   16.41366 3434  245   18.00000   15.00000  16.7%   185 8370s
 63655 55124   16.43005 3513  249   18.00000   15.00000  16.7%   184 8400s
 64282 55591   16.44732 3581  249   18.00000   15.00000  16.7%   183 8429s
 64749 56911   16.46403 3631  250   18.00000   15.00000  16.7%   182 8463s
 66069 58395   16.51528 3783  249   18.00000   15.00000  16.7%   179 8494s
 67553 59202   16.55396 3898  242   18.00000   15.00000  16.7%   176 8521s
 68360 59690   16.57310 3959  243   18.00000   15.00000  16.7%   175 8551s
 68870 60670   16.59153 4000  242   18.00000   15.00000  16.7%   174 8579s
 69850 61311   16.62830 4104  248   18.00000   15.00000  16.7%   172 8610s
 70553 61896   16.63958 4144  248   18.00000   15.00000  16.7%   171 8633s
 71138 62404   16.67597 4287  245   18.00000   15.00000  16.7%   171 8660s
 71646 62820   16.69123 4352  247   18.00000   15.00000  16.7%   170 8686s
 72062 63358   16.71030 4402  248   18.00000   15.00000  16.7%   169 8712s
 72600 64395   16.73285 4475  246   18.00000   15.00000  16.7%   168 8743s
 73639 65155   16.78305 4611  249   18.00000   15.00000  16.7%   167 8806s
 74407 65538   16.80219 4707  247   18.00000   15.00000  16.7%   166 8869s
 74810 67554   16.80219 4708  247   18.00000   15.00000  16.7%   165 8944s
 75440 67554   16.08028 2253  234   18.00000   15.00000  16.7%   164 8945s
 76989 68246   16.90905 5080  240   18.00000   15.00000  16.7%   163 8987s
 77768 68928   15.08739   38  219   18.00000   15.00000  16.7%   162 9025s
 78480 69199   15.07495   18  207   18.00000   15.00000  16.7%   161 9080s
 78751 69624   15.07495   19  207   18.00000   15.00000  16.7%   161 9128s
 79176 70121   15.07983   20  205   18.00000   15.00000  16.7%   160 9178s
 79673 70380   15.07983   21  205   18.00000   15.00000  16.7%   160 9223s
 79932 70790   15.08114   22  206   18.00000   15.00000  16.7%   159 9268s
 80342 71128   15.08114   23  206   18.00000   15.00000  16.7%   159 9331s
 80680 71647   15.08114   24  206   18.00000   15.00000  16.7%   158 9384s
 81199 72461   15.15155   53  206   18.00000   15.00000  16.7%   158 9436s
 82013 73551   15.26687  178  204   18.00000   15.00000  16.7%   157 9487s
 83103 74512   15.44076  327  215   18.00000   15.00000  16.7%   155 9539s
 84064 75571   15.53440  455  219   18.00000   15.00000  16.7%   154 9592s
 85123 76689   15.60709  592  216   18.00000   15.00000  16.7%   153 9640s
 86241 77646   15.70646  723  220   18.00000   15.00000  16.7%   152 9686s
 87198 78513   15.78579  883  222   18.00000   15.00000  16.7%   150 9732s
 88065 79946   15.85044  990  217   18.00000   15.00000  16.7%   150 9791s
 89498 80422   15.94206 1190  218   18.00000   15.00000  16.7%   148 9821s
 89974 81874   15.97280 1270  223   18.00000   15.00000  16.7%   148 9857s
 91426 81898   16.03149 1431  217   18.00000   15.00000  16.7%   146 9884s
 91450 81906   16.03155 1434  219   18.00000   15.00000  16.7%   146 9910s
 91458 81914   16.03204 1435  219   18.00000   15.00000  16.7%   146 9936s
 91466 81947   16.03218 1436  220   18.00000   15.00000  16.7%   146 9960s
 91499 82889   16.03816 1450  218   18.00000   15.00000  16.7%   146 9993s
 92441 83779   16.08356 1581  219   18.00000   15.00000  16.7%   145 10015s
 93345 84587   16.13098 1722  219   18.00000   15.00000  16.7%   144 10037s
 94153 85550   16.16751 1832  218   18.00000   15.00000  16.7%   143 10060s
 95116 86505   16.22995 1980  218   18.00000   15.00000  16.7%   142 10083s
 96071 87590   16.27976 2120  214   18.00000   15.00000  16.7%   141 10106s
 97172 88486   16.33261 2250  213   18.00000   15.00000  16.7%   140 10128s
 98068 89518   16.38604 2350  213   18.00000   15.00000  16.7%   140 10154s
 99100 90773   16.43914 2487  211   18.00000   15.00000  16.7%   139 10182s
 100355 91640   16.49037 2638  209   18.00000   15.00000  16.7%   137 10206s
 101241 91784   16.54395 2784  211   18.00000   15.00000  16.7%   137 10231s
 101385 91792   16.55474 2802  210   18.00000   15.00000  16.7%   137 10260s
 101393 91800   16.55474 2803  211   18.00000   15.00000  16.7%   137 10296s
 101401 92899   16.55500 2804  206   18.00000   15.00000  16.7%   137 10325s
 102514 95043   16.60144 2959  215   18.00000   15.00000  16.7%   136 10381s
 104678 96071   16.73546 3350  211   18.00000   15.00000  16.7%   134 10403s
 105726 96823   16.80187 3530  209   18.00000   15.00000  16.7%   133 10422s
 106498 97651   16.87745 3742  214   18.00000   15.00000  16.7%   133 10448s
 107577 97704   15.12177  216  239   18.00000   15.00000  16.7%   132 10463s
 107630 98284   15.25022  218  225   18.00000   15.00000  16.7%   132 10481s
 108210 99026   16.05834  221  181   18.00000   15.00000  16.7%   132 10500s
 109038 99457     cutoff  257        18.00000   15.00000  16.7%   132 10516s
 109498 99850   15.15849   46  236   18.00000   15.00000  16.7%   131 10532s
 109891 100615   15.22131   77  230   18.00000   15.00000  16.7%   131 10554s
 110696 101019   15.28885  120  237   18.00000   15.00000  16.7%   131 10570s
 111100 101509   15.35442  151  232   18.00000   15.00000  16.7%   130 10588s
 111590 101827   15.40324  205  236   18.00000   15.00000  16.7%   130 10605s
 111908 102149   15.44327  246  240   18.00000   15.00000  16.7%   130 10624s
 112230 102546   15.45989  281  241   18.00000   15.00000  16.7%   130 10643s
 112627 102982   15.48415  342  242   18.00000   15.00000  16.7%   130 10663s
 113063 103541   15.52121  416  242   18.00000   15.00000  16.7%   129 10682s
 113622 103897   15.54854  479  248   18.00000   15.00000  16.7%   129 10704s
 113978 104038   15.55962  519  247   18.00000   15.00000  16.7%   129 10725s
 114119 104786   15.56925  542  245   18.00000   15.00000  16.7%   129 10746s
 114867 105401   15.60366  611  250   18.00000   15.00000  16.7%   128 10769s
 115482 105783   15.63937  691  244   18.00000   15.00000  16.7%   128 10791s
 115864 106191   15.66191  741  244   18.00000   15.00000  16.7%   127 10814s
 116272 106561   15.68355  785  245   18.00000   15.00000  16.7%   127 10837s
 116642 107338   15.70376  821  243   18.00000   15.00000  16.7%   127 10860s
 117419 107346   15.74083  880  240   18.00000   15.00000  16.7%   126 10927s
 117427 110474   15.74083  881  240   18.00000   15.00000  16.7%   126 11748s
 120555 113243   15.93165 1272  243   18.00000   15.00000  16.7%   124 11929s
 123324 113273   16.04931 1585  240   18.00000   15.00000  16.7%   123 12026s
 123354 115264   16.05211 1591  245   18.00000   15.00000  16.7%   123 12129s
 125345 116960   16.14235 1819  240   18.00000   15.00000  16.7%   121 12211s
 127041 118123   16.21789 1997  239   18.00000   15.00000  16.7%   121 12279s
 128204 119842   16.25651 2092  237   18.00000   15.00000  16.7%   120 12351s
 129943 121406   16.31986 2289  234   18.00000   15.00000  16.7%   119 12413s
 131507 123055   16.37270 2428  239   18.00000   15.00000  16.7%   118 12471s
 133156 124095   16.42783 2564  239   18.00000   15.00000  16.7%   117 12527s
 134256 124583   16.46988 2694  236   18.00000   15.00000  16.7%   117 12564s
 134762 125319   16.50123 2788  234   18.00000   15.00000  16.7%   117 12617s
 135576 125575   16.52928 2861  235   18.00000   15.00000  16.7%   117 12661s
 135846 126106   16.53499 2884  235   18.00000   15.00000  16.7%   117 12713s
 136399 127343   16.55586 2956  234   18.00000   15.00000  16.7%   116 12766s
 137636 127806   16.62943 3158  241   18.00000   15.00000  16.7%   116 12815s
 138131 128477   16.64098 3179  237   18.00000   15.00000  16.7%   116 12862s
 138802 130187   16.66926 3278  238   18.00000   15.00000  16.7%   115 12911s
 140512 130665   16.75752 3515  235   18.00000   15.00000  16.7%   115 12958s
 140990 131191   16.77759 3582  237   18.00000   15.00000  16.7%   115 13011s
 141516 132383   16.77759 3583  237   18.00000   15.00000  16.7%   114 13056s
 142728 133473   16.80745 3668  234   18.00000   15.00000  16.7%   114 13099s
 144014 134660   16.88106 3947  234   18.00000   15.00000  16.7%   113 13138s
 145241 135159   15.18676   35  223   18.00000   15.00000  16.7%   113 13174s
 145803 135869   15.83879   42  155   18.00000   15.00000  16.7%   113 13212s
 146603 136538   15.16965   52  215   18.00000   15.00000  16.7%   113 13247s
 147272 137678   16.00000   99  172   18.00000   15.00000  16.7%   113 13284s
 148412 137926   16.46163  145  129   18.00000   15.00000  16.7%   112 13343s
 148660 140988   16.91527  176  106   18.00000   15.00000  16.7%   112 13498s
 151738 141483   15.60963  377  225   18.00000   15.00000  16.7%   111 13540s
 152233 143254   15.65254  436  221   18.00000   15.00000  16.7%   111 13588s
 154004 144554   15.79544  604  232   18.00000   15.00000  16.7%   110 13625s
 155304 145843   15.86583  723  232   18.00000   15.00000  16.7%   110 13659s
 156593 147225   15.91919  822  231   18.00000   15.00000  16.7%   109 13690s
 157997 147727   15.97376  930  222   18.00000   15.00000  16.7%   109 13718s
 158499 148277   15.99686  997  227   18.00000   15.00000  16.7%   109 13747s
 159049 149361   16.01969 1029  224   18.00000   15.00000  16.7%   108 13779s
 160147 149870   16.08026 1148  228   18.00000   15.00000  16.7%   108 13809s
 160656 150661   16.10726 1189  230   18.00000   15.00000  16.7%   108 13840s
 161447 151720   16.16368 1305  228   18.00000   15.00000  16.7%   108 13873s
 162506 152895   16.21298 1413  224   18.00000   15.00000  16.7%   107 13904s
 163701 153671   16.27312 1535  226   18.00000   15.00000  16.7%   107 13954s
 164489 154581   16.31155 1612  223   18.00000   15.00000  16.7%   107 14010s
 165419 156240   16.36041 1711  221   18.00000   15.00000  16.7%   106 14054s
 167098 157493   16.44553 1940  220   18.00000   15.00000  16.7%   106 14089s
 168371 158038   16.50915 2095  222   18.00000   15.00000  16.7%   106 14117s
 168916 159114   16.54587 2181  217   18.00000   15.00000  16.7%   105 14147s
 170000 159492   16.62304 2366  220   18.00000   15.00000  16.7%   105 14174s
 170378 159831   16.64084 2412  227   18.00000   15.00000  16.7%   105 14201s
 170733 160360   16.67847 2468  224   18.00000   15.00000  16.7%   105 14230s
 171262 160974   16.70454 2532  224   18.00000   15.00000  16.7%   105 14262s
 171876 162329   16.74307 2613  223   18.00000   15.00000  16.7%   105 14296s
 173231 163022   16.84675 2880  221   18.00000   15.00000  16.7%   104 14327s
 173924 164244   16.90338 2993  223   18.00000   15.00000  16.7%   104 14362s
 175206 164889   15.12509   47  220   18.00000   15.00000  16.7%   104 14390s
 175961 164934   15.27218  126  232   18.00000   15.00000  16.7%   104 14425s
 176006 164947   15.27624  132  232   18.00000   15.00000  16.7%   104 14452s
 176019 165181   15.27864  133  231   18.00000   15.00000  16.7%   104 14483s
 176253 165525   15.30915  158  234   18.00000   15.00000  16.7%   104 14511s
 176597 166312   15.36124  249  229   18.00000   15.00000  16.7%   104 14545s
 177384 166834   15.46228  344  232   18.00000   15.00000  16.7%   104 14573s
 177926 167380   15.51470  437  237   18.00000   15.00000  16.7%   104 14605s
 178484 168069   15.56625  512  237   18.00000   15.00000  16.7%   104 14654s
 179173 168914   15.63339  629  239   18.00000   15.00000  16.7%   104 14707s
 180018 169779   15.69040  761  238   18.00000   15.00000  16.7%   104 14758s
 180883 170814   15.74982  909  233   18.00000   15.00000  16.7%   104 14807s
 181950 171241   15.80699 1027  237   18.00000   15.00000  16.7%   104 14853s
 182377 172256   15.82736 1092  232   18.00000   15.00000  16.7%   103 14900s
 183392 172731   15.88064 1225  233   18.00000   15.00000  16.7%   103 14950s
 183867 173913   15.90072 1288  234   18.00000   15.00000  16.7%   103 14998s
 185049 175317   15.95302 1449  238   18.00000   15.00000  16.7%   103 15042s
 186453 176131   16.01819 1641  233   18.00000   15.00000  16.7%   103 15084s
 187267 176562   16.05147 1779  233   18.00000   15.00000  16.7%   102 15126s
 187698 176971   16.06826 1856  233   18.00000   15.00000  16.7%   102 15176s
 188107 177223   16.08575 1921  235   18.00000   15.00000  16.7%   102 15231s
 188359 178617   16.08575 1922  235   18.00000   15.00000  16.7%   102 15277s
 189753 180215   16.12770 2049  237   18.00000   15.00000  16.7%   102 15324s
 191351 181878   16.18286 2252  231   18.00000   15.00000  16.7%   101 15369s
 193014 183024   16.23482 2418  233   18.00000   15.00000  16.7%   101 15418s
 194197 183837   16.28612 2584  239   18.00000   15.00000  16.7%   101 15450s
 195010 184324   16.34458 2730  239   18.00000   15.00000  16.7%   100 15482s
 195497 185222   16.38054 2802  231   18.00000   15.00000  16.7%   100 15520s
 196395 185402   16.44161 2992  226   18.00000   15.00000  16.7%   100 15555s
 196575 186302   16.45080 3027  229   18.00000   15.00000  16.7%   100 15593s
 197475 187411   16.49282 3153  228   18.00000   15.00000  16.7%   100 15625s
 198604 187966   16.54915 3379  235   18.00000   15.00000  16.7%   100 15657s
 199159 188898   16.58292 3491  234   18.00000   15.00000  16.7%   100 15691s
 200091 189098   16.65309 3673  225   18.00000   15.00000  16.7%   100 15723s
 200291 189487   16.66014 3698  230   18.00000   15.00000  16.7%   100 15760s
 200680 190497   16.68915 3808  226   18.00000   15.00000  16.7%   100 15799s
 201690 191762   16.75232 4002  234   18.00000   15.00000  16.7%  99.3 15837s
 202955 192483   16.86305 4321  232   18.00000   15.00000  16.7%  99.0 15873s
 203676 193001   16.93304 4489  223   18.00000   15.00000  16.7%  98.9 15908s
 204194 193983   16.98018 4614  234   18.00000   15.00000  16.7%  98.8 15948s
 205196 194949   16.46656   89  104   18.00000   15.00000  16.7%  98.6 15982s
 206190 195192   15.47536   51  208   18.00000   15.00000  16.7%  98.5 16014s
 206459 195598   15.67685   56  192   18.00000   15.00000  16.7%  98.5 16048s
 207063 196093     cutoff  135        18.00000   15.00000  16.7%  98.6 16085s
 207662 197420   15.57525   49  187   18.00000   15.00000  16.7%  98.5 16139s
 209001 197862   15.32470   94  221   18.00000   15.00000  16.7%  98.3 16168s
 209443 198613   15.39318  136  222   18.00000   15.00000  16.7%  98.2 16203s
 210194 199601   15.53919  218  221   18.00000   15.00000  16.7%  98.0 16237s
 211202 200276   15.60451  325  219   18.00000   15.00000  16.7%  97.9 16275s
 211903 200795   15.67203  409  227   18.00000   15.00000  16.7%  97.7 16304s
 212422 201325   15.74661  504  226   18.00000   15.00000  16.7%  97.7 16337s
 212952 202280   15.79371  583  227   18.00000   15.00000  16.7%  97.6 16368s
 213907 202948   15.85250  656  229   18.00000   15.00000  16.7%  97.4 16399s
 214575 203675   15.88477  750  231   18.00000   15.00000  16.7%  97.2 16431s
 215302 204678   15.93154  841  228   18.00000   15.00000  16.7%  97.1 16464s
 216305 205045   15.97617  940  228   18.00000   15.00000  16.7%  96.9 16497s
 216672 206044   15.99918  988  225   18.00000   15.00000  16.7%  96.8 16532s
 217671 206680   16.05030 1144  222   18.00000   15.00000  16.7%  96.6 16564s
 218307 207031   16.09501 1218  227   18.00000   15.00000  16.7%  96.5 16598s
 218658 208243   16.11239 1261  228   18.00000   15.00000  16.7%  96.4 16633s
 219870 209625   16.16945 1432  229   18.00000   15.00000  16.7%  96.1 16669s
 221252 210339   16.22296 1618  227   18.00000   15.00000  16.7%  95.8 16702s
 221966 211763   16.27839 1724  222   18.00000   15.00000  16.7%  95.7 16737s
 223410 213038   16.34620 1898  226   18.00000   15.00000  16.7%  95.4 16790s
 224685 213830   16.40900 2077  223   18.00000   15.00000  16.7%  95.2 16818s
 225497 214135   16.46137 2213  221   18.00000   15.00000  16.7%  95.0 16846s
 225802 214758   16.47080 2246  221   18.00000   15.00000  16.7%  95.0 16876s
 226439 216172   16.50365 2335  225   18.00000   15.00000  16.7%  94.9 16914s
 228033 216432   16.57680 2523  226   18.00000   15.00000  16.7%  94.6 16947s
 228293 216494   16.59403 2556  226   18.00000   15.00000  16.7%  94.6 16991s
 228365 216981   16.59408 2557  223   18.00000   15.00000  16.7%  94.7 17033s
 228860 218239   16.62277 2628  227   18.00000   15.00000  16.7%  94.7 17067s
 230164 219270   16.70318 2869  220   18.00000   15.00000  16.7%  94.6 17100s
 231249 220656   16.79854 3112  215   18.00000   15.00000  16.7%  94.5 17132s
 232713 221212   16.94251 3503  217   18.00000   15.00000  16.7%  94.4 17156s
 233273 221762   16.97477 3591  220   18.00000   15.00000  16.7%  94.3 17180s
 233875 222318   15.06635   23  213   18.00000   15.00000  16.7%  94.4 17205s
 234439 222869   15.22009   69  224   18.00000   15.00000  16.7%  94.4 17230s
 235000 223594   15.28773  157  225   18.00000   15.00000  16.7%  94.5 17254s
 235729 224263   15.41975  254  225   18.00000   15.00000  16.7%  94.5 17282s
 236408 224886   15.44803  337  216   18.00000   15.00000  16.7%  94.4 17314s
 237059 224983   15.52638  400  224   18.00000   15.00000  16.7%  94.4 17340s
 237156 225325   15.53649  414  221   18.00000   15.00000  16.7%  94.4 17369s
 237498 226247   15.56797  459  224   18.00000   15.00000  16.7%  94.4 17396s
 238420 226377   15.61730  583  226   18.00000   15.00000  16.7%  94.2 17468s
 238550 227126   15.61730  584  226   18.00000   15.00000  16.7%  94.2 17810s
 239299 229820   15.61730  585  226   18.00000   15.00000  16.7%  94.1 18112s
 241993 230572   15.85194  976  231   18.00000   15.00000  16.7%  93.6 18211s
 242745 231100   15.90456 1079  231   18.00000   15.00000  16.7%  93.5 18313s
 243273 231108   15.93459 1145  226   18.00000   15.00000  16.7%  93.4 18413s
 243281 233426   15.93459 1146  226   18.00000   15.00000  16.7%  93.4 18513s
 245627 235204   16.05111 1466  229   18.00000   15.00000  16.7%  93.0 18581s
 247419 236698   16.16221 1755  230   18.00000   15.00000  16.7%  92.9 18641s
 248923 238238   16.23418 2015  225   18.00000   15.00000  16.7%  92.7 18697s
 250463 239080   16.30796 2293  232   18.00000   15.00000  16.7%  92.5 18749s
 251305 239856   16.37795 2407  226   18.00000   15.00000  16.7%  92.4 18802s
 252081 240575   16.43556 2531  228   18.00000   15.00000  16.7%  92.3 18852s
 252800 241512   16.47699 2645  230   18.00000   15.00000  16.7%  92.2 18905s
 253737 241777   16.54338 2826  226   18.00000   15.00000  16.7%  92.1 18953s
 254002 244212   16.54828 2846  230   18.00000   15.00000  16.7%  92.1 19087s
 256437 246047   16.68571 3214  228   18.00000   15.00000  16.7%  91.9 19138s
 258272 247827   16.78698 3478  225   18.00000   15.00000  16.7%  91.5 19175s
 260086 248696   16.91803 3869  224   18.00000   15.00000  16.7%  91.3 19204s
 261028 248725   15.09255   38  226   18.00000   15.00000  16.7%  91.3 19229s
 261057 248973   15.09515   40  231   18.00000   15.00000  16.7%  91.3 19255s
 261305 249421   15.62343   58  190   18.00000   15.00000  16.7%  91.4 19287s
 261773 249851   16.73772  170  128   18.00000   15.00000  16.7%  91.5 19318s
 262309 250367   15.08670   26  217   18.00000   15.00000  16.7%  91.6 19352s
 262873 250527   15.00000   41  218   18.00000   15.00000  16.7%  91.7 19382s
 263059 250728   15.00000   43  204   18.00000   15.00000  16.7%  91.8 19426s
 263270 251252   15.00000   51  212   18.00000   15.00000  16.7%  92.0 19460s
 263796 251571   15.02871   63  225   18.00000   15.00000  16.7%  92.0 19494s
 264115 252067   15.71379   88  170   18.00000   15.00000  16.7%  92.0 19530s
 264617 253112   17.00000  127  105   18.00000   15.00000  16.7%  92.1 19565s
 265730 253556   15.00000   24  198   18.00000   15.00000  16.7%  92.1 19599s
 266194 253608   15.11742   73  219   18.00000   15.00000  16.7%  92.1 19634s
 266246 253971   15.11742   82  220   18.00000   15.00000  16.7%  92.1 19668s
 266609 254534   15.18662  110  237   18.00000   15.00000  16.7%  92.1 19704s
 267172 254783   15.30939  160  233   18.00000   15.00000  16.7%  92.2 19742s
 267421 255737   15.34092  191  233   18.00000   15.00000  16.7%  92.1 19779s
 268375 256993   15.42120  278  232   18.00000   15.00000  16.7%  92.1 19827s
 269631 257457   15.49410  480  239   18.00000   15.00000  16.7%  92.0 19857s
 270095 257987   15.52534  529  234   18.00000   15.00000  16.7%  91.9 19890s
 270625 258471   15.56030  625  237   18.00000   15.00000  16.7%  91.9 19927s
 271109 259278   15.60255  698  238   18.00000   15.00000  16.7%  91.9 19967s
 271918 260531   15.64625  798  232   18.00000   15.00000  16.7%  91.8 20008s
 273173 260657   15.73089  946  237   18.00000   15.00000  16.7%  91.8 20044s
 273307 261565   15.73574  958  243   18.00000   15.00000  16.7%  91.8 20085s
 274223 262913   15.77835 1052  241   18.00000   15.00000  16.7%  91.8 20123s
 275583 263421   15.82282 1179  241   18.00000   15.00000  16.7%  91.6 20155s
 276091 263974   15.83407 1215  240   18.00000   15.00000  16.7%  91.6 20187s
 276664 264571   15.86582 1288  238   18.00000   15.00000  16.7%  91.5 20219s
 277261 265183   15.90113 1360  245   18.00000   15.00000  16.7%  91.4 20254s
 277917 265836   15.92516 1464  240   18.00000   15.00000  16.7%  91.4 20288s
 278599 266544   15.95888 1554  236   18.00000   15.00000  16.7%  91.4 20326s
 279319 267213   15.99642 1628  231   18.00000   15.00000  16.7%  91.3 20365s
 279988 268548   16.01846 1710  231   18.00000   15.00000  16.7%  91.2 20404s
 281323 269387   16.05687 1830  235   18.00000   15.00000  16.7%  91.1 20439s
 282174 269570   16.09679 1939  240   18.00000   15.00000  16.7%  90.9 20472s
 282367 270706   16.10633 1966  239   18.00000   15.00000  16.7%  90.9 20509s
 283538 271588   16.14634 2100  240   18.00000   15.00000  16.7%  90.8 20560s
 284424 272419   16.19963 2198  233   18.00000   15.00000  16.7%  90.8 20603s
 285361 273071   16.24149 2296  232   18.00000   15.00000  16.7%  90.9 20642s
 286013 274555   16.28602 2408  238   18.00000   15.00000  16.7%  90.8 20684s
 287507 275204   16.33786 2605  231   18.00000   15.00000  16.7%  90.6 20718s
 288156 276215   16.36843 2685  232   18.00000   15.00000  16.7%  90.5 20750s
 289187 276692   16.41849 2839  225   18.00000   15.00000  16.7%  90.4 20780s
 289676 277348   16.44880 2906  229   18.00000   15.00000  16.7%  90.4 20812s
 290332 278142   16.48878 3002  225   18.00000   15.00000  16.7%  90.3 20844s
 291126 279142   16.51758 3119  229   18.00000   15.00000  16.7%  90.2 20880s
 292126 280507   16.56306 3248  227   18.00000   15.00000  16.7%  90.0 20915s
 293491 281203   16.63505 3448  225   18.00000   15.00000  16.7%  89.8 20947s
 294187 282514   16.67356 3544  229   18.00000   15.00000  16.7%  89.7 20982s
 295518 283201   16.74896 3758  229   18.00000   15.00000  16.7%  89.6 21016s
 296225 284868   16.81387 3878  226   18.00000   15.00000  16.7%  89.5 21047s
 297894 285322   16.92967 4269  221   18.00000   15.00000  16.7%  89.2 21074s
 298366 286226   16.96221 4364  223   18.00000   15.00000  16.7%  89.2 21126s
 299300 287416   15.11587   43  220   18.00000   15.00000  16.7%  89.1 21161s
 300498 287709   15.33971   82  225   18.00000   15.00000  16.7%  89.1 21191s
 300811 288654   15.36352  112  231   18.00000   15.00000  16.7%  89.1 21221s
 301756 288907   15.46948  230  220   18.00000   15.00000  16.7%  89.0 21258s
 302009 289084   15.48521  265  224   18.00000   15.00000  16.7%  88.9 21300s
 302186 289598   15.48534  266  221   18.00000   15.00000  16.7%  88.9 21340s
 302700 290307   15.49910  281  221   18.00000   15.00000  16.7%  88.9 21377s
 303409 291829   15.58125  382  228   18.00000   15.00000  16.7%  88.8 21416s
 304931 292940   15.67364  568  226   18.00000   15.00000  16.7%  88.6 21454s
 306042 294059   15.73013  696  231   18.00000   15.00000  16.7%  88.5 21491s
 307161 295576   15.78369  800  230   18.00000   15.00000  16.7%  88.4 21527s
 308678 296394   15.84793  940  221   18.00000   15.00000  16.7%  88.2 21558s
 309496 296864   15.89717 1018  233   18.00000   15.00000  16.7%  88.1 21588s
 309966 297668   15.91952 1054  226   18.00000   15.00000  16.7%  88.0 21617s
 310810 298060   15.95113 1125  227   18.00000   15.00000  16.7%  88.0 21647s
 311220 298748   15.97551 1179  230   18.00000   15.00000  16.7%  87.9 21675s
 311920 299252   16.00893 1288  227   18.00000   15.00000  16.7%  87.9 21711s
 312552 300053   16.04934 1369  225   18.00000   15.00000  16.7%  87.9 21743s
 313407 300789   16.09538 1466  221   18.00000   15.00000  16.7%  87.8 21792s
 314143 301998   16.13849 1568  231   18.00000   15.00000  16.7%  87.8 21840s
 315352 303324   16.19605 1726  225   18.00000   15.00000  16.7%  87.6 21881s
 316678 303755   16.24948 1898  222   18.00000   15.00000  16.7%  87.5 21915s
 317109 304528   16.27070 1965  229   18.00000   15.00000  16.7%  87.5 21950s
 317882 305089   16.31312 2051  227   18.00000   15.00000  16.7%  87.4 21982s
 318443 305947   16.33009 2106  224   18.00000   15.00000  16.7%  87.3 22017s
 319321 307283   16.36508 2219  225   18.00000   15.00000  16.7%  87.2 22053s
 320667 307823   16.43316 2445  220   18.00000   15.00000  16.7%  87.1 22085s
 321207 309053   16.47250 2524  221   18.00000   15.00000  16.7%  87.0 22119s
 322459 309741   16.54364 2693  221   18.00000   15.00000  16.7%  86.9 22148s
 323147 310928   16.58291 2784  215   18.00000   15.00000  16.7%  86.9 22179s
 324334 311380   16.65942 2977  213   18.00000   15.00000  16.7%  86.7 22214s
 324786 311483   16.67598 3043  216   18.00000   15.00000  16.7%  86.7 22255s
 324889 312083   16.67607 3044  215   18.00000   15.00000  16.7%  86.6 22324s
 325509 312418   16.72893 3172  220   18.00000   15.00000  16.7%  86.6 22363s
 325844 313030   16.77219 3264  222   18.00000   15.00000  16.7%  86.6 22419s
 326456 314265   16.82859 3433  218   18.00000   15.00000  16.7%  86.5 22452s
 327691 314636   16.96173 3824  222   18.00000   15.00000  16.7%  86.3 22487s
 328097 314915   15.11995   50  238   18.00000   15.00000  16.7%  86.3 22535s
 328376 316405   16.23712   79  148   18.00000   15.00000  16.7%  86.3 22672s
 329898 316717   15.33427  203  232   18.00000   15.00000  16.7%  86.3 22780s
 330230 317142   15.44671  294  229   18.00000   15.00000  16.7%  86.3 22862s
 330655 317508   15.49668  362  233   18.00000   15.00000  16.7%  86.3 22954s
 331021 320151   15.54539  452  237   18.00000   15.00000  16.7%  86.2 23052s
 333664 321518   15.73705  791  240   18.00000   15.00000  16.7%  86.0 23113s
 335033 322926   15.78932  914  239   18.00000   15.00000  16.7%  85.8 23162s
 336457 323973   15.87129 1028  250   18.00000   15.00000  16.7%  85.7 23209s
 337552 324968   15.92866 1152  238   18.00000   15.00000  16.7%  85.6 23255s
 338547 326359   15.99523 1301  235   18.00000   15.00000  16.7%  85.6 23301s
 339938 326743   16.06160 1492  238   18.00000   15.00000  16.7%  85.5 23344s
 340322 328041   16.08330 1544  231   18.00000   15.00000  16.7%  85.5 23392s
 341620 329583   16.13698 1695  237   18.00000   15.00000  16.7%  85.4 23439s
 343162 330220   16.21096 1876  235   18.00000   15.00000  16.7%  85.3 23488s
 343799 331431   16.24101 1957  234   18.00000   15.00000  16.7%  85.2 23540s
 345030 332948   16.29737 2125  233   18.00000   15.00000  16.7%  85.1 23585s
 346547 333085   16.35272 2274  229   18.00000   15.00000  16.7%  85.0 23614s
 346684 333620   16.35967 2301  232   18.00000   15.00000  16.7%  85.0 23647s
 347219 334283   16.38872 2397  233   18.00000   15.00000  16.7%  84.9 23684s
 347882 334895   16.40147 2443  230   18.00000   15.00000  16.7%  84.8 23722s
 348494 335900   16.42666 2518  226   18.00000   15.00000  16.7%  84.7 23774s
 349499 337365   16.48404 2686  228   18.00000   15.00000  16.7%  84.7 23813s
 350984 337973   16.58219 2887  229   18.00000   15.00000  16.7%  84.5 23851s
 351592 338583   16.60427 2947  227   18.00000   15.00000  16.7%  84.5 23886s
 352223 339375   16.64760 3058  232   18.00000   15.00000  16.7%  84.4 23920s
 353015 340613   16.69622 3190  233   18.00000   15.00000  16.7%  84.3 23958s
 354253 341326   16.77646 3454  233   18.00000   15.00000  16.7%  84.2 23991s
 354966 342106   16.81264 3547  227   18.00000   15.00000  16.7%  84.2 24026s
 355746 343122   16.89441 3700  238   18.00000   15.00000  16.7%  84.1 24062s
 356782 344250   15.24729   61  221   18.00000   15.00000  16.7%  84.0 24095s
 357930 344946   16.00000  139  143   18.00000   15.00000  16.7%  84.0 24144s
 358894 345599   16.29107  302  160   18.00000   15.00000  16.7%  83.9 24177s
 359553 346301   16.53387  507  166   18.00000   15.00000  16.7%  83.9 24217s
 360301 347487   15.00000   29  208   18.00000   15.00000  16.7%  83.9 24256s
 361487 348126   15.00000   41  197   18.00000   15.00000  16.7%  83.8 24291s
 362146 349439   15.10357   71  228   18.00000   15.00000  16.7%  83.8 24329s
 363459 349908   15.24419  156  235   18.00000   15.00000  16.7%  83.7 24361s
 363928 351029   15.28118  198  233   18.00000   15.00000  16.7%  83.6 24399s
 365049 351501   15.38951  260  230   18.00000   15.00000  16.7%  83.5 24430s
 365521 352295   15.42495  320  232   18.00000   15.00000  16.7%  83.5 24471s
 366315 353259   15.48550  397  235   18.00000   15.00000  16.7%  83.4 24505s
 367279 354744   15.55790  479  239   18.00000   15.00000  16.7%  83.3 24539s
 368764 355446   15.60259  601  240   18.00000   15.00000  16.7%  83.2 24569s
 369466 355885   15.60892  636  239   18.00000   15.00000  16.7%  83.1 24627s
 369925 355893   15.62374  669  243   18.00000   15.00000  16.7%  83.1 24823s
 369933 355901   15.62500  670  243   18.00000   15.00000  16.7%  83.1 24879s
 369941 355909   15.62542  671  240   18.00000   15.00000  16.7%  83.1 24920s
 369949 355917   15.62629  672  245   18.00000   15.00000  16.7%  83.1 24991s
 369957 355926   15.62629  673  245   18.00000   15.00000  16.7%  83.1 25151s
 369966 355936   15.62733  674  246   18.00000   15.00000  16.7%  83.1 25237s
 369976 355949   15.62771  675  244   18.00000   15.00000  16.7%  83.1 25271s
 369989 356172   15.62771  676  244   18.00000   15.00000  16.7%  83.1 25381s
 370212 356486   15.62794  677  243   18.00000   15.00000  16.7%  83.0 25489s
 370526 356748   15.62794  678  243   18.00000   15.00000  16.7%  83.0 25538s
 370788 356971   15.62888  679  244   18.00000   15.00000  16.7%  83.0 25594s
 371011 357078   15.62925  680  241   18.00000   15.00000  16.7%  83.0 25647s
 371118 357351   15.63009  681  243   18.00000   15.00000  16.7%  83.0 25686s
 371391 357967   15.63037  682  247   18.00000   15.00000  16.7%  82.9 25730s
 372007 358543   15.63976  707  243   18.00000   15.00000  16.7%  82.9 25771s
 372583 358916   15.68794  790  240   18.00000   15.00000  16.7%  82.8 25820s
 372956 360757   15.72953  838  239   18.00000   15.00000  16.7%  82.8 25915s
 374935 361508   15.81993  984  235   18.00000   15.00000  16.7%  82.8 25963s
 375686 362408   15.84365 1056  237   18.00000   15.00000  16.7%  82.8 26012s
 376586 363378   15.87633 1153  244   18.00000   15.00000  16.7%  82.8 26057s
 377576 363550   15.91793 1222  232   18.00000   15.00000  16.7%  82.8 26098s
 377748 364363   15.93095 1247  237   18.00000   15.00000  16.7%  82.8 26146s
 378561 365057   15.96178 1319  234   18.00000   15.00000  16.7%  82.7 26192s
 379276 365878   15.98009 1354  239   18.00000   15.00000  16.7%  82.7 26240s
 380125 366408   16.02312 1450  237   18.00000   15.00000  16.7%  82.7 26293s
 380655 367421   16.03343 1504  241   18.00000   15.00000  16.7%  82.7 26341s
 381668 368165   16.06336 1589  240   18.00000   15.00000  16.7%  82.6 26388s
 382432 368873   16.09042 1652  236   18.00000   15.00000  16.7%  82.5 26433s
 383140 369581   16.13673 1721  233   18.00000   15.00000  16.7%  82.5 26481s
 383868 370278   16.15474 1782  233   18.00000   15.00000  16.7%  82.4 26532s
 384587 371015   16.20194 1915  239   18.00000   15.00000  16.7%  82.4 26578s
 385324 371191   16.24860 2035  239   18.00000   15.00000  16.7%  82.4 26628s
 385500 371252   16.25230 2057  235   18.00000   15.00000  16.7%  82.4 26676s
 385561 372682   16.25578 2067  242   18.00000   15.00000  16.7%  82.4 26725s
 386991 374165   16.34875 2300  237   18.00000   15.00000  16.7%  82.3 26769s
 388474 374898   16.43694 2505  238   18.00000   15.00000  16.7%  82.2 26821s
 389207 376496   16.47440 2618  231   18.00000   15.00000  16.7%  82.2 26872s
 390805 376610   16.56303 2812  232   18.00000   15.00000  16.7%  82.1 26900s
 390919 378111   16.56548 2825  230   18.00000   15.00000  16.7%  82.1 26934s
 392428 378602   16.63841 3053  233   18.00000   15.00000  16.7%  81.9 26960s
 392931 379842   16.66747 3117  226   18.00000   15.00000  16.7%  81.9 26996s
 394220 380578   16.72778 3296  234   18.00000   15.00000  16.7%  81.8 27023s
 394956 380993   16.79200 3386  228   18.00000   15.00000  16.7%  81.8 27050s
 395371 382010   16.83185 3473  226   18.00000   15.00000  16.7%  81.7 27084s
 396408 382884   15.09087   23  223   18.00000   15.00000  16.7%  81.7 27112s
 397302 383237   15.09561   28  223   18.00000   15.00000  16.7%  81.6 27136s
 397655 383792   16.14632   35  134   18.00000   15.00000  16.7%  81.6 27163s
 398564 384081   15.25450   53  212   18.00000   15.00000  16.7%  81.6 27188s
 398853 384444   15.31088   89  217   18.00000   15.00000  16.7%  81.6 27212s
 399216 385002   15.35350  128  217   18.00000   15.00000  16.7%  81.6 27239s
 399774 385713   15.40704  208  218   18.00000   15.00000  16.7%  81.6 27266s
 400485 386160   15.46772  293  224   18.00000   15.00000  16.7%  81.5 27295s
 400932 387225   15.50062  332  228   18.00000   15.00000  16.7%  81.5 27327s
 401997 387705   15.61475  460  212   18.00000   15.00000  16.7%  81.4 27360s
 402477 387713   15.67133  520  210   18.00000   15.00000  16.7%  81.4 27400s
 402485 388190   15.67133  521  210   18.00000   15.00000  16.7%  81.4 27427s
 402962 389370   15.72915  593  218   18.00000   15.00000  16.7%  81.3 27476s
 404142 390679   16.69071  741  148   18.00000   15.00000  16.7%  81.3 27508s
 405473 390960   15.32535   43  206   18.00000   15.00000  16.7%  81.2 27530s
 405754 391916   15.60474   70  190   18.00000   15.00000  16.7%  81.2 27555s
 406750 392717   15.08329   30  211   18.00000   15.00000  16.7%  81.1 27579s
 407551 393594   15.24904   86  225   18.00000   15.00000  16.7%  81.1 27603s
 408428 394490   15.34336  161  219   18.00000   15.00000  16.7%  81.0 27629s
 409324 394912   15.40611  234  223   18.00000   15.00000  16.7%  80.9 27653s
 409746 396191   15.42659  270  227   18.00000   15.00000  16.7%  80.9 27680s
 411045 396676   15.49537  364  226   18.00000   15.00000  16.7%  80.8 27704s
 411530 397680   15.52853  410  220   18.00000   15.00000  16.7%  80.7 27729s
 412534 398201   15.56475  481  219   18.00000   15.00000  16.7%  80.7 27754s
 413055 399472   15.59240  510  222   18.00000   15.00000  16.7%  80.6 27780s
 414346 400362   15.64697  611  225   18.00000   15.00000  16.7%  80.5 27811s
 415292 400472   15.69017  720  224   18.00000   15.00000  16.7%  80.5 27831s
 415402 400925   15.69911  731  224   18.00000   15.00000  16.7%  80.5 27853s
 415855 401408   15.72252  785  229   18.00000   15.00000  16.7%  80.5 27874s
 416338 402075   15.74190  838  224   18.00000   15.00000  16.7%  80.5 27897s
 417005 402290   15.79473  920  230   18.00000   15.00000  16.7%  80.4 27920s
 417220 403078   15.82441  975  229   18.00000   15.00000  16.7%  80.4 27944s
 418008 404031   15.85588 1056  227   18.00000   15.00000  16.7%  80.4 27991s
 418961 405350   15.88798 1149  229   18.00000   15.00000  16.7%  80.3 28027s
 420280 405810   15.95554 1289  228   18.00000   15.00000  16.7%  80.2 28054s
 420740 406892   15.96901 1315  227   18.00000   15.00000  16.7%  80.2 28085s
 421822 407369   16.02459 1414  227   18.00000   15.00000  16.7%  80.1 28114s
 422299 407851   16.04113 1455  222   18.00000   15.00000  16.7%  80.1 28140s
 422781 408619   16.06693 1513  224   18.00000   15.00000  16.7%  80.0 28173s
 423549 410115   16.10060 1577  221   18.00000   15.00000  16.7%  80.0 28209s
 425045 410633   16.16061 1722  224   18.00000   15.00000  16.7%  79.9 28237s
 425563 411924   16.19277 1778  225   18.00000   15.00000  16.7%  79.8 28267s
 426894 412799   16.25366 1916  233   18.00000   15.00000  16.7%  79.7 28295s
 427769 413068   16.29468 2021  234   18.00000   15.00000  16.7%  79.7 28322s
 428038 414010   16.29942 2027  238   18.00000   15.00000  16.7%  79.7 28350s
 429000 414961   16.33840 2160  228   18.00000   15.00000  16.7%  79.6 28377s
 429951 415460   16.37860 2261  230   18.00000   15.00000  16.7%  79.5 28403s
 430450 416006   16.38960 2316  225   18.00000   15.00000  16.7%  79.5 28431s
 430996 416445   16.41005 2367  230   18.00000   15.00000  16.7%  79.5 28458s
 431435 417024   16.42633 2405  233   18.00000   15.00000  16.7%  79.5 28494s
 432014 417999   16.44171 2471  237   18.00000   15.00000  16.7%  79.4 28538s
 432989 419845   16.48673 2612  235   18.00000   15.00000  16.7%  79.3 28589s
 434853 420074   16.56169 2825  224   18.00000   15.00000  16.7%  79.2 28608s
 435082 421075   16.56466 2842  232   18.00000   15.00000  16.7%  79.2 28632s
 436097 421452   16.63433 2961  227   18.00000   15.00000  16.7%  79.1 28652s
 436474 422601   16.64644 2983  229   18.00000   15.00000  16.7%  79.1 28678s
 437623 423693   16.70981 3145  223   18.00000   15.00000  16.7%  79.0 28703s
 438755 424103   16.80914 3317  226   18.00000   15.00000  16.7%  79.0 28722s
 439165 424555   16.86364 3395  223   18.00000   15.00000  16.7%  79.0 28744s
 439647 424889   16.91529 3451  222   18.00000   15.00000  16.7%  78.9 28766s
 440011 424967   16.94778 3505  221   18.00000   15.00000  16.7%  78.9 28792s
 440103 425446   16.95983 3535  224   18.00000   15.00000  16.7%  79.0 28813s
 440602 425921   15.01090   21  238   18.00000   15.00000  16.7%  79.0 28837s
 441116 426321   15.12202   51  242   18.00000   15.00000  16.7%  79.0 28861s
 441516 427150   15.13390   96  246   18.00000   15.00000  16.7%  78.9 28885s
 442349 427943   15.18450  105  250   18.00000   15.00000  16.7%  78.9 28909s
 443158 428347   15.30362  149  241   18.00000   15.00000  16.7%  78.9 28932s
 443562 429048   15.34301  189  242   18.00000   15.00000  16.7%  78.8 28957s
 444292 429951   15.37571  209  235   18.00000   15.00000  16.7%  78.8 28981s
 445235 430506   15.41828  261  238   18.00000   15.00000  16.7%  78.8 29009s
 445790 430644   15.45430  324  236   18.00000   15.00000  16.7%  78.8 29036s
 445928 431146   15.45769  351  237   18.00000   15.00000  16.7%  78.8 29071s
 446430 432365   15.48909  374  236   18.00000   15.00000  16.7%  78.7 29100s
 447649 433436   15.52938  445  240   18.00000   15.00000  16.7%  78.6 29151s
 448740 434168   15.59299  518  238   18.00000   15.00000  16.7%  78.6 29184s
 449486 434488   15.64949  579  247   18.00000   15.00000  16.7%  78.6 29218s
 449820 435560   15.69195  596  243   18.00000   15.00000  16.7%  78.6 29256s
 450908 436546   15.73711  677  245   18.00000   15.00000  16.7%  78.5 29291s
 451894 437114   15.78074  764  242   18.00000   15.00000  16.7%  78.5 29326s
 452462 438053   15.79599  798  246   18.00000   15.00000  16.7%  78.5 29361s
 453401 438773   15.83966  849  234   18.00000   15.00000  16.7%  78.5 29398s
 454121 439053   15.88657  928  239   18.00000   15.00000  16.7%  78.5 29433s
 454401 439061   15.90788  963  247   18.00000   15.00000  16.7%  78.5 29485s
 454409 439071   15.90988  964  243   18.00000   15.00000  16.7%  78.5 29534s
 454419 439725   15.91095  966  243   18.00000   15.00000  16.7%  78.5 29576s
 455093 440775   15.92223  993  247   18.00000   15.00000  16.7%  78.5 29616s
 456163 441766   15.95469 1070  245   18.00000   15.00000  16.7%  78.4 29654s
 457154 443011   15.99158 1108  249   18.00000   15.00000  16.7%  78.4 29690s
 458413 444157   16.01971 1190  250   18.00000   15.00000  16.7%  78.4 29729s
 459579 444916   16.05949 1310  243   18.00000   15.00000  16.7%  78.4 29761s
 460373 445829   16.09699 1379  239   18.00000   15.00000  16.7%  78.4 29795s
 461286 447054   16.13349 1485  242   18.00000   15.00000  16.7%  78.4 29833s
 462511 447694   16.16526 1600  250   18.00000   15.00000  16.7%  78.3 29881s
 463151 448536   16.21484 1676  247   18.00000   15.00000  16.7%  78.3 29939s
 464031 448935   16.24193 1740  243   18.00000   15.00000  16.7%  78.3 29994s
 464448 449639   16.26316 1782  245   18.00000   15.00000  16.7%  78.4 30054s
 465540 449958   16.31805 1935  243   18.00000   15.00000  16.7%  78.6 30108s
 466373 450479   16.33556 1998  243   18.00000   15.00000  16.7%  78.7 30161s
 467342 450897   16.39970 2091  238   18.00000   15.00000  16.7%  78.7 30215s
 467832 451445   16.47621 2197  240   18.00000   15.00000  16.7%  78.8 30266s
 468380 451877   16.51938 2295  244   18.00000   15.00000  16.7%  78.8 30319s
 468812 452369   16.57003 2377  241   18.00000   15.00000  16.7%  78.9 30382s
 469304 452439   16.62415 2466  235   18.00000   15.00000  16.7%  79.0 30442s
 469374 453476   16.62415 2467  235   18.00000   15.00000  16.7%  79.0 30506s
 470411 453823   16.78790 2719  236   18.00000   15.00000  16.7%  79.1 30561s
 470758 454285   16.86615 2796  231   18.00000   15.00000  16.7%  79.1 30621s
 471268 454552   16.98691 2895  233   18.00000   15.00000  16.7%  79.2 30678s
 471552 454926   15.23933   40  226   18.00000   15.00000  16.7%  79.3 30742s
 471976 455474   15.00000   24  207   18.00000   15.00000  16.7%  79.3 30809s
 472524 456032   15.00617   43  239   18.00000   15.00000  16.7%  79.5 30881s
 473083 456803   15.06029  104  253   18.00000   15.00000  16.7%  79.6 30946s
 473872 457069   15.12351  222  268   18.00000   15.00000  16.7%  79.7 31011s
 474138 457599   15.14495  251  266   18.00000   15.00000  16.7%  79.7 31081s
 474686 458225   15.16458  301  262   18.00000   15.00000  16.7%  79.8 31153s
 475312 458753   15.20454  414  264   18.00000   15.00000  16.7%  79.9 31225s
 475840 460111   15.22490  443  267   18.00000   15.00000  16.7%  79.9 31295s
 477198 460119   15.33444  604  268   18.00000   15.00000  16.7%  79.9 31360s
 477206 463247   15.33486  605  267   18.00000   15.00000  16.7%  79.9 32224s
 480334 464469   15.46586  996  254   18.00000   15.00000  16.7%  80.1 32376s
 481556 466363   15.52058 1129  257   18.00000   15.00000  16.7%  80.1 32501s
 483450 467240   15.62657 1365  260   18.00000   15.00000  16.7%  80.1 32611s
 484327 469045   15.68043 1464  263   18.00000   15.00000  16.7%  80.1 32706s
 486132 470019   15.75898 1680  264   18.00000   15.00000  16.7%  80.0 32790s
 487106 471132   15.78995 1785  264   18.00000   15.00000  16.7%  80.0 32874s
 488239 472427   15.83142 1900  255   18.00000   15.00000  16.7%  80.0 32954s
 489534 472578   15.90918 2098  255   18.00000   15.00000  16.7%  80.1 33033s
 489685 473089   15.91895 2115  260   18.00000   15.00000  16.7%  80.1 33108s
 490196 474661   15.95384 2227  250   18.00000   15.00000  16.7%  80.1 33186s
 491788 475431   16.04881 2532  251   18.00000   15.00000  16.7%  80.2 33232s
 492558 475859   16.09240 2692  252   18.00000   15.00000  16.7%  80.2 33280s
 493256 476591   16.12655 2793  252   18.00000   15.00000  16.7%  80.2 33334s
 494078 477032   16.20155 2955  241   18.00000   15.00000  16.7%  80.3 33381s
 494519 478023   16.23941 3017  245   18.00000   15.00000  16.7%  80.4 33444s
 495591 478553   16.30270 3149  253   18.00000   15.00000  16.7%  80.4 33493s
 496121 479163   16.32252 3233  251   18.00000   15.00000  16.7%  80.4 33549s
 496731 479587   16.33995 3316  247   18.00000   15.00000  16.7%  80.4 33602s
 497155 481149   16.37154 3424  248   18.00000   15.00000  16.7%  80.4 33663s
 498717 481848   16.42629 3625  248   18.00000   15.00000  16.7%  80.4 33719s
 499438 482485   16.45770 3733  248   18.00000   15.00000  16.7%  80.4 33769s
 500099 483342   16.47340 3796  251   18.00000   15.00000  16.7%  80.4 33817s
 500956 484489   16.54614 3992  244   18.00000   15.00000  16.7%  80.4 33865s
 502103 485007   16.63270 4232  244   18.00000   15.00000  16.7%  80.4 33913s
 502621 485411   16.65897 4330  242   18.00000   15.00000  16.7%  80.4 33959s
 503025 485948   16.67657 4402  243   18.00000   15.00000  16.7%  80.4 34009s
 503562 487377   16.70798 4521  244   18.00000   15.00000  16.7%  80.4 34065s
 504991 488325   16.80335 4856  234   18.00000   15.00000  16.7%  80.4 34115s
 505939 489842   16.86780 5116  234   18.00000   15.00000  16.7%  80.4 34167s
 507478 490103   15.34952   29  204   18.00000   15.00000  16.7%  80.3 34216s
 507765 492784   15.00000   28  214   18.00000   15.00000  16.7%  80.3 34325s
 510452 493061   15.00000   63  221   18.00000   15.00000  16.7%  80.2 34358s
 510749 493491   15.00000   65  221   18.00000   15.00000  16.7%  80.2 34390s
 511197 494121   15.00000   75  234   18.00000   15.00000  16.7%  80.3 34425s
 511839 494570   15.00000   83  234   18.00000   15.00000  16.7%  80.3 34463s
 512288 495104   15.08680   90  264   18.00000   15.00000  16.7%  80.3 34504s
 512866 495479   15.10711  103  255   18.00000   15.00000  16.7%  80.3 34541s
 513241 496129   15.18724  123  241   18.00000   15.00000  16.7%  80.3 34581s
 513891 496621   15.22720  211  252   18.00000   15.00000  16.7%  80.3 34622s
 514383 497611   15.24848  241  246   18.00000   15.00000  16.7%  80.3 34668s
 515373 498266   15.31606  317  242   18.00000   15.00000  16.7%  80.3 34712s
 516028 499050   15.39254  397  252   18.00000   15.00000  16.7%  80.3 34757s
 516812 499648   15.42285  443  250   18.00000   15.00000  16.7%  80.3 34804s
 517410 499656   15.45267  510  258   18.00000   15.00000  16.7%  80.2 34883s
 517418 499818   15.45279  511  254   18.00000   15.00000  16.7%  80.2 34964s
 517580 500069   15.45283  512  255   18.00000   15.00000  16.7%  80.2 35015s
 517831 500360   15.45287  513  257   18.00000   15.00000  16.7%  80.2 35065s
 518122 500601   15.45312  514  258   18.00000   15.00000  16.7%  80.2 35153s
 518363 500813   15.45315  515  259   18.00000   15.00000  16.7%  80.2 35214s
 518575 501385   15.45326  516  257   18.00000   15.00000  16.7%  80.2 35269s
 519147 501599   15.45369  517  257   18.00000   15.00000  16.7%  80.1 35322s
 519361 502096   15.45390  518  255   18.00000   15.00000  16.7%  80.1 35389s
 519880 502617   15.45390  519  255   18.00000   15.00000  16.7%  80.1 35447s
 520401 502920   15.45451  520  255   18.00000   15.00000  16.7%  80.1 35509s
 520704 503960   15.46302  557  261   18.00000   15.00000  16.7%  80.1 35571s
 521744 505348   15.48606  654  251   18.00000   15.00000  16.7%  80.0 35632s
 523152 506543   15.50391  711  253   18.00000   15.00000  16.7%  80.0 35686s
 524347 506962   15.56629  844  253   18.00000   15.00000  16.7%  80.0 35719s
 524766 507957   15.57576  884  250   18.00000   15.00000  16.7%  80.0 35757s
 525781 508328   15.60080  993  247   18.00000   15.00000  16.7%  80.0 35793s
 526174 508683   15.61103 1054  242   18.00000   15.00000  16.7%  80.0 35829s
 526529 509226   15.62059 1110  240   18.00000   15.00000  16.7%  80.0 35869s
 527090 509791   15.63873 1145  244   18.00000   15.00000  16.7%  80.0 35909s
 527687 510418   15.66578 1202  247   18.00000   15.00000  16.7%  80.0 35955s
 528314 510996   15.69490 1297  247   18.00000   15.00000  16.7%  80.0 36000s
 528914 512125   15.72686 1365  246   18.00000   15.00000  16.7%  80.0 36043s
 530043 512886   15.77748 1487  251   18.00000   15.00000  16.7%  80.0 36087s
 530804 513216   15.80087 1554  248   18.00000   15.00000  16.7%  80.0 36136s
 531134 513240   15.81064 1580  243   18.00000   15.00000  16.7%  80.0 36180s
 531158 514431   15.81064 1581  243   18.00000   15.00000  16.7%  80.0 36228s
 532349 515296   15.85650 1707  255   18.00000   15.00000  16.7%  79.9 36267s
 533214 516704   15.88349 1806  247   18.00000   15.00000  16.7%  79.9 36314s
 534622 517945   15.92867 1946  246   18.00000   15.00000  16.7%  79.9 36359s
 535863 518783   15.96740 2057  248   18.00000   15.00000  16.7%  79.8 36400s
 536701 519564   15.98761 2124  248   18.00000   15.00000  16.7%  79.8 36442s
 537502 520414   15.99511 2151  247   18.00000   15.00000  16.7%  79.8 36489s
 538352 521701   15.99517 2152  247   18.00000   15.00000  16.7%  79.8 36538s
 539639 521923   16.04582 2292  246   18.00000   15.00000  16.7%  79.8 36569s
 539863 521942   16.05612 2330  248   18.00000   15.00000  16.7%  79.8 36610s
 539884 522599   16.05719 2331  249   18.00000   15.00000  16.7%  79.8 36645s
 540585 523736   16.06702 2351  249   18.00000   15.00000  16.7%  79.8 36686s
 541742 524158   16.10959 2467  239   18.00000   15.00000  16.7%  79.8 36722s
 542164 524990   16.11672 2494  245   18.00000   15.00000  16.7%  79.8 36759s
 542996 525133   16.14263 2583  249   18.00000   15.00000  16.7%  79.7 36794s
 543139 525738   16.14542 2598  247   18.00000   15.00000  16.7%  79.7 36831s
 543764 526725   16.16913 2725  243   18.00000   15.00000  16.7%  79.8 36874s
 544791 527278   16.22120 2895  242   18.00000   15.00000  16.7%  79.7 36911s
 545344 527551   16.24122 2958  246   18.00000   15.00000  16.7%  79.7 36946s
 545637 528285   16.24691 2980  242   18.00000   15.00000  16.7%  79.8 36985s
 546371 529377   16.27654 3110  250   18.00000   15.00000  16.7%  79.8 37026s
 547479 529776   16.33894 3283  245   18.00000   15.00000  16.7%  79.7 37070s
 547878 529833   16.35699 3345  240   18.00000   15.00000  16.7%  79.8 37124s
 547935 529884   16.35708 3346  239   18.00000   15.00000  16.7%  79.8 37167s
 547986 530451   16.36073 3368  247   18.00000   15.00000  16.7%  79.8 37207s
 548553 530982   16.39848 3483  244   18.00000   15.00000  16.7%  79.8 37247s
 549084 531173   16.41242 3567  241   18.00000   15.00000  16.7%  79.8 37290s
 549275 531607   16.41889 3605  242   18.00000   15.00000  16.7%  79.8 37335s
 549709 532582   16.43553 3681  241   18.00000   15.00000  16.7%  79.8 37378s
 550684 533750   16.48562 3815  239   18.00000   15.00000  16.7%  79.8 37422s
 551852 534327   16.54117 4020  241   18.00000   15.00000  16.7%  79.8 37463s
 552429 534543   16.56966 4125  238   18.00000   15.00000  16.7%  79.8 37511s
 552645 534689   16.57496 4152  238   18.00000   15.00000  16.7%  79.8 37568s
 552791 535910   16.57496 4153  238   18.00000   15.00000  16.7%  79.8 37619s
 554012 536687   16.66127 4346  237   18.00000   15.00000  16.7%  79.7 37649s
 554789 536777   16.71501 4482  245   18.00000   15.00000  16.7%  79.7 37678s
 554879 537728   16.71531 4484  249   18.00000   15.00000  16.7%  79.7 37712s
 555830 538615   16.77653 4606  245   18.00000   15.00000  16.7%  79.7 37746s
 556717 539630   16.89097 4777  237   18.00000   15.00000  16.7%  79.6 37780s
 557752 539707   15.00000   29  217   18.00000   15.00000  16.7%  79.6 37808s
 557829 540048   15.00000   32  191   18.00000   15.00000  16.7%  79.6 37842s
 558170 540858   15.00000   40  227   18.00000   15.00000  16.7%  79.6 37878s
 558980 541944   15.11742   46  231   18.00000   15.00000  16.7%  79.6 37916s
 560143 542698   15.27391   38  206   18.00000   15.00000  16.7%  79.6 37947s
 560915 543150   15.40034  116  209   18.00000   15.00000  16.7%  79.6 37980s
 561391 543519   15.47507  196  211   18.00000   15.00000  16.7%  79.6 38011s
 561760 544163   15.52445  306  220   18.00000   15.00000  16.7%  79.6 38044s
 562404 544494   15.60374  434  214   18.00000   15.00000  16.7%  79.6 38076s
 562735 544502   15.64445  525  216   18.00000   15.00000  16.7%  79.6 38145s
 562743 544510   15.64447  526  217   18.00000   15.00000  16.7%  79.6 38359s
 562751 544518   15.64459  527  215   18.00000   15.00000  16.7%  79.6 38392s
 562759 544526   15.64459  528  216   18.00000   15.00000  16.7%  79.6 38514s
 562767 544534   15.64473  529  214   18.00000   15.00000  16.7%  79.6 38696s
 562775 544542   15.64538  530  219   18.00000   15.00000  16.7%  79.6 38863s
 562783 544550   15.64538  531  220   18.00000   15.00000  16.7%  79.6 38941s
 562791 544558   15.64540  532  221   18.00000   15.00000  16.7%  79.6 39029s
 562799 544570   15.64623  533  216   18.00000   15.00000  16.7%  79.6 39125s
 562811 544584   15.64642  536  216   18.00000   15.00000  16.7%  79.6 39161s
 562825 544777   15.64757  538  221   18.00000   15.00000  16.7%  79.6 39195s
 563018 545024   15.68153  609  224   18.00000   15.00000  16.7%  79.6 39227s
 563265 545044   15.71408  681  219   18.00000   15.00000  16.7%  79.6 39265s
 563285 545052   15.71502  685  219   18.00000   15.00000  16.7%  79.6 39319s
 563293 545138   15.71502  686  219   18.00000   15.00000  16.7%  79.6 39355s
 563379 545188   15.71719  702  215   18.00000   15.00000  16.7%  79.6 39425s
 563429 545506   15.72055  728  217   18.00000   15.00000  16.7%  79.6 39485s
 563747 545684   15.73837  778  219   18.00000   15.00000  16.7%  79.6 39524s
 563925 546003   15.77445  832  213   18.00000   15.00000  16.7%  79.6 39562s
 564244 546067   15.79986  888  224   18.00000   15.00000  16.7%  79.6 39607s
 564308 546075   15.80480  896  223   18.00000   15.00000  16.7%  79.6 39666s
 564316 546100   15.80480  897  223   18.00000   15.00000  16.7%  79.6 39706s
 564341 546363   15.80552  900  218   18.00000   15.00000  16.7%  79.6 39746s
 564604 546639   15.83013  958  220   18.00000   15.00000  16.7%  79.6 39789s
 564880 547095   15.85485 1010  219   18.00000   15.00000  16.7%  79.7 39837s
 565336 547696   15.90652 1102  212   18.00000   15.00000  16.7%  79.7 39884s
 565937 548276   15.95944 1227  220   18.00000   15.00000  16.7%  79.7 39933s
 566517 548880   16.00910 1315  219   18.00000   15.00000  16.7%  79.7 39984s
 567121 549232   16.04352 1419  222   18.00000   15.00000  16.7%  79.7 40034s
 567493 549581   16.09551 1499  221   18.00000   15.00000  16.7%  79.7 40085s
 567849 550923   16.09733 1501  220   18.00000   15.00000  16.7%  79.7 40186s
 569206 551508   16.20306 1786  214   18.00000   15.00000  16.7%  79.8 40256s
 569791 551686   16.23887 1881  214   18.00000   15.00000  16.7%  79.8 40326s
 569969 552637   16.26870 1970  212   18.00000   15.00000  16.7%  79.8 40418s
 570920 553048   16.35777 2151  216   18.00000   15.00000  16.7%  79.8 40497s
 571331 554202   16.35827 2152  219   18.00000   15.00000  16.7%  79.8 40582s
 572504 555451   16.48954 2422  211   18.00000   15.00000  16.7%  79.8 40663s
 573753 557252   16.60462 2730  208   18.00000   15.00000  16.7%  79.8 40734s
 575554 558281   16.71270 3121  208   18.00000   15.00000  16.7%  79.8 40799s
 576583 559510   16.82928 3446  211   18.00000   15.00000  16.7%  79.8 40867s
 577832 560895   16.93405 3837  205   18.00000   15.00000  16.7%  79.8 40929s
 579241 561228   16.79107   38   88   18.00000   15.00000  16.7%  79.8 40982s
 579678 562279   15.22786   74  236   18.00000   15.00000  16.7%  79.8 41034s
 580749 563026   15.37691  209  234   18.00000   15.00000  16.7%  79.8 41084s
 581496 563913   15.46040  318  231   18.00000   15.00000  16.7%  79.8 41134s
 582383 564418   15.50576  423  238   18.00000   15.00000  16.7%  79.8 41186s
 582902 564634   15.53837  489  239   18.00000   15.00000  16.7%  79.9 41261s
 583118 566263   15.56016  516  240   18.00000   15.00000  16.7%  79.9 41363s
 584747 567837   15.70265  784  234   18.00000   15.00000  16.7%  79.8 41429s
 586321 568300   15.80144 1038  240   18.00000   15.00000  16.7%  79.8 41476s
 586784 569303   15.81698 1094  239   18.00000   15.00000  16.7%  79.8 41526s
 587787 569690   15.87489 1225  244   18.00000   15.00000  16.7%  79.8 41578s
 588174 570022   15.89950 1282  244   18.00000   15.00000  16.7%  79.9 41632s
 588506 571034   15.90017 1283  246   18.00000   15.00000  16.7%  79.9 41689s
 589518 572246   15.93530 1378  243   18.00000   15.00000  16.7%  79.9 41743s
 590750 573537   16.01442 1543  239   18.00000   15.00000  16.7%  80.0 41797s
 592065 573967   16.07611 1734  238   18.00000   15.00000  16.7%  80.0 41845s
 592565 574695   16.08581 1770  239   18.00000   15.00000  16.7%  80.0 41900s
 593317 575801   16.11175 1880  238   18.00000   15.00000  16.7%  80.1 41952s
 594423 576913   16.16001 2019  232   18.00000   15.00000  16.7%  80.1 42003s
 595573 577170   16.27764 2246  232   18.00000   15.00000  16.7%  80.1 42049s
 595830 577490   16.30034 2282  235   18.00000   15.00000  16.7%  80.1 42094s
 596150 577711   16.31603 2328  233   18.00000   15.00000  16.7%  80.2 42150s
 596391 578308   16.32726 2373  233   18.00000   15.00000  16.7%  80.2 42198s
 596988 578858   16.39012 2529  223   18.00000   15.00000  16.7%  80.2 42251s
 597538 580548   16.46950 2653  233   18.00000   15.00000  16.7%  80.3 42319s
 599228 580875   16.68627 2979  234   18.00000   15.00000  16.7%  80.3 42358s
 599555 581236   16.78253 3022  221   18.00000   15.00000  16.7%  80.3 42405s
 599916 581843   16.86584 3107  223   18.00000   15.00000  16.7%  80.3 42452s
 600523 582948   16.89901 3137  231   18.00000   15.00000  16.7%  80.3 42501s
 601648 583882   15.48802   75  215   18.00000   15.00000  16.7%  80.3 42546s
 602622 584539   15.36141   41  195   18.00000   15.00000  16.7%  80.3 42589s
 603367 585471   15.44656   30  199   18.00000   15.00000  16.7%  80.3 42636s
 604315 586124   16.89451  197  134   18.00000   15.00000  16.7%  80.3 42679s
 605022 586696   15.29773   35  233   18.00000   15.00000  16.7%  80.3 42729s
 605758 586988   15.05819   28  241   18.00000   15.00000  16.7%  80.4 42774s
 606280 588196   15.08000   47  248   18.00000   15.00000  16.7%  80.4 42819s
 607488 588321   15.16903  104  251   18.00000   15.00000  16.7%  80.3 42871s
 607613 588420   15.19085  120  252   18.00000   15.00000  16.7%  80.4 42923s
 607712 588940   15.19097  121  255   18.00000   15.00000  16.7%  80.4 42969s
 608252 590147   15.21179  161  260   18.00000   15.00000  16.7%  80.4 43015s
 609459 591387   15.25526  295  258   18.00000   15.00000  16.7%  80.4 43059s
 610699 592806   15.32383  393  259   18.00000   15.00000  16.7%  80.4 43102s
 612118 593158   15.37084  477  258   18.00000   15.00000  16.7%  80.3 43153s
 612470 593966   15.38328  518  262   18.00000   15.00000  16.7%  80.3 43200s

Cutting planes:
  MIR: 9
  Flow cover: 15

Explored 613278 nodes (49322008 simplex iterations) in 43200.15 seconds (130244.48 work units)
Thread count was 8 (of 56 available processors)

Solution count 10: 18 19 20 ... 31

Time limit reached
Best objective 1.800000000000e+01, best bound 1.500000000002e+01, gap 16.6667%

User-callback calls 11914863, time in user-callback 64.86 sec
Set parameter TimeLimit to value 1.7975093142986298e+03
Gurobi Optimizer version 12.0.3 build v12.0.3rc0 (linux64 - "Ubuntu 24.04.4 LTS")

CPU model: Intel(R) Xeon(R) Gold 6348 CPU @ 2.60GHz, instruction set [SSE2|AVX|AVX2|AVX512]
Thread count: 56 physical cores, 56 logical processors, using up to 8 threads

Non-default parameters:
TimeLimit  1.7975093142986298e+03
Heuristics  0.5
MIPFocus  1
NoRelHeurTime  1800
Threads  8

Optimize a model with 365 rows, 79611 columns and 2402070 nonzeros
Model fingerprint: 0x63653c16
Variable types: 0 continuous, 79611 integer (79611 binary)
Coefficient statistics:
  Matrix range     [1e+00, 1e+00]
  Objective range  [2e+01, 2e+02]
  Bounds range     [1e+00, 1e+00]
  RHS range        [1e+00, 2e+01]

Loaded user MIP start with objective 1314.82
MIP start from previous solve did not produce a new incumbent solution

Presolve removed 0 rows and 9 columns
Presolve time: 4.90s
Presolved: 365 rows, 79602 columns, 2401857 nonzeros
Variable types: 0 continuous, 79602 integer (79602 binary)
Starting NoRel heuristic
Found heuristic solution: objective 1255.3440000
Found heuristic solution: objective 1238.9760000
Found heuristic solution: objective 1236.9920000
Found heuristic solution: objective 1231.9920000
Found heuristic solution: objective 1207.4400000
Found heuristic solution: objective 1198.9680000
Found heuristic solution: objective 1179.4640000
Found heuristic solution: objective 1159.3360000
Found heuristic solution: objective 1138.2160000
Found heuristic solution: objective 1137.7200000
Found heuristic solution: objective 1133.2160000
Elapsed time for NoRel heuristic: 5s (best bound 58.8693)
Found heuristic solution: objective 1132.7200000
Found heuristic solution: objective 1119.5360000
Found heuristic solution: objective 1117.8000000
Elapsed time for NoRel heuristic: 11s (best bound 58.8693)
Elapsed time for NoRel heuristic: 20s (best bound 58.8693)
Elapsed time for NoRel heuristic: 34s (best bound 58.8693)
Elapsed time for NoRel heuristic: 49s (best bound 661.154)
Elapsed time for NoRel heuristic: 64s (best bound 661.154)
Elapsed time for NoRel heuristic: 78s (best bound 661.154)
Elapsed time for NoRel heuristic: 96s (best bound 661.154)
Found heuristic solution: objective 1110.3200000
Elapsed time for NoRel heuristic: 120s (best bound 661.154)
Elapsed time for NoRel heuristic: 142s (best bound 668.887)
Elapsed time for NoRel heuristic: 154s (best bound 668.887)
Elapsed time for NoRel heuristic: 164s (best bound 668.887)
Elapsed time for NoRel heuristic: 200s (best bound 668.887)
Elapsed time for NoRel heuristic: 247s (best bound 668.887)
Elapsed time for NoRel heuristic: 307s (best bound 670.747)
Elapsed time for NoRel heuristic: 360s (best bound 670.747)
Elapsed time for NoRel heuristic: 433s (best bound 670.747)
Elapsed time for NoRel heuristic: 553s (best bound 670.75)
Elapsed time for NoRel heuristic: 660s (best bound 670.75)
Elapsed time for NoRel heuristic: 779s (best bound 670.75)
Found heuristic solution: objective 1110.3199786
Elapsed time for NoRel heuristic: 926s (best bound 670.75)
Found heuristic solution: objective 1110.3199769
Elapsed time for NoRel heuristic: 978s (best bound 670.75)
Elapsed time for NoRel heuristic: 1028s (best bound 670.75)
Elapsed time for NoRel heuristic: 1106s (best bound 670.75)
Elapsed time for NoRel heuristic: 1170s (best bound 670.75)
Found heuristic solution: objective 1110.3199676
Elapsed time for NoRel heuristic: 1456s (best bound 670.75)
Elapsed time for NoRel heuristic: 1550s (best bound 670.75)
Elapsed time for NoRel heuristic: 1657s (best bound 670.75)
Found heuristic solution: objective 1110.3199614
Elapsed time for NoRel heuristic: 1777s (best bound 670.75)
Elapsed time for NoRel heuristic: 1793s (best bound 670.75)
NoRel heuristic complete

Explored 0 nodes (0 simplex iterations) in 1797.67 seconds (2613.48 work units)
Thread count was 8 (of 56 available processors)

Solution count 10: 1110.32 1110.32 1110.32 ... 1137.72

Time limit reached
Best objective 1.110319961502e+03, best bound 6.707500367140e+02, gap 39.5895%

User-callback calls 377936, time in user-callback 2.95 sec
