[MIP] validated covering start: 8 buses from /home/nc437/ladder-lite/research_execution_20260921/c1_dive_start.json (added 0, preserved duplicate incidences 8)
[MIP] physical pool preparation: 63561 valid recorded, 0 repaired, 0 rejected, 167.599s
[MIP] pool: 63569 columns over 194 trips (instance scale_ladder/instances/nested_probability_k2_15_20260908/Practice_Custom_DutyUnion_k08_p01_20260908.csv, soc_step=2.5, certified=True)
[MIP] coverage: min 874 / median 9973 / max 16762 columns per trip
[MIP] strict-feasibility seed: 194 exact singleton columns (one per trip)
Set parameter LicenseID to value 2674428
Set parameter GURO_PAR_SPECIAL
Set parameter TokenServer to value "en-cc-unicorn-data-dirs.coecis.cornell.edu"
Set parameter LogFile to value "/home/nc437/ladder-lite/research_execution_20260921/c1_followup/628441_r0/gurobi.log"
Set parameter OutputFlag to value 1
Set parameter TimeLimit to value 3600
Set parameter MIPGap to value 0.0001
Set parameter Threads to value 8
Set parameter Seed to value 20260919
Set parameter TimeLimit to value 1800
Gurobi Optimizer version 12.0.3 build v12.0.3rc0 (linux64 - "Ubuntu 24.04.4 LTS")

CPU model: Intel(R) Xeon(R) CPU           X7560  @ 2.27GHz, instruction set [SSE2]
Thread count: 32 physical cores, 64 logical processors, using up to 8 threads

Non-default parameters:
TimeLimit  1800
Seed  20260919
Threads  8

Optimize a model with 194 rows, 63569 columns and 1771361 nonzeros
Model fingerprint: 0xe47ad424
Variable types: 0 continuous, 63569 integer (63569 binary)
Coefficient statistics:
  Matrix range     [1e+00, 1e+00]
  Objective range  [1e+00, 1e+00]
  Bounds range     [1e+00, 1e+00]
  RHS range        [1e+00, 1e+00]

Loaded user MIP start with objective 8

Presolve removed 0 rows and 223 columns (presolve time = 5s)...
Presolve removed 0 rows and 223 columns
Presolve time: 9.03s
Presolved: 194 rows, 63346 columns, 1766655 nonzeros
Variable types: 0 continuous, 63346 integer (63346 binary)

Root simplex log...

Iteration    Objective       Primal Inf.    Dual Inf.      Time
       0    0.0000000e+00   1.940000e+02   0.000000e+00     10s

Starting sifting (using dual simplex for sub-problems)...

    Iter     Pivots    Primal Obj      Dual Obj        Time
       0          0     infinity      0.0000000e+00     10s
       1        262   9.2776040e+00   2.7756027e+00     10s
       2       1246   8.9018068e+00   5.4928572e+00     10s
       3       2345   8.6670591e+00   6.5437826e+00     10s
       4       3425   8.4519928e+00   6.9198305e+00     10s
       5       4663   8.1549562e+00   7.2274403e+00     10s
       6       5696   8.0000000e+00   7.2773145e+00     10s
       7       6490   8.0000000e+00   7.3377670e+00     11s
       8       7452   8.0000000e+00   8.0000000e+00     11s

Sifting complete


Root relaxation: cutoff, 7452 iterations, 1.94 seconds (0.93 work units)

    Nodes    |    Current Node    |     Objective Bounds      |     Work
 Expl Unexpl |  Obj  Depth IntInf | Incumbent    BestBd   Gap | It/Node Time

     0     0     cutoff    0         8.00000    8.00000  0.00%     -   11s

Explored 1 nodes (7452 simplex iterations) in 11.43 seconds (3.82 work units)
Thread count was 8 (of 64 available processors)

Solution count 1: 8 

Optimal solution found (tolerance 1.00e-04)
Best objective 8.000000000000e+00, best bound 8.000000000000e+00, gap 0.0000%

User-callback calls 684, time in user-callback 0.01 sec
[MIP] stage 1: fleet=8 (bound 8.0, gap 0.0, proven=True, limit=1800.0s, remaining=3585.3s)
Set parameter TimeLimit to value 3.5852774474620819e+03
Gurobi Optimizer version 12.0.3 build v12.0.3rc0 (linux64 - "Ubuntu 24.04.4 LTS")

CPU model: Intel(R) Xeon(R) CPU           X7560  @ 2.27GHz, instruction set [SSE2]
Thread count: 32 physical cores, 64 logical processors, using up to 8 threads

Non-default parameters:
TimeLimit  3.5852774474620819e+03
Seed  20260919
Threads  8

Optimize a model with 195 rows, 63569 columns and 1834930 nonzeros
Model fingerprint: 0x441e5500
Variable types: 0 continuous, 63569 integer (63569 binary)
Coefficient statistics:
  Matrix range     [1e+00, 1e+00]
  Objective range  [9e+00, 2e+02]
  Bounds range     [1e+00, 1e+00]
  RHS range        [1e+00, 8e+00]

Loaded user MIP start with objective 447.44
MIP start from previous solve did not produce a new incumbent solution

Presolve removed 0 rows and 20 columns (presolve time = 5s)...
Presolve removed 0 rows and 20 columns
Presolve time: 9.36s
Presolved: 195 rows, 63549 columns, 1834450 nonzeros
Variable types: 0 continuous, 63549 integer (63549 binary)

Root simplex log...

Iteration    Objective       Primal Inf.    Dual Inf.      Time
       0    0.0000000e+00   1.940000e+02   0.000000e+00     10s

Starting sifting (using dual simplex for sub-problems)...

    Iter     Pivots    Primal Obj      Dual Obj        Time
       0          0     infinity      0.0000000e+00     10s
       1        883   1.8006990e+06   3.1781105e+01     10s
       2       2190   1.0646343e+06   8.3638292e+01     10s
       3       3452   4.4816660e+05   1.2703579e+02     10s
       4       4750   6.5233194e+04   1.3466669e+02     11s
       5       5702   4.3491466e+02   2.9424001e+02     11s
       6       6794   3.9400951e+02   3.2582513e+02     11s
       7       7748   3.8444874e+02   3.4742804e+02     11s
       8       9035   3.8372789e+02   3.6062094e+02     12s
       9      10190   3.8371706e+02   3.6461776e+02     12s
      10      11124   3.8371706e+02   3.6851032e+02     12s
      11      12034   3.8371706e+02   3.7671361e+02     12s
      12      13239   3.8368798e+02   3.7809517e+02     13s
      13      14326   3.8368798e+02   3.8167845e+02     13s
      14      15064   3.8368798e+02   3.8187832e+02     13s
      15      15735   3.8368798e+02   3.8235139e+02     13s

Sifting complete

   16660    3.8368798e+02   0.000000e+00   0.000000e+00     14s

Root relaxation: objective 3.836880e+02, 16660 iterations, 3.99 seconds (3.39 work units)

    Nodes    |    Current Node    |     Objective Bounds      |     Work
 Expl Unexpl |  Obj  Depth IntInf | Incumbent    BestBd   Gap | It/Node Time

     0     0  383.68798    0   98  447.44000  383.68798  14.2%     -   13s
     0     0  383.72128    0   98  447.44000  383.72128  14.2%     -   29s
     0     0  383.77905    0  111  447.44000  383.77905  14.2%     -   56s
     0     0  383.80467    0  116  447.44000  383.80467  14.2%     -   60s
     0     0  383.84629    0  121  447.44000  383.84629  14.2%     -   64s
     0     0  383.89776    0  119  447.44000  383.89776  14.2%     -   69s
     0     0  383.97232    0  122  447.44000  383.97232  14.2%     -   72s
     0     0  384.02168    0  123  447.44000  384.02168  14.2%     -   75s
     0     0  384.06815    0  122  447.44000  384.06815  14.2%     -   78s
     0     0  384.06902    0  122  447.44000  384.06902  14.2%     -   81s
     0     0  384.90834    0   97  447.44000  384.90834  14.0%     -  102s
     0     0  384.90834    0  107  447.44000  384.90834  14.0%     -  107s
     0     0  384.90834    0  113  447.44000  384.90834  14.0%     -  115s
     0     0  384.90834    0  116  447.44000  384.90834  14.0%     -  116s
     0     0  384.90834    0  117  447.44000  384.90834  14.0%     -  117s
     0     0  384.90834    0  127  447.44000  384.90834  14.0%     -  117s
     0     0  384.90834    0  128  447.44000  384.90834  14.0%     -  118s
     0     0  384.90834    0  131  447.44000  384.90834  14.0%     -  119s
     0     0  384.90834    0  135  447.44000  384.90834  14.0%     -  120s
     0     0  384.90834    0  129  447.44000  384.90834  14.0%     -  121s
     0     0  384.90834    0  128  447.44000  384.90834  14.0%     -  122s
     0     0  384.90834    0  129  447.44000  384.90834  14.0%     -  125s
     0     0  384.90834    0  139  447.44000  384.90834  14.0%     -  132s
     0     0  386.12551    0  132  447.44000  386.12551  13.7%     -  134s
     0     0  386.12920    0  132  447.44000  386.12920  13.7%     -  135s
     0     0  386.18727    0  135  447.44000  386.18727  13.7%     -  136s
     0     0  386.30808    0  130  447.44000  386.30808  13.7%     -  138s
     0     0  386.36450    0  140  447.44000  386.36450  13.6%     -  139s
     0     0  386.41255    0  142  447.44000  386.41255  13.6%     -  139s
     0     0  386.42683    0  137  447.44000  386.42683  13.6%     -  140s
     0     0  386.44337    0  139  447.44000  386.44337  13.6%     -  141s
     0     0  386.46024    0  142  447.44000  386.46024  13.6%     -  141s
     0     0  386.50756    0  147  447.44000  386.50756  13.6%     -  142s
     0     0  386.51192    0  149  447.44000  386.51192  13.6%     -  143s
     0     0  386.51192    0  150  447.44000  386.51192  13.6%     -  144s
     0     0  386.51804    0  148  447.44000  386.51804  13.6%     -  144s
     0     0  386.51825    0  148  447.44000  386.51825  13.6%     -  145s
     0     2  386.51878    0  148  447.44000  386.51878  13.6%     -  161s
     1     5  386.51878    1  150  447.44000  386.51878  13.6%  58.0  165s
     3     6  386.65248    2  148  447.44000  386.65248  13.6%   490  170s
    13    12  387.33332    4  148  447.44000  387.23656  13.5%   441  177s
    21    29  387.38589    5  145  447.44000  387.34622  13.4%   422  181s
    40    36  387.48023    9  144  447.44000  387.39390  13.4%   360  188s
    49    42  387.49788   10  145  447.44000  387.39390  13.4%   354  190s
    73    65  387.66552   12  143  447.44000  387.39390  13.4%   287  195s
    99    88  387.81464   14  147  447.44000  387.39390  13.4%   250  200s
   152   146  387.85776   17  150  447.44000  387.39390  13.4%   195  206s
   215   199  387.90193   20  147  447.44000  387.39390  13.4%   158  211s
   248   247  387.93357   22  145  447.44000  387.39390  13.4%   144  215s
   331   330  387.95924   25  142  447.44000  387.39390  13.4%   122  220s
   410   411  388.17746   27  148  447.44000  387.39390  13.4%   108  225s
   537   522  388.42130   30  145  447.44000  387.39390  13.4%  97.8  231s
   627   591  388.43436   32  146  447.44000  387.48034  13.4%  92.5  238s
   677   629  388.52670   33  148  447.44000  387.48034  13.4%  93.2  240s
   778   725  388.69903   44  141  447.44000  387.83801  13.3%  93.0  246s
   837   781  388.84615   53  142  447.44000  387.90405  13.3%  91.9  250s
   972   929  389.14460   64  147  447.44000  387.93685  13.3%  88.3  256s
  1061   995  389.33909   70  152  447.44000  387.93685  13.3%  86.1  261s
  1215  1170  389.57478   83  144  447.44000  387.94459  13.3%  82.6  266s
  1428  1411  389.89644   99  155  447.44000  387.94459  13.3%  76.8  272s
  1563  1412  424.37388   42  122  447.44000  387.94459  13.3%  73.5  293s
  1565  1413  422.17255   29   98  447.44000  387.94459  13.3%  73.4  307s
  1566  1414  400.60042  131  115  447.44000  387.94459  13.3%  73.4  317s
  1569  1416  418.33610   92  126  447.44000  387.94459  13.3%  73.2  320s
  1574  1419  396.76286  144  142  447.44000  387.94459  13.3%  73.0  325s
  1578  1422  423.15817   50  141  447.44000  387.94459  13.3%  72.8  330s
  1579  1423  412.68686   46  151  447.44000  387.94459  13.3%  72.8  339s
  1580  1423  418.63240   12  147  447.44000  387.94459  13.3%  72.7  345s
  1583  1425  427.68368   15  157  447.44000  387.94459  13.3%  72.6  351s
  1585  1427  426.55251  293  157  447.44000  388.89615  13.1%  72.5  401s
  1586  1430  388.89615   13  155  447.44000  388.89615  13.1%  80.8  408s
  1588  1434  388.89615   14  149  447.44000  388.89615  13.1%  81.6  412s
  1592  1436  388.89615   15  148  447.44000  388.89615  13.1%  82.8  418s
  1600  1440  388.89615   16  151  447.44000  388.89615  13.1%  85.3  422s
  1608  1449  388.89615   17  146  447.44000  388.89615  13.1%  87.0  427s
  1630  1443  416.30204   18  144  447.44000  388.89615  13.1%  90.0  434s
  1640  1445  388.89615   19  145  447.44000  388.89615  13.1%  93.0  439s
  1650  1449  416.09284   19  120  447.44000  388.89615  13.1%  96.3  444s
  1661  1448  388.89615   20  148  447.44000  388.89615  13.1%  97.7  452s
  1680  1452  388.89615   21  148  447.44000  388.89615  13.1%   100  459s
  1698  1453  388.89615   22  149  447.44000  388.89615  13.1%   103  465s
  1715  1452  388.89615   23  146  447.44000  388.89615  13.1%   105  471s
  1736  1450  388.89615   24  149  447.44000  388.89615  13.1%   108  479s
  1757  1452  388.89615   25  143  447.44000  388.89615  13.1%   110  485s
  1799  1451  409.30946   26  135  447.44000  388.89615  13.1%   113  493s
  1822  1449  388.89615   27  146  447.44000  388.89615  13.1%   113  497s
  1839  1446  400.11731   27  152  447.44000  388.89615  13.1%   114  501s
  1863  1442  388.89615   28  148  447.44000  388.89615  13.1%   115  505s
  1914  1426  388.89615   29  148  447.44000  388.89615  13.1%   116  511s
  1939  1428     cutoff   30       447.44000  388.89615  13.1%   120  515s
  1959  1442  427.52262   29  119  447.44000  388.89615  13.1%   120  521s
  1993  1448     cutoff   33       447.44000  388.89615  13.1%   121  525s
  2031  1452     cutoff   39       447.44000  388.89615  13.1%   122  530s
  2098  1472  430.52123   38  122  447.44000  388.89615  13.1%   123  537s
  2136  1475  433.90175   48  126  447.44000  388.89615  13.1%   124  544s
  2158  1483  440.93380   50  119  447.44000  388.89615  13.1%   125  551s
  2191  1495  419.98679   39  141  447.44000  388.89615  13.1%   126  556s
  2228  1509  427.98995   44  139  447.44000  388.89615  13.1%   127  561s
  2269  1529  428.93496   50  144  447.44000  388.89615  13.1%   127  566s
  2312  1537  429.57776   58  136  447.44000  388.89615  13.1%   128  574s
  2345  1553  429.93841   62  140  447.44000  388.89615  13.1%   128  582s
  2382  1576  430.15477   63  141  447.44000  388.89615  13.1%   127  589s
  2425  1597  430.21587   64  142  447.44000  388.89615  13.1%   127  594s
  2478  1584  430.34946   65  144  447.44000  388.89615  13.1%   126  600s
  2494  1608  430.35332   66  144  447.44000  388.89615  13.1%   127  607s
  2530  1609  430.53091   67  141  447.44000  388.89615  13.1%   126  614s
  2583  1598  432.46112   80  141  447.44000  388.89615  13.1%   127  621s
  2617  1599     cutoff   92       447.44000  388.97287  13.1%   129  627s
  2653  1620  406.81127   67  115  447.44000  389.01562  13.1%   131  633s
  2710  1664  408.42485   80  115  447.44000  389.01562  13.1%   131  639s
  2819  1696  412.30347  105  117  447.44000  389.01562  13.1%   130  647s
  2931  1726     cutoff  135       447.44000  389.01562  13.1%   129  655s
  3057  1789  422.61540  165  115  447.44000  389.15350  13.0%   128  662s
  3228  1792  430.90915  201  109  447.44000  389.15350  13.0%   125  669s
  3364  1769  432.82167  218  109  447.44000  389.19932  13.0%   123  678s
  3461  1792  423.01160   64  128  447.44000  389.30879  13.0%   125  687s
  3541  1881  429.88045   86  118  447.44000  389.60738  12.9%   125  697s
  3725  1896  434.09745  127  125  447.44000  389.66072  12.9%   124  705s
  3904  1893  443.78520  176  102  447.44000  389.73751  12.9%   124  715s
  4062  1873  393.77955   91  154  447.44000  389.73751  12.9%   124  726s
  4165  1891  394.67419   97  162  447.44000  389.73751  12.9%   124  736s
  4288  1925  395.39378  108  160  447.44000  389.86651  12.9%   124  745s
  4419  2032  396.59237  125  159  447.44000  389.86651  12.9%   124  756s
  4691  2001  399.83520  143  159  447.44000  389.86651  12.9%   122  765s
  4814  2092  400.27183  151  164  447.44000  389.94125  12.9%   122  776s
  5049  2190  401.40086  171  165  447.44000  389.94125  12.9%   121  787s
  5334  2218  402.70839  198  161  447.44000  389.94125  12.9%   119  797s
  5566  2285  404.27986  208  160  447.44000  389.94125  12.9%   117  809s
  5870  2255  408.89445  245  156  447.44000  389.94125  12.9%   115  820s
  6036  2341  412.30276  268  153  447.44000  389.94978  12.8%   116  834s
  6192  2489  418.81762  310  147  447.44000  389.98330  12.8%   116  847s
  6408  2640  444.01806  372  139  447.44000  389.98330  12.8%   115  861s
  6766  2753  419.07886  137  118  447.44000  389.98330  12.8%   113  875s
  7020  2902  437.12873   85  125  447.44000  390.26069  12.8%   112  891s
  7539  2992  439.34829  119  129  447.44000  390.58272  12.7%   109  906s
  7877  3102     cutoff  288       447.44000  390.63999  12.7%   108  923s
  8195  3177  408.91188   27   82  447.44000  390.83561  12.7%   109  939s
  8424  3350  414.92385   74   92  447.44000  391.67328  12.5%   111  956s
  8729  3546  424.60486  156   84  447.44000  393.15338  12.1%   112  973s
  9291  3630     cutoff  126       447.44000  393.82065  12.0%   112  990s
  9547  3601  422.80602  112  120  447.44000  394.73297  11.8%   114 1008s
  9699  3724     cutoff  182       447.44000  395.65869  11.6%   117 1025s
  9956  3887     cutoff  301       447.44000  396.12021  11.5%   119 1045s
 10383  4103  415.49878  293  146  447.44000  396.63221  11.4%   120 1065s
 10826  4266  442.73801  361  129  447.44000  397.64770  11.1%   121 1085s
 11180  4552  426.38874  355   82  447.44000  398.65769  10.9%   123 1108s
 11705  4804     cutoff   42       447.44000  399.28387  10.8%   122 1131s
 12217  5184  408.52822   85  107  447.44000  400.19268  10.6%   123 1155s
 12792  5595  419.51113  220   92  447.44000  400.96834  10.4%   122 1180s
 13569  5519  433.51792  320   82  447.44000  401.50636  10.3%   121 1207s
 13757  5623     cutoff   38       447.44000  402.19416  10.1%   124 1234s
 14316  5774     cutoff   71       447.44000  402.65658  10.0%   126 1262s
 15001  5805  438.32710  415  142  447.44000  403.25020  9.88%   129 1306s
 15707  5665     cutoff   67       447.44000  405.51652  9.37%   131 1331s
 16145  5452     cutoff   50       447.44000  409.15798  8.56%   135 1357s
 16689  5212     cutoff  120       447.44000  409.46501  8.49%   137 1387s
 17334  4905     cutoff  224       447.44000  410.15896  8.33%   140 1418s
 18015  4569  432.97037   23  119  447.44000  414.36052  7.39%   142 1449s
 18961  4357     cutoff  654       447.44000  414.56217  7.35%   141 1480s
 20000  4119  431.46598  380   82  447.44000  418.06595  6.56%   140 1507s
 21027  3406     cutoff  241       447.44000  418.29200  6.51%   137 1528s
 21992  2450     cutoff  116       447.44000  419.29672  6.29%   135 1545s
 23000  1405     cutoff  312       447.44000  427.94996  4.36%   134 1562s
 24084   256     cutoff   77       447.44000  432.03668  3.44%   131 1575s

Cutting planes:
  MIR: 25
  Flow cover: 51
  Zero half: 1

Explored 25489 nodes (3265630 simplex iterations) in 1577.25 seconds (1305.80 work units)
Thread count was 8 (of 64 available processors)

Solution count 1: 447.44 

Optimal solution found (tolerance 1.00e-04)
Best objective 4.474400000000e+02, best bound 4.474400000000e+02, gap 0.0000%

User-callback calls 211022, time in user-callback 2.41 sec
[MIP] status=OPTIMAL(2) buses=8 obj=800447.44 gap=0.0 -> /home/nc437/ladder-lite/research_execution_20260921/c1_followup/628441_r0/result.json
