
Gurobi 12.0.3 (linux64) logging started Mon Sep 21 16:01:21 2026

Set parameter LogFile to value "/home/nc437/ladder-lite/integer_columns_20260921/results/c5_k08/control_s20260921/668468_r0/mip_gurobi.log"
Set parameter OutputFlag to value 1
Set parameter TimeLimit to value 3600
Set parameter MIPGap to value 0.0001
Set parameter Threads to value 8
Set parameter Seed to value 20260921
Set parameter TimeLimit to value 1800
Gurobi Optimizer version 12.0.3 build v12.0.3rc0 (linux64 - "Ubuntu 24.04.4 LTS")

CPU model: Intel(R) Xeon(R) Gold 6230 CPU @ 2.10GHz, instruction set [SSE2|AVX|AVX2|AVX512]
Thread count: 40 physical cores, 40 logical processors, using up to 8 threads

Non-default parameters:
TimeLimit  1800
Seed  20260921
Threads  8

Optimize a model with 167 rows, 26942 columns and 613255 nonzeros
Model fingerprint: 0xd986cbf4
Variable types: 0 continuous, 26942 integer (26942 binary)
Coefficient statistics:
  Matrix range     [1e+00, 1e+00]
  Objective range  [1e+00, 1e+00]
  Bounds range     [1e+00, 1e+00]
  RHS range        [1e+00, 1e+00]

Loaded user MIP start with objective 42

Presolve removed 0 rows and 329 columns
Presolve time: 1.14s
Presolved: 167 rows, 26613 columns, 607815 nonzeros
Variable types: 0 continuous, 26613 integer (26613 binary)

Starting sifting (using dual simplex for sub-problems)...

    Iter     Pivots    Primal Obj      Dual Obj        Time
       0          0     infinity      0.0000000e+00      1s
       1        277   9.2767177e+00   3.8908886e+00      1s
       2        981   9.1073384e+00   5.5849378e+00      1s
       3       1789   8.7336501e+00   6.6435198e+00      1s
       4       2559   8.3697899e+00   7.0276090e+00      1s
       5       3489   8.0547575e+00   7.3454681e+00      2s
       6       4105   8.0000000e+00   8.0000000e+00      2s

Sifting complete


Root relaxation: objective 8.000000e+00, 4105 iterations, 0.34 seconds (0.34 work units)

    Nodes    |    Current Node    |     Objective Bounds      |     Work
 Expl Unexpl |  Obj  Depth IntInf | Incumbent    BestBd   Gap | It/Node Time

     0     0    8.00000    0   84   42.00000    8.00000  81.0%     -    3s
H    0     0                      20.0000000    8.00000  60.0%     -    3s
H    0     0                      15.0000000    8.00000  46.7%     -    3s
H    0     0                      14.0000000    8.00000  42.9%     -    3s
H    0     0                      12.0000000    8.00000  33.3%     -    3s
H    0     0                      10.0000000    8.00000  20.0%     -    3s
     0     0    8.00000    0   84   10.00000    8.00000  20.0%     -    8s
     0     0    8.00000    0   79   10.00000    8.00000  20.0%     -   15s
     0     0    8.00000    0   77   10.00000    8.00000  20.0%     -   17s
     0     0    8.00000    0   85   10.00000    8.00000  20.0%     -   17s
     0     0    8.00000    0   92   10.00000    8.00000  20.0%     -   20s
     0     0    8.00000    0  102   10.00000    8.00000  20.0%     -   21s
     0     0    8.00000    0   86   10.00000    8.00000  20.0%     -   24s
H    0     0                       9.0000000    8.00000  11.1%     -   24s
     0     0    8.00000    0   82    9.00000    8.00000  11.1%     -   24s
     0     0    8.00000    0   84    9.00000    8.00000  11.1%     -   26s
     0     0    8.00000    0   75    9.00000    8.00000  11.1%     -   28s
     0     2    8.00000    0   75    9.00000    8.00000  11.1%     -   31s
     2     3    8.00000    1   75    9.00000    8.00000  11.1%  5196   35s
     4     4    8.00000    1   73    9.00000    8.00000  11.1%  2598   41s
     5     5    8.00000    1   69    9.00000    8.00000  11.1%  2079   47s
     7     6    8.00000    1   70    9.00000    8.00000  11.1%  1485   52s
     9     8    8.00000    1   76    9.00000    8.00000  11.1%  1155   55s
    14    11    8.00000    1   73    9.00000    8.00000  11.1%   742   60s
    20    14    8.00000   14   86    9.00000    8.00000  11.1%  4666   65s
    80    17 infeasible   20         9.00000    8.00000  11.1%  1614   70s
   153    65 infeasible   24         9.00000    8.00000  11.1%  1120   77s
   193    70    8.00000   26   87    9.00000    8.00000  11.1%   939   81s
   204    88 infeasible   26         9.00000    8.00000  11.1%   943   85s
   234   192 infeasible   27         9.00000    8.00000  11.1%   929   90s
   432   268    8.00000   38   90    9.00000    8.00000  11.1%   818   98s
   574   327 infeasible   39         9.00000    8.00000  11.1%   817  108s
  1037   370 infeasible   61         9.00000    8.00000  11.1%   806  118s
  1468   391    8.00000   88   88    9.00000    8.00000  11.1%   643  128s
  1565   515    8.00000   95   89    9.00000    8.00000  11.1%   654  139s
  2071   700 infeasible  156         9.00000    8.00000  11.1%   641  150s
  2558   694    8.00000   67   98    9.00000    8.00000  11.1%   630  163s
  2652   790    8.00000   70   69    9.00000    8.00000  11.1%   640  173s
  3096   722    8.00000  135   82    9.00000    8.00000  11.1%   595  185s
  3290   679    8.00000  136   85    9.00000    8.00000  11.1%   580  198s
  3501   838    8.00000  169   79    9.00000    8.00000  11.1%   592  212s
  4020   794 infeasible  229         9.00000    8.00000  11.1%   589  226s
  4268   749    8.00000   86   71    9.00000    8.00000  11.1%   583  241s
  4674   905 infeasible  362         9.00000    8.00000  11.1%   557  255s
  5400  1152 infeasible  294         9.00000    8.00000  11.1%   512  272s
  5821  1274 infeasible  112         9.00000    8.00000  11.1%   488  289s
  6159  1388    8.00000  164   82    9.00000    8.00000  11.1%   472  305s
  6706  1322    8.00000  202   76    9.00000    8.00000  11.1%   451  320s
  7483  1139 infeasible  549         9.00000    8.00000  11.1%   427  337s
  8088   805 infeasible  326         9.00000    8.00000  11.1%   416  356s
  8722   333 infeasible   51         9.00000    8.00000  11.1%   406  377s
  9448   491    8.00000   60   91    9.00000    8.00000  11.1%   401  389s
  9652   688 infeasible   75         9.00000    8.00000  11.1%   396  403s
 10079  1226    8.00000  108   80    9.00000    8.00000  11.1%   387  421s
 10759  1512    8.00000  174   87    9.00000    8.00000  11.1%   372  443s
 11240  2143    8.00000  190   79    9.00000    8.00000  11.1%   363  466s
 12137  2226    8.00000  331   82    9.00000    8.00000  11.1%   348  488s
 13359  2300 infeasible  242         9.00000    8.00000  11.1%   339  511s
 14069  2388    8.00000  343   91    9.00000    8.00000  11.1%   333  536s
 14457  2978    8.00000  383   87    9.00000    8.00000  11.1%   331  565s
 15961  2658 infeasible  240         9.00000    8.00000  11.1%   315  580s
 16527  2339    8.00000  343   95    9.00000    8.00000  11.1%   315  598s
 17304  2191 infeasible  416         9.00000    8.00000  11.1%   314  618s
 18158  2523    8.00000  248   85    9.00000    8.00000  11.1%   312  638s
 18654  2873    8.00000  297   77    9.00000    8.00000  11.1%   308  662s
 19172  2526 infeasible  384         9.00000    8.00000  11.1%   304  685s
 20631  2262 infeasible  309         9.00000    8.00000  11.1%   300  708s
 21657  2214 infeasible   93         9.00000    8.00000  11.1%   297  729s
 23127  1972 infeasible  369         9.00000    8.00000  11.1%   292  749s
 24261  1489    8.00000  323   71    9.00000    8.00000  11.1%   290  771s
 25214  1150 infeasible  373         9.00000    8.00000  11.1%   291  797s
 26071  1555 infeasible  578         9.00000    8.00000  11.1%   291  825s
 27054  1216    8.00000  263   82    9.00000    8.00000  11.1%   287  853s
 28787   912    8.00000  541  100    9.00000    8.00000  11.1%   284  878s
 29812   823    8.00000  400   79    9.00000    8.00000  11.1%   283  896s
 30831   390 infeasible  387         9.00000    8.00000  11.1%   281  913s
 31540   422    8.00000   67   79    9.00000    8.00000  11.1%   281  930s
 31904   939    8.00000  143   78    9.00000    8.00000  11.1%   281  948s
 32484   940    8.00000  871   75    9.00000    8.00000  11.1%   278  976s
 32488   943    8.00000  482   76    9.00000    8.00000  11.1%   278  980s
 32497   949    8.00000  336   83    9.00000    8.00000  11.1%   278  985s
 32514   955    8.00000   26   89    9.00000    8.00000  11.1%   280  990s
 32632   949    8.00000   36   85    9.00000    8.00000  11.1%   279  995s
 33111   842 infeasible   58         9.00000    8.00000  11.1%   278 1000s
 33728   577 infeasible   62         9.00000    8.00000  11.1%   275 1005s
 34161   616 infeasible  112         9.00000    8.00000  11.1%   273 1010s
 34563   766    8.00000   94   68    9.00000    8.00000  11.1%   272 1017s
 34849   741    8.00000  145   78    9.00000    8.00000  11.1%   270 1021s
 35102   752    8.00000  193   87    9.00000    8.00000  11.1%   269 1025s
 36967   362 infeasible  102         9.00000    8.00000  11.1%   262 1033s
 37386   231 infeasible  167         9.00000    8.00000  11.1%   261 1035s
 38253   272 infeasible  200         9.00000    8.00000  11.1%   259 1040s
 39204   172    8.00000  138   73    9.00000    8.00000  11.1%   256 1045s
 39945   153 infeasible  346         9.00000    8.00000  11.1%   254 1050s
 40845   152 infeasible  368         9.00000    8.00000  11.1%   252 1056s
 41149    36 infeasible  301         9.00000    8.00000  11.1%   252 1061s
 41228     9 infeasible  352         9.00000    8.00000  11.1%   251 1066s
 41265    41 infeasible  456         9.00000    8.00000  11.1%   251 1070s
 41498    47 infeasible  572         9.00000    8.00000  11.1%   251 1076s
 41628     4 infeasible  619         9.00000    8.00000  11.1%   251 1081s
 41641    14 infeasible  623         9.00000    8.00000  11.1%   251 1086s
 41678    14 infeasible  646         9.00000    8.00000  11.1%   251 1091s
 41719    26 infeasible  664         9.00000    8.00000  11.1%   251 1095s
 41864     0 infeasible  737         9.00000    8.00000  11.1%   251 1100s

Cutting planes:
  Flow cover: 8

Explored 41889 nodes (10582545 simplex iterations) in 1100.68 seconds (2595.05 work units)
Thread count was 8 (of 40 available processors)

Solution count 7: 9 10 12 ... 42

Optimal solution found (tolerance 1.00e-04)
Best objective 9.000000000000e+00, best bound 9.000000000000e+00, gap 0.0000%

User-callback calls 290962, time in user-callback 1.34 sec
Set parameter TimeLimit to value 2.4986705231666565e+03
Gurobi Optimizer version 12.0.3 build v12.0.3rc0 (linux64 - "Ubuntu 24.04.4 LTS")

CPU model: Intel(R) Xeon(R) Gold 6230 CPU @ 2.10GHz, instruction set [SSE2|AVX|AVX2|AVX512]
Thread count: 40 physical cores, 40 logical processors, using up to 8 threads

Non-default parameters:
TimeLimit  2.4986705231666565e+03
Seed  20260921
Threads  8

Optimize a model with 168 rows, 26942 columns and 640197 nonzeros
Model fingerprint: 0x2614a92e
Variable types: 0 continuous, 26942 integer (26942 binary)
Coefficient statistics:
  Matrix range     [1e+00, 1e+00]
  Objective range  [1e+01, 2e+02]
  Bounds range     [1e+00, 1e+00]
  RHS range        [1e+00, 9e+00]

Loaded user MIP start with objective 653.88
MIP start from previous solve did not produce a new incumbent solution

Presolve removed 0 rows and 8 columns
Presolve time: 1.19s
Presolved: 168 rows, 26934 columns, 640030 nonzeros
Variable types: 0 continuous, 26934 integer (26934 binary)

Starting sifting (using dual simplex for sub-problems)...

    Iter     Pivots    Primal Obj      Dual Obj        Time
       0          0     infinity      0.0000000e+00      1s
       1        789   1.2626328e+06   3.6219519e+01      1s
       2       1495   5.3480649e+02   2.0656214e+02      1s
       3       2223   4.4584951e+02   3.0979388e+02      1s
       4       2977   4.1062925e+02   3.6734793e+02      2s
       5       3760   4.0720542e+02   3.9673342e+02      2s

Sifting complete


Root relaxation: objective 4.069329e+02, 4283 iterations, 0.45 seconds (0.54 work units)

    Nodes    |    Current Node    |     Objective Bounds      |     Work
 Expl Unexpl |  Obj  Depth IntInf | Incumbent    BestBd   Gap | It/Node Time

     0     0  406.93288    0  139  653.88000  406.93288  37.8%     -    1s
H    0     0                     630.7760000  406.93288  35.5%     -    2s
     0     0  407.25972    0  143  630.77600  407.25972  35.4%     -    3s
H    0     0                     614.2880000  407.25972  33.7%     -    4s
     0     0  407.57637    0  144  614.28800  407.57637  33.7%     -    7s
     0     0  407.80206    0  146  614.28800  407.80206  33.6%     -    8s
     0     0  407.90363    0  151  614.28800  407.90363  33.6%     -    9s
     0     0  408.35909    0  146  614.28800  408.35909  33.5%     -    9s
     0     0  408.51924    0  151  614.28800  408.51924  33.5%     -    9s
     0     0  408.54184    0  153  614.28800  408.54184  33.5%     -    9s
     0     0  408.68051    0  153  614.28800  408.68051  33.5%     -    9s
     0     0  408.86771    0  155  614.28800  408.86771  33.4%     -   10s
     0     0  409.11984    0  150  614.28800  409.11984  33.4%     -   10s
     0     0  409.22565    0  148  614.28800  409.22565  33.4%     -   10s
     0     0  409.26877    0  152  614.28800  409.26877  33.4%     -   10s
     0     0  409.26906    0  152  614.28800  409.26906  33.4%     -   10s
     0     0  409.38791    0  153  614.28800  409.38791  33.4%     -   11s
     0     0  409.41501    0  160  614.28800  409.41501  33.4%     -   12s
     0     0  409.52809    0  156  614.28800  409.52809  33.3%     -   12s
     0     0  409.57646    0  157  614.28800  409.57646  33.3%     -   12s
     0     0  409.62870    0  160  614.28800  409.62870  33.3%     -   13s
     0     0  409.66970    0  163  614.28800  409.66970  33.3%     -   13s
H    0     0                     612.0560000  409.77047  33.1%     -   14s
     0     0  409.77047    0  157  612.05600  409.77047  33.1%     -   14s
     0     0  409.82866    0  163  612.05600  409.82866  33.0%     -   14s
     0     0  409.91078    0  164  612.05600  409.91078  33.0%     -   14s
     0     0  409.94738    0  163  612.05600  409.94738  33.0%     -   15s
     0     0  409.94836    0  162  612.05600  409.94836  33.0%     -   15s
     0     0  410.16049    0  167  612.05600  410.16049  33.0%     -   15s
     0     0  410.21627    0  166  612.05600  410.21627  33.0%     -   16s
     0     0  410.27684    0  164  612.05600  410.27684  33.0%     -   16s
     0     0  410.29389    0  168  612.05600  410.29389  33.0%     -   17s
     0     0  410.30065    0  167  612.05600  410.30065  33.0%     -   17s
H    0     0                     596.9280000  410.30065  31.3%     -   17s
     0     0  410.35718    0  173  596.92800  410.35718  31.3%     -   17s
H    0     0                     569.9440000  410.35718  28.0%     -   23s
     0     0  410.45157    0  170  569.94400  410.45157  28.0%     -   24s
     0     0  410.51970    0  179  569.94400  410.51970  28.0%     -   24s
     0     0  410.56915    0  181  569.94400  410.56915  28.0%     -   24s
     0     0  410.57491    0  182  569.94400  410.57491  28.0%     -   24s
H    0     0                     552.7920000  410.57491  25.7%     -   24s
     0     0  410.59182    0  181  552.79200  410.59182  25.7%     -   25s
     0     0  410.65190    0  181  552.79200  410.65190  25.7%     -   26s
     0     0  410.68121    0  177  552.79200  410.68121  25.7%     -   26s
     0     0  410.68599    0  177  552.79200  410.68599  25.7%     -   27s
     0     2  410.68599    0  176  552.79200  410.68599  25.7%     -   32s
     3     8  410.74910    2  178  552.79200  410.68988  25.7%   300   35s
    72    97  411.08452   10  179  552.79200  410.77373  25.7%   185   40s
H   96   105                     551.0560000  410.77373  25.5%   152   41s
   169   178  411.43970   22  180  551.05600  410.77373  25.5%   114   45s
H  220   226                     550.8080000  410.77373  25.4%   100   49s
H  237   259                     549.8160000  410.77373  25.3%  95.7   49s
H  264   287                     549.0720000  410.77373  25.2%  90.2   49s
   286   323  411.96268   32  174  549.07200  410.77373  25.2%  87.1   50s
   330   349  412.07865   35  177  549.07200  410.77373  25.2%  81.1   56s
H  336   349                     516.0560000  410.77373  20.4%  80.2   56s
   679   730  412.90539   60  170  516.05600  410.77373  20.4%  60.0   60s
  1350  1442  414.04396  101  168  516.05600  410.77373  20.4%  46.2   65s
  1719  1732  414.53623  126  168  516.05600  410.77373  20.4%  43.5   70s
  1887  1917  414.98241  168  166  516.05600  410.77373  20.4%  42.7   76s
H 1908  1916                     514.0720000  410.77373  20.1%  42.5   76s
H 1932  1925                     513.1200000  410.77373  19.9%  42.4   79s
  1940  2051  415.15613  176  167  513.12000  410.77373  19.9%  42.4   80s
  2626  2641  416.04841  235  167  513.12000  410.77373  19.9%  39.0   87s
H 2653  2446                     498.7360000  410.77373  17.6%  38.9   87s
  2801  2763  416.43330  242  169  498.73600  410.77373  17.6%  38.4   90s
  3393  3191  417.10019  283  167  498.73600  410.77373  17.6%  36.4   96s
  3431  3384  417.16797  286  166  498.73600  410.77373  17.6%  36.3  101s
  4046  4124  417.24591  292  166  498.73600  410.77373  17.6%  34.3  105s
  4928  5069  418.03644  346  166  498.73600  410.77373  17.6%  32.4  111s
  5656  5841  418.60888  383  167  498.73600  410.77373  17.6%  30.9  115s
  6689  6969  419.44015  448  167  498.73600  410.77373  17.6%  29.5  122s
  7688  7478  462.30579  484  177  498.73600  410.77373  17.6%  28.2  130s
  7690  7479  416.36477  241  139  498.73600  410.77373  17.6%  28.2  136s
  7691  7480  458.91038  323  139  498.73600  410.77373  17.6%  28.2  149s
  7692  7481  433.27327   63  137  498.73600  410.77373  17.6%  28.2  151s
  7708  7491  437.83344  210  166  498.73600  410.77373  17.6%  28.1  157s
  7709  7492  446.47370  770  168  498.73600  410.77373  17.6%  28.1  161s
  7716  7497  467.33533  982  177  498.73600  410.79200  17.6%  28.1  167s
  7719  7499  416.53698  253  179  498.73600  410.94301  17.6%  28.1  170s
  7722  7501  446.03087   31  181  498.73600  410.98610  17.6%  28.1  177s
  7727  7504  439.71358  543  185  498.73600  411.12229  17.6%  28.0  180s
  7729  7505  437.61585  377  187  498.73600  411.12229  17.6%  28.0  185s
  7730  7506  437.59267  201  187  498.73600  411.42855  17.5%  28.0  190s
  7732  7507  435.06494   96  186  498.73600  411.42855  17.5%  28.0  198s
  7733  7511  411.42855   11  182  498.73600  411.42855  17.5%  29.0  201s
  7739  7521  411.42855   13  179  498.73600  411.42855  17.5%  29.4  206s
  7787  7549  411.63618   17  171  498.73600  411.42855  17.5%  30.8  211s
  7808  7560  411.64704   18  172  498.73600  411.42855  17.5%  31.8  215s
  7843  7569  411.70259   20  175  498.73600  411.42855  17.5%  33.3  221s
  7887  7576  429.69951   22  124  498.73600  411.42855  17.5%  34.6  226s
  7906  7582  411.89036   24  174  498.73600  411.42855  17.5%  35.3  230s
  7934  7598  432.95872   25  112  498.73600  411.42855  17.5%  37.0  235s
  7973  7614  426.42273   27  124  498.73600  411.42855  17.5%  38.2  241s
  8002  7631  412.14558   29  173  498.73600  411.42855  17.5%  39.2  246s
  8032  7635  430.41136   30  132  498.73600  411.42855  17.5%  40.3  250s
  8089  7645  412.26028   32  176  498.73600  411.42855  17.5%  41.6  256s
  8147  7666  412.34326   33  177  498.73600  411.42855  17.5%  43.2  260s
  8254  7676  433.11589   35  127  498.73600  411.42855  17.5%  45.6  266s
  8337  7677  427.89559   36  139  498.73600  411.42855  17.5%  47.3  271s
  8433  7677  412.49992   38  180  498.73600  411.42855  17.5%  49.1  276s
  8526  7691  420.14121   39  131  498.73600  411.43284  17.5%  50.9  281s
  8569  7693  423.40693   40  139  498.73600  411.43284  17.5%  52.0  285s
  8644  7713  437.80912   42  120  498.73600  411.43284  17.5%  53.7  291s
  8738  7734  412.83038   45  168  498.73600  411.43284  17.5%  55.7  298s
  8771  7742  412.86753   46  168  498.73600  411.43284  17.5%  56.6  302s
  8806  7756  431.17847   47  121  498.73600  411.43284  17.5%  57.6  306s
  8859  7761  412.97732   49  175  498.73600  411.43284  17.5%  58.5  313s
  8919  7774  428.22318   49  130  498.73600  411.43284  17.5%  59.5  317s
  8989  7798  413.03024   51  176  498.73600  411.43284  17.5%  60.7  322s
  9069  7815  413.06289   53  176  498.73600  411.43284  17.5%  62.3  326s
  9148  7835  413.09575   54  173  498.73600  411.43284  17.5%  63.4  330s
  9237  7854  413.15207   56  167  498.73600  411.43284  17.5%  65.0  335s
  9435  7845  413.36719   59  171  498.73600  411.43284  17.5%  67.8  349s
  9455  7843  422.71779   59  132  498.73600  411.43284  17.5%  68.1  362s
  9508  7832  413.37728   60  170  498.73600  411.43284  17.5%  68.4  369s
  9560  7822  425.78902   60  127  498.73600  411.43284  17.5%  68.7  382s
  9613  7814  413.39923   61  172  498.73600  411.43284  17.5%  68.8  389s
  9671  7810  413.41985   62  178  498.73600  411.43284  17.5%  69.2  396s
  9736  7807  413.48077   64  172  498.73600  411.43284  17.5%  69.7  407s
  9805  7819  413.57901   66  170  498.73600  411.43284  17.5%  70.2  416s
  9896  7805  413.68558   69  169  498.73600  411.43284  17.5%  71.3  425s
  9973  7804  435.45860   70  132  498.73600  411.43284  17.5%  71.6  432s
 10073  7844  413.71360   71  170  498.73600  411.43284  17.5%  72.3  439s
 10219  7900  419.67176   73  139  498.73600  411.43284  17.5%  73.7  446s
 10402  7963  434.72319   76  131  498.73600  413.95314  17.0%  75.3  453s
 10565  7988  414.02965   79  172  498.73600  414.02965  17.0%  77.1  462s
 10663  8052  414.16410   83  172  498.73600  414.16410  17.0%  78.6  469s
 10791  8169  414.19922   87  168  498.73600  414.19922  17.0%  80.3  478s
 11007  8292  414.26894   91  167  498.73600  414.26894  16.9%  82.2  486s
 11259  8404  414.34969   95  171  498.73600  414.34969  16.9%  84.0  495s
 11557  8485  414.42812   99  168  498.73600  414.42812  16.9%  85.4  503s
 11847  8578  414.57840  103  176  498.73600  414.57840  16.9%  86.8  512s
 12152  8680  414.66479  107  172  498.73600  414.66479  16.9%  87.8  521s
 12480  8811  414.80833  112  171  498.73600  414.80833  16.8%  88.5  531s
 12773  9116  414.89939  116  169  498.73600  414.89939  16.8%  89.3  540s
 13193  9258  415.03027  121  173  498.73600  415.03027  16.8%  89.7  551s
H13263  8574                     480.0160000  415.13429  13.5%  90.2  551s
 13485  8958  415.14998  124  172  480.01600  415.14998  13.5%  90.0  562s
 14097  9273  423.85929  129  115  480.01600  415.41393  13.5%  90.0  573s
 14788  9658  415.49962  135  173  480.01600  415.49962  13.4%  89.3  584s
 15504 10180  415.58633  141  167  480.01600  415.58633  13.4%  88.3  600s
 16344 10269  415.95347  148  169  480.01600  415.95347  13.3%  87.4  606s
 16727 10655  416.00522  151  170  480.01600  416.00522  13.3%  87.0  613s
 17246 10715  416.08138  154  165  480.01600  416.08138  13.3%  86.1  620s
 17487 11152  416.18542  157  167  480.01600  416.18542  13.3%  86.1  627s
 18099 11484  416.25120  161  168  480.01600  416.25120  13.3%  84.9  634s
 18646 11880  416.38214  164  170  480.01600  416.38214  13.3%  84.0  641s
 19310 12170  416.51429  167  169  480.01600  416.51429  13.2%  82.8  648s
 19836 12673  416.61649  171  167  480.01600  416.61649  13.2%  82.3  656s
 20554 12766  416.73926  175  167  480.01600  416.73926  13.2%  81.2  663s
H20568 12380                     479.2720000  416.81993  13.0%  81.4  663s
 20891 12953  416.82914  178  168  479.27200  416.82914  13.0%  81.0  672s
 21596 13474  416.87775  182  164  479.27200  416.87775  13.0%  80.1  680s
 22390 13823  417.00227  186  165  479.27200  417.00227  13.0%  79.1  689s
 23054 14299  417.16715  190  168  479.27200  417.16715  13.0%  78.5  697s
 23776 14627  417.25275  194  165  479.27200  417.25275  12.9%  77.9  707s
 24372 15357  417.45973  198  163  479.27200  417.45973  12.9%  77.5  717s
 25326 15935  417.58231  203  163  479.27200  417.58231  12.9%  76.3  727s
 26285 16700  417.73526  208  166  479.27200  417.71329  12.8%  75.4  738s
 27420 17026  417.80603  212  166  479.27200  417.71329  12.8%  74.3  748s
 28236 17151  417.88994  217  168  479.27200  417.71329  12.8%  74.1  757s
 28631 17811  417.96788  222  167  479.27200  417.71329  12.8%  74.6  768s
 29350 18773  418.07283  227  164  479.27200  417.71329  12.8%  74.6  781s
 30382 18774  460.25825  251  177  479.27200  417.71329  12.8%  74.0 1002s
 30384 18775  451.94744  173  139  479.27200  417.71329  12.8%  74.0 1008s
 30385 18776  470.88580 3221  145  479.27200  417.71329  12.8%  74.0 1019s
 30386 18777  437.03620  189  144  479.27200  417.71329  12.8%  74.0 1021s
 30401 18787  444.38929  927  167  479.27200  417.71329  12.8%  74.0 1025s
 30411 18793  445.91682  181  180  479.27200  417.71329  12.8%  74.0 1031s
 30412 18794  450.28602  412  182  479.27200  417.71329  12.8%  74.0 1063s
 30413 18795  429.03195  261  182  479.27200  417.71329  12.8%  74.0 1076s
H30418 17857                     477.5360000  417.71329  12.5%  74.0 1085s
H30419 16964                     475.8000000  417.71329  12.2%  74.0 1094s
 30420 16964  470.94412 1977  188  475.80000  417.71329  12.2%  74.0 1112s
H30420 16116                     471.2960000  417.71329  11.4%  74.0 1112s
H30420 15309                     469.0640000  417.71329  10.9%  74.0 1112s
H30420 14543                     464.1040000  417.71329  10.0%  74.0 1112s
H30420 13815                     461.8720000  417.71329  9.56%  74.0 1112s
 30421 13816  445.91226 1276  188  461.87200  417.71329  9.56%  73.9 1120s
 30422 13817  461.87200 1335  187  461.87200  417.71329  9.56%  73.9 1133s
 30423 13817  454.34254  722  189  461.87200  417.71329  9.56%  73.9 1141s
 30424 13818  461.87200 1346  189  461.87200  417.71329  9.56%  73.9 1158s
 30425 13819  456.91858  347  187  461.87200  417.71329  9.56%  73.9 1166s
 30426 13819  442.16491  793  187  461.87200  417.71329  9.56%  73.9 1172s
 30427 13823  417.71329   24  183  461.87200  417.71329  9.56%  74.2 1175s
 30441 13836  417.71329   27  181  461.87200  417.71329  9.56%  74.4 1180s
 30486 13858  427.63776   29  128  461.87200  417.71329  9.56%  74.7 1185s
 30553 13864  417.71329   32  178  461.87200  417.71329  9.56%  75.0 1191s
 30608 13872  430.89741   33  119  461.87200  417.71329  9.56%  75.4 1195s
 30692 13873  427.46196   35  120  461.87200  417.71329  9.56%  75.7 1200s
 30798 13867  430.77245   37  134  461.87200  417.71329  9.56%  76.1 1206s
 30864 13872  417.71329   39  180  461.87200  417.71329  9.56%  76.3 1210s
 30969 13866  437.14970   41  123  461.87200  417.71329  9.56%  76.7 1215s
 31086 13868  417.71329   44  180  461.87200  417.71329  9.56%  77.0 1221s
 31162 13877  417.71329   46  178  461.87200  417.71329  9.56%  77.3 1225s
 31279 13890  417.71329   49  175  461.87200  417.71329  9.56%  77.7 1231s
 31381 13894  417.71329   51  182  461.87200  417.71329  9.56%  78.0 1235s
 31451 13883  426.48191   52  118  461.87200  417.71329  9.56%  78.2 1240s
 31475 13896  436.25082   53  111  461.87200  417.71329  9.56%  78.3 1245s
 31557 13903  428.22866   54  136  461.87200  417.71329  9.56%  78.5 1250s
 31698 13901  421.49844   55  135  461.87200  417.71329  9.56%  78.7 1255s
 31863 13894  417.71329   57  178  461.87200  417.71329  9.56%  78.9 1260s
 32063 13881  417.71329   59  179  461.87200  417.71329  9.56%  79.1 1265s
 32274 13845  428.36470   61  124  461.87200  417.71329  9.56%  79.3 1272s
 32286 13855  417.71329   62  179  461.87200  417.71329  9.56%  79.3 1276s
 32304 13865  417.71329   63  182  461.87200  417.71329  9.56%  79.4 1280s
 32364 13952  428.87321   65  135  461.87200  417.71329  9.56%  79.7 1288s
 32447 13996  417.71329   67  180  461.87200  417.71329  9.56%  79.8 1292s
 32567 14015  424.35652   68  135  461.87200  417.71329  9.56%  79.8 1297s
 32669 14034  417.71329   70  182  461.87200  417.71329  9.56%  79.9 1300s
 32791 14112  417.71329   73  182  461.87200  417.71329  9.56%  80.3 1308s
 32860 14151  417.71329   75  183  461.87200  417.71329  9.56%  80.5 1312s
 32931 14195  417.71329   77  185  461.87200  417.71329  9.56%  80.7 1316s
 33006 14247  417.71329   79  185  461.87200  417.71329  9.56%  80.9 1321s
 33093 14302  417.71329   81  181  461.87200  417.71329  9.56%  81.1 1325s
 33299 14445  417.71329   85  181  461.87200  417.71329  9.56%  81.5 1334s
 33422 14470  417.71329   87  184  461.87200  417.71329  9.56%  81.8 1339s
 33494 14476  417.71329   89  183  461.87200  417.71329  9.56%  82.0 1345s
 33529 14618  417.71329   91  183  461.87200  417.71329  9.56%  82.2 1351s
 33696 14728  417.71329   93  179  461.87200  417.71329  9.56%  82.4 1356s
 33879 14850  417.71329   96  180  461.87200  417.71329  9.56%  82.6 1362s
 34082 14972  417.71329   99  185  461.87200  417.71329  9.56%  82.8 1370s
 34302 15139  417.71329  102  181  461.87200  417.71329  9.56%  83.0 1377s
 34576 15356  417.71329  105  186  461.87200  417.71329  9.56%  83.1 1384s
 34926 15586  417.71329  108  180  461.87200  417.71329  9.56%  83.2 1391s
 35305 15846  432.42898  111  132  461.87200  417.71329  9.56%  83.2 1398s
 35727 16145  432.84103  114  125  461.87200  417.71329  9.56%  83.2 1405s
 36206 16418  417.71329  118  183  461.87200  417.71329  9.56%  83.1 1413s
 36727 16658  426.06104  121  116  461.87200  417.71329  9.56%  83.0 1420s
 37201 16927  417.71329  125  175  461.87200  417.71329  9.56%  83.0 1429s
 37746 17368  417.71329  129  182  461.87200  417.71329  9.56%  83.1 1437s
 38483 17741  417.71329  133  182  461.87200  417.71329  9.56%  82.8 1446s
 39216 18072  417.71329  137  178  461.87200  417.71329  9.56%  82.6 1455s
 40018 18083  417.71329  141  180  461.87200  417.71329  9.56%  82.5 1464s
 40666 18262  428.15702  143  134  461.87200  417.71329  9.56%  82.8 1474s
 41630 18381  417.71329  147  183  461.87200  417.71329  9.56%  82.8 1483s
 42485 18562  417.71329  151  181  461.87200  417.71329  9.56%  82.9 1493s
 43539 18640  417.71329  156  185  461.87200  417.71329  9.56%  82.9 1503s
 44815 18382  417.71329  160  180  461.87200  417.71329  9.56%  82.3 1522s
 45135 19364  426.72774  163  136  461.87200  417.71329  9.56%  82.4 1544s
 46908 19543  417.71329  174  178  461.87200  417.71329  9.56%  82.8 1555s
 48009 20110  417.71329  179  181  461.87200  417.71329  9.56%  82.4 1565s
 49242 20144  417.71329  184  177  461.87200  417.71329  9.56%  82.0 1573s
 50041 20180  417.71329  188  177  461.87200  417.71329  9.56%  82.0 1582s
 50919 20131  417.71329  193  177  461.87200  417.71329  9.56%  82.0 1591s
 51301 20547  417.71329  198  176  461.87200  417.71329  9.56%  82.0 1601s
 52160 21088  417.80676  203  177  461.87200  417.80676  9.54%  81.6 1612s
 53327 21764  417.91586  208  178  461.87200  417.91586  9.52%  81.0 1622s
 54588 22073  418.19073  213  172  461.87200  418.19073  9.46%  80.4 1631s
 55668 22714  418.22947  217  173  461.87200  418.22947  9.45%  80.2 1640s
 56895 22966  418.25657  222  178  461.87200  418.25657  9.44%  79.6 1649s
 57704 23454  418.32018  226  182  461.87200  418.32018  9.43%  79.4 1658s
 58635 23783  418.41665  230  179  461.87200  418.41665  9.41%  79.1 1667s
 59574 25084  418.44839  234  179  461.87200  418.44839  9.40%  78.8 1685s
 61645 24569  418.58105  240  176  461.87200  418.58105  9.37%  77.8 1691s
 61917 24867  418.61346  241  175  461.87200  418.61346  9.37%  77.7 1697s
 62463 25253  418.68059  244  173  461.87200  418.68059  9.35%  77.7 1704s
 63178 25866  418.73850  248  171  461.87200  418.73850  9.34%  77.4 1712s
 64108 26109  418.79136  252  176  461.87200  418.79136  9.33%  77.1 1719s
 64782 26759  418.88676  256  177  461.87200  418.88676  9.31%  77.0 1727s
 65793 27343  419.02725  260  173  461.87200  419.02725  9.28%  76.6 1735s
 66872 28017  419.10633  263  178  461.87200  419.10633  9.26%  76.2 1742s
 68048 28470  419.13827  266  178  461.87200  419.13827  9.25%  75.7 1750s
 69087 28816  419.25357  269  180  461.87200  419.25357  9.23%  75.4 1757s
 69950 29319  419.28316  272  176  461.87200  419.28316  9.22%  75.2 1764s
 70886 29610  419.41083  275  175  461.87200  419.41083  9.19%  74.9 1771s
 71711 29855  419.61575  278  176  461.87200  419.61575  9.15%  74.8 1778s
 72424 30405  435.86796  281  131  461.87200  419.69830  9.13%  74.7 1785s
 73222 31106  419.72663  284  169  461.87200  419.72663  9.12%  74.6 1791s
 74260 32493  419.80816  287  172  461.87200  419.80816  9.11%  74.3 1807s
 76132 33234  433.44690  292  123  461.87200  419.95797  9.07%  73.7 1813s
 76914 34129  419.99222  295  172  461.87200  419.99222  9.07%  73.4 1820s
 77972 34791  420.01581  298  172  461.87200  420.01581  9.06%  73.1 1826s
 78851 35076  440.20151  300  117  461.87200  420.04791  9.06%  72.9 1831s
 79214 35633  420.06076  303  174  461.87200  420.06076  9.05%  72.9 1837s
 79847 36559  420.07984  306  176  461.87200  420.07984  9.05%  72.8 1844s
 80869 37230  420.11738  309  177  461.87200  420.11738  9.04%  72.4 1850s
 81634 37861  420.15000  312  171  461.87200  420.15000  9.03%  72.2 1856s
 82401 38523  420.17829  315  172  461.87200  420.17829  9.03%  72.1 1862s
 83153 39416  420.20769  318  174  461.87200  420.20769  9.02%  72.0 1869s
 84204 39958  420.25917  321  172  461.87200  420.25917  9.01%  71.6 1875s
 84919 40814  420.31602  324  172  461.87200  420.31602  9.00%  71.5 1882s
 85845 41491  420.36222  327  176  461.87200  420.36222  8.99%  71.2 1889s
 86664 42129  420.47880  330  175  461.87200  420.47880  8.96%  71.0 1895s
 87412 42560  420.55326  332  172  461.87200  420.55326  8.95%  70.9 1901s
 87955 43236  441.79265  333  120  461.87200  420.65086  8.92%  70.8 1908s
 88696 44525  420.72830  336  171  461.87200  420.72830  8.91%  70.6 1921s
 90161 45083  420.93219  341  171  461.87200  420.93219  8.86%  70.2 1927s
 90805 45967  420.97887  344  170  461.87200  420.97887  8.85%  70.2 1934s
 91882 46946  421.04342  348  176  461.87200  421.04342  8.84%  69.9 1941s
 92943 47800  421.12915  351  176  461.87200  421.12915  8.82%  69.6 1948s
 93872 48358  421.19991  354  176  461.87200  421.19991  8.81%  69.4 1954s
 94529 49064  442.01780  356  132  461.87200  421.21304  8.80%  69.3 1960s
 95351 49855  421.24271  359  177  461.87200  421.24271  8.80%  69.1 1967s
 96425 50611  421.33659  362  172  461.87200  421.33659  8.78%  68.9 1973s
 97322 51101  421.36319  365  174  461.87200  421.36319  8.77%  68.7 1978s
 98039 52072  421.44139  368  171  461.87200  421.44139  8.75%  68.6 1985s
 99116 52826  421.52437  371  170  461.87200  421.52437  8.74%  68.3 1991s
 100012 53316  421.58818  374  170  461.87200  421.58818  8.72%  68.1 1996s
 100616 54172  421.65811  377  175  461.87200  421.65811  8.71%  68.1 2002s
 101588 54523  421.69608  380  171  461.87200  421.69608  8.70%  67.9 2008s
 102181 55155  421.79026  383  171  461.87200  421.79026  8.68%  67.9 2014s
 102991 55757  421.83689  386  172  461.87200  421.83689  8.67%  67.8 2020s
 103786 56873  421.92100  389  175  461.87200  421.92100  8.65%  67.7 2032s
 105430 57303  422.04546  393  177  461.87200  422.04546  8.62%  67.4 2039s
 106117 57827  422.06831  395  174  461.87200  422.06831  8.62%  67.3 2044s
 106824 58451  422.09378  397  177  461.87200  422.09378  8.61%  67.3 2051s
 107761 59262  422.15921  400  178  461.87200  422.15921  8.60%  67.1 2058s
 108636 59894  422.19208  402  174  461.87200  422.19208  8.59%  67.0 2065s
 109345 60756  422.23208  404  176  461.87200  422.23208  8.58%  66.9 2071s
 110291 61057  441.87751  406  128  461.87200  422.35795  8.56%  66.7 2077s
 110663 62114  422.38003  408  172  461.87200  422.38003  8.55%  66.7 2084s
 111826 62450  422.39515  410  172  461.87200  422.39515  8.55%  66.4 2090s
 112377 62780  422.49785  411  175  461.87200  422.49785  8.52%  66.5 2096s
 113141 63191  422.57787  413  171  461.87200  422.57787  8.51%  66.6 2103s
 113988 63763  422.66688  416  173  461.87200  422.66688  8.49%  66.6 2108s
 114666 64387  422.67309  419  172  461.87200  422.67309  8.49%  66.5 2114s
 115597 64867  422.67803  422  174  461.87200  422.67803  8.49%  66.5 2120s
 116218 65555  422.72801  425  176  461.87200  422.72801  8.48%  66.5 2127s
 117025 66092  422.75327  427  171  461.87200  422.75327  8.47%  66.4 2133s
 117683 66519  422.77647  430  171  461.87200  422.77647  8.46%  66.5 2140s
 118299 66941  422.78521  431  169  461.87200  422.78521  8.46%  66.5 2150s
 119007 67684  422.95406  435  169  461.87200  422.95406  8.43%  66.7 2161s
 120134 68279  423.05929  440  172  461.87200  423.05929  8.40%  66.8 2169s
 121200 68815  423.15393  444  174  461.87200  423.11601  8.39%  66.9 2178s
 121967 69588  423.24443  447  172  461.87200  423.24443  8.36%  66.9 2186s
 122931 70515  423.30727  451  173  461.87200  423.30727  8.35%  66.9 2195s
 124086 71060  423.45192  455  176  461.87200  423.31026  8.35%  66.9 2202s
 124979 71598  423.49808  458  174  461.87200  423.31026  8.35%  66.9 2209s
 125642 71826  446.50378  461  132  461.87200  423.31026  8.35%  66.9 2216s
 125948 72557  423.55519  464  176  461.87200  423.31026  8.35%  66.9 2225s
 126782 73250  423.69967  468  171  461.87200  423.38239  8.33%  66.9 2233s
 127706 74094  423.79203  472  171  461.87200  423.38239  8.33%  66.9 2241s
 128827 75084  423.86701  476  170  461.87200  423.38239  8.33%  66.8 2250s
 130101 76109  424.00755  480  171  461.87200  423.38239  8.33%  66.6 2259s
 131285 76700  424.07278  483  176  461.87200  423.38239  8.33%  66.5 2266s
 132084 77302  424.15217  486  175  461.87200  423.62105  8.28%  66.4 2274s
 133023 78325  424.23852  489  177  461.87200  423.62105  8.28%  66.4 2285s
 134182 78951  424.30240  493  175  461.87200  423.73484  8.26%  66.4 2292s
 134901 79670  424.33477  496  177  461.87200  423.73484  8.26%  66.3 2299s
 135697 80666  424.37064  499  181  461.87200  423.73484  8.26%  66.3 2307s
 136748 81574  424.46462  503  180  461.87200  423.73484  8.26%  66.1 2314s
 137721 82432  424.56101  506  178  461.87200  423.73484  8.26%  66.0 2321s
 138748 83231  424.60218  509  181  461.87200  423.73484  8.26%  65.9 2328s
 139674 84021  424.62163  512  180  461.87200  423.83458  8.24%  65.8 2335s
 140557 84800  424.64114  515  185  461.87200  423.83458  8.24%  65.7 2342s
 141462 85846  424.65362  518  177  461.87200  423.83458  8.24%  65.6 2349s
 142620 86417  424.66779  521  178  461.87200  423.83458  8.24%  65.5 2356s
 143313 87336  424.76566  524  179  461.87200  423.83458  8.24%  65.4 2362s
 144316 88313  424.79840  527  179  461.87200  423.89050  8.22%  65.3 2369s
 145410 89055  424.82485  529  179  461.87200  423.89050  8.22%  65.2 2376s
 146396 89854  424.89754  532  178  461.87200  423.89050  8.22%  65.1 2384s
 147346 90656  424.92823  535  180  461.87200  423.89050  8.22%  65.0 2390s
 148321 91675  425.01114  538  180  461.87200  423.89050  8.22%  65.0 2401s
 149740 92122  425.10577  542  178  461.87200  423.89050  8.22%  64.9 2407s
 150431 92789  425.17131  545  176  461.87200  423.89050  8.22%  64.9 2413s
 151225 93505  425.18335  547  173  461.87200  424.14795  8.17%  64.8 2419s
 151979 94425  425.24331  550  173  461.87200  424.14795  8.17%  64.7 2425s
 152926 95374  425.27212  553  175  461.87200  424.14795  8.17%  64.6 2432s
 153899 96201  425.31002  556  172  461.87200  424.14795  8.17%  64.5 2438s
 154804 96640  425.36235  559  174  461.87200  424.18451  8.16%  64.4 2444s
 155340 97546  425.37173  560  169  461.87200  424.18451  8.16%  64.3 2450s
 156433 98366  425.44804  563  177  461.87200  424.20036  8.16%  64.2 2457s
 157329 99460  425.47989  566  174  461.87200  424.20036  8.16%  64.1 2464s
 158624 99969  425.49585  569  175  461.87200  424.20826  8.15%  64.0 2469s
 159265 100747  425.52941  571  172  461.87200  424.29052  8.14%  64.0 2475s
 160188 101422  425.56811  574  174  461.87200  424.29052  8.14%  63.9 2482s
 160979 102177  425.62010  577  175  461.87200  424.29052  8.14%  63.9 2488s
 161806 103048  425.68563  580  176  461.87200  424.29052  8.14%  63.8 2495s

Cutting planes:
  MIR: 28
  Flow cover: 92

Explored 163101 nodes (10396029 simplex iterations) in 2498.75 seconds (5226.20 work units)
Thread count was 8 (of 40 available processors)

Solution count 10: 461.872 464.104 469.064 ... 513.12

Time limit reached
Best objective 4.618720000000e+02, best bound 4.243899043880e+02, gap 8.1153%

User-callback calls 723061, time in user-callback 3.66 sec
