
Gurobi 12.0.3 (linux64) logging started Tue Sep 22 01:51:40 2026

Set parameter LogFile to value "/home/nc437/ladder-lite/mip_structure_20260922/results/c1_k15_fresh/strong_start/729456_r0/gurobi.log"
Set parameter Threads to value 8
Set parameter Seed to value 0
Set parameter MIPGap to value 0.0001
Set parameter TimeLimit to value 1800
Gurobi Optimizer version 12.0.3 build v12.0.3rc0 (linux64 - "Ubuntu 24.04.4 LTS")

CPU model: AMD EPYC 9654 96-Core Processor, instruction set [SSE2|AVX|AVX2|AVX512]
Thread count: 192 physical cores, 384 logical processors, using up to 8 threads

Non-default parameters:
TimeLimit  1800
Threads  8

Optimize a model with 364 rows, 79611 columns and 2322459 nonzeros
Model fingerprint: 0xbe089fb8
Variable types: 0 continuous, 79611 integer (79611 binary)
Coefficient statistics:
  Matrix range     [1e+00, 1e+00]
  Objective range  [1e+00, 1e+00]
  Bounds range     [1e+00, 1e+00]
  RHS range        [1e+00, 1e+00]

Loaded user MIP start with objective 18

Presolve removed 0 rows and 45 columns
Presolve time: 2.48s
Presolved: 364 rows, 79566 columns, 2321553 nonzeros
Variable types: 0 continuous, 79566 integer (79566 binary)

Starting sifting (using dual simplex for sub-problems)...

    Iter     Pivots    Primal Obj      Dual Obj        Time
       0          0     infinity      0.0000000e+00      3s
       1       1021   1.7648095e+01   5.0528481e+00      3s
       2       2958   1.7193349e+01   9.7012987e+00      3s
       3       5309   1.6469659e+01   1.1689160e+01      3s
       4       7345   1.6099698e+01   1.2509201e+01      3s
       5       9821   1.5677656e+01   1.3231067e+01      3s
       6      13319   1.5210032e+01   1.3679474e+01      4s
       7      15870   1.5020223e+01   1.3837145e+01      4s
       8      17565   1.5000000e+01   1.3895540e+01      4s
       9      19099   1.5000000e+01   1.3947938e+01      4s
      10      20636   1.5000000e+01   1.5000000e+01      5s

Sifting complete


Root relaxation: objective 1.500000e+01, 20636 iterations, 2.07 seconds (4.79 work units)
Total elapsed time = 11.74s (DegenMoves)

    Nodes    |    Current Node    |     Objective Bounds      |     Work
 Expl Unexpl |  Obj  Depth IntInf | Incumbent    BestBd   Gap | It/Node Time

     0     0   15.00000    0  171   18.00000   15.00000  16.7%     -   14s
     0     0   15.00000    0  178   18.00000   15.00000  16.7%     -   33s
     0     0   15.00000    0  174   18.00000   15.00000  16.7%     -   61s
     0     0   15.00000    0  171   18.00000   15.00000  16.7%     -   73s
     0     0   15.00000    0  176   18.00000   15.00000  16.7%     -   90s
     0     0   15.00000    0  166   18.00000   15.00000  16.7%     -   91s
     0     0   15.00000    0  167   18.00000   15.00000  16.7%     -  104s
     0     0   15.00000    0  164   18.00000   15.00000  16.7%     -  120s
     0     0   15.00000    0  160   18.00000   15.00000  16.7%     -  133s
     0     0   15.00000    0  160   18.00000   15.00000  16.7%     -  145s
     0     2   15.00000    0  160   18.00000   15.00000  16.7%     -  173s
     1     4   15.00000    1  224   18.00000   15.00000  16.7% 23293  175s
     7    16   15.00000    3  226   18.00000   15.00000  16.7%  4244  182s
    15    24   15.00000    4  230   18.00000   15.00000  16.7%  2601  188s
    23    64   15.00000    5  260   18.00000   15.00000  16.7%  2254  203s
    63    72   15.00000   10  293   18.00000   15.00000  16.7%  2788  242s
    71    82   15.00000   11  294   18.00000   15.00000  16.7%  2814  273s
    81   137   15.00000   12  300   18.00000   15.00000  16.7%  2932  313s
   136   384   15.00000   25  243   18.00000   15.00000  16.7%  2350  362s
   383   533   15.00000   70  307   18.00000   15.00000  16.7%  1826  447s
   532  1601   15.00000   82  318   18.00000   15.00000  16.7%  2030  602s
  1600  2529   15.00000  251  261   18.00000   15.00000  16.7%  2607  683s
  2528  3041   15.00000  311  262   18.00000   15.00000  16.7%  2106  741s
  3040  3562   15.00000  323  257   18.00000   15.00000  16.7%  1788  800s
  3561  4077   15.00000  334  241   18.00000   15.00000  16.7%  1555  857s
  4076  4278   15.00000  344  275   18.00000   15.00000  16.7%  1383  924s
  4277  4685   15.00000  354  259   18.00000   15.00000  16.7%  1328  979s
  4684  5192   15.00000  364  266   18.00000   15.00000  16.7%  1228 1032s
  5191  5613   15.00000  375  262   18.00000   15.00000  16.7%  1126 1081s
  5612  6097   15.00000  383  252   18.00000   15.00000  16.7%  1056 1131s
  6096  6341   15.00000  393  241   18.00000   15.00000  16.7%   988 1177s
  6340  6850   15.00000  397  246   18.00000   15.00000  16.7%   957 1226s
  6849  7324   15.00000  404  244   18.00000   15.00000  16.7%   899 1272s
  7324  7325   15.29034  559  160   18.00000   15.00000  16.7%   854 1284s
  7326  7326   15.19986  689  171   18.00000   15.00000  16.7%   854 1324s
  7327  7327   15.40658 1335  178   18.00000   15.00000  16.7%   854 1393s
  7328  7328   15.00000  297  174   18.00000   15.00000  16.7%   853 1414s
  7329  7328   15.82413 1749  170   18.00000   15.00000  16.7%   853 1449s
  7330  7329   15.00000  267  159   18.00000   15.00000  16.7%   853 1453s
  7331  7330   15.29955 1188  168   18.00000   15.00000  16.7%   853 1472s
  7332  7330   15.02514  337  172   18.00000   15.00000  16.7%   853 1475s
  7333  7331   15.24929  433  168   18.00000   15.00000  16.7%   853 1492s
  7335  7332   15.25334  993  153   18.00000   15.00000  16.7%   853 1516s
  7337  7334   15.61121 1239  153   18.00000   15.00000  16.7%   852 1546s
  7339  7335   15.26675 1034  148   18.00000   15.00000  16.7%   852 1568s
  7340  7336   16.00000 1430  148   18.00000   15.00000  16.7%   852 1633s
  7341  7339   15.00000   12  199   18.00000   15.00000  16.7%   887 1665s
  7343  7343   15.00000   13  199   18.00000   15.00000  16.7%   887 1670s
  7347  7348   15.00000   14  185   18.00000   15.00000  16.7%   887 1681s
  7354  7354   15.00000   15  176   18.00000   15.00000  16.7%   887 1689s
  7362  7374   15.00000   16  221   18.00000   15.00000  16.7%   887 1710s
  7385  7375   15.00000   18  236   18.00000   15.00000  16.7%   918 1739s
  7393  7380   15.08481   19  248   18.00000   15.00000  16.7%   919 1777s
  7401  7385   15.00000   19  222   18.00000   15.00000  16.7%   920 1800s

Cutting planes:
  MIR: 1
  Flow cover: 6

Explored 7409 nodes (6988278 simplex iterations) in 1800.07 seconds (4458.46 work units)
Thread count was 8 (of 384 available processors)

Solution count 1: 18 

Time limit reached
Best objective 1.800000000000e+01, best bound 1.500000000000e+01, gap 16.6667%

User-callback calls 303632, time in user-callback 1.16 sec
