
Gurobi 12.0.3 (linux64) logging started Mon Sep 21 16:01:20 2026

Set parameter LogFile to value "/home/nc437/ladder-lite/integer_columns_20260921/results/c1_k08/control_s20260921/668455_r0/mip_gurobi.log"
Set parameter OutputFlag to value 1
Set parameter TimeLimit to value 3600
Set parameter MIPGap to value 0.0001
Set parameter Threads to value 8
Set parameter Seed to value 20260921
Set parameter TimeLimit to value 1800
Gurobi Optimizer version 12.0.3 build v12.0.3rc0 (linux64 - "Ubuntu 24.04.4 LTS")

CPU model: Intel(R) Xeon(R) Gold 6134 CPU @ 3.20GHz, instruction set [SSE2|AVX|AVX2|AVX512]
Thread count: 16 physical cores, 16 logical processors, using up to 8 threads

Non-default parameters:
TimeLimit  1800
Seed  20260921
Threads  8

Optimize a model with 194 rows, 39940 columns and 1092654 nonzeros
Model fingerprint: 0x8fae06be
Variable types: 0 continuous, 39940 integer (39940 binary)
Coefficient statistics:
  Matrix range     [1e+00, 1e+00]
  Objective range  [1e+00, 1e+00]
  Bounds range     [1e+00, 1e+00]
  RHS range        [1e+00, 1e+00]

Loaded user MIP start with objective 63

Presolve removed 0 rows and 198 columns
Presolve time: 2.13s
Presolved: 194 rows, 39742 columns, 1088432 nonzeros
Variable types: 0 continuous, 39742 integer (39742 binary)
Found heuristic solution: objective 57.0000000

Starting sifting (using dual simplex for sub-problems)...

    Iter     Pivots    Primal Obj      Dual Obj        Time
       0          0     infinity      0.0000000e+00      2s
       1        200   9.3241206e+00   3.1670578e+00      2s
       2       1073   8.9661976e+00   5.4488073e+00      2s
       3       1952   8.8391433e+00   6.2735129e+00      2s
       4       2832   8.6085365e+00   6.6920269e+00      2s
       5       3770   8.2037999e+00   7.0192575e+00      2s
       6       5133   8.0536917e+00   7.2440315e+00      3s
       7       5845   8.0000000e+00   7.2984011e+00      3s
       8       6436   8.0000000e+00   8.0000000e+00      3s

Sifting complete


Root relaxation: objective 8.000000e+00, 6436 iterations, 0.49 seconds (0.65 work units)

    Nodes    |    Current Node    |     Objective Bounds      |     Work
 Expl Unexpl |  Obj  Depth IntInf | Incumbent    BestBd   Gap | It/Node Time

     0     0    8.00000    0   82   57.00000    8.00000  86.0%     -    3s
H    0     0                      17.0000000    8.00000  52.9%     -    4s
H    0     0                      15.0000000    8.00000  46.7%     -    4s
H    0     0                      14.0000000    8.00000  42.9%     -    4s
H    0     0                      13.0000000    8.00000  38.5%     -    4s
H    0     0                      12.0000000    8.00000  33.3%     -    4s
H    0     0                      11.0000000    8.00000  27.3%     -    4s
H    0     0                      10.0000000    8.00000  20.0%     -    4s
     0     0    8.00000    0   80   10.00000    8.00000  20.0%     -    8s
     0     0    8.00000    0   83   10.00000    8.00000  20.0%     -   18s
     0     0    8.00000    0   74   10.00000    8.00000  20.0%     -   18s
     0     0    8.00000    0   79   10.00000    8.00000  20.0%     -   22s
     0     0    8.00000    0   87   10.00000    8.00000  20.0%     -   22s
     0     0    8.00000    0   84   10.00000    8.00000  20.0%     -   25s
     0     0    8.00000    0   81   10.00000    8.00000  20.0%     -   28s
     0     0    8.00000    0   81   10.00000    8.00000  20.0%     -   31s
     0     2    8.00000    0   81   10.00000    8.00000  20.0%     -   38s
     7    16    8.00000    3  104   10.00000    8.00000  20.0%  3069   41s
    23    60    8.00000    5  128   10.00000    8.00000  20.0%  1386   45s
    59    76    8.00000    9  142   10.00000    8.00000  20.0%  1782   50s
   125   208    8.00000   11  129   10.00000    8.00000  20.0%  1230   60s
   207   612    8.00000   23  115   10.00000    8.00000  20.0%  1451   70s
   611  1355    8.00000   58  114   10.00000    8.00000  20.0%  1149   83s
  1354  2031    8.00000   88  120   10.00000    8.00000  20.0%   688   91s
  2030  2127    8.00000  102  127   10.00000    8.00000  20.0%   480  101s
  2126  2457    8.00000  103  108   10.00000    8.00000  20.0%   460  110s
  2456  2994    8.00000  104  116   10.00000    8.00000  20.0%   404  120s
  2993  3219    8.00000  112  113   10.00000    8.00000  20.0%   342  129s
  3218  3809    8.00000  125  113   10.00000    8.00000  20.0%   323  139s
  3808  4645    8.00000  139  111   10.00000    8.00000  20.0%   280  146s
  4644  5406    8.00000  153  114   10.00000    8.00000  20.0%   238  152s
  5405  6130    8.00000  165  109   10.00000    8.00000  20.0%   211  158s
  6129  6729    8.00000  176  106   10.00000    8.00000  20.0%   191  165s
  6734  7238    8.00000  186  108   10.00000    8.00000  20.0%   179  171s
  7244  7239    8.95805 1704   81   10.00000    8.00000  20.0%   170  175s
  7246  7240    8.68637  933   82   10.00000    8.00000  20.0%   170  185s
  7247  7241    9.00000 1507   85   10.00000    8.00000  20.0%   170  199s
  7248  7242    8.00000  134   84   10.00000    8.00000  20.0%   170  203s
  7249  7242    8.50405  938   82   10.00000    8.00000  20.0%   170  207s
H 7249  6879                       9.0000000    8.00000  11.1%   170  208s
  7253  6883    8.61654 1295   81    9.00000    8.00000  11.1%   177  212s
  7255  6884    8.38754  663   87    9.00000    8.00000  11.1%   177  218s
  7256  6885    8.64321 1048   95    9.00000    8.00000  11.1%   177  224s
  7257  6886    8.27620  746  100    9.00000    8.00000  11.1%   177  225s
  7259  6887    8.04366   68   82    9.00000    8.00000  11.1%   177  230s
  7262  6889    8.96293 1728   81    9.00000    8.00000  11.1%   177  235s
  7265  6891    8.42360  381   75    9.00000    8.00000  11.1%   177  240s
  7267  6892    8.78624 1215   78    9.00000    8.00000  11.1%   177  246s
  7270  6894    8.83312 1880   88    9.00000    8.00000  11.1%   177  250s
  7280  6900    8.00000   26  108    9.00000    8.00000  11.1%  28.8  255s
  7322  6918    8.00000   31  103    9.00000    8.00000  11.1%  32.1  260s
  7373  7005    8.00000   47  111    9.00000    8.00000  11.1%  35.6  267s
  7468  7030    8.00000   63  111    9.00000    8.00000  11.1%  42.0  274s
  7575  6998    8.00000   83  102    9.00000    8.00000  11.1%  53.2  283s
  7914  6894    8.00000   41  120    9.00000    8.00000  11.1%  96.0  292s
  8041  6905    8.00000   54  115    9.00000    8.00000  11.1%   107  300s
  8125  7142    8.00000   68  138    9.00000    8.00000  11.1%   110  310s
  8518  7266    8.00000  119  148    9.00000    8.00000  11.1%   134  325s
  9075  7080    8.00000  185  146    9.00000    8.00000  11.1%   172  340s
  9250  7191    8.00000  186  146    9.00000    8.00000  11.1%   189  355s
  9562  7275    8.00000  187  143    9.00000    8.00000  11.1%   207  369s
 10046  7219 infeasible  118         9.00000    8.00000  11.1%   235  384s
 10283  7198    8.00000   55  120    9.00000    8.00000  11.1%   247  400s
 10745  6964 infeasible   66         9.00000    8.00000  11.1%   281  416s
 10965  6904    8.00000  139  113    9.00000    8.00000  11.1%   307  432s
 11412  6677 infeasible  208         9.00000    8.00000  11.1%   332  458s
 11570  6968    8.00000  118  126    9.00000    8.00000  11.1%   354  473s
 12262  6641 infeasible  213         9.00000    8.00000  11.1%   374  497s
 12518  6510 infeasible   39         9.00000    8.00000  11.1%   395  515s
 12792  6451    8.00000   52  122    9.00000    8.00000  11.1%   413  529s
 13294  6314    8.00000   67   72    9.00000    8.00000  11.1%   440  556s
 13455  6134    8.00000   68   76    9.00000    8.00000  11.1%   447  574s
 13720  6063    8.00000   69   80    9.00000    8.00000  11.1%   465  590s
 13854  6014 infeasible   68         9.00000    8.00000  11.1%   473  605s
 14307  5962 infeasible  130         9.00000    8.00000  11.1%   489  620s
 14818  5820 infeasible   83         9.00000    8.00000  11.1%   499  641s
 15107  5878    8.00000  108  126    9.00000    8.00000  11.1%   507  665s
 16061  5672    8.00000   93  133    9.00000    8.00000  11.1%   517  678s
 16421  5504 infeasible  138         9.00000    8.00000  11.1%   524  691s
 16897  5328 infeasible   72         9.00000    8.00000  11.1%   541  704s
 17172  5095    8.00000   61   96    9.00000    8.00000  11.1%   553  718s
 17536  5088    8.00000  118  101    9.00000    8.00000  11.1%   571  731s
 18119  4926 infeasible  152         9.00000    8.00000  11.1%   575  748s
 18361  4767    8.00000  175  123    9.00000    8.00000  11.1%   581  769s
 18659  4674 infeasible  184         9.00000    8.00000  11.1%   587  792s
 18983  4605    8.00000  141  126    9.00000    8.00000  11.1%   592  809s
 19548  4454    8.00000  133   96    9.00000    8.00000  11.1%   594  825s
 19879  4169 infeasible  259         9.00000    8.00000  11.1%   597  845s
 20361  3924    8.00000  175  116    9.00000    8.00000  11.1%   610  864s
 20496  3899    8.00000  180  125    9.00000    8.00000  11.1%   616  900s
 20702  3748 infeasible  277         9.00000    8.00000  11.1%   619  936s
 20864  3664 infeasible  275         9.00000    8.00000  11.1%   624  972s
 20990  3613 infeasible  170         9.00000    8.00000  11.1%   626 1002s
 21091  3478    8.00000  168  121    9.00000    8.00000  11.1%   628 1031s
 21300  3176    8.00000  159  123    9.00000    8.00000  11.1%   633 1056s
 21829  2692 infeasible  179         9.00000    8.00000  11.1%   643 1114s
 22156  2538    8.00000  143  102    9.00000    8.00000  11.1%   655 1144s
 22375  2417    8.00000   74  109    9.00000    8.00000  11.1%   661 1178s
 22981  2151 infeasible  374         9.00000    8.00000  11.1%   675 1211s
 23121  2684    8.00000  183  140    9.00000    8.00000  11.1%   680 1247s
 23870  2592    8.00000  302  142    9.00000    8.00000  11.1%   672 1286s
 24900  1937 infeasible   64         9.00000    8.00000  11.1%   690 1318s
 25266  1907 infeasible  144         9.00000    8.00000  11.1%   718 1362s
 25580  1681    8.00000   77  129    9.00000    8.00000  11.1%   723 1403s
 26701  1204 infeasible  201         9.00000    8.00000  11.1%   734 1443s
 27820   851 infeasible  209         9.00000    8.00000  11.1%   744 1488s
 29060   699 infeasible  133         9.00000    8.00000  11.1%   750 1526s
 29901   514 infeasible  139         9.00000    8.00000  11.1%   762 1563s
 30272   634 infeasible  446         9.00000    8.00000  11.1%   770 1604s
 30740   784    8.00000   75  120    9.00000    8.00000  11.1%   768 1640s
 31788  1078    8.00000   57  144    9.00000    8.00000  11.1%   772 1773s
 32910   852 infeasible  129         9.00000    8.00000  11.1%   774 1800s

Cutting planes:
  Flow cover: 27

Explored 33300 nodes (27566613 simplex iterations) in 1800.10 seconds (5230.51 work units)
Thread count was 8 (of 16 available processors)

Solution count 10: 9 10 11 ... 63

Time limit reached
Best objective 9.000000000000e+00, best bound 8.000000000000e+00, gap 11.1111%

User-callback calls 409563, time in user-callback 1.72 sec
Set parameter TimeLimit to value 1.7989411282539368e+03
Gurobi Optimizer version 12.0.3 build v12.0.3rc0 (linux64 - "Ubuntu 24.04.4 LTS")

CPU model: Intel(R) Xeon(R) Gold 6134 CPU @ 3.20GHz, instruction set [SSE2|AVX|AVX2|AVX512]
Thread count: 16 physical cores, 16 logical processors, using up to 8 threads

Non-default parameters:
TimeLimit  1.7989411282539368e+03
Seed  20260921
Threads  8

Optimize a model with 195 rows, 39940 columns and 1132594 nonzeros
Model fingerprint: 0x915692bf
Variable types: 0 continuous, 39940 integer (39940 binary)
Coefficient statistics:
  Matrix range     [1e+00, 1e+00]
  Objective range  [9e+00, 2e+02]
  Bounds range     [1e+00, 1e+00]
  RHS range        [1e+00, 9e+00]

Loaded user MIP start with objective 617.72
MIP start from previous solve did not produce a new incumbent solution

Presolve removed 0 rows and 11 columns
Presolve time: 1.95s
Presolved: 195 rows, 39929 columns, 1132338 nonzeros
Variable types: 0 continuous, 39929 integer (39929 binary)

Starting sifting (using dual simplex for sub-problems)...

    Iter     Pivots    Primal Obj      Dual Obj        Time
       0          0     infinity      0.0000000e+00      2s
       1        842   8.0069904e+05   2.3413260e+01      2s
       2       1556   5.4737069e+02   1.7482573e+02      2s
       3       2479   4.4577779e+02   2.4844007e+02      2s
       4       3399   3.8217955e+02   3.0906574e+02      2s
       5       4198   3.6602117e+02   3.4311258e+02      2s
       6       5038   3.6187890e+02   3.5547533e+02      3s
       7       5667   3.6169333e+02   3.6156850e+02      3s

Sifting complete


Root relaxation: objective 3.616933e+02, 5902 iterations, 0.64 seconds (1.04 work units)

    Nodes    |    Current Node    |     Objective Bounds      |     Work
 Expl Unexpl |  Obj  Depth IntInf | Incumbent    BestBd   Gap | It/Node Time

     0     0  361.69328    0  166  617.72000  361.69328  41.4%     -    2s
H    0     0                     611.2720000  361.69328  40.8%     -    3s
     0     0  361.96132    0  166  611.27200  361.96132  40.8%     -    5s
     0     0  362.32510    0  173  611.27200  362.32510  40.7%     -    9s
     0     0  362.57270    0  176  611.27200  362.57270  40.7%     -   11s
     0     0  362.69165    0  176  611.27200  362.69165  40.7%     -   12s
     0     0  362.74658    0  178  611.27200  362.74658  40.7%     -   12s
     0     0  362.86600    0  179  611.27200  362.86600  40.6%     -   13s
     0     0  362.92288    0  179  611.27200  362.92288  40.6%     -   14s
     0     0  362.98946    0  180  611.27200  362.98946  40.6%     -   15s
H    0     0                     611.0240000  362.98946  40.6%     -   16s
     0     0  363.11807    0  184  611.02400  363.11807  40.6%     -   16s
     0     0  363.16458    0  185  611.02400  363.16458  40.6%     -   16s
     0     0  363.25384    0  186  611.02400  363.25384  40.5%     -   17s
     0     0  363.25384    0  187  611.02400  363.25384  40.5%     -   17s
     0     0  363.28483    0  190  611.02400  363.28483  40.5%     -   17s
     0     0  363.28562    0  190  611.02400  363.28562  40.5%     -   19s
     0     2  363.28562    0  190  611.02400  363.28562  40.5%     -   31s
     7    16  363.86665    3  186  611.02400  363.72840  40.5%   479   36s
H   53    56                     610.2800000  363.86733  40.4%   215   39s
    74    96  364.01342   12  180  610.28000  363.86733  40.4%   183   40s
H   98   104                     595.1120000  363.86733  38.9%   157   41s
H  108   119                     594.6160000  363.86733  38.8%   148   42s
H  150   159                     567.7520000  363.86733  35.9%   120   43s
   166   175  364.65390   22  179  567.75200  363.86733  35.9%   113   49s
   182   191  364.73858   24  179  567.75200  363.86733  35.9%   108   50s
   230   239  364.94546   30  182  567.75200  363.86733  35.9%   100   56s
   254   263  365.13898   33  184  567.75200  363.86733  35.9%  96.6   61s
   286   295  365.22980   37  182  567.75200  363.86733  35.9%  93.6   65s
   342   353  365.48354   41  185  567.75200  363.86733  35.9%  89.2   70s
   352   366  365.49903   42  180  567.75200  363.86733  35.9%  88.8   76s
H  364   366                     497.5360000  363.86733  26.9%  88.4   76s
   513   528  365.91854   53  188  497.53600  363.86733  26.9%  79.5   81s
H  526   528                     492.3280000  363.86733  26.1%  79.0   81s
   742   812  366.72868   70  187  492.32800  363.86733  26.1%  74.6   85s
  1044  1129  367.30741   93  185  492.32800  363.86733  26.1%  66.8   90s
H 1130  1152                     480.6320000  363.86733  24.3%  65.4   93s
  1229  1315  367.65575  106  178  480.63200  363.86733  24.3%  64.1   95s
  1623  1730  368.15946  140  177  480.63200  363.86733  24.3%  59.5  100s
  1972  2118  368.72633  162  173  480.63200  363.86733  24.3%  56.5  105s
  2239  2263  369.05157  176  178  480.63200  363.86733  24.3%  54.4  110s
  2262  2334  369.06870  177  177  480.63200  363.86733  24.3%  54.1  124s
  2333  2347  369.09121  178  176  480.63200  363.86733  24.3%  53.4  127s
  2346  2410  369.10270  179  176  480.63200  363.86733  24.3%  53.3  131s
  2409  2458  369.11614  180  175  480.63200  363.86733  24.3%  52.7  138s
  2457  2466  369.11651  181  174  480.63200  363.86733  24.3%  52.3  140s
  2501  2595  369.12949  183  179  480.63200  363.86733  24.3%  51.9  151s
  2594  2685  369.13829  184  179  480.63200  363.86733  24.3%  51.0  162s
  2684  2825  369.15581  185  178  480.63200  363.86733  24.3%  50.4  165s
  2988  3017  369.17981  187  179  480.63200  363.86733  24.3%  48.4  412s
  3016  3025  369.28442  190  183  480.63200  363.86733  24.3%  48.3  415s
  3039  3065  369.32919  192  178  480.63200  363.86733  24.3%  48.2  422s
  3064  3096  369.33474  193  180  480.63200  363.86733  24.3%  48.1  427s
H 3067  3096                     450.4240000  363.86733  19.2%  48.0  427s
  3095  3282  369.44994  194  182  450.42400  363.86733  19.2%  47.9  431s
H 3228  3282                     450.1760000  363.86733  19.2%  47.6  431s
  3466  3572  369.85654  226  175  450.17600  363.86733  19.2%  47.3  438s
  3571  3707  370.12250  239  176  450.17600  363.86733  19.2%  47.3  441s
  3706  3758  370.28776  257  182  450.17600  363.86733  19.2%  47.1  445s
  3993  4263  370.51319  271  177  450.17600  363.86733  19.2%  46.1  453s
  4262  4633  370.52007  272  177  450.17600  363.86733  19.2%  44.9  456s
  4634  5097  370.57565  284  181  450.17600  363.86733  19.2%  43.8  460s
  5547  6050  371.11716  337  179  450.17600  363.86733  19.2%  41.3  468s
  6055  6567  371.39361  360  174  450.17600  363.86733  19.2%  40.0  471s
  6572  7049  371.76957  385  179  450.17600  363.86733  19.2%  39.0  475s
  7605  7600  433.02982 1372  190  450.17600  363.86733  19.2%  37.2  485s
  7607  7601  382.62747  175  166  450.17600  363.86733  19.2%  37.2  493s
  7608  7602  427.20150  939  165  450.17600  363.86733  19.2%  37.2  503s
  7616  7607  382.23558  565  187  450.17600  363.86733  19.2%  37.2  507s
  7617  7608  443.03541 2238  191  450.17600  363.86733  19.2%  37.2  519s
  7618  7609  382.15238  581  191  450.17600  363.86733  19.2%  37.2  522s
  7619  7609  391.21826  364  188  450.17600  364.24128  19.1%  37.2  529s
  7620  7610  391.39325  380  186  450.17600  364.24128  19.1%  37.1  531s
  7621  7611  366.90087   75  186  450.17600  364.78933  19.0%  37.1  550s
  7624  7618  364.78933   16  187  450.17600  364.78933  19.0%  38.3  555s
  7644  7649  364.78933   19  186  450.17600  364.78933  19.0%  39.4  562s
  7666  7650  377.79132   20  126  450.17600  364.78933  19.0%  40.3  566s
  7674  7656  364.78933   21  184  450.17600  364.78933  19.0%  40.5  572s
  7692  7669  364.78933   22  184  450.17600  364.78933  19.0%  41.6  576s
  7702  7676  364.78933   23  184  450.17600  364.78933  19.0%  42.6  581s
  7722  7689  364.78933   25  187  450.17600  364.78933  19.0%  43.9  587s
  7732  7696  364.81955   26  184  450.17600  364.78933  19.0%  44.4  591s
  7753  7712  364.87496   28  186  450.17600  364.78933  19.0%  45.6  596s
  7765  7719  364.88388   29  189  450.17600  364.78933  19.0%  46.5  600s
  7776  7726  365.11367   30  184  450.17600  364.78933  19.0%  47.1  605s
  7787  7733  365.15844   31  182  450.17600  364.78933  19.0%  47.9  611s
  7809  7751  365.40431   33  187  450.17600  364.78933  19.0%  49.4  618s
  7823  7760  365.63100   34  181  450.17600  364.78933  19.0%  50.7  621s
  7852  7780  365.79080   36  189  450.17600  364.78933  19.0%  52.5  627s
  7868  7787  365.79080   37  189  450.17600  364.78933  19.0%  53.4  630s
  7900  7810  365.89519   39  191  450.17600  364.78933  19.0%  55.3  635s
  7917  7814  365.89519   40  191  450.17600  364.78933  19.0%  56.4  642s
  7927  7823  381.52956   40  151  450.17600  364.78933  19.0%  57.2  651s
  7943  7833  365.89519   41  192  450.17600  364.78933  19.0%  58.2  655s
  7971  7853  365.98150   42  191  450.17600  364.78933  19.0%  60.3  662s
  7992  7861  366.01762   43  186  450.17600  364.78933  19.0%  61.6  672s
  8013  7874  383.96451   44  155  450.17600  364.78933  19.0%  63.1  677s
  8037  7892  366.14689   46  184  450.17600  364.78933  19.0%  64.6  682s
  8063  7901  382.04410   47  132  450.17600  364.78933  19.0%  66.6  689s
  8083  7924  366.15928   48  185  450.17600  364.78933  19.0%  68.1  695s
  8145  7955  379.51110   51  152  450.17600  364.78933  19.0%  72.3  704s
  8178  7976  366.37967   53  180  450.17600  364.78933  19.0%  74.3  709s
  8212  7999  385.03388   54  140  450.17600  364.78933  19.0%  76.3  714s
  8246  8019  366.46740   56  179  450.17600  364.78933  19.0%  78.1  718s
  8278  8031  366.52650   58  181  450.17600  364.78933  19.0%  79.8  725s
  8306  8046  366.60744   60  182  450.17600  364.78933  19.0%  81.4  739s
  8335  8069  384.51169   60  119  450.17600  364.78933  19.0%  82.8  745s
  8372  8095  378.09309   62  156  450.17600  364.78933  19.0%  85.3  752s
  8417  8117  366.84613   65  180  450.17600  364.78933  19.0%  87.8  758s
  8456  8152  366.85081   67  180  450.17600  364.78933  19.0%  90.2  765s
  8504  8181  366.87494   69  180  450.17600  364.78933  19.0%  92.7  771s
  8550  8183  385.42569   71  146  450.17600  364.78933  19.0%  95.6  779s
  8569  8219  366.97652   72  178  450.17600  364.78933  19.0%  96.4  787s
  8611  8251  366.97652   74  178  450.17600  364.78933  19.0%  98.7  796s
  8661  8289  388.68094   76  128  450.17600  364.78933  19.0%   102  804s
  8718  8327  374.71291   79  143  450.17600  364.78933  19.0%   105  813s
  8777  8367  367.38334   82  181  450.17600  364.78933  19.0%   108  822s
  8841  8405  367.51782   85  181  450.17600  364.78933  19.0%   111  830s
  8906  8449  367.72465   88  175  450.17600  364.78933  19.0%   114  838s
  8977  8462  367.92807   92  182  450.17600  364.78933  19.0%   117  850s
  9013  8510  381.29461   93  150  450.17600  364.78933  19.0%   119  861s
  9077  8538  368.06274   95  180  450.17600  364.78933  19.0%   122  872s
  9129  8600  368.12498   97  183  450.17600  364.78933  19.0%   125  884s
  9213  8630  368.18701  101  182  450.17600  364.78933  19.0%   129  895s
  9272  8662  387.70316  104  147  450.17600  364.78933  19.0%   131  907s
  9334  8710  368.37261  105  179  450.17600  364.78933  19.0%   135  922s
  9414  8752  382.63265  105  131  450.17600  364.78933  19.0%   138  937s
  9488  8821  386.07431  106  132  450.17600  364.78933  19.0%   142  950s
  9587  8891  368.49719  111  178  450.17600  364.78933  19.0%   146  966s
  9698  8945  368.57630  117  181  450.17600  364.78933  19.0%   150  980s
  9790  9015  368.70479  121  180  450.17600  364.78933  19.0%   154  998s
H 9814  8625                     449.9280000  364.78933  18.9%   155  998s
  9894  8720  368.78742  126  182  449.92800  364.78933  18.9%   158 1014s
H10022  8331                     427.5680000  364.78933  14.7%   163 1030s
 10126  8425  369.16880  136  179  427.56800  364.78933  14.7%   167 1047s
 10285  8456  369.55638  141  179  427.56800  364.78933  14.7%   173 1069s
 10397  8545  370.14013  144  184  427.56800  364.78933  14.7%   176 1089s
 10553  8650  370.59276  150  185  427.56800  364.78933  14.7%   181 1109s
 10728  8737  371.26449  158  179  427.56800  364.78933  14.7%   187 1133s
 10905  8849  388.76144  165  131  427.56800  364.78933  14.7%   192 1157s
 11111  8843  372.79458  173  181  427.56800  364.78933  14.7%   198 1188s
 11179  8936  387.56257  177  144  427.56800  364.78933  14.7%   200 1219s
 11322  9024  373.37615  187  184  427.56800  364.78933  14.7%   204 1247s
 11492  9154  373.85803  196  181  427.56800  364.78933  14.7%   209 1272s
 11718  9247  374.31075  206  177  427.56800  364.78933  14.7%   215 1303s
 11938  9325  374.87989  215  171  427.56800  364.78933  14.7%   220 1450s
 12143  9464  375.25116  225  168  427.56800  364.78933  14.7%   225 1478s
 12418  9591  375.67249  236  170  427.56800  364.78933  14.7%   232 1507s
 12708  9697  376.09164  247  178  427.56800  364.78933  14.7%   239 1536s
 13020  9818  376.47174  259  169  427.56800  364.78933  14.7%   245 1567s
 13337  9987  376.63504  271  176  427.56800  364.78933  14.7%   251 1598s
 13718 10108  377.00487  286  171  427.56800  364.78933  14.7%   258 1632s
 14074 10256  377.24619  299  174  427.56800  364.78933  14.7%   264 1667s
 14458 10419  377.77903  313  171  427.56800  364.78933  14.7%   270 1702s
 14909 10595  378.63120  330  178  427.56800  364.78933  14.7%   277 1742s
 15373 10660  379.01800  345  177  427.56800  364.78933  14.7%   283 1769s
 15698 10788  379.42732  357  177  427.56800  364.78933  14.7%   287 1797s

Cutting planes:
  MIR: 19
  Flow cover: 6

Explored 16050 nodes (4676511 simplex iterations) in 1798.98 seconds (4940.89 work units)
Thread count was 8 (of 16 available processors)

Solution count 10: 427.568 449.928 450.176 ... 595.112

Time limit reached
Best objective 4.275680000000e+02, best bound 3.647893310147e+02, gap 14.6827%

User-callback calls 595582, time in user-callback 2.01 sec
