[MIP] physical pool preparation: 26942 valid recorded, 0 repaired, 0 rejected, 35.906s
[MIP] pool: 26942 columns over 167 trips (instance scale_ladder/instances/nested_probability_k2_15_20260908/Practice_Custom_DutyUnion_k08_p05_20260908.csv, soc_step=2.5, certified=True)
[MIP] coverage: min 868 / median 3833 / max 6706 columns per trip
[MIP] strict-feasibility seed: 167 exact singleton columns (one per trip)
[MIP] greedy feasible MIP start: 42 buses
Set parameter LicenseID to value 2674428
Set parameter GURO_PAR_SPECIAL
Set parameter TokenServer to value "en-cc-unicorn-data-dirs.coecis.cornell.edu"
Set parameter LogFile to value "/home/nc437/ladder-lite/diving_pricing_20260919/results/c5_k08/control_arm_a/586643_r0/gurobi.log"
Set parameter OutputFlag to value 1
Set parameter TimeLimit to value 3600
Set parameter MIPGap to value 0.0001
Set parameter Threads to value 8
Set parameter Seed to value 20260919
Set parameter TimeLimit to value 1800
Gurobi Optimizer version 12.0.3 build v12.0.3rc0 (linux64 - "Ubuntu 24.04.4 LTS")

CPU model: Intel(R) Xeon(R) Gold 6230 CPU @ 2.10GHz, instruction set [SSE2|AVX|AVX2|AVX512]
Thread count: 40 physical cores, 40 logical processors, using up to 8 threads

Non-default parameters:
TimeLimit  1800
Seed  20260919
Threads  8

Optimize a model with 167 rows, 26942 columns and 613255 nonzeros
Model fingerprint: 0xd986cbf4
Variable types: 0 continuous, 26942 integer (26942 binary)
Coefficient statistics:
  Matrix range     [1e+00, 1e+00]
  Objective range  [1e+00, 1e+00]
  Bounds range     [1e+00, 1e+00]
  RHS range        [1e+00, 1e+00]

Loaded user MIP start with objective 42

Presolve removed 0 rows and 329 columns
Presolve time: 1.34s
Presolved: 167 rows, 26613 columns, 607815 nonzeros
Variable types: 0 continuous, 26613 integer (26613 binary)

Starting sifting (using dual simplex for sub-problems)...

    Iter     Pivots    Primal Obj      Dual Obj        Time
       0          0     infinity      0.0000000e+00      1s
       1        383   9.2767177e+00   3.8908886e+00      1s
       2        907   9.1101665e+00   5.4831804e+00      1s
       3       1540   8.7998569e+00   6.4170599e+00      2s
       4       2331   8.3129867e+00   6.7886505e+00      2s
       5       3211   8.1408299e+00   7.1355985e+00      2s
       6       3876   8.0000000e+00   8.0000000e+00      2s

Sifting complete


Root relaxation: objective 8.000000e+00, 3876 iterations, 0.31 seconds (0.30 work units)

    Nodes    |    Current Node    |     Objective Bounds      |     Work
 Expl Unexpl |  Obj  Depth IntInf | Incumbent    BestBd   Gap | It/Node Time

     0     0    8.00000    0   73   42.00000    8.00000  81.0%     -    3s
H    0     0                      19.0000000    8.00000  57.9%     -    3s
H    0     0                      14.0000000    8.00000  42.9%     -    3s
H    0     0                      13.0000000    8.00000  38.5%     -    3s
H    0     0                      12.0000000    8.00000  33.3%     -    3s
H    0     0                      11.0000000    8.00000  27.3%     -    3s
H    0     0                      10.0000000    8.00000  20.0%     -    3s
     0     0    8.00000    0   70   10.00000    8.00000  20.0%     -    7s
     0     0    8.00000    0   70   10.00000    8.00000  20.0%     -   13s
     0     0    8.00000    0   87   10.00000    8.00000  20.0%     -   16s
     0     0    8.00000    0   90   10.00000    8.00000  20.0%     -   16s
     0     0    8.00000    0   79   10.00000    8.00000  20.0%     -   19s
     0     0    8.00000    0   72   10.00000    8.00000  20.0%     -   19s
     0     0    8.00000    0   75   10.00000    8.00000  20.0%     -   21s
     0     0    8.00000    0   74   10.00000    8.00000  20.0%     -   22s
     0     0    8.00000    0   78   10.00000    8.00000  20.0%     -   24s
     0     0    8.00000    0   78   10.00000    8.00000  20.0%     -   25s
     0     2    8.00000    0   78   10.00000    8.00000  20.0%     -   30s
    64    86    8.00000    9  105   10.00000    8.00000  20.0%  1850   37s
H   66    86                       9.0000000    8.00000  11.1%  1798   37s
    86    53    8.00000    9   78    9.00000    8.00000  11.1%  1397   43s
    88    54    8.00000   12   75    9.00000    8.00000  11.1%  1366   48s
    89    55    8.00000   10   70    9.00000    8.00000  11.1%  1350   52s
    91    56    8.00000   10   78    9.00000    8.00000  11.1%  1321   55s
    95    59    8.00000    5   72    9.00000    8.00000  11.1%  1265   61s
   100    62    8.00000   10   75    9.00000    8.00000  11.1%  1202   66s
   137    65    8.00000   17   82    9.00000    8.00000  11.1%   826   70s
   205    54 infeasible   23         9.00000    8.00000  11.1%   672   75s
   285    55 infeasible   27         9.00000    8.00000  11.1%   633   82s
   359   106 infeasible   29         9.00000    8.00000  11.1%   629   86s
   557    96    8.00000   40  112    9.00000    8.00000  11.1%   594   92s
   586   141    8.00000   41  116    9.00000    8.00000  11.1%   618   97s
   641   152    8.00000   51  119    9.00000    8.00000  11.1%   605  103s
   660   197    8.00000   59  119    9.00000    8.00000  11.1%   610  110s
   733   362    8.00000   64  119    9.00000    8.00000  11.1%   611  118s
  1138   387    8.00000  100   96    9.00000    8.00000  11.1%   640  128s
  1545   397    8.00000   49   83    9.00000    8.00000  11.1%   556  141s
  1649   563 infeasible   59         9.00000    8.00000  11.1%   582  153s
  2365   432 infeasible  125         9.00000    8.00000  11.1%   587  164s
  2782   190 infeasible  112         9.00000    8.00000  11.1%   651  175s
  3170   157 infeasible   83         9.00000    8.00000  11.1%   612  181s
  3255   137    8.00000   96   88    9.00000    8.00000  11.1%   626  190s
  3295   116 infeasible   97         9.00000    8.00000  11.1%   633  196s
  3364   224    8.00000  100   97    9.00000    8.00000  11.1%   640  200s
  3554   240    8.00000  114   99    9.00000    8.00000  11.1%   636  206s
  3834   187 infeasible  149         9.00000    8.00000  11.1%   650  217s
  3917   250    8.00000  179   81    9.00000    8.00000  11.1%   663  228s
  4102   282 infeasible  126         9.00000    8.00000  11.1%   661  238s
  4318   252 infeasible   51         9.00000    8.00000  11.1%   659  260s
  4380   252 infeasible   50         9.00000    8.00000  11.1%   667  272s
  4558   218 infeasible   51         9.00000    8.00000  11.1%   664  282s
  4624   235    8.00000   52   82    9.00000    8.00000  11.1%   669  289s
  4763   220    8.00000   53   84    9.00000    8.00000  11.1%   656  305s
  4864   351    8.00000   59   69    9.00000    8.00000  11.1%   650  311s
  5103   314 infeasible   77         9.00000    8.00000  11.1%   626  320s
  5898   270 infeasible  172         9.00000    8.00000  11.1%   566  329s
  6119   329 infeasible  382         9.00000    8.00000  11.1%   555  338s
  6322   255    8.00000   71   85    9.00000    8.00000  11.1%   542  346s
  6858   198 infeasible   84         9.00000    8.00000  11.1%   517  356s
  6977   267    8.00000   63   85    9.00000    8.00000  11.1%   514  363s
  7398   154    8.00000  114   89    9.00000    8.00000  11.1%   495  371s
  7551   343 infeasible  106         9.00000    8.00000  11.1%   491  379s
  7824   507 infeasible  584         9.00000    8.00000  11.1%   479  387s
  8270   486    8.00000  111   81    9.00000    8.00000  11.1%   462  402s
  8355   725    8.00000  114   76    9.00000    8.00000  11.1%   460  415s
  8765   817    8.00000   79   67    9.00000    8.00000  11.1%   446  428s
  9330   654 infeasible  577         9.00000    8.00000  11.1%   429  441s
  9585   798    8.00000   81   89    9.00000    8.00000  11.1%   425  454s
 10374   778 infeasible  188         9.00000    8.00000  11.1%   407  470s
 10691   974    8.00000  123   90    9.00000    8.00000  11.1%   401  488s
 11247  1023    8.00000  162  105    9.00000    8.00000  11.1%   388  504s
 12251   804 infeasible  259         9.00000    8.00000  11.1%   371  520s
 13056   408 infeasible  646         9.00000    8.00000  11.1%   363  536s
 13683   332    8.00000  125   89    9.00000    8.00000  11.1%   357  551s
 13809   564    8.00000  131   92    9.00000    8.00000  11.1%   357  564s
 14478   565    8.00000  844   78    9.00000    8.00000  11.1%   347  591s
 14481   567    8.00000  184   77    9.00000    8.00000  11.1%   347  595s
 14488   572    8.00000   80   76    9.00000    8.00000  11.1%   347  600s
 14506   579    8.00000   27   86    9.00000    8.00000  11.1%   349  605s
 14709   528 infeasible   40         9.00000    8.00000  11.1%   347  610s
 15139   391 infeasible   58         9.00000    8.00000  11.1%   343  615s
 15310   369    8.00000   83   82    9.00000    8.00000  11.1%   341  620s
 15602   579    8.00000  128   78    9.00000    8.00000  11.1%   337  626s
 15988   398    8.00000  165   91    9.00000    8.00000  11.1%   331  630s
 16696   387    8.00000  213   67    9.00000    8.00000  11.1%   323  636s
 17333   473    8.00000  241   79    9.00000    8.00000  11.1%   317  643s
 17745   588    8.00000  295   91    9.00000    8.00000  11.1%   313  647s
 18361   496    8.00000  289   75    9.00000    8.00000  11.1%   307  652s
 18721   498 infeasible  277         9.00000    8.00000  11.1%   303  656s
 20343   325    8.00000  234   85    9.00000    8.00000  11.1%   290  663s
 20463   350    8.00000  235   86    9.00000    8.00000  11.1%   290  665s
 21068   358 infeasible  562         9.00000    8.00000  11.1%   286  671s
 21594   295    8.00000  442   86    9.00000    8.00000  11.1%   283  676s
 22266   105 infeasible  232         9.00000    8.00000  11.1%   280  680s
 22785    26 infeasible  861         9.00000    8.00000  11.1%   277  686s

Cutting planes:
  Flow cover: 18

Explored 22901 nodes (6531540 simplex iterations) in 688.17 seconds (1490.47 work units)
Thread count was 8 (of 40 available processors)

Solution count 8: 9 10 11 ... 42

Optimal solution found (tolerance 1.00e-04)
Best objective 9.000000000000e+00, best bound 9.000000000000e+00, gap 0.0000%

User-callback calls 216521, time in user-callback 1.16 sec
[MIP] stage 1: fleet=9 (bound 9.0, gap 0.0, proven=True, limit=1800.0s, remaining=2911.1s)
Set parameter TimeLimit to value 2.9111176340579987e+03
Gurobi Optimizer version 12.0.3 build v12.0.3rc0 (linux64 - "Ubuntu 24.04.4 LTS")

CPU model: Intel(R) Xeon(R) Gold 6230 CPU @ 2.10GHz, instruction set [SSE2|AVX|AVX2|AVX512]
Thread count: 40 physical cores, 40 logical processors, using up to 8 threads

Non-default parameters:
TimeLimit  2.9111176340579987e+03
Seed  20260919
Threads  8

Optimize a model with 168 rows, 26942 columns and 640197 nonzeros
Model fingerprint: 0x24d17642
Variable types: 0 continuous, 26942 integer (26942 binary)
Coefficient statistics:
  Matrix range     [1e+00, 1e+00]
  Objective range  [1e+01, 2e+02]
  Bounds range     [1e+00, 1e+00]
  RHS range        [1e+00, 9e+00]

Loaded user MIP start with objective 522.752
MIP start from previous solve did not produce a new incumbent solution

Presolve removed 0 rows and 8 columns
Presolve time: 1.47s
Presolved: 168 rows, 26934 columns, 640030 nonzeros
Variable types: 0 continuous, 26934 integer (26934 binary)

Starting sifting (using dual simplex for sub-problems)...

    Iter     Pivots    Primal Obj      Dual Obj        Time
       0          0     infinity      0.0000000e+00      2s
       1        789   1.2626328e+06   3.6219519e+01      2s
       2       1495   5.3480649e+02   2.0656214e+02      2s
       3       2257   4.4584951e+02   3.0979388e+02      2s
       4       2997   4.1062925e+02   3.6734793e+02      2s
       5       3853   4.0719709e+02   3.9595518e+02      2s

Sifting complete


Root relaxation: objective 4.069329e+02, 4402 iterations, 0.46 seconds (0.54 work units)

    Nodes    |    Current Node    |     Objective Bounds      |     Work
 Expl Unexpl |  Obj  Depth IntInf | Incumbent    BestBd   Gap | It/Node Time

     0     0  406.93288    0  139  522.75200  406.93288  22.2%     -    2s
     0     0  407.09781    0  142  522.75200  407.09781  22.1%     -    3s
H    0     0                     501.1360000  407.09781  18.8%     -    6s
     0     0  407.55844    0  142  501.13600  407.55844  18.7%     -    7s
     0     0  407.61904    0  149  501.13600  407.61904  18.7%     -    8s
     0     0  407.73922    0  146  501.13600  407.73922  18.6%     -    9s
     0     0  407.82489    0  150  501.13600  407.82489  18.6%     -    9s
     0     0  408.39451    0  145  501.13600  408.39451  18.5%     -    9s
     0     0  408.44089    0  149  501.13600  408.44089  18.5%     -    9s
     0     0  408.88724    0  149  501.13600  408.88724  18.4%     -   10s
     0     0  409.17741    0  151  501.13600  409.17741  18.4%     -   10s
     0     0  409.32306    0  152  501.13600  409.32306  18.3%     -   10s
     0     0  409.47722    0  157  501.13600  409.47722  18.3%     -   10s
     0     0  409.51035    0  158  501.13600  409.51035  18.3%     -   11s
     0     0  409.54653    0  158  501.13600  409.54653  18.3%     -   11s
     0     0  409.62103    0  156  501.13600  409.62103  18.3%     -   12s
     0     0  409.85956    0  158  501.13600  409.85956  18.2%     -   12s
     0     0  409.90693    0  162  501.13600  409.90693  18.2%     -   13s
     0     0  409.95095    0  163  501.13600  409.95095  18.2%     -   13s
     0     0  410.03532    0  166  501.13600  410.03532  18.2%     -   13s
     0     0  410.10980    0  168  501.13600  410.10980  18.2%     -   13s
     0     0  410.17482    0  168  501.13600  410.17482  18.2%     -   15s
     0     0  410.23883    0  170  501.13600  410.23883  18.1%     -   16s
     0     0  410.30797    0  172  501.13600  410.30797  18.1%     -   16s
     0     0  410.36345    0  174  501.13600  410.36345  18.1%     -   17s
     0     0  410.41342    0  177  501.13600  410.41342  18.1%     -   17s
     0     0  410.43728    0  176  501.13600  410.43728  18.1%     -   17s
     0     0  410.50888    0  174  501.13600  410.50888  18.1%     -   19s
     0     0  410.54348    0  173  501.13600  410.54348  18.1%     -   19s
     0     0  410.59377    0  177  501.13600  410.59377  18.1%     -   19s
     0     0  410.59568    0  176  501.13600  410.59568  18.1%     -   20s
     0     2  410.59764    0  175  501.13600  410.59764  18.1%     -   30s
    23    58  410.77701    5  169  501.13600  410.73448  18.0%   347   35s
H   38    58                     500.6400000  410.73448  18.0%   232   35s
   105   118  411.11045   12  167  500.64000  410.73448  18.0%   124   40s
   198   209  411.38788   20  165  500.64000  410.73448  18.0%  86.6   45s
H  239   241                     496.9200000  410.73448  17.3%  79.9   49s
   300   338  411.70459   29  165  496.92000  410.73448  17.3%  73.5   50s
H  739   741                     496.4240000  410.73448  17.3%  51.5   53s
   867   919  412.81869   69  166  496.42400  410.73448  17.3%  48.8   56s
  1345  1357  413.51004  111  159  496.42400  410.73448  17.3%  44.7   60s
  1864  1972  413.92422  144  167  496.42400  410.73448  17.3%  41.0   65s
  2243  2244  414.32937  167  162  496.42400  410.73448  17.3%  39.2   72s
  2267  2268  414.43106  170  165  496.42400  410.73448  17.3%  39.1   75s
  2299  2300  414.51733  174  158  496.42400  410.73448  17.3%  39.0   82s
H 2306  2040                     481.7520000  410.73448  14.7%  39.0   82s
H 2314  2036                     480.7600000  410.73448  14.6%  39.3   84s
  2346  2176  414.52859  176  160  480.76000  410.73448  14.6%  39.2   85s
  2957  2654  415.20684  224  157  480.76000  410.73448  14.6%  37.4   92s
H 2959  2291                     467.3280000  410.73448  12.1%  37.4   92s
H 2964  2260                     465.0960000  410.73448  11.7%  37.4   92s
  3190  2724  415.40527  241  163  465.09600  410.73448  11.7%  36.9   95s
  3856  3323  415.93507  286  159  465.09600  410.73448  11.7%  35.6  100s
  4248  3694  416.52589  341  157  465.09600  410.73448  11.7%  35.0  105s
  4923  4569  417.16531  407  155  465.09600  410.73448  11.7%  33.8  110s
  6081  5847  417.95235  479  157  465.09600  410.73448  11.7%  31.9  116s
  7086  6939  418.58017  530  157  465.09600  410.73448  11.7%  30.5  121s
  7657  6940  438.56923  290  176  465.09600  410.73448  11.7%  29.9  127s
  7659  6941  441.77103  472  139  465.09600  410.73448  11.7%  29.8  133s
  7660  6942  433.86295  134  141  465.09600  410.73448  11.7%  29.8  141s
  7674  6951  428.01628  245  158  465.09600  410.73448  11.7%  29.8  145s
  7681  6956  439.28329  173  172  465.09600  410.77384  11.7%  29.8  161s
  7686  6959  439.00881  392  181  465.09600  411.03145  11.6%  29.7  166s
  7689  6961  440.08943  409  181  465.09600  411.14900  11.6%  29.7  170s
  7695  6965  448.26064  482  187  465.09600  411.30520  11.6%  29.7  177s
  7697  6967  411.59773   28  185  465.09600  411.35244  11.6%  29.7  180s
  7699  6968  438.74127   46  187  465.09600  411.52619  11.5%  29.7  186s
  7700  6969  434.84152  182  184  465.09600  411.76384  11.5%  29.7  191s
H 7703  6621                     463.6080000  411.76384  11.2%  29.7  192s
  7705  6622  418.10730   13  191  463.60800  411.91809  11.1%  29.7  197s
  7706  6623  430.11323   20  189  463.60800  412.03356  11.1%  29.7  200s
H 7706  6291                     463.0720000  412.07384  11.0%  29.7  203s
H 7706  5976                     453.3600000  412.07384  9.11%  29.7  203s
  7707  5976  436.42623   63  188  453.36000  412.07384  9.11%  29.7  206s
  7712  5980  444.69129  624  188  453.36000  412.07384  9.11%  29.6  216s
  7717  5984  443.86245  420  139  453.36000  412.07384  9.11%  30.9  223s
  7718  5985  438.50647  340  141  453.36000  412.07384  9.11%  30.9  239s
  7719  5986  448.29045  484  137  453.36000  412.07384  9.11%  30.9  241s
  7736  5997  453.36000  354  171  453.36000  412.07384  9.11%  30.8  245s
  7750  6006  448.54207  550  181  453.36000  412.07384  9.11%  30.8  250s
  7751  6007  430.17182   35  181  453.36000  412.07384  9.11%  30.8  255s
  7755  6010  437.89970   42  189  453.36000  412.07384  9.11%  30.7  260s
  7758  6012  441.12353  254  190  453.36000  412.07384  9.11%  30.7  266s
  7760  6013  433.86295  134  190  453.36000  412.07384  9.11%  30.7  275s
  7767  6023  412.07384   28  182  453.36000  412.07384  9.11%  32.3  280s
  7809  6045  428.13913   31  115  453.36000  412.07384  9.11%  33.7  285s
  7851  6056  427.89001   33  120  453.36000  412.08256  9.10%  35.3  290s
  7881  6063  412.12934   35  177  453.36000  412.12656  9.10%  36.2  295s
  7919  6077  412.17186   37  176  453.36000  412.14978  9.09%  37.2  300s
  7973  6106  412.28497   39  184  453.36000  412.28497  9.06%  38.3  305s
H 7998  5812                     450.6320000  412.28615  8.51%  38.7  307s
  8052  5836  412.32222   41  181  450.63200  412.32222  8.50%  39.3  311s
  8126  5843  412.41096   43  183  450.63200  412.34681  8.50%  40.3  316s
  8135  5851  425.52646   43  124  450.63200  412.41111  8.48%  40.4  322s
  8171  5866  412.46209   45  180  450.63200  412.46209  8.47%  40.9  328s
  8199  5869  412.58382   46  183  450.63200  412.58382  8.44%  41.3  330s
  8287  5885  412.66224   49  181  450.63200  412.66224  8.43%  42.1  335s
  8363  5917  412.76445   51  180  450.63200  412.76445  8.40%  42.7  340s
  8559  5974  412.88589   54  180  450.63200  412.88589  8.38%  43.9  346s
  8743  6031  412.91200   56  179  450.63200  412.91200  8.37%  45.0  350s
  8917  6052  412.94723   58  176  450.63200  412.94723  8.36%  45.6  355s
  9075  6230  412.97660   61  175  450.63200  412.97660  8.36%  47.0  361s
  9365  6402  433.81541   63  132  450.63200  413.03056  8.34%  47.8  365s
  9993  6851  413.20171   67  174  450.63200  413.20171  8.31%  48.3  371s
 10403  7060  413.27213   69  170  450.63200  413.27213  8.29%  48.5  376s
 10755  7057  423.29927   71  143  450.63200  413.28444  8.29%  49.0  382s
 11105  7585  413.31001   73  172  450.63200  413.31001  8.28%  49.5  387s
 11492  7870  413.40159   75  172  450.63200  413.40159  8.26%  49.5  390s
 12369  8084  413.53464   78  172  450.63200  413.53464  8.23%  48.9  396s
 12564  8099  432.63996   79  130  450.63200  413.54946  8.23%  49.3  402s
 12662  8264  413.60725   80  177  450.63200  413.56919  8.22%  49.3  405s
 13266  8557  413.65065   82  173  450.63200  413.65065  8.21%  50.2  411s
 14172  9123  413.68834   85  177  450.63200  413.68834  8.20%  50.2  418s
 14635  9572  413.82372   87  179  450.63200  413.82372  8.17%  50.1  424s
 15361  9497  426.83848   89  143  450.63200  413.83672  8.17%  50.4  426s
 15920  9736  413.91086   91  179  450.63200  413.91086  8.15%  50.8  432s
 16248  9907  413.94254   92  181  450.63200  413.94254  8.14%  51.2  435s
 16920 10083  414.14696   95  176  450.63200  414.14696  8.10%  51.8  442s
 17208 10300  414.19659   97  176  450.63200  414.19659  8.09%  52.1  445s
 18105 10548  414.31141  101  174  450.63200  414.31141  8.06%  52.4  453s
 18404 10585  414.39768  103  168  450.63200  414.39768  8.04%  52.9  457s
 18677 10529  414.47183  105  167  450.63200  414.47183  8.02%  53.8  460s
 18896 10577  414.73089  109  175  450.63200  414.73089  7.97%  55.1  468s
 19208 10735  414.82590  111  172  450.63200  414.82590  7.95%  55.8  473s
 19735 10840  414.89634  113  171  450.63200  414.89634  7.93%  56.2  477s
 20414 10808  427.45411  115  130  450.63200  414.94853  7.92%  56.4  482s
 21131 10588  415.05950  118  176  450.63200  415.05950  7.89%  56.4  487s
 21190 10824  415.07463  119  178  450.63200  415.07463  7.89%  56.5  492s
 21695 11164  425.30257  121  135  450.63200  415.25923  7.85%  56.5  497s
 22488 11602  415.30936  124  177  450.63200  415.30936  7.84%  56.2  502s
 23367 12064  415.39882  127  176  450.63200  415.39882  7.82%  55.7  508s
 24273 12334  415.44117  130  175  450.63200  415.44117  7.81%  55.4  513s
 25135 12837  415.52042  133  178  450.63200  415.52042  7.79%  55.4  520s
 26264 13369  415.59609  136  171  450.63200  415.59609  7.77%  55.1  525s
 27149 14065  415.64069  139  170  450.63200  415.64069  7.76%  55.3  531s
 28154 14702  424.82921  142  137  450.63200  415.75390  7.74%  55.4  538s
 29004 15511  415.92881  145  171  450.63200  415.92881  7.70%  55.6  545s
 30096 15512  444.32158  342  176  450.63200  415.99901  7.69%  55.4  708s
 30098 15513  443.21561  155  139  450.63200  415.99901  7.69%  55.4  713s
 30099 15514  448.76310  376  141  450.63200  415.99901  7.69%  55.4  720s
 30114 15524  441.88323   76  168  450.63200  415.99901  7.69%  55.3  725s
 30128 15533  445.77482  624  188  450.63200  415.99901  7.69%  55.3  731s
 30129 15534  447.59569  311  186  450.63200  415.99901  7.69%  55.3  749s
 30132 15536  426.34940  249  186  450.63200  415.99901  7.69%  55.3  757s
 30133 15537  440.82855   78  187  450.63200  415.99901  7.69%  55.3  768s
 30134 15537  445.24523  367  187  450.63200  415.99901  7.69%  55.3  775s
 30135 15538  442.28182  390  187  450.63200  415.99901  7.69%  55.3  790s
 30136 15539  439.18423   93  187  450.63200  415.99901  7.69%  55.3  798s
 30137 15539  445.02692  557  187  450.63200  415.99901  7.69%  55.3  830s
 30138 15543  415.99901   40  188  450.63200  415.99901  7.69%  55.6  858s
 30144 15551  415.99901   42  185  450.63200  415.99901  7.69%  55.6  861s
 30189 15566  430.79869   45  119  450.63200  415.99901  7.69%  55.9  865s
 30265 15567  426.96261   47  129  450.63200  415.99901  7.69%  56.2  870s
 30330 15575  427.44839   49  119  450.63200  415.99901  7.69%  56.5  875s
 30385 15589  429.22945   51  119  450.63200  415.99901  7.69%  56.7  881s
 30437 15598  415.99901   53  186  450.63200  415.99901  7.69%  57.0  885s
 30531 15615  428.59072   55  125  450.63200  415.99901  7.69%  57.3  890s
 30617 15637  415.99901   58  181  450.63200  415.99901  7.69%  57.6  895s
 30719 15651  415.99901   61  183  450.63200  415.99901  7.69%  57.9  901s
 30774 15681  415.99901   63  180  450.63200  415.99901  7.69%  58.1  905s
 30860 15729  415.99901   66  176  450.63200  415.99901  7.69%  58.4  910s
 30955 15777  415.99901   69  184  450.63200  415.99901  7.69%  58.7  915s
 31071 15837  415.99901   72  182  450.63200  415.99901  7.69%  59.1  921s
 31204 15906  415.99901   75  179  450.63200  415.99901  7.69%  59.5  926s
 31310 15961  415.99901   77  181  450.63200  415.99901  7.69%  59.8  930s
 31493 16054  415.99901   80  180  450.63200  415.99901  7.69%  60.2  937s
 31642 16126  435.45167   82  119  450.63200  415.99901  7.69%  60.6  942s
 31722 16165  415.99901   84  180  450.63200  415.99901  7.69%  60.8  945s
 31904 16256  415.99901   87  177  450.63200  415.99901  7.69%  61.2  951s
 32120 16372  433.39822   90  136  450.63200  415.99901  7.69%  61.6  958s
 32252 16449  415.99901   92  172  450.63200  415.99901  7.69%  61.8  961s
 32583 16664  415.99901   96  178  450.63200  415.99901  7.69%  62.2  968s
 32815 16762  415.99901   98  172  450.63200  415.99901  7.69%  62.4  972s
 33048 16906  415.99901  100  171  450.63200  415.99901  7.69%  62.6  975s
 33685 17097  415.99901  104  179  450.63200  415.99901  7.69%  62.9  983s
 34046 17183  415.99901  106  179  450.63200  415.99901  7.69%  63.0  986s
 34388 17202  415.99901  108  178  450.63200  415.99901  7.69%  63.2  991s
 34636 17178  415.99901  110  174  450.63200  415.99901  7.69%  63.4  996s
 34747 17314  415.99901  112  176  450.63200  415.99901  7.69%  63.6 1001s
 34938 17266  415.99901  114  172  450.63200  415.99901  7.69%  63.7 1006s
 34964 17476  429.06146  114  121  450.63200  415.99901  7.69%  63.8 1011s
 35375 17737  415.99901  116  172  450.63200  415.99901  7.69%  63.8 1016s
 35941 18053  415.99901  119  175  450.63200  415.99901  7.69%  63.7 1021s
 36592 18263  415.99901  122  173  450.63200  415.99901  7.69%  63.6 1025s
 37184 18624  415.99901  125  173  450.63200  415.99901  7.69%  63.6 1031s
 37978 18736  415.99901  128  174  450.63200  415.99901  7.69%  63.6 1036s
 38730 18958  415.99901  131  178  450.63200  415.99901  7.69%  63.8 1042s
 39486 19532  433.29101  132  122  450.63200  415.99901  7.69%  63.8 1048s
 40434 19697  415.99901  135  178  450.63200  415.99901  7.69%  63.6 1054s
 41093 19956  415.99901  138  180  450.63200  415.99901  7.69%  63.9 1060s
 41771 20220  415.99901  141  180  450.63200  415.99901  7.69%  64.2 1066s
 42481 20643  415.99901  144  180  450.63200  415.99901  7.69%  64.4 1073s
 43390 20814  415.99901  147  178  450.63200  415.99901  7.69%  64.5 1079s
 44295 21337  415.99901  151  172  450.63200  415.99901  7.69%  64.7 1086s
 45281 21830  416.02385  154  171  450.63200  416.02385  7.68%  64.8 1096s
 46683 21757  416.14147  159  171  450.63200  416.14147  7.65%  65.0 1101s
 47363 21879  416.17185  161  176  450.63200  416.17185  7.65%  65.1 1106s
 47891 22353  416.22751  164  173  450.63200  416.22751  7.63%  65.2 1112s
 48867 22656  416.25940  167  173  450.63200  416.25940  7.63%  65.1 1117s
 49786 22870  416.32205  170  171  450.63200  416.32205  7.61%  65.0 1123s
 50654 23065  416.37378  173  173  450.63200  416.37378  7.60%  65.1 1129s
 51489 23386  429.63151  175  141  450.63200  416.41663  7.59%  65.2 1134s
 52501 23678  416.46198  178  177  450.63200  416.46198  7.58%  65.1 1140s
 53557 24307  416.57463  180  178  450.63200  416.57463  7.56%  64.9 1146s
 54703 24668  416.64324  183  177  450.63200  416.64324  7.54%  64.7 1151s
 55573 25033  416.74134  186  182  450.63200  416.74134  7.52%  64.6 1157s
 56399 25156  416.78047  189  180  450.63200  416.78047  7.51%  64.6 1162s
 57050 25338  416.80775  192  178  450.63200  416.80775  7.51%  64.7 1167s
 57618 25679  426.66105  194  133  450.63200  416.83365  7.50%  64.8 1172s
 58470 25631  416.87827  197  175  450.63200  416.87827  7.49%  64.9 1177s
 59003 26044  435.17366  199  119  450.63200  417.02001  7.46%  65.2 1183s
 59784 26648  417.11214  202  183  450.63200  417.11214  7.44%  65.2 1194s
 61228 26517  436.68149  206  140  450.63200  417.23492  7.41%  65.4 1199s
 61950 26562  417.32938  209  186  450.63200  417.32938  7.39%  65.5 1205s
 62489 27081  417.40073  212  186  450.63200  417.40073  7.37%  65.7 1211s
 63381 27539  417.46217  215  185  450.63200  417.46217  7.36%  65.6 1217s
 64434 28352  417.54367  218  185  450.63200  417.54367  7.34%  65.5 1223s
 65749 28801  417.69904  221  191  450.63200  417.69904  7.31%  65.3 1229s
 66865 29144  417.81357  224  187  450.63200  417.81357  7.28%  65.1 1235s
 67761 29403  417.89364  227  187  450.63200  417.89364  7.26%  65.0 1240s
 69148 30198  418.15252  233  182  450.63200  418.15252  7.21%  65.2 1250s
 70033 30704  418.29941  236  183  450.63200  418.29941  7.17%  65.1 1256s
 70985 31093  418.35807  239  180  450.63200  418.35807  7.16%  65.0 1261s
 71838 31214  418.42668  242  179  450.63200  418.42668  7.15%  64.9 1266s
 72482 31322  418.56565  245  180  450.63200  418.56565  7.12%  65.1 1271s
 73321 31363  418.65208  248  175  450.63200  418.65208  7.10%  65.3 1276s
 74086 31585  418.72686  251  180  450.63200  418.72686  7.08%  65.4 1281s
 74924 31921  418.83806  254  179  450.63200  418.83806  7.06%  65.6 1290s
 76373 31827  418.90409  259  170  450.63200  418.90409  7.04%  65.8 1295s
 77875 31987  419.02710  265  175  450.63200  419.02710  7.01%  66.0 1304s
 78915 32468  419.08665  268  176  450.63200  419.08665  7.00%  66.0 1309s
 79879 33016  419.15218  271  179  450.63200  419.15218  6.99%  65.9 1315s
 81261 34128  419.26438  276  172  450.63200  419.26438  6.96%  65.9 1324s
 82094 34527  419.39914  279  172  450.63200  419.39914  6.93%  65.9 1330s
 82696 35175  419.47233  282  178  450.63200  419.47233  6.91%  65.9 1335s
 83664 35626  419.51773  285  182  450.63200  419.51773  6.90%  65.8 1340s
 84224 36252  419.57709  287  183  450.63200  419.57709  6.89%  65.8 1345s
 84981 36702  419.61395  290  183  450.63200  419.61395  6.88%  65.7 1350s
 85616 36938  419.70605  293  181  450.63200  419.70605  6.86%  65.8 1355s
 85950 37388  419.75736  296  188  450.63200  419.75736  6.85%  65.9 1360s
 86526 38120  419.85528  299  184  450.63200  419.85528  6.83%  65.9 1366s
 87424 38809  419.92592  302  186  450.63200  419.92592  6.81%  65.8 1372s
 88304 39146  419.98894  305  186  450.63200  419.98894  6.80%  65.8 1379s
 89068 39760  420.04433  308  179  450.63200  420.04433  6.79%  65.9 1384s
 89817 40726  420.10171  311  186  450.63200  420.10171  6.77%  65.8 1393s
 90930 41271  420.13876  314  184  450.63200  420.13876  6.77%  65.8 1399s
 91899 42006  420.16802  317  188  450.63200  420.16802  6.76%  65.8 1405s
 92814 42750  420.31670  320  182  450.63200  420.31670  6.73%  65.7 1410s
 93818 43242  420.36635  322  185  450.63200  420.36635  6.72%  65.6 1415s
 94523 43857  420.45124  325  183  450.63200  420.45124  6.70%  65.7 1420s
 95285 44448  420.58979  328  183  450.63200  420.58979  6.67%  65.7 1425s
 96006 45272  420.69444  331  188  450.63200  420.69444  6.64%  65.7 1431s
 96938 45883  420.83514  334  184  450.63200  420.83514  6.61%  65.6 1437s
 97801 46448  420.90992  337  185  450.63200  420.90992  6.60%  65.7 1443s
 98668 46833  420.95944  340  183  450.63200  420.95944  6.58%  65.7 1448s
 99440 47122  421.09542  343  188  450.63200  421.09542  6.55%  65.8 1453s
 100082 47597  421.12392  346  190  450.63200  421.12392  6.55%  65.9 1459s
 101024 47993  421.18911  349  187  450.63200  421.18911  6.53%  66.0 1464s
 101658 48630  421.26195  352  185  450.63200  421.26195  6.52%  66.0 1470s
 102665 48989  421.31872  355  182  450.63200  421.31872  6.50%  66.0 1475s
 103315 49558  421.33417  357  188  450.63200  421.33417  6.50%  66.2 1480s
 104056 50194  421.37967  360  187  450.63200  421.37967  6.49%  66.3 1486s
 105005 50820  421.50277  363  183  450.63200  421.50277  6.46%  66.3 1495s
 105968 51143  421.59257  367  182  450.63200  421.59257  6.44%  66.4 1501s
 106627 51369  421.72768  370  184  450.63200  421.72768  6.41%  66.5 1508s
 107016 51915  421.88937  372  185  450.63200  421.88937  6.38%  66.6 1516s
 107938 52653  421.98570  375  188  450.63200  421.98570  6.36%  66.7 1523s
 109136 53832  422.13101  379  184  450.63200  422.13101  6.32%  66.7 1531s
 110611 54891  422.15828  382  184  450.63200  422.15828  6.32%  66.5 1538s
 112000 55277  422.31514  385  185  450.63200  422.31514  6.28%  66.4 1543s
 112646 55676  422.39208  388  185  450.63200  422.39208  6.27%  66.5 1549s
 113491 56149  422.43498  391  190  450.63200  422.43498  6.26%  66.6 1554s
 114585 56917  422.51591  394  183  450.63200  422.51591  6.24%  66.6 1560s
 115604 57521  429.44750  396  150  450.63200  422.56500  6.23%  66.5 1565s
 116483 58328  422.62458  399  183  450.63200  422.62458  6.22%  66.5 1571s
 117620 58987  422.72585  402  181  450.63200  422.72585  6.19%  66.5 1577s
 118559 59764  422.76657  405  185  450.63200  422.76657  6.18%  66.5 1583s
 119595 60454  422.79060  408  182  450.63200  422.79060  6.18%  66.5 1592s
 120601 61241  422.85401  412  184  450.63200  422.85401  6.16%  66.5 1600s
 121638 61651  422.89321  416  178  450.63200  422.89321  6.16%  66.5 1606s
 122493 62230  422.98405  419  179  450.63200  422.98405  6.14%  66.5 1612s
 123258 62753  423.01586  421  178  450.63200  423.01586  6.13%  66.6 1618s
 123899 63609  423.05978  424  175  450.63200  423.05978  6.12%  66.6 1624s
 124848 64634  423.11428  427  180  450.63200  423.11428  6.11%  66.5 1630s
 125986 65617  423.15064  430  187  450.63200  423.15064  6.10%  66.3 1637s
 127117 66294  423.18278  433  188  450.63200  423.18278  6.09%  66.1 1643s
 128042 66756  423.20485  436  187  450.63200  423.20485  6.09%  66.1 1649s
 128678 67437  423.25329  439  188  450.63200  423.25329  6.08%  66.2 1654s
 129441 67918  423.31824  442  185  450.63200  423.31824  6.06%  66.2 1660s
 130125 68158  423.38922  445  187  450.63200  423.38922  6.05%  66.3 1665s
 130498 68881  423.39489  446  185  450.63200  423.39489  6.04%  66.3 1671s
 131354 69477  423.44097  449  185  450.63200  423.44097  6.03%  66.3 1677s
 132154 70145  423.48615  452  189  450.63200  423.48615  6.02%  66.3 1683s
 133044 70242  423.50937  455  183  450.63200  423.50937  6.02%  66.3 1689s
 133440 70819  423.52275  457  182  450.63200  423.52275  6.02%  66.4 1695s
 134206 71238  423.55483  460  181  450.63200  423.55483  6.01%  66.4 1704s
 134801 71809     cutoff  463       450.63200  423.60939  6.00%  66.5 1714s
 135746 72686  423.70263  468  181  450.63200  423.70263  5.98%  66.7 1723s
 136839 73311  447.91061  472  135  450.63200  423.80767  5.95%  66.8 1732s
 137683 73912  423.85751  476  185  450.63200  423.85751  5.94%  66.8 1740s
 138506 74955  423.90773  480  186  450.63200  423.90773  5.93%  66.8 1749s
 139758 75715  423.92783  484  188  450.63200  423.92783  5.93%  66.8 1757s
 140835 76330  439.40842  487  134  450.63200  423.98869  5.91%  66.9 1765s
 141920 77170  439.27999  490  137  450.63200  424.08818  5.89%  66.9 1773s
 143060 77907  424.12826  494  184  450.63200  424.12826  5.88%  66.9 1781s
 144035 78390  446.08895  497  124  450.63200  424.24009  5.86%  66.9 1788s
 144690 78938  439.90158  499  150  450.63200  424.25718  5.85%  66.9 1795s
 145477 79409  424.28195  502  181  450.63200  424.28195  5.85%  67.0 1801s
 146058 80172  424.31677  506  183  450.63200  424.31677  5.84%  67.0 1808s
 146909 80925  440.07460  509  146  450.63200  424.41204  5.82%  67.0 1815s
 147805 81651  424.44963  513  180  450.63200  424.44963  5.81%  67.0 1823s
 148695 82477  424.48277  516  186  450.63200  424.48277  5.80%  67.0 1831s
 149749 83510  424.58089  520  184  450.63200  424.58089  5.78%  66.9 1839s
 151024 83949  424.65042  523  187  450.63200  424.65042  5.77%  66.8 1844s
 151663 84432  445.46657  525  149  450.63200  424.69914  5.75%  66.9 1849s
 152437 84532  424.75998  528  186  450.63200  424.75998  5.74%  66.9 1854s
 152767 84685  424.82529  531  186  450.63200  424.82529  5.73%  67.0 1859s
 153017 85071  424.86120  533  186  450.63200  424.86120  5.72%  67.1 1865s
 153575 85272  424.90445  536  186  450.63200  424.90445  5.71%  67.2 1871s
 154105 85714  424.97673  540  187  450.63200  424.97673  5.69%  67.3 1878s
 154917 86349  425.13622  543  184  450.63200  425.13622  5.66%  67.4 1885s
 155860 87166  425.19451  546  184  450.63200  425.19451  5.64%  67.4 1892s
 156920 87637  425.22607  549  188  450.63200  425.22607  5.64%  67.4 1899s
 157722 88074  425.26635  553  187  450.63200  425.26635  5.63%  67.6 1906s
 158405 88387  425.29312  555  185  450.63200  425.29312  5.62%  67.7 1912s
 158964 89198  425.32002  558  182  450.63200  425.32002  5.62%  67.8 1919s
 159947 90111  438.96481  561  140  450.63200  425.55619  5.56%  67.7 1927s
 161139 90579  425.61028  564  195  450.63200  425.61028  5.55%  67.7 1934s
 161770 91537  425.64550  567  196  450.63200  425.64550  5.54%  67.7 1940s
 162970 92013  425.74728  571  190  450.63200  425.74728  5.52%  67.7 1946s
 163592 92440  425.79596  575  185  450.63200  425.79596  5.51%  67.7 1955s
 164312 93219  425.87079  578  188  450.63200  425.87079  5.49%  67.8 1965s
 165491 93973  425.91946  583  186  450.63200  425.91946  5.48%  67.9 1974s
 166544 94559  425.98615  587  185  450.63200  425.98615  5.47%  68.0 1981s
 167362 94979  426.03269  590  187  450.63200  426.03269  5.46%  68.0 1988s
 168106 95509  426.13396  593  185  450.63200  426.13396  5.44%  68.1 1995s
 169002 95867  426.17948  596  187  450.63200  426.17948  5.43%  68.1 2002s
 169535 96044  426.25036  600  180  450.63200  426.25036  5.41%  68.1 2009s
 169865 96231  441.94856  603  118  450.63200  426.35228  5.39%  68.2 2016s
 170307 96290  426.41565  607  181  450.63200  426.41565  5.37%  68.2 2025s
 170398 96335  439.33258  607  138  450.63200  426.41668  5.37%  68.3 2037s
 170565 96960  426.46456  608  178  450.63200  426.46456  5.36%  68.3 2044s
 171280 97728  426.51825  612  176  450.63200  426.51825  5.35%  68.3 2053s
 172213 98314  426.62309  616  180  450.63200  426.62309  5.33%  68.3 2061s
 173298 98808  426.68641  620  176  450.63200  426.68641  5.31%  68.3 2069s
 174180 99535  426.78713  625  180  450.63200  426.78713  5.29%  68.4 2077s
 175095 100063  426.82427  629  186  450.63200  426.82427  5.28%  68.4 2085s
 175755 100928  436.23055  630  133  450.63200  426.83605  5.28%  68.5 2092s
 176840 101800  426.86240  633  183  450.63200  426.86240  5.27%  68.4 2101s
 177806 102827  427.01085  637  181  450.63200  427.01085  5.24%  68.4 2108s
 178941 103893  427.14831  641  176  450.63200  427.14831  5.21%  68.3 2119s
 180184 104397  427.20251  645  181  450.63200  427.20251  5.20%  68.2 2124s
 180883 105183  427.21951  648  175  450.63200  427.21951  5.20%  68.2 2131s
 181811 105580  427.28947  651  187  450.63200  427.28947  5.18%  68.2 2137s
 182371 105836  427.38122  655  185  450.63200  427.38122  5.16%  68.3 2143s
 183012 106453  427.49990  658  185  450.63200  427.49990  5.13%  68.4 2149s
 183824 106893  427.57395  661  183  450.63200  427.57395  5.12%  68.4 2155s
 184482 107233  427.59188  664  183  450.63200  427.59188  5.11%  68.4 2161s
 184922 107914  427.62451  667  185  450.63200  427.62451  5.11%  68.4 2168s
 185822 108213  427.74513  672  183  450.63200  427.74513  5.08%  68.5 2175s
 186440 108697  427.88685  676  182  450.63200  427.88685  5.05%  68.6 2182s
 187289 109064  427.96260  679  180  450.63200  427.96260  5.03%  68.7 2189s
 187890 109429  449.41362  681  139  450.63200  428.05352  5.01%  68.8 2196s
 188761 109582  428.10772  684  185  450.63200  428.10772  5.00%  68.9 2202s
 189405 110014  428.17813  688  177  450.63200  428.17813  4.98%  68.9 2209s
 190189 110359  450.01965  692  141  450.63200  428.22597  4.97%  69.0 2215s
 190865 110888  428.29348  696  178  450.63200  428.29348  4.96%  69.1 2223s
 191893 111230  428.39971  700  181  450.63200  428.39971  4.93%  69.1 2231s
 192756 111682  428.43867  703  183  450.63200  428.43867  4.92%  69.1 2238s
 193615 112004  446.69243  706  130  450.63200  428.48552  4.91%  69.2 2248s
 194516 112428  428.52584  710  176  450.63200  428.52584  4.91%  69.3 2255s
 195288 112856  441.91828  714  143  450.63200  428.60830  4.89%  69.3 2263s
 195932 113691  428.66695  718  175  450.63200  428.66695  4.87%  69.4 2271s
 197098 114421  428.69448  720  175  450.63200  428.69448  4.87%  69.4 2279s
 198027 115088  428.73648  724  180  450.63200  428.73648  4.86%  69.5 2287s
 198970 115484  428.88450  729  180  450.63200  428.88450  4.83%  69.5 2295s
 199707 115905  428.96633  732  180  450.63200  428.96633  4.81%  69.5 2302s
 200345 116430  429.02591  736  178  450.63200  429.02591  4.79%  69.6 2309s
 201185 116899  429.05661  740  176  450.63200  429.05661  4.79%  69.6 2317s
 202171 117373  429.07677  744  175  450.63200  429.07677  4.78%  69.7 2325s
 202930 117903  446.37996  748  133  450.63200  429.14444  4.77%  69.7 2332s
 203794 118717  429.20266  752  181  450.63200  429.20266  4.76%  69.8 2340s
 204845 119119  429.26067  756  174  450.63200  429.26067  4.74%  69.8 2348s
 205534 119410  449.12791  760  148  450.63200  429.32943  4.73%  69.8 2355s
 206324 119759  429.37116  764  176  450.63200  429.37116  4.72%  69.9 2362s
 206830 120517  429.48396  768  178  450.63200  429.48396  4.69%  70.0 2369s
 207757 120868  429.58338  773  181  450.63200  429.58338  4.67%  70.0 2378s
 208366 121266  429.60399  776  177  450.63200  429.60399  4.67%  70.0 2387s
 209035 122039  429.64029  780  174  450.63200  429.64029  4.66%  70.1 2397s
 210044 122567  429.71871  786  185  450.63200  429.71871  4.64%  70.2 2407s
 210955 123062  429.81151  790  185  450.63200  429.81151  4.62%  70.3 2416s
 211854 123480  429.84075  795  186  450.63200  429.84075  4.61%  70.4 2425s
 212619 124014  429.93151  800  183  450.63200  429.90934  4.60%  70.5 2433s
 213447 124273  429.99741  805  188  450.63200  429.99741  4.58%  70.6 2441s
 214021 124915  430.04870  808  181  450.63200  430.00080  4.58%  70.7 2449s
 215284 125671  430.09888  813  188  450.63200  430.02034  4.57%  70.7 2459s
 216236 126460  430.15998  817  188  450.63200  430.08323  4.56%  70.7 2467s
 217371 126945  430.22746  821  185  450.63200  430.08692  4.56%  70.7 2476s
 218194 127492  430.26980  825  180  450.63200  430.13962  4.55%  70.8 2483s
 218974 127957  430.33455  830  181  450.63200  430.19153  4.54%  70.9 2492s
 219804 128337  430.42805  835  176  450.63200  430.20560  4.53%  71.0 2500s
 220495 128630     cutoff  839       450.63200  430.25720  4.52%  71.1 2507s
 221191 129195  430.52818  844  181  450.63200  430.27445  4.52%  71.2 2515s
 222198 129805  430.61668  850  181  450.63200  430.33609  4.50%  71.2 2523s
 223027 130414     cutoff  855       450.63200  430.35403  4.50%  71.3 2534s
 223891 130688     cutoff  858       450.63200  430.38464  4.49%  71.4 2541s
 224673 131193  430.77851  863  182  450.63200  430.44076  4.48%  71.4 2549s
 225644 131811  430.83119  867  182  450.63200  430.44874  4.48%  71.5 2557s
 226598 132333  430.90169  871  185  450.63200  430.50473  4.47%  71.6 2565s
 227476 132827  431.00697  876  179  450.63200  430.57708  4.45%  71.6 2573s
 228199 133438  431.15519  881  179  450.63200  430.60186  4.44%  71.7 2581s
 229012 134216  431.20860  886  178  450.63200  430.63730  4.44%  71.7 2590s
 230104 134667  431.24458  889  181  450.63200  430.66142  4.43%  71.7 2598s
 231067 135097  431.28949  893  181  450.63200  430.69342  4.42%  71.8 2605s
 231839 135442  431.35086  897  178  450.63200  430.73365  4.42%  71.9 2612s
 232349 135921  431.38966  901  181  450.63200  430.75397  4.41%  71.9 2620s
 233243 136237  431.48219  905  180  450.63200  430.78296  4.40%  71.9 2627s
 233863 136656  431.58274  910  184  450.63200  430.80843  4.40%  72.0 2635s
 234555 137235  431.62085  915  182  450.63200  430.82604  4.40%  72.1 2642s
 235505 137946  431.68142  919  178  450.63200  430.83261  4.39%  72.1 2649s
 236356 138652  431.76584  924  176  450.63200  430.83261  4.39%  72.1 2658s
 237255 139073  431.85065  930  182  450.63200  430.86842  4.39%  72.1 2666s
 237860 139715  431.89955  934  180  450.63200  430.90516  4.38%  72.2 2675s
 238645 140757  431.92629  936  182  450.63200  430.93358  4.37%  72.2 2684s
 239838 141540     cutoff  941       450.63200  430.93562  4.37%  72.2 2692s
 240841 142116  432.08476  946  184  450.63200  430.95926  4.37%  72.2 2699s
 241625 142592  432.13492  950  185  450.63200  430.95926  4.37%  72.2 2706s
 242276 142791  432.21623  954  188  450.63200  431.01650  4.35%  72.2 2713s
 242560 143304  432.26970  958  185  450.63200  431.03084  4.35%  72.2 2720s
 243321 143762  432.33510  962  182  450.63200  431.04765  4.35%  72.3 2728s
 243984 144127  432.43495  966  182  450.63200  431.07324  4.34%  72.3 2735s
 244558 144718  444.22449  969  163  450.63200  431.09925  4.33%  72.4 2743s
 245344 145684     cutoff  973       450.63200  431.10449  4.33%  72.4 2752s
 246439 146382  432.69378  979  181  450.63200  431.10449  4.33%  72.4 2760s
 247473 146859  432.77528  984  176  450.63200  431.14984  4.32%  72.4 2768s
 248323 147038  432.82515  989  177  450.63200  431.19286  4.31%  72.5 2775s
 248824 147345  432.85599  993  178  450.63200  431.25566  4.30%  72.6 2783s
 249480 147602  432.89772  999  176  450.63200  431.26614  4.30%  72.7 2790s
 250114 148165  432.91706 1003  178  450.63200  431.31034  4.29%  72.8 2798s
 250893 149023  432.96750 1008  176  450.63200  431.34567  4.28%  72.9 2807s
 251840 149483     cutoff 1013       450.63200  431.34567  4.28%  72.8 2814s
 252445 150411  433.15550 1016  178  450.63200  431.37341  4.27%  72.8 2825s
 253688 150755  433.23684 1022  177  450.63200  431.38861  4.27%  72.8 2831s
 254190 151429  433.25563 1025  179  450.63200  431.43318  4.26%  72.8 2839s
 255057 151895  433.28806 1029  180  450.63200  431.45407  4.26%  72.8 2845s
 255737 152260  433.31919 1033  182  450.63200  431.47811  4.25%  72.9 2852s
 256421 152697  433.38160 1037  184  450.63200  431.49451  4.25%  72.9 2860s
 257147 153112  433.49318 1043  180  450.63200  431.51572  4.24%  72.9 2867s
 257685 153566  433.56550 1047  175  450.63200  431.54094  4.24%  72.9 2875s
 258356 154284  433.62428 1052  182  450.63200  431.54559  4.24%  73.0 2882s
 259248 155075  433.66174 1057  183  450.63200  431.56402  4.23%  73.0 2891s
 260310 155511  433.73571 1062  182  450.63200  431.56402  4.23%  73.0 2898s
 260990 155952  433.76557 1066  180  450.63200  431.61215  4.22%  73.0 2906s
 261646 156433  449.92673 1070  123  450.63200  431.64523  4.21%  73.0 2911s

Cutting planes:
  MIR: 32
  Flow cover: 221

Explored 262279 nodes (19152641 simplex iterations) in 2911.18 seconds (5818.53 work units)
Thread count was 8 (of 40 available processors)

Solution count 10: 450.632 453.36 463.072 ... 496.92

Time limit reached
Best objective 4.506320000000e+02, best bound 4.316492504293e+02, gap 4.2125%

User-callback calls 924896, time in user-callback 3.32 sec
[MIP] status=TIME_LIMIT(9) buses=9 obj=900450.632 gap=0.042124726097240384 -> /home/nc437/ladder-lite/diving_pricing_20260919/results/c5_k08/control_arm_a/586643_r0/result.json
