
Gurobi 12.0.3 (linux64) logging started Mon Sep 21 00:18:54 2026

Set parameter LogFile to value "/home/nc437/ladder-lite/capacity_loop_20260921/results/k1_duty13406__on/cg/628429_r0/result.json.gurobi.log"
Gurobi Optimizer version 12.0.3 build v12.0.3rc0 (linux64 - "Ubuntu 24.04.4 LTS")

CPU model: Intel(R) Xeon(R) CPU E5-2697 v2 @ 2.70GHz, instruction set [SSE2|AVX]
Thread count: 24 physical cores, 24 logical processors, using up to 4 threads

Non-default parameters:
Threads  4

Optimize a model with 7814 rows, 28 columns and 28 nonzeros
Model fingerprint: 0x5ef6d42d
Coefficient statistics:
  Matrix range     [1e+00, 1e+00]
  Objective range  [1e+05, 5e+05]
  Bounds range     [0e+00, 0e+00]
  RHS range        [1e+00, 2e+00]
Presolve removed 7814 rows and 28 columns
Presolve time: 0.08s
Presolve: All rows and columns removed
Iteration    Objective       Primal Inf.    Dual Inf.      Time
       0    1.4000000e+06   0.000000e+00   0.000000e+00      0s

Solved in 0 iterations and 0.09 seconds (0.00 work units)
Optimal objective  1.400000000e+06
Gurobi Optimizer version 12.0.3 build v12.0.3rc0 (linux64 - "Ubuntu 24.04.4 LTS")

CPU model: Intel(R) Xeon(R) CPU E5-2697 v2 @ 2.70GHz, instruction set [SSE2|AVX]
Thread count: 24 physical cores, 24 logical processors, using up to 4 threads

Non-default parameters:
Threads  4

Optimize a model with 7814 rows, 29 columns and 136 nonzeros
Coefficient statistics:
  Matrix range     [1e+00, 1e+00]
  Objective range  [1e+05, 5e+05]
  Bounds range     [0e+00, 0e+00]
  RHS range        [1e+00, 2e+00]
LP warm-start: use basis

Iteration    Objective       Primal Inf.    Dual Inf.      Time
       0   -1.2999430e+36   1.080000e+32   1.299943e+06      0s
      13    1.0005695e+05   0.000000e+00   0.000000e+00      0s

Solved in 13 iterations and 0.00 seconds (0.00 work units)
Optimal objective  1.000569520e+05
Gurobi Optimizer version 12.0.3 build v12.0.3rc0 (linux64 - "Ubuntu 24.04.4 LTS")

CPU model: Intel(R) Xeon(R) CPU E5-2697 v2 @ 2.70GHz, instruction set [SSE2|AVX]
Thread count: 24 physical cores, 24 logical processors, using up to 4 threads

Non-default parameters:
Threads  4

Optimize a model with 7814 rows, 30 columns and 138 nonzeros
Coefficient statistics:
  Matrix range     [1e+00, 1e+00]
  Objective range  [1e+05, 5e+05]
  Bounds range     [0e+00, 0e+00]
  RHS range        [1e+00, 2e+00]
LP warm-start: use basis

Iteration    Objective       Primal Inf.    Dual Inf.      Time
       0   -5.6952000e+31   1.300000e+31   5.695200e+01      0s
       3    1.0005695e+05   0.000000e+00   0.000000e+00      0s

Solved in 3 iterations and 0.01 seconds (0.00 work units)
Optimal objective  1.000569520e+05
Gurobi Optimizer version 12.0.3 build v12.0.3rc0 (linux64 - "Ubuntu 24.04.4 LTS")

CPU model: Intel(R) Xeon(R) CPU E5-2697 v2 @ 2.70GHz, instruction set [SSE2|AVX]
Thread count: 24 physical cores, 24 logical processors, using up to 4 threads

Non-default parameters:
Threads  4

Optimize a model with 7814 rows, 31 columns and 141 nonzeros
Coefficient statistics:
  Matrix range     [1e+00, 1e+00]
  Objective range  [1e+05, 5e+05]
  Bounds range     [0e+00, 0e+00]
  RHS range        [1e+00, 2e+00]
LP warm-start: use basis

Iteration    Objective       Primal Inf.    Dual Inf.      Time
       0   -5.6952000e+31   1.200000e+31   5.695200e+01      0s
       3    1.0005695e+05   0.000000e+00   0.000000e+00      0s

Solved in 3 iterations and 0.01 seconds (0.00 work units)
Optimal objective  1.000569520e+05
Gurobi Optimizer version 12.0.3 build v12.0.3rc0 (linux64 - "Ubuntu 24.04.4 LTS")

CPU model: Intel(R) Xeon(R) CPU E5-2697 v2 @ 2.70GHz, instruction set [SSE2|AVX]
Thread count: 24 physical cores, 24 logical processors, using up to 4 threads

Non-default parameters:
Threads  4

Optimize a model with 7814 rows, 32 columns and 145 nonzeros
Coefficient statistics:
  Matrix range     [1e+00, 1e+00]
  Objective range  [1e+05, 5e+05]
  Bounds range     [0e+00, 0e+00]
  RHS range        [1e+00, 2e+00]
LP warm-start: use basis

Iteration    Objective       Primal Inf.    Dual Inf.      Time
       0   -5.6952000e+31   1.100000e+31   5.695200e+01      0s
       3    1.0005695e+05   0.000000e+00   0.000000e+00      0s

Solved in 3 iterations and 0.01 seconds (0.00 work units)
Optimal objective  1.000569520e+05
Gurobi Optimizer version 12.0.3 build v12.0.3rc0 (linux64 - "Ubuntu 24.04.4 LTS")

CPU model: Intel(R) Xeon(R) CPU E5-2697 v2 @ 2.70GHz, instruction set [SSE2|AVX]
Thread count: 24 physical cores, 24 logical processors, using up to 4 threads

Non-default parameters:
Threads  4

Optimize a model with 7814 rows, 33 columns and 148 nonzeros
Coefficient statistics:
  Matrix range     [1e+00, 1e+00]
  Objective range  [1e+05, 5e+05]
  Bounds range     [0e+00, 0e+00]
  RHS range        [1e+00, 2e+00]
LP warm-start: use basis

Iteration    Objective       Primal Inf.    Dual Inf.      Time
       0   -5.1704000e+31   1.200000e+31   5.170400e+01      0s
       2    1.0005695e+05   0.000000e+00   0.000000e+00      0s

Solved in 2 iterations and 0.01 seconds (0.00 work units)
Optimal objective  1.000569520e+05
Gurobi Optimizer version 12.0.3 build v12.0.3rc0 (linux64 - "Ubuntu 24.04.4 LTS")

CPU model: Intel(R) Xeon(R) CPU E5-2697 v2 @ 2.70GHz, instruction set [SSE2|AVX]
Thread count: 24 physical cores, 24 logical processors, using up to 4 threads

Non-default parameters:
Threads  4

Optimize a model with 7814 rows, 34 columns and 151 nonzeros
Coefficient statistics:
  Matrix range     [1e+00, 1e+00]
  Objective range  [1e+05, 5e+05]
  Bounds range     [0e+00, 0e+00]
  RHS range        [1e+00, 2e+00]
LP warm-start: use basis

Iteration    Objective       Primal Inf.    Dual Inf.      Time
       0   -5.1704000e+31   1.200000e+31   5.170400e+01      0s
       2    1.0005695e+05   0.000000e+00   0.000000e+00      0s

Solved in 2 iterations and 0.00 seconds (0.00 work units)
Optimal objective  1.000569520e+05
Gurobi Optimizer version 12.0.3 build v12.0.3rc0 (linux64 - "Ubuntu 24.04.4 LTS")

CPU model: Intel(R) Xeon(R) CPU E5-2697 v2 @ 2.70GHz, instruction set [SSE2|AVX]
Thread count: 24 physical cores, 24 logical processors, using up to 4 threads

Non-default parameters:
Threads  4

Optimize a model with 7814 rows, 35 columns and 158 nonzeros
Coefficient statistics:
  Matrix range     [1e+00, 1e+00]
  Objective range  [1e+05, 5e+05]
  Bounds range     [0e+00, 0e+00]
  RHS range        [1e+00, 2e+00]
LP warm-start: use basis

Iteration    Objective       Primal Inf.    Dual Inf.      Time
       0   -5.0960000e+31   1.200000e+31   5.096000e+01      0s
       1    1.0005695e+05   0.000000e+00   0.000000e+00      0s

Solved in 1 iterations and 0.00 seconds (0.00 work units)
Optimal objective  1.000569520e+05
Gurobi Optimizer version 12.0.3 build v12.0.3rc0 (linux64 - "Ubuntu 24.04.4 LTS")

CPU model: Intel(R) Xeon(R) CPU E5-2697 v2 @ 2.70GHz, instruction set [SSE2|AVX]
Thread count: 24 physical cores, 24 logical processors, using up to 4 threads

Non-default parameters:
Threads  4

Optimize a model with 7814 rows, 36 columns and 167 nonzeros
Coefficient statistics:
  Matrix range     [1e+00, 1e+00]
  Objective range  [1e+05, 5e+05]
  Bounds range     [0e+00, 0e+00]
  RHS range        [1e+00, 2e+00]
LP warm-start: use basis

Iteration    Objective       Primal Inf.    Dual Inf.      Time
       0   -5.0712000e+31   1.000000e+31   5.071200e+01      0s
       1    1.0005695e+05   0.000000e+00   0.000000e+00      0s

Solved in 1 iterations and 0.00 seconds (0.00 work units)
Optimal objective  1.000569520e+05
Gurobi Optimizer version 12.0.3 build v12.0.3rc0 (linux64 - "Ubuntu 24.04.4 LTS")

CPU model: Intel(R) Xeon(R) CPU E5-2697 v2 @ 2.70GHz, instruction set [SSE2|AVX]
Thread count: 24 physical cores, 24 logical processors, using up to 4 threads

Non-default parameters:
Threads  4

Optimize a model with 7814 rows, 37 columns and 171 nonzeros
Coefficient statistics:
  Matrix range     [1e+00, 1e+00]
  Objective range  [1e+05, 5e+05]
  Bounds range     [0e+00, 0e+00]
  RHS range        [1e+00, 2e+00]
LP warm-start: use basis

Iteration    Objective       Primal Inf.    Dual Inf.      Time
       0   -5.0712000e+31   1.000000e+31   5.071200e+01      0s
       3    1.0005695e+05   0.000000e+00   0.000000e+00      0s

Solved in 3 iterations and 0.01 seconds (0.00 work units)
Optimal objective  1.000569520e+05
Gurobi Optimizer version 12.0.3 build v12.0.3rc0 (linux64 - "Ubuntu 24.04.4 LTS")

CPU model: Intel(R) Xeon(R) CPU E5-2697 v2 @ 2.70GHz, instruction set [SSE2|AVX]
Thread count: 24 physical cores, 24 logical processors, using up to 4 threads

Non-default parameters:
Threads  4

Optimize a model with 7814 rows, 38 columns and 180 nonzeros
Coefficient statistics:
  Matrix range     [1e+00, 1e+00]
  Objective range  [1e+05, 5e+05]
  Bounds range     [0e+00, 0e+00]
  RHS range        [1e+00, 2e+00]
LP warm-start: use basis

Iteration    Objective       Primal Inf.    Dual Inf.      Time
       0   -4.9720000e+31   1.400000e+31   4.972000e+01      0s
       2    1.0005695e+05   0.000000e+00   0.000000e+00      0s

Solved in 2 iterations and 0.01 seconds (0.00 work units)
Optimal objective  1.000569520e+05
Gurobi Optimizer version 12.0.3 build v12.0.3rc0 (linux64 - "Ubuntu 24.04.4 LTS")

CPU model: Intel(R) Xeon(R) CPU E5-2697 v2 @ 2.70GHz, instruction set [SSE2|AVX]
Thread count: 24 physical cores, 24 logical processors, using up to 4 threads

Non-default parameters:
Threads  4

Optimize a model with 7814 rows, 39 columns and 195 nonzeros
Coefficient statistics:
  Matrix range     [1e+00, 1e+00]
  Objective range  [1e+05, 5e+05]
  Bounds range     [0e+00, 0e+00]
  RHS range        [1e+00, 2e+00]
LP warm-start: use basis

Iteration    Objective       Primal Inf.    Dual Inf.      Time
       0   -4.7736000e+31   1.300000e+31   4.773600e+01      0s
       2    1.0005695e+05   0.000000e+00   0.000000e+00      0s

Solved in 2 iterations and 0.01 seconds (0.00 work units)
Optimal objective  1.000569520e+05
Gurobi Optimizer version 12.0.3 build v12.0.3rc0 (linux64 - "Ubuntu 24.04.4 LTS")

CPU model: Intel(R) Xeon(R) CPU E5-2697 v2 @ 2.70GHz, instruction set [SSE2|AVX]
Thread count: 24 physical cores, 24 logical processors, using up to 4 threads

Non-default parameters:
Threads  4

Optimize a model with 7814 rows, 40 columns and 204 nonzeros
Coefficient statistics:
  Matrix range     [1e+00, 1e+00]
  Objective range  [1e+05, 5e+05]
  Bounds range     [0e+00, 0e+00]
  RHS range        [1e+00, 2e+00]
LP warm-start: use basis

Iteration    Objective       Primal Inf.    Dual Inf.      Time
       0   -4.3728000e+31   1.800000e+31   4.372800e+01      0s
       3    1.0005695e+05   0.000000e+00   0.000000e+00      0s

Solved in 3 iterations and 0.01 seconds (0.00 work units)
Optimal objective  1.000569520e+05
Gurobi Optimizer version 12.0.3 build v12.0.3rc0 (linux64 - "Ubuntu 24.04.4 LTS")

CPU model: Intel(R) Xeon(R) CPU E5-2697 v2 @ 2.70GHz, instruction set [SSE2|AVX]
Thread count: 24 physical cores, 24 logical processors, using up to 4 threads

Non-default parameters:
Threads  4

Optimize a model with 7814 rows, 41 columns and 235 nonzeros
Coefficient statistics:
  Matrix range     [1e+00, 1e+00]
  Objective range  [1e+05, 5e+05]
  Bounds range     [0e+00, 0e+00]
  RHS range        [1e+00, 2e+00]
LP warm-start: use basis

Iteration    Objective       Primal Inf.    Dual Inf.      Time
       0   -4.8962667e+31   4.133333e+31   4.896267e+01      0s
       6    1.0005695e+05   0.000000e+00   0.000000e+00      0s

Solved in 6 iterations and 0.00 seconds (0.00 work units)
Optimal objective  1.000569520e+05
Gurobi Optimizer version 12.0.3 build v12.0.3rc0 (linux64 - "Ubuntu 24.04.4 LTS")

CPU model: Intel(R) Xeon(R) CPU E5-2697 v2 @ 2.70GHz, instruction set [SSE2|AVX]
Thread count: 24 physical cores, 24 logical processors, using up to 4 threads

Non-default parameters:
Threads  4

Optimize a model with 7814 rows, 42 columns and 273 nonzeros
Coefficient statistics:
  Matrix range     [1e+00, 1e+00]
  Objective range  [1e+05, 5e+05]
  Bounds range     [0e+00, 0e+00]
  RHS range        [1e+00, 2e+00]
LP warm-start: use basis

Iteration    Objective       Primal Inf.    Dual Inf.      Time
       0   -3.9056000e+31   1.800000e+31   3.905600e+01      0s
       5    1.0005695e+05   0.000000e+00   0.000000e+00      0s

Solved in 5 iterations and 0.00 seconds (0.00 work units)
Optimal objective  1.000569520e+05
Gurobi Optimizer version 12.0.3 build v12.0.3rc0 (linux64 - "Ubuntu 24.04.4 LTS")

CPU model: Intel(R) Xeon(R) CPU E5-2697 v2 @ 2.70GHz, instruction set [SSE2|AVX]
Thread count: 24 physical cores, 24 logical processors, using up to 4 threads

Non-default parameters:
Threads  4

Optimize a model with 7814 rows, 43 columns and 282 nonzeros
Coefficient statistics:
  Matrix range     [1e+00, 1e+00]
  Objective range  [1e+05, 5e+05]
  Bounds range     [0e+00, 0e+00]
  RHS range        [1e+00, 2e+00]
LP warm-start: use basis

Iteration    Objective       Primal Inf.    Dual Inf.      Time
       0   -3.4840000e+31   3.066667e+31   3.484000e+01      0s
       5    1.0005695e+05   0.000000e+00   0.000000e+00      0s

Solved in 5 iterations and 0.01 seconds (0.00 work units)
Optimal objective  1.000569520e+05
Gurobi Optimizer version 12.0.3 build v12.0.3rc0 (linux64 - "Ubuntu 24.04.4 LTS")

CPU model: Intel(R) Xeon(R) CPU E5-2697 v2 @ 2.70GHz, instruction set [SSE2|AVX]
Thread count: 24 physical cores, 24 logical processors, using up to 4 threads

Non-default parameters:
Threads  4

Optimize a model with 7814 rows, 44 columns and 336 nonzeros
Coefficient statistics:
  Matrix range     [1e+00, 1e+00]
  Objective range  [1e+05, 5e+05]
  Bounds range     [0e+00, 0e+00]
  RHS range        [1e+00, 2e+00]
LP warm-start: use basis

Iteration    Objective       Primal Inf.    Dual Inf.      Time
       0   -4.3500000e+31   5.400000e+31   4.350000e+01      0s
       4    1.0005695e+05   0.000000e+00   0.000000e+00      0s

Solved in 4 iterations and 0.00 seconds (0.00 work units)
Optimal objective  1.000569520e+05
Gurobi Optimizer version 12.0.3 build v12.0.3rc0 (linux64 - "Ubuntu 24.04.4 LTS")

CPU model: Intel(R) Xeon(R) CPU E5-2697 v2 @ 2.70GHz, instruction set [SSE2|AVX]
Thread count: 24 physical cores, 24 logical processors, using up to 4 threads

Non-default parameters:
Threads  4

Optimize a model with 7814 rows, 45 columns and 351 nonzeros
Coefficient statistics:
  Matrix range     [1e+00, 1e+00]
  Objective range  [1e+05, 5e+05]
  Bounds range     [0e+00, 0e+00]
  RHS range        [1e+00, 2e+00]
LP warm-start: use basis

Iteration    Objective       Primal Inf.    Dual Inf.      Time
       0   -3.7256000e+31   3.960000e+31   3.725600e+01      0s
       7    1.0005695e+05   0.000000e+00   0.000000e+00      0s

Solved in 7 iterations and 0.01 seconds (0.00 work units)
Optimal objective  1.000569520e+05
Gurobi Optimizer version 12.0.3 build v12.0.3rc0 (linux64 - "Ubuntu 24.04.4 LTS")

CPU model: Intel(R) Xeon(R) CPU E5-2697 v2 @ 2.70GHz, instruction set [SSE2|AVX]
Thread count: 24 physical cores, 24 logical processors, using up to 4 threads

Non-default parameters:
Threads  4

Optimize a model with 7814 rows, 46 columns and 383 nonzeros
Coefficient statistics:
  Matrix range     [1e+00, 1e+00]
  Objective range  [1e+05, 5e+05]
  Bounds range     [0e+00, 0e+00]
  RHS range        [1e+00, 2e+00]
LP warm-start: use basis

Iteration    Objective       Primal Inf.    Dual Inf.      Time
       0   -1.9632000e+31   3.700000e+31   1.963200e+01      0s
       3    1.0005695e+05   0.000000e+00   0.000000e+00      0s

Solved in 3 iterations and 0.00 seconds (0.00 work units)
Optimal objective  1.000569520e+05
Gurobi Optimizer version 12.0.3 build v12.0.3rc0 (linux64 - "Ubuntu 24.04.4 LTS")

CPU model: Intel(R) Xeon(R) CPU E5-2697 v2 @ 2.70GHz, instruction set [SSE2|AVX]
Thread count: 24 physical cores, 24 logical processors, using up to 4 threads

Non-default parameters:
Threads  4

Optimize a model with 7814 rows, 47 columns and 445 nonzeros
Coefficient statistics:
  Matrix range     [1e+00, 1e+00]
  Objective range  [1e+05, 5e+05]
  Bounds range     [0e+00, 0e+00]
  RHS range        [1e+00, 2e+00]
LP warm-start: use basis

Iteration    Objective       Primal Inf.    Dual Inf.      Time
       0   -1.9528000e+31   5.850000e+31   1.952800e+01      0s
       5    1.0005695e+05   0.000000e+00   0.000000e+00      0s

Solved in 5 iterations and 0.00 seconds (0.00 work units)
Optimal objective  1.000569520e+05
Gurobi Optimizer version 12.0.3 build v12.0.3rc0 (linux64 - "Ubuntu 24.04.4 LTS")

CPU model: Intel(R) Xeon(R) CPU E5-2697 v2 @ 2.70GHz, instruction set [SSE2|AVX]
Thread count: 24 physical cores, 24 logical processors, using up to 4 threads

Non-default parameters:
Threads  4

Optimize a model with 7814 rows, 48 columns and 499 nonzeros
Coefficient statistics:
  Matrix range     [1e+00, 1e+00]
  Objective range  [1e+05, 5e+05]
  Bounds range     [0e+00, 0e+00]
  RHS range        [1e+00, 2e+00]
LP warm-start: use basis

Iteration    Objective       Primal Inf.    Dual Inf.      Time
       0   -2.1589000e+31   5.612500e+31   2.158900e+01      0s
       7    1.0005695e+05   0.000000e+00   0.000000e+00      0s

Solved in 7 iterations and 0.00 seconds (0.00 work units)
Optimal objective  1.000569520e+05
Gurobi Optimizer version 12.0.3 build v12.0.3rc0 (linux64 - "Ubuntu 24.04.4 LTS")

CPU model: Intel(R) Xeon(R) CPU E5-2697 v2 @ 2.70GHz, instruction set [SSE2|AVX]
Thread count: 24 physical cores, 24 logical processors, using up to 4 threads

Non-default parameters:
Threads  4

Optimize a model with 7814 rows, 49 columns and 536 nonzeros
Coefficient statistics:
  Matrix range     [1e+00, 1e+00]
  Objective range  [1e+05, 5e+05]
  Bounds range     [0e+00, 0e+00]
  RHS range        [1e+00, 2e+00]
LP warm-start: use basis

Iteration    Objective       Primal Inf.    Dual Inf.      Time
       0   -1.8240000e+31   1.133333e+32   1.824000e+01      0s
       3    1.0005695e+05   0.000000e+00   0.000000e+00      0s

Solved in 3 iterations and 0.00 seconds (0.00 work units)
Optimal objective  1.000569520e+05
Gurobi Optimizer version 12.0.3 build v12.0.3rc0 (linux64 - "Ubuntu 24.04.4 LTS")

CPU model: Intel(R) Xeon(R) CPU E5-2697 v2 @ 2.70GHz, instruction set [SSE2|AVX]
Thread count: 24 physical cores, 24 logical processors, using up to 4 threads

Non-default parameters:
Threads  4

Optimize a model with 7814 rows, 50 columns and 597 nonzeros
Coefficient statistics:
  Matrix range     [1e+00, 1e+00]
  Objective range  [1e+05, 5e+05]
  Bounds range     [0e+00, 0e+00]
  RHS range        [1e+00, 2e+00]
LP warm-start: use basis

Iteration    Objective       Primal Inf.    Dual Inf.      Time
       0   -1.3074400e+31   7.660000e+31   1.307440e+01      0s
       4    1.0005695e+05   0.000000e+00   0.000000e+00      0s

Solved in 4 iterations and 0.00 seconds (0.00 work units)
Optimal objective  1.000569520e+05
Gurobi Optimizer version 12.0.3 build v12.0.3rc0 (linux64 - "Ubuntu 24.04.4 LTS")

CPU model: Intel(R) Xeon(R) CPU E5-2697 v2 @ 2.70GHz, instruction set [SSE2|AVX]
Thread count: 24 physical cores, 24 logical processors, using up to 4 threads

Non-default parameters:
Threads  4

Optimize a model with 7814 rows, 51 columns and 657 nonzeros
Coefficient statistics:
  Matrix range     [1e+00, 1e+00]
  Objective range  [1e+05, 5e+05]
  Bounds range     [0e+00, 0e+00]
  RHS range        [1e+00, 2e+00]
LP warm-start: use basis

Iteration    Objective       Primal Inf.    Dual Inf.      Time
       0   -1.5548800e+31   8.120000e+31   1.554880e+01      0s
       1    1.0005695e+05   0.000000e+00   0.000000e+00      0s

Solved in 1 iterations and 0.00 seconds (0.00 work units)
Optimal objective  1.000569520e+05
Gurobi Optimizer version 12.0.3 build v12.0.3rc0 (linux64 - "Ubuntu 24.04.4 LTS")

CPU model: Intel(R) Xeon(R) CPU E5-2697 v2 @ 2.70GHz, instruction set [SSE2|AVX]
Thread count: 24 physical cores, 24 logical processors, using up to 4 threads

Non-default parameters:
Threads  4

Optimize a model with 7814 rows, 52 columns and 671 nonzeros
Coefficient statistics:
  Matrix range     [1e+00, 1e+00]
  Objective range  [1e+05, 5e+05]
  Bounds range     [0e+00, 0e+00]
  RHS range        [1e+00, 2e+00]
LP warm-start: use basis

Iteration    Objective       Primal Inf.    Dual Inf.      Time
       0   -1.6059429e+31   3.721429e+31   1.605943e+01      0s
       3    1.0005695e+05   0.000000e+00   0.000000e+00      0s

Solved in 3 iterations and 0.00 seconds (0.00 work units)
Optimal objective  1.000569520e+05
Gurobi Optimizer version 12.0.3 build v12.0.3rc0 (linux64 - "Ubuntu 24.04.4 LTS")

CPU model: Intel(R) Xeon(R) CPU E5-2697 v2 @ 2.70GHz, instruction set [SSE2|AVX]
Thread count: 24 physical cores, 24 logical processors, using up to 4 threads

Non-default parameters:
Threads  4

Optimize a model with 7814 rows, 53 columns and 686 nonzeros
Coefficient statistics:
  Matrix range     [1e+00, 1e+00]
  Objective range  [1e+05, 5e+05]
  Bounds range     [0e+00, 0e+00]
  RHS range        [1e+00, 2e+00]
LP warm-start: use basis

Iteration    Objective       Primal Inf.    Dual Inf.      Time
       0   -1.4743758e+31   1.014242e+32   1.474376e+01      0s
       4    1.0005695e+05   0.000000e+00   0.000000e+00      0s

Solved in 4 iterations and 0.00 seconds (0.00 work units)
Optimal objective  1.000569520e+05
Gurobi Optimizer version 12.0.3 build v12.0.3rc0 (linux64 - "Ubuntu 24.04.4 LTS")

CPU model: Intel(R) Xeon(R) CPU E5-2697 v2 @ 2.70GHz, instruction set [SSE2|AVX]
Thread count: 24 physical cores, 24 logical processors, using up to 4 threads

Non-default parameters:
Threads  4

Optimize a model with 7814 rows, 54 columns and 746 nonzeros
Coefficient statistics:
  Matrix range     [1e+00, 1e+00]
  Objective range  [1e+05, 5e+05]
  Bounds range     [0e+00, 0e+00]
  RHS range        [1e+00, 2e+00]
LP warm-start: use basis

Iteration    Objective       Primal Inf.    Dual Inf.      Time
       0   -1.0400000e+31   1.300000e+32   1.040000e+01      0s
       4    1.0005695e+05   0.000000e+00   0.000000e+00      0s

Solved in 4 iterations and 0.00 seconds (0.00 work units)
Optimal objective  1.000569520e+05
Gurobi Optimizer version 12.0.3 build v12.0.3rc0 (linux64 - "Ubuntu 24.04.4 LTS")

CPU model: Intel(R) Xeon(R) CPU E5-2697 v2 @ 2.70GHz, instruction set [SSE2|AVX]
Thread count: 24 physical cores, 24 logical processors, using up to 4 threads

Non-default parameters:
Threads  4

Optimize a model with 7814 rows, 55 columns and 801 nonzeros
Coefficient statistics:
  Matrix range     [1e+00, 1e+00]
  Objective range  [1e+05, 5e+05]
  Bounds range     [0e+00, 0e+00]
  RHS range        [1e+00, 2e+00]
LP warm-start: use basis

Iteration    Objective       Primal Inf.    Dual Inf.      Time
       0   -9.5313043e+30   5.863043e+31   9.531304e+00      0s
       6    1.0005695e+05   0.000000e+00   0.000000e+00      0s

Solved in 6 iterations and 0.00 seconds (0.00 work units)
Optimal objective  1.000569520e+05
Gurobi Optimizer version 12.0.3 build v12.0.3rc0 (linux64 - "Ubuntu 24.04.4 LTS")

CPU model: Intel(R) Xeon(R) CPU E5-2697 v2 @ 2.70GHz, instruction set [SSE2|AVX]
Thread count: 24 physical cores, 24 logical processors, using up to 4 threads

Non-default parameters:
Threads  4

Optimize a model with 7814 rows, 56 columns and 863 nonzeros
Coefficient statistics:
  Matrix range     [1e+00, 1e+00]
  Objective range  [1e+05, 5e+05]
  Bounds range     [0e+00, 0e+00]
  RHS range        [1e+00, 2e+00]
LP warm-start: use basis

Iteration    Objective       Primal Inf.    Dual Inf.      Time
       0   -1.1679529e+31   7.035294e+31   1.167953e+01      0s
       9    1.0005695e+05   0.000000e+00   0.000000e+00      0s

Solved in 9 iterations and 0.00 seconds (0.00 work units)
Optimal objective  1.000569520e+05
Gurobi Optimizer version 12.0.3 build v12.0.3rc0 (linux64 - "Ubuntu 24.04.4 LTS")

CPU model: Intel(R) Xeon(R) CPU E5-2697 v2 @ 2.70GHz, instruction set [SSE2|AVX]
Thread count: 24 physical cores, 24 logical processors, using up to 4 threads

Non-default parameters:
Threads  4

Optimize a model with 7814 rows, 57 columns and 925 nonzeros
Coefficient statistics:
  Matrix range     [1e+00, 1e+00]
  Objective range  [1e+05, 5e+05]
  Bounds range     [0e+00, 0e+00]
  RHS range        [1e+00, 2e+00]
LP warm-start: use basis

Iteration    Objective       Primal Inf.    Dual Inf.      Time
       0   -9.2217143e+30   1.335714e+32   9.221714e+00      0s
       1    1.0005695e+05   0.000000e+00   0.000000e+00      0s

Solved in 1 iterations and 0.00 seconds (0.00 work units)
Optimal objective  1.000569520e+05
Gurobi Optimizer version 12.0.3 build v12.0.3rc0 (linux64 - "Ubuntu 24.04.4 LTS")

CPU model: Intel(R) Xeon(R) CPU E5-2697 v2 @ 2.70GHz, instruction set [SSE2|AVX]
Thread count: 24 physical cores, 24 logical processors, using up to 4 threads

Non-default parameters:
Threads  4

Optimize a model with 7814 rows, 58 columns and 947 nonzeros
Coefficient statistics:
  Matrix range     [1e+00, 1e+00]
  Objective range  [1e+05, 5e+05]
  Bounds range     [0e+00, 0e+00]
  RHS range        [1e+00, 2e+00]
LP warm-start: use basis

Iteration    Objective       Primal Inf.    Dual Inf.      Time
       0   -7.1032000e+30   3.980000e+31   7.103200e+00      0s
       2    1.0005695e+05   0.000000e+00   0.000000e+00      0s

Solved in 2 iterations and 0.00 seconds (0.00 work units)
Optimal objective  1.000569520e+05
Gurobi Optimizer version 12.0.3 build v12.0.3rc0 (linux64 - "Ubuntu 24.04.4 LTS")

CPU model: Intel(R) Xeon(R) CPU E5-2697 v2 @ 2.70GHz, instruction set [SSE2|AVX]
Thread count: 24 physical cores, 24 logical processors, using up to 4 threads

Non-default parameters:
Threads  4

Optimize a model with 7814 rows, 59 columns and 1007 nonzeros
Coefficient statistics:
  Matrix range     [1e+00, 1e+00]
  Objective range  [1e+05, 5e+05]
  Bounds range     [0e+00, 0e+00]
  RHS range        [1e+00, 2e+00]
LP warm-start: use basis

Iteration    Objective       Primal Inf.    Dual Inf.      Time
       0   -5.7968889e+30   5.744444e+31   5.796889e+00      0s
       4    1.0005695e+05   0.000000e+00   0.000000e+00      0s

Solved in 4 iterations and 0.00 seconds (0.00 work units)
Optimal objective  1.000569520e+05
Gurobi Optimizer version 12.0.3 build v12.0.3rc0 (linux64 - "Ubuntu 24.04.4 LTS")

CPU model: Intel(R) Xeon(R) CPU E5-2697 v2 @ 2.70GHz, instruction set [SSE2|AVX]
Thread count: 24 physical cores, 24 logical processors, using up to 4 threads

Non-default parameters:
Threads  4

Optimize a model with 7814 rows, 60 columns and 1085 nonzeros
Coefficient statistics:
  Matrix range     [1e+00, 1e+00]
  Objective range  [1e+05, 5e+05]
  Bounds range     [0e+00, 0e+00]
  RHS range        [1e+00, 2e+00]
LP warm-start: use basis

Iteration    Objective       Primal Inf.    Dual Inf.      Time
       0   -7.3048889e+30   7.763889e+31   7.304889e+00      0s
       7    1.0005695e+05   0.000000e+00   0.000000e+00      0s

Solved in 7 iterations and 0.00 seconds (0.00 work units)
Optimal objective  1.000569520e+05
Gurobi Optimizer version 12.0.3 build v12.0.3rc0 (linux64 - "Ubuntu 24.04.4 LTS")

CPU model: Intel(R) Xeon(R) CPU E5-2697 v2 @ 2.70GHz, instruction set [SSE2|AVX]
Thread count: 24 physical cores, 24 logical processors, using up to 4 threads

Non-default parameters:
Threads  4

Optimize a model with 7814 rows, 61 columns and 1141 nonzeros
Coefficient statistics:
  Matrix range     [1e+00, 1e+00]
  Objective range  [1e+05, 5e+05]
  Bounds range     [0e+00, 0e+00]
  RHS range        [1e+00, 2e+00]
LP warm-start: use basis

Iteration    Objective       Primal Inf.    Dual Inf.      Time
       0   -3.8197333e+31   2.333333e+32   3.819733e+01      0s
       7    1.0005695e+05   0.000000e+00   0.000000e+00      0s

Solved in 7 iterations and 0.00 seconds (0.00 work units)
Optimal objective  1.000569520e+05
Gurobi Optimizer version 12.0.3 build v12.0.3rc0 (linux64 - "Ubuntu 24.04.4 LTS")

CPU model: Intel(R) Xeon(R) CPU E5-2697 v2 @ 2.70GHz, instruction set [SSE2|AVX]
Thread count: 24 physical cores, 24 logical processors, using up to 4 threads

Non-default parameters:
Threads  4

Optimize a model with 7814 rows, 62 columns and 1179 nonzeros
Coefficient statistics:
  Matrix range     [1e+00, 1e+00]
  Objective range  [1e+05, 5e+05]
  Bounds range     [0e+00, 0e+00]
  RHS range        [1e+00, 2e+00]
LP warm-start: use basis

Iteration    Objective       Primal Inf.    Dual Inf.      Time
       0   -1.4104000e+31   1.450625e+32   1.410400e+01      0s
      13    1.0005695e+05   0.000000e+00   0.000000e+00      0s

Solved in 13 iterations and 0.01 seconds (0.00 work units)
Optimal objective  1.000569520e+05
Gurobi Optimizer version 12.0.3 build v12.0.3rc0 (linux64 - "Ubuntu 24.04.4 LTS")

CPU model: Intel(R) Xeon(R) CPU E5-2697 v2 @ 2.70GHz, instruction set [SSE2|AVX]
Thread count: 24 physical cores, 24 logical processors, using up to 4 threads

Non-default parameters:
Threads  4

Optimize a model with 7814 rows, 63 columns and 1246 nonzeros
Coefficient statistics:
  Matrix range     [1e+00, 1e+00]
  Objective range  [1e+05, 5e+05]
  Bounds range     [0e+00, 0e+00]
  RHS range        [1e+00, 2e+00]
LP warm-start: use basis

Iteration    Objective       Primal Inf.    Dual Inf.      Time
       0   -5.1240000e+30   9.550000e+31   5.124000e+00      0s
       7    1.0005695e+05   0.000000e+00   0.000000e+00      0s

Solved in 7 iterations and 0.01 seconds (0.00 work units)
Optimal objective  1.000569520e+05
Gurobi Optimizer version 12.0.3 build v12.0.3rc0 (linux64 - "Ubuntu 24.04.4 LTS")

CPU model: Intel(R) Xeon(R) CPU E5-2697 v2 @ 2.70GHz, instruction set [SSE2|AVX]
Thread count: 24 physical cores, 24 logical processors, using up to 4 threads

Non-default parameters:
Threads  4

Optimize a model with 7814 rows, 64 columns and 1332 nonzeros
Coefficient statistics:
  Matrix range     [1e+00, 1e+00]
  Objective range  [1e+05, 5e+05]
  Bounds range     [0e+00, 0e+00]
  RHS range        [1e+00, 2e+00]
LP warm-start: use basis

Iteration    Objective       Primal Inf.    Dual Inf.      Time
       0   -6.2614737e+30   7.647368e+31   6.261474e+00      0s
       7    1.0005695e+05   0.000000e+00   0.000000e+00      0s

Solved in 7 iterations and 0.00 seconds (0.00 work units)
Optimal objective  1.000569520e+05
Gurobi Optimizer version 12.0.3 build v12.0.3rc0 (linux64 - "Ubuntu 24.04.4 LTS")

CPU model: Intel(R) Xeon(R) CPU E5-2697 v2 @ 2.70GHz, instruction set [SSE2|AVX]
Thread count: 24 physical cores, 24 logical processors, using up to 4 threads

Non-default parameters:
Threads  4

Optimize a model with 7814 rows, 65 columns and 1417 nonzeros
Coefficient statistics:
  Matrix range     [1e+00, 1e+00]
  Objective range  [1e+05, 5e+05]
  Bounds range     [0e+00, 0e+00]
  RHS range        [1e+00, 2e+00]
LP warm-start: use basis

Iteration    Objective       Primal Inf.    Dual Inf.      Time
       0   -1.1240000e+31   1.690000e+32   1.124000e+01      0s
      10    1.0005695e+05   0.000000e+00   0.000000e+00      0s

Solved in 10 iterations and 0.01 seconds (0.00 work units)
Optimal objective  1.000569520e+05
Gurobi Optimizer version 12.0.3 build v12.0.3rc0 (linux64 - "Ubuntu 24.04.4 LTS")

CPU model: Intel(R) Xeon(R) CPU E5-2697 v2 @ 2.70GHz, instruction set [SSE2|AVX]
Thread count: 24 physical cores, 24 logical processors, using up to 4 threads

Non-default parameters:
Threads  4

Optimize a model with 7814 rows, 66 columns and 1473 nonzeros
Coefficient statistics:
  Matrix range     [1e+00, 1e+00]
  Objective range  [1e+05, 5e+05]
  Bounds range     [0e+00, 0e+00]
  RHS range        [1e+00, 2e+00]
LP warm-start: use basis

Iteration    Objective       Primal Inf.    Dual Inf.      Time
       0   -7.8520000e+30   1.280000e+32   7.852000e+00      0s
       2    1.0005695e+05   0.000000e+00   0.000000e+00      0s

Solved in 2 iterations and 0.01 seconds (0.00 work units)
Optimal objective  1.000569520e+05
Gurobi Optimizer version 12.0.3 build v12.0.3rc0 (linux64 - "Ubuntu 24.04.4 LTS")

CPU model: Intel(R) Xeon(R) CPU E5-2697 v2 @ 2.70GHz, instruction set [SSE2|AVX]
Thread count: 24 physical cores, 24 logical processors, using up to 4 threads

Non-default parameters:
Threads  4

Optimize a model with 7814 rows, 67 columns and 1558 nonzeros
Coefficient statistics:
  Matrix range     [1e+00, 1e+00]
  Objective range  [1e+05, 5e+05]
  Bounds range     [0e+00, 0e+00]
  RHS range        [1e+00, 2e+00]
LP warm-start: use basis

Iteration    Objective       Primal Inf.    Dual Inf.      Time
       0   -4.3666667e+30   2.750000e+31   4.366667e+00      0s
       4    1.0005695e+05   0.000000e+00   0.000000e+00      0s

Solved in 4 iterations and 0.00 seconds (0.00 work units)
Optimal objective  1.000569520e+05
Gurobi Optimizer version 12.0.3 build v12.0.3rc0 (linux64 - "Ubuntu 24.04.4 LTS")

CPU model: Intel(R) Xeon(R) CPU E5-2697 v2 @ 2.70GHz, instruction set [SSE2|AVX]
Thread count: 24 physical cores, 24 logical processors, using up to 4 threads

Non-default parameters:
Threads  4

Optimize a model with 7814 rows, 68 columns and 1614 nonzeros
Coefficient statistics:
  Matrix range     [1e+00, 1e+00]
  Objective range  [1e+05, 5e+05]
  Bounds range     [0e+00, 0e+00]
  RHS range        [1e+00, 2e+00]
LP warm-start: use basis

Iteration    Objective       Primal Inf.    Dual Inf.      Time
       0   -2.4106667e+30   6.633333e+31   2.410667e+00      0s
       5    1.0005695e+05   0.000000e+00   0.000000e+00      0s

Solved in 5 iterations and 0.00 seconds (0.00 work units)
Optimal objective  1.000569520e+05
Gurobi Optimizer version 12.0.3 build v12.0.3rc0 (linux64 - "Ubuntu 24.04.4 LTS")

CPU model: Intel(R) Xeon(R) CPU E5-2697 v2 @ 2.70GHz, instruction set [SSE2|AVX]
Thread count: 24 physical cores, 24 logical processors, using up to 4 threads

Non-default parameters:
Threads  4

Optimize a model with 7814 rows, 69 columns and 1716 nonzeros
Coefficient statistics:
  Matrix range     [1e+00, 1e+00]
  Objective range  [1e+05, 5e+05]
  Bounds range     [0e+00, 0e+00]
  RHS range        [1e+00, 2e+00]
LP warm-start: use basis

Iteration    Objective       Primal Inf.    Dual Inf.      Time
       0   -5.2280000e+30   1.425000e+32   5.228000e+00      0s
       3    1.0005695e+05   0.000000e+00   0.000000e+00      0s

Solved in 3 iterations and 0.00 seconds (0.00 work units)
Optimal objective  1.000569520e+05
Gurobi Optimizer version 12.0.3 build v12.0.3rc0 (linux64 - "Ubuntu 24.04.4 LTS")

CPU model: Intel(R) Xeon(R) CPU E5-2697 v2 @ 2.70GHz, instruction set [SSE2|AVX]
Thread count: 24 physical cores, 24 logical processors, using up to 4 threads

Non-default parameters:
Threads  4

Optimize a model with 7814 rows, 70 columns and 1823 nonzeros
Coefficient statistics:
  Matrix range     [1e+00, 1e+00]
  Objective range  [1e+05, 5e+05]
  Bounds range     [0e+00, 0e+00]
  RHS range        [1e+00, 2e+00]
LP warm-start: use basis

Iteration    Objective       Primal Inf.    Dual Inf.      Time
       0   -6.2360000e+30   1.776000e+32   6.236000e+00      0s
       6    1.0005695e+05   0.000000e+00   0.000000e+00      0s

Solved in 6 iterations and 0.00 seconds (0.00 work units)
Optimal objective  1.000569520e+05
Gurobi Optimizer version 12.0.3 build v12.0.3rc0 (linux64 - "Ubuntu 24.04.4 LTS")

CPU model: Intel(R) Xeon(R) CPU E5-2697 v2 @ 2.70GHz, instruction set [SSE2|AVX]
Thread count: 24 physical cores, 24 logical processors, using up to 4 threads

Non-default parameters:
Threads  4

Optimize a model with 7814 rows, 71 columns and 1907 nonzeros
Coefficient statistics:
  Matrix range     [1e+00, 1e+00]
  Objective range  [1e+05, 5e+05]
  Bounds range     [0e+00, 0e+00]
  RHS range        [1e+00, 2e+00]
LP warm-start: use basis

Iteration    Objective       Primal Inf.    Dual Inf.      Time
       0   -4.4426667e+30   1.211667e+32   4.442667e+00      0s
       7    1.0005695e+05   0.000000e+00   0.000000e+00      0s

Solved in 7 iterations and 0.01 seconds (0.00 work units)
Optimal objective  1.000569520e+05
Gurobi Optimizer version 12.0.3 build v12.0.3rc0 (linux64 - "Ubuntu 24.04.4 LTS")

CPU model: Intel(R) Xeon(R) CPU E5-2697 v2 @ 2.70GHz, instruction set [SSE2|AVX]
Thread count: 24 physical cores, 24 logical processors, using up to 4 threads

Non-default parameters:
Threads  4

Optimize a model with 7814 rows, 72 columns and 1976 nonzeros
Coefficient statistics:
  Matrix range     [1e+00, 1e+00]
  Objective range  [1e+05, 5e+05]
  Bounds range     [0e+00, 0e+00]
  RHS range        [1e+00, 2e+00]
LP warm-start: use basis

Iteration    Objective       Primal Inf.    Dual Inf.      Time
       0   -1.9008000e+30   6.140000e+31   1.900800e+00      0s
       5    1.0005695e+05   0.000000e+00   0.000000e+00      0s

Solved in 5 iterations and 0.01 seconds (0.00 work units)
Optimal objective  1.000569520e+05
Gurobi Optimizer version 12.0.3 build v12.0.3rc0 (linux64 - "Ubuntu 24.04.4 LTS")

CPU model: Intel(R) Xeon(R) CPU E5-2697 v2 @ 2.70GHz, instruction set [SSE2|AVX]
Thread count: 24 physical cores, 24 logical processors, using up to 4 threads

Non-default parameters:
Threads  4

Optimize a model with 7814 rows, 73 columns and 2060 nonzeros
Coefficient statistics:
  Matrix range     [1e+00, 1e+00]
  Objective range  [1e+05, 5e+05]
  Bounds range     [0e+00, 0e+00]
  RHS range        [1e+00, 2e+00]
LP warm-start: use basis

Iteration    Objective       Primal Inf.    Dual Inf.      Time
       0   -2.6240000e+30   8.850000e+31   2.624000e+00      0s
      10    1.0005695e+05   0.000000e+00   0.000000e+00      0s

Solved in 10 iterations and 0.01 seconds (0.00 work units)
Optimal objective  1.000569520e+05
Gurobi Optimizer version 12.0.3 build v12.0.3rc0 (linux64 - "Ubuntu 24.04.4 LTS")

CPU model: Intel(R) Xeon(R) CPU E5-2697 v2 @ 2.70GHz, instruction set [SSE2|AVX]
Thread count: 24 physical cores, 24 logical processors, using up to 4 threads

Non-default parameters:
Threads  4

Optimize a model with 7814 rows, 74 columns and 2122 nonzeros
Coefficient statistics:
  Matrix range     [1e+00, 1e+00]
  Objective range  [1e+05, 5e+05]
  Bounds range     [0e+00, 0e+00]
  RHS range        [1e+00, 2e+00]
LP warm-start: use basis

Iteration    Objective       Primal Inf.    Dual Inf.      Time
       0   -4.1600000e+30   1.136667e+32   4.160000e+00      0s
       7    1.0005695e+05   0.000000e+00   0.000000e+00      0s

Solved in 7 iterations and 0.00 seconds (0.00 work units)
Optimal objective  1.000569520e+05
Gurobi Optimizer version 12.0.3 build v12.0.3rc0 (linux64 - "Ubuntu 24.04.4 LTS")

CPU model: Intel(R) Xeon(R) CPU E5-2697 v2 @ 2.70GHz, instruction set [SSE2|AVX]
Thread count: 24 physical cores, 24 logical processors, using up to 4 threads

Non-default parameters:
Threads  4

Optimize a model with 7814 rows, 75 columns and 2161 nonzeros
Coefficient statistics:
  Matrix range     [1e+00, 1e+00]
  Objective range  [1e+05, 5e+05]
  Bounds range     [0e+00, 0e+00]
  RHS range        [1e+00, 2e+00]
LP warm-start: use basis

Iteration    Objective       Primal Inf.    Dual Inf.      Time
       0   -4.7420000e+30   1.460000e+32   4.742000e+00      0s
       2    1.0005695e+05   0.000000e+00   0.000000e+00      0s

Solved in 2 iterations and 0.00 seconds (0.00 work units)
Optimal objective  1.000569520e+05
Gurobi Optimizer version 12.0.3 build v12.0.3rc0 (linux64 - "Ubuntu 24.04.4 LTS")

CPU model: Intel(R) Xeon(R) CPU E5-2697 v2 @ 2.70GHz, instruction set [SSE2|AVX]
Thread count: 24 physical cores, 24 logical processors, using up to 4 threads

Non-default parameters:
Threads  4

Optimize a model with 7814 rows, 76 columns and 2245 nonzeros
Coefficient statistics:
  Matrix range     [1e+00, 1e+00]
  Objective range  [1e+05, 5e+05]
  Bounds range     [0e+00, 0e+00]
  RHS range        [1e+00, 2e+00]
LP warm-start: use basis

Iteration    Objective       Primal Inf.    Dual Inf.      Time
       0   -2.2453333e+30   1.156667e+32   2.245333e+00      0s
       4    1.0005695e+05   0.000000e+00   0.000000e+00      0s

Solved in 4 iterations and 0.00 seconds (0.00 work units)
Optimal objective  1.000569520e+05
Gurobi Optimizer version 12.0.3 build v12.0.3rc0 (linux64 - "Ubuntu 24.04.4 LTS")

CPU model: Intel(R) Xeon(R) CPU E5-2697 v2 @ 2.70GHz, instruction set [SSE2|AVX]
Thread count: 24 physical cores, 24 logical processors, using up to 4 threads

Non-default parameters:
Threads  4

Optimize a model with 7814 rows, 77 columns and 2330 nonzeros
Coefficient statistics:
  Matrix range     [1e+00, 1e+00]
  Objective range  [1e+05, 5e+05]
  Bounds range     [0e+00, 0e+00]
  RHS range        [1e+00, 2e+00]
LP warm-start: use basis

Iteration    Objective       Primal Inf.    Dual Inf.      Time
       0   -1.5168000e+30   9.260000e+31   1.516800e+00      0s
       2    1.0005695e+05   0.000000e+00   0.000000e+00      0s

Solved in 2 iterations and 0.00 seconds (0.00 work units)
Optimal objective  1.000569520e+05
Gurobi Optimizer version 12.0.3 build v12.0.3rc0 (linux64 - "Ubuntu 24.04.4 LTS")

CPU model: Intel(R) Xeon(R) CPU E5-2697 v2 @ 2.70GHz, instruction set [SSE2|AVX]
Thread count: 24 physical cores, 24 logical processors, using up to 4 threads

Non-default parameters:
Threads  4

Optimize a model with 7814 rows, 78 columns and 2368 nonzeros
Coefficient statistics:
  Matrix range     [1e+00, 1e+00]
  Objective range  [1e+05, 5e+05]
  Bounds range     [0e+00, 0e+00]
  RHS range        [1e+00, 2e+00]
LP warm-start: use basis

Iteration    Objective       Primal Inf.    Dual Inf.      Time
       0   -2.6830769e+30   1.755385e+32   2.683077e+00      0s
       4    1.0005695e+05   0.000000e+00   0.000000e+00      0s

Solved in 4 iterations and 0.00 seconds (0.00 work units)
Optimal objective  1.000569520e+05
Gurobi Optimizer version 12.0.3 build v12.0.3rc0 (linux64 - "Ubuntu 24.04.4 LTS")

CPU model: Intel(R) Xeon(R) CPU E5-2697 v2 @ 2.70GHz, instruction set [SSE2|AVX]
Thread count: 24 physical cores, 24 logical processors, using up to 4 threads

Non-default parameters:
Threads  4

Optimize a model with 7814 rows, 79 columns and 2430 nonzeros
Coefficient statistics:
  Matrix range     [1e+00, 1e+00]
  Objective range  [1e+05, 5e+05]
  Bounds range     [0e+00, 0e+00]
  RHS range        [1e+00, 2e+00]
LP warm-start: use basis

Iteration    Objective       Primal Inf.    Dual Inf.      Time
       0   -8.5120000e+29   3.370000e+31   8.512000e-01      0s
       2    1.0005695e+05   0.000000e+00   0.000000e+00      0s

Solved in 2 iterations and 0.00 seconds (0.00 work units)
Optimal objective  1.000569520e+05
Gurobi Optimizer version 12.0.3 build v12.0.3rc0 (linux64 - "Ubuntu 24.04.4 LTS")

CPU model: Intel(R) Xeon(R) CPU E5-2697 v2 @ 2.70GHz, instruction set [SSE2|AVX]
Thread count: 24 physical cores, 24 logical processors, using up to 4 threads

Non-default parameters:
Threads  4

Optimize a model with 7814 rows, 80 columns and 2539 nonzeros
Coefficient statistics:
  Matrix range     [1e+00, 1e+00]
  Objective range  [1e+05, 5e+05]
  Bounds range     [0e+00, 0e+00]
  RHS range        [1e+00, 2e+00]
LP warm-start: use basis

Iteration    Objective       Primal Inf.    Dual Inf.      Time
       0   -2.1280000e+30   7.800000e+31   2.128000e+00      0s
       3    1.0005695e+05   0.000000e+00   0.000000e+00      0s

Solved in 3 iterations and 0.01 seconds (0.00 work units)
Optimal objective  1.000569520e+05
Gurobi Optimizer version 12.0.3 build v12.0.3rc0 (linux64 - "Ubuntu 24.04.4 LTS")

CPU model: Intel(R) Xeon(R) CPU E5-2697 v2 @ 2.70GHz, instruction set [SSE2|AVX]
Thread count: 24 physical cores, 24 logical processors, using up to 4 threads

Non-default parameters:
Threads  4

Optimize a model with 7814 rows, 81 columns and 2646 nonzeros
Coefficient statistics:
  Matrix range     [1e+00, 1e+00]
  Objective range  [1e+05, 5e+05]
  Bounds range     [0e+00, 0e+00]
  RHS range        [1e+00, 2e+00]
LP warm-start: use basis

Iteration    Objective       Primal Inf.    Dual Inf.      Time
       0   -2.1280000e+30   7.825000e+31   2.128000e+00      0s
       8    1.0005695e+05   0.000000e+00   0.000000e+00      0s

Solved in 8 iterations and 0.01 seconds (0.00 work units)
Optimal objective  1.000569520e+05
Gurobi Optimizer version 12.0.3 build v12.0.3rc0 (linux64 - "Ubuntu 24.04.4 LTS")

CPU model: Intel(R) Xeon(R) CPU E5-2697 v2 @ 2.70GHz, instruction set [SSE2|AVX]
Thread count: 24 physical cores, 24 logical processors, using up to 4 threads

Non-default parameters:
Threads  4

Optimize a model with 7814 rows, 82 columns and 2684 nonzeros
Coefficient statistics:
  Matrix range     [1e+00, 1e+00]
  Objective range  [1e+05, 5e+05]
  Bounds range     [0e+00, 0e+00]
  RHS range        [1e+00, 2e+00]
LP warm-start: use basis

Iteration    Objective       Primal Inf.    Dual Inf.      Time
       0   -2.1280000e+30   9.050000e+31   2.128000e+00      0s
       4    1.0005695e+05   0.000000e+00   0.000000e+00      0s

Solved in 4 iterations and 0.00 seconds (0.00 work units)
Optimal objective  1.000569520e+05
Gurobi Optimizer version 12.0.3 build v12.0.3rc0 (linux64 - "Ubuntu 24.04.4 LTS")

CPU model: Intel(R) Xeon(R) CPU E5-2697 v2 @ 2.70GHz, instruction set [SSE2|AVX]
Thread count: 24 physical cores, 24 logical processors, using up to 4 threads

Non-default parameters:
Threads  4

Optimize a model with 7814 rows, 83 columns and 2746 nonzeros
Coefficient statistics:
  Matrix range     [1e+00, 1e+00]
  Objective range  [1e+05, 5e+05]
  Bounds range     [0e+00, 0e+00]
  RHS range        [1e+00, 2e+00]
LP warm-start: use basis

Iteration    Objective       Primal Inf.    Dual Inf.      Time
       0   -2.1120000e+30   8.555556e+31   2.112000e+00      0s
      10    1.0005695e+05   0.000000e+00   0.000000e+00      0s

Solved in 10 iterations and 0.01 seconds (0.00 work units)
Optimal objective  1.000569520e+05
Gurobi Optimizer version 12.0.3 build v12.0.3rc0 (linux64 - "Ubuntu 24.04.4 LTS")

CPU model: Intel(R) Xeon(R) CPU E5-2697 v2 @ 2.70GHz, instruction set [SSE2|AVX]
Thread count: 24 physical cores, 24 logical processors, using up to 4 threads

Non-default parameters:
Threads  4

Optimize a model with 7814 rows, 84 columns and 2853 nonzeros
Coefficient statistics:
  Matrix range     [1e+00, 1e+00]
  Objective range  [1e+05, 5e+05]
  Bounds range     [0e+00, 0e+00]
  RHS range        [1e+00, 2e+00]
LP warm-start: use basis

Iteration    Objective       Primal Inf.    Dual Inf.      Time
       0   -2.2880000e+30   1.053750e+32   2.288000e+00      0s
       8    1.0005695e+05   0.000000e+00   0.000000e+00      0s

Solved in 8 iterations and 0.00 seconds (0.00 work units)
Optimal objective  1.000569520e+05
Gurobi Optimizer version 12.0.3 build v12.0.3rc0 (linux64 - "Ubuntu 24.04.4 LTS")

CPU model: Intel(R) Xeon(R) CPU E5-2697 v2 @ 2.70GHz, instruction set [SSE2|AVX]
Thread count: 24 physical cores, 24 logical processors, using up to 4 threads

Non-default parameters:
Threads  4

Optimize a model with 7814 rows, 85 columns and 2912 nonzeros
Coefficient statistics:
  Matrix range     [1e+00, 1e+00]
  Objective range  [1e+05, 5e+05]
  Bounds range     [0e+00, 0e+00]
  RHS range        [1e+00, 2e+00]
LP warm-start: use basis

Iteration    Objective       Primal Inf.    Dual Inf.      Time
       0   -3.2640000e+30   1.270000e+32   3.264000e+00      0s
       2    1.0005695e+05   0.000000e+00   0.000000e+00      0s

Solved in 2 iterations and 0.00 seconds (0.00 work units)
Optimal objective  1.000569520e+05
Gurobi Optimizer version 12.0.3 build v12.0.3rc0 (linux64 - "Ubuntu 24.04.4 LTS")

CPU model: Intel(R) Xeon(R) CPU E5-2697 v2 @ 2.70GHz, instruction set [SSE2|AVX]
Thread count: 24 physical cores, 24 logical processors, using up to 4 threads

Non-default parameters:
Threads  4

Optimize a model with 7814 rows, 86 columns and 2974 nonzeros
Coefficient statistics:
  Matrix range     [1e+00, 1e+00]
  Objective range  [1e+05, 5e+05]
  Bounds range     [0e+00, 0e+00]
  RHS range        [1e+00, 2e+00]
LP warm-start: use basis

Iteration    Objective       Primal Inf.    Dual Inf.      Time
       0   -7.9360000e+29   5.880000e+31   7.936000e-01      0s
       2    1.0005695e+05   0.000000e+00   0.000000e+00      0s

Solved in 2 iterations and 0.00 seconds (0.00 work units)
Optimal objective  1.000569520e+05
Gurobi Optimizer version 12.0.3 build v12.0.3rc0 (linux64 - "Ubuntu 24.04.4 LTS")

CPU model: Intel(R) Xeon(R) CPU E5-2697 v2 @ 2.70GHz, instruction set [SSE2|AVX]
Thread count: 24 physical cores, 24 logical processors, using up to 4 threads

Non-default parameters:
Threads  4

Optimize a model with 7814 rows, 87 columns and 3083 nonzeros
Coefficient statistics:
  Matrix range     [1e+00, 1e+00]
  Objective range  [1e+05, 5e+05]
  Bounds range     [0e+00, 0e+00]
  RHS range        [1e+00, 2e+00]
LP warm-start: use basis

Iteration    Objective       Primal Inf.    Dual Inf.      Time
       0   -9.9200000e+29   6.650000e+31   9.920000e-01      0s
      11    1.0005695e+05   0.000000e+00   0.000000e+00      0s

Solved in 11 iterations and 0.01 seconds (0.00 work units)
Optimal objective  1.000569520e+05
Gurobi Optimizer version 12.0.3 build v12.0.3rc0 (linux64 - "Ubuntu 24.04.4 LTS")

CPU model: Intel(R) Xeon(R) CPU E5-2697 v2 @ 2.70GHz, instruction set [SSE2|AVX]
Thread count: 24 physical cores, 24 logical processors, using up to 4 threads

Non-default parameters:
Threads  4

Optimize a model with 7814 rows, 88 columns and 3185 nonzeros
Coefficient statistics:
  Matrix range     [1e+00, 1e+00]
  Objective range  [1e+05, 5e+05]
  Bounds range     [0e+00, 0e+00]
  RHS range        [1e+00, 2e+00]
LP warm-start: use basis

Iteration    Objective       Primal Inf.    Dual Inf.      Time
       0   -6.6133333e+29   7.100000e+31   6.613333e-01      0s
       4    1.0005695e+05   0.000000e+00   0.000000e+00      0s

Solved in 4 iterations and 0.00 seconds (0.00 work units)
Optimal objective  1.000569520e+05
Gurobi Optimizer version 12.0.3 build v12.0.3rc0 (linux64 - "Ubuntu 24.04.4 LTS")

CPU model: Intel(R) Xeon(R) CPU E5-2697 v2 @ 2.70GHz, instruction set [SSE2|AVX]
Thread count: 24 physical cores, 24 logical processors, using up to 4 threads

Non-default parameters:
Threads  4

Optimize a model with 7814 rows, 89 columns and 3294 nonzeros
Coefficient statistics:
  Matrix range     [1e+00, 1e+00]
  Objective range  [1e+05, 5e+05]
  Bounds range     [0e+00, 0e+00]
  RHS range        [1e+00, 2e+00]
LP warm-start: use basis

Iteration    Objective       Primal Inf.    Dual Inf.      Time
       0   -9.9200000e+29   9.300000e+31   9.920000e-01      0s
       5    1.0005695e+05   0.000000e+00   0.000000e+00      0s

Solved in 5 iterations and 0.01 seconds (0.00 work units)
Optimal objective  1.000569520e+05
Gurobi Optimizer version 12.0.3 build v12.0.3rc0 (linux64 - "Ubuntu 24.04.4 LTS")

CPU model: Intel(R) Xeon(R) CPU E5-2697 v2 @ 2.70GHz, instruction set [SSE2|AVX]
Thread count: 24 physical cores, 24 logical processors, using up to 4 threads

Non-default parameters:
Threads  4

Optimize a model with 7814 rows, 90 columns and 3350 nonzeros
Coefficient statistics:
  Matrix range     [1e+00, 1e+00]
  Objective range  [1e+05, 5e+05]
  Bounds range     [0e+00, 0e+00]
  RHS range        [1e+00, 2e+00]
LP warm-start: use basis

Iteration    Objective       Primal Inf.    Dual Inf.      Time
       0   -9.9200000e+29   7.650000e+31   9.920000e-01      0s
       5    1.0005695e+05   0.000000e+00   0.000000e+00      0s

Solved in 5 iterations and 0.01 seconds (0.00 work units)
Optimal objective  1.000569520e+05
Gurobi Optimizer version 12.0.3 build v12.0.3rc0 (linux64 - "Ubuntu 24.04.4 LTS")

CPU model: Intel(R) Xeon(R) CPU E5-2697 v2 @ 2.70GHz, instruction set [SSE2|AVX]
Thread count: 24 physical cores, 24 logical processors, using up to 4 threads

Non-default parameters:
Threads  4

Optimize a model with 7814 rows, 91 columns and 3406 nonzeros
Coefficient statistics:
  Matrix range     [1e+00, 1e+00]
  Objective range  [1e+05, 5e+05]
  Bounds range     [0e+00, 0e+00]
  RHS range        [1e+00, 2e+00]
LP warm-start: use basis

Iteration    Objective       Primal Inf.    Dual Inf.      Time
       0   -9.9200000e+29   7.000000e+31   9.920000e-01      0s
       6    1.0005695e+05   0.000000e+00   0.000000e+00      0s

Solved in 6 iterations and 0.01 seconds (0.00 work units)
Optimal objective  1.000569520e+05
Gurobi Optimizer version 12.0.3 build v12.0.3rc0 (linux64 - "Ubuntu 24.04.4 LTS")

CPU model: Intel(R) Xeon(R) CPU E5-2697 v2 @ 2.70GHz, instruction set [SSE2|AVX]
Thread count: 24 physical cores, 24 logical processors, using up to 4 threads

Non-default parameters:
Threads  4

Optimize a model with 7814 rows, 92 columns and 3462 nonzeros
Coefficient statistics:
  Matrix range     [1e+00, 1e+00]
  Objective range  [1e+05, 5e+05]
  Bounds range     [0e+00, 0e+00]
  RHS range        [1e+00, 2e+00]
LP warm-start: use basis

Iteration    Objective       Primal Inf.    Dual Inf.      Time
       0   -9.9200000e+29   6.950000e+31   9.920000e-01      0s
       8    1.0005695e+05   0.000000e+00   0.000000e+00      0s

Solved in 8 iterations and 0.01 seconds (0.00 work units)
Optimal objective  1.000569520e+05
Gurobi Optimizer version 12.0.3 build v12.0.3rc0 (linux64 - "Ubuntu 24.04.4 LTS")

CPU model: Intel(R) Xeon(R) CPU E5-2697 v2 @ 2.70GHz, instruction set [SSE2|AVX]
Thread count: 24 physical cores, 24 logical processors, using up to 4 threads

Non-default parameters:
Threads  4

Optimize a model with 7814 rows, 93 columns and 3518 nonzeros
Coefficient statistics:
  Matrix range     [1e+00, 1e+00]
  Objective range  [1e+05, 5e+05]
  Bounds range     [0e+00, 0e+00]
  RHS range        [1e+00, 2e+00]
LP warm-start: use basis

Iteration    Objective       Primal Inf.    Dual Inf.      Time
       0   -9.9200000e+29   7.450000e+31   9.920000e-01      0s
       6    1.0005695e+05   0.000000e+00   0.000000e+00      0s

Solved in 6 iterations and 0.00 seconds (0.00 work units)
Optimal objective  1.000569520e+05
Gurobi Optimizer version 12.0.3 build v12.0.3rc0 (linux64 - "Ubuntu 24.04.4 LTS")

CPU model: Intel(R) Xeon(R) CPU E5-2697 v2 @ 2.70GHz, instruction set [SSE2|AVX]
Thread count: 24 physical cores, 24 logical processors, using up to 4 threads

Non-default parameters:
Threads  4

Optimize a model with 7814 rows, 94 columns and 3574 nonzeros
Coefficient statistics:
  Matrix range     [1e+00, 1e+00]
  Objective range  [1e+05, 5e+05]
  Bounds range     [0e+00, 0e+00]
  RHS range        [1e+00, 2e+00]
LP warm-start: use basis

Iteration    Objective       Primal Inf.    Dual Inf.      Time
       0   -9.9200000e+29   7.400000e+31   9.920000e-01      0s
       6    1.0005695e+05   0.000000e+00   0.000000e+00      0s

Solved in 6 iterations and 0.01 seconds (0.00 work units)
Optimal objective  1.000569520e+05
Gurobi Optimizer version 12.0.3 build v12.0.3rc0 (linux64 - "Ubuntu 24.04.4 LTS")

CPU model: Intel(R) Xeon(R) CPU E5-2697 v2 @ 2.70GHz, instruction set [SSE2|AVX]
Thread count: 24 physical cores, 24 logical processors, using up to 4 threads

Non-default parameters:
Threads  4

Optimize a model with 7814 rows, 94 columns and 3574 nonzeros
Coefficient statistics:
  Matrix range     [1e+00, 1e+00]
  Objective range  [1e+05, 5e+05]
  Bounds range     [0e+00, 0e+00]
  RHS range        [1e+00, 2e+00]

Solved in 0 iterations and 0.00 seconds (0.00 work units)
Optimal objective  1.000569520e+05
