
Gurobi 12.0.3 (linux64) logging started Tue Sep 22 01:36:53 2026

Set parameter LogFile to value "/share/scaglione/nc437/evsp-dr/charging_column_structure_20260922/pilot/attempts/729675_r0/identical_rows/mip.log"
Set parameter Threads to value 4
Set parameter Seed to value 0
Set parameter TimeLimit to value 300
Set parameter MIPGap to value 0.0001
Gurobi Optimizer version 12.0.3 build v12.0.3rc0 (linux64 - "Ubuntu 24.04.4 LTS")

CPU model: Intel(R) Xeon(R) CPU           E5520  @ 2.27GHz, instruction set [SSE2]
Thread count: 8 physical cores, 8 logical processors, using up to 4 threads

Non-default parameters:
TimeLimit  300
Threads  4

Optimize a model with 303 rows, 321 columns and 10232 nonzeros
Model fingerprint: 0x6ba0d9b9
Variable types: 0 continuous, 321 integer (321 binary)
Coefficient statistics:
  Matrix range     [1e+00, 1e+00]
  Objective range  [1e+00, 1e+00]
  Bounds range     [1e+00, 1e+00]
  RHS range        [1e+00, 1e+00]
Found heuristic solution: objective 35.0000000
Presolve removed 195 rows and 29 columns
Presolve time: 0.04s
Presolved: 108 rows, 292 columns, 5596 nonzeros
Variable types: 0 continuous, 292 integer (292 binary)

Root relaxation: objective 3.000000e+00, 150 iterations, 0.00 seconds (0.00 work units)

    Nodes    |    Current Node    |     Objective Bounds      |     Work
 Expl Unexpl |  Obj  Depth IntInf | Incumbent    BestBd   Gap | It/Node Time

     0     0    3.00000    0    9   35.00000    3.00000  91.4%     -    0s
H    0     0                       3.0000000    3.00000  0.00%     -    0s
     0     0    3.00000    0    9    3.00000    3.00000  0.00%     -    0s

Explored 1 nodes (150 simplex iterations) in 0.06 seconds (0.03 work units)
Thread count was 4 (of 8 available processors)

Solution count 2: 3 35 

Optimal solution found (tolerance 1.00e-04)
Best objective 3.000000000000e+00, best bound 3.000000000000e+00, gap 0.0000%

User-callback calls 365, time in user-callback 0.00 sec
