
Gurobi 12.0.3 (linux64) logging started Fri Sep 18 11:26:37 2026

Set parameter LogFile to value "/home/nc437/ladder-lite/review_fresh_k15_longmip_20260917/results/c4_k15__plain/gurobi.log"
Set parameter OutputFlag to value 1
Set parameter TimeLimit to value 45000
Set parameter MIPGap to value 0.0001
Set parameter Threads to value 8
Set parameter Seed to value 0
Set parameter TimeLimit to value 43200
Gurobi Optimizer version 12.0.3 build v12.0.3rc0 (linux64 - "Ubuntu 24.04.4 LTS")

CPU model: Intel(R) Xeon(R) Gold 6348 CPU @ 2.60GHz, instruction set [SSE2|AVX|AVX2|AVX512]
Thread count: 56 physical cores, 56 logical processors, using up to 8 threads

Non-default parameters:
TimeLimit  43200
Threads  8

Optimize a model with 357 rows, 73499 columns and 2054471 nonzeros
Model fingerprint: 0x7603ff3f
Variable types: 0 continuous, 73499 integer (73499 binary)
Coefficient statistics:
  Matrix range     [1e+00, 1e+00]
  Objective range  [1e+00, 1e+00]
  Bounds range     [1e+00, 1e+00]
  RHS range        [1e+00, 1e+00]

Loaded user MIP start with objective 128

Presolve removed 0 rows and 338 columns
Presolve time: 3.15s
Presolved: 357 rows, 73161 columns, 2047640 nonzeros
Variable types: 0 continuous, 73161 integer (73161 binary)
Found heuristic solution: objective 122.0000000

Starting sifting (using dual simplex for sub-problems)...

    Iter     Pivots    Primal Obj      Dual Obj        Time
       0          0     infinity      0.0000000e+00      3s
       1        691   1.7597910e+01   4.6134418e+00      3s
       2       3014   1.7065333e+01   9.7665516e+00      4s
       3       4972   1.6195978e+01   1.1713632e+01      4s
       4       7081   1.5599260e+01   1.2810505e+01      4s
       5       9456   1.5358455e+01   1.3636461e+01      4s
       6      12218   1.5153629e+01   1.4012121e+01      5s
       7      13861   1.5000000e+01   1.4055254e+01      5s
       8      15480   1.5000000e+01   1.5000000e+01      5s

Sifting complete


Root relaxation: objective 1.500000e+01, 15480 iterations, 1.67 seconds (3.45 work units)
Total elapsed time = 13.07s (DegenMoves)

    Nodes    |    Current Node    |     Objective Bounds      |     Work
 Expl Unexpl |  Obj  Depth IntInf | Incumbent    BestBd   Gap | It/Node Time

     0     0   15.00000    0  169  122.00000   15.00000  87.7%     -   16s
H    0     0                      40.0000000   15.00000  62.5%     -   16s
H    0     0                      32.0000000   15.00000  53.1%     -   16s
H    0     0                      31.0000000   15.00000  51.6%     -   16s
H    0     0                      29.0000000   15.00000  48.3%     -   16s
H    0     0                      28.0000000   15.00000  46.4%     -   16s
H    0     0                      27.0000000   15.00000  44.4%     -   16s
H    0     0                      26.0000000   15.00000  42.3%     -   16s
H    0     0                      25.0000000   15.00000  40.0%     -   16s
H    0     0                      24.0000000   15.00000  37.5%     -   16s
H    0     0                      23.0000000   15.00000  34.8%     -   17s
H    0     0                      22.0000000   15.00000  31.8%     -   17s
H    0     0                      20.0000000   15.00000  25.0%     -   19s
H    0     0                      19.0000000   15.00000  21.1%     -   23s
     0     0   15.00000    0  178   19.00000   15.00000  21.1%     -   32s
     0     0   15.00000    0  180   19.00000   15.00000  21.1%     -   62s
     0     0   15.00000    0  181   19.00000   15.00000  21.1%     -   76s
     0     0   15.00000    0  168   19.00000   15.00000  21.1%     -   78s
     0     0   15.00000    0  169   19.00000   15.00000  21.1%     -   90s
     0     0   15.00000    0  171   19.00000   15.00000  21.1%     -   92s
     0     0   15.00000    0  173   19.00000   15.00000  21.1%     -  101s
     0     0   15.00000    0  171   19.00000   15.00000  21.1%     -  103s
     0     0   15.00000    0  174   19.00000   15.00000  21.1%     -  116s
     0     0   15.00000    0  180   19.00000   15.00000  21.1%     -  143s
     0     0   15.00000    0  180   19.00000   15.00000  21.1%     -  154s
     0     2   15.00000    0  180   19.00000   15.00000  21.1%     -  181s
     3     8   15.00000    2  190   19.00000   15.00000  21.1% 10259  185s
    15    24   15.00000    4  206   19.00000   15.00000  21.1%  2758  191s
    23    64   15.00000    5  225   19.00000   15.00000  21.1%  2222  200s
    63    72   15.00000    9  222   19.00000   15.00000  21.1%  2405  222s
    71   187   15.00000   10  250   19.00000   15.00000  21.1%  2242  247s
   186   408   15.00000   36  223   19.00000   15.00000  21.1%  2253  288s
   407  1232   15.00000   81  279   19.00000   15.00000  21.1%  1927  395s
  1231  1818   15.00000  192  307   19.00000   15.00000  21.1%  2639  472s
  1817  2230   15.00000  266  309   19.00000   15.00000  21.1%  2831  533s
  2229  2719   15.00000  318  311   19.00000   15.00000  21.1%  2940  588s
  2718  2727   15.00000  374  309   19.00000   15.00000  21.1%  3052  631s
  2726  3016   15.00000  375  313   19.00000   15.00000  21.1%  3054  677s
  3015  3691   15.00000  397  255   19.00000   15.00000  21.1%  3125  727s
  3690  3749   15.00000  461  241   19.00000   15.00000  21.1%  2812  779s
  3748  4187   15.00000  462  233   19.00000   15.00000  21.1%  2773  826s
  4186  4514   15.00000  474  206   19.00000   15.00000  21.1%  2508  871s
  4513  4777   15.00000  500  221   19.00000   15.00000  21.1%  2358  915s
  4776  5363   15.00000  524  218   19.00000   15.00000  21.1%  2259  957s
  5362  5767   15.00000  550  208   19.00000   15.00000  21.1%  2039  996s
  5766  6435   15.00000  573  220   19.00000   15.00000  21.1%  1915 1034s
  6434  6929   15.00000  596  208   19.00000   15.00000  21.1%  1737 1073s
  6928  7256   15.00000  609  193   19.00000   15.00000  21.1%  1626 1113s
  7256  7257   15.26023 1090  180   19.00000   15.00000  21.1%  1565 1125s
  7258  7258   15.77144 1496  169   19.00000   15.00000  21.1%  1565 1167s
  7259  7259   15.00000  235  181   19.00000   15.00000  21.1%  1565 1228s
  7260  7260   15.20840  176  184   19.00000   15.00000  21.1%  1564 1250s
  7261  7260   15.00000  267  182   19.00000   15.00000  21.1%  1564 1283s
  7262  7261   15.25504 1081  180   19.00000   15.00000  21.1%  1564 1287s
  7263  7262   15.38467  881  179   19.00000   15.00000  21.1%  1564 1304s
  7264  7262   15.00000  582  172   19.00000   15.00000  21.1%  1563 1307s
  7265  7263   15.00000  326  172   19.00000   15.00000  21.1%  1563 1322s
  7266  7264   15.00000  693  172   19.00000   15.00000  21.1%  1563 1353s
  7267  7267   15.00000   16  199   19.00000   15.00000  21.1%  1587 1378s
  7269  7271   15.00000   17  205   19.00000   15.00000  21.1%  1587 1382s
  7273  7277   15.00000   18  211   19.00000   15.00000  21.1%  1586 1385s
  7289  7309   15.00000   20  220   19.00000   15.00000  21.1%  1585 1402s
  7318  7323   15.00000   22  229   19.00000   15.00000  21.1%  1613 1415s
  7342  7323   15.00000   24  180   19.00000   15.00000  21.1%  1613 1434s
  7350  7329   15.16481   25  206   19.00000   15.00000  21.1%  1614 1459s
  7358  7351   15.00000   25  159   19.00000   15.00000  21.1%  1614 1489s
  7383  7374   15.05008   26  191   19.00000   15.00000  21.1%  1613 1514s
  7414  7454   15.00000   26  212   19.00000   15.00000  21.1%  1617 1553s
  7505  7460   15.00000   28  195   19.00000   15.00000  21.1%  1734 1589s
  7541  7564   15.00000   30  189   19.00000   15.00000  21.1%  1734 1627s
  7657  7598   15.00000   35  160   19.00000   15.00000  21.1%  1784 1658s
  7730  7651   15.30355   38  216   19.00000   15.00000  21.1%  1781 1696s
  7807  7694   15.00000   41  163   19.00000   15.00000  21.1%  1906 1735s
  7876  7793   15.00000   46  170   19.00000   15.00000  21.1%  1906 1779s
  7998  7862   15.00000   49  162   19.00000   15.00000  21.1%  2080 1819s
  8107  7895   15.00000   53  173   19.00000   15.00000  21.1%  2073 1867s
  8177  7971   15.00000   55  169   19.00000   15.00000  21.1%  2166 1912s
  8276  8022   15.30683   57  210   19.00000   15.00000  21.1%  2193 1957s
  8360  8041   15.00000   60  161   19.00000   15.00000  21.1%  2274 2003s
  8407  8107   15.00000   62  148   19.00000   15.00000  21.1%  2352 2042s
  8489  8173   15.18488   65  215   19.00000   15.00000  21.1%  2372 2082s
  8582  8249   15.00000   68  155   19.00000   15.00000  21.1%  2381 2123s
  8689  8317   15.27631   72  223   19.00000   15.00000  21.1%  2370 2170s
  8793  8291   15.00000   76  158   19.00000   15.00000  21.1%  2408 2229s
  8801  8346   15.32249   76  223   19.00000   15.00000  21.1%  2406 2281s
  8859  8431   15.00000   78  160   19.00000   15.00000  21.1%  2399 2326s
  8963  8479   15.24796   82  210   19.00000   15.00000  21.1%  2386 2368s
  9046  8589   15.00000   86  154   19.00000   15.00000  21.1%  2377 2417s
  9184  8645   15.00000   90  159   19.00000   15.00000  21.1%  2560 2463s
  9286  8725   15.00000   93  155   19.00000   15.00000  21.1%  2687 2513s
  9400  8785   15.00000   97  165   19.00000   15.00000  21.1%  2819 2567s
  9498  8848   15.00000  100  153   19.00000   15.00000  21.1%  2937 2614s
  9593  8914   15.00000  103  145   19.00000   15.00000  21.1%  2972 2658s
  9691  8990   15.00000  108  176   19.00000   15.00000  21.1%  2958 2709s
  9800  9051   15.00000  111  205   19.00000   15.00000  21.1%  3066 2761s
  9897  9135   15.00000  114  175   19.00000   15.00000  21.1%  3168 2812s
 10013  9206   15.00000  118  158   19.00000   15.00000  21.1%  3185 2870s
 10123  9330   15.00000  122  167   19.00000   15.00000  21.1%  3166 2934s
 10284  9390   15.00000  127  156   19.00000   15.00000  21.1%  3338 2992s
 10397  9501   15.00000  130  166   19.00000   15.00000  21.1%  3454 3057s
 10546  9615   15.00000  134  201   19.00000   15.00000  21.1%  3610 3123s
 10710  9726   15.00000  139  179   19.00000   15.00000  21.1%  3770 3198s
 10875  9851   15.00000  144  162   19.00000   15.00000  21.1%  3932 3279s
 11055  9878   15.00000  149  192   19.00000   15.00000  21.1%  4100 3362s
 11142  9994   15.00000  151  194   19.00000   15.00000  21.1%  4183 3435s
 11287 10118   15.00000  156  188   19.00000   15.00000  21.1%  4320 3520s
 11460 10257   15.00000  161  194   19.00000   15.00000  21.1%  4484 3611s
 11656 10401   15.00000  167  163   19.00000   15.00000  21.1%  4627 3702s
 11866 10536   15.00000  172  192   19.00000   15.00000  21.1%  4829 3787s
 12071 10703   15.00000  177  194   19.00000   15.00000  21.1%  5002 3892s
 12306 10835   15.00000  182  193   19.00000   15.00000  21.1%  5209 4000s
 12516 11005   15.21379  187  206   19.00000   15.00000  21.1%  5356 4096s
 12756 10993   15.00000  194  157   19.00000   15.00000  21.1%  5412 4195s
 12824 11136   15.00000  197  161   19.00000   15.00000  21.1%  5392 4310s
 12990 11262   15.00000  205  145   19.00000   15.00000  21.1%  5340 4411s
 13171 11452   15.00000  214  149   19.00000   15.00000  21.1%  5294 4523s
 13422 11659   15.00000  223  167   19.00000   15.00000  21.1%  5389 4640s
 13712 11856   15.00000  234  157   19.00000   15.00000  21.1%  5355 4756s
 14006 12002   15.00000  245  165   19.00000   15.00000  21.1%  5363 4870s
 14250 12269   15.00000  256  170   19.00000   15.00000  21.1%  5368 5024s
 14598 12518   15.11756  264  199   19.00000   15.00000  21.1%  5565 5178s
 14963 12438   15.00000  274  187   19.00000   15.00000  21.1%  5775 5320s
 15005 12672   15.00000  275  190   19.00000   15.00000  21.1%  5793 5478s
 15253 13037   15.00000  285  167   19.00000   15.00000  21.1%  5941 5660s
 15701 13155   15.00000  299  158   19.00000   15.00000  21.1%  5965 5809s
 15968 13512   15.00000  312  164   19.00000   15.00000  21.1%  5893 6009s
 16414 13827   15.00000  323  182   19.00000   15.00000  21.1%  6131 6189s
 16878 14092   15.00000  334  187   19.00000   15.00000  21.1%  6370 6388s
 17297 14361   15.00000  345  189   19.00000   15.00000  21.1%  6585 6576s
 17706 14698   15.00000  355  193   19.00000   15.00000  21.1%  6777 6786s
 18179 15032   15.00000  367  194   19.00000   15.00000  21.1%  6976 7004s
 18671 15164   15.00000  381  173   19.00000   15.00000  21.1%  7178 7204s
 18967 15495   15.00000  389  187   19.00000   15.00000  21.1%  7311 7444s
 19397 15878   15.00000  402  172   19.00000   15.00000  21.1%  7466 7685s
 19923 16217   15.00000  417  180   19.00000   15.00000  21.1%  7696 7922s
 20437 16558   15.00000  434  173   19.00000   15.00000  21.1%  7862 8188s
 20950 16678   15.00000  450  179   19.00000   15.00000  21.1%  8031 8460s
 21241 17270   15.00000  460  205   19.00000   15.00000  21.1%  8099 8745s
 21930 17688   15.00000  476  179   19.00000   15.00000  21.1%  8274 9032s
 22577 18058   15.00000  491  202   19.00000   15.00000  21.1%  8451 9319s
 23163 18764   15.00000  507  209   19.00000   15.00000  21.1%  8578 9636s
 24064 19391   15.00000  525  208   19.00000   15.00000  21.1%  8762 9957s
 24992 20109   15.00000  544  209   19.00000   15.00000  21.1%  8914 10297s
 26019 20774   15.55964  563  224   19.00000   15.00000  21.1%  9033 10638s
 27026 21399   15.00000  582  211   19.00000   15.00000  21.1%  9146 11000s
 27987 21790   15.00000  601  215   19.00000   15.00000  21.1%  9218 11348s
 28698 22520   15.00000  617  216   19.00000   15.00000  21.1%  9280 11697s
 29665 23540   15.00000  635  216   19.00000   15.00000  21.1%  9347 12419s
 30805 24310   15.00000  656  218   19.00000   15.00000  21.1%  9408 12685s
 31575 25048   15.00000  671  218   19.00000   15.00000  21.1%  9463 12964s
 32313 25828   15.00000  683  219   19.00000   15.00000  21.1%  9506 13253s
 33093 26477   15.00000  699  217   19.00000   15.00000  21.1%  9561 13545s
 33742 27326   15.00000  712  223   19.00000   15.00000  21.1%  9604 13832s
 34591 27824   15.00000  729  225   19.00000   15.00000  21.1%  9647 14119s
 35089 28720   15.00000  738  222   19.00000   15.00000  21.1%  9674 14426s
 35985 29620   15.00000  755  220   19.00000   15.00000  21.1%  9704 14728s
 36885 30422   15.00000  771  222   19.00000   15.00000  21.1%  9733 15026s
 37687 31258   15.00000  786  223   19.00000   15.00000  21.1%  9766 15329s
 38523 31966   15.00000  803  223   19.00000   15.00000  21.1%  9799 15631s
 39231 32639   15.00000  818  222   19.00000   15.00000  21.1%  9824 15933s
 39904 33480   15.00000  833  224   19.00000   15.00000  21.1%  9858 16242s
 40745 34171   15.00000  850  224   19.00000   15.00000  21.1%  9899 16550s
 41436 35007   15.24345  862  229   19.00000   15.00000  21.1%  9932 16858s
 42272 35578   15.00000  878  218   19.00000   15.00000  21.1%  9964 17151s
 42843 36370   15.00000  888  226   19.00000   15.00000  21.1%  9982 17486s
 43635 36846   15.00000  903  224   19.00000   15.00000  21.1% 10022 17784s
 44111 37961   15.00000  911  225   19.00000   15.00000  21.1% 10044 18150s
 45226 38803   15.00000  931  225   19.00000   15.00000  21.1% 10080 18405s
 46068 39628   15.00000  945  226   19.00000   15.00000  21.1% 10109 18670s
 46893 40426   15.00000  959  225   19.00000   15.00000  21.1% 10128 18927s
 47691 41200   15.00000  973  225   19.00000   15.00000  21.1% 10159 19182s
 48465 42004   15.00000  988  222   19.00000   15.00000  21.1% 10185 19431s
 49269 42749   15.00000 1002  230   19.00000   15.00000  21.1% 10196 19690s
 50014 43493   15.00000 1016  234   19.00000   15.00000  21.1% 10222 19956s
 50758 44247   15.00000 1030  228   19.00000   15.00000  21.1% 10237 20220s
 51512 44895   15.00000 1044  223   19.00000   15.00000  21.1% 10248 20483s
 52160 45759   15.00000 1057  226   19.00000   15.00000  21.1% 10258 20754s
 53024 46265   15.00000 1072  223   19.00000   15.00000  21.1% 10274 21015s
 53530 47173   15.00000 1087  216   19.00000   15.00000  21.1% 10282 21297s
 54438 47449   15.00431 1120  230   19.00000   15.00000  21.1% 10305 21568s
 54714 48251   15.01269 1157  230   19.00000   15.00000  21.1% 10318 21842s
 55516 49131   15.01308 1192  234   19.00000   15.00000  21.1% 10343 22123s
 56396 50099   15.01316 1229  236   19.00000   15.00000  21.1% 10372 22403s
 57364 51042   15.02507 1268  234   19.00000   15.00000  21.1% 10403 22685s
 58307 51976   15.02537 1312  236   19.00000   15.00000  21.1% 10434 22962s
 59241 53110   15.03200 1350  238   19.00000   15.00000  21.1% 10459 23316s
 60375 53916   15.03488 1403  238   19.00000   15.00000  21.1% 10488 23571s
 61181 54720   15.04024 1436  230   19.00000   15.00000  21.1% 10510 23810s
 61985 55501   16.00000 1472  255   19.00000   15.00000  21.1% 10529 24052s
 62766 56200   15.04107 1506  233   19.00000   15.00000  21.1% 10548 24306s
 63465 56355   15.04252 1537  240   19.00000   15.00000  21.1% 10564 24551s
 63620 57116   15.04547 1556  241   19.00000   15.00000  21.1% 10570 24824s
 64381 58002   15.04648 1595  235   19.00000   15.00000  21.1% 10597 25086s
 65267 58893   16.00000 1633  261   19.00000   15.00000  21.1% 10615 25361s
 66158 59700   15.05176 1668  236   19.00000   15.00000  21.1% 10635 25627s
 66965 60532   15.05480 1706  241   19.00000   15.00000  21.1% 10660 25885s
 67797 61122   15.05633 1741  239   19.00000   15.00000  21.1% 10681 26131s
 68387 62021   15.05717 1769  236   19.00000   15.00000  21.1% 10700 26397s
 69286 62815   15.06038 1806  235   19.00000   15.00000  21.1% 10719 26653s
 70080 63732   15.06520 1837  237   19.00000   15.00000  21.1% 10737 26929s
 70997 64664   15.06536 1874  237   19.00000   15.00000  21.1% 10756 27192s
 71929 65562   15.06869 1910  244   19.00000   15.00000  21.1% 10769 27452s
 72827 66241   15.07014 1948  236   19.00000   15.00000  21.1% 10787 27711s
 73506 67045   15.07358 1970  233   19.00000   15.00000  21.1% 10801 27973s
 74310 68131   15.07539 2003  236   19.00000   15.00000  21.1% 10821 28307s
 75396 68773   15.07674 2049  236   19.00000   15.00000  21.1% 10849 28557s
 76038 69607   15.07684 2059  237   19.00000   15.00000  21.1% 10862 28821s
 76872 70467   15.07921 2085  235   19.00000   15.00000  21.1% 10876 29082s
 77732 70513   15.08043 2117  237   19.00000   15.00000  21.1% 10887 29328s
 77778 71311   15.08135 2122  239   19.00000   15.00000  21.1% 10887 29601s
 78576 71904   15.08938 2156  232   19.00000   15.00000  21.1% 10903 29870s
 79169 72782   15.09203 2191  236   19.00000   15.00000  21.1% 10916 30153s
 80047 73789   15.10691 2232  237   19.00000   15.00000  21.1% 10933 30436s
 81054 74692   15.10797 2276  235   19.00000   15.00000  21.1% 10952 30711s
 81957 75676   15.11212 2318  241   19.00000   15.00000  21.1% 10972 30987s
 82941 76626   15.12051 2360  233   19.00000   15.00000  21.1% 10987 31254s
 83891 77473   15.12771 2395  241   19.00000   15.00000  21.1% 11002 31500s
 84738 78419   15.13040 2430  239   19.00000   15.00000  21.1% 11012 31754s
 85684 79233   15.13163 2468  236   19.00000   15.00000  21.1% 11025 32013s
 86498 80179   16.00000 2500  244   19.00000   15.00000  21.1% 11036 32274s
 87444 80603   15.13648 2540  237   19.00000   15.00000  21.1% 11048 32507s
 87868 81201   16.00000 2566  250   19.00000   15.00000  21.1% 11056 32751s
 88466 82176   15.14055 2583  237   19.00000   15.00000  21.1% 11062 33012s
 89441 83197   15.14363 2626  233   19.00000   15.00000  21.1% 11071 33337s
 90462 84198   15.14637 2664  235   19.00000   15.00000  21.1% 11083 33598s
 91463 85117   15.14836 2702  229   19.00000   15.00000  21.1% 11086 33824s
 92382 85676   15.14975 2738  232   19.00000   15.00000  21.1% 11087 34048s
 92941 86611   15.15122 2760  240   19.00000   15.00000  21.1% 11094 34289s
 93876 87548   15.15289 2798  232   19.00000   15.00000  21.1% 11099 34516s
 94813 88456   15.15371 2833  231   19.00000   15.00000  21.1% 11097 34738s
 95721 89304   15.15990 2865  232   19.00000   15.00000  21.1% 11096 34963s
 96569 89325   15.16013 2898  235   19.00000   15.00000  21.1% 11101 35163s
 96590 89853   15.16095 2905  234   19.00000   15.00000  21.1% 11101 35387s
 97118 90780   15.16184 2944  238   19.00000   15.00000  21.1% 11104 35630s
 98045 91682   15.16204 2982  230   19.00000   15.00000  21.1% 11105 35851s
 98947 92602   15.16347 3018  230   19.00000   15.00000  21.1% 11109 36071s
 99867 93420   15.16553 3055  235   19.00000   15.00000  21.1% 11110 36300s
 100685 94208   15.16587 3084  233   19.00000   15.00000  21.1% 11114 36510s
 101473 95086   15.16711 3112  231   19.00000   15.00000  21.1% 11117 36734s
 102351 95980   15.16717 3146  231   19.00000   15.00000  21.1% 11122 36958s
 103245 96860   15.48828 3182  209   19.00000   15.00000  21.1% 11126 37172s
 104125 97532   15.17528 3214  239   19.00000   15.00000  21.1% 11128 37483s
 104797 98922   16.00000 3255  254   19.00000   15.00000  21.1% 11135 37852s
 106187 99969   15.17770 3296  240   19.00000   15.00000  21.1% 11145 38115s
 107234 100926   15.18344 3339  235   19.00000   15.00000  21.1% 11152 38358s
 108191 101849   15.18500 3376  235   19.00000   15.00000  21.1% 11158 38596s
 109114 102773   15.18792 3411  230   19.00000   15.00000  21.1% 11165 38822s
 110038 103629   15.18920 3456  235   19.00000   15.00000  21.1% 11170 39036s
 110894 104519   15.19279 3495  236   19.00000   15.00000  21.1% 11177 39263s
 111784 105373   15.19333 3532  235   19.00000   15.00000  21.1% 11182 39470s
 112638 105891   15.19364 3565  240   19.00000   15.00000  21.1% 11191 39678s
 113156 106762   16.00000 3587  241   19.00000   15.00000  21.1% 11195 39906s
 114027 107674   15.19663 3624  238   19.00000   15.00000  21.1% 11204 40123s
 114939 108495   15.19933 3664  236   19.00000   15.00000  21.1% 11208 40341s
 115760 109350   15.19949 3698  241   19.00000   15.00000  21.1% 11215 40572s
 116615 109701   15.19954 3732  238   19.00000   15.00000  21.1% 11219 40775s
 116966 109879   15.19973 3762  237   19.00000   15.00000  21.1% 11224 40982s
 117144 110646   16.00000 3772  251   19.00000   15.00000  21.1% 11225 41219s
 117911 111498   15.20115 3809  233   19.00000   15.00000  21.1% 11235 41445s
 118763 112757   15.20174 3845  234   19.00000   15.00000  21.1% 11238 41767s
 120022 113540   15.20329 3898  239   19.00000   15.00000  21.1% 11243 41973s
 120805 114350   15.20438 3931  239   19.00000   15.00000  21.1% 11249 42173s
 121615 115137   15.20584 3967  236   19.00000   15.00000  21.1% 11255 42370s
 122402 115189   15.20787 4002  233   19.00000   15.00000  21.1% 11261 42558s
 122454 115756   16.00000 4002  245   19.00000   15.00000  21.1% 11261 42749s
 123021 116628   15.20819 4015  238   19.00000   15.00000  21.1% 11267 42970s
 123893 117486   15.20872 4054  236   19.00000   15.00000  21.1% 11274 43180s
 124751 117545   15.20929 4095  234   19.00000   15.00000  21.1% 11282 43200s

Cutting planes:
  MIR: 2
  Flow cover: 5

Explored 124810 nodes (1408239780 simplex iterations) in 43200.10 seconds (141037.53 work units)
Thread count was 8 (of 56 available processors)

Solution count 10: 19 20 22 ... 29

Time limit reached
Best objective 1.900000000000e+01, best bound 1.500000000000e+01, gap 21.0526%

User-callback calls 4331093, time in user-callback 18.30 sec
Set parameter TimeLimit to value 1.7984129672050476e+03
Gurobi Optimizer version 12.0.3 build v12.0.3rc0 (linux64 - "Ubuntu 24.04.4 LTS")

CPU model: Intel(R) Xeon(R) Gold 6348 CPU @ 2.60GHz, instruction set [SSE2|AVX|AVX2|AVX512]
Thread count: 56 physical cores, 56 logical processors, using up to 8 threads

Non-default parameters:
TimeLimit  1.7984129672050476e+03
Threads  8

Optimize a model with 358 rows, 73499 columns and 2127970 nonzeros
Model fingerprint: 0xf9200ff2
Variable types: 0 continuous, 73499 integer (73499 binary)
Coefficient statistics:
  Matrix range     [1e+00, 1e+00]
  Objective range  [1e+01, 2e+02]
  Bounds range     [1e+00, 1e+00]
  RHS range        [1e+00, 2e+01]

Loaded user MIP start with objective 905.152
MIP start from previous solve did not produce a new incumbent solution

Presolve removed 0 rows and 30 columns
Presolve time: 3.68s
Presolved: 358 rows, 73469 columns, 2127267 nonzeros
Variable types: 0 continuous, 73469 integer (73469 binary)

Starting sifting (using dual simplex for sub-problems)...

    Iter     Pivots    Primal Obj      Dual Obj        Time
       0          0     infinity      0.0000000e+00      4s
       1       1933   1.2470729e+03   3.9457977e+01      4s
       2       3784   8.3748139e+02   2.3845958e+02      4s
       3       5832   6.3416167e+02   3.6851388e+02      5s
       4       7851   5.8670430e+02   5.1407671e+02      5s
       5       9733   5.7910571e+02   5.5861575e+02      6s
       6      11180   5.7854839e+02   5.7718732e+02      6s

Sifting complete


Root simplex log...

Iteration    Objective       Primal Inf.    Dual Inf.      Time
   11795    5.7854839e+02   0.000000e+00   0.000000e+00      6s

Root relaxation: objective 5.785484e+02, 11795 iterations, 2.31 seconds (4.72 work units)

    Nodes    |    Current Node    |     Objective Bounds      |     Work
 Expl Unexpl |  Obj  Depth IntInf | Incumbent    BestBd   Gap | It/Node Time

     0     0  578.54839    0  307  905.15200  578.54839  36.1%     -    6s
H    0     0                     897.9600000  578.54839  35.6%     -   10s
     0     0  579.09345    0  318  897.96000  579.09345  35.5%     -   19s
     0     0  579.37940    0  318  897.96000  579.37940  35.5%     -   40s
     0     0  579.52439    0  323  897.96000  579.52439  35.5%     -   44s
     0     0  579.61101    0  327  897.96000  579.61101  35.5%     -   48s
     0     0  579.73164    0  326  897.96000  579.73164  35.4%     -   49s
     0     0  579.79880    0  332  897.96000  579.79880  35.4%     -   53s
     0     0  579.82754    0  332  897.96000  579.82754  35.4%     -   58s
     0     0  579.84887    0  337  897.96000  579.84887  35.4%     -   59s
     0     0  579.88796    0  338  897.96000  579.88796  35.4%     -   59s
     0     0  579.88843    0  338  897.96000  579.88843  35.4%     -   65s
     0     2  579.88862    0  338  897.96000  579.88862  35.4%     -  110s
     3     8  579.92756    2  331  897.96000  579.89210  35.4%   496  118s
     7    16  579.99265    3  332  897.96000  579.93215  35.4%   741  124s
    15    24  580.27453    4  333  897.96000  579.99752  35.4%   844  126s
H   26    53                     897.4640000  579.99752  35.4%   602  129s
H   46    53                     879.5680000  579.99752  34.1%   437  129s
    52    61  580.40102    9  332  879.56800  579.99752  34.1%   415  134s
    60    69  580.44846   10  333  879.56800  579.99752  34.1%   384  169s
    68    77  580.44846   11  333  879.56800  579.99752  34.1%   356  172s
    76    85  580.44906   12  331  879.56800  579.99752  34.1%   332  175s
    92   101  580.44975   14  334  879.56800  579.99752  34.1%   305  200s
   100   109  580.45986   15  335  879.56800  579.99752  34.1%   295  208s
   108   117  580.48080   16  331  879.56800  579.99752  34.1%   284  214s
   116   125  580.57860   17  336  879.56800  579.99752  34.1%   274  228s
   124   133  580.60874   18  334  879.56800  579.99752  34.1%   266  231s
   140   149  580.67466   20  336  879.56800  579.99752  34.1%   250  242s
   148   157  580.67466   21  336  879.56800  579.99752  34.1%   243  247s
   156   165  580.84880   22  332  879.56800  579.99752  34.1%   240  250s
   172   181  580.90655   24  332  879.56800  579.99752  34.1%   231  255s
   189   205  581.21335   26  332  879.56800  579.99752  34.1%   224  260s
   227   236  581.63836   34  332  879.56800  579.99752  34.1%   211  269s
H  234   236                     878.8240000  579.99752  34.0%   209  269s
   235   278  581.64400   35  332  878.82400  579.99752  34.0%   209  272s
   277   299  582.00485   40  324  878.82400  579.99752  34.0%   200  278s
   298   343  582.05701   42  324  878.82400  579.99752  34.0%   199  287s
   342   377  582.15923   50  330  878.82400  579.99752  34.0%   189  291s
   376   429  582.25605   58  327  878.82400  579.99752  34.0%   181  295s
   428   437  582.48520   65  321  878.82400  579.99752  34.0%   173  302s
H  430   437                     872.1280000  579.99752  33.5%   172  302s
   436   497  582.48520   66  321  872.12800  579.99752  33.5%   171  306s
   554   607  582.79243   80  323  872.12800  579.99752  33.5%   159  312s
   606   657  582.94215   86  326  872.12800  579.99752  33.5%   157  315s
   711   773  583.09764  101  323  872.12800  579.99752  33.5%   155  322s
   772   833  583.28291  110  323  872.12800  579.99752  33.5%   153  326s
H  832   893                     866.4240000  579.99752  33.1%   151  331s
H  856   893                     857.0000000  579.99752  32.3%   151  331s
H  867   893                     855.4720000  579.99752  32.2%   150  331s
   892   964  583.48657  117  327  855.47200  579.99752  32.2%   149  335s
H  963  1008                     849.7680000  579.99752  31.7%   147  341s
H  970  1008                     813.0240000  579.99752  28.7%   147  341s
  1007  1089  583.76157  131  327  813.02400  579.99752  28.7%   146  346s
  1088  1175  583.96564  141  334  813.02400  579.99752  28.7%   144  351s
  1174  1257  584.17132  153  332  813.02400  579.99752  28.7%   142  356s
  1256  1336  584.71647  166  330  813.02400  579.99752  28.7%   140  361s
  1335  1395  584.90780  172  329  813.02400  579.99752  28.7%   140  369s
  1394  1457  585.00879  188  328  813.02400  579.99752  28.7%   137  375s
  1456  1541  585.21796  203  325  813.02400  579.99752  28.7%   135  382s
  1540  1623  585.54980  215  327  813.02400  579.99752  28.7%   134  387s
  1622  1741  585.81345  228  331  813.02400  579.99752  28.7%   134  392s
  1740  1859  586.04948  245  328  813.02400  579.99752  28.7%   132  397s
  1858  1965  586.39874  259  335  813.02400  579.99752  28.7%   131  403s
  1964  2115  586.81036  268  324  813.02400  579.99752  28.7%   130  409s
  2114  2252  587.02699  286  323  813.02400  579.99752  28.7%   128  415s
  2251  2394  587.22589  304  330  813.02400  579.99752  28.7%   126  422s
  2393  2574  587.47302  319  325  813.02400  579.99752  28.7%   125  429s
  2573  2736  587.73608  342  329  813.02400  579.99752  28.7%   122  437s
  2735  2892  587.93321  358  326  813.02400  579.99752  28.7%   120  445s
  2891  3064  588.64632  366  329  813.02400  579.99752  28.7%   120  452s
  3063  3174  588.90296  387  328  813.02400  579.99752  28.7%   118  460s
H 3173  3182                     810.2960000  579.99752  28.4%   118  479s
H 3177  3182                     805.2960000  579.99752  28.0%   118  479s
  3181  3350  589.27303  402  322  805.29600  579.99752  28.0%   118  488s
  3349  3573  589.67793  420  327  805.29600  579.99752  28.0%   118  496s
  3572  3790  589.99775  446  325  805.29600  579.99752  28.0%   116  505s
  3789  3996  590.23633  466  330  805.29600  579.99752  28.0%   114  517s
  3995  4192  590.51018  488  327  805.29600  579.99752  28.0%   114  527s
  4191  4422  590.76376  508  332  805.29600  579.99752  28.0%   114  536s
  4421  4658  591.01646  531  326  805.29600  579.99752  28.0%   113  546s
  4657  4690  591.28503  558  324  805.29600  579.99752  28.0%   112  557s
  4689  4706  591.41279  562  322  805.29600  579.99752  28.0%   112  568s
  4705  4775  591.42192  563  321  805.29600  579.99752  28.0%   113  579s
  4774  4942  591.43669  564  318  805.29600  579.99752  28.0%   113  590s
  4941  5142  591.55139  565  323  805.29600  579.99752  28.0%   112  602s
  5141  5221  591.59543  566  325  805.29600  579.99752  28.0%   111  625s
H 5144  5221                     799.0960000  579.99752  27.4%   111  625s
  5220  5510  591.76322  567  325  799.09600  579.99752  27.4%   110  635s
  5509  5823  592.34295  586  332  799.09600  579.99752  27.4%   110  646s
  5822  6176  592.80179  618  332  799.09600  579.99752  27.4%   109  658s
  6175  6557  593.12493  651  333  799.09600  579.99752  27.4%   108  671s
  6556  6910  593.40559  699  332  799.09600  579.99752  27.4%   106  684s
  6909  7375  593.92310  737  333  799.09600  579.99752  27.4%   105  698s
  7375  7376  610.46989  537  338  799.09600  579.99752  27.4%   103  726s
  7377  7377  616.45169  414  307  799.09600  579.99752  27.4%   103  757s
  7378  7378  617.59280  244  316  799.09600  579.99752  27.4%   103  799s
  7379  7379  614.70100  273  321  799.09600  579.99752  27.4%   103  806s
  7381  7380  620.46311  494  329  799.09600  579.99752  27.4%   103  816s
  7382  7381  607.64408  408  331  799.09600  579.99752  27.4%   103  828s
  7384  7382  622.48387  597  332  799.09600  580.03455  27.4%   103  830s
  7385  7383  630.99045  225  335  799.09600  580.03497  27.4%   103  837s
  7386  7383  613.13997  771  335  799.09600  580.17036  27.4%   103  853s
  7387  7384  612.96843  182  334  799.09600  580.17036  27.4%   103  858s
  7388  7385  606.02985  187  334  799.09600  580.72689  27.3%   103  980s
  7389  7388  580.72689   14  334  799.09600  580.72689  27.3%   105 1002s
  7391  7392  580.72689   15  336  799.09600  580.72689  27.3%   105 1010s
  7395  7398  580.72689   16  336  799.09600  580.72689  27.3%   106 1020s
  7411  7422  580.72689   18  343  799.09600  580.72689  27.3%   107 1031s
  7432  7423  580.72689   20  343  799.09600  580.72689  27.3%   108 1041s
  7440  7428  589.59451   20  295  799.09600  580.72689  27.3%   108 1056s
  7448  7434  580.72689   21  335  799.09600  580.72689  27.3%   109 1062s
  7456  7439  585.06684   21  311  799.09600  580.72689  27.3%   110 1070s
  7464  7444  580.74882   22  335  799.09600  580.72689  27.3%   111 1079s
  7472  7450  591.77046   22  309  799.09600  580.72689  27.3%   111 1097s
  7480  7455  580.75085   23  337  799.09600  580.72689  27.3%   112 1108s
  7488  7465  590.39383   23  303  799.09600  580.72689  27.3%   112 1114s
H 7501  7106                     796.3280000  580.72689  27.1%   114 1121s
  7516  7120  591.45850   24  303  796.32800  580.72689  27.1%   114 1129s
H 7535  6777                     790.6240000  580.72689  26.5%   116 1138s
  7549  6790  581.04893   26  338  790.62400  580.72689  26.5%   117 1144s
  7567  6802  581.29142   27  328  790.62400  580.72689  26.5%   118 1151s
  7585  6814  581.35759   28  334  790.62400  580.72689  26.5%   120 1158s
  7603  6826  581.37789   29  334  790.62400  580.72689  26.5%   121 1166s
  7621  6838  581.72610   30  333  790.62400  580.72689  26.5%   123 1175s
  7639  6845  581.92016   31  329  790.62400  580.72689  26.5%   124 1182s
  7652  6856  588.67703   31  302  790.62400  580.72689  26.5%   125 1192s
  7667  6872  582.13881   32  332  790.62400  580.72689  26.5%   125 1203s
  7688  6887  582.19898   33  338  790.62400  580.72689  26.5%   127 1211s
  7710  6902  582.32666   34  331  790.62400  580.72689  26.5%   128 1218s
  7733  6903  582.36364   35  332  790.62400  580.72689  26.5%   130 1228s
  7741  6908  592.58210   35  305  790.62400  580.72689  26.5%   130 1243s
  7749  6914  582.43163   36  326  790.62400  580.72689  26.5%   131 1251s
  7758  6922  594.00626   36  305  790.62400  580.72689  26.5%   132 1261s
  7769  6934  582.47300   37  328  790.62400  580.72689  26.5%   133 1270s
  7784  6937  582.48460   38  326  790.62400  580.72689  26.5%   135 1297s
  7792  6959  591.55037   38  294  790.62400  580.72689  26.5%   135 1307s
  7817  6984  592.93962   39  311  790.62400  580.72689  26.5%   137 1318s
  7850  7009  582.63361   41  321  790.62400  580.72689  26.5%   139 1328s
  7886  7005  591.16417   42  300  790.62400  580.72689  26.5%   141 1339s
  7894  7012  582.74042   43  319  790.62400  580.72689  26.5%   141 1352s
  7904  7033  599.05041   43  299  790.62400  580.72689  26.5%   142 1365s
  7928  7059  582.80469   44  319  790.62400  580.72689  26.5%   143 1376s
  7962  7085  597.03488   44  298  790.62400  580.72689  26.5%   146 1387s
  8000  7116  583.04542   46  328  790.62400  580.72689  26.5%   148 1400s
  8043  7143  583.17687   48  333  790.62400  580.72689  26.5%   150 1411s
  8085  7170  599.52079   49  302  790.62400  580.72689  26.5%   153 1423s
  8126  7202  583.83944   51  322  790.62400  580.72689  26.5%   156 1436s
  8171  7235  594.98267   53  295  790.62400  580.72689  26.5%   159 1448s
  8219  7270  597.08017   55  302  790.62400  580.72689  26.5%   161 1463s
  8270  7306  584.03027   58  323  790.62400  580.72689  26.5%   164 1480s
  8323  7343  584.18181   61  322  790.62400  580.72689  26.5%   167 1496s
  8378  7343  584.37107   64  321  790.62400  580.72689  26.5%   170 1516s
H 8387  7007                     786.6560000  580.72689  26.2%   171 1516s
  8396  7059  597.92186   64  275  786.65600  580.72689  26.2%   172 1533s
H 8451  6740                     786.4080000  580.72689  26.2%   174 1553s
  8468  6796  599.62704   67  278  786.40800  580.72689  26.2%   175 1572s
  8529  6838  584.49055   70  325  786.40800  580.72689  26.2%   179 1590s
  8592  6885  584.57973   73  322  786.40800  580.72689  26.2%   182 1609s
  8660  6884  584.64610   76  323  786.40800  580.72689  26.2%   186 1635s
H 8666  6581                     784.4240000  580.72689  26.0%   186 1635s
  8681  6620  596.46350   76  310  784.42400  580.72689  26.0%   187 1654s
  8725  6663  584.72147   78  323  784.42400  580.72689  26.0%   189 1673s
  8783  6710  584.76257   80  322  784.42400  580.72689  26.0%   192 1694s
  8849  6751  584.86815   83  322  784.42400  580.72689  26.0%   196 1724s
  8912  6741  584.87675   87  324  784.42400  580.72689  26.0%   200 1766s
  8923  6765  597.05494   87  306  784.42400  580.72689  26.0%   200 1798s

Cutting planes:
  MIR: 20
  Flow cover: 21

Explored 8951 nodes (1822266 simplex iterations) in 1798.49 seconds (6284.32 work units)
Thread count was 8 (of 56 available processors)

Solution count 10: 784.424 786.408 786.656 ... 849.768

Time limit reached
Best objective 7.844239999999e+02, best bound 5.807268935479e+02, gap 25.9677%

User-callback calls 418398, time in user-callback 1.50 sec
