
Gurobi 12.0.3 (linux64) logging started Tue Sep 22 01:40:05 2026

Set parameter LogFile to value "/home/nc437/ladder-lite/mip_structure_20260922/results/c4_k08_fresh/strong_start/729450_r0/gurobi.log"
Set parameter Threads to value 8
Set parameter Seed to value 0
Set parameter MIPGap to value 0.0001
Set parameter TimeLimit to value 1800
Gurobi Optimizer version 12.0.3 build v12.0.3rc0 (linux64 - "Ubuntu 24.04.4 LTS")

CPU model: AMD EPYC 9654 96-Core Processor, instruction set [SSE2|AVX|AVX2|AVX512]
Thread count: 192 physical cores, 384 logical processors, using up to 8 threads

Non-default parameters:
TimeLimit  1800
Threads  8

Optimize a model with 188 rows, 39668 columns and 1057136 nonzeros
Model fingerprint: 0xe52e0fda
Variable types: 0 continuous, 39668 integer (39668 binary)
Coefficient statistics:
  Matrix range     [1e+00, 1e+00]
  Objective range  [1e+00, 1e+00]
  Bounds range     [1e+00, 1e+00]
  RHS range        [1e+00, 1e+00]

Loaded user MIP start with objective 9

Presolve removed 0 rows and 452 columns
Presolve time: 1.12s
Presolved: 188 rows, 39216 columns, 1048230 nonzeros
Variable types: 0 continuous, 39216 integer (39216 binary)

Starting sifting (using dual simplex for sub-problems)...

    Iter     Pivots    Primal Obj      Dual Obj        Time
       0          0     infinity      0.0000000e+00      1s
       1        408   9.8471826e+00   3.5796695e+00      1s
       2        991   9.7097226e+00   5.5900920e+00      1s
       3       1982   9.1698669e+00   6.6485132e+00      1s
       4       2939   8.7893718e+00   7.0709169e+00      1s
       5       4072   8.5331884e+00   7.3274430e+00      1s
       6       4966   8.2540328e+00   7.5340295e+00      1s
       7       6194   8.0387292e+00   7.6160160e+00      2s
       8       6856   8.0000000e+00   8.0000000e+00      2s

Sifting complete


Root relaxation: objective 8.000000e+00, 6856 iterations, 0.41 seconds (0.70 work units)

    Nodes    |    Current Node    |     Objective Bounds      |     Work
 Expl Unexpl |  Obj  Depth IntInf | Incumbent    BestBd   Gap | It/Node Time

     0     0    8.00000    0   88    9.00000    8.00000  11.1%     -    3s
     0     0    8.00000    0   84    9.00000    8.00000  11.1%     -    6s
     0     0    8.00000    0  100    9.00000    8.00000  11.1%     -    9s
     0     0    8.00000    0   79    9.00000    8.00000  11.1%     -   15s
     0     0    8.00000    0   69    9.00000    8.00000  11.1%     -   17s
     0     0    8.00000    0   86    9.00000    8.00000  11.1%     -   22s
     0     0    8.00000    0  102    9.00000    8.00000  11.1%     -   25s
     0     0    8.00000    0   71    9.00000    8.00000  11.1%     -   30s
     0     0    8.00000    0   95    9.00000    8.00000  11.1%     -   33s
     0     0    8.00000    0   88    9.00000    8.00000  11.1%     -   36s
     0     0    8.00000    0   93    9.00000    8.00000  11.1%     -   36s
     0     0    8.00000    0   90    9.00000    8.00000  11.1%     -   40s
     0     0    8.00000    0   95    9.00000    8.00000  11.1%     -   43s
     0     0    8.00000    0   87    9.00000    8.00000  11.1%     -   44s
     0     0    8.00000    0   87    9.00000    8.00000  11.1%     -   46s
     0     0    8.00000    0   85    9.00000    8.00000  11.1%     -   53s
     0     0    8.00000    0   84    9.00000    8.00000  11.1%     -   54s
     0     0    8.00000    0   74    9.00000    8.00000  11.1%     -   58s
     0     0    8.00000    0   88    9.00000    8.00000  11.1%     -   61s
     0     0    8.00000    0   88    9.00000    8.00000  11.1%     -   61s
     0     0    8.00000    0   80    9.00000    8.00000  11.1%     -   63s
     0     0    8.00000    0   92    9.00000    8.00000  11.1%     -   66s
     0     0    8.00000    0   93    9.00000    8.00000  11.1%     -   66s
     0     0    8.00000    0   86    9.00000    8.00000  11.1%     -   69s
     0     0    8.00000    0   82    9.00000    8.00000  11.1%     -   70s
     0     0    8.00000    0   94    9.00000    8.00000  11.1%     -   72s
     0     0    8.00000    0   94    9.00000    8.00000  11.1%     -   73s
     0     2    8.00000    0   72    9.00000    8.00000  11.1%     -   77s
    21     9    8.00000    6  109    9.00000    8.00000  11.1%  1824   80s
    81    32    8.00000   12  107    9.00000    8.00000  11.1%  1103   85s
   176   160    8.00000   28  101    9.00000    8.00000  11.1%   773   90s
   277   356    8.00000   45  136    9.00000    8.00000  11.1%   682   95s
   521   422    8.00000   96  149    9.00000    8.00000  11.1%   767  105s
   723   603    8.00000  121  105    9.00000    8.00000  11.1%   831  116s
  1222   681    8.00000   81  121    9.00000    8.00000  11.1%   679  127s
  1618   595 infeasible   54         9.00000    8.00000  11.1%   739  137s
  1888   542 infeasible   61         9.00000    8.00000  11.1%   688  148s
  2259   494 infeasible   47         9.00000    8.00000  11.1%   735  159s
  2591   394    8.00000  160   97    9.00000    8.00000  11.1%   687  170s
  2983   428 infeasible  279         9.00000    8.00000  11.1%   643  181s
  3351   379    8.00000   46  100    9.00000    8.00000  11.1%   607  192s
  3704   304    8.00000  106  111    9.00000    8.00000  11.1%   584  203s
  4123   198 infeasible   36         9.00000    8.00000  11.1%   617  211s
  4347   386 infeasible   92         9.00000    8.00000  11.1%   606  217s
  4640   387    8.00000   78   87    9.00000    8.00000  11.1%   607  220s
  4643   389    8.00000   65  101    9.00000    8.00000  11.1%   607  228s
  4644   390    8.00000   71  102    9.00000    8.00000  11.1%   607  231s
  4645   390    8.00000   77   62    9.00000    8.00000  11.1%   607  235s
  4649   393    8.00000  116   81    9.00000    8.00000  11.1%   606  242s
  4651   394    8.00000  129   67    9.00000    8.00000  11.1%   606  246s
  4654   396    8.00000   35  105    9.00000    8.00000  11.1%   606  250s
  4658   402    8.00000   16  102    9.00000    8.00000  11.1%   647  256s
  4697   406    8.00000   22  100    9.00000    8.00000  11.1%   650  260s
  4765   402    8.00000   24   90    9.00000    8.00000  11.1%   651  266s
  4884   356 infeasible   29         9.00000    8.00000  11.1%   652  273s
  4927   361    8.00000   29   85    9.00000    8.00000  11.1%   650  276s
  4950   397    8.00000   32   80    9.00000    8.00000  11.1%   648  282s
  5006   460    8.00000   36   77    9.00000    8.00000  11.1%   643  286s
  5162   554 infeasible   59         9.00000    8.00000  11.1%   630  292s
  5412   466    8.00000   74  104    9.00000    8.00000  11.1%   610  302s
  5683   311 infeasible  112         9.00000    8.00000  11.1%   615  313s
  5865   247 infeasible   45         9.00000    8.00000  11.1%   632  323s
  6111   392    8.00000   68   93    9.00000    8.00000  11.1%   620  331s
  6418   428 infeasible   93         9.00000    8.00000  11.1%   601  345s
  6574   513    8.00000   65   88    9.00000    8.00000  11.1%   595  360s
  7092   613 infeasible  144         9.00000    8.00000  11.1%   572  379s
  7278   557    8.00000   96   80    9.00000    8.00000  11.1%   563  397s
  7722   482    8.00000   95   76    9.00000    8.00000  11.1%   547  412s
  8305   377    8.00000  196   88    9.00000    8.00000  11.1%   527  429s
  8720   318 infeasible  195         9.00000    8.00000  11.1%   516  444s
  8905   363    8.00000  198   93    9.00000    8.00000  11.1%   513  457s
  9235   272 infeasible  101         9.00000    8.00000  11.1%   526  473s
  9382   188 infeasible  113         9.00000    8.00000  11.1%   541  483s
  9742    77 infeasible   91         9.00000    8.00000  11.1%   532  491s
  9945    30 infeasible  110         9.00000    8.00000  11.1%   528  498s
 10032    85 infeasible  164         9.00000    8.00000  11.1%   526  504s
 10125   171 infeasible  168         9.00000    8.00000  11.1%   524  511s
 10371   107 infeasible  213         9.00000    8.00000  11.1%   517  519s
 10522    48    8.00000  194  100    9.00000    8.00000  11.1%   515  525s
 10672    24 infeasible  271         9.00000    8.00000  11.1%   513  531s
 10732     4 infeasible  292         9.00000    8.00000  11.1%   512  538s
 10754     3 infeasible  293         9.00000    8.00000  11.1%   513  547s
 10759     2 infeasible  295         9.00000    8.00000  11.1%   513  556s
 10762     5 infeasible  296         9.00000    8.00000  11.1%   513  562s
 10767     6 infeasible  300         9.00000    8.00000  11.1%   513  571s
 10776    12 infeasible  305         9.00000    8.00000  11.1%   513  576s
 10792     3 infeasible  312         9.00000    8.00000  11.1%   513  584s
 10805     8 infeasible  318         9.00000    8.00000  11.1%   513  590s
 10814    11 infeasible  325         9.00000    8.00000  11.1%   513  597s
 10831     0 infeasible  334         9.00000    8.00000  11.1%   512  601s

Cutting planes:
  MIR: 1
  Flow cover: 3

Explored 10852 nodes (5689898 simplex iterations) in 601.27 seconds (1471.47 work units)
Thread count was 8 (of 384 available processors)

Solution count 1: 9 

Optimal solution found (tolerance 1.00e-04)
Best objective 9.000000000000e+00, best bound 9.000000000000e+00, gap 0.0000%

User-callback calls 161796, time in user-callback 0.50 sec
