[MIP] physical pool preparation: 26942 valid recorded, 0 repaired, 0 rejected, 35.776s
[MIP] pool: 26942 columns over 167 trips (instance scale_ladder/instances/nested_probability_k2_15_20260908/Practice_Custom_DutyUnion_k08_p05_20260908.csv, soc_step=2.5, certified=True)
[MIP] coverage: min 868 / median 3833 / max 6706 columns per trip
[MIP] strict-feasibility seed: 167 exact singleton columns (one per trip)
[MIP] greedy feasible MIP start: 42 buses
Set parameter LicenseID to value 2674428
Set parameter GURO_PAR_SPECIAL
Set parameter TokenServer to value "en-cc-unicorn-data-dirs.coecis.cornell.edu"
Set parameter LogFile to value "/home/nc437/ladder-lite/diving_pricing_20260919/results/c5_k08/control_arm_b/586644_r0/gurobi.log"
Set parameter OutputFlag to value 1
Set parameter TimeLimit to value 6120
Set parameter MIPGap to value 0.0001
Set parameter Threads to value 8
Set parameter Seed to value 20260919
Set parameter TimeLimit to value 3060
Gurobi Optimizer version 12.0.3 build v12.0.3rc0 (linux64 - "Ubuntu 24.04.4 LTS")

CPU model: Intel(R) Xeon(R) Gold 6230 CPU @ 2.10GHz, instruction set [SSE2|AVX|AVX2|AVX512]
Thread count: 40 physical cores, 40 logical processors, using up to 8 threads

Non-default parameters:
TimeLimit  3060
Seed  20260919
Threads  8

Optimize a model with 167 rows, 26942 columns and 613255 nonzeros
Model fingerprint: 0xd986cbf4
Variable types: 0 continuous, 26942 integer (26942 binary)
Coefficient statistics:
  Matrix range     [1e+00, 1e+00]
  Objective range  [1e+00, 1e+00]
  Bounds range     [1e+00, 1e+00]
  RHS range        [1e+00, 1e+00]

Loaded user MIP start with objective 42

Presolve removed 0 rows and 329 columns
Presolve time: 1.06s
Presolved: 167 rows, 26613 columns, 607815 nonzeros
Variable types: 0 continuous, 26613 integer (26613 binary)

Starting sifting (using dual simplex for sub-problems)...

    Iter     Pivots    Primal Obj      Dual Obj        Time
       0          0     infinity      0.0000000e+00      1s
       1        383   9.2767177e+00   3.8908886e+00      1s
       2        907   9.1101665e+00   5.4831804e+00      1s
       3       1540   8.7998569e+00   6.4170599e+00      1s
       4       2331   8.3129867e+00   6.7886505e+00      1s
       5       3211   8.1408299e+00   7.1355985e+00      1s
       6       3876   8.0000000e+00   8.0000000e+00      1s

Sifting complete


Root relaxation: objective 8.000000e+00, 3876 iterations, 0.32 seconds (0.30 work units)

    Nodes    |    Current Node    |     Objective Bounds      |     Work
 Expl Unexpl |  Obj  Depth IntInf | Incumbent    BestBd   Gap | It/Node Time

     0     0    8.00000    0   73   42.00000    8.00000  81.0%     -    2s
H    0     0                      19.0000000    8.00000  57.9%     -    2s
H    0     0                      14.0000000    8.00000  42.9%     -    2s
H    0     0                      13.0000000    8.00000  38.5%     -    2s
H    0     0                      12.0000000    8.00000  33.3%     -    2s
H    0     0                      11.0000000    8.00000  27.3%     -    2s
H    0     0                      10.0000000    8.00000  20.0%     -    2s
     0     0    8.00000    0   70   10.00000    8.00000  20.0%     -    6s
     0     0    8.00000    0   70   10.00000    8.00000  20.0%     -   13s
     0     0    8.00000    0   87   10.00000    8.00000  20.0%     -   15s
     0     0    8.00000    0   90   10.00000    8.00000  20.0%     -   16s
     0     0    8.00000    0   79   10.00000    8.00000  20.0%     -   18s
     0     0    8.00000    0   72   10.00000    8.00000  20.0%     -   18s
     0     0    8.00000    0   75   10.00000    8.00000  20.0%     -   21s
     0     0    8.00000    0   74   10.00000    8.00000  20.0%     -   21s
     0     0    8.00000    0   78   10.00000    8.00000  20.0%     -   23s
     0     0    8.00000    0   78   10.00000    8.00000  20.0%     -   24s
     0     2    8.00000    0   78   10.00000    8.00000  20.0%     -   29s
     7    16    8.00000    3   82   10.00000    8.00000  20.0%  2209   30s
    64    86    8.00000    9  105   10.00000    8.00000  20.0%  1850   35s
H   66    86                       9.0000000    8.00000  11.1%  1798   35s
    86    53    8.00000    9   78    9.00000    8.00000  11.1%  1397   42s
    88    54    8.00000   12   75    9.00000    8.00000  11.1%  1366   46s
    89    55    8.00000   10   70    9.00000    8.00000  11.1%  1350   50s
    93    58    8.00000   10   76    9.00000    8.00000  11.1%  1292   55s
    97    60    8.00000    5   77    9.00000    8.00000  11.1%  1239   60s
   102    67    8.00000   12   90    9.00000    8.00000  11.1%   916   66s
   169    58    8.00000   21   59    9.00000    8.00000  11.1%   752   70s
   231    51 infeasible   25         9.00000    8.00000  11.1%   662   75s
   313    79 infeasible   28         9.00000    8.00000  11.1%   633   81s
   482    97 infeasible   40         9.00000    8.00000  11.1%   640   86s
   586   141    8.00000   41  116    9.00000    8.00000  11.1%   618   94s
   641   152    8.00000   51  119    9.00000    8.00000  11.1%   605  100s
   660   197    8.00000   59  119    9.00000    8.00000  11.1%   610  107s
   733   362    8.00000   64  119    9.00000    8.00000  11.1%   611  114s
  1138   387    8.00000  100   96    9.00000    8.00000  11.1%   640  125s
  1545   397    8.00000   49   83    9.00000    8.00000  11.1%   556  137s
  1649   563 infeasible   59         9.00000    8.00000  11.1%   582  149s
  2365   432 infeasible  125         9.00000    8.00000  11.1%   587  160s
  2782   190 infeasible  112         9.00000    8.00000  11.1%   651  171s
  3170   157 infeasible   83         9.00000    8.00000  11.1%   612  177s
  3255   137    8.00000   96   88    9.00000    8.00000  11.1%   626  186s
  3295   116 infeasible   97         9.00000    8.00000  11.1%   633  192s
  3364   224    8.00000  100   97    9.00000    8.00000  11.1%   640  196s
  3554   240    8.00000  114   99    9.00000    8.00000  11.1%   636  201s
  3834   187 infeasible  149         9.00000    8.00000  11.1%   650  212s
  3917   250    8.00000  179   81    9.00000    8.00000  11.1%   663  223s
  4102   282 infeasible  126         9.00000    8.00000  11.1%   661  232s
  4318   252 infeasible   51         9.00000    8.00000  11.1%   659  254s
  4380   252 infeasible   50         9.00000    8.00000  11.1%   667  265s
  4558   218 infeasible   51         9.00000    8.00000  11.1%   664  275s
  4624   235    8.00000   52   82    9.00000    8.00000  11.1%   669  282s
  4763   220    8.00000   53   84    9.00000    8.00000  11.1%   656  298s
  4864   351    8.00000   59   69    9.00000    8.00000  11.1%   650  304s
  5103   314 infeasible   77         9.00000    8.00000  11.1%   626  313s
  5898   270 infeasible  172         9.00000    8.00000  11.1%   566  322s
  6119   329 infeasible  382         9.00000    8.00000  11.1%   555  331s
  6322   255    8.00000   71   85    9.00000    8.00000  11.1%   542  339s
  6858   198 infeasible   84         9.00000    8.00000  11.1%   517  348s
  6977   267    8.00000   63   85    9.00000    8.00000  11.1%   514  355s
  7398   154    8.00000  114   89    9.00000    8.00000  11.1%   495  363s
  7551   343 infeasible  106         9.00000    8.00000  11.1%   491  371s
  7824   507 infeasible  584         9.00000    8.00000  11.1%   479  380s
  8270   486    8.00000  111   81    9.00000    8.00000  11.1%   462  394s
  8355   725    8.00000  114   76    9.00000    8.00000  11.1%   460  407s
  8765   817    8.00000   79   67    9.00000    8.00000  11.1%   446  419s
  9330   654 infeasible  577         9.00000    8.00000  11.1%   429  432s
  9585   798    8.00000   81   89    9.00000    8.00000  11.1%   425  446s
 10374   778 infeasible  188         9.00000    8.00000  11.1%   407  461s
 10691   974    8.00000  123   90    9.00000    8.00000  11.1%   401  478s
 11247  1023    8.00000  162  105    9.00000    8.00000  11.1%   388  494s
 12251   804 infeasible  259         9.00000    8.00000  11.1%   371  510s
 13056   408 infeasible  646         9.00000    8.00000  11.1%   363  526s
 13683   332    8.00000  125   89    9.00000    8.00000  11.1%   357  541s
 13809   564    8.00000  131   92    9.00000    8.00000  11.1%   357  554s
 14478   565    8.00000  844   78    9.00000    8.00000  11.1%   347  580s
 14482   568    8.00000  205   82    9.00000    8.00000  11.1%   347  585s
 14492   574    8.00000  109   84    9.00000    8.00000  11.1%   347  590s
 14574   572    8.00000   34   74    9.00000    8.00000  11.1%   348  595s
 14836   517 infeasible   46         9.00000    8.00000  11.1%   345  600s
 15226   361    8.00000   85   88    9.00000    8.00000  11.1%   342  605s
 15506   419    8.00000  109   75    9.00000    8.00000  11.1%   338  610s
 15988   398    8.00000  165   91    9.00000    8.00000  11.1%   331  618s
 16220   348    8.00000  189  100    9.00000    8.00000  11.1%   329  621s
 17068   413    8.00000  238   85    9.00000    8.00000  11.1%   320  627s
 17333   473    8.00000  241   79    9.00000    8.00000  11.1%   317  631s
 17745   588    8.00000  295   91    9.00000    8.00000  11.1%   313  635s
 18721   498 infeasible  277         9.00000    8.00000  11.1%   303  643s
 19590   393    8.00000  156   70    9.00000    8.00000  11.1%   295  647s
 20343   325    8.00000  234   85    9.00000    8.00000  11.1%   290  650s
 20678   366    8.00000  495   89    9.00000    8.00000  11.1%   289  656s
 21353   291 infeasible  473         9.00000    8.00000  11.1%   284  661s
 21884   159 infeasible  487         9.00000    8.00000  11.1%   281  665s
 22689    25 infeasible  833         9.00000    8.00000  11.1%   278  671s
 22826     0 infeasible  549         9.00000    8.00000  11.1%   277  675s

Cutting planes:
  Flow cover: 18

Explored 22901 nodes (6531540 simplex iterations) in 675.26 seconds (1490.47 work units)
Thread count was 8 (of 40 available processors)

Solution count 8: 9 10 11 ... 42

Optimal solution found (tolerance 1.00e-04)
Best objective 9.000000000000e+00, best bound 9.000000000000e+00, gap 0.0000%

User-callback calls 213672, time in user-callback 1.07 sec
[MIP] stage 1: fleet=9 (bound 9.0, gap 0.0, proven=True, limit=3060.0s, remaining=5444.1s)
Set parameter TimeLimit to value 5.4441073946952820e+03
Gurobi Optimizer version 12.0.3 build v12.0.3rc0 (linux64 - "Ubuntu 24.04.4 LTS")

CPU model: Intel(R) Xeon(R) Gold 6230 CPU @ 2.10GHz, instruction set [SSE2|AVX|AVX2|AVX512]
Thread count: 40 physical cores, 40 logical processors, using up to 8 threads

Non-default parameters:
TimeLimit  5.4441073946952820e+03
Seed  20260919
Threads  8

Optimize a model with 168 rows, 26942 columns and 640197 nonzeros
Model fingerprint: 0x24d17642
Variable types: 0 continuous, 26942 integer (26942 binary)
Coefficient statistics:
  Matrix range     [1e+00, 1e+00]
  Objective range  [1e+01, 2e+02]
  Bounds range     [1e+00, 1e+00]
  RHS range        [1e+00, 9e+00]

Loaded user MIP start with objective 522.752
MIP start from previous solve did not produce a new incumbent solution

Presolve removed 0 rows and 8 columns
Presolve time: 1.17s
Presolved: 168 rows, 26934 columns, 640030 nonzeros
Variable types: 0 continuous, 26934 integer (26934 binary)

Starting sifting (using dual simplex for sub-problems)...

    Iter     Pivots    Primal Obj      Dual Obj        Time
       0          0     infinity      0.0000000e+00      1s
       1        789   1.2626328e+06   3.6219519e+01      1s
       2       1495   5.3480649e+02   2.0656214e+02      1s
       3       2257   4.4584951e+02   3.0979388e+02      1s
       4       2997   4.1062925e+02   3.6734793e+02      2s
       5       3853   4.0719709e+02   3.9595518e+02      2s

Sifting complete


Root relaxation: objective 4.069329e+02, 4402 iterations, 0.45 seconds (0.54 work units)

    Nodes    |    Current Node    |     Objective Bounds      |     Work
 Expl Unexpl |  Obj  Depth IntInf | Incumbent    BestBd   Gap | It/Node Time

     0     0  406.93288    0  139  522.75200  406.93288  22.2%     -    1s
     0     0  407.09781    0  142  522.75200  407.09781  22.1%     -    3s
H    0     0                     501.1360000  407.09781  18.8%     -    5s
     0     0  407.55844    0  142  501.13600  407.55844  18.7%     -    6s
     0     0  407.61904    0  149  501.13600  407.61904  18.7%     -    8s
     0     0  407.73922    0  146  501.13600  407.73922  18.6%     -    8s
     0     0  407.82489    0  150  501.13600  407.82489  18.6%     -    8s
     0     0  408.39451    0  145  501.13600  408.39451  18.5%     -    9s
     0     0  408.44089    0  149  501.13600  408.44089  18.5%     -    9s
     0     0  408.88724    0  149  501.13600  408.88724  18.4%     -    9s
     0     0  409.17741    0  151  501.13600  409.17741  18.4%     -    9s
     0     0  409.32306    0  152  501.13600  409.32306  18.3%     -   10s
     0     0  409.47722    0  157  501.13600  409.47722  18.3%     -   10s
     0     0  409.51035    0  158  501.13600  409.51035  18.3%     -   10s
     0     0  409.54653    0  158  501.13600  409.54653  18.3%     -   10s
     0     0  409.62103    0  156  501.13600  409.62103  18.3%     -   11s
     0     0  409.85956    0  158  501.13600  409.85956  18.2%     -   12s
     0     0  409.90693    0  162  501.13600  409.90693  18.2%     -   12s
     0     0  409.95095    0  163  501.13600  409.95095  18.2%     -   12s
     0     0  410.03532    0  166  501.13600  410.03532  18.2%     -   12s
     0     0  410.10980    0  168  501.13600  410.10980  18.2%     -   13s
     0     0  410.17482    0  168  501.13600  410.17482  18.2%     -   15s
     0     0  410.23883    0  170  501.13600  410.23883  18.1%     -   16s
     0     0  410.30797    0  172  501.13600  410.30797  18.1%     -   16s
     0     0  410.36345    0  174  501.13600  410.36345  18.1%     -   16s
     0     0  410.41342    0  177  501.13600  410.41342  18.1%     -   16s
     0     0  410.43728    0  176  501.13600  410.43728  18.1%     -   16s
     0     0  410.50888    0  174  501.13600  410.50888  18.1%     -   18s
     0     0  410.54348    0  173  501.13600  410.54348  18.1%     -   18s
     0     0  410.59377    0  177  501.13600  410.59377  18.1%     -   18s
     0     0  410.59568    0  176  501.13600  410.59568  18.1%     -   19s
     0     2  410.59764    0  175  501.13600  410.59764  18.1%     -   29s
     1     4  410.59764    1  176  501.13600  410.59764  18.1%  47.0   30s
H   38    58                     500.6400000  410.73448  18.0%   232   34s
    57    80  410.95769    8  164  500.64000  410.73448  18.0%   177   35s
   139   153  411.20628   15  160  500.64000  410.73448  18.0%   106   40s
   208   220  411.41911   21  163  500.64000  410.73448  18.0%  84.6   45s
H  239   241                     496.9200000  410.73448  17.3%  79.9   47s
   467   515  412.25277   40  168  496.92000  410.73448  17.3%  61.5   50s
H  739   741                     496.4240000  410.73448  17.3%  51.5   52s
   980  1031  412.97371   81  162  496.42400  410.73448  17.3%  47.5   55s
  1461  1539  413.65362  116  166  496.42400  410.73448  17.3%  44.0   60s
  2235  2236  414.31048  166  165  496.42400  410.73448  17.3%  39.2   67s
  2243  2244  414.32937  167  162  496.42400  410.73448  17.3%  39.2   70s
  2291  2292  414.48514  173  161  496.42400  410.73448  17.3%  39.0   75s
H 2306  2040                     481.7520000  410.73448  14.7%  39.0   79s
  2307  2072  414.52486  175  159  481.75200  410.73448  14.7%  39.0   82s
H 2314  2036                     480.7600000  410.73448  14.6%  39.3   82s
  2787  2646  415.05631  210  158  480.76000  410.73448  14.6%  38.0   86s
  2957  2654  415.20684  224  157  480.76000  410.73448  14.6%  37.4   90s
H 2959  2291                     467.3280000  410.73448  12.1%  37.4   90s
H 2964  2260                     465.0960000  410.73448  11.7%  37.4   90s
  3654  3139  415.75684  273  156  465.09600  410.73448  11.7%  36.1   95s
  4136  3531  416.27255  321  151  465.09600  410.73448  11.7%  35.2  100s
  4923  4569  417.16531  407  155  465.09600  410.73448  11.7%  33.8  106s
  6081  5847  417.95235  479  157  465.09600  410.73448  11.7%  31.9  111s
  7086  6939  418.58017  530  157  465.09600  410.73448  11.7%  30.5  115s
  7657  6940  438.56923  290  176  465.09600  410.73448  11.7%  29.9  121s
  7659  6941  441.77103  472  139  465.09600  410.73448  11.7%  29.8  127s
  7660  6942  433.86295  134  141  465.09600  410.73448  11.7%  29.8  135s
  7678  6954  452.88432  229  166  465.09600  410.73448  11.7%  29.8  140s
  7681  6956  439.28329  173  172  465.09600  410.77384  11.7%  29.8  154s
  7682  6957  428.17213  252  174  465.09600  410.82377  11.7%  29.8  155s
  7687  6960  438.19805   86  185  465.09600  411.06868  11.6%  29.7  163s
  7694  6965  433.93613  557  186  465.09600  411.28348  11.6%  29.7  167s
  7695  6965  448.26064  482  187  465.09600  411.30520  11.6%  29.7  171s
  7698  6967  434.78492  634  184  465.09600  411.43385  11.5%  29.7  176s
  7699  6968  438.74127   46  187  465.09600  411.52619  11.5%  29.7  180s
  7703  6971  439.36797  178  189  465.09600  411.76384  11.5%  29.7  185s
H 7703  6621                     463.6080000  411.76384  11.2%  29.7  185s
  7705  6622  418.10730   13  191  463.60800  411.91809  11.1%  29.7  190s
H 7706  6291                     463.0720000  412.07384  11.0%  29.7  196s
H 7706  5976                     453.3600000  412.07384  9.11%  29.7  196s
  7711  5979  440.80950  473  187  453.36000  412.07384  9.11%  29.6  202s
  7712  5980  444.69129  624  188  453.36000  412.07384  9.11%  29.6  208s
  7715  5983  440.47431  221  176  453.36000  412.07384  9.11%  30.9  210s
  7717  5984  443.86245  420  139  453.36000  412.07384  9.11%  30.9  215s
  7718  5985  438.50647  340  141  453.36000  412.07384  9.11%  30.9  231s
  7728  5992  438.33210  322  160  453.36000  412.07384  9.11%  30.9  235s
  7750  6006  448.54207  550  181  453.36000  412.07384  9.11%  30.8  242s
  7751  6007  430.17182   35  181  453.36000  412.07384  9.11%  30.8  247s
  7755  6010  437.89970   42  189  453.36000  412.07384  9.11%  30.7  252s
  7757  6011  438.56923  290  189  453.36000  412.07384  9.11%  30.7  255s
  7759  6012  441.77103  472  190  453.36000  412.07384  9.11%  30.7  260s
  7760  6013  433.86295  134  190  453.36000  412.07384  9.11%  30.7  266s
  7763  6020  412.07384   27  185  453.36000  412.07384  9.11%  32.1  270s
  7809  6045  428.13913   31  115  453.36000  412.07384  9.11%  33.7  276s
  7842  6054  412.08051   33  182  453.36000  412.07384  9.11%  35.1  280s
  7881  6063  412.12934   35  177  453.36000  412.12656  9.10%  36.2  286s
  7910  6070  430.83450   36  131  453.36000  412.14900  9.09%  37.0  290s
  7973  6106  412.28497   39  184  453.36000  412.28497  9.06%  38.3  296s
H 7998  5812                     450.6320000  412.28615  8.51%  38.7  297s
  8052  5836  412.32222   41  181  450.63200  412.32222  8.50%  39.3  301s
  8126  5843  412.41096   43  183  450.63200  412.34681  8.50%  40.3  306s
  8135  5851  425.52646   43  124  450.63200  412.41111  8.48%  40.4  312s
  8171  5866  412.46209   45  180  450.63200  412.46209  8.47%  40.9  318s
  8199  5869  412.58382   46  183  450.63200  412.58382  8.44%  41.3  320s
  8287  5885  412.66224   49  181  450.63200  412.66224  8.43%  42.1  325s
  8420  5941  412.79087   52  180  450.63200  412.79087  8.40%  43.1  331s
  8559  5974  412.88589   54  180  450.63200  412.88589  8.38%  43.9  335s
  8839  6047  412.92893   57  180  450.63200  412.92893  8.37%  45.3  341s
  8952  6075  412.96754   59  177  450.63200  412.96754  8.36%  46.1  345s
  9213  6323  412.98724   62  179  450.63200  412.98724  8.35%  47.4  351s
  9538  6542  425.22152   64  132  450.63200  413.11279  8.33%  48.2  356s
 10259  6884  413.23988   68  172  450.63200  413.23988  8.30%  48.3  361s
 10674  7010  413.28431   71  172  450.63200  413.28411  8.29%  48.8  367s
 10755  7057  423.29927   71  143  450.63200  413.28444  8.29%  49.0  370s
 11105  7585  413.31001   73  172  450.63200  413.31001  8.28%  49.5  375s
 11921  8118  413.45647   76  176  450.63200  413.45647  8.25%  49.1  380s
 12533  8045  413.54838   79  171  450.63200  413.54838  8.23%  49.2  386s
 12662  8264  413.60725   80  177  450.63200  413.56919  8.22%  49.3  391s
 13266  8557  413.65065   82  173  450.63200  413.65065  8.21%  50.2  397s
 13513  9027  424.33010   83  124  450.63200  413.67119  8.20%  50.5  400s
 14635  9572  413.82372   87  179  450.63200  413.82372  8.17%  50.1  409s
 15361  9497  426.83848   89  143  450.63200  413.83672  8.17%  50.4  411s
 15920  9736  413.91086   91  179  450.63200  413.91086  8.15%  50.8  417s
 16248  9907  413.94254   92  181  450.63200  413.94254  8.14%  51.2  420s
 16920 10083  414.14696   95  176  450.63200  414.14696  8.10%  51.8  426s
 17589 10571  414.29905   99  178  450.63200  414.29905  8.06%  52.4  433s
 18105 10548  414.31141  101  174  450.63200  414.31141  8.06%  52.4  436s
 18404 10585  414.39768  103  168  450.63200  414.39768  8.04%  52.9  440s
 18793 10507  414.58359  107  172  450.63200  414.58359  8.00%  54.5  447s
 18896 10577  414.73089  109  175  450.63200  414.73089  7.97%  55.1  451s
 19208 10735  414.82590  111  172  450.63200  414.82590  7.95%  55.8  455s
 20414 10808  427.45411  115  130  450.63200  414.94853  7.92%  56.4  463s
 21131 10588  415.05950  118  176  450.63200  415.05950  7.89%  56.4  468s
 21190 10824  415.07463  119  178  450.63200  415.07463  7.89%  56.5  473s
 21695 11164  425.30257  121  135  450.63200  415.25923  7.85%  56.5  478s
 22488 11602  415.30936  124  177  450.63200  415.30936  7.84%  56.2  484s
 23367 12064  415.39882  127  176  450.63200  415.39882  7.82%  55.7  489s
 24273 12334  415.44117  130  175  450.63200  415.44117  7.81%  55.4  495s
 25135 12837  415.52042  133  178  450.63200  415.52042  7.79%  55.4  501s
 26264 13369  415.59609  136  171  450.63200  415.59609  7.77%  55.1  506s
 27149 14065  415.64069  139  170  450.63200  415.64069  7.76%  55.3  512s
 28154 14702  424.82921  142  137  450.63200  415.75390  7.74%  55.4  519s
 29004 15511  415.92881  145  171  450.63200  415.92881  7.70%  55.6  525s
 30096 15512  444.32158  342  176  450.63200  415.99901  7.69%  55.4  686s
 30098 15513  443.21561  155  139  450.63200  415.99901  7.69%  55.4  691s
 30099 15514  448.76310  376  141  450.63200  415.99901  7.69%  55.4  698s
 30102 15516  445.69009  273  152  450.63200  415.99901  7.69%  55.4  700s
 30123 15530  445.07168  253  178  450.63200  415.99901  7.69%  55.3  705s
 30129 15534  447.59569  311  186  450.63200  415.99901  7.69%  55.3  726s
 30132 15536  426.34940  249  186  450.63200  415.99901  7.69%  55.3  734s
 30133 15537  440.82855   78  187  450.63200  415.99901  7.69%  55.3  745s
 30134 15537  445.24523  367  187  450.63200  415.99901  7.69%  55.3  752s
 30135 15538  442.28182  390  187  450.63200  415.99901  7.69%  55.3  767s
 30136 15539  439.18423   93  187  450.63200  415.99901  7.69%  55.3  774s
 30137 15539  445.02692  557  187  450.63200  415.99901  7.69%  55.3  806s
 30138 15543  415.99901   40  188  450.63200  415.99901  7.69%  55.6  833s
 30144 15551  415.99901   42  185  450.63200  415.99901  7.69%  55.6  836s
 30189 15566  430.79869   45  119  450.63200  415.99901  7.69%  55.9  840s
 30265 15567  426.96261   47  129  450.63200  415.99901  7.69%  56.2  845s
 30330 15575  427.44839   49  119  450.63200  415.99901  7.69%  56.5  850s
 30385 15589  429.22945   51  119  450.63200  415.99901  7.69%  56.7  856s
 30458 15601  433.99657   53  126  450.63200  415.99901  7.69%  57.0  861s
 30531 15615  428.59072   55  125  450.63200  415.99901  7.69%  57.3  865s
 30617 15637  415.99901   58  181  450.63200  415.99901  7.69%  57.6  870s
 30719 15651  415.99901   61  183  450.63200  415.99901  7.69%  57.9  875s
 30799 15700  415.99901   64  180  450.63200  415.99901  7.69%  58.2  881s
 30890 15743  415.99901   67  176  450.63200  415.99901  7.69%  58.5  886s
 30955 15777  415.99901   69  184  450.63200  415.99901  7.69%  58.7  890s
 31071 15837  415.99901   72  182  450.63200  415.99901  7.69%  59.1  895s
 31204 15906  415.99901   75  179  450.63200  415.99901  7.69%  59.5  900s
 31367 15990  415.99901   78  181  450.63200  415.99901  7.69%  59.9  906s
 31493 16054  415.99901   80  180  450.63200  415.99901  7.69%  60.2  911s
 31642 16126  435.45167   82  119  450.63200  415.99901  7.69%  60.6  916s
 31810 16212  429.94263   85  116  450.63200  415.99901  7.69%  61.0  922s
 31904 16256  415.99901   87  177  450.63200  415.99901  7.69%  61.2  925s
 32120 16372  433.39822   90  136  450.63200  415.99901  7.69%  61.6  931s
 32252 16449  415.99901   92  172  450.63200  415.99901  7.69%  61.8  935s
 32583 16664  415.99901   96  178  450.63200  415.99901  7.69%  62.2  941s
 32815 16762  415.99901   98  172  450.63200  415.99901  7.69%  62.4  945s
 33352 17021  415.99901  102  179  450.63200  415.99901  7.69%  62.7  952s
 33685 17097  415.99901  104  179  450.63200  415.99901  7.69%  62.9  956s
 34046 17183  415.99901  106  179  450.63200  415.99901  7.69%  63.0  960s
 34636 17178  415.99901  110  174  450.63200  415.99901  7.69%  63.4  969s
 34747 17314  415.99901  112  176  450.63200  415.99901  7.69%  63.6  974s
 34938 17266  415.99901  114  172  450.63200  415.99901  7.69%  63.7  979s
 34964 17476  429.06146  114  121  450.63200  415.99901  7.69%  63.8  983s
 35375 17737  415.99901  116  172  450.63200  415.99901  7.69%  63.8  988s
 35941 18053  415.99901  119  175  450.63200  415.99901  7.69%  63.7  993s
 36592 18263  415.99901  122  173  450.63200  415.99901  7.69%  63.6  998s
 37184 18624  415.99901  125  173  450.63200  415.99901  7.69%  63.6 1003s
 37978 18736  415.99901  128  174  450.63200  415.99901  7.69%  63.6 1009s
 38730 18958  415.99901  131  178  450.63200  415.99901  7.69%  63.8 1015s
 39486 19532  433.29101  132  122  450.63200  415.99901  7.69%  63.8 1021s
 40434 19697  415.99901  135  178  450.63200  415.99901  7.69%  63.6 1026s
 41093 19956  415.99901  138  180  450.63200  415.99901  7.69%  63.9 1032s
 41771 20220  415.99901  141  180  450.63200  415.99901  7.69%  64.2 1038s
 42481 20643  415.99901  144  180  450.63200  415.99901  7.69%  64.4 1045s
 43390 20814  415.99901  147  178  450.63200  415.99901  7.69%  64.5 1051s
 44295 21337  415.99901  151  172  450.63200  415.99901  7.69%  64.7 1057s
 45281 21830  416.02385  154  171  450.63200  416.02385  7.68%  64.8 1068s
 46683 21757  416.14147  159  171  450.63200  416.14147  7.65%  65.0 1072s
 47363 21879  416.17185  161  176  450.63200  416.17185  7.65%  65.1 1077s
 47891 22353  416.22751  164  173  450.63200  416.22751  7.63%  65.2 1083s
 48867 22656  416.25940  167  173  450.63200  416.25940  7.63%  65.1 1088s
 49786 22870  416.32205  170  171  450.63200  416.32205  7.61%  65.0 1094s
 50654 23065  416.37378  173  173  450.63200  416.37378  7.60%  65.1 1100s
 51489 23386  429.63151  175  141  450.63200  416.41663  7.59%  65.2 1105s
 52501 23678  416.46198  178  177  450.63200  416.46198  7.58%  65.1 1110s
 53557 24307  416.57463  180  178  450.63200  416.57463  7.56%  64.9 1116s
 54703 24668  416.64324  183  177  450.63200  416.64324  7.54%  64.7 1122s
 55573 25033  416.74134  186  182  450.63200  416.74134  7.52%  64.6 1127s
 56399 25156  416.78047  189  180  450.63200  416.78047  7.51%  64.6 1132s
 57050 25338  416.80775  192  178  450.63200  416.80775  7.51%  64.7 1137s
 57618 25679  426.66105  194  133  450.63200  416.83365  7.50%  64.8 1143s
 58470 25631  416.87827  197  175  450.63200  416.87827  7.49%  64.9 1147s
 59003 26044  435.17366  199  119  450.63200  417.02001  7.46%  65.2 1153s
 59784 26648  417.11214  202  183  450.63200  417.11214  7.44%  65.2 1164s
 61228 26517  436.68149  206  140  450.63200  417.23492  7.41%  65.4 1169s
 61950 26562  417.32938  209  186  450.63200  417.32938  7.39%  65.5 1174s
 62489 27081  417.40073  212  186  450.63200  417.40073  7.37%  65.7 1180s
 63381 27539  417.46217  215  185  450.63200  417.46217  7.36%  65.6 1186s
 64434 28352  417.54367  218  185  450.63200  417.54367  7.34%  65.5 1193s
 65749 28801  417.69904  221  191  450.63200  417.69904  7.31%  65.3 1199s
 66865 29144  417.81357  224  187  450.63200  417.81357  7.28%  65.1 1204s
 67761 29403  417.89364  227  187  450.63200  417.89364  7.26%  65.0 1209s
 68598 29589  418.09500  230  186  450.63200  418.09500  7.22%  65.1 1214s
 69148 30198  418.15252  233  182  450.63200  418.15252  7.21%  65.2 1219s
 70033 30704  418.29941  236  183  450.63200  418.29941  7.17%  65.1 1225s
 70985 31093  418.35807  239  180  450.63200  418.35807  7.16%  65.0 1230s
 71838 31214  418.42668  242  179  450.63200  418.42668  7.15%  64.9 1235s
 73321 31363  418.65208  248  175  450.63200  418.65208  7.10%  65.3 1244s
 74086 31585  418.72686  251  180  450.63200  418.72686  7.08%  65.4 1249s
 74924 31921  418.83806  254  179  450.63200  418.83806  7.06%  65.6 1258s
 76373 31827  418.90409  259  170  450.63200  418.90409  7.04%  65.8 1263s
 77231 31876  418.93145  262  169  450.63200  418.93145  7.03%  65.8 1267s
 77875 31987  419.02710  265  175  450.63200  419.02710  7.01%  66.0 1271s
 78915 32468  419.08665  268  176  450.63200  419.08665  7.00%  66.0 1277s
 79879 33016  419.15218  271  179  450.63200  419.15218  6.99%  65.9 1282s
 80577 33554  419.22170  273  174  450.63200  419.22170  6.97%  65.8 1287s
 81261 34128  419.26438  276  172  450.63200  419.26438  6.96%  65.9 1292s
 82094 34527  419.39914  279  172  450.63200  419.39914  6.93%  65.9 1297s
 82696 35175  419.47233  282  178  450.63200  419.47233  6.91%  65.9 1302s
 83664 35626  419.51773  285  182  450.63200  419.51773  6.90%  65.8 1307s
 84224 36252  419.57709  287  183  450.63200  419.57709  6.89%  65.8 1312s
 84981 36702  419.61395  290  183  450.63200  419.61395  6.88%  65.7 1317s
 85616 36938  419.70605  293  181  450.63200  419.70605  6.86%  65.8 1322s
 85950 37388  419.75736  296  188  450.63200  419.75736  6.85%  65.9 1327s
 86526 38120  419.85528  299  184  450.63200  419.85528  6.83%  65.9 1333s
 87424 38809  419.92592  302  186  450.63200  419.92592  6.81%  65.8 1339s
 88304 39146  419.98894  305  186  450.63200  419.98894  6.80%  65.8 1346s
 89068 39760  420.04433  308  179  450.63200  420.04433  6.79%  65.9 1351s
 89817 40726  420.10171  311  186  450.63200  420.10171  6.77%  65.8 1360s
 90930 41271  420.13876  314  184  450.63200  420.13876  6.77%  65.8 1366s
 91899 42006  420.16802  317  188  450.63200  420.16802  6.76%  65.8 1372s
 92814 42750  420.31670  320  182  450.63200  420.31670  6.73%  65.7 1377s
 93818 43242  420.36635  322  185  450.63200  420.36635  6.72%  65.6 1382s
 94523 43857  420.45124  325  183  450.63200  420.45124  6.70%  65.7 1387s
 95285 44448  420.58979  328  183  450.63200  420.58979  6.67%  65.7 1392s
 96006 45272  420.69444  331  188  450.63200  420.69444  6.64%  65.7 1397s
 96938 45883  420.83514  334  184  450.63200  420.83514  6.61%  65.6 1403s
 97801 46448  420.90992  337  185  450.63200  420.90992  6.60%  65.7 1409s
 98668 46833  420.95944  340  183  450.63200  420.95944  6.58%  65.7 1414s
 99440 47122  421.09542  343  188  450.63200  421.09542  6.55%  65.8 1419s
 100082 47597  421.12392  346  190  450.63200  421.12392  6.55%  65.9 1424s
 101024 47993  421.18911  349  187  450.63200  421.18911  6.53%  66.0 1430s
 101658 48630  421.26195  352  185  450.63200  421.26195  6.52%  66.0 1436s
 102665 48989  421.31872  355  182  450.63200  421.31872  6.50%  66.0 1441s
 103315 49558  421.33417  357  188  450.63200  421.33417  6.50%  66.2 1446s
 104056 50194  421.37967  360  187  450.63200  421.37967  6.49%  66.3 1451s
 105005 50820  421.50277  363  183  450.63200  421.50277  6.46%  66.3 1460s
 105968 51143  421.59257  367  182  450.63200  421.59257  6.44%  66.4 1466s
 106627 51369  421.72768  370  184  450.63200  421.72768  6.41%  66.5 1473s
 107016 51915  421.88937  372  185  450.63200  421.88937  6.38%  66.6 1481s
 107938 52653  421.98570  375  188  450.63200  421.98570  6.36%  66.7 1488s
 109136 53832  422.13101  379  184  450.63200  422.13101  6.32%  66.7 1495s
 110611 54891  422.15828  382  184  450.63200  422.15828  6.32%  66.5 1502s
 112000 55277  422.31514  385  185  450.63200  422.31514  6.28%  66.4 1507s
 112646 55676  422.39208  388  185  450.63200  422.39208  6.27%  66.5 1513s
 113491 56149  422.43498  391  190  450.63200  422.43498  6.26%  66.6 1518s
 114585 56917  422.51591  394  183  450.63200  422.51591  6.24%  66.6 1524s
 115604 57521  429.44750  396  150  450.63200  422.56500  6.23%  66.5 1529s
 116483 58328  422.62458  399  183  450.63200  422.62458  6.22%  66.5 1535s
 117620 58987  422.72585  402  181  450.63200  422.72585  6.19%  66.5 1540s
 118559 59764  422.76657  405  185  450.63200  422.76657  6.18%  66.5 1546s
 119595 60454  422.79060  408  182  450.63200  422.79060  6.18%  66.5 1554s
 120601 61241  422.85401  412  184  450.63200  422.85401  6.16%  66.5 1561s
 121638 61651  422.89321  416  178  450.63200  422.89321  6.16%  66.5 1566s
 122493 62230  422.98405  419  179  450.63200  422.98405  6.14%  66.5 1571s
 123258 62753  423.01586  421  178  450.63200  423.01586  6.13%  66.6 1576s
 123899 63609  423.05978  424  175  450.63200  423.05978  6.12%  66.6 1582s
 124848 64634  423.11428  427  180  450.63200  423.11428  6.11%  66.5 1587s
 125986 65617  423.15064  430  187  450.63200  423.15064  6.10%  66.3 1593s
 127117 66294  423.18278  433  188  450.63200  423.18278  6.09%  66.1 1600s
 128042 66756  423.20485  436  187  450.63200  423.20485  6.09%  66.1 1606s
 128678 67437  423.25329  439  188  450.63200  423.25329  6.08%  66.2 1611s
 129441 67918  423.31824  442  185  450.63200  423.31824  6.06%  66.2 1617s
 130125 68158  423.38922  445  187  450.63200  423.38922  6.05%  66.3 1623s
 130498 68881  423.39489  446  185  450.63200  423.39489  6.04%  66.3 1629s
 131354 69477  423.44097  449  185  450.63200  423.44097  6.03%  66.3 1635s
 132154 70145  423.48615  452  189  450.63200  423.48615  6.02%  66.3 1642s
 133044 70242  423.50937  455  183  450.63200  423.50937  6.02%  66.3 1648s
 133440 70819  423.52275  457  182  450.63200  423.52275  6.02%  66.4 1654s
 134206 71238  423.55483  460  181  450.63200  423.55483  6.01%  66.4 1662s
 134801 71809     cutoff  463       450.63200  423.60939  6.00%  66.5 1673s
 135746 72686  423.70263  468  181  450.63200  423.70263  5.98%  66.7 1682s
 136839 73311  447.91061  472  135  450.63200  423.80767  5.95%  66.8 1690s
 137683 73912  423.85751  476  185  450.63200  423.85751  5.94%  66.8 1697s
 138506 74955  423.90773  480  186  450.63200  423.90773  5.93%  66.8 1706s
 139758 75715  423.92783  484  188  450.63200  423.92783  5.93%  66.8 1715s
 140835 76330  439.40842  487  134  450.63200  423.98869  5.91%  66.9 1722s
 141920 77170  439.27999  490  137  450.63200  424.08818  5.89%  66.9 1730s
 143060 77907  424.12826  494  184  450.63200  424.12826  5.88%  66.9 1738s
 144035 78390  446.08895  497  124  450.63200  424.24009  5.86%  66.9 1744s
 144690 78938  439.90158  499  150  450.63200  424.25718  5.85%  66.9 1751s
 145477 79409  424.28195  502  181  450.63200  424.28195  5.85%  67.0 1757s
 146058 80172  424.31677  506  183  450.63200  424.31677  5.84%  67.0 1764s
 146909 80925  440.07460  509  146  450.63200  424.41204  5.82%  67.0 1771s
 147805 81651  424.44963  513  180  450.63200  424.44963  5.81%  67.0 1778s
 148695 82477  424.48277  516  186  450.63200  424.48277  5.80%  67.0 1788s
 149749 83510  424.58089  520  184  450.63200  424.58089  5.78%  66.9 1795s
 151024 83949  424.65042  523  187  450.63200  424.65042  5.77%  66.8 1800s
 151663 84432  445.46657  525  149  450.63200  424.69914  5.75%  66.9 1805s
 152437 84532  424.75998  528  186  450.63200  424.75998  5.74%  66.9 1810s
 152767 84685  424.82529  531  186  450.63200  424.82529  5.73%  67.0 1815s
 153017 85071  424.86120  533  186  450.63200  424.86120  5.72%  67.1 1820s
 153575 85272  424.90445  536  186  450.63200  424.90445  5.71%  67.2 1826s
 154105 85714  424.97673  540  187  450.63200  424.97673  5.69%  67.3 1833s
 154917 86349  425.13622  543  184  450.63200  425.13622  5.66%  67.4 1839s
 155860 87166  425.19451  546  184  450.63200  425.19451  5.64%  67.4 1846s
 156920 87637  425.22607  549  188  450.63200  425.22607  5.64%  67.4 1852s
 157722 88074  425.26635  553  187  450.63200  425.26635  5.63%  67.6 1859s
 158405 88387  425.29312  555  185  450.63200  425.29312  5.62%  67.7 1864s
 158964 89198  425.32002  558  182  450.63200  425.32002  5.62%  67.8 1871s
 159947 90111  438.96481  561  140  450.63200  425.55619  5.56%  67.7 1878s
 161139 90579  425.61028  564  195  450.63200  425.61028  5.55%  67.7 1885s
 161770 91537  425.64550  567  196  450.63200  425.64550  5.54%  67.7 1892s
 162970 92013  425.74728  571  190  450.63200  425.74728  5.52%  67.7 1898s
 163592 92440  425.79596  575  185  450.63200  425.79596  5.51%  67.7 1907s
 164312 93219  425.87079  578  188  450.63200  425.87079  5.49%  67.8 1916s
 165491 93973  425.91946  583  186  450.63200  425.91946  5.48%  67.9 1925s
 166544 94559  425.98615  587  185  450.63200  425.98615  5.47%  68.0 1932s
 167362 94979  426.03269  590  187  450.63200  426.03269  5.46%  68.0 1939s
 168106 95509  426.13396  593  185  450.63200  426.13396  5.44%  68.1 1945s
 169002 95867  426.17948  596  187  450.63200  426.17948  5.43%  68.1 1952s
 169535 96044  426.25036  600  180  450.63200  426.25036  5.41%  68.1 1958s
 169865 96231  441.94856  603  118  450.63200  426.35228  5.39%  68.2 1965s
 170307 96290  426.41565  607  181  450.63200  426.41565  5.37%  68.2 1976s
 170398 96335  439.33258  607  138  450.63200  426.41668  5.37%  68.3 1987s
 170565 96960  426.46456  608  178  450.63200  426.46456  5.36%  68.3 1995s
 171280 97728  426.51825  612  176  450.63200  426.51825  5.35%  68.3 2004s
 172213 98314  426.62309  616  180  450.63200  426.62309  5.33%  68.3 2011s
 173298 98808  426.68641  620  176  450.63200  426.68641  5.31%  68.3 2020s
 174180 99535  426.78713  625  180  450.63200  426.78713  5.29%  68.4 2027s
 175095 100063  426.82427  629  186  450.63200  426.82427  5.28%  68.4 2035s
 175755 100928  436.23055  630  133  450.63200  426.83605  5.28%  68.5 2042s
 176840 101800  426.86240  633  183  450.63200  426.86240  5.27%  68.4 2050s
 177806 102827  427.01085  637  181  450.63200  427.01085  5.24%  68.4 2057s
 178941 103893  427.14831  641  176  450.63200  427.14831  5.21%  68.3 2067s
 180184 104397  427.20251  645  181  450.63200  427.20251  5.20%  68.2 2072s
 180883 105183  427.21951  648  175  450.63200  427.21951  5.20%  68.2 2078s
 181811 105580  427.28947  651  187  450.63200  427.28947  5.18%  68.2 2084s
 182371 105836  427.38122  655  185  450.63200  427.38122  5.16%  68.3 2090s
 183012 106453  427.49990  658  185  450.63200  427.49990  5.13%  68.4 2096s
 183824 106893  427.57395  661  183  450.63200  427.57395  5.12%  68.4 2102s
 184482 107233  427.59188  664  183  450.63200  427.59188  5.11%  68.4 2107s
 184922 107914  427.62451  667  185  450.63200  427.62451  5.11%  68.4 2114s
 185822 108213  427.74513  672  183  450.63200  427.74513  5.08%  68.5 2121s
 186440 108697  427.88685  676  182  450.63200  427.88685  5.05%  68.6 2128s
 187289 109064  427.96260  679  180  450.63200  427.96260  5.03%  68.7 2135s
 187890 109429  449.41362  681  139  450.63200  428.05352  5.01%  68.8 2142s
 188761 109582  428.10772  684  185  450.63200  428.10772  5.00%  68.9 2149s
 189405 110014  428.17813  688  177  450.63200  428.17813  4.98%  68.9 2156s
 190189 110359  450.01965  692  141  450.63200  428.22597  4.97%  69.0 2162s
 190865 110888  428.29348  696  178  450.63200  428.29348  4.96%  69.1 2170s
 191893 111230  428.39971  700  181  450.63200  428.39971  4.93%  69.1 2177s
 192756 111682  428.43867  703  183  450.63200  428.43867  4.92%  69.1 2185s
 193615 112004  446.69243  706  130  450.63200  428.48552  4.91%  69.2 2194s
 194516 112428  428.52584  710  176  450.63200  428.52584  4.91%  69.3 2201s
 195288 112856  441.91828  714  143  450.63200  428.60830  4.89%  69.3 2209s
 195932 113691  428.66695  718  175  450.63200  428.66695  4.87%  69.4 2217s
 197098 114421  428.69448  720  175  450.63200  428.69448  4.87%  69.4 2224s
 198027 115088  428.73648  724  180  450.63200  428.73648  4.86%  69.5 2231s
 198970 115484  428.88450  729  180  450.63200  428.88450  4.83%  69.5 2238s
 199707 115905  428.96633  732  180  450.63200  428.96633  4.81%  69.5 2245s
 200345 116430  429.02591  736  178  450.63200  429.02591  4.79%  69.6 2252s
 201185 116899  429.05661  740  176  450.63200  429.05661  4.79%  69.6 2260s
 202171 117373  429.07677  744  175  450.63200  429.07677  4.78%  69.7 2268s
 202930 117903  446.37996  748  133  450.63200  429.14444  4.77%  69.7 2274s
 203794 118717  429.20266  752  181  450.63200  429.20266  4.76%  69.8 2282s
 204845 119119  429.26067  756  174  450.63200  429.26067  4.74%  69.8 2290s
 205534 119410  449.12791  760  148  450.63200  429.32943  4.73%  69.8 2297s
 206324 119759  429.37116  764  176  450.63200  429.37116  4.72%  69.9 2304s
 206830 120517  429.48396  768  178  450.63200  429.48396  4.69%  70.0 2311s
 207757 120868  429.58338  773  181  450.63200  429.58338  4.67%  70.0 2320s
 208366 121266  429.60399  776  177  450.63200  429.60399  4.67%  70.0 2329s
 209035 122039  429.64029  780  174  450.63200  429.64029  4.66%  70.1 2339s
 210044 122567  429.71871  786  185  450.63200  429.71871  4.64%  70.2 2348s
 210955 123062  429.81151  790  185  450.63200  429.81151  4.62%  70.3 2356s
 211854 123480  429.84075  795  186  450.63200  429.84075  4.61%  70.4 2364s
 212619 124014  429.93151  800  183  450.63200  429.90934  4.60%  70.5 2371s
 213447 124273  429.99741  805  188  450.63200  429.99741  4.58%  70.6 2379s
 214021 124915  430.04870  808  181  450.63200  430.00080  4.58%  70.7 2388s
 215284 125671  430.09888  813  188  450.63200  430.02034  4.57%  70.7 2396s
 216236 126460  430.15998  817  188  450.63200  430.08323  4.56%  70.7 2403s
 217371 126945  430.22746  821  185  450.63200  430.08692  4.56%  70.7 2412s
 218194 127492  430.26980  825  180  450.63200  430.13962  4.55%  70.8 2420s
 218974 127957  430.33455  830  181  450.63200  430.19153  4.54%  70.9 2429s
 219804 128337  430.42805  835  176  450.63200  430.20560  4.53%  71.0 2436s
 220495 128630     cutoff  839       450.63200  430.25720  4.52%  71.1 2445s
 221191 129195  430.52818  844  181  450.63200  430.27445  4.52%  71.2 2452s
 222198 129805  430.61668  850  181  450.63200  430.33609  4.50%  71.2 2460s
 223027 130414     cutoff  855       450.63200  430.35403  4.50%  71.3 2470s
 223891 130688     cutoff  858       450.63200  430.38464  4.49%  71.4 2477s
 224673 131193  430.77851  863  182  450.63200  430.44076  4.48%  71.4 2486s
 225644 131811  430.83119  867  182  450.63200  430.44874  4.48%  71.5 2494s
 226598 132333  430.90169  871  185  450.63200  430.50473  4.47%  71.6 2502s
 227476 132827  431.00697  876  179  450.63200  430.57708  4.45%  71.6 2510s
 228199 133438  431.15519  881  179  450.63200  430.60186  4.44%  71.7 2518s
 229012 134216  431.20860  886  178  450.63200  430.63730  4.44%  71.7 2526s
 230104 134667  431.24458  889  181  450.63200  430.66142  4.43%  71.7 2534s
 231067 135097  431.28949  893  181  450.63200  430.69342  4.42%  71.8 2541s
 231839 135442  431.35086  897  178  450.63200  430.73365  4.42%  71.9 2549s
 232349 135921  431.38966  901  181  450.63200  430.75397  4.41%  71.9 2557s
 233243 136237  431.48219  905  180  450.63200  430.78296  4.40%  71.9 2564s
 233863 136656  431.58274  910  184  450.63200  430.80843  4.40%  72.0 2572s
 234555 137235  431.62085  915  182  450.63200  430.82604  4.40%  72.1 2579s
 235505 137946  431.68142  919  178  450.63200  430.83261  4.39%  72.1 2587s
 236356 138652  431.76584  924  176  450.63200  430.83261  4.39%  72.1 2596s
 237255 139073  431.85065  930  182  450.63200  430.86842  4.39%  72.1 2604s
 237860 139715  431.89955  934  180  450.63200  430.90516  4.38%  72.2 2615s
 238645 140757  431.92629  936  182  450.63200  430.93358  4.37%  72.2 2624s
 239838 141540     cutoff  941       450.63200  430.93562  4.37%  72.2 2631s
 240841 142116  432.08476  946  184  450.63200  430.95926  4.37%  72.2 2639s
 241625 142592  432.13492  950  185  450.63200  430.95926  4.37%  72.2 2646s
 242276 142791  432.21623  954  188  450.63200  431.01650  4.35%  72.2 2652s
 242560 143304  432.26970  958  185  450.63200  431.03084  4.35%  72.2 2660s
 243321 143762  432.33510  962  182  450.63200  431.04765  4.35%  72.3 2667s
 243984 144127  432.43495  966  182  450.63200  431.07324  4.34%  72.3 2674s
 244558 144718  444.22449  969  163  450.63200  431.09925  4.33%  72.4 2683s
 245344 145684     cutoff  973       450.63200  431.10449  4.33%  72.4 2691s
 246439 146382  432.69378  979  181  450.63200  431.10449  4.33%  72.4 2698s
 247473 146859  432.77528  984  176  450.63200  431.14984  4.32%  72.4 2707s
 248323 147038  432.82515  989  177  450.63200  431.19286  4.31%  72.5 2714s
 248824 147345  432.85599  993  178  450.63200  431.25566  4.30%  72.6 2721s
 249480 147602  432.89772  999  176  450.63200  431.26614  4.30%  72.7 2730s
 250114 148165  432.91706 1003  178  450.63200  431.31034  4.29%  72.8 2739s
 250893 149023  432.96750 1008  176  450.63200  431.34567  4.28%  72.9 2747s
 251840 149483     cutoff 1013       450.63200  431.34567  4.28%  72.8 2754s
 252445 150411  433.15550 1016  178  450.63200  431.37341  4.27%  72.8 2766s
 253688 150755  433.23684 1022  177  450.63200  431.38861  4.27%  72.8 2772s
 254190 151429  433.25563 1025  179  450.63200  431.43318  4.26%  72.8 2780s
 255057 151895  433.28806 1029  180  450.63200  431.45407  4.26%  72.8 2787s
 255737 152260  433.31919 1033  182  450.63200  431.47811  4.25%  72.9 2794s
 256421 152697  433.38160 1037  184  450.63200  431.49451  4.25%  72.9 2801s
 257147 153112  433.49318 1043  180  450.63200  431.51572  4.24%  72.9 2808s
 257685 153566  433.56550 1047  175  450.63200  431.54094  4.24%  72.9 2816s
 258356 154284  433.62428 1052  182  450.63200  431.54559  4.24%  73.0 2823s
 259248 155075  433.66174 1057  183  450.63200  431.56402  4.23%  73.0 2832s
 260310 155511  433.73571 1062  182  450.63200  431.56402  4.23%  73.0 2839s
 260990 155952  433.76557 1066  180  450.63200  431.61215  4.22%  73.0 2847s
 261646 156503  449.92673 1070  123  450.63200  431.64523  4.21%  73.0 2854s
 262389 157091     cutoff 1075       450.63200  431.64925  4.21%  73.0 2861s
 263184 157620     cutoff 1081       450.63200  431.67990  4.21%  73.0 2869s
 264029 157852  434.26577 1087  183  450.63200  431.68585  4.20%  73.1 2877s
 264634 158330  446.92751 1093  134  450.63200  431.72517  4.20%  73.2 2886s
 265459 158875  434.42406 1099  184  450.63200  431.74529  4.19%  73.2 2895s
 266276 159246  434.53774 1104  181  450.63200  431.78862  4.18%  73.3 2903s
 267162 159275  434.61657 1111  182  450.63200  431.83893  4.17%  73.4 2912s
 267359 160089     cutoff 1111       450.63200  431.87662  4.16%  73.4 2943s
 269393 160711  434.78293 1130  177  450.63200  431.89986  4.16%  73.8 2956s
 270491 161735  434.98423 1140  173  450.63200  431.93358  4.15%  74.0 2969s
 272029 162512  435.12942 1150  178  450.63200  431.97957  4.14%  74.0 2982s
 273485 162780  435.25731 1159  178  450.63200  432.04501  4.12%  74.1 2992s
 274404 163109  435.35615 1165  179  450.63200  432.12941  4.11%  74.2 3001s
 275249 163523  435.42348 1172  176  450.63200  432.18165  4.09%  74.3 3011s
 276023 163879  435.47504 1179  177  450.63200  432.20527  4.09%  74.4 3021s
 276783 164298  435.55664 1186  179  450.63200  432.24323  4.08%  74.6 3031s
 277569 164683  435.64906 1195  177  450.63200  432.28228  4.07%  74.7 3042s
 278392 165070  435.72487 1203  179  450.63200  432.30437  4.07%  74.8 3052s
 279220 165551  435.82028 1212  168  450.63200  432.35250  4.06%  75.0 3062s
 280192 165989  435.90326 1223  164  450.63200  432.35250  4.06%  75.1 3071s
 280963 166529  435.98011 1231  170  450.63200  432.44632  4.04%  75.2 3080s
 282084 166721  436.04876 1238  170  450.63200  432.47752  4.03%  75.2 3089s
 282801 167359  436.08866 1245  171  450.63200  432.53077  4.02%  75.4 3098s
 283793 167759  436.20580 1257  176  450.63200  432.56298  4.01%  75.4 3106s
 284520 168457  436.31159 1267  172  450.63200  432.57313  4.01%  75.5 3114s
 285569 168995  436.37985 1276  180  450.63200  432.61206  4.00%  75.6 3123s
 286640 169422  447.88510 1284  157  450.63200  432.62107  4.00%  75.6 3131s
 287380 169713  436.60989 1291  175  450.63200  432.64774  3.99%  75.7 3139s
 287972 170234  436.71566 1298  178  450.63200  432.68613  3.98%  75.8 3147s
 288834 170540  436.84789 1305  181  450.63200  432.73001  3.97%  75.8 3155s
 289519 170928  436.94648 1316  179  450.63200  432.76018  3.97%  76.0 3163s
 290431 171289  437.08104 1327  179  450.63200  432.78778  3.96%  76.0 3171s
 291166 171536  437.16807 1334  180  450.63200  432.84150  3.95%  76.2 3179s
 291775 172050  437.32276 1346  175  450.63200  432.87964  3.94%  76.3 3187s
 292576 172750  437.41007 1357  177  450.63200  432.91017  3.93%  76.4 3195s
 293590 173249  437.49173 1366  174  450.63200  432.95226  3.92%  76.4 3203s
 294472 173407  437.58817 1374  182  450.63200  432.97692  3.92%  76.5 3210s
 294801 173682  437.69600 1381  186  450.63200  433.00032  3.91%  76.6 3219s
 295344 174098     cutoff 1389       450.63200  433.00235  3.91%  76.7 3228s
 296067 174694  437.94367 1402  181  450.63200  433.04172  3.90%  76.7 3238s
 297009 175232  438.09463 1412  176  450.63200  433.05444  3.90%  76.8 3248s
 297896 175592  438.21335 1425  175  450.63200  433.07185  3.90%  76.9 3256s
 298646 175836  438.28586 1436  177  450.63200  433.12009  3.89%  77.0 3264s
 299326 176046  438.40866 1449  179  450.63200  433.15134  3.88%  77.1 3273s
 300003 176472  438.48775 1464  177  450.63200  433.20115  3.87%  77.2 3282s
 300849 176961     cutoff 1477       450.63200  433.23291  3.86%  77.3 3290s
 301659 177672  438.69300 1488  175  450.63200  433.25917  3.86%  77.4 3299s
 302681 178126     cutoff 1500       450.63200  433.28543  3.85%  77.4 3307s
 303432 178553  438.92676 1507  172  450.63200  433.30578  3.84%  77.5 3316s
 304212 178725  439.20990 1519  174  450.63200  433.33261  3.84%  77.5 3325s
 304853 179217  448.46399 1531  131  450.63200  433.35580  3.83%  77.7 3333s
 305586 179721  439.78084 1547  172  450.63200  433.39980  3.82%  77.8 3342s
 306272 180538  439.83068 1553  176  450.63200  433.39980  3.82%  77.8 3351s
 307437 181131  439.93565 1562  172  450.63200  433.42596  3.82%  77.8 3360s
 308364 181304  440.07055 1576  172  450.63200  433.44838  3.81%  77.8 3369s
 308926 181711  440.17851 1584  178  450.63200  433.48428  3.81%  77.9 3377s
 309684 182215  440.28479 1599  173  450.63200  433.49719  3.80%  78.0 3385s
 310528 182673  440.47111 1613  175  450.63200  433.53405  3.79%  78.1 3394s
 311297 183174  440.59016 1624  182  450.63200  433.54365  3.79%  78.1 3402s
 312200 183298  440.86134 1640  175  450.63200  433.57236  3.79%  78.2 3411s
 312596 183942  441.01239 1651  179  450.63200  433.59756  3.78%  78.3 3426s
 314176 184244  441.25978 1680  174  450.63200  433.60547  3.78%  78.4 3436s
 314957 184647     cutoff 1700       450.63200  433.64147  3.77%  78.5 3446s
 315769 184872  441.77251 1721  164  450.63200  433.66385  3.77%  78.6 3455s
 316427 185620     cutoff 1741       450.63200  433.67191  3.76%  78.8 3464s
 317703 185851  442.19654 1764  165  450.63200  433.71324  3.75%  78.8 3473s
 318681 186307  442.33403 1788  167  450.63200  433.72481  3.75%  78.8 3483s
 319468 186840     cutoff 1810       450.63200  433.79456  3.74%  78.9 3491s
 320380 187197  443.05331 1831  163  450.63200  433.83064  3.73%  79.0 3501s
 321129 187400  443.27093 1853  166  450.63200  433.85481  3.72%  79.0 3510s
 321613 187629     cutoff 1874       450.63200  433.87600  3.72%  79.2 3518s
 322124 188427     cutoff 1875       450.63200  433.88776  3.72%  79.2 3528s
 323298 188760  443.66514 1899  166  450.63200  433.89280  3.71%  79.2 3537s
 324259 188923  444.03687 1928  159  450.63200  433.90046  3.71%  79.3 3547s
 325056 189112     cutoff 1957       450.63200  433.93379  3.71%  79.4 3555s
 325664 189441  444.67386 1985  165  450.63200  433.97769  3.70%  79.6 3564s
 326413 189625  444.99806 2021  169  450.63200  434.01024  3.69%  79.7 3574s
 327126 189827  445.31382 2066  160  450.63200  434.04331  3.68%  79.8 3583s
 327807 189841  445.63399 2104  154  450.63200  434.05533  3.68%  79.9 3591s
 327894 190404     cutoff 2104       450.63200  434.06432  3.68%  79.9 3603s
 329154 190812     cutoff 2163       450.63200  434.07741  3.67%  80.0 3613s
 330171 191020     cutoff 2221       450.63200  434.10147  3.67%  80.0 3622s
 330926 191064  448.02589 2278  163  450.63200  434.13196  3.66%  80.1 3632s
 331571 191337     cutoff 2377       450.63200  434.13196  3.66%  80.2 3642s
 332301 191669     cutoff  441       450.63200  434.19622  3.65%  80.3 3652s
 333002 192613  435.31734  480  148  450.63200  434.22156  3.64%  80.4 3663s
 334383 193189  443.17555  638  139  450.63200  434.22156  3.64%  80.3 3673s
 335575 193354     cutoff  116       450.63200  434.29339  3.63%  80.4 3682s
 336222 193815  439.87825  159  119  450.63200  434.31352  3.62%  80.5 3691s
 337117 194495  447.23090  280  125  450.63200  434.33662  3.62%  80.5 3700s
 338134 194556  447.10464  171  123  450.63200  434.40835  3.60%  80.6 3708s
 338762 194597  446.06277  120  120  450.63200  434.46634  3.59%  80.8 3717s
 339268 194738     cutoff  347       450.63200  434.52358  3.57%  80.9 3726s
 340000 194879  437.02481  103  104  450.63200  434.56416  3.57%  81.1 3735s
 340924 194995     cutoff  237       450.63200  434.59866  3.56%  81.2 3744s
 341453 195519     cutoff  275       450.63200  434.61863  3.55%  81.3 3755s
 342314 196155     cutoff  120       450.63200  434.63768  3.55%  81.4 3765s
 343272 196213  440.54053  255  109  450.63200  434.65811  3.54%  81.4 3773s
 343510 196341  447.86702  229  100  450.63200  434.66768  3.54%  81.5 3781s
 343947 196794  447.88527  265  105  450.63200  434.68510  3.54%  81.6 3792s
 344729 197215  445.17245  372  162  450.63200  434.69782  3.54%  81.6 3803s
 345687 197826  439.91761  291  114  450.63200  434.74535  3.53%  81.7 3814s
 346666 198399  449.22889  676   99  450.63200  434.78649  3.52%  81.8 3825s
 347782 198877  441.68886  293  151  450.63200  434.79665  3.51%  81.8 3836s
 348657 199165     cutoff  126       450.63200  434.83797  3.50%  81.9 3846s
 349512 199413     cutoff  183       450.63200  434.83797  3.50%  82.0 3857s
 350543 199558     cutoff  147       450.63200  434.93537  3.48%  82.1 3867s
 351141 199955  439.93923  432  154  450.63200  434.94839  3.48%  82.2 3877s
 352005 200720  443.61314  528  153  450.63200  434.96652  3.48%  82.3 3887s
 353285 201120  448.01418  707  155  450.63200  434.96984  3.48%  82.3 3898s
 354319 201318     cutoff  124       450.63200  435.04572  3.46%  82.4 3906s
 354868 201733     cutoff  232       450.63200  435.06658  3.45%  82.4 3915s
 355685 202456  436.03594  311  141  450.63200  435.07302  3.45%  82.5 3925s
 356799 203145  442.74487  476  141  450.63200  435.08892  3.45%  82.5 3935s
 357843 203475  446.80499  150  119  450.63200  435.09312  3.45%  82.5 3943s
 358494 203825  437.52839  234  152  450.63200  435.12131  3.44%  82.6 3950s
 359178 204151  446.35085  310  150  450.63200  435.13696  3.44%  82.7 3958s
 359914 204418  439.41228  146  137  450.63200  435.15612  3.43%  82.7 3966s
 360540 204605     cutoff  240       450.63200  435.19583  3.43%  82.8 3974s
 361162 204849     cutoff  127       450.63200  435.20842  3.42%  82.9 3984s
 361998 205066  446.51542   60   95  450.63200  435.22572  3.42%  83.0 3991s
 362716 205225  447.75134  171  125  450.63200  435.23639  3.42%  83.0 4001s
 363678 205250  443.20865  119   85  450.63200  435.27063  3.41%  83.1 4011s
 364263 205276     cutoff  367       450.63200  435.28928  3.40%  83.2 4022s
 364911 205610     cutoff  202       450.63200  435.32119  3.40%  83.3 4033s
 365826 205796  443.95765  478  116  450.63200  435.32119  3.40%  83.4 4044s
 366579 206025     cutoff  113       450.63200  435.39332  3.38%  83.5 4054s
 367349 206237     cutoff  123       450.63200  435.43100  3.37%  83.6 4064s
 368044 206339     cutoff  252       450.63200  435.45855  3.37%  83.7 4075s
 368870 206583  436.45318  167  127  450.63200  435.47524  3.36%  83.8 4086s
 369710 206877  445.34016  284  127  450.63200  435.49197  3.36%  83.8 4096s
 370514 207079     cutoff  405       450.63200  435.57397  3.34%  83.9 4107s
 371132 207519  447.55845  400   86  450.63200  435.58012  3.34%  84.0 4117s
 372032 207861  445.95912  116  115  450.63200  435.60108  3.34%  84.1 4129s
 372738 208412  445.95496  144  102  450.63200  435.61489  3.33%  84.1 4140s
 373842 208787     cutoff  133       450.63200  435.63663  3.33%  84.2 4148s
 374671 209241     cutoff  104       450.63200  435.67992  3.32%  84.2 4157s
 375636 209402  448.37878  287  109  450.63200  435.69550  3.31%  84.2 4165s
 376294 209826     cutoff  286       450.63200  435.74065  3.30%  84.3 4173s
 377285 209932  447.95717  113  121  450.63200  435.75450  3.30%  84.4 4181s
 377916 209972     cutoff  355       450.63200  435.81143  3.29%  84.4 4187s
 378048 209936  449.77813  181  113  450.63200  435.81565  3.29%  84.5 4194s
 378179 210074  449.86811  182  111  450.63200  435.82154  3.29%  84.5 4202s
 378452 210121  446.78685  428  115  450.63200  435.82595  3.29%  84.5 4210s
 378862 210437     cutoff  286       450.63200  435.83841  3.28%  84.6 4219s
 379645 210819  447.71013  164  129  450.63200  435.85788  3.28%  84.7 4228s
 380432 211204     cutoff  289       450.63200  435.87421  3.27%  84.7 4237s
 381262 211484  448.43197  323  109  450.63200  435.94485  3.26%  84.8 4247s
 382127 212198     cutoff  277       450.63200  435.98834  3.25%  84.9 4256s
 383197 212964  443.59534  501  134  450.63200  435.99563  3.25%  84.9 4265s
 384296 213625  442.54518  175  137  450.63200  436.01635  3.24%  84.9 4274s
 385356 213845     cutoff   44       450.63200  436.03922  3.24%  85.0 4282s
 385982 214486  439.47093  420  131  450.63200  436.05420  3.23%  85.1 4291s
 387076 214637     cutoff  221       450.63200  436.08340  3.23%  85.1 4300s
 387715 214729     cutoff  150       450.63200  436.13108  3.22%  85.2 4311s
 388459 215273  442.44262  498  132  450.63200  436.18556  3.21%  85.4 4322s
 389584 215525     cutoff  188       450.63200  436.21596  3.20%  85.5 4332s
 390406 215534  447.59179  349  143  450.63200  436.22012  3.20%  85.6 4342s
 390983 215997     cutoff  179       450.63200  436.23683  3.19%  85.7 4352s
 391877 216312  449.21622  177   89  450.63200  436.26850  3.19%  85.8 4361s
 392398 216814  446.26146  126  104  450.63200  436.30067  3.18%  85.8 4372s
 393348 217317     cutoff  526       450.63200  436.32770  3.17%  85.8 4382s
 394437 217411  447.25513  162   86  450.63200  436.33737  3.17%  85.9 4392s
 395069 217734  449.39278  248   90  450.63200  436.36822  3.17%  86.0 4402s
 396032 218301     cutoff  312       450.63200  436.46594  3.14%  86.1 4412s
 396949 218717     cutoff  150       450.63200  436.47846  3.14%  86.2 4421s
 397817 219285     cutoff  162       450.63200  436.50596  3.13%  86.2 4431s
 398840 219507     cutoff  204       450.63200  436.51645  3.13%  86.3 4441s
 399476 219809  438.87758  312  135  450.63200  436.52661  3.13%  86.4 4451s
 400316 220123  443.67003  484  142  450.63200  436.54980  3.12%  86.5 4461s
 401365 220107     cutoff  376       450.63200  436.60352  3.11%  86.5 4472s
 402216 220417     cutoff  193       450.63200  436.68741  3.09%  86.7 4482s
 402945 220844     cutoff  113       450.63200  436.69664  3.09%  86.7 4493s
 403882 221018  440.12869  234  145  450.63200  436.72371  3.09%  86.8 4503s
 404370 221089  441.17243  260  152  450.63200  436.73937  3.08%  86.9 4514s
 404844 221397  441.32770  261  152  450.63200  436.75250  3.08%  86.9 4527s
 405667 221947  442.64297  297  147  450.63200  436.77194  3.08%  87.0 4541s
 406973 222566     cutoff  506       450.63200  436.78943  3.07%  87.0 4552s
 408179 222763  437.34762  158  165  450.63200  436.81364  3.07%  87.0 4562s
 408824 223198     cutoff  172       450.63200  436.81364  3.07%  87.1 4571s
 409813 223356  447.87576  314  117  450.63200  436.87832  3.05%  87.2 4580s
 410597 223404     cutoff  221       450.63200  436.91018  3.05%  87.2 4590s
 411330 223378     cutoff  475       450.63200  437.00360  3.02%  87.4 4600s
 411961 223739     cutoff  154       450.63200  437.02844  3.02%  87.5 4609s
 412846 224409  445.72517  275  136  450.63200  437.06094  3.01%  87.6 4619s
 413964 224716     cutoff  241       450.63200  437.07793  3.01%  87.6 4628s
 414783 224860     cutoff  307       450.63200  437.10065  3.00%  87.7 4638s
 415367 225334  449.77301  517  104  450.63200  437.14777  2.99%  87.8 4647s
 416364 225835  446.58838  212   61  450.63200  437.15403  2.99%  87.8 4656s
 417508 226133  438.92720  271  154  450.63200  437.17067  2.99%  87.8 4666s
 418187 226328  441.69550  138  126  450.63200  437.18007  2.99%  87.9 4677s
 419003 226372  448.80442  354  130  450.63200  437.21076  2.98%  88.0 4687s
 419600 226611     cutoff  189       450.63200  437.23486  2.97%  88.1 4698s
 420525 226836     cutoff  387       450.63200  437.27609  2.96%  88.2 4708s
 421483 227259  445.01631  179  124  450.63200  437.30101  2.96%  88.3 4719s
 422561 227409  440.22014  624  146  450.63200  437.36837  2.94%  88.4 4728s
 423309 227464     cutoff  674       450.63200  437.37270  2.94%  88.5 4738s
 424008 227756  439.76048  299  152  450.63200  437.39884  2.94%  88.6 4748s
 424680 228265  442.27432  339  142  450.63200  437.42531  2.93%  88.6 4758s
 425906 228429  449.76720  278   88  450.63200  437.46513  2.92%  88.6 4768s
 426628 228804  444.10135  566  140  450.63200  437.50428  2.91%  88.7 4777s
 427543 228883  447.98927  245   98  450.63200  437.55004  2.90%  88.8 4787s
 428292 228845  447.95611   99   79  450.63200  437.57064  2.90%  88.9 4797s
 428865 228912     cutoff  479       450.63200  437.60722  2.89%  89.1 4807s
 429511 228987  445.73607  303  136  450.63200  437.66832  2.88%  89.2 4817s
 430278 229721     cutoff  328       450.63200  437.71049  2.87%  89.3 4827s
 431423 230224     cutoff  481       450.63200  437.72988  2.86%  89.3 4837s
 432476 230245     cutoff  277       450.63200  437.73394  2.86%  89.3 4847s
 433017 230881     cutoff  217       450.63200  437.79060  2.85%  89.4 4860s
 434406 231085     cutoff  398       450.63200  437.82534  2.84%  89.5 4869s
 435159 231305     cutoff  180       450.63200  437.83075  2.84%  89.6 4878s
 435918 231202     cutoff  436       450.63200  437.86093  2.83%  89.6 4888s
 436473 231471     cutoff  105       450.63200  437.90948  2.82%  89.8 4898s
 437304 231423     cutoff  168       450.63200  437.94839  2.81%  89.9 4908s
 437883 231479     cutoff  109       450.63200  437.96148  2.81%  90.0 4919s
 438537 231806  448.45464  234  109  450.63200  438.01586  2.80%  90.1 4929s
 439515 231891     cutoff  340       450.63200  438.03002  2.80%  90.2 4940s
 440229 232094     cutoff  340       450.63200  438.08031  2.79%  90.3 4951s
 440934 232722  440.44449  185  109  450.63200  438.09101  2.78%  90.4 4962s
 442019 233022  448.67362  190  106  450.63200  438.10391  2.78%  90.4 4972s
 442954 233369  438.85741  158  130  450.63200  438.11908  2.78%  90.4 4982s
 444160 233280     cutoff  427       450.63200  438.19454  2.76%  90.4 4993s
 444720 233381     cutoff  417       450.63200  438.25113  2.75%  90.6 5003s
 445455 233673  448.66521  227  104  450.63200  438.27815  2.74%  90.7 5016s
 446370 233772  445.80669  515  108  450.63200  438.28224  2.74%  90.7 5028s
 447039 234001  447.73644  257  110  450.63200  438.33562  2.73%  90.8 5040s
 447937 233965     cutoff   95       450.63200  438.34606  2.73%  90.9 5051s
 448469 234062     cutoff  201       450.63200  438.40429  2.71%  91.1 5065s
 449285 234435  447.05677  496  146  450.63200  438.42295  2.71%  91.2 5079s
 450253 234549     cutoff  543       450.63200  438.44286  2.70%  91.3 5091s
 451247 234622  449.34355  630  125  450.63200  438.50258  2.69%  91.4 5103s
 452371 234389     cutoff  200       450.63200  438.52073  2.69%  91.5 5113s
 453062 234277  446.93772  240  122  450.63200  438.61220  2.67%  91.6 5124s
 453688 234238     cutoff  408       450.63200  438.63339  2.66%  91.8 5135s
 454487 234340  440.80260  449  127  450.63200  438.63449  2.66%  91.9 5145s
 455719 234737  447.41062  194  112  450.63200  438.66654  2.66%  91.9 5155s
 456567 235152     cutoff  134       450.63200  438.67144  2.65%  91.9 5166s
 457581 235382     cutoff  336       450.63200  438.71222  2.65%  92.0 5176s
 458559 235658     cutoff  134       450.63200  438.76940  2.63%  92.1 5186s
 459520 235455     cutoff  288       450.63200  438.78766  2.63%  92.1 5196s
 460140 235496     cutoff  625       450.63200  438.84510  2.62%  92.3 5206s
 460844 235619     cutoff  163       450.63200  438.85067  2.61%  92.4 5216s
 461724 235953     cutoff  243       450.63200  438.87468  2.61%  92.5 5226s
 462642 235818     cutoff  467       450.63200  438.91910  2.60%  92.5 5235s
 462839 236187  450.36595   61   63  450.63200  438.92372  2.60%  92.6 5265s
 464935 236080     cutoff  132       450.63200  439.01654  2.58%  92.8 5275s
 465394 236235  444.91488  249   80  450.63200  439.02179  2.58%  92.9 5287s
 466291 236548     cutoff  359       450.63200  439.05751  2.57%  93.0 5298s
 467337 236585     cutoff  223       450.63200  439.07949  2.56%  93.0 5309s
 468048 236598     cutoff  371       450.63200  439.11113  2.56%  93.2 5321s
 468866 236503     cutoff  350       450.63200  439.12049  2.55%  93.3 5332s
 469601 236660     cutoff  161       450.63200  439.13264  2.55%  93.4 5343s
 470698 236421     cutoff  590       450.63200  439.16539  2.54%  93.5 5354s
 471495 236460     cutoff  131       450.63200  439.24468  2.53%  93.6 5364s
 472323 236525  441.98627  642  137  450.63200  439.25217  2.53%  93.7 5375s
 473273 236635     cutoff  706       450.63200  439.26279  2.52%  93.8 5385s
 474213 236649     cutoff   78       450.63200  439.33341  2.51%  93.9 5396s
 475003 236805     cutoff  340       450.63200  439.37684  2.50%  94.0 5407s
 475906 236942  447.43608  675  133  450.63200  439.37958  2.50%  94.1 5417s
 476869 236844     cutoff  232       450.63200  439.39666  2.49%  94.1 5427s
 477593 236808     cutoff  507       450.63200  439.43288  2.49%  94.3 5438s
 478324 236622     cutoff  158       450.63200  439.50749  2.47%  94.4 5444s

Cutting planes:
  MIR: 36
  Flow cover: 291

Explored 478586 nodes (45226199 simplex iterations) in 5444.21 seconds (9920.38 work units)
Thread count was 8 (of 40 available processors)

Solution count 10: 450.632 453.36 463.072 ... 496.92

Time limit reached
Best objective 4.506320000000e+02, best bound 4.395401115982e+02, gap 2.4614%

User-callback calls 1678185, time in user-callback 6.52 sec
[MIP] status=TIME_LIMIT(9) buses=9 obj=900450.632 gap=0.02461407179648862 -> /home/nc437/ladder-lite/diving_pricing_20260919/results/c5_k08/control_arm_b/586644_r0/result.json
