
Gurobi 12.0.3 (linux64) logging started Tue Sep 22 01:40:33 2026

Set parameter LogFile to value "/home/nc437/ladder-lite/mip_structure_20260922/results/c1_k08_fresh/presparsify1/729443_r0/gurobi.log"
Set parameter Threads to value 8
Set parameter Seed to value 0
Set parameter MIPGap to value 0.0001
Set parameter PreSparsify to value 1
Set parameter TimeLimit to value 1800
Gurobi Optimizer version 12.0.3 build v12.0.3rc0 (linux64 - "Ubuntu 24.04.4 LTS")

CPU model: Intel(R) Xeon(R) Gold 6348 CPU @ 2.60GHz, instruction set [SSE2|AVX|AVX2|AVX512]
Thread count: 56 physical cores, 56 logical processors, using up to 8 threads

Non-default parameters:
TimeLimit  1800
PreSparsify  1
Threads  8

Optimize a model with 194 rows, 39940 columns and 1092654 nonzeros
Model fingerprint: 0x8fae06be
Variable types: 0 continuous, 39940 integer (39940 binary)
Coefficient statistics:
  Matrix range     [1e+00, 1e+00]
  Objective range  [1e+00, 1e+00]
  Bounds range     [1e+00, 1e+00]
  RHS range        [1e+00, 1e+00]

Loaded user MIP start with objective 63

Sparsify removed 163961 nonzeros (15%)
Presolve removed 0 rows and 159 columns
Presolve time: 2.46s
Presolved: 194 rows, 39781 columns, 924471 nonzeros
Variable types: 0 continuous, 39781 integer (39742 binary)
Found heuristic solution: objective 58.0000000

Starting sifting (using dual simplex for sub-problems)...

    Iter     Pivots    Primal Obj      Dual Obj        Time
       0          0     infinity      0.0000000e+00      3s
       1        620   9.2083255e+00   4.3367042e+00      3s
       2       1389   8.8278657e+00   5.4160289e+00      3s
       3       2172   8.6059898e+00   6.2090867e+00      3s
       4       3393   8.2841562e+00   6.8267800e+00      3s
       5       4565   8.1036836e+00   7.0487250e+00      3s
       6       5529   8.0064209e+00   7.1769340e+00      3s
       7       6223   8.0000000e+00   7.2506993e+00      3s
       8       6938   8.0000000e+00   8.0000000e+00      3s

Sifting complete


Root relaxation: objective 8.000000e+00, 6938 iterations, 0.41 seconds (0.65 work units)

    Nodes    |    Current Node    |     Objective Bounds      |     Work
 Expl Unexpl |  Obj  Depth IntInf | Incumbent    BestBd   Gap | It/Node Time

     0     0    8.00000    0   97   58.00000    8.00000  86.2%     -    5s
H    0     0                      23.0000000    8.00000  65.2%     -    5s
H    0     0                      18.0000000    8.00000  55.6%     -    5s
H    0     0                      17.0000000    8.00000  52.9%     -    5s
H    0     0                      15.0000000    8.00000  46.7%     -    5s
H    0     0                      14.0000000    8.00000  42.9%     -    5s
H    0     0                      11.0000000    8.00000  27.3%     -    6s
H    0     0                      10.0000000    8.00000  20.0%     -    7s
     0     0    8.00000    0  112   10.00000    8.00000  20.0%     -   12s
     0     0    8.00000    0  112   10.00000    8.00000  20.0%     -   25s
     0     0    8.00000    0  108   10.00000    8.00000  20.0%     -   32s
     0     0    8.00000    0  117   10.00000    8.00000  20.0%     -   36s
     0     0    8.00000    0  106   10.00000    8.00000  20.0%     -   37s
     0     0    8.00000    0  106   10.00000    8.00000  20.0%     -   40s
     0     0    8.00000    0  106   10.00000    8.00000  20.0%     -   40s
     0     0    8.00000    0  108   10.00000    8.00000  20.0%     -   43s
     0     0    8.00000    0  112   10.00000    8.00000  20.0%     -   44s
     0     0    8.00000    0  113   10.00000    8.00000  20.0%     -   51s
     0     0    8.00000    0  113   10.00000    8.00000  20.0%     -   54s
     0     2    8.00000    0  103   10.00000    8.00000  20.0%     -   63s
     3     8    8.00000    2  124   10.00000    8.00000  20.0%  3957   65s
    23    64    8.00000    5  139   10.00000    8.00000  20.0%  1013   70s
    74    84    8.00000   11  136   10.00000    8.00000  20.0%  2557   80s
   116   144    8.00000   13  131   10.00000    8.00000  20.0%  2030   90s
   143   176    8.00000   14  133   10.00000    8.00000  20.0%  1987   96s
   175   289    8.00000   15  143   10.00000    8.00000  20.0%  2180  104s
   288   577    8.00000   21  125   10.00000    8.00000  20.0%  2141  116s
   576   800    8.00000   31  124   10.00000    8.00000  20.0%  1281  125s
   799  1066    8.05828   39  111   10.00000    8.00000  20.0%   976  132s
  1065  1539    8.00000   48  101   10.00000    8.00000  20.0%   795  140s
  1538  1966    8.00000   63  110   10.00000    8.00000  20.0%   601  148s
  1965  1974    8.00000   77  108   10.00000    8.00000  20.0%   502  164s
  1973  1982    8.00000   78  113   10.00000    8.00000  20.0%   500  176s
  1981  2006    8.00000   79  113   10.00000    8.00000  20.0%   499  190s
  2005  2058    8.00000   80  111   10.00000    8.00000  20.0%   494  208s
  2057  2139    8.00000   81  110   10.00000    8.00000  20.0%   485  227s
H 2088   513                       9.0000000    8.00000  11.1%   480  227s
  2139   301    8.00000   48  113    9.00000    8.00000  11.1%   473  232s
  2141   302    8.00000   56  113    9.00000    8.00000  11.1%   472  243s
  2142   303    8.00000    7  112    9.00000    8.00000  11.1%   472  255s
  2144   304    8.00000   19  115    9.00000    8.00000  11.1%   472  261s
  2146   306    8.00000   23  117    9.00000    8.00000  11.1%   471  265s
  2148   307    8.00000    9  100    9.00000    8.00000  11.1%   471  271s
  2151   309    8.00000   54  110    9.00000    8.00000  11.1%   470  275s
  2154   311    8.00000    4  116    9.00000    8.00000  11.1%   469  281s
  2157   313    8.00000   41  118    9.00000    8.00000  11.1%   469  285s
  2161   317    8.00000   25  114    9.00000    8.00000  11.1%  54.9  293s
  2162   318    8.00000   56  114    9.00000    8.00000  11.1%  54.9  300s
  2166   321    8.00000   11  114    9.00000    8.00000  11.1%  54.8  305s
  2170   323    8.00000   51  106    9.00000    8.00000  11.1%  54.7  310s
  2172   325    8.00000   22  114    9.00000    8.00000  11.1%  54.6  317s
  2175   327    8.00000   39  116    9.00000    8.00000  11.1%  54.5  320s
  2178   329    8.00000   26  115    9.00000    8.00000  11.1%  54.5  325s
  2259   324 infeasible   32         9.00000    8.00000  11.1%   100  330s
  2392   337 infeasible   46         9.00000    8.00000  11.1%   115  336s
  2709   283    8.00000   65  124    9.00000    8.00000  11.1%   156  341s
  2771   253    8.00000   79  127    9.00000    8.00000  11.1%   168  346s
  2813   269    8.00000   81  127    9.00000    8.00000  11.1%   174  352s
  2930   216    8.00000   82  127    9.00000    8.00000  11.1%   181  356s
  2958   197    8.00000   83  126    9.00000    8.00000  11.1%   187  363s
  2986   183    8.00000   84  124    9.00000    8.00000  11.1%   193  367s
  3010   204    8.00000   85  126    9.00000    8.00000  11.1%   197  370s
  3067   210    8.00000   87  126    9.00000    8.00000  11.1%   201  377s
  3260   213 infeasible  132         9.00000    8.00000  11.1%   220  387s
  3325   644 infeasible   61         9.00000    8.00000  11.1%   226  392s
  3860  1229    8.00000   94  146    9.00000    8.00000  11.1%   228  400s
  4624  1381    8.00000  176  141    9.00000    8.00000  11.1%   231  407s
  4808  1446    8.00000  177  144    9.00000    8.00000  11.1%   231  414s
  4943  1432    8.00000  178  143    9.00000    8.00000  11.1%   238  430s
  5025  1637 infeasible  176         9.00000    8.00000  11.1%   247  437s
  6082  1588 infeasible  221         9.00000    8.00000  11.1%   279  442s
  6849  1388 infeasible   58         9.00000    8.00000  11.1%   305  461s
  7111  1633 infeasible   69         9.00000    8.00000  11.1%   327  468s
  7636  1457    8.00000  109  135    9.00000    8.00000  11.1%   327  480s
  7844  1572    8.00000  112  135    9.00000    8.00000  11.1%   343  487s
  8911  1290 infeasible  146         9.00000    8.00000  11.1%   355  498s
  9229  1241    8.00000   73   94    9.00000    8.00000  11.1%   374  506s
  9724  1041    8.00000   58  137    9.00000    8.00000  11.1%   381  514s
 10084  1429    8.00000   71  110    9.00000    8.00000  11.1%   395  520s
 11014  1392    8.00000  209  128    9.00000    8.00000  11.1%   384  528s
 11125  1469    8.00000  210  127    9.00000    8.00000  11.1%   387  536s
 11364  1456    8.00000  232  132    9.00000    8.00000  11.1%   388  548s
 11393  1464    8.00000  233  132    9.00000    8.00000  11.1%   389  557s
 11401  1546    8.00000  234  133    9.00000    8.00000  11.1%   389  568s
 11483  1739    8.00000  235  130    9.00000    8.00000  11.1%   388  577s
 12048  1983    8.00000  236  129    9.00000    8.00000  11.1%   388  584s
 13016  2055    8.00000  145  137    9.00000    8.00000  11.1%   387  591s
 13500  1893 infeasible  231         9.00000    8.00000  11.1%   388  598s
 14324  1713 infeasible   67         9.00000    8.00000  11.1%   392  608s
 14576  1603    8.00000   85  112    9.00000    8.00000  11.1%   400  616s
 15114  1455 infeasible  172         9.00000    8.00000  11.1%   404  624s
 15290  1596    8.00000  224  124    9.00000    8.00000  11.1%   410  631s
 15505  2010    8.00000  253  132    9.00000    8.00000  11.1%   407  640s
 16119  2677    8.00000  344  150    9.00000    8.00000  11.1%   401  651s
 17446  2703 infeasible  398         9.00000    8.00000  11.1%   394  656s
 17884  2684 infeasible  212         9.00000    8.00000  11.1%   396  662s
 18141  2679 infeasible  216         9.00000    8.00000  11.1%   398  668s
 18674  2479 infeasible  343         9.00000    8.00000  11.1%   397  677s
 18918  2358    8.00000  420  125    9.00000    8.00000  11.1%   402  694s
 19113  2435    8.00000  423  127    9.00000    8.00000  11.1%   404  704s
 19472  2429    8.00000  223  121    9.00000    8.00000  11.1%   405  715s
 20314  2146 infeasible  177         9.00000    8.00000  11.1%   410  730s
 20701  2310    8.00000  179  118    9.00000    8.00000  11.1%   418  740s
 21383  2342 infeasible  370         9.00000    8.00000  11.1%   415  751s
 21925  2359    8.00000  141  149    9.00000    8.00000  11.1%   418  762s
 22797  2717    8.00000  289  147    9.00000    8.00000  11.1%   421  773s
 23919  2454    8.00000  471  143    9.00000    8.00000  11.1%   421  787s
 24286  2286    8.00000  484  129    9.00000    8.00000  11.1%   428  803s
 24716  2268    8.00000  509  137    9.00000    8.00000  11.1%   430  816s
 24906  2610    8.00000  242  110    9.00000    8.00000  11.1%   433  827s
 26280  2345 infeasible  334         9.00000    8.00000  11.1%   433  838s
 26963  2494    8.00000  132  121    9.00000    8.00000  11.1%   441  851s
 27472  2329 infeasible  198         9.00000    8.00000  11.1%   441  863s
 28473  2309    8.00000  140  144    9.00000    8.00000  11.1%   448  874s
 28641  2088    8.00000  153  145    9.00000    8.00000  11.1%   450  886s
 29752  1843    8.00000  394  131    9.00000    8.00000  11.1%   460  898s
 30645  1236 infeasible  190         9.00000    8.00000  11.1%   463  911s
 31418   649 infeasible  207         9.00000    8.00000  11.1%   476  932s
 32013   397    8.00000   78  108    9.00000    8.00000  11.1%   485  950s
 32305   124    8.00000   79  111    9.00000    8.00000  11.1%   490  964s
 32612    35 infeasible  270         9.00000    8.00000  11.1%   495  975s
 32785     0 infeasible  290         9.00000    8.00000  11.1%   497  984s

Cutting planes:
  Flow cover: 15

Explored 32838 nodes (17425700 simplex iterations) in 984.82 seconds (2898.27 work units)
Thread count was 8 (of 56 available processors)

Solution count 10: 9 10 11 ... 63

Optimal solution found (tolerance 1.00e-04)
Best objective 9.000000000000e+00, best bound 9.000000000000e+00, gap 0.0000%

User-callback calls 373972, time in user-callback 0.98 sec
