
Gurobi 12.0.3 (linux64) logging started Fri Sep 18 11:27:28 2026

Set parameter LogFile to value "/home/nc437/ladder-lite/review_fresh_k15_longmip_20260917/results/c4_k15__heur/gurobi.log"
Set parameter OutputFlag to value 1
Set parameter TimeLimit to value 45000
Set parameter MIPGap to value 0.0001
Set parameter Threads to value 8
Set parameter Seed to value 0
Set parameter TimeLimit to value 43200
Gurobi Optimizer version 12.0.3 build v12.0.3rc0 (linux64 - "Ubuntu 24.04.4 LTS")

CPU model: Intel(R) Xeon(R) Gold 6348 CPU @ 2.60GHz, instruction set [SSE2|AVX|AVX2|AVX512]
Thread count: 56 physical cores, 56 logical processors, using up to 8 threads

Non-default parameters:
TimeLimit  43200
Heuristics  0.5
MIPFocus  1
NoRelHeurTime  1800
Threads  8

Optimize a model with 357 rows, 73499 columns and 2054471 nonzeros
Model fingerprint: 0x7603ff3f
Variable types: 0 continuous, 73499 integer (73499 binary)
Coefficient statistics:
  Matrix range     [1e+00, 1e+00]
  Objective range  [1e+00, 1e+00]
  Bounds range     [1e+00, 1e+00]
  RHS range        [1e+00, 1e+00]

Loaded user MIP start with objective 128

Presolve removed 0 rows and 338 columns
Presolve time: 3.61s
Presolved: 357 rows, 73161 columns, 2047640 nonzeros
Variable types: 0 continuous, 73161 integer (73161 binary)
Found heuristic solution: objective 122.0000000
Starting NoRel heuristic
Found heuristic solution: objective 38.0000000
Found heuristic solution: objective 34.0000000
Found heuristic solution: objective 33.0000000
Found heuristic solution: objective 28.0000000
Found heuristic solution: objective 24.0000000
Found heuristic solution: objective 23.0000000
Found heuristic solution: objective 22.0000000
Found heuristic solution: objective 21.0000000
Found heuristic solution: objective 20.0000000
Elapsed time for NoRel heuristic: 6s (best bound 0)
Found heuristic solution: objective 19.0000000
Elapsed time for NoRel heuristic: 12s (best bound 0)
Elapsed time for NoRel heuristic: 17s (best bound 0)
Elapsed time for NoRel heuristic: 23s (best bound 11)
Elapsed time for NoRel heuristic: 32s (best bound 11)
Elapsed time for NoRel heuristic: 39s (best bound 11)
Found heuristic solution: objective 18.0000000
Elapsed time for NoRel heuristic: 48s (best bound 11)
Found heuristic solution: objective 17.0000000
Elapsed time for NoRel heuristic: 54s (best bound 14)
Elapsed time for NoRel heuristic: 60s (best bound 14)
Elapsed time for NoRel heuristic: 76s (best bound 14)
Elapsed time for NoRel heuristic: 92s (best bound 14)
Elapsed time for NoRel heuristic: 109s (best bound 15)
Elapsed time for NoRel heuristic: 126s (best bound 15)
Elapsed time for NoRel heuristic: 143s (best bound 15)
Elapsed time for NoRel heuristic: 173s (best bound 15)
Elapsed time for NoRel heuristic: 199s (best bound 15)
Elapsed time for NoRel heuristic: 231s (best bound 15)
Elapsed time for NoRel heuristic: 268s (best bound 15)
Elapsed time for NoRel heuristic: 308s (best bound 15)
Elapsed time for NoRel heuristic: 352s (best bound 15)
Elapsed time for NoRel heuristic: 422s (best bound 15)
Elapsed time for NoRel heuristic: 504s (best bound 15)
Elapsed time for NoRel heuristic: 583s (best bound 15)
Elapsed time for NoRel heuristic: 690s (best bound 15)
Elapsed time for NoRel heuristic: 784s (best bound 15)
Elapsed time for NoRel heuristic: 825s (best bound 15)
Elapsed time for NoRel heuristic: 907s (best bound 15)
Elapsed time for NoRel heuristic: 958s (best bound 15)
Elapsed time for NoRel heuristic: 1064s (best bound 15)
Elapsed time for NoRel heuristic: 1229s (best bound 15)
Elapsed time for NoRel heuristic: 1660s (best bound 15)
Elapsed time for NoRel heuristic: 2225s (best bound 15)
NoRel heuristic complete

Root simplex log...

Iteration    Objective       Primal Inf.    Dual Inf.      Time
       0    0.0000000e+00   3.570000e+02   0.000000e+00   2229s

Starting sifting (using dual simplex for sub-problems)...

    Iter     Pivots    Primal Obj      Dual Obj        Time
       0          0     infinity      0.0000000e+00   2229s
       1        691   1.7597910e+01   4.6134418e+00   2229s
       2       3014   1.7065333e+01   9.7665516e+00   2230s
       3       4972   1.6195978e+01   1.1713632e+01   2230s
       4       7081   1.5599260e+01   1.2810505e+01   2230s
       5       9456   1.5358455e+01   1.3636461e+01   2230s
       6      12218   1.5153629e+01   1.4012121e+01   2231s
       7      13861   1.5000000e+01   1.4055254e+01   2231s
       8      15480   1.5000000e+01   1.5000000e+01   2231s

Sifting complete

   15480    1.5000000e+01   0.000000e+00   0.000000e+00   2231s

Root relaxation: objective 1.500000e+01, 15480 iterations, 1.69 seconds (3.45 work units)
Total elapsed time = 2239.37s (DegenMoves)

    Nodes    |    Current Node    |     Objective Bounds      |     Work
 Expl Unexpl |  Obj  Depth IntInf | Incumbent    BestBd   Gap | It/Node Time

     0     0   15.00000    0  169   17.00000   15.00000  11.8%     - 2242s
     0     0   15.00000    0  190   17.00000   15.00000  11.8%     - 2264s
     0     0   15.00000    0  191   17.00000   15.00000  11.8%     - 2332s
     0     0   15.00000    0  191   17.00000   15.00000  11.8%     - 2349s
     0     0   15.00000    0  191   17.00000   15.00000  11.8%     - 2387s
     0     2   15.00000    0  183   17.00000   15.00000  11.8%     - 2530s
     1     4   15.00000    1  214   17.00000   15.00000  11.8% 33041 2551s
     3     8   15.00000    2  196   17.00000   15.00000  11.8% 11719 2574s
     7    16   15.00000    3  213   17.00000   15.00000  11.8%  5640 2617s
    15    24   15.00000    4  239   17.00000   15.00000  11.8%  3351 2644s
    23    56   15.00000    5  242   17.00000   15.00000  11.8%  2561 2693s
    55   111   15.00000   10  275   17.00000   15.00000  11.8%  3341 2745s
   110   372   15.00000   11  234   17.00000   15.00000  11.8%  3339 2839s
   371  1759   15.00000   20  251   17.00000   15.00000  11.8%  2304 3007s
  1758  2829   15.00000  200  243   17.00000   15.00000  11.8%  3384 3068s
  2828  3242   15.00000  274  230   17.00000   15.00000  11.8%  2355 3105s
  3241  3959   15.00000  284  202   17.00000   15.00000  11.8%  2074 3146s
  3958  4394   15.00000  304  191   17.00000   15.00000  11.8%  1724 3198s
  4393  4898   15.00000  305  197   17.00000   15.00000  11.8%  1565 3238s
  4897  5227   15.00000  306  200   17.00000   15.00000  11.8%  1418 3281s
  5226  5805   15.00000  307  205   17.00000   15.00000  11.8%  1337 3313s
  5804  6013   15.00000  318  201   17.00000   15.00000  11.8%  1218 3351s
  6012  6416   15.00000  319  198   17.00000   15.00000  11.8%  1179 3393s
  6415  6826   15.00000  332  208   17.00000   15.00000  11.8%  1114 3430s
  6831  6953   15.00000  333  218   17.00000   15.00000  11.8%  1056 3471s
  6958  7159   15.00000  334  216   17.00000   15.00000  11.8%  1041 3531s
  7164  7285   15.00000  348  195   17.00000   15.00000  11.8%  1020 3567s
  7291  7286   15.00000  204  191   17.00000   15.00000  11.8%  1008 3579s
  7293  7287   15.09757   85  169   17.00000   15.00000  11.8%  1008 3626s
  7294  7288   15.21074  843  179   17.00000   15.00000  11.8%  1008 3680s
  7295  7289   15.40785 1125  192   17.00000   15.00000  11.8%  1008 3704s
  7296  7289   15.25427  780  178   17.00000   15.00000  11.8%  1007 3730s
  7297  7290   15.24772  644  191   17.00000   15.00000  11.8%  1007 3738s
  7298  7291   15.55695 1062  200   17.00000   15.00000  11.8%  1007 3834s
  7299  7291   15.00000   44  198   17.00000   15.00000  11.8%  1007 3879s
  7300  7292   15.09335  420  201   17.00000   15.00000  11.8%  1007 3926s
  7301  7293   15.30355  848  193   17.00000   15.00000  11.8%  1007 3954s
  7302  7293   15.81533 1698  193   17.00000   15.00000  11.8%  1007 3967s
  7303  7294   15.25420  779  193   17.00000   15.00000  11.8%  1006 4107s
  7304  7298   15.00000   16  209   17.00000   15.00000  11.8%  1029 4157s
  7306  7301   15.00000   17  197   17.00000   15.00000  11.8%  1028 4176s
  7310  7308   15.00000   18  206   17.00000   15.00000  11.8%  1028 4196s
  7318  7313   15.00000   19  212   17.00000   15.00000  11.8%  1028 4206s
  7326  7355   15.00000   20  246   17.00000   15.00000  11.8%  1029 4239s
  7371  7348   15.00000   21  223   17.00000   15.00000  11.8%  1054 4269s
  7379  7366   15.00000   21  227   17.00000   15.00000  11.8%  1055 4325s
  7457  7366   15.00000   22  201   17.00000   15.00000  11.8%  1047 4371s
  7519  7405   15.00000   22  224   17.00000   15.00000  11.8%  1043 4399s
  7709  7399   15.00031   26  197   17.00000   15.00000  11.8%  1028 4419s
  7966  7335   15.42217   30  172   17.00000   15.00000  11.8%  1002 4431s
  8286  7239   15.86448   55  150   17.00000   15.00000  11.8%   969 4438s
  8621  7130     cutoff   82        17.00000   15.00000  11.8%   935 4448s
  8653  7120     cutoff   83        17.00000   15.00000  11.8%   932 4456s
  8748  7109     cutoff  107        17.00000   15.00000  11.8%   924 4463s
  8829  7096   15.98438  135  148   17.00000   15.00000  11.8%   917 4469s
  8849  7097     cutoff  136        17.00000   15.00000  11.8%   915 4476s
  8868  7119     cutoff  140        17.00000   15.00000  11.8%   914 4496s
  8907  7176   15.04815   24  219   17.00000   15.00000  11.8%   911 4504s
  9001  7167   15.06990   25  226   17.00000   15.00000  11.8%   903 4527s
  9053  7182   15.08486   26  225   17.00000   15.00000  11.8%   898 4542s
  9091  7191   15.08910   27  219   17.00000   15.00000  11.8%   895 4579s
  9141  7226   15.08955   28  220   17.00000   15.00000  11.8%   891 4591s
  9197  7258   15.08955   29  220   17.00000   15.00000  11.8%   887 4608s
  9296  7257   15.09235   30  225   17.00000   15.00000  11.8%   879 4619s
  9404  7252   15.09541   31  229   17.00000   15.00000  11.8%   870 4632s
  9515  7316   15.09555   32  228   17.00000   15.00000  11.8%   861 4646s
  9642  7479   15.09589   33  234   17.00000   15.00000  11.8%   852 4662s
  9848  7654   15.11355   51  231   17.00000   15.00000  11.8%   837 4680s
 10091  7587   15.17977   89  232   17.00000   15.00000  11.8%   820 4693s
 10105  7714   15.18143   91  232   17.00000   15.00000  11.8%   819 4708s
 10237  7908   15.20591  115  232   17.00000   15.00000  11.8%   810 4723s
 10475  7847   15.25577  150  228   17.00000   15.00000  11.8%   795 4736s
 10493  8029   15.25824  156  230   17.00000   15.00000  11.8%   794 4752s
 10681  8281   15.33333  160  211   17.00000   15.00000  11.8%   782 4767s
 10996  8237   15.40000  170  207   17.00000   15.00000  11.8%   763 4784s
 11057  8261   15.50000  180  213   17.00000   15.00000  11.8%   760 4799s
 11101  8533   15.50000  186  193   17.00000   15.00000  11.8%   757 4815s
 11388  8797   15.50000  201  199   17.00000   15.00000  11.8%   741 4832s
 11748  8944   15.50000  216  195   17.00000   15.00000  11.8%   722 4856s
 12015  8968   15.50000  233  202   17.00000   15.00000  11.8%   708 4874s
 12128  8969   15.50000  247  199   17.00000   15.00000  11.8%   704 4905s
 12166  9080   15.50000  255  207   17.00000   15.00000  11.8%   702 4923s
 12290  9268   15.50000  264  195   17.00000   15.00000  11.8%   696 4943s
 12519  9677   15.50000  280  203   17.00000   15.00000  11.8%   686 4964s
 13005 10089   15.50000  298  207   17.00000   15.00000  11.8%   663 4985s
 13579 10077   15.50000  315  210   17.00000   15.00000  11.8%   639 5005s
 13758 10591   15.50000  323  194   17.00000   15.00000  11.8%   632 5028s
 14350 10804   15.50000  337  203   17.00000   15.00000  11.8%   609 5051s
 14778 11081   15.50000  348  211   17.00000   15.00000  11.8%   596 5094s
 15208 11004   15.50000  367  210   17.00000   15.00000  11.8%   584 5119s
 15284 11264   15.50000  372  223   17.00000   15.00000  11.8%   583 5148s
 15767 11233   15.50000  389  216   17.00000   15.00000  11.8%   568 5170s
 15907 11443   15.50000  397  215   17.00000   15.00000  11.8%   565 5197s
 16164 12010   15.50000  410  218   17.00000   15.00000  11.8%   558 5227s
 16817 12372   15.50000  425  217   17.00000   15.00000  11.8%   539 5262s
 17396 12475   15.50000  439  214   17.00000   15.00000  11.8%   524 5291s
 17692 12457   15.50000  446  230   17.00000   15.00000  11.8%   517 5321s
 17773 12507   15.50000  454  229   17.00000   15.00000  11.8%   515 5353s
 17850 12517   16.00000  518  187   17.00000   15.00000  11.8%   514 5402s
 17886 12733   16.00000  547  191   17.00000   15.00000  11.8%   514 5434s
 18114 13414   16.00000  575  192   17.00000   15.00000  11.8%   509 5468s
 18871 13990   16.00000  604  195   17.00000   15.00000  11.8%   492 5502s
 19699 14873   16.00000  629  188   17.00000   15.00000  11.8%   474 5533s
 20876 15143   16.00000  655  205   17.00000   15.00000  11.8%   452 5562s
 21554 15833   16.00000  678  193   17.00000   15.00000  11.8%   440 5593s
 22470 16594   16.00000  703  205   17.00000   15.00000  11.8%   426 5626s
 23537 16644   16.00000  726  196   17.00000   15.00000  11.8%   410 5664s
 23942 16743   16.00000  727  204   17.00000   15.00000  11.8%   404 5713s
 24176 16673   16.00000  745  192   17.00000   15.00000  11.8%   401 5752s
 24184 16839   16.00000  746  195   17.00000   15.00000  11.8%   401 5790s
 24353 16997   16.00000  747  205   17.00000   15.00000  11.8%   399 5843s
 24567 16992   16.00000  748  204   17.00000   15.00000  11.8%   396 5894s
 24634 17047   16.00000  749  193   17.00000   15.00000  11.8%   395 5944s
 24711 17168   16.00000  750  192   17.00000   15.00000  11.8%   394 5990s
 24858 17194   16.00000  751  202   17.00000   15.00000  11.8%   392 6041s
 24933 17509   16.00000  752  201   17.00000   15.00000  11.8%   391 6080s
 25273 17747   16.00000  775  202   17.00000   15.00000  11.8%   388 6120s
 25624 18210   16.00000  801  205   17.00000   15.00000  11.8%   384 6162s
 26204 18803   16.00000  824  220   17.00000   15.00000  11.8%   378 6210s
 26990 19091   16.00000  845  222   17.00000   15.00000  11.8%   370 6259s
 27548 19166     cutoff  851        17.00000   15.00000  11.8%   366 6305s
 27819 19723   15.02531   49  202   17.00000   15.00000  11.8%   364 6353s
 28481 21150   15.14687   87  214   17.00000   15.00000  11.8%   358 6403s
 30148 21930   15.21976  216  213   17.00000   15.00000  11.8%   343 6478s
 31289 22848   15.30252  356  219   17.00000   15.00000  11.8%   335 6526s
 32336 23348   15.36198  502  219   17.00000   15.00000  11.8%   328 6566s
 32844 23903   15.38753  565  223   17.00000   15.00000  11.8%   325 6612s
 33421 25693   15.40642  629  218   17.00000   15.00000  11.8%   320 6662s
 35211 26764   15.47295  796  219   17.00000   15.00000  11.8%   307 6702s
 36310 27261   15.50609  900  221   17.00000   15.00000  11.8%   301 6745s
 36875 27293   15.53149  971  218   17.00000   15.00000  11.8%   297 6783s
 36909 27933   15.53199  972  218   17.00000   15.00000  11.8%   297 6822s
 37735 28995   15.53199  973  217   17.00000   15.00000  11.8%   292 6857s
 38839 29641   15.57917 1107  220   17.00000   15.00000  11.8%   286 6890s
 39517 30829   15.61633 1212  220   17.00000   15.00000  11.8%   283 6923s
 40747 32060   15.68144 1391  221   17.00000   15.00000  11.8%   277 6959s
 42014 32609   15.74724 1597  226   17.00000   15.00000  11.8%   272 6991s
 42597 33133   15.76756 1686  228   17.00000   15.00000  11.8%   269 7022s
 43157 33601   15.78586 1771  228   17.00000   15.00000  11.8%   267 7064s
 43655 34196   15.80675 1876  224   17.00000   15.00000  11.8%   266 7103s
 44286 35337   15.80675 1877  224   17.00000   15.00000  11.8%   264 7140s
 45456 36965   15.80685 1878  225   17.00000   15.00000  11.8%   259 7200s
 47084 37475   15.80856 1885  223   17.00000   15.00000  11.8%   252 7230s
 47594 38006   15.82492 1948  222   17.00000   15.00000  11.8%   250 7263s
 48139 39734   15.83664 2000  226   17.00000   15.00000  11.8%   248 7301s
 49891 41093   15.91577 2362  216   17.00000   15.00000  11.8%   242 7329s
 51327 41678   15.13810   90  196   17.00000   15.00000  11.8%   237 7352s
 51912 41932   15.24067  164  207   17.00000   15.00000  11.8%   235 7374s
 52166 42211   15.27777  210  209   17.00000   15.00000  11.8%   235 7397s
 52453 43016   15.30150  259  206   17.00000   15.00000  11.8%   234 7424s
 53264 43809   15.36203  351  213   17.00000   15.00000  11.8%   232 7449s
 54079 43929   15.39987  442  219   17.00000   15.00000  11.8%   229 7473s
 54207 44717   15.40374  461  220   17.00000   15.00000  11.8%   229 7498s
 55046 45274   15.44315  577  218   17.00000   15.00000  11.8%   226 7525s
 55603 45756   15.44739  589  217   17.00000   15.00000  11.8%   225 7551s
 56085 46715   15.44778  590  213   17.00000   15.00000  11.8%   223 7584s
 57064 47746   15.44784  591  212   17.00000   15.00000  11.8%   221 7610s
 58095 48018   15.47859  685  213   17.00000   15.00000  11.8%   218 7635s
 58367 49110   15.49933  722  215   17.00000   15.00000  11.8%   217 7661s
 59459 49472   15.55005  851  218   17.00000   15.00000  11.8%   214 7684s
 59821 49545   15.56078  884  217   17.00000   15.00000  11.8%   213 7710s
 59894 51508   15.56235  890  217   17.00000   15.00000  11.8%   213 7766s
 61857 52519   15.67270 1140  212   17.00000   15.00000  11.8%   208 7789s
 62868 52644   15.71451 1271  214   17.00000   15.00000  11.8%   206 7807s
 62993 53080   15.71504 1272  213   17.00000   15.00000  11.8%   205 7827s
 63429 53321   15.73448 1334  213   17.00000   15.00000  11.8%   204 7849s
 63670 54690   15.73812 1348  213   17.00000   15.00000  11.8%   204 7875s
 65039 55115   15.78776 1516  212   17.00000   15.00000  11.8%   201 7895s
 65478 55994   15.81429 1618  216   17.00000   15.00000  11.8%   200 7918s
 66383 56166   15.83762 1717  211   17.00000   15.00000  11.8%   198 7946s
 66581 56716   15.85894 1784  213   17.00000   15.00000  11.8%   198 7969s
 67155 57886   15.89453 1930  212   17.00000   15.00000  11.8%   197 7996s
 68353 58946   15.97200 2305  211   17.00000   15.00000  11.8%   195 8022s
 69453 59036   15.47204   90  168   17.00000   15.00000  11.8%   193 8046s
 69579 59686   15.03677   54  200   17.00000   15.00000  11.8%   193 8069s
 70251 60708   15.09370  126  199   17.00000   15.00000  11.8%   192 8094s
 71317 61248   15.11653  152  210   17.00000   15.00000  11.8%   190 8115s
 71879 62381   15.16531  232  210   17.00000   15.00000  11.8%   190 8142s
 73032 63328   15.19278  258  207   17.00000   15.00000  11.8%   187 8166s
 74113 63745   15.23252  331  211   17.00000   15.00000  11.8%   186 8185s
 74658 64190   15.24254  342  209   17.00000   15.00000  11.8%   185 8235s
 75117 64794   15.26229  402  211   17.00000   15.00000  11.8%   185 8306s
 75739 66592   15.26236  403  211   17.00000   15.00000  11.8%   184 8405s
 77570 67644   15.36575  781  214   17.00000   15.00000  11.8%   182 8455s
 78648 68546   15.45730 1011  210   17.00000   15.00000  11.8%   181 8503s
 79576 68885   15.51842 1183  212   17.00000   15.00000  11.8%   180 8547s
 79965 68922   15.53583 1240  214   17.00000   15.00000  11.8%   180 8595s
 80002 69630   15.53598 1241  215   17.00000   15.00000  11.8%   180 8643s
 80710 71865   15.54398 1273  213   17.00000   15.00000  11.8%   180 8697s
 82945 72684   15.62877 1564  211   17.00000   15.00000  11.8%   177 8736s
 83772 73417   15.65497 1656  207   17.00000   15.00000  11.8%   176 8776s
 84515 74978   15.67869 1764  214   17.00000   15.00000  11.8%   175 8815s
 86156 75846   15.75374 2050  212   17.00000   15.00000  11.8%   173 8852s
 87024 76750   15.79974 2206  215   17.00000   15.00000  11.8%   172 8888s
 87928 77284   15.85284 2374  212   17.00000   15.00000  11.8%   171 8924s
 88462 79076   15.88123 2486  217   17.00000   15.00000  11.8%   170 8968s
 90254 79352   15.98086 2912  206   17.00000   15.00000  11.8%   168 9037s
 90530 80739   15.99040 2970  210   17.00000   15.00000  11.8%   168 9181s
 91973 81807   15.17879  193  214   17.00000   15.00000  11.8%   166 9259s
 93041 82962   15.24606  321  216   17.00000   15.00000  11.8%   165 9327s
 94196 84392   15.27305  405  209   17.00000   15.00000  11.8%   163 9391s
 95626 84630   15.33128  587  217   17.00000   15.00000  11.8%   162 9440s
 95864 86484   15.33150  588  217   17.00000   15.00000  11.8%   162 9497s
 97833 87967   15.33999  616  216   17.00000   15.00000  11.8%   160 9542s
 99336 89033   15.37672  774  211   17.00000   15.00000  11.8%   158 9582s
 100402 91153   15.40438  889  209   17.00000   15.00000  11.8%   157 9624s
 102522 92545   15.44671 1088  209   17.00000   15.00000  11.8%   155 9660s
 103954 93545   15.45944 1171  215   17.00000   15.00000  11.8%   154 9693s
 105220 94319   15.49231 1329  212   17.00000   15.00000  11.8%   153 9742s
 105994 95737   15.51155 1456  214   17.00000   15.00000  11.8%   153 9787s
 107412 96374   15.53757 1592  219   17.00000   15.00000  11.8%   152 9818s
 108049 97617   15.55023 1661  226   17.00000   15.00000  11.8%   151 9851s
 109292 98743   15.57824 1797  218   17.00000   15.00000  11.8%   150 9878s
 110450 99060   15.60244 1945  226   17.00000   15.00000  11.8%   149 9903s
 110785 99157   15.60791 1983  223   17.00000   15.00000  11.8%   149 9929s
 110898 99757   15.60808 1984  222   17.00000   15.00000  11.8%   149 9957s
 111498 100354   15.62065 2059  223   17.00000   15.00000  11.8%   148 9988s
 112095 101599   15.63115 2116  227   17.00000   15.00000  11.8%   148 10019s
 113340 102904   15.65463 2239  222   17.00000   15.00000  11.8%   147 10048s
 114645 103016   15.67825 2413  221   17.00000   15.00000  11.8%   146 10072s
 114757 103766   15.68071 2427  218   17.00000   15.00000  11.8%   146 10100s
 115507 105018   15.69381 2523  217   17.00000   15.00000  11.8%   145 10130s
 116759 106398   15.71219 2667  214   17.00000   15.00000  11.8%   144 10160s
 118157 107049   15.73971 2836  210   17.00000   15.00000  11.8%   144 10185s
 118838 107626   15.74853 2927  206   17.00000   15.00000  11.8%   143 10211s
 119435 107633   15.75849 3016  207   17.00000   15.00000  11.8%   143 10244s
 119444 107832   15.75855 3017  203   17.00000   15.00000  11.8%   143 10300s
 119643 107843   15.76442 3082  208   17.00000   15.00000  11.8%   143 10330s
 119654 108100   15.76453 3083  210   17.00000   15.00000  11.8%   143 10385s
 119911 108737   15.77146 3132  204   17.00000   15.00000  11.8%   143 10536s
 120548 110719   15.78548 3254  203   17.00000   15.00000  11.8%   142 10684s
 122584 111299   15.83889 3680  205   17.00000   15.00000  11.8%   141 10750s
 123164 112003   15.86193 3806  202   17.00000   15.00000  11.8%   141 10819s
 123868 113079   15.88033 3934  208   17.00000   15.00000  11.8%   141 10895s
 124983 114470   15.92815 4231  208   17.00000   15.00000  11.8%   140 10956s
 126390 115358   15.97926 4657  208   17.00000   15.00000  11.8%   140 11013s
 127298 116822   15.04257   68  197   17.00000   15.00000  11.8%   139 11063s
 128806 118267   15.18129  116  229   17.00000   15.00000  11.8%   138 11110s
 130251 118513   15.30619  259  236   17.00000   15.00000  11.8%   137 11154s
 130497 119148   15.32096  284  229   17.00000   15.00000  11.8%   137 11199s
 131132 119986   15.34434  354  233   17.00000   15.00000  11.8%   137 11247s
 131970 121543   15.39202  451  230   17.00000   15.00000  11.8%   136 11300s
 133527 122783   15.44596  582  225   17.00000   15.00000  11.8%   136 11351s
 134767 123838   15.49135  687  227   17.00000   15.00000  11.8%   135 11400s
 135822 125672   15.55310  821  225   17.00000   15.00000  11.8%   134 11437s
 137674 125898   15.64785  959  231   17.00000   15.00000  11.8%   133 11455s
 137900 126210   15.66297  990  232   17.00000   15.00000  11.8%   133 11476s
 138212 126520   15.68205 1029  224   17.00000   15.00000  11.8%   133 11500s
 138522 127573   15.69200 1061  221   17.00000   15.00000  11.8%   133 11527s
 139595 128854   15.73075 1194  226   17.00000   15.00000  11.8%   132 11552s
 140878 129964   15.77854 1327  231   17.00000   15.00000  11.8%   132 11576s
 142015 130644   15.81408 1460  231   17.00000   15.00000  11.8%   131 11595s
 142697 130735   15.83546 1555  228   17.00000   15.00000  11.8%   131 11616s
 142790 131166   15.83552 1556  229   17.00000   15.00000  11.8%   131 11639s
 143223 131538   15.86390 1652  231   17.00000   15.00000  11.8%   131 11664s
 143599 132136   15.88318 1703  226   17.00000   15.00000  11.8%   131 11691s
 144243 133129   15.90224 1767  228   17.00000   15.00000  11.8%   131 11720s
 145280 133353   15.07760   92  192   17.00000   15.00000  11.8%   131 11741s
 145516 133752     cutoff  111        17.00000   15.00000  11.8%   131 11768s
 145979 134079   15.88231  188  162   17.00000   15.00000  11.8%   131 11794s
 146658 134817   15.17108  104  198   17.00000   15.00000  11.8%   131 11819s
 147502 135092   15.27595  169  206   17.00000   15.00000  11.8%   131 11842s
 147809 135356   15.31148  209  212   17.00000   15.00000  11.8%   131 11868s
 148105 136194   15.32908  233  209   17.00000   15.00000  11.8%   131 11895s
 148977 136269   15.36208  281  216   17.00000   15.00000  11.8%   131 11918s
 149080 136404   15.36277  282  215   17.00000   15.00000  11.8%   131 11942s
 149245 137049   15.36957  296  218   17.00000   15.00000  11.8%   131 11990s
 149934 138333   15.40124  339  216   17.00000   15.00000  11.8%   132 12043s
 151306 138738   15.47048  494  209   17.00000   15.00000  11.8%   132 12081s
 151769 139324   15.51128  575  214   17.00000   15.00000  11.8%   132 12117s
 152445 140585   15.54866  706  211   17.00000   15.00000  11.8%   132 12163s
 153792 141018   15.61628  936  216   17.00000   15.00000  11.8%   132 12196s
 154225 141089   15.64099  991  208   17.00000   15.00000  11.8%   132 12229s
 154296 141405   15.64611 1001  214   17.00000   15.00000  11.8%   131 12268s
 154612 142145   15.66051 1046  207   17.00000   15.00000  11.8%   131 12304s
 155352 143225   15.66081 1047  208   17.00000   15.00000  11.8%   131 12343s
 156482 144435   15.69912 1166  212   17.00000   15.00000  11.8%   131 12384s
 158118 145448   15.78072 1482  210   17.00000   15.00000  11.8%   130 12420s
 159131 145923   15.84796 1774  212   17.00000   15.00000  11.8%   130 12451s
 159608 146475   15.88080 1899  215   17.00000   15.00000  11.8%   130 12485s
 160164 147032   15.91756 2055  214   17.00000   15.00000  11.8%   130 12518s
 160721 147471   15.94724 2192  209   17.00000   15.00000  11.8%   130 12551s
 161160 148097   15.97745 2302  213   17.00000   15.00000  11.8%   130 12586s
 161810 148571   15.00000   38  141   17.00000   15.00000  11.8%   130 12622s
 162296 149015   15.00000   48  196   17.00000   15.00000  11.8%   131 12661s
 162776 149891   15.00000   53  191   17.00000   15.00000  11.8%   131 12702s
 163652 150316   15.11291  123  222   17.00000   15.00000  11.8%   131 12740s
 164101 150751   15.21927  178  223   17.00000   15.00000  11.8%   131 12792s
 164566 151165   15.25257  248  242   17.00000   15.00000  11.8%   131 12863s
 164980 153640   15.25260  249  242   17.00000   15.00000  11.8%   131 12966s
 167455 153897   15.37960  475  236   17.00000   15.00000  11.8%   130 13026s
 167712 154033   15.37993  476  237   17.00000   15.00000  11.8%   130 13086s
 167848 154256   15.38322  477  237   17.00000   15.00000  11.8%   130 13144s
 168071 154296   15.38363  478  234   17.00000   15.00000  11.8%   130 13204s
 168111 154493   15.38363  479  234   17.00000   15.00000  11.8%   130 13269s
 168308 154773   15.45504  571  244   17.00000   15.00000  11.8%   130 13353s
 168588 155242   15.48969  642  238   17.00000   15.00000  11.8%   130 13435s
 169057 155408   15.59891  742  234   17.00000   15.00000  11.8%   130 13505s
 169223 155431   15.60578  771  234   17.00000   15.00000  11.8%   130 13571s
 169246 156311   15.60596  772  227   17.00000   15.00000  11.8%   130 13645s
 170126 157170   15.65039  918  236   17.00000   15.00000  11.8%   130 13727s
 170985 158153   16.00000 1052  196   17.00000   15.00000  11.8%   129 13806s
 171982 158491     cutoff 1059        17.00000   15.00000  11.8%   129 13875s
 172322 158699   15.09627   93  197   17.00000   15.00000  11.8%   129 13940s
 172530 160781   15.09667   94  196   17.00000   15.00000  11.8%   129 14011s
 174612 162366   15.26128  369  202   17.00000   15.00000  11.8%   128 14074s
 176255 162795   16.00000  507  147   17.00000   15.00000  11.8%   128 14131s
 176752 164087   16.00000  551  157   17.00000   15.00000  11.8%   128 14189s
 178105 165355   16.00000  631  157   17.00000   15.00000  11.8%   128 14239s
 179373 165939   16.00000  689  168   17.00000   15.00000  11.8%   128 14287s
 179973 166949   15.00564   50  186   17.00000   15.00000  11.8%   128 14346s
 180983 168525   15.12810  146  209   17.00000   15.00000  11.8%   128 14399s
 182559 169186   15.19458  303  209   17.00000   15.00000  11.8%   127 14444s
 183238 170070   15.22282  372  210   17.00000   15.00000  11.8%   127 14492s
 184122 170845   15.25919  469  214   17.00000   15.00000  11.8%   127 14533s
 184897 171647   15.28611  539  222   17.00000   15.00000  11.8%   127 14571s
 185719 172842   15.30867  626  212   17.00000   15.00000  11.8%   126 14610s
 186953 173294   15.34199  724  218   17.00000   15.00000  11.8%   126 14645s
 187405 173502   15.36279  792  220   17.00000   15.00000  11.8%   126 14682s
 187613 173953   15.36352  796  220   17.00000   15.00000  11.8%   126 14717s
 188064 174863   15.36918  824  218   17.00000   15.00000  11.8%   126 14759s
 188974 175709   16.00000  907  140   17.00000   15.00000  11.8%   126 14805s
 189820 175955   16.00000  978  157   17.00000   15.00000  11.8%   126 14850s
 190066 177359   16.00000 1025  146   17.00000   15.00000  11.8%   126 14898s
 191470 177716   16.00000 1088  156   17.00000   15.00000  11.8%   126 14935s
 191827 178720   16.00000 1125  155   17.00000   15.00000  11.8%   126 14974s
 192993 179082   16.00000 1173  157   17.00000   15.00000  11.8%   126 15010s
 193355 179298   16.00000 1209  180   17.00000   15.00000  11.8%   126 15045s
 193587 179624   15.18426  190  217   17.00000   15.00000  11.8%   126 15086s
 193913 180152   15.22373  220  213   17.00000   15.00000  11.8%   126 15138s
 194476 181474   16.00000  312  149   17.00000   15.00000  11.8%   126 15205s
 195818 182046   16.00000  406  148   17.00000   15.00000  11.8%   126 15249s
 196392 182525   16.00000  468  163   17.00000   15.00000  11.8%   126 15307s
 196871 183054   16.00000  506  167   17.00000   15.00000  11.8%   126 15374s
 197402 183310   16.00000  551  178   17.00000   15.00000  11.8%   126 15431s
 197672 184815   15.05643   39  190   17.00000   15.00000  11.8%   127 15493s
 199177 185947   15.17832  188  218   17.00000   15.00000  11.8%   126 15546s
 200375 187061   15.23334  314  213   17.00000   15.00000  11.8%   126 15595s
 201489 187325   15.30244  468  209   17.00000   15.00000  11.8%   126 15641s
 201753 187707   15.31750  504  206   17.00000   15.00000  11.8%   126 15689s
 202135 188797   15.33836  558  207   17.00000   15.00000  11.8%   126 15749s
 203245 189853   15.41797  824  214   17.00000   15.00000  11.8%   126 15800s
 204301 190434   15.50103 1039  214   17.00000   15.00000  11.8%   126 15846s
 204882 191146   15.52430 1124  220   17.00000   15.00000  11.8%   126 15891s
 205594 191425   15.56861 1274  216   17.00000   15.00000  11.8%   126 15934s
 205873 192239   15.61447 1373  215   17.00000   15.00000  11.8%   126 15983s
 206687 192534   15.66320 1533  210   17.00000   15.00000  11.8%   126 16029s
 206982 193372   15.67421 1558  213   17.00000   15.00000  11.8%   126 16085s
 207820 195110   15.72778 1772  215   17.00000   15.00000  11.8%   126 16153s
 209558 195732   15.83829 2176  210   17.00000   15.00000  11.8%   125 16205s
 210180 196555   15.88395 2337  206   17.00000   15.00000  11.8%   125 16266s
 211003 197529   15.91814 2458  209   17.00000   15.00000  11.8%   125 16322s
 211997 199313   15.07977   78  208   17.00000   15.00000  11.8%   125 16378s
 213805 199924   15.20845  247  217   17.00000   15.00000  11.8%   125 16417s
 214440 200310   15.24552  304  220   17.00000   15.00000  11.8%   125 16459s
 214848 200730   15.26615  336  220   17.00000   15.00000  11.8%   125 16505s
 215268 202002   15.28783  413  217   17.00000   15.00000  11.8%   125 16557s
 216560 202396   15.34649  627  211   17.00000   15.00000  11.8%   125 16598s
 216986 202798   15.35884  673  216   17.00000   15.00000  11.8%   125 16637s
 217473 203362   15.37080  720  217   17.00000   15.00000  11.8%   125 16677s
 218087 203370   15.39196  793  223   17.00000   15.00000  11.8%   125 16740s
 218095 203378   15.39197  794  220   17.00000   15.00000  11.8%   125 16804s
 218103 203386   15.39236  795  220   17.00000   15.00000  11.8%   125 16859s
 218111 203394   15.39250  796  215   17.00000   15.00000  11.8%   125 16977s
 218119 203483   15.39250  797  215   17.00000   15.00000  11.8%   125 17049s
 218208 203518   15.39250  798  215   17.00000   15.00000  11.8%   125 17103s
 218243 203537   15.39306  799  218   17.00000   15.00000  11.8%   125 17163s
 218262 203684   15.39339  800  217   17.00000   15.00000  11.8%   125 17214s
 218421 204024   15.39407  801  221   17.00000   15.00000  11.8%   125 17277s
 218829 204486   15.39428  802  219   17.00000   15.00000  11.8%   125 17390s
 219439 204894   15.39448  803  220   17.00000   15.00000  11.8%   124 17512s
 219935 205340   15.39489  804  221   17.00000   15.00000  11.8%   125 17564s
 220381 205663   15.41743  870  215   17.00000   15.00000  11.8%   125 17617s
 220706 206271   15.43274  922  219   17.00000   15.00000  11.8%   125 17670s
 221322 206467   15.46371 1017  215   17.00000   15.00000  11.8%   125 17722s
 221532 207037   15.47153 1036  217   17.00000   15.00000  11.8%   125 17778s
 222106 207371   15.51128 1138  221   17.00000   15.00000  11.8%   125 17833s
 222444 208018   15.51983 1167  226   17.00000   15.00000  11.8%   125 17891s
 223091 208474   15.55128 1249  216   17.00000   15.00000  11.8%   125 17953s
 223547 208584   15.57305 1309  218   17.00000   15.00000  11.8%   125 18012s
 223657 208930   15.57323 1310  220   17.00000   15.00000  11.8%   125 18072s
 224003 209509   15.58144 1340  217   17.00000   15.00000  11.8%   125 18124s
 224598 210390   15.60525 1421  222   17.00000   15.00000  11.8%   126 18188s
 225479 211299   15.64806 1570  211   17.00000   15.00000  11.8%   125 18250s
 226388 211957   15.68662 1718  213   17.00000   15.00000  11.8%   125 18309s
 227046 212134   15.71235 1821  216   17.00000   15.00000  11.8%   125 18371s
 227223 212780   15.72254 1857  216   17.00000   15.00000  11.8%   125 18436s
 227869 213804   15.75111 1954  216   17.00000   15.00000  11.8%   125 18506s
 228909 214700   15.79319 2137  215   17.00000   15.00000  11.8%   125 18577s
 229809 216543   15.83455 2277  218   17.00000   15.00000  11.8%   125 18642s
 231654 219152   15.85117 2333  220   17.00000   15.00000  11.8%   124 18695s
 234263 220435   15.94729 2759  215   17.00000   15.00000  11.8%   124 18738s
 235548 221737   15.99687 2990  209   17.00000   15.00000  11.8%   123 18778s
 236949 222249   15.94603  200  173   17.00000   15.00000  11.8%   123 18814s
 237485 223140   15.21955   64  196   17.00000   15.00000  11.8%   123 18848s
 238376 223580   15.28997  152  211   17.00000   15.00000  11.8%   123 18881s
 238816 224979   15.31672  207  201   17.00000   15.00000  11.8%   122 18938s
 240215 226159   15.37313  344  215   17.00000   15.00000  11.8%   122 18968s
 241395 226474   15.41283  485  208   17.00000   15.00000  11.8%   122 18992s
 241710 226720   15.42645  528  206   17.00000   15.00000  11.8%   122 19019s
 241956 227813   15.42980  547  206   17.00000   15.00000  11.8%   122 19051s
 243049 228997   15.45552  657  212   17.00000   15.00000  11.8%   121 19081s
 244233 230350   15.48510  785  209   17.00000   15.00000  11.8%   121 19112s
 245603 230428   15.51411  914  211   17.00000   15.00000  11.8%   121 19133s
 245683 230535   15.51473  920  210   17.00000   15.00000  11.8%   121 19154s
 245790 231166   15.51904  938  213   17.00000   15.00000  11.8%   121 19178s
 246459 231295   15.55000 1048  209   17.00000   15.00000  11.8%   121 19200s
 246590 231753   15.55006 1049  210   17.00000   15.00000  11.8%   121 19224s
 247062 232325   15.56581 1135  208   17.00000   15.00000  11.8%   121 19250s
 247634 232823   15.57706 1234  210   17.00000   15.00000  11.8%   121 19275s
 248154 233432   15.59610 1313  210   17.00000   15.00000  11.8%   121 19302s
 248807 233536   15.61124 1387  210   17.00000   15.00000  11.8%   121 19329s
 248931 234282   15.61147 1390  212   17.00000   15.00000  11.8%   121 19357s
 249677 235342   15.63211 1479  217   17.00000   15.00000  11.8%   121 19388s
 250737 235953   15.66440 1633  209   17.00000   15.00000  11.8%   121 19415s
 251348 236383   15.67785 1715  208   17.00000   15.00000  11.8%   121 19440s
 251778 236688   15.68882 1768  208   17.00000   15.00000  11.8%   121 19466s
 252083 237017   15.69290 1807  212   17.00000   15.00000  11.8%   121 19493s
 252412 238021   15.70507 1870  210   17.00000   15.00000  11.8%   121 19526s
 253416 239112   15.72853 2051  212   17.00000   15.00000  11.8%   121 19582s
 254507 240663   15.76257 2259  216   17.00000   15.00000  11.8%   120 19627s
 256066 241320   15.76265 2260  216   17.00000   15.00000  11.8%   120 19652s
 256759 242525   15.77498 2333  216   17.00000   15.00000  11.8%   120 19681s
 258102 242800   15.80557 2532  213   17.00000   15.00000  11.8%   120 19707s
 258746 243055   15.81350 2563  216   17.00000   15.00000  11.8%   120 19731s
 259107 243353   15.82068 2609  215   17.00000   15.00000  11.8%   120 19757s
 259583 243550   15.83572 2691  221   17.00000   15.00000  11.8%   120 19784s
 259940 243964   15.83960 2709  215   17.00000   15.00000  11.8%   120 19816s
 260658 245161   15.85045 2795  219   17.00000   15.00000  11.8%   120 19845s
 261855 245684   15.88566 3042  216   17.00000   15.00000  11.8%   119 19871s
 262378 246468   15.89861 3136  216   17.00000   15.00000  11.8%   119 19895s
 263162 248123   15.92365 3351  214   17.00000   15.00000  11.8%   119 19926s
 264817 248851   15.97110 3689  216   17.00000   15.00000  11.8%   119 19951s
 265545 249311   15.98287 3784  213   17.00000   15.00000  11.8%   119 19975s
 266022 250115   15.99475 3884  210   17.00000   15.00000  11.8%   118 20001s
 266956 250499   15.14600   59  205   17.00000   15.00000  11.8%   118 20025s
 267342 250893   15.61044  103  179   17.00000   15.00000  11.8%   118 20053s
 267804 251037   15.70267  222  185   17.00000   15.00000  11.8%   118 20077s
 267968 251994   15.76525  309  185   17.00000   15.00000  11.8%   118 20127s
 269005 252857   15.95024  695  187   17.00000   15.00000  11.8%   118 20164s
 269902 254318   15.59159   95  170   17.00000   15.00000  11.8%   118 20202s
 271363 255555   15.84219  421  186   17.00000   15.00000  11.8%   118 20233s
 272618 256003   15.40453   79  171   17.00000   15.00000  11.8%   117 20256s
 273086 256329   15.13059  101  208   17.00000   15.00000  11.8%   117 20279s
 273412 256772   15.15312  126  210   17.00000   15.00000  11.8%   117 20305s
 273855 257227   15.18004  162  211   17.00000   15.00000  11.8%   117 20330s
 274310 258410   15.19768  187  214   17.00000   15.00000  11.8%   117 20360s
 275511 258806   15.23776  269  211   17.00000   15.00000  11.8%   117 20385s
 275917 259279   15.25117  324  220   17.00000   15.00000  11.8%   117 20413s
 276404 259706   15.27701  377  218   17.00000   15.00000  11.8%   117 20441s
 276831 260369   15.29380  428  214   17.00000   15.00000  11.8%   117 20471s
 277512 261273   15.29605  445  211   17.00000   15.00000  11.8%   117 20502s
 278416 261923   15.31901  511  222   17.00000   15.00000  11.8%   117 20530s
 279090 262295   15.33986  587  218   17.00000   15.00000  11.8%   117 20559s
 279462 263308   15.34043  590  220   17.00000   15.00000  11.8%   117 20590s
 280495 263566   15.36808  725  219   17.00000   15.00000  11.8%   117 20618s
 280753 263830   15.37590  745  221   17.00000   15.00000  11.8%   117 20646s
 281017 264467   15.39031  812  221   17.00000   15.00000  11.8%   117 20679s
 281654 264863   15.39867  844  217   17.00000   15.00000  11.8%   117 20714s
 282050 265919   15.41531  883  220   17.00000   15.00000  11.8%   117 20748s
 283106 266979   15.45173 1026  217   17.00000   15.00000  11.8%   116 20799s
 284166 267731   15.47402 1164  216   17.00000   15.00000  11.8%   116 20831s
 284918 268405   15.49537 1236  218   17.00000   15.00000  11.8%   116 20867s
 285592 269942   15.50726 1309  218   17.00000   15.00000  11.8%   116 20907s
 287131 269985   15.53381 1473  225   17.00000   15.00000  11.8%   116 20934s
 287188 270228   15.53435 1474  223   17.00000   15.00000  11.8%   116 20964s
 287435 270835   15.53984 1508  211   17.00000   15.00000  11.8%   116 21002s
 288042 271457   15.55545 1586  216   17.00000   15.00000  11.8%   116 21047s
 288684 272699   15.56365 1639  216   17.00000   15.00000  11.8%   116 21086s
 289932 274259   15.58505 1756  210   17.00000   15.00000  11.8%   116 21122s
 291502 274921   15.61231 1944  218   17.00000   15.00000  11.8%   116 21151s
 292164 275238   15.62682 2029  213   17.00000   15.00000  11.8%   116 21179s
 292481 276560   15.62733 2034  212   17.00000   15.00000  11.8%   116 21210s
 293823 276723   15.65030 2177  213   17.00000   15.00000  11.8%   115 21235s
 293986 277234   15.65031 2179  214   17.00000   15.00000  11.8%   115 21264s
 294497 278592   15.65490 2218  214   17.00000   15.00000  11.8%   115 21296s
 295893 279249   15.67835 2412  212   17.00000   15.00000  11.8%   115 21325s
 296570 280037   15.68794 2481  212   17.00000   15.00000  11.8%   115 21357s
 297358 280609   15.70485 2612  216   17.00000   15.00000  11.8%   115 21391s
 297930 282616   15.71450 2681  213   17.00000   15.00000  11.8%   115 21447s
 299989 282821   15.75591 3023  212   17.00000   15.00000  11.8%   115 21465s
 300214 282919   15.75852 3060  212   17.00000   15.00000  11.8%   115 21484s
 300312 283113   15.75928 3066  211   17.00000   15.00000  11.8%   115 21505s
 300510 284226   15.75930 3067  210   17.00000   15.00000  11.8%   115 21530s
 301637 284481   15.77486 3265  212   17.00000   15.00000  11.8%   115 21551s
 301896 285037   15.77904 3303  211   17.00000   15.00000  11.8%   115 21575s
 302474 286131   15.78758 3373  209   17.00000   15.00000  11.8%   114 21601s
 303570 287438   15.80407 3499  217   17.00000   15.00000  11.8%   114 21626s
 304901 287844   15.82851 3730  213   17.00000   15.00000  11.8%   114 21646s
 305309 288215   15.83395 3802  212   17.00000   15.00000  11.8%   114 21670s
 305686 288509   15.83659 3854  209   17.00000   15.00000  11.8%   114 21697s
 305980 288549   15.84089 3891  214   17.00000   15.00000  11.8%   114 21727s
 306020 288585   15.84089 3892  214   17.00000   15.00000  11.8%   114 21762s
 306056 288606   15.84115 3893  213   17.00000   15.00000  11.8%   114 21788s
 306077 288936   15.84141 3894  213   17.00000   15.00000  11.8%   114 21812s
 306407 290077   15.84827 3934  213   17.00000   15.00000  11.8%   114 21839s
 307568 291260   15.88256 4198  210   17.00000   15.00000  11.8%   114 21869s
 308783 292230   15.91678 4491  209   17.00000   15.00000  11.8%   114 21893s
 309753 293204   15.96312 4826  210   17.00000   15.00000  11.8%   114 21917s
 310747 293764   15.04136   66  192   17.00000   15.00000  11.8%   114 21941s
 311307 294594   15.07949  100  197   17.00000   15.00000  11.8%   114 21966s
 312137 295488   15.13756  178  206   17.00000   15.00000  11.8%   113 21991s
 313047 296280   15.17420  252  214   17.00000   15.00000  11.8%   113 22040s
 313841 297114   15.20567  326  215   17.00000   15.00000  11.8%   113 22083s
 314865 298924   15.21073  342  211   17.00000   15.00000  11.8%   113 22124s
 316718 299356   15.26002  516  214   17.00000   15.00000  11.8%   113 22149s
 317194 299546   15.28418  570  214   17.00000   15.00000  11.8%   113 22176s
 317386 300285   15.29212  588  213   17.00000   15.00000  11.8%   113 22207s
 318145 300723   15.32550  688  212   17.00000   15.00000  11.8%   113 22241s
 318601 301986   15.33798  748  216   17.00000   15.00000  11.8%   113 22282s
 319882 302500   15.36362  887  215   17.00000   15.00000  11.8%   113 22321s
 320550 302521   15.37517  926  218   17.00000   15.00000  11.8%   113 22352s
 320736 303002   15.37519  927  218   17.00000   15.00000  11.8%   113 22380s
 321239 304083   15.38809  975  216   17.00000   15.00000  11.8%   113 22413s
 322320 305207   15.41651 1102  216   17.00000   15.00000  11.8%   113 22442s
 323462 305481   15.44292 1233  218   17.00000   15.00000  11.8%   112 22469s
 323866 305696   15.45047 1271  214   17.00000   15.00000  11.8%   112 22500s
 324231 306835   15.45466 1293  213   17.00000   15.00000  11.8%   112 22531s
 325400 308053   15.48117 1418  214   17.00000   15.00000  11.8%   112 22562s
 326648 308530   15.51360 1562  214   17.00000   15.00000  11.8%   112 22593s
 327125 309771   15.52149 1615  215   17.00000   15.00000  11.8%   112 22627s
 328366 310007   15.54416 1787  207   17.00000   15.00000  11.8%   112 22688s
 328602 310530   15.54449 1790  209   17.00000   15.00000  11.8%   112 22863s
 329125 311901   15.61631 2202  213   17.00000   15.00000  11.8%   112 23106s
 330496 314513   15.66375 2494  215   17.00000   15.00000  11.8%   111 23260s
 333146 314556   15.72416 2920  212   17.00000   15.00000  11.8%   111 23330s
 333189 317286   15.72459 2924  216   17.00000   15.00000  11.8%   111 23408s
 335921 318054   15.78019 3350  211   17.00000   15.00000  11.8%   111 23460s
 336710 319035   15.79028 3442  208   17.00000   15.00000  11.8%   111 23522s
 337723 320827   15.81950 3633  211   17.00000   15.00000  11.8%   110 23582s
 339515 321747   15.88322 4033  213   17.00000   15.00000  11.8%   110 23625s
 340435 322313   15.90828 4217  211   17.00000   15.00000  11.8%   110 23668s
 341001 324026   15.91745 4270  206   17.00000   15.00000  11.8%   110 23711s
 342714 324763   15.98570 4696  209   17.00000   15.00000  11.8%   110 23751s
 343487 325635   15.08596   53  193   17.00000   15.00000  11.8%   110 23802s
 344359 326532   15.13757  136  204   17.00000   15.00000  11.8%   110 23845s
 345276 327288   15.17454  245  208   17.00000   15.00000  11.8%   110 23886s
 346048 328965   15.21793  294  214   17.00000   15.00000  11.8%   110 23928s
 347725 329158   15.27342  415  219   17.00000   15.00000  11.8%   110 23955s
 347938 329705   15.28075  440  219   17.00000   15.00000  11.8%   110 23989s
 348485 330337   15.29342  498  221   17.00000   15.00000  11.8%   109 24024s
 349117 331000   15.32548  645  219   17.00000   15.00000  11.8%   109 24067s
 349784 332860   15.34348  712  207   17.00000   15.00000  11.8%   109 24105s
 351648 334160   15.38017  866  212   17.00000   15.00000  11.8%   109 24135s
 352964 335544   15.41005 1009  213   17.00000   15.00000  11.8%   109 24162s
 354576 336139   15.44055 1143  215   17.00000   15.00000  11.8%   109 24187s
 355171 337438   15.45196 1204  213   17.00000   15.00000  11.8%   109 24214s
 356488 338062   15.47167 1293  212   17.00000   15.00000  11.8%   108 24239s
 357122 338496   15.47673 1318  213   17.00000   15.00000  11.8%   108 24265s
 357556 339784   15.48575 1362  211   17.00000   15.00000  11.8%   108 24293s
 358864 341381   15.50880 1507  206   17.00000   15.00000  11.8%   108 24347s
 360525 342607   15.53465 1635  213   17.00000   15.00000  11.8%   108 24370s
 361807 342833   15.55333 1745  215   17.00000   15.00000  11.8%   108 24391s
 362059 343369   15.55531 1753  215   17.00000   15.00000  11.8%   108 24411s
 362613 343811   15.55833 1771  216   17.00000   15.00000  11.8%   108 24431s
 363059 344107   15.55936 1784  219   17.00000   15.00000  11.8%   108 24453s
 363371 345021   15.56249 1801  217   17.00000   15.00000  11.8%   108 24479s
 364287 345948   15.58015 1900  218   17.00000   15.00000  11.8%   107 24504s
 365242 346358   15.59960 2014  217   17.00000   15.00000  11.8%   107 24527s
 365658 346570   15.60811 2079  218   17.00000   15.00000  11.8%   107 24553s
 365882 346577   15.61479 2107  218   17.00000   15.00000  11.8%   107 24587s
 365891 346585   15.61496 2108  217   17.00000   15.00000  11.8%   107 24614s
 365899 346790   15.61497 2109  215   17.00000   15.00000  11.8%   107 24639s
 366108 347231   15.61879 2147  216   17.00000   15.00000  11.8%   107 24662s
 366553 348216   15.63341 2226  212   17.00000   15.00000  11.8%   107 24691s
 367546 349312   15.65570 2374  210   17.00000   15.00000  11.8%   107 24720s
 368666 350088   15.68235 2536  210   17.00000   15.00000  11.8%   107 24745s
 369448 350494   15.70474 2702  207   17.00000   15.00000  11.8%   107 24770s
 369858 351344   15.71207 2770  215   17.00000   15.00000  11.8%   107 24797s
 370714 352338   15.74310 2912  215   17.00000   15.00000  11.8%   107 24824s
 371714 353283   15.77391 3099  215   17.00000   15.00000  11.8%   107 24851s
 372687 353784   15.80235 3282  219   17.00000   15.00000  11.8%   107 24876s
 373198 353984   15.81418 3371  217   17.00000   15.00000  11.8%   107 24901s
 373410 354519   15.82049 3434  219   17.00000   15.00000  11.8%   107 24952s
 373991 355778   15.83136 3525  218   17.00000   15.00000  11.8%   107 25015s
 375492 355927   15.88385 3951  210   17.00000   15.00000  11.8%   107 25055s
 375767 355956   15.88652 3975  204   17.00000   15.00000  11.8%   107 25119s
 376218 356204   15.88660 3976  206   17.00000   15.00000  11.8%   107 25167s
 376600 357839   15.89317 4033  207   17.00000   15.00000  11.8%   107 25220s
 378335 358941   15.95324 4459  214   17.00000   15.00000  11.8%   107 25259s
 379483 359532   15.38291   77  165   17.00000   15.00000  11.8%   107 25295s
 380100 360609   15.76450   48  148   17.00000   15.00000  11.8%   107 25335s
 381251 360962   15.25051  103  206   17.00000   15.00000  11.8%   107 25370s
 381630 361468   15.30457  164  206   17.00000   15.00000  11.8%   107 25408s
 382370 361632   15.37797  234  209   17.00000   15.00000  11.8%   108 25449s
 382830 361859   15.39570  261  209   17.00000   15.00000  11.8%   108 25487s
 383061 362076   15.39621  262  209   17.00000   15.00000  11.8%   108 25523s
 383282 363236   15.46439  342  203   17.00000   15.00000  11.8%   108 25565s
 384476 364229   15.59733  587  214   17.00000   15.00000  11.8%   108 25602s
 385485 365452   15.71077  839  211   17.00000   15.00000  11.8%   108 25641s
 386746 366041   15.82160 1161  206   17.00000   15.00000  11.8%   108 25676s
 387343 366671   15.85704 1258  210   17.00000   15.00000  11.8%   108 25712s
 387981 366998   15.91831 1435  212   17.00000   15.00000  11.8%   108 25758s
 388318 368101   15.95316 1501  213   17.00000   15.00000  11.8%   108 25879s
 389439 368624   15.20318  268  231   17.00000   15.00000  11.8%   108 25976s
 389962 369294   15.59597  388  194   17.00000   15.00000  11.8%   107 26084s
 390646 369891   15.25956  223  220   17.00000   15.00000  11.8%   107 26179s
 391243 370132   15.32286  378  212   17.00000   15.00000  11.8%   107 26280s
 391484 372068   15.33295  415  213   17.00000   15.00000  11.8%   107 26383s
 393422 373175   15.38697  622  219   17.00000   15.00000  11.8%   107 26459s
 394543 374266   15.40948  701  219   17.00000   15.00000  11.8%   107 26530s
 395666 375426   15.44648  838  216   17.00000   15.00000  11.8%   107 26599s
 396842 377481   15.46818  937  216   17.00000   15.00000  11.8%   107 26671s
 398917 378065   15.50324 1136  213   17.00000   15.00000  11.8%   107 26730s
 399505 378714   15.51503 1185  216   17.00000   15.00000  11.8%   107 26785s
 400210 380381   15.52229 1228  215   17.00000   15.00000  11.8%   107 26837s
 401877 381264   15.54867 1358  221   17.00000   15.00000  11.8%   106 26885s
 402760 382349   15.56238 1454  210   17.00000   15.00000  11.8%   106 26934s
 403845 383452   15.58953 1644  217   17.00000   15.00000  11.8%   106 26981s
 404948 383622   15.61937 1843  206   17.00000   15.00000  11.8%   106 27007s
 405118 384739   15.62882 1913  214   17.00000   15.00000  11.8%   106 27041s
 406235 385254   15.64048 1996  210   17.00000   15.00000  11.8%   106 27077s
 406772 386716   15.65004 2066  213   17.00000   15.00000  11.8%   106 27110s
 408234 387295   15.68158 2266  205   17.00000   15.00000  11.8%   106 27138s
 408813 388671   15.69527 2348  205   17.00000   15.00000  11.8%   106 27167s
 410207 389072   15.72481 2528  209   17.00000   15.00000  11.8%   105 27192s
 410608 389793   15.73245 2585  207   17.00000   15.00000  11.8%   105 27216s
 411329 391230   15.74032 2645  208   17.00000   15.00000  11.8%   105 27241s
 412766 391799   15.77141 2841  207   17.00000   15.00000  11.8%   105 27265s
 413335 393142   15.77996 2912  210   17.00000   15.00000  11.8%   105 27290s
 414696 393589   15.80548 3109  213   17.00000   15.00000  11.8%   105 27314s
 415147 394576   15.81377 3172  211   17.00000   15.00000  11.8%   105 27339s
 416140 396051   15.83789 3356  214   17.00000   15.00000  11.8%   105 27364s
 417636 396612   15.87517 3611  208   17.00000   15.00000  11.8%   105 27411s
 418222 397738   15.89212 3725  212   17.00000   15.00000  11.8%   105 27470s
 419674 399093   15.93745 4070  212   17.00000   15.00000  11.8%   105 27510s
 421055 399245   15.99015 4496  211   17.00000   15.00000  11.8%   105 27538s
 421213 399610   15.99295 4526  209   17.00000   15.00000  11.8%   105 27570s
 421601 400121   15.03240   40  198   17.00000   15.00000  11.8%   105 27608s
 422136 400404   15.05638   57  218   17.00000   15.00000  11.8%   105 27648s
 422419 401019   15.13534  114  214   17.00000   15.00000  11.8%   105 27689s
 423052 402508   15.19761  193  222   17.00000   15.00000  11.8%   105 27730s
 424541 402886   15.27608  342  227   17.00000   15.00000  11.8%   105 27768s
 424919 403843   15.28751  375  228   17.00000   15.00000  11.8%   105 27803s
 425876 404470   15.32973  515  231   17.00000   15.00000  11.8%   105 27845s
 426523 405091   15.35659  571  230   17.00000   15.00000  11.8%   105 27882s
 427164 405595   15.38360  649  240   17.00000   15.00000  11.8%   105 27920s
 427668 406550   15.40739  713  231   17.00000   15.00000  11.8%   105 27959s
 428623 408075   15.42988  795  231   17.00000   15.00000  11.8%   105 27999s
 430166 408600   15.47347  956  237   17.00000   15.00000  11.8%   104 28033s
 430691 410208   15.48546 1003  242   17.00000   15.00000  11.8%   104 28073s
 432299 411037   15.51716 1158  232   17.00000   15.00000  11.8%   104 28123s
 433146 411720   15.53903 1279  228   17.00000   15.00000  11.8%   104 28167s
 433847 412438   15.56707 1400  229   17.00000   15.00000  11.8%   104 28214s
 434725 413293   15.60347 1513  230   17.00000   15.00000  11.8%   104 28253s
 435905 413927   15.64371 1643  227   17.00000   15.00000  11.8%   104 28292s
 436539 415189   15.67373 1739  234   17.00000   15.00000  11.8%   104 28331s
 437801 415849   15.73815 1935  232   17.00000   15.00000  11.8%   104 28367s
 438461 417203   15.76384 2018  223   17.00000   15.00000  11.8%   104 28403s
 439815 417810   15.82620 2279  226   17.00000   15.00000  11.8%   104 28433s
 440422 418338   15.85324 2364  227   17.00000   15.00000  11.8%   104 28467s
 440950 419169   15.87025 2424  220   17.00000   15.00000  11.8%   104 28501s
 441781 419919   15.93258 2642  229   17.00000   15.00000  11.8%   103 28535s
 442531 421175   15.97238 2798  224   17.00000   15.00000  11.8%   103 28574s
 443807 421720   15.28757   67  230   17.00000   15.00000  11.8%   103 28607s
 444352 421728   15.39654  114  234   17.00000   15.00000  11.8%   103 28671s
 444360 421736   15.39950  115  232   17.00000   15.00000  11.8%   103 28814s
 444368 421744   15.39993  116  229   17.00000   15.00000  11.8%   103 28867s
 444376 421752   15.39993  117  229   17.00000   15.00000  11.8%   103 28959s
 444384 421760   15.39993  118  229   17.00000   15.00000  11.8%   103 29051s
 444392 421768   15.39993  119  229   17.00000   15.00000  11.8%   103 29091s
 444400 421776   15.39993  120  229   17.00000   15.00000  11.8%   103 29268s
 444408 421784   15.40090  121  230   17.00000   15.00000  11.8%   103 29369s
 444416 421793   15.40265  122  232   17.00000   15.00000  11.8%   103 29481s
 444425 421803   15.40456  123  233   17.00000   15.00000  11.8%   103 29571s
 444435 421815   15.40832  124  234   17.00000   15.00000  11.8%   103 29702s
 444447 421901   15.41703  127  230   17.00000   15.00000  11.8%   103 29740s
 444533 422056   15.43414  139  234   17.00000   15.00000  11.8%   103 29778s
 444688 422443   15.44922  162  232   17.00000   15.00000  11.8%   103 29818s
 445075 422812   15.49512  224  238   17.00000   15.00000  11.8%   103 29856s
 445444 423445   15.51596  261  236   17.00000   15.00000  11.8%   103 29894s
 446077 423568   15.55426  343  229   17.00000   15.00000  11.8%   103 29931s
 446200 423794   15.55831  349  229   17.00000   15.00000  11.8%   103 29972s
 446426 424305   16.00000  385  189   17.00000   15.00000  11.8%   103 30020s
 446939 424868   16.00000  446  193   17.00000   15.00000  11.8%   103 30074s
 447514 425830     cutoff  486        17.00000   15.00000  11.8%   103 30139s
 448478 426911   15.15787  134  204   17.00000   15.00000  11.8%   103 30198s
 449559 427551   15.21459  257  211   17.00000   15.00000  11.8%   103 30247s
 450199 427751   15.24335  349  212   17.00000   15.00000  11.8%   103 30302s
 450399 427759   15.24862  374  211   17.00000   15.00000  11.8%   103 30358s
 450407 427843   15.24875  375  209   17.00000   15.00000  11.8%   103 30410s
 450491 428921   15.25011  378  207   17.00000   15.00000  11.8%   103 30470s
 451569 429664   15.28399  488  206   17.00000   15.00000  11.8%   103 30527s
 452312 430853   15.30278  567  205   17.00000   15.00000  11.8%   103 30587s
 453521 432910   15.32842  648  205   17.00000   15.00000  11.8%   103 30643s
 455660 433633   15.37359  828  213   17.00000   15.00000  11.8%   102 30685s
 456667 435371   15.39124  879  207   17.00000   15.00000  11.8%   102 30730s
 458619 435503   15.42922 1013  211   17.00000   15.00000  11.8%   102 30765s
 458751 436748   15.43027 1018  208   17.00000   15.00000  11.8%   102 30801s
 460015 437799   15.45555 1130  215   17.00000   15.00000  11.8%   102 30837s
 461284 438142   15.48840 1270  213   17.00000   15.00000  11.8%   102 30868s
 461683 438825   15.49617 1323  218   17.00000   15.00000  11.8%   102 30918s
 462422 440493   15.51715 1437  220   17.00000   15.00000  11.8%   102 30969s
 464108 440493   15.00000  115  193   17.00000   15.00000  11.8%   102 30970s
 464130 440708   15.55582 1666  213   17.00000   15.00000  11.8%   102 30997s
 464347 440845   15.55967 1687  216   17.00000   15.00000  11.8%   102 31039s
 464484 441325   15.56078 1694  213   17.00000   15.00000  11.8%   102 31073s
 464968 441333   15.57129 1785  205   17.00000   15.00000  11.8%   102 31116s
 464976 441341   15.57142 1786  206   17.00000   15.00000  11.8%   102 31162s
 464984 442019   15.57143 1787  208   17.00000   15.00000  11.8%   102 31209s
 465662 443639   15.59072 1904  210   17.00000   15.00000  11.8%   102 31251s
 467298 444765   15.63476 2111  209   17.00000   15.00000  11.8%   102 31284s
 468465 445793   15.66275 2314  211   17.00000   15.00000  11.8%   102 31314s
 469558 446265   15.68462 2530  212   17.00000   15.00000  11.8%   102 31342s
 470030 447636   15.69418 2574  212   17.00000   15.00000  11.8%   102 31375s
 471401 448871   15.72437 2813  208   17.00000   15.00000  11.8%   102 31401s
 472636 449673   15.75473 3013  207   17.00000   15.00000  11.8%   101 31427s
 473460 450663   15.77895 3194  216   17.00000   15.00000  11.8%   101 31453s
 474450 451724   15.82057 3426  213   17.00000   15.00000  11.8%   101 31479s
 475511 452886   15.85602 3673  212   17.00000   15.00000  11.8%   101 31504s
 476673 453561   15.89553 3965  214   17.00000   15.00000  11.8%   101 31550s
 477348 454369   15.90971 4057  212   17.00000   15.00000  11.8%   101 31599s
 478156 456765   15.90986 4058  213   17.00000   15.00000  11.8%   101 31652s
 480552 457132   15.97578 4484  215   17.00000   15.00000  11.8%   101 31677s
 480937 457622   15.00000   29  191   17.00000   15.00000  11.8%   101 31704s
 481427 458225   15.00000   31  190   17.00000   15.00000  11.8%   101 31733s
 482030 458746   15.00000   44  183   17.00000   15.00000  11.8%   101 31763s
 482551 459663   15.00000   56  192   17.00000   15.00000  11.8%   101 31796s
 483468 460571   15.00000   67  185   17.00000   15.00000  11.8%   101 31829s
 484376 461467   15.00000   79  192   17.00000   15.00000  11.8%   101 31862s
 485272 462810   15.00000   91  188   17.00000   15.00000  11.8%   100 31894s
 486615 463547   15.00000  104  184   17.00000   15.00000  11.8%   100 31923s
 487374 464147   15.00000  112  201   17.00000   15.00000  11.8%   100 31952s
 488002 465401   15.00000  121  192   17.00000   15.00000  11.8%   100 31983s
 489348 465781   15.00000  130  213   17.00000   15.00000  11.8%   100 32010s
 489946 466803   15.00000  137  222   17.00000   15.00000  11.8%   100 32039s
 491096 467185   15.00596  150  239   17.00000   15.00000  11.8%   100 32064s
 491478 467410   15.01300  157  246   17.00000   15.00000  11.8%   100 32110s
 491703 469997   15.02860  183  241   17.00000   15.00000  11.8%   100 32243s
 494302 471429   15.11071  389  247   17.00000   15.00000  11.8%   100 32293s
 495734 472749   15.12309  445  246   17.00000   15.00000  11.8%   100 32334s
 497074 473114   15.13127  496  256   17.00000   15.00000  11.8%   100 32368s
 497453 473447   15.13783  516  247   17.00000   15.00000  11.8%   100 32403s
 497786 473791   15.16694  559  243   17.00000   15.00000  11.8%   100 32445s
 498130 475116   15.17029  588  258   17.00000   15.00000  11.8%   100 32490s
 499471 476236   15.18504  709  253   17.00000   15.00000  11.8%   100 32528s
 500611 476467   15.19495  821  252   17.00000   15.00000  11.8%   100 32562s
 500842 476971   15.19519  832  249   17.00000   15.00000  11.8%   100 32597s
 501346 477591   15.20764  875  260   17.00000   15.00000  11.8%   100 32632s
 501966 477812   15.21414  924  256   17.00000   15.00000  11.8%   100 32667s
 502187 479039   15.21713  938  259   17.00000   15.00000  11.8%   100 32708s
 503414 479516   15.22810  999  250   17.00000   15.00000  11.8%   100 32744s
 503891 480527   15.25643 1050  260   17.00000   15.00000  11.8%   100 32782s
 504902 481877   15.26569 1088  256   17.00000   15.00000  11.8%   100 32821s
 506272 482696   15.28232 1173  258   17.00000   15.00000  11.8%   100 32868s
 507091 484083   15.31224 1246  261   17.00000   15.00000  11.8%   100 32910s
 508534 484190   15.33453 1332  261   17.00000   15.00000  11.8%   100 32938s
 508641 484453   15.33593 1344  257   17.00000   15.00000  11.8%   100 32969s
 508904 484933   15.33661 1376  259   17.00000   15.00000  11.8%   100 33005s
 509384 485540   15.34375 1396  270   17.00000   15.00000  11.8%   100 33042s
 509991 486748   15.35419 1461  253   17.00000   15.00000  11.8%   100 33083s
 511199 488158   15.36720 1534  265   17.00000   15.00000  11.8%   100 33121s
 512609 488717   15.38538 1626  258   17.00000   15.00000  11.8%  99.5 33154s
 513168 489775   15.39169 1667  253   17.00000   15.00000  11.8%  99.4 33187s
 514244 491117   15.40038 1730  260   17.00000   15.00000  11.8%  99.4 33221s
 515632 491149   15.41499 1829  257   17.00000   15.00000  11.8%  99.3 33248s
 515664 491817   15.41661 1843  259   17.00000   15.00000  11.8%  99.3 33277s
 516332 491974   15.44526 1924  249   17.00000   15.00000  11.8%  99.2 33306s
 516491 493159   15.45149 1931  245   17.00000   15.00000  11.8%  99.2 33339s
 517702 494249   15.47660 1989  250   17.00000   15.00000  11.8%  99.2 33369s
 518841 494412   15.49742 2058  255   17.00000   15.00000  11.8%  99.1 33396s
 519053 494932   15.49861 2075  250   17.00000   15.00000  11.8%  99.2 33426s
 519605 496024   15.50173 2086  258   17.00000   15.00000  11.8%  99.2 33457s
 520738 497098   15.52370 2141  258   17.00000   15.00000  11.8%  99.1 33507s
 521812 498334   15.54594 2190  253   17.00000   15.00000  11.8%  99.1 33544s
 523048 498507   15.56786 2241  257   17.00000   15.00000  11.8%  99.0 33568s
 523221 498846   15.56786 2242  258   17.00000   15.00000  11.8%  99.0 33595s
 523560 500134   15.56905 2244  263   17.00000   15.00000  11.8%  98.9 33628s
 524985 501157   15.58579 2314  258   17.00000   15.00000  11.8%  98.9 33658s
 526300 501365   15.60244 2395  257   17.00000   15.00000  11.8%  98.8 33680s
 526812 502327   15.60244 2396  255   17.00000   15.00000  11.8%  98.8 33709s
 527788 502916   15.63071 2427  266   17.00000   15.00000  11.8%  98.8 33732s
 528389 503103   15.65010 2454  237   17.00000   15.00000  11.8%  98.7 33756s
 528576 503498   15.65146 2479  242   17.00000   15.00000  11.8%  98.7 33780s
 528971 504593   15.66239 2513  234   17.00000   15.00000  11.8%  98.7 33809s
 530066 504954   15.68100 2583  258   17.00000   15.00000  11.8%  98.6 33833s
 530427 505219   15.69019 2627  263   17.00000   15.00000  11.8%  98.6 33857s
 530692 506099   15.69019 2628  263   17.00000   15.00000  11.8%  98.6 33884s
 531592 506640   15.69993 2678  263   17.00000   15.00000  11.8%  98.5 33911s
 532133 507132   15.71980 2731  261   17.00000   15.00000  11.8%  98.5 33938s
 532637 507946   15.72429 2745  249   17.00000   15.00000  11.8%  98.5 33964s
 533527 509084   15.72986 2807  261   17.00000   15.00000  11.8%  98.4 33993s
 534711 509492   15.74208 2884  258   17.00000   15.00000  11.8%  98.4 34020s
 535119 509500   15.75408 2935  269   17.00000   15.00000  11.8%  98.3 34050s
 535127 509719   15.75408 2936  269   17.00000   15.00000  11.8%  98.3 34081s
 535346 510967   15.75473 2937  268   17.00000   15.00000  11.8%  98.3 34125s
 536594 512285   15.77975 3008  252   17.00000   15.00000  11.8%  98.2 34153s
 537932 512413   15.80103 3108  262   17.00000   15.00000  11.8%  98.1 34172s
 538060 512788   15.80114 3111  262   17.00000   15.00000  11.8%  98.1 34194s
 538441 513899   15.81099 3139  253   17.00000   15.00000  11.8%  98.1 34222s
 539588 515042   15.83454 3198  263   17.00000   15.00000  11.8%  98.0 34247s
 540731 516022   15.85251 3253  256   17.00000   15.00000  11.8%  98.0 34271s
 541749 516622   15.87388 3327  267   17.00000   15.00000  11.8%  97.9 34293s
 542614 517165   15.89509 3394  267   17.00000   15.00000  11.8%  97.9 34314s
 543253 517520   15.91578 3463  262   17.00000   15.00000  11.8%  97.9 34335s
 543746 518131   15.93152 3512  251   17.00000   15.00000  11.8%  98.0 34356s
 544597 518756   15.94399 3590  249   17.00000   15.00000  11.8%  97.9 34380s
 545450 519331   15.02845   46  185   17.00000   15.00000  11.8%  97.9 34402s
 546025 519899   15.12765   93  204   17.00000   15.00000  11.8%  97.8 34424s
 546593 520148   15.18747  169  193   17.00000   15.00000  11.8%  97.8 34446s
 546842 521208   15.20886  198  204   17.00000   15.00000  11.8%  97.8 34470s
 547904 522537   15.57685  275  176   17.00000   15.00000  11.8%  97.7 34494s
 549233 523064   15.81275  486  188   17.00000   15.00000  11.8%  97.6 34515s
 549766 523561   15.86938  569  195   17.00000   15.00000  11.8%  97.6 34537s
 550279 525519   15.92224  700  192   17.00000   15.00000  11.8%  97.6 34587s
 552511 525526     cutoff  122        17.00000   15.00000  11.8%  97.5 34602s
 552520 525873     cutoff  123        17.00000   15.00000  11.8%  97.5 34617s
 553111 526130     cutoff  170        17.00000   15.00000  11.8%  97.5 34634s
 553654 526292     cutoff  221        17.00000   15.00000  11.8%  97.5 34653s
 554038 526510   15.06485   62  206   17.00000   15.00000  11.8%  97.5 34671s
 554256 527012   15.08736   93  211   17.00000   15.00000  11.8%  97.4 34692s
 554758 528165   15.11113  118  218   17.00000   15.00000  11.8%  97.4 34716s
 555911 529169   15.15104  184  220   17.00000   15.00000  11.8%  97.3 34738s
 556949 530232   15.18049  265  226   17.00000   15.00000  11.8%  97.3 34760s
 558072 530963   15.20118  317  226   17.00000   15.00000  11.8%  97.2 34780s
 558841 531716   15.21930  372  229   17.00000   15.00000  11.8%  97.1 34798s
 559692 531763   15.23978  441  225   17.00000   15.00000  11.8%  97.1 34815s
 559739 531924   15.24014  444  223   17.00000   15.00000  11.8%  97.1 34832s
 559900 532456   15.25213  478  227   17.00000   15.00000  11.8%  97.1 34849s
 560432 532616   15.27679  549  229   17.00000   15.00000  11.8%  97.1 34867s
 560592 533055   15.28502  577  223   17.00000   15.00000  11.8%  97.1 34887s
 561031 533261   15.30339  649  227   17.00000   15.00000  11.8%  97.1 34908s
 561237 533809   15.30876  671  227   17.00000   15.00000  11.8%  97.1 34928s
 561785 533862   15.32932  735  223   17.00000   15.00000  11.8%  97.0 34949s
 561838 534154   15.33064  737  223   17.00000   15.00000  11.8%  97.0 34969s
 562130 534760   15.34702  773  225   17.00000   15.00000  11.8%  97.0 34990s
 562736 534907   15.37276  845  230   17.00000   15.00000  11.8%  97.0 35012s
 562883 535089   15.38436  882  222   17.00000   15.00000  11.8%  97.0 35039s
 563080 535259   15.38737  895  226   17.00000   15.00000  11.8%  97.0 35062s
 563250 536198   15.39157  916  224   17.00000   15.00000  11.8%  97.0 35087s
 564193 537221   15.42045 1013  223   17.00000   15.00000  11.8%  97.0 35111s
 565232 537245   15.44776 1116  220   17.00000   15.00000  11.8%  96.9 35158s
 565256 540615   15.44855 1119  224   17.00000   15.00000  11.8%  96.9 35707s
 568664 542309   15.54398 1545  219   17.00000   15.00000  11.8%  97.1 35759s
 570358 543556   15.57519 1656  222   17.00000   15.00000  11.8%  97.0 35799s
 571623 543907   15.58609 1716  221   17.00000   15.00000  11.8%  96.9 35834s
 571988 544735   15.58646 1719  218   17.00000   15.00000  11.8%  96.9 35877s
 572844 546473   15.60501 1788  219   17.00000   15.00000  11.8%  96.8 35919s
 574582 547450   15.65180 1998  227   17.00000   15.00000  11.8%  96.7 35962s
 575579 548116   15.65965 2030  229   17.00000   15.00000  11.8%  96.7 35997s
 576281 549645   15.67796 2109  223   17.00000   15.00000  11.8%  96.7 36036s
 577846 550511   15.73528 2297  221   17.00000   15.00000  11.8%  96.6 36067s
 578712 551759   15.75538 2392  220   17.00000   15.00000  11.8%  96.6 36099s
 580018 552871   15.79277 2599  219   17.00000   15.00000  11.8%  96.5 36144s
 581556 553225   15.83524 2769  218   17.00000   15.00000  11.8%  96.4 36164s
 581938 553305   15.85245 2830  218   17.00000   15.00000  11.8%  96.5 36190s
 582034 553380   15.85466 2838  218   17.00000   15.00000  11.8%  96.5 36214s
 582109 553873   15.85508 2839  216   17.00000   15.00000  11.8%  96.5 36247s
 582602 554872   15.85623 2840  221   17.00000   15.00000  11.8%  96.5 36279s
 583601 556565   15.87816 2921  222   17.00000   15.00000  11.8%  96.4 36312s
 585360 557389   15.97884 3321  222   17.00000   15.00000  11.8%  96.3 36338s
 586226 557865   15.14814   57  210   17.00000   15.00000  11.8%  96.3 36363s
 586710 558444   15.17240   95  215   17.00000   15.00000  11.8%  96.3 36389s
 587289 559637   15.19354  145  216   17.00000   15.00000  11.8%  96.3 36418s
 588502 560551   15.22385  216  223   17.00000   15.00000  11.8%  96.2 36446s
 589425 560884   15.24898  305  216   17.00000   15.00000  11.8%  96.2 36470s
 589758 561053   15.26276  351  216   17.00000   15.00000  11.8%  96.2 36500s
 589929 561929   15.26832  358  216   17.00000   15.00000  11.8%  96.2 36535s
 590805 562922   15.28578  441  222   17.00000   15.00000  11.8%  96.2 36563s
 591798 563878   15.30833  558  218   17.00000   15.00000  11.8%  96.2 36588s
 592754 563961   15.32941  620  219   17.00000   15.00000  11.8%  96.1 36624s
 592837 564012   15.32941  621  218   17.00000   15.00000  11.8%  96.1 36666s
 592888 564122   15.32959  622  218   17.00000   15.00000  11.8%  96.1 36710s
 592998 564167   15.33047  623  220   17.00000   15.00000  11.8%  96.1 36748s
 593043 564251   15.33056  624  217   17.00000   15.00000  11.8%  96.1 36801s
 593127 564364   15.33105  625  217   17.00000   15.00000  11.8%  96.1 36844s
 593240 564396   15.33177  626  217   17.00000   15.00000  11.8%  96.1 36879s
 593272 564564   15.33180  627  220   17.00000   15.00000  11.8%  96.1 36925s
 593440 564707   15.33189  628  217   17.00000   15.00000  11.8%  96.1 36972s
 593601 564850   15.33255  629  219   17.00000   15.00000  11.8%  96.1 37015s
 593744 565137   15.33321  630  219   17.00000   15.00000  11.8%  96.1 37071s
 594060 565326   15.33417  631  223   17.00000   15.00000  11.8%  96.1 37106s
 594364 565504   15.33424  632  224   17.00000   15.00000  11.8%  96.1 37151s
 595062 565725   15.34810  689  221   17.00000   15.00000  11.8%  96.2 37200s
 595291 567904   15.35317  715  217   17.00000   15.00000  11.8%  96.1 37348s
 597528 568723   15.43042 1009  211   17.00000   15.00000  11.8%  96.2 37406s
 598371 569254   15.44281 1103  211   17.00000   15.00000  11.8%  96.2 37462s
 598902 569762   15.46498 1227  216   17.00000   15.00000  11.8%  96.1 37518s
 599440 570586   15.47907 1305  210   17.00000   15.00000  11.8%  96.1 37582s
 600264 572003   15.50207 1395  208   17.00000   15.00000  11.8%  96.1 37646s
 601681 573123   15.55704 1647  215   17.00000   15.00000  11.8%  96.0 37703s
 602801 574630   15.57919 1759  214   17.00000   15.00000  11.8%  95.9 37758s
 604326 575557   15.61078 1926  213   17.00000   15.00000  11.8%  95.9 37809s
 605253 576765   15.63502 2046  210   17.00000   15.00000  11.8%  95.8 37856s
 606463 577229   15.66264 2227  219   17.00000   15.00000  11.8%  95.7 37900s
 606927 577624   15.67200 2285  209   17.00000   15.00000  11.8%  95.7 37947s
 607338 579447   15.67200 2286  209   17.00000   15.00000  11.8%  95.7 38000s
 609161 581052   15.71818 2625  213   17.00000   15.00000  11.8%  95.6 38046s
 610766 582990   15.75546 2812  214   17.00000   15.00000  11.8%  95.5 38095s
 612734 583554   15.80859 3166  199   17.00000   15.00000  11.8%  95.4 38113s
 613310 584186   15.83141 3308  200   17.00000   15.00000  11.8%  95.4 38132s
 613968 584249   15.86219 3496  205   17.00000   15.00000  11.8%  95.4 38148s
 614035 584742   15.86236 3497  209   17.00000   15.00000  11.8%  95.5 38167s
 614594 584762   15.88819 3645  216   17.00000   15.00000  11.8%  95.5 38186s
 614614 585300   15.88869 3648  209   17.00000   15.00000  11.8%  95.5 38207s
 615152 586094   15.92117 3865  203   17.00000   15.00000  11.8%  95.4 38230s
 615946 586299   15.95486 4154  202   17.00000   15.00000  11.8%  95.4 38252s
 616151 587108   15.96336 4237  207   17.00000   15.00000  11.8%  95.4 38278s
 616980 587830   15.04051   56  197   17.00000   15.00000  11.8%  95.4 38305s
 617702 588475   15.10095  121  206   17.00000   15.00000  11.8%  95.4 38331s
 618347 588642   16.00000  187  139   17.00000   15.00000  11.8%  95.3 38354s
 618516 589004   16.00000  254  143   17.00000   15.00000  11.8%  95.4 38380s
 618894 589506   15.03734   63  196   17.00000   15.00000  11.8%  95.4 38405s
 619396 590178   15.09570  131  194   17.00000   15.00000  11.8%  95.4 38433s
 620068 591170   15.16003  198  197   17.00000   15.00000  11.8%  95.4 38460s
 621060 591278   15.22551  306  201   17.00000   15.00000  11.8%  95.3 38485s
 621168 591519   15.23544  327  203   17.00000   15.00000  11.8%  95.3 38511s
 621409 592031   15.25007  360  200   17.00000   15.00000  11.8%  95.3 38537s
 621921 593031   15.27838  435  207   17.00000   15.00000  11.8%  95.3 38566s
 622921 593504   15.31303  530  205   17.00000   15.00000  11.8%  95.3 38593s
 623394 594257   15.33334  593  206   17.00000   15.00000  11.8%  95.2 38621s
 624147 595546   15.36967  686  212   17.00000   15.00000  11.8%  95.2 38650s
 625456 596336   15.41190  840  210   17.00000   15.00000  11.8%  95.2 38699s
 626246 597872   15.45079  942  212   17.00000   15.00000  11.8%  95.1 38745s
 627802 598636   15.52733 1141  210   17.00000   15.00000  11.8%  95.1 38778s
 628640 598765   15.54319 1198  211   17.00000   15.00000  11.8%  95.0 38806s
 628769 599074   15.54859 1213  210   17.00000   15.00000  11.8%  95.0 38834s
 629078 599386   15.56199 1258  214   17.00000   15.00000  11.8%  95.0 38868s
 629390 600586   15.57407 1302  210   17.00000   15.00000  11.8%  95.0 38905s
 630590 601896   15.63468 1509  215   17.00000   15.00000  11.8%  95.0 38939s
 631920 602461   15.70166 1731  209   17.00000   15.00000  11.8%  94.9 38974s
 632529 603581   15.72688 1830  205   17.00000   15.00000  11.8%  94.9 39011s
 633667 604462   15.80960 2079  204   17.00000   15.00000  11.8%  94.9 39043s
 634588 605843   15.86816 2300  201   17.00000   15.00000  11.8%  94.8 39074s
 635977 606093   15.97423 2726  201   17.00000   15.00000  11.8%  94.8 39102s
 636239 606173   15.98365 2760  199   17.00000   15.00000  11.8%  94.8 39135s
 636343 606249   15.98365 2761  199   17.00000   15.00000  11.8%  94.8 39180s
 636481 606862   15.11943   50  193   17.00000   15.00000  11.8%  94.8 39210s
 637158 607346   15.09838   66  208   17.00000   15.00000  11.8%  94.8 39240s
 637684 607981   15.10168   52  202   17.00000   15.00000  11.8%  94.8 39265s
 638381 609047   15.20311  119  211   17.00000   15.00000  11.8%  94.8 39295s
 639447 610223   15.28083  227  213   17.00000   15.00000  11.8%  94.7 39326s
 640637 611902   15.33986  353  209   17.00000   15.00000  11.8%  94.7 39369s
 642346 612547   15.40659  497  214   17.00000   15.00000  11.8%  94.6 39387s
 642991 612830   15.44477  579  211   17.00000   15.00000  11.8%  94.6 39405s
 643274 613562   15.45102  606  211   17.00000   15.00000  11.8%  94.5 39426s
 644026 614461   15.48857  706  214   17.00000   15.00000  11.8%  94.5 39449s
 644927 615426   15.52609  798  214   17.00000   15.00000  11.8%  94.5 39472s
 645892 615612   15.56298  918  213   17.00000   15.00000  11.8%  94.4 39492s
 646078 615852   15.56530  927  216   17.00000   15.00000  11.8%  94.4 39515s
 646318 616531   15.57948  963  213   17.00000   15.00000  11.8%  94.4 39541s
 646997 616989   15.60706 1058  214   17.00000   15.00000  11.8%  94.4 39565s
 647469 617233   15.62633 1118  211   17.00000   15.00000  11.8%  94.4 39591s
 647713 618642   15.63420 1151  211   17.00000   15.00000  11.8%  94.4 39620s
 649122 620199   15.70317 1291  214   17.00000   15.00000  11.8%  94.3 39649s
 650717 621231   15.76584 1470  209   17.00000   15.00000  11.8%  94.2 39674s
 651749 621655   15.83639 1677  212   17.00000   15.00000  11.8%  94.2 39698s
 652173 622104   15.86492 1773  211   17.00000   15.00000  11.8%  94.2 39720s
 652640 622488   15.87933 1833  209   17.00000   15.00000  11.8%  94.2 39743s
 653024 622946   15.90209 1911  209   17.00000   15.00000  11.8%  94.2 39767s
 653482 623325   15.93543 2038  203   17.00000   15.00000  11.8%  94.1 39790s
 653861 624382   15.94458 2079  209   17.00000   15.00000  11.8%  94.1 39816s
 654956 624708   16.00000   93  130   17.00000   15.00000  11.8%  94.1 39839s
 655300 625198   16.00000  136  136   17.00000   15.00000  11.8%  94.1 39885s
 655832 626313   15.04166   81  195   17.00000   15.00000  11.8%  94.2 39948s
 656989 626922   15.19695  250  208   17.00000   15.00000  11.8%  94.2 39996s
 657598 626930   15.22757  338  203   17.00000   15.00000  11.8%  94.2 40080s
 657606 626938   15.22763  339  204   17.00000   15.00000  11.8%  94.2 40150s
 657614 626946   15.22806  340  205   17.00000   15.00000  11.8%  94.2 40248s
 657622 626954   15.22912  341  209   17.00000   15.00000  11.8%  94.2 40362s
 657630 626962   15.22938  342  208   17.00000   15.00000  11.8%  94.2 40423s
 657638 626971   15.22948  343  207   17.00000   15.00000  11.8%  94.2 40500s
 657647 626986   15.23054  345  209   17.00000   15.00000  11.8%  94.2 40615s
 657662 627192   15.23370  350  206   17.00000   15.00000  11.8%  94.2 40695s
 657868 627417   15.27037  450  214   17.00000   15.00000  11.8%  94.2 40782s
 658093 628340   15.30277  538  214   17.00000   15.00000  11.8%  94.1 40874s
 659016 628876   15.35727  692  213   17.00000   15.00000  11.8%  94.1 40945s
 659552 629260   15.38955  777  214   17.00000   15.00000  11.8%  94.1 41019s
 659936 629338   15.40673  828  209   17.00000   15.00000  11.8%  94.1 41101s
 660014 630533   15.40746  829  210   17.00000   15.00000  11.8%  94.1 41185s
 661209 631722   15.46204 1002  215   17.00000   15.00000  11.8%  94.1 41264s
 662652 632816   15.51711 1144  213   17.00000   15.00000  11.8%  94.1 41338s
 663969 634509   15.58316 1298  211   17.00000   15.00000  11.8%  94.0 41405s
 665662 635245   15.66396 1598  209   17.00000   15.00000  11.8%  94.0 41460s
 666417 635674   15.70934 1760  211   17.00000   15.00000  11.8%  94.0 41514s
 666871 635812   15.72335 1827  209   17.00000   15.00000  11.8%  94.0 41583s
 667011 637280   15.72460 1836  206   17.00000   15.00000  11.8%  94.0 41649s
 668501 639099   15.79305 2152  205   17.00000   15.00000  11.8%  94.0 41707s
 670320 640561   15.88610 2578  212   17.00000   15.00000  11.8%  93.9 41755s
 671782 640853   15.96746 3004  211   17.00000   15.00000  11.8%  93.8 41777s
 672074 640878   15.97651 3049  209   17.00000   15.00000  11.8%  93.8 41801s
 672099 641047   15.98023 3064  207   17.00000   15.00000  11.8%  93.8 41828s
 672268 641805   15.98604 3090  208   17.00000   15.00000  11.8%  93.8 41861s
 673046 642051   16.00000  165  111   17.00000   15.00000  11.8%  93.8 41895s
 673300 642827   16.00000  215  124   17.00000   15.00000  11.8%  93.8 41935s
 674108 643250   15.06636  133  196   17.00000   15.00000  11.8%  93.8 41971s
 674531 644042   15.09542  180  194   17.00000   15.00000  11.8%  93.8 42007s
 675323 644106   15.14667  271  203   17.00000   15.00000  11.8%  93.8 42040s
 675387 644114   15.15016  279  205   17.00000   15.00000  11.8%  93.8 42077s
 675395 644122   15.15027  280  206   17.00000   15.00000  11.8%  93.8 42133s
 675403 644278   15.15039  281  204   17.00000   15.00000  11.8%  93.8 42171s
 675559 645369   15.15169  283  207   17.00000   15.00000  11.8%  93.8 42213s
 676650 647005   15.19858  413  204   17.00000   15.00000  11.8%  93.7 42257s
 678286 648877   15.24616  530  207   17.00000   15.00000  11.8%  93.6 42294s
 680176 650198   15.29051  670  210   17.00000   15.00000  11.8%  93.6 42328s
 681565 651460   15.33830  812  211   17.00000   15.00000  11.8%  93.5 42360s
 682841 652737   15.38875  951  210   17.00000   15.00000  11.8%  93.5 42390s
 684138 653477   15.40110  989  208   17.00000   15.00000  11.8%  93.4 42417s
 684930 655200   15.44084 1110  208   17.00000   15.00000  11.8%  93.4 42472s
 686653 655967   15.49932 1371  211   17.00000   15.00000  11.8%  93.4 42494s
 687442 656683   15.52827 1508  203   17.00000   15.00000  11.8%  93.4 42515s
 688162 657478   15.56880 1613  211   17.00000   15.00000  11.8%  93.3 42537s
 688965 658326   15.59834 1755  210   17.00000   15.00000  11.8%  93.3 42560s
 689825 658662   15.63731 1890  205   17.00000   15.00000  11.8%  93.3 42581s
 690163 659472   15.65001 1934  211   17.00000   15.00000  11.8%  93.3 42609s
 690991 659722   15.68696 2053  213   17.00000   15.00000  11.8%  93.3 42628s
 691241 660306   15.70138 2114  209   17.00000   15.00000  11.8%  93.3 42651s
 691835 660806   15.72132 2197  208   17.00000   15.00000  11.8%  93.3 42675s
 692341 660961   15.73987 2268  208   17.00000   15.00000  11.8%  93.3 42698s
 692504 661545   15.74774 2296  210   17.00000   15.00000  11.8%  93.3 42724s
 693098 662110   15.77183 2394  207   17.00000   15.00000  11.8%  93.3 42750s
 693671 663086   15.80062 2507  210   17.00000   15.00000  11.8%  93.3 42778s
 694647 663613   15.88454 2760  215   17.00000   15.00000  11.8%  93.2 42803s
 695174 664077   15.90139 2832  213   17.00000   15.00000  11.8%  93.2 42831s
 695638 665106   15.95089 2959  210   17.00000   15.00000  11.8%  93.2 42861s
 696687 666417   15.11056   93  187   17.00000   15.00000  11.8%  93.1 42890s
 698000 666845   16.00000  157  127   17.00000   15.00000  11.8%  93.0 42916s
 698436 668200     cutoff  192        17.00000   15.00000  11.8%  93.1 42950s
 699827 668486   15.08168  147  199   17.00000   15.00000  11.8%  93.0 42994s
 700113 671208   15.12728  180  202   17.00000   15.00000  11.8%  93.0 43108s
 702835 672763   15.23181  410  203   17.00000   15.00000  11.8%  92.9 43145s
 704410 673898   15.26246  491  207   17.00000   15.00000  11.8%  92.8 43173s
 705585 675116   15.30079  602  209   17.00000   15.00000  11.8%  92.8 43200s

Cutting planes:
  MIR: 1
  Flow cover: 13

Explored 706891 nodes (65642902 simplex iterations) in 43200.16 seconds (127805.16 work units)
Thread count was 8 (of 56 available processors)

Solution count 10: 17 18 19 ... 33

Time limit reached
Best objective 1.700000000000e+01, best bound 1.500000000000e+01, gap 11.7647%

User-callback calls 12201387, time in user-callback 54.43 sec
Set parameter TimeLimit to value 1.7979876446723938e+03
Gurobi Optimizer version 12.0.3 build v12.0.3rc0 (linux64 - "Ubuntu 24.04.4 LTS")

CPU model: Intel(R) Xeon(R) Gold 6348 CPU @ 2.60GHz, instruction set [SSE2|AVX|AVX2|AVX512]
Thread count: 56 physical cores, 56 logical processors, using up to 8 threads

Non-default parameters:
TimeLimit  1.7979876446723938e+03
Heuristics  0.5
MIPFocus  1
NoRelHeurTime  1800
Threads  8

Optimize a model with 358 rows, 73499 columns and 2127970 nonzeros
Model fingerprint: 0x89097539
Variable types: 0 continuous, 73499 integer (73499 binary)
Coefficient statistics:
  Matrix range     [1e+00, 1e+00]
  Objective range  [1e+01, 2e+02]
  Bounds range     [1e+00, 1e+00]
  RHS range        [1e+00, 2e+01]

Loaded user MIP start with objective 1307.52
MIP start from previous solve did not produce a new incumbent solution

Presolve removed 0 rows and 30 columns
Presolve time: 4.49s
Presolved: 358 rows, 73469 columns, 2127267 nonzeros
Variable types: 0 continuous, 73469 integer (73469 binary)
Starting NoRel heuristic
Found heuristic solution: objective 1295.0800000
Found heuristic solution: objective 1293.0960000
Found heuristic solution: objective 1290.3680000
Found heuristic solution: objective 1283.4240000
Found heuristic solution: objective 1282.9280000
Found heuristic solution: objective 1272.6800000
Found heuristic solution: objective 1264.7440000
Found heuristic solution: objective 1212.6320000
Found heuristic solution: objective 1208.1280000
Elapsed time for NoRel heuristic: 5s (best bound 48.784)
Found heuristic solution: objective 1202.4240000
Found heuristic solution: objective 1200.4400000
Found heuristic solution: objective 1199.9440000
Elapsed time for NoRel heuristic: 11s (best bound 48.784)
Elapsed time for NoRel heuristic: 21s (best bound 48.784)
Found heuristic solution: objective 1194.9440000
Elapsed time for NoRel heuristic: 27s (best bound 48.784)
Elapsed time for NoRel heuristic: 32s (best bound 48.784)
Found heuristic solution: objective 1183.9520000
Elapsed time for NoRel heuristic: 40s (best bound 585.618)
Found heuristic solution: objective 1132.0480000
Elapsed time for NoRel heuristic: 46s (best bound 585.618)
Found heuristic solution: objective 1128.0800000
Elapsed time for NoRel heuristic: 53s (best bound 585.618)
Found heuristic solution: objective 1127.5840000
Found heuristic solution: objective 1127.3360000
Elapsed time for NoRel heuristic: 61s (best bound 585.618)
Elapsed time for NoRel heuristic: 71s (best bound 585.618)
Elapsed time for NoRel heuristic: 78s (best bound 585.618)
Found heuristic solution: objective 1123.6160000
Elapsed time for NoRel heuristic: 97s (best bound 585.618)
Elapsed time for NoRel heuristic: 103s (best bound 585.618)
Elapsed time for NoRel heuristic: 110s (best bound 585.618)
Elapsed time for NoRel heuristic: 121s (best bound 592.517)
Elapsed time for NoRel heuristic: 149s (best bound 592.517)
Found heuristic solution: objective 1119.9360000
Elapsed time for NoRel heuristic: 185s (best bound 592.517)
Found heuristic solution: objective 1119.4400000
Elapsed time for NoRel heuristic: 206s (best bound 593.093)
Elapsed time for NoRel heuristic: 218s (best bound 593.093)
Elapsed time for NoRel heuristic: 230s (best bound 593.093)
Elapsed time for NoRel heuristic: 245s (best bound 593.093)
Elapsed time for NoRel heuristic: 287s (best bound 593.093)
Elapsed time for NoRel heuristic: 357s (best bound 593.093)
Elapsed time for NoRel heuristic: 434s (best bound 593.093)
Elapsed time for NoRel heuristic: 512s (best bound 593.093)
Elapsed time for NoRel heuristic: 599s (best bound 593.093)
Found heuristic solution: objective 1098.3200000
Elapsed time for NoRel heuristic: 710s (best bound 593.093)
Elapsed time for NoRel heuristic: 741s (best bound 593.093)
Elapsed time for NoRel heuristic: 805s (best bound 593.093)
Elapsed time for NoRel heuristic: 859s (best bound 593.093)
Found heuristic solution: objective 1048.1920000
Elapsed time for NoRel heuristic: 996s (best bound 593.093)
Elapsed time for NoRel heuristic: 1042s (best bound 593.093)
Elapsed time for NoRel heuristic: 1091s (best bound 593.093)
Elapsed time for NoRel heuristic: 1164s (best bound 593.093)
Elapsed time for NoRel heuristic: 1378s (best bound 593.093)
Found heuristic solution: objective 1044.8880000
Found heuristic solution: objective 1038.4400000
Found heuristic solution: objective 1034.1840000
Elapsed time for NoRel heuristic: 1668s (best bound 593.093)
Found heuristic solution: objective 1033.6880000
Elapsed time for NoRel heuristic: 1733s (best bound 593.093)
Elapsed time for NoRel heuristic: 1793s (best bound 593.093)
NoRel heuristic complete

Explored 0 nodes (0 simplex iterations) in 1798.08 seconds (2761.48 work units)
Thread count was 8 (of 56 available processors)

Solution count 10: 1033.69 1034.18 1038.44 ... 1127.34

Time limit reached
Best objective 1.033688000000e+03, best bound 5.930931351101e+02, gap 42.6236%

User-callback calls 325061, time in user-callback 2.45 sec
