
Gurobi 12.0.3 (linux64) logging started Tue Sep 22 01:59:53 2026

Set parameter LogFile to value "/home/nc437/ladder-lite/mip_structure_20260922/results/c3_k15_fresh/focus1/730243_r0/gurobi.log"
Set parameter Threads to value 8
Set parameter Seed to value 0
Set parameter MIPGap to value 0.0001
Set parameter MIPFocus to value 1
Set parameter TimeLimit to value 1800
Gurobi Optimizer version 12.0.3 build v12.0.3rc0 (linux64 - "Ubuntu 24.04.4 LTS")

CPU model: Intel(R) Xeon(R) Gold 6230 CPU @ 2.10GHz, instruction set [SSE2|AVX|AVX2|AVX512]
Thread count: 40 physical cores, 40 logical processors, using up to 8 threads

Non-default parameters:
TimeLimit  1800
MIPFocus  1
Threads  8

Optimize a model with 302 rows, 38130 columns and 896915 nonzeros
Model fingerprint: 0x9a6d0205
Variable types: 0 continuous, 38130 integer (38130 binary)
Coefficient statistics:
  Matrix range     [1e+00, 1e+00]
  Objective range  [1e+00, 1e+00]
  Bounds range     [1e+00, 1e+00]
  RHS range        [1e+00, 1e+00]

Loaded user MIP start with objective 100

Presolve removed 0 rows and 2665 columns
Presolve time: 1.55s
Presolved: 302 rows, 35465 columns, 845322 nonzeros
Found heuristic solution: objective 94.0000000
Variable types: 0 continuous, 35465 integer (35465 binary)
Found heuristic solution: objective 82.0000000

Starting sifting (using dual simplex for sub-problems)...

    Iter     Pivots    Primal Obj      Dual Obj        Time
       0          0     infinity      0.0000000e+00      2s
       1        651   1.6764739e+01   5.5695052e+00      2s
       2       2680   1.6485876e+01   1.0372243e+01      2s
       3       4524   1.5874511e+01   1.2221100e+01      2s
       4       6685   1.5256395e+01   1.3454184e+01      2s
       5       7766   1.5000000e+01   1.3644727e+01      3s
       6       8954   1.5000000e+01   1.3738127e+01      3s
       7      10194   1.5000000e+01   1.5000000e+01      3s

Sifting complete


Root relaxation: objective 1.500000e+01, 10194 iterations, 1.28 seconds (1.68 work units)
Total elapsed time = 5.78s (DegenMoves)

    Nodes    |    Current Node    |     Objective Bounds      |     Work
 Expl Unexpl |  Obj  Depth IntInf | Incumbent    BestBd   Gap | It/Node Time

     0     0   15.00000    0  157   82.00000   15.00000  81.7%     -    6s
H    0     0                      33.0000000   15.00000  54.5%     -    6s
H    0     0                      28.0000000   15.00000  46.4%     -    6s
H    0     0                      27.0000000   15.00000  44.4%     -    6s
H    0     0                      26.0000000   15.00000  42.3%     -    6s
H    0     0                      25.0000000   15.00000  40.0%     -    6s
H    0     0                      24.0000000   15.00000  37.5%     -    6s
H    0     0                      23.0000000   15.00000  34.8%     -    7s
H    0     0                      22.0000000   15.00000  31.8%     -    7s
H    0     0                      21.0000000   15.00000  28.6%     -    7s
H    0     0                      20.0000000   15.00000  25.0%     -    9s
     0     0   15.00000    0  155   20.00000   15.00000  25.0%     -   24s
H    0     0                      19.0000000   15.00000  21.1%     -   45s
     0     0   15.00000    0  143   19.00000   15.00000  21.1%     -   49s
     0     0   15.00000    0  134   19.00000   15.00000  21.1%     -   55s
     0     0   15.00000    0  124   19.00000   15.00000  21.1%     -   79s
     0     0   15.00000    0  119   19.00000   15.00000  21.1%     -   85s
     0     0   15.00000    0  115   19.00000   15.00000  21.1%     -   86s
     0     0   15.00000    0  121   19.00000   15.00000  21.1%     -   91s
     0     0   15.00000    0  116   19.00000   15.00000  21.1%     -   93s
     0     0   15.00000    0  122   19.00000   15.00000  21.1%     -   96s
     0     2   15.00000    0  122   19.00000   15.00000  21.1%     -  146s
     1     4   15.00000    1  151   19.00000   15.00000  21.1%  8291  153s
     3     8   15.00000    2  147   19.00000   15.00000  21.1%  3023  162s
     7    16   15.00000    3  164   19.00000   15.00000  21.1%  1540  166s
    23    56   15.00000    5  194   19.00000   15.00000  21.1%   870  180s
    55   116   15.00000    6  153   19.00000   15.00000  21.1%   873  198s
   115   226   15.00000   33  222   19.00000   15.00000  21.1%   724  232s
   225   704   15.00000   34  182   19.00000   15.00000  21.1%   723  296s
   703  1809   15.00000   98  245   19.00000   15.00000  21.1%   692  371s
H 1808  1950                      18.0000000   15.00000  16.7%   999  435s
  1949  2224   15.00000  261  181   18.00000   15.00000  16.7%  1036  494s
  2223  2921   15.00000  313  232   18.00000   15.00000  16.7%  1090  538s
  2920  3216   15.00000  394  225   18.00000   15.00000  16.7%  1223  580s
  3215  3227   15.00000  433  177   18.00000   15.00000  16.7%  1283  621s
  3226  3429   15.00000  434  195   18.00000   15.00000  16.7%  1281  673s
  3428  3620   15.00000  459  210   18.00000   15.00000  16.7%  1324  718s
  3619  4319   15.02336  523  198   18.00000   15.00000  16.7%  1322  758s
  4318  4969   15.11089  641  206   18.00000   15.00000  16.7%  1226  799s
  4968  5183   15.15336  727  201   18.00000   15.00000  16.7%  1086  838s
  5182  5191   15.17611  770  199   18.00000   15.00000  16.7%  1049  895s
  5190  5387   15.17713  771  198   18.00000   15.00000  16.7%  1048  951s
  5386  5797   15.17744  772  195   18.00000   15.00000  16.7%  1015  988s
  5796  6498   15.19018  804  191   18.00000   15.00000  16.7%   951 1028s
  6497  6847   15.23708  909  203   18.00000   15.00000  16.7%   862 1064s
  6846  7207   15.27807  966  203   18.00000   15.00000  16.7%   828 1105s
  7206  7400   15.30028 1011  197   18.00000   15.00000  16.7%   793 1141s
  7400  7401   15.00000  217  122   18.00000   15.00000  16.7%   776 1147s
  7402  7402   15.00000  182  157   18.00000   15.00000  16.7%   775 1168s
  7403  7403   15.00000   77  152   18.00000   15.00000  16.7%   775 1186s
  7404  7404   15.00000  348  140   18.00000   15.00000  16.7%   775 1195s
  7405  7404   15.14264 1072  137   18.00000   15.00000  16.7%   775 1200s
  7406  7405   15.31058  404  134   18.00000   15.00000  16.7%   775 1205s
  7407  7406   15.32016  425  137   18.00000   15.00000  16.7%   775 1219s
  7408  7406   15.01133  495  130   18.00000   15.00000  16.7%   775 1223s
  7409  7407   15.00000   41  129   18.00000   15.00000  16.7%   775 1230s
  7411  7408   15.37285  599  134   18.00000   15.00000  16.7%   774 1237s
  7412  7409   15.68442  971  134   18.00000   15.00000  16.7%   774 1277s
  7413  7413   15.00000   16  140   18.00000   15.00000  16.7%   783 1295s
  7415  7416   15.00000   17  142   18.00000   15.00000  16.7%   783 1304s
  7419  7423   15.00000   18  149   18.00000   15.00000  16.7%   783 1317s
  7427  7428   15.00000   19  171   18.00000   15.00000  16.7%   783 1324s
  7435  7457   15.00000   20  190   18.00000   15.00000  16.7%   783 1338s
  7467  7474   15.00000   21  161   18.00000   15.00000  16.7%   787 1355s
  7494  7473   15.00000   26  152   18.00000   15.00000  16.7%   786 1384s
  7502  7525   15.00151   27  164   18.00000   15.00000  16.7%   787 1421s
  7635  7594   16.83822   47   47   18.00000   15.00000  16.7%   777 1435s
  7878  7628   15.01359   36  164   18.00000   15.00000  16.7%   759 1447s
  8190  7616   15.04723   59  166   18.00000   15.00000  16.7%   734 1457s
  8377  7665   15.04723   60  166   18.00000   15.00000  16.7%   719 1466s
  8497  7640   15.08889   75  166   18.00000   15.00000  16.7%   711 1483s
  8512  7758   15.10183   82  164   18.00000   15.00000  16.7%   710 1495s
  8635  7763   15.14213  107  167   18.00000   15.00000  16.7%   702 1504s
  8681  7756   15.14738  110  167   18.00000   15.00000  16.7%   698 1519s
  8689  7778   15.14894  111  169   18.00000   15.00000  16.7%   698 1531s
  8714  7798   15.15775  112  172   18.00000   15.00000  16.7%   696 1550s
  8742  7928   15.16035  113  170   18.00000   15.00000  16.7%   694 1562s
  8881  8030   15.19540  138  165   18.00000   15.00000  16.7%   684 1573s
  9030  8175   15.21763  158  170   18.00000   15.00000  16.7%   673 1583s
  9224  8452   15.23931  182  174   18.00000   15.00000  16.7%   661 1597s
  9566  8589   15.26679  240  167   18.00000   15.00000  16.7%   639 1606s
  9817  8620   15.29246  275  171   18.00000   15.00000  16.7%   624 1619s
  9932  8627   15.29321  276  170   18.00000   15.00000  16.7%   617 1629s
  9977  8672   15.30220  291  165   18.00000   15.00000  16.7%   615 1641s
 10037  8660   15.31974  310  164   18.00000   15.00000  16.7%   611 1653s
 10045  8713   15.31974  311  164   18.00000   15.00000  16.7%   611 1678s
 10101  8718   15.31999  312  169   18.00000   15.00000  16.7%   608 1689s
 10124  8857   15.32059  313  170   18.00000   15.00000  16.7%   607 1719s
 10271  8876   15.32067  314  168   18.00000   15.00000  16.7%   599 1731s
 10339  9027   15.32067  315  168   18.00000   15.00000  16.7%   595 1761s
 10513  9206   15.35019  347  170   18.00000   15.00000  16.7%   586 1782s
 10750  9240   15.38378  388  174   18.00000   15.00000  16.7%   574 1791s
 10863  9245   15.39305  410  169   18.00000   15.00000  16.7%   569 1800s

Cutting planes:
  MIR: 1
  Flow cover: 14

Explored 10905 nodes (6233840 simplex iterations) in 1800.04 seconds (3951.37 work units)
Thread count was 8 (of 40 available processors)

Solution count 10: 18 19 20 ... 27

Time limit reached
Best objective 1.800000000000e+01, best bound 1.500000000000e+01, gap 16.6667%

User-callback calls 738350, time in user-callback 3.32 sec
