
Gurobi 12.0.3 (linux64) logging started Tue Sep 22 01:51:50 2026

Set parameter LogFile to value "/home/nc437/ladder-lite/mip_structure_20260922/results/c1_k15_fresh/default/729452_r0/gurobi.log"
Set parameter Threads to value 8
Set parameter Seed to value 0
Set parameter MIPGap to value 0.0001
Set parameter TimeLimit to value 1800
Gurobi Optimizer version 12.0.3 build v12.0.3rc0 (linux64 - "Ubuntu 24.04.4 LTS")

CPU model: AMD EPYC 9654 96-Core Processor, instruction set [SSE2|AVX|AVX2|AVX512]
Thread count: 192 physical cores, 384 logical processors, using up to 8 threads

Non-default parameters:
TimeLimit  1800
Threads  8

Optimize a model with 364 rows, 79611 columns and 2322459 nonzeros
Model fingerprint: 0x7becc3ce
Variable types: 0 continuous, 79611 integer (79611 binary)
Coefficient statistics:
  Matrix range     [1e+00, 1e+00]
  Objective range  [1e+00, 1e+00]
  Bounds range     [1e+00, 1e+00]
  RHS range        [1e+00, 1e+00]

Loaded user MIP start with objective 129

Presolve removed 0 rows and 45 columns
Presolve time: 2.37s
Presolved: 364 rows, 79566 columns, 2321553 nonzeros
Variable types: 0 continuous, 79566 integer (79566 binary)

Starting sifting (using dual simplex for sub-problems)...

    Iter     Pivots    Primal Obj      Dual Obj        Time
       0          0     infinity      0.0000000e+00      3s
       1       1021   1.7648095e+01   5.0528481e+00      3s
       2       2958   1.7193349e+01   9.7012987e+00      3s
       3       5309   1.6469659e+01   1.1689160e+01      3s
       4       7345   1.6099698e+01   1.2509201e+01      3s
       5       9821   1.5677656e+01   1.3231067e+01      3s
       6      13319   1.5210032e+01   1.3679474e+01      4s
       7      15870   1.5020223e+01   1.3837145e+01      4s
       8      17565   1.5000000e+01   1.3895540e+01      4s
       9      19099   1.5000000e+01   1.3947938e+01      4s
      10      20636   1.5000000e+01   1.5000000e+01      4s

Sifting complete


Root relaxation: objective 1.500000e+01, 20636 iterations, 2.03 seconds (4.79 work units)
Total elapsed time = 11.65s (DegenMoves)

    Nodes    |    Current Node    |     Objective Bounds      |     Work
 Expl Unexpl |  Obj  Depth IntInf | Incumbent    BestBd   Gap | It/Node Time

     0     0   15.00000    0  171  129.00000   15.00000  88.4%     -   14s
H    0     0                      37.0000000   15.00000  59.5%     -   14s
H    0     0                      32.0000000   15.00000  53.1%     -   14s
H    0     0                      31.0000000   15.00000  51.6%     -   14s
H    0     0                      27.0000000   15.00000  44.4%     -   14s
H    0     0                      25.0000000   15.00000  40.0%     -   14s
H    0     0                      24.0000000   15.00000  37.5%     -   14s
H    0     0                      23.0000000   15.00000  34.8%     -   15s
H    0     0                      22.0000000   15.00000  31.8%     -   15s
H    0     0                      21.0000000   15.00000  28.6%     -   15s
H    0     0                      20.0000000   15.00000  25.0%     -   17s
     0     0   15.00000    0  178   20.00000   15.00000  25.0%     -   39s
     0     0   15.00000    0  174   20.00000   15.00000  25.0%     -   75s
     0     0   15.00000    0  171   20.00000   15.00000  25.0%     -   90s
     0     0   15.00000    0  176   20.00000   15.00000  25.0%     -  103s
H    0     0                      19.0000000   15.00000  21.1%     -  115s
     0     0   15.00000    0  166   19.00000   15.00000  21.1%     -  120s
     0     0   15.00000    0  167   19.00000   15.00000  21.1%     -  130s
     0     0   15.00000    0  164   19.00000   15.00000  21.1%     -  132s
     0     0   15.00000    0  160   19.00000   15.00000  21.1%     -  144s
     0     0   15.00000    0  160   19.00000   15.00000  21.1%     -  154s
     0     2   15.00000    0  160   19.00000   15.00000  21.1%     -  182s
     3     8   15.00000    2  243   19.00000   15.00000  21.1%  8457  187s
     7    16   15.00000    3  226   19.00000   15.00000  21.1%  4244  191s
    15    24   15.00000    4  230   19.00000   15.00000  21.1%  2601  197s
    23   103   15.00000    5  260   19.00000   15.00000  21.1%  2254  208s
   102   184   15.00000   15  234   19.00000   15.00000  21.1%  2861  219s
   183   192   15.00000   25  300   19.00000   15.00000  21.1%  2150  244s
   191   200   15.00000   26  303   19.00000   15.00000  21.1%  2172  269s
   199   210   15.00000   27  303   19.00000   15.00000  21.1%  2200  302s
   209   279   15.00000   28  306   19.00000   15.00000  21.1%  2229  334s
   278   307   15.00000   29  307   19.00000   15.00000  21.1%  2516  378s
   306   873   15.00000   34  318   19.00000   15.00000  21.1%  2539  445s
H  377   873                      18.0000000   15.00000  16.7%  2393  445s
   872  1058   15.00000  105  267   18.00000   15.00000  16.7%  2571  506s
  1057  1526   15.00000  106  295   18.00000   15.00000  16.7%  2543  602s
  1525  2295   15.00000  137  269   18.00000   15.00000  16.7%  2661  681s
  2294  2786   15.00000  191  233   18.00000   15.00000  16.7%  2113  734s
  2785  3321   15.00000  204  238   18.00000   15.00000  16.7%  1776  783s
  3320  3797   15.00000  219  251   18.00000   15.00000  16.7%  1525  832s
  3796  4203   15.00000  233  244   18.00000   15.00000  16.7%  1362  879s
  4202  4894   15.00000  246  251   18.00000   15.00000  16.7%  1253  927s
  4893  5687   15.00000  258  260   18.00000   15.00000  16.7%  1097  970s
  5686  6048   15.00000  269  246   18.00000   15.00000  16.7%   960 1010s
  6047  6700   15.00000  280  245   18.00000   15.00000  16.7%   914 1050s
  6699  7341   15.00000  291  258   18.00000   15.00000  16.7%   838 1089s
  7341  7342   16.02643 2299  160   18.00000   15.00000  16.7%   776 1101s
  7343  7343   15.06590   50  171   18.00000   15.00000  16.7%   776 1142s
  7344  7344   15.00000  231  178   18.00000   15.00000  16.7%   775 1208s
  7345  7345   15.15092  818  174   18.00000   15.00000  16.7%   775 1228s
  7346  7345   15.00000  398  170   18.00000   15.00000  16.7%   775 1262s
  7347  7346   15.00000  294  159   18.00000   15.00000  16.7%   775 1266s
  7348  7347   15.00000  418  168   18.00000   15.00000  16.7%   775 1282s
  7349  7347   15.19488  907  172   18.00000   15.00000  16.7%   775 1285s
  7350  7348   15.06168  470  168   18.00000   15.00000  16.7%   775 1301s
  7352  7349   15.79797 1723  153   18.00000   15.00000  16.7%   775 1321s
  7354  7351   15.11577  646  153   18.00000   15.00000  16.7%   774 1348s
  7355  7351   15.39184  783  148   18.00000   15.00000  16.7%   774 1351s
  7356  7352   15.62781 1323  148   18.00000   15.00000  16.7%   774 1368s
  7357  7353   15.06111   42  148   18.00000   15.00000  16.7%   774 1430s
  7358  7356   15.00000   12  199   18.00000   15.00000  16.7%   809 1457s
  7360  7360   15.00000   13  199   18.00000   15.00000  16.7%   809 1462s
  7364  7364   15.00000   14  185   18.00000   15.00000  16.7%   809 1471s
  7370  7370   15.00000   15  207   18.00000   15.00000  16.7%   809 1478s
  7378  7392   15.00000   16  238   18.00000   15.00000  16.7%   809 1503s
  7402  7392   15.00000   18  224   18.00000   15.00000  16.7%   836 1538s
  7410  7397   15.00000   19  204   18.00000   15.00000  16.7%   838 1591s
  7418  7403   15.00000   19  208   18.00000   15.00000  16.7%   838 1644s
  7427  7431   15.00000   20  191   18.00000   15.00000  16.7%   840 1690s
  7458  7492   15.00000   23  193   18.00000   15.00000  16.7%   846 1800s

Cutting planes:
  MIR: 1
  Flow cover: 6

Explored 7529 nodes (6631665 simplex iterations) in 1800.07 seconds (4773.48 work units)
Thread count was 8 (of 384 available processors)

Solution count 10: 18 19 20 ... 31

Time limit reached
Best objective 1.800000000000e+01, best bound 1.500000000000e+01, gap 16.6667%

User-callback calls 325730, time in user-callback 1.32 sec
