[MIP] physical pool preparation: 27328 valid recorded, 0 repaired, 0 rejected, 29.449s
[MIP] pool: 27328 columns over 154 trips (instance scale_ladder/instances/nested_probability_k2_15_20260908/Practice_Custom_DutyUnion_k08_p03_20260908.csv, soc_step=2.5, certified=True)
[MIP] coverage: min 612 / median 3890 / max 6367 columns per trip
[MIP] strict-feasibility seed: 154 exact singleton columns (one per trip)
[MIP] greedy feasible MIP start: 51 buses
Set parameter LicenseID to value 2674428
Set parameter GURO_PAR_SPECIAL
Set parameter TokenServer to value "en-cc-unicorn-data-dirs.coecis.cornell.edu"
Set parameter LogFile to value "/home/nc437/ladder-lite/diving_pricing_20260919/results/c3_k08/treatment/586636_r0/mip_gurobi.log"
Set parameter OutputFlag to value 1
Set parameter TimeLimit to value 2978
Set parameter MIPGap to value 0.0001
Set parameter Threads to value 8
Set parameter Seed to value 20260919
Set parameter TimeLimit to value 1489
Gurobi Optimizer version 12.0.3 build v12.0.3rc0 (linux64 - "Ubuntu 24.04.4 LTS")

CPU model: Intel(R) Xeon(R) Gold 6230 CPU @ 2.10GHz, instruction set [SSE2|AVX|AVX2|AVX512]
Thread count: 40 physical cores, 40 logical processors, using up to 8 threads

Non-default parameters:
TimeLimit  1489
Seed  20260919
Threads  8

Optimize a model with 154 rows, 27328 columns and 563939 nonzeros
Model fingerprint: 0x5686507f
Variable types: 0 continuous, 27328 integer (27328 binary)
Coefficient statistics:
  Matrix range     [1e+00, 1e+00]
  Objective range  [1e+00, 1e+00]
  Bounds range     [1e+00, 1e+00]
  RHS range        [1e+00, 1e+00]

Loaded user MIP start with objective 51

Presolve removed 0 rows and 1227 columns
Presolve time: 1.26s
Presolved: 154 rows, 26101 columns, 542473 nonzeros
Found heuristic solution: objective 50.0000000
Variable types: 0 continuous, 26101 integer (26101 binary)
Found heuristic solution: objective 49.0000000

Starting sifting (using dual simplex for sub-problems)...

    Iter     Pivots    Primal Obj      Dual Obj        Time
       0          0     infinity      0.0000000e+00      1s
       1        308   8.7853278e+00   4.2882466e+00      1s
       2        928   8.7015186e+00   5.9011241e+00      1s
       3       1574   8.3467650e+00   6.7017171e+00      1s
       4       2030   8.0000000e+00   8.0000000e+00      2s

Sifting complete


Root relaxation: objective 8.000000e+00, 2030 iterations, 0.18 seconds (0.14 work units)

    Nodes    |    Current Node    |     Objective Bounds      |     Work
 Expl Unexpl |  Obj  Depth IntInf | Incumbent    BestBd   Gap | It/Node Time

     0     0    8.00000    0   51   49.00000    8.00000  83.7%     -    2s
H    0     0                      13.0000000    8.00000  38.5%     -    2s
H    0     0                      11.0000000    8.00000  27.3%     -    2s
H    0     0                      10.0000000    8.00000  20.0%     -    2s
H    0     0                       9.0000000    8.00000  11.1%     -    2s
     0     0    8.00000    0   46    9.00000    8.00000  11.1%     -    3s
     0     0    8.00000    0   63    9.00000    8.00000  11.1%     -    6s
     0     0    8.00000    0   46    9.00000    8.00000  11.1%     -    8s
     0     0    8.00000    0   40    9.00000    8.00000  11.1%     -   13s
     0     0    8.00000    0   59    9.00000    8.00000  11.1%     -   15s
     0     0    8.00000    0   52    9.00000    8.00000  11.1%     -   16s
     0     0    8.00000    0   57    9.00000    8.00000  11.1%     -   18s
     0     0    8.00000    0   60    9.00000    8.00000  11.1%     -   18s
     0     0    8.00000    0   59    9.00000    8.00000  11.1%     -   19s
     0     0    8.00000    0   59    9.00000    8.00000  11.1%     -   20s
     0     2    8.00000    0   59    9.00000    8.00000  11.1%     -   22s
    23    72    8.00000    5   84    9.00000    8.00000  11.1%   635   26s
   225   207    8.00000   20   92    9.00000    8.00000  11.1%   353   30s
   263   255    8.00000   22   80    9.00000    8.00000  11.1%   399   38s
   290   273    8.00000   23   85    9.00000    8.00000  11.1%   390   45s
   308   747    8.00000   24   87    9.00000    8.00000  11.1%   389   56s
   828  1021    8.00000   87   76    9.00000    8.00000  11.1%   375   68s
  1286  1164    8.00000  163   91    9.00000    8.00000  11.1%   408   77s
  1799  1281 infeasible  122         9.00000    8.00000  11.1%   464   84s
  2298  1471 infeasible  101         9.00000    8.00000  11.1%   514   91s
  2983  1472    8.00000   27   46    9.00000    8.00000  11.1%   487   95s
  2985  1473    8.00000   99   63    9.00000    8.00000  11.1%   486  100s
  2987  1475    8.00000  120   48    9.00000    8.00000  11.1%   486  105s
  2990  1477    8.00000   98   56    9.00000    8.00000  11.1%   485  110s
  2994  1479    8.00000   50   52    9.00000    8.00000  11.1%   485  115s
  2998  1482    8.00000  107   50    9.00000    8.00000  11.1%   484  120s
  3002  1485    8.00000  109   52    9.00000    8.00000  11.1%   483  125s
  3007  1491    8.00000   14   60    9.00000    8.00000  11.1%   539  130s
  3029  1526    8.00000   18   87    9.00000    8.00000  11.1%   537  138s
  3059  1520    8.00000   20  103    9.00000    8.00000  11.1%   537  143s
  3071  1520    8.00000   20   68    9.00000    8.00000  11.1%   539  151s
  3083  1518    8.00000   21   72    9.00000    8.00000  11.1%   538  160s
  3107  1532    8.00000   21   60    9.00000    8.00000  11.1%   538  168s
  3153  1583 infeasible   22         9.00000    8.00000  11.1%   539  176s
  3370  1640    8.00000   31   57    9.00000    8.00000  11.1%   540  180s
  3603  1749    8.00000   53   89    9.00000    8.00000  11.1%   533  189s
  3936  1792 infeasible   71         9.00000    8.00000  11.1%   534  200s
* 4265  1573              36       8.0000000    8.00000  0.00%   544  200s

Cutting planes:
  MIR: 1
  Flow cover: 4

Explored 4332 nodes (2365579 simplex iterations) in 200.19 seconds (217.54 work units)
Thread count was 8 (of 40 available processors)

Solution count 8: 8 9 10 ... 51

Optimal solution found (tolerance 1.00e-04)
Best objective 8.000000000000e+00, best bound 8.000000000000e+00, gap 0.0000%

User-callback calls 73914, time in user-callback 0.48 sec
[MIP] stage 1: fleet=8 (bound 8.0, gap 0.0, proven=True, limit=1489.0s, remaining=2777.1s)
Set parameter TimeLimit to value 2.7770763041973114e+03
Gurobi Optimizer version 12.0.3 build v12.0.3rc0 (linux64 - "Ubuntu 24.04.4 LTS")

CPU model: Intel(R) Xeon(R) Gold 6230 CPU @ 2.10GHz, instruction set [SSE2|AVX|AVX2|AVX512]
Thread count: 40 physical cores, 40 logical processors, using up to 8 threads

Non-default parameters:
TimeLimit  2.7770763041973114e+03
Seed  20260919
Threads  8

Optimize a model with 155 rows, 27328 columns and 591267 nonzeros
Model fingerprint: 0x57535313
Variable types: 0 continuous, 27328 integer (27328 binary)
Coefficient statistics:
  Matrix range     [1e+00, 1e+00]
  Objective range  [1e-11, 2e+02]
  Bounds range     [1e+00, 1e+00]
  RHS range        [1e+00, 8e+00]

Loaded user MIP start with objective 395.192
MIP start from previous solve did not produce a new incumbent solution

Presolve removed 0 rows and 159 columns
Presolve time: 1.44s
Presolved: 155 rows, 27169 columns, 588082 nonzeros
Variable types: 0 continuous, 27169 integer (27169 binary)

Starting sifting (using dual simplex for sub-problems)...

    Iter     Pivots    Primal Obj      Dual Obj        Time
       0          0     infinity     -1.1641532e-10      2s
       1        875   1.0004071e+06   2.4985332e+01      2s
       2       1938   4.6178936e+05   4.1600754e+01      2s
       3       3166   6.2820602e+04   4.6260734e+01      2s
       4       3891   3.1586020e+02   1.1148043e+02      2s
       5       4854   2.4705888e+02   1.5454913e+02      2s
       6       5547   2.1970599e+02   1.7004287e+02      2s
       7       6112   2.1430160e+02   1.8837320e+02      2s
       8       6821   2.1352249e+02   1.9610616e+02      2s
       9       7510   2.1304069e+02   2.0138170e+02      2s
      10       8491   2.1275184e+02   2.0610375e+02      2s
      11       9431   2.1268912e+02   2.0678999e+02      2s
      12      10583   2.1268747e+02   2.0826782e+02      3s
      13      11345   2.1268747e+02   2.0955388e+02      3s
      14      12111   2.1268747e+02   2.1130871e+02      3s
      15      13165   2.1268747e+02   2.1146607e+02      3s

Sifting complete


Root relaxation: objective 2.126875e+02, 14570 iterations, 1.61 seconds (2.01 work units)

    Nodes    |    Current Node    |     Objective Bounds      |     Work
 Expl Unexpl |  Obj  Depth IntInf | Incumbent    BestBd   Gap | It/Node Time

     0     0  212.68747    0   79  395.19200  212.68747  46.2%     -    3s
H    0     0                     368.1200000  212.68747  42.2%     -    7s
     0     0  212.78277    0   85  368.12000  212.78277  42.2%     -    8s
     0     0  212.81988    0   86  368.12000  212.81988  42.2%     -   19s
     0     0  212.85748    0   87  368.12000  212.85748  42.2%     -   20s
H    0     0                     366.6320000  212.85748  41.9%     -   20s
     0     0  212.86530    0   90  366.63200  212.86530  41.9%     -   21s
     0     0  213.33582    0   91  366.63200  213.33582  41.8%     -   22s
     0     0  213.34104    0   92  366.63200  213.34104  41.8%     -   22s
     0     0  213.34562    0   90  366.63200  213.34562  41.8%     -   23s
     0     0  213.34570    0   91  366.63200  213.34570  41.8%     -   23s
H    0     0                     365.3920000  213.34570  41.6%     -   23s
     0     0  213.35701    0   87  365.39200  213.35701  41.6%     -   23s
H    0     0                     363.9040000  213.35701  41.4%     -   24s
     0     0  213.35931    0   87  363.90400  213.35931  41.4%     -   24s
     0     0  213.36404    0   89  363.90400  213.36404  41.4%     -   25s
     0     0  213.37011    0   89  363.90400  213.37011  41.4%     -   25s
     0     0  213.43119    0   93  363.90400  213.43119  41.3%     -   26s
     0     0  213.43258    0   96  363.90400  213.43258  41.3%     -   27s
     0     0  213.43461    0  100  363.90400  213.43461  41.3%     -   27s
     0     0  213.43835    0  102  363.90400  213.43835  41.3%     -   27s
     0     0  213.44133    0  104  363.90400  213.44133  41.3%     -   28s
     0     0  213.44144    0  104  363.90400  213.44144  41.3%     -   28s
     0     0  213.50484    0   79  363.90400  213.50484  41.3%     -   33s
H    0     0                     356.1760000  213.50484  40.1%     -   33s
     0     0  213.50484    0   85  356.17600  213.50484  40.1%     -   37s
     0     0  213.50484    0   89  356.17600  213.50484  40.1%     -   42s
     0     0  213.50484    0   94  356.17600  213.50484  40.1%     -   43s
     0     0  213.50484    0   94  356.17600  213.50484  40.1%     -   43s
     0     0  213.50484    0   96  356.17600  213.50484  40.1%     -   44s
     0     0  213.50484    0  100  356.17600  213.50484  40.1%     -   44s
     0     0  213.50484    0  102  356.17600  213.50484  40.1%     -   44s
     0     0  213.50484    0  103  356.17600  213.50484  40.1%     -   44s
     0     0  213.50484    0  104  356.17600  213.50484  40.1%     -   44s
     0     0  213.50484    0  105  356.17600  213.50484  40.1%     -   44s
     0     0  213.65049    0  100  356.17600  213.65049  40.0%     -   45s
     0     0  213.65181    0  101  356.17600  213.65181  40.0%     -   45s
     0     0  213.65329    0  105  356.17600  213.65329  40.0%     -   46s
     0     0  213.65847    0  109  356.17600  213.65847  40.0%     -   46s
     0     0  213.65884    0  108  356.17600  213.65884  40.0%     -   46s
     0     0  213.65960    0  112  356.17600  213.65960  40.0%     -   46s
     0     0  213.65985    0  112  356.17600  213.65985  40.0%     -   46s
     0     2  213.84111    0  112  356.17600  213.84111  40.0%     -   49s
     1     4  213.84111    1  100  356.17600  213.84111  40.0%   146   50s
   101    99  213.84111   12  112  356.17600  213.84111  40.0%   126   55s
   403   366  213.84111   36  109  356.17600  213.84111  40.0%  60.8   60s
   711   670  214.14273   75  106  356.17600  213.84111  40.0%  49.9   65s
  1637  1645  214.57491  156  109  356.17600  213.84111  40.0%  40.8   70s
  3018  3175  215.39879  244  114  356.17600  213.84111  40.0%  36.9   75s
  4920  4804  215.91099  339  121  356.17600  213.84111  40.0%  31.8   81s
  4984  4836  215.95828  347  125  356.17600  213.84111  40.0%  31.8   85s
  5017  4867  215.97519  351  122  356.17600  213.84111  40.0%  32.3   90s
  5092  5010  215.98222  356  123  356.17600  213.84111  40.0%  32.3   95s
  5659  5585  216.16062  387  123  356.17600  213.84111  40.0%  31.9  100s
  6796  6889  216.41565  475  122  356.17600  213.84111  40.0%  30.6  105s
  7132  6891  276.43127  861   79  356.17600  213.84111  40.0%  30.6  113s
  7133  6892  238.00719  223   88  356.17600  213.84111  40.0%  30.6  117s
  7140  6897  249.34659  430  109  356.17600  213.84111  40.0%  30.6  120s
  7147  6904  213.92118   15  111  356.17600  213.84111  40.0%  31.4  125s
  7193  6935  217.05270   20  101  356.17600  213.84111  40.0%  32.9  130s
  7252  6952  214.05286   24  113  356.17600  213.84111  40.0%  34.9  135s
  7336  6962  215.08097   27   87  356.17600  213.84111  40.0%  37.7  140s
  7451  6970  230.84126   30  100  356.17600  213.84111  40.0%  40.1  145s
  7556  7017  214.27161   33  108  356.17600  213.84111  40.0%  43.2  150s
  7665  7070  216.64804   35   85  356.17600  213.84111  40.0%  46.2  155s
  7707  7109  218.96692   37   98  356.17600  213.84111  40.0%  47.6  160s
  7846  7215  214.58110   41  117  356.17600  213.84111  40.0%  50.3  165s
  7940  7251  214.79198   45  115  356.17600  213.84111  40.0%  52.6  170s
  7995  7286  224.53601   47  104  356.17600  213.84111  40.0%  54.1  177s
  8057  7370  227.77008   50  100  356.17600  213.84111  40.0%  55.3  181s
  8317  7563  215.67328   56  120  356.17600  213.84111  40.0%  59.3  186s
  8597  7744  216.11007   62  123  356.17600  213.84111  40.0%  64.3  191s
  8743  7762  228.63142   64  100  356.17600  213.84111  40.0%  66.3  195s
  9001  7953  216.33681   68  126  356.17600  213.84111  40.0%  69.7  201s
  9197  8065  216.38117   73  125  356.17600  213.84111  40.0%  73.6  206s
  9536  8292  216.51052   79  117  356.17600  213.84111  40.0%  77.9  211s
  9937  8507  216.60022   85  116  356.17600  213.84111  40.0%  81.5  215s
 10202  8636  232.93175   88  104  356.17600  213.84111  40.0%  84.1  221s
 10441  8712  216.68898   91  113  356.17600  213.84111  40.0%  85.2  226s
 10658  8807  216.76932   94  121  356.17600  213.84111  40.0%  87.3  231s
 10848  8980  216.80750   98  118  356.17600  213.84111  40.0%  88.7  236s
 11138  9159  216.87219  102  120  356.17600  213.84111  40.0%  89.7  242s
 11481  9194  216.90811  106  119  356.17600  213.84111  40.0%  91.3  247s
 11743  9141  216.95100  110  116  356.17600  213.84111  40.0%  93.8  254s
 11812  9231  216.96023  111  116  356.17600  213.84111  40.0%  94.3  257s
 12001  9375  216.97053  115  115  356.17600  213.84111  40.0%  96.0  261s
 12326  9458  217.00570  119  123  356.17600  213.84111  40.0%  97.6  265s
 13012  9504  217.45539  127  121  356.17600  213.84111  40.0%   100  273s
 13023  9660  235.16258  127  104  356.17600  213.84111  40.0%   100  276s
 13310  9803  217.96465  130  120  356.17600  213.84111  40.0%   101  280s
 13713  9849  226.42685  136   97  356.17600  213.84111  40.0%   103  285s
 14389  9734  218.85915  145  125  356.17600  213.97637  39.9%   105  294s
 14416  9940  230.05943  145  102  356.17600  213.97637  39.9%   105  299s
 14670 10167  225.77677  147  110  356.17600  213.97637  39.9%   106  308s
 15057 10125  219.26625  153  132  356.17600  213.97637  39.9%   107  313s
 15202 10597  225.31953  153  100  356.17600  213.97637  39.9%   107  318s
 15913 10560  219.46860  162  124  356.17600  214.73971  39.7%   108  322s
 16287 10789  219.98518  166  125  356.17600  214.75835  39.7%   109  327s
*16686  5296              47     228.6000000  215.17267  5.87%   110  327s
 16905  5181  220.09568  171  122  228.60000  215.17267  5.87%   110  331s
 17424  5621  220.54031  187  119  228.60000  215.18552  5.87%   110  335s
 19243  6021  220.99081  222  126  228.60000  215.29781  5.82%   106  344s
*19420  3111              47     218.1840000  215.32660  1.31%   107  344s
 20081  2096     cutoff  236       218.18400  215.38631  1.28%   106  347s
 20814  1695     cutoff   21       218.18400  216.01565  0.99%   104  350s

Cutting planes:
  MIR: 27
  Flow cover: 12
  Zero half: 4

Explored 21317 nodes (2213483 simplex iterations) in 352.89 seconds (642.18 work units)
Thread count was 8 (of 40 available processors)

Solution count 8: 218.184 228.6 356.176 ... 395.192

Optimal solution found (tolerance 1.00e-04)
Best objective 2.181840000000e+02, best bound 2.181840000000e+02, gap 0.0000%

User-callback calls 121654, time in user-callback 0.53 sec
[MIP] status=OPTIMAL(2) buses=8 obj=800218.184 gap=0.0 -> /home/nc437/ladder-lite/diving_pricing_20260919/results/c3_k08/treatment/586636_r0/result.json
