[MIP] physical pool preparation: 63561 valid recorded, 0 repaired, 0 rejected, 86.380s
[MIP] pool: 63561 columns over 194 trips (instance scale_ladder/instances/nested_probability_k2_15_20260908/Practice_Custom_DutyUnion_k08_p01_20260908.csv, soc_step=2.5, certified=True)
[MIP] coverage: min 873 / median 9972 / max 16761 columns per trip
[MIP] strict-feasibility seed: 194 exact singleton columns (one per trip)
[MIP] greedy feasible MIP start: 63 buses
Set parameter LicenseID to value 2674428
Set parameter GURO_PAR_SPECIAL
Set parameter TokenServer to value "en-cc-unicorn-data-dirs.coecis.cornell.edu"
Set parameter LogFile to value "/home/nc437/ladder-lite/diving_pricing_20260919/results/c1_k08/treatment/586633_r0/mip_gurobi.log"
Set parameter OutputFlag to value 1
Set parameter TimeLimit to value 1542
Set parameter MIPGap to value 0.0001
Set parameter Threads to value 8
Set parameter Seed to value 20260919
Set parameter TimeLimit to value 771
Gurobi Optimizer version 12.0.3 build v12.0.3rc0 (linux64 - "Ubuntu 24.04.4 LTS")

CPU model: Intel(R) Xeon(R) Gold 6230 CPU @ 2.10GHz, instruction set [SSE2|AVX|AVX2|AVX512]
Thread count: 40 physical cores, 40 logical processors, using up to 8 threads

Non-default parameters:
TimeLimit  771
Seed  20260919
Threads  8

Optimize a model with 194 rows, 63561 columns and 1771164 nonzeros
Model fingerprint: 0xd9f6c1f4
Variable types: 0 continuous, 63561 integer (63561 binary)
Coefficient statistics:
  Matrix range     [1e+00, 1e+00]
  Objective range  [1e+00, 1e+00]
  Bounds range     [1e+00, 1e+00]
  RHS range        [1e+00, 1e+00]

Loaded user MIP start with objective 63

Presolve removed 0 rows and 215 columns
Presolve time: 4.21s
Presolved: 194 rows, 63346 columns, 1766655 nonzeros
Variable types: 0 continuous, 63346 integer (63346 binary)
Found heuristic solution: objective 55.0000000

Starting sifting (using dual simplex for sub-problems)...

    Iter     Pivots    Primal Obj      Dual Obj        Time
       0          0     infinity      0.0000000e+00      5s
       1        262   9.2776040e+00   2.7756027e+00      5s
       2       1368   8.9018068e+00   5.4928572e+00      5s
       3       2180   8.6678600e+00   6.6304200e+00      5s
       4       3083   8.3875017e+00   6.9983351e+00      5s
       5       4039   8.1864233e+00   7.2568118e+00      5s
       6       4819   8.0000000e+00   7.3084224e+00      5s
       7       5634   8.0000000e+00   8.0000000e+00      5s

Sifting complete


Root simplex log...

Iteration    Objective       Primal Inf.    Dual Inf.      Time
    5634    8.0000000e+00   0.000000e+00   0.000000e+00      5s

Root relaxation: objective 8.000000e+00, 5634 iterations, 0.70 seconds (0.64 work units)

    Nodes    |    Current Node    |     Objective Bounds      |     Work
 Expl Unexpl |  Obj  Depth IntInf | Incumbent    BestBd   Gap | It/Node Time

     0     0    8.00000    0   91   55.00000    8.00000  85.5%     -   10s
H    0     0                      17.0000000    8.00000  52.9%     -   10s
H    0     0                      16.0000000    8.00000  50.0%     -   10s
H    0     0                      15.0000000    8.00000  46.7%     -   10s
H    0     0                      14.0000000    8.00000  42.9%     -   10s
H    0     0                      11.0000000    8.00000  27.3%     -   10s
     0     0    8.00000    0   95   11.00000    8.00000  27.3%     -   13s
H    0     0                      10.0000000    8.00000  20.0%     -   20s
     0     0    8.00000    0  106   10.00000    8.00000  20.0%     -   25s
     0     0    8.00000    0   58   10.00000    8.00000  20.0%     -   37s
     0     0    8.00000    0   58   10.00000    8.00000  20.0%     -   42s
H    0     0                       9.0000000    8.00000  11.1%     -   51s
     0     2    8.00000    0   45    9.00000    8.00000  11.1%     -   64s
     2     3    8.00000    1   58    9.00000    8.00000  11.1% 12600   84s
     4     4    8.00000    1  106    9.00000    8.00000  11.1%  6300  102s
     5     5    8.00000    1   86    9.00000    8.00000  11.1%  5040  121s
     6     6    8.00000    1   85    9.00000    8.00000  11.1%  4200  125s
     7     6    8.00000    1  111    9.00000    8.00000  11.1%  3600  132s
     9     8    8.00000    1  116    9.00000    8.00000  11.1%  2800  140s
    11     9    8.00000    1   91    9.00000    8.00000  11.1%  2291  150s
    13    10    8.00000    1   87    9.00000    8.00000  11.1%  1938  158s
    15    12    8.00000    1   96    9.00000    8.00000  11.1%  1680  166s
    17    13    8.00000    1   97    9.00000    8.00000  11.1%  1482  172s
    19    14    8.00000    1   96    9.00000    8.00000  11.1%  1326  177s
    20    15    8.00000    1   96    9.00000    8.00000  11.1%  1260  180s
    24    19    8.00000    1  101    9.00000    8.00000  11.1%  5382  192s
    25    20    8.00000    1   83    9.00000    8.00000  11.1%  5167  200s
    27    21    8.00000    1   85    9.00000    8.00000  11.1%  4784  207s
    29    23    8.00000    1   86    9.00000    8.00000  11.1%  4454  210s
    33    25    8.00000    1   76    9.00000    8.00000  11.1%  3914  215s
    37    28    8.00000    1   84    9.00000    8.00000  11.1%  3491  221s
    39    29    8.00000    1   84    9.00000    8.00000  11.1%  3312  226s
    46    31    8.00000   28   96    9.00000    8.00000  11.1%  4691  230s
    70    30 infeasible   33         9.00000    8.00000  11.1%  3393  235s
   111    34 infeasible   40         9.00000    8.00000  11.1%  2351  240s
   156   109    8.00000   43  140    9.00000    8.00000  11.1%  1807  247s
   213   242    8.00000   52  150    9.00000    8.00000  11.1%  1419  255s
   364   349    8.00000   70  155    9.00000    8.00000  11.1%  1009  269s
   577   467    8.00000   89  164    9.00000    8.00000  11.1%   853  288s
   703   726    8.00000  102  165    9.00000    8.00000  11.1%   775  320s
  1278  1061    8.00000  167  127    9.00000    8.00000  11.1%   765  345s
  1991  1094    8.00000  240  159    9.00000    8.00000  11.1%   673  368s
  2338   896 infeasible  248         9.00000    8.00000  11.1%   697  393s
  2976   650 infeasible  172         9.00000    8.00000  11.1%   781  416s
  3530   628    8.00000   38  139    9.00000    8.00000  11.1%   854  440s
  3984   816    8.00000   97  127    9.00000    8.00000  11.1%   888  466s
  4490  1042    8.00000  157  150    9.00000    8.00000  11.1%   872  500s
  5008  1361    8.00000  267  149    9.00000    8.00000  11.1%   845  531s
  5421  1982    8.00000  357  152    9.00000    8.00000  11.1%   808  558s
  6322  2288    8.00000  463  148    9.00000    8.00000  11.1%   755  586s
  7382  2174 infeasible  139         9.00000    8.00000  11.1%   748  608s
  8132  2366 infeasible  292         9.00000    8.00000  11.1%   764  633s
  9276  2388 infeasible   62         9.00000    8.00000  11.1%   752  657s
 10330  2031 infeasible  374         9.00000    8.00000  11.1%   742  684s
 10829  1847 infeasible  291         9.00000    8.00000  11.1%   762  710s
 11157  2209    8.00000  130   98    9.00000    8.00000  11.1%   777  738s
 12259  1907    8.00000  259   87    9.00000    8.00000  11.1%   760  764s
 13453  1756    8.00000  177   61    9.00000    8.00000  11.1%   766  771s

Cutting planes:
  Flow cover: 6

Explored 13614 nodes (10598471 simplex iterations) in 771.03 seconds (1485.10 work units)
Thread count was 8 (of 40 available processors)

Solution count 9: 9 10 11 ... 63

Time limit reached
Best objective 9.000000000000e+00, best bound 8.000000000000e+00, gap 11.1111%

User-callback calls 169575, time in user-callback 1.12 sec
[MIP] stage 1: fleet=9 (bound 8.000000000000002, gap 0.11111111111111091, proven=False, limit=771.0s, remaining=768.9s)
Set parameter TimeLimit to value 7.6885410118103027e+02
Gurobi Optimizer version 12.0.3 build v12.0.3rc0 (linux64 - "Ubuntu 24.04.4 LTS")

CPU model: Intel(R) Xeon(R) Gold 6230 CPU @ 2.10GHz, instruction set [SSE2|AVX|AVX2|AVX512]
Thread count: 40 physical cores, 40 logical processors, using up to 8 threads

Non-default parameters:
TimeLimit  7.6885410118103027e+02
Seed  20260919
Threads  8

Optimize a model with 195 rows, 63561 columns and 1834725 nonzeros
Model fingerprint: 0xd063d085
Variable types: 0 continuous, 63561 integer (63561 binary)
Coefficient statistics:
  Matrix range     [1e+00, 1e+00]
  Objective range  [9e+00, 2e+02]
  Bounds range     [1e+00, 1e+00]
  RHS range        [1e+00, 9e+00]

Loaded user MIP start with objective 603.456
MIP start from previous solve did not produce a new incumbent solution

Presolve removed 0 rows and 12 columns
Presolve time: 3.91s
Presolved: 195 rows, 63549 columns, 1834450 nonzeros
Variable types: 0 continuous, 63549 integer (63549 binary)

Starting sifting (using dual simplex for sub-problems)...

    Iter     Pivots    Primal Obj      Dual Obj        Time
       0          0     infinity      0.0000000e+00      4s
       1        924   8.0069904e+05   1.8519832e+01      4s
       2       1766   5.5739611e+02   1.4729939e+02      4s
       3       2719   4.5738031e+02   2.2489113e+02      4s
       4       3624   3.9348224e+02   2.9206402e+02      5s
       5       4473   3.7223586e+02   3.2468243e+02      5s
       6       5293   3.6213452e+02   3.4443096e+02      5s
       7       6012   3.6072928e+02   3.5755375e+02      5s

Sifting complete


Root simplex log...

Iteration    Objective       Primal Inf.    Dual Inf.      Time
    6522    3.6066484e+02   0.000000e+00   0.000000e+00      5s

Root relaxation: objective 3.606648e+02, 6522 iterations, 0.96 seconds (1.17 work units)

    Nodes    |    Current Node    |     Objective Bounds      |     Work
 Expl Unexpl |  Obj  Depth IntInf | Incumbent    BestBd   Gap | It/Node Time

     0     0  360.66484    0  161  603.45600  360.66484  40.2%     -    5s
H    0     0                     601.4720000  360.66484  40.0%     -    6s
     0     0  361.45400    0  165  601.47200  361.45400  39.9%     -    8s
     0     0  361.57067    0  167  601.47200  361.57067  39.9%     -   17s
     0     0  361.64841    0  167  601.47200  361.64841  39.9%     -   18s
     0     0  361.75106    0  169  601.47200  361.75106  39.9%     -   18s
     0     0  361.88940    0  177  601.47200  361.88940  39.8%     -   21s
     0     0  361.92598    0  179  601.47200  361.92598  39.8%     -   32s
     0     0  362.06994    0  176  601.47200  362.06994  39.8%     -   33s
     0     0  362.13594    0  175  601.47200  362.13594  39.8%     -   33s
     0     0  362.16062    0  179  601.47200  362.16062  39.8%     -   34s
     0     0  362.20847    0  176  601.47200  362.20847  39.8%     -   37s
     0     0  362.20847    0  176  601.47200  362.20847  39.8%     -   38s
     0     0  362.20847    0  177  601.47200  362.20847  39.8%     -   39s
     0     0  362.22454    0  183  601.47200  362.22454  39.8%     -   40s
     0     0  362.28331    0  179  601.47200  362.28331  39.8%     -   42s
     0     0  362.31710    0  177  601.47200  362.31710  39.8%     -   43s
     0     0  362.35013    0  181  601.47200  362.35013  39.8%     -   44s
     0     0  362.35013    0  182  601.47200  362.35013  39.8%     -   46s
     0     0  362.35082    0  182  601.47200  362.35082  39.8%     -   47s
     0     0  362.35159    0  183  601.47200  362.35159  39.8%     -   48s
     0     0  362.41138    0  182  601.47200  362.41138  39.7%     -   49s
     0     0  362.41138    0  183  601.47200  362.41138  39.7%     -   49s
     0     0  362.41140    0  181  601.47200  362.41140  39.7%     -   50s
     0     2  362.56307    0  181  601.47200  362.56307  39.7%     -   55s
     3     8  362.92196    2  183  601.47200  362.63639  39.7%   477   61s
     7    16  362.98271    3  181  601.47200  362.92623  39.7%   489   65s
    23    57  363.28066    5  183  601.47200  362.99564  39.6%   480   71s
H   55    57                     601.2240000  362.99564  39.6%   251   71s
    64    76  363.54777   11  187  601.22400  362.99564  39.6%   238   83s
H   71    76                     600.9760000  362.99564  39.6%   222   83s
    75   108  363.63096   12  184  600.97600  362.99564  39.6%   216   85s
H  107   122                     598.9920000  362.99564  39.4%   175   87s
H  118   122                     590.2720000  362.99564  38.5%   167   87s
H  153   163                     588.2880000  362.99564  38.3%   141   89s
   162   191  364.03289   20  185  588.28800  362.99564  38.3%   137   90s
H  194   200                     587.5440000  362.99564  38.2%   123   92s
   267   296  364.35227   30  184  587.54400  362.99564  38.2%   105   95s
   325   334  364.57875   35  185  587.54400  362.99564  38.2%  96.8  108s
H  327   334                     583.7840000  362.99564  37.8%  96.6  108s
H  329   334                     575.5600000  362.99564  36.9%  96.5  108s
H  330   334                     459.3920000  362.99564  21.0%  96.3  108s
   399   438  364.65848   42  187  459.39200  362.99564  21.0%  89.9  110s
   544   586  365.12463   50  182  459.39200  362.99564  21.0%  81.4  115s
   727   783  365.54879   62  187  459.39200  362.99564  21.0%  73.8  120s
   957   966  365.93122   77  187  459.39200  362.99564  21.0%  67.4  127s
   965   974  365.94715   78  184  459.39200  362.99564  21.0%  67.2  145s
   989   998  365.98159   81  184  459.39200  362.99564  21.0%  66.8  154s
   997  1006  365.98359   82  186  459.39200  362.99564  21.0%  66.9  732s
  1005  1014  365.98524   83  184  459.39200  362.99564  21.0%  66.9  749s
  1013  1022  365.99367   84  186  459.39200  362.99564  21.0%  66.7  757s
  1021  1030  366.00428   85  185  459.39200  362.99564  21.0%  66.5  760s
H 1023  1030                     459.3919879  362.99564  21.0%  66.5  760s
  1029  1041  366.02742   86  186  459.39199  362.99564  21.0%  66.5  768s
H 1030  1041                     454.1840000  362.99564  20.1%  66.5  768s

Cutting planes:
  MIR: 24
  Zero half: 1

Explored 1057 nodes (78390 simplex iterations) in 768.91 seconds (752.43 work units)
Thread count was 8 (of 40 available processors)

Solution count 10: 454.184 459.392 459.392 ... 600.976

Time limit reached
Best objective 4.541840000000e+02, best bound 3.629956427650e+02, gap 20.0774%

User-callback calls 591147, time in user-callback 3.99 sec
[MIP] status=TIME_LIMIT(9) buses=9 obj=900454.184 gap=0.20077404143485952 -> /home/nc437/ladder-lite/diving_pricing_20260919/results/c1_k08/treatment/586633_r0/result.json
