
Gurobi 12.0.3 (linux64) logging started Thu Sep 17 21:52:50 2026

Set parameter LogFile to value "/home/nc437/ladder-lite/review_witness_columns_20260917/results/c3_k08/control/391812_r0/gurobi.log"
Set parameter OutputFlag to value 1
Set parameter TimeLimit to value 3600
Set parameter MIPGap to value 0.0001
Set parameter Threads to value 8
Set parameter TimeLimit to value 1800
Gurobi Optimizer version 12.0.3 build v12.0.3rc0 (linux64 - "Ubuntu 24.04.4 LTS")

CPU model: Intel(R) Xeon(R) Gold 6348 CPU @ 2.60GHz, instruction set [SSE2|AVX|AVX2|AVX512]
Thread count: 56 physical cores, 56 logical processors, using up to 8 threads

Non-default parameters:
TimeLimit  1800
Threads  8

Optimize a model with 154 rows, 16931 columns and 343503 nonzeros
Model fingerprint: 0xb4063d10
Variable types: 0 continuous, 16931 integer (16931 binary)
Coefficient statistics:
  Matrix range     [1e+00, 1e+00]
  Objective range  [1e+00, 1e+00]
  Bounds range     [1e+00, 1e+00]
  RHS range        [1e+00, 1e+00]

Loaded user MIP start with objective 51

Presolve removed 0 rows and 1803 columns
Presolve time: 0.32s
Presolved: 154 rows, 15128 columns, 310823 nonzeros
Found heuristic solution: objective 49.0000000
Variable types: 0 continuous, 15128 integer (15128 binary)
Found heuristic solution: objective 48.0000000

Root relaxation: objective 8.000000e+00, 662 iterations, 0.15 seconds (0.35 work units)

    Nodes    |    Current Node    |     Objective Bounds      |     Work
 Expl Unexpl |  Obj  Depth IntInf | Incumbent    BestBd   Gap | It/Node Time

     0     0    8.00000    0   67   48.00000    8.00000  83.3%     -    1s
H    0     0                      17.0000000    8.00000  52.9%     -    1s
H    0     0                      12.0000000    8.00000  33.3%     -    1s
H    0     0                      11.0000000    8.00000  27.3%     -    1s
H    0     0                      10.0000000    8.00000  20.0%     -    1s
     0     0    8.00000    0   60   10.00000    8.00000  20.0%     -    1s
     0     0    8.00000    0   53   10.00000    8.00000  20.0%     -    3s
     0     0    8.00000    0   52   10.00000    8.00000  20.0%     -    4s
     0     0    8.00000    0   52   10.00000    8.00000  20.0%     -    4s
     0     0    8.00000    0   53   10.00000    8.00000  20.0%     -    5s
     0     0    8.00000    0   57   10.00000    8.00000  20.0%     -    5s
     0     0    8.00000    0   58   10.00000    8.00000  20.0%     -    6s
     0     0    8.00000    0   52   10.00000    8.00000  20.0%     -    6s
     0     0    8.00000    0   62   10.00000    8.00000  20.0%     -    7s
     0     0    8.00000    0   53   10.00000    8.00000  20.0%     -    7s
     0     0    8.00000    0   45   10.00000    8.00000  20.0%     -    7s
     0     0    8.00000    0   49   10.00000    8.00000  20.0%     -    8s
H    0     0                       9.0000000    8.00000  11.1%     -    8s
     0     0    8.00000    0   45    9.00000    8.00000  11.1%     -    8s
     0     0    8.00000    0   45    9.00000    8.00000  11.1%     -    9s
     0     2    8.00000    0   45    9.00000    8.00000  11.1%     -    9s
     2     3    8.00000    1   45    9.00000    8.00000  11.1%  4290   12s
     5     5    8.00000    1   57    9.00000    8.00000  11.1%  1716   16s
    13    10    8.00000    1   54    9.00000    8.00000  11.1%   660   20s
    23    18    8.00000    1   49    9.00000    8.00000  11.1%  2913   25s
   181    48    8.00000   35   65    9.00000    8.00000  11.1%   668   30s
   416   217    8.00000   68   83    9.00000    8.00000  11.1%   374   35s
  2166   194 infeasible  178         9.00000    8.00000  11.1%   174   40s
  3751   841 infeasible   59         9.00000    8.00000  11.1%   142   46s
  5754  1157    8.00000   90   62    9.00000    8.00000  11.1%   128   50s
  6458  1408    8.00000   94   67    9.00000    8.00000  11.1%   127   56s
  9406  1867    8.00000  124   65    9.00000    8.00000  11.1%   119   60s
 12049  2447    8.00000  101   66    9.00000    8.00000  11.1%   114   65s
 14426  3248 infeasible   64         9.00000    8.00000  11.1%   111   71s
 17297  3789    8.00000  107   71    9.00000    8.00000  11.1%   111   76s
 20663  3834    8.00000  319   70    9.00000    8.00000  11.1%   111   80s
 23009  4123 infeasible  101         9.00000    8.00000  11.1%   111   85s
 26623  4345 infeasible   91         9.00000    8.00000  11.1%   111   90s
 29195  6757    8.00000  402   66    9.00000    8.00000  11.1%   109  114s
 30296  6828    8.00000  279   71    9.00000    8.00000  11.1%   110  115s
 32754  7772    8.00000  143   55    9.00000    8.00000  11.1%   110  120s
 33922  8410 infeasible  269         9.00000    8.00000  11.1%   110  125s
 37099  9789    8.00000  172   62    9.00000    8.00000  11.1%   109  131s
 39720 10274 infeasible  177         9.00000    8.00000  11.1%   111  135s
 42116 11578    8.00000  140   67    9.00000    8.00000  11.1%   111  141s
 44008 12446 infeasible  173         9.00000    8.00000  11.1%   112  145s
 46658 13270    8.00000  223   59    9.00000    8.00000  11.1%   112  151s
 47884 13609    8.00000  248   65    9.00000    8.00000  11.1%   112  156s
 50069 14185    8.00000  178   70    9.00000    8.00000  11.1%   113  161s
 51540 15336    8.00000  398   97    9.00000    8.00000  11.1%   113  165s
 54253 16293    8.00000  408   74    9.00000    8.00000  11.1%   112  170s
 58399 18267    8.00000  322   63    9.00000    8.00000  11.1%   112  175s
 60298 18310    8.00000  169   64    9.00000    8.00000  11.1%   114  180s
 62577 19128    8.00000  173   69    9.00000    8.00000  11.1%   115  186s
 64457 19693    8.00000  273   71    9.00000    8.00000  11.1%   114  190s
 66819 19486 infeasible  480         9.00000    8.00000  11.1%   114  195s
 68539 19673 infeasible  124         9.00000    8.00000  11.1%   115  200s
 71526 20747    8.00000  140   68    9.00000    8.00000  11.1%   115  205s
 74211 21367 infeasible  180         9.00000    8.00000  11.1%   115  211s
 74339 22706    8.00000  202   66    9.00000    8.00000  11.1%   116  221s
 78656 22873    8.00000  149   64    9.00000    8.00000  11.1%   116  226s
 81070 22997 infeasible  139         9.00000    8.00000  11.1%   117  230s
 83823 23142    8.00000  314   69    9.00000    8.00000  11.1%   117  236s
 85772 22830    8.00000  233   87    9.00000    8.00000  11.1%   118  240s
 88331 23494 infeasible  218         9.00000    8.00000  11.1%   118  245s
 90980 24456 infeasible  121         9.00000    8.00000  11.1%   118  250s
 92858 25139    8.00000   89   65    9.00000    8.00000  11.1%   118  255s
 96885 26007    8.00000  272   65    9.00000    8.00000  11.1%   119  260s
 97945 25908    8.00000   87   61    9.00000    8.00000  11.1%   119  265s
 99902 25728    8.00000  125   62    9.00000    8.00000  11.1%   119  270s
 102865 26305 infeasible  232         9.00000    8.00000  11.1%   119  275s
 104902 27660 infeasible   94         9.00000    8.00000  11.1%   119  280s
 108000 29847    8.00000  261   79    9.00000    8.00000  11.1%   118  285s
 111485 30992    8.00000  293   69    9.00000    8.00000  11.1%   119  291s
 112933 32046    8.00000  278   61    9.00000    8.00000  11.1%   118  296s
 115318 33111    8.00000  224   68    9.00000    8.00000  11.1%   119  300s
 117773 33912    8.00000  344   42    9.00000    8.00000  11.1%   119  305s
 120301 34159 infeasible  485         9.00000    8.00000  11.1%   119  310s
 122969 36066    8.00000  235   89    9.00000    8.00000  11.1%   119  315s
 125384 36571    8.00000  401  105    9.00000    8.00000  11.1%   119  321s
 126634 37411    8.00000  530  104    9.00000    8.00000  11.1%   119  326s
 128175 39595 infeasible  237         9.00000    8.00000  11.1%   118  330s
 131819 41658    8.00000  152   69    9.00000    8.00000  11.1%   117  336s
 134198 43474 infeasible  387         9.00000    8.00000  11.1%   117  341s
 139601 46788    8.00000  256   94    9.00000    8.00000  11.1%   116  345s
 142852 49116 infeasible  248         9.00000    8.00000  11.1%   115  350s
 146702 51792 infeasible  225         9.00000    8.00000  11.1%   115  355s
 148832 54593    8.00000  209   97    9.00000    8.00000  11.1%   114  375s
 156203 55438    8.00000  382   76    9.00000    8.00000  11.1%   115  381s
 157491 56308 infeasible  270         9.00000    8.00000  11.1%   114  385s
 160295 58433 infeasible  136         9.00000    8.00000  11.1%   114  390s
 163025 60186 infeasible  278         9.00000    8.00000  11.1%   114  395s
 168059 63009    8.00000  546  100    9.00000    8.00000  11.1%   113  400s
 171260 64460 infeasible  324         9.00000    8.00000  11.1%   113  405s
 173819 65666    8.00000  131   70    9.00000    8.00000  11.1%   113  410s
 177879 67377 infeasible  255         9.00000    8.00000  11.1%   113  415s
 178948 69263    8.00000  347  115    9.00000    8.00000  11.1%   113  420s
 183041 70805    8.00000  353  100    9.00000    8.00000  11.1%   113  426s
 184886 70817 infeasible  146         9.00000    8.00000  11.1%   113  430s
 186816 71369 infeasible  191         9.00000    8.00000  11.1%   113  435s
 189251 71710 infeasible  303         9.00000    8.00000  11.1%   113  440s
 190060 72159 infeasible  390         9.00000    8.00000  11.1%   113  445s
 194000 73231 infeasible  150         9.00000    8.00000  11.1%   114  452s
 196354 73376    8.00000  122   65    9.00000    8.00000  11.1%   114  455s
 197722 73672    8.00000  317   71    9.00000    8.00000  11.1%   114  461s
 198574 73608 infeasible  112         9.00000    8.00000  11.1%   114  465s
 200450 73898 infeasible  321         9.00000    8.00000  11.1%   115  470s
 206110 76480    8.00000   95   79    9.00000    8.00000  11.1%   114  476s
 208134 77190 infeasible  190         9.00000    8.00000  11.1%   114  480s
 208992 81041    8.00000  129   84    9.00000    8.00000  11.1%   115  490s
 216253 80866 infeasible  418         9.00000    8.00000  11.1%   115  495s
 218223 80666    8.00000  368   70    9.00000    8.00000  11.1%   115  500s
 221881 81932 infeasible  255         9.00000    8.00000  11.1%   115  505s
 223792 82236 infeasible  271         9.00000    8.00000  11.1%   115  512s
 225527 82467    8.00000  410   93    9.00000    8.00000  11.1%   115  516s
 227494 82135 infeasible  313         9.00000    8.00000  11.1%   116  520s
 229565 82417 infeasible  217         9.00000    8.00000  11.1%   116  525s
 232722 83222 infeasible  200         9.00000    8.00000  11.1%   116  530s
 234475 83545 infeasible  151         9.00000    8.00000  11.1%   116  535s
 237240 82619    8.00000  150   67    9.00000    8.00000  11.1%   117  540s
 239294 82072 infeasible  269         9.00000    8.00000  11.1%   117  546s
 241683 82986 infeasible  371         9.00000    8.00000  11.1%   117  551s
 243097 82814    8.00000  186   55    9.00000    8.00000  11.1%   117  555s
 244493 85182    8.00000  157   77    9.00000    8.00000  11.1%   117  561s
 249239 86677 infeasible  546         9.00000    8.00000  11.1%   117  565s
 251562 86478 infeasible  141         9.00000    8.00000  11.1%   117  570s
 254095 86326 infeasible  386         9.00000    8.00000  11.1%   118  576s
 255150 86028    8.00000  779   68    9.00000    8.00000  11.1%   118  580s
 257255 86161 infeasible  267         9.00000    8.00000  11.1%   118  588s
 258435 85977 infeasible  133         9.00000    8.00000  11.1%   119  590s
 259700 85984 infeasible  131         9.00000    8.00000  11.1%   119  595s
 264620 85743 infeasible  345         9.00000    8.00000  11.1%   119  602s
 265873 86099    8.00000  235   75    9.00000    8.00000  11.1%   120  605s
 267588 85806    8.00000  304   87    9.00000    8.00000  11.1%   120  610s
 270993 85992    8.00000  309   72    9.00000    8.00000  11.1%   120  615s
 273720 85306    8.00000  121   67    9.00000    8.00000  11.1%   121  620s
 275760 84840    8.00000  236   57    9.00000    8.00000  11.1%   121  626s
 276423 84998    8.00000  240   69    9.00000    8.00000  11.1%   121  631s
 280114 84058    8.00000  502   84    9.00000    8.00000  11.1%   121  636s
 283089 84409    8.00000  615   87    9.00000    8.00000  11.1%   122  641s
 284409 85854    8.00000  724   79    9.00000    8.00000  11.1%   121  646s
 288118 86658 infeasible  303         9.00000    8.00000  11.1%   122  652s
 288758 86181    8.00000  552   75    9.00000    8.00000  11.1%   122  658s
 292399 85567    8.00000  192   77    9.00000    8.00000  11.1%   123  662s
 293945 85128    8.00000  243   69    9.00000    8.00000  11.1%   123  665s
 296218 85351    8.00000   99   59    9.00000    8.00000  11.1%   123  673s
 298245 84563 infeasible  427         9.00000    8.00000  11.1%   123  676s
 301539 83762 infeasible  757         9.00000    8.00000  11.1%   124  683s
 303832 83304 infeasible  243         9.00000    8.00000  11.1%   124  688s
 306142 83697    8.00000  216   73    9.00000    8.00000  11.1%   124  691s
 309562 82280 infeasible  299         9.00000    8.00000  11.1%   125  698s
 311342 82458 infeasible  319         9.00000    8.00000  11.1%   125  701s
 312542 82734    8.00000  388   64    9.00000    8.00000  11.1%   125  705s
 316031 83127    8.00000  176   87    9.00000    8.00000  11.1%   126  713s
 317647 82375    8.00000  681   95    9.00000    8.00000  11.1%   126  717s
 319413 81820 infeasible  656         9.00000    8.00000  11.1%   126  721s
 321604 81961 infeasible  427         9.00000    8.00000  11.1%   126  725s
 325327 80945    8.00000  734   86    9.00000    8.00000  11.1%   127  733s
 327419 80535 infeasible   98         9.00000    8.00000  11.1%   127  738s
 328407 79156 infeasible  393         9.00000    8.00000  11.1%   127  742s
 330908 78531 infeasible  194         9.00000    8.00000  11.1%   127  747s
 333161 77340 infeasible  676         9.00000    8.00000  11.1%   128  752s
 335798 76357    8.00000  542   62    9.00000    8.00000  11.1%   128  756s
 337725 75306 infeasible  233         9.00000    8.00000  11.1%   128  760s
 339862 73952 infeasible  438         9.00000    8.00000  11.1%   129  765s
 342066 72202 infeasible  652         9.00000    8.00000  11.1%   129  770s
 344784 71032 infeasible  452         9.00000    8.00000  11.1%   129  775s
 346456 69695 infeasible  605         9.00000    8.00000  11.1%   129  781s
 348681 68055 infeasible  524         9.00000    8.00000  11.1%   130  786s
 351453 65953 infeasible  716         9.00000    8.00000  11.1%   130  791s
 353971 63897 infeasible  396         9.00000    8.00000  11.1%   130  797s
 356959 61982 infeasible  697         9.00000    8.00000  11.1%   131  802s
 359490 60749 infeasible  488         9.00000    8.00000  11.1%   131  809s
 361597 58985 infeasible  303         9.00000    8.00000  11.1%   132  815s
 364863 58522 infeasible  424         9.00000    8.00000  11.1%   132  822s
 365444 57298    8.00000  150   49    9.00000    8.00000  11.1%   132  829s
 368188 55670    8.00000  166   63    9.00000    8.00000  11.1%   133  835s
 371382 54831 infeasible  121         9.00000    8.00000  11.1%   133  841s
 374224 53616 infeasible  594         9.00000    8.00000  11.1%   133  848s
 377595 52498 infeasible  411         9.00000    8.00000  11.1%   134  855s
 379137 50637 infeasible  435         9.00000    8.00000  11.1%   134  861s
 381690 48653 infeasible  598         9.00000    8.00000  11.1%   134  867s
 385264 47810 infeasible  556         9.00000    8.00000  11.1%   135  873s
 387293 46207 infeasible  249         9.00000    8.00000  11.1%   135  880s
 389624 44524 infeasible  649         9.00000    8.00000  11.1%   136  887s
 392505 43227 infeasible  310         9.00000    8.00000  11.1%   136  893s
 394708 41347 infeasible  226         9.00000    8.00000  11.1%   137  900s
 397432 40263    8.00000  355   68    9.00000    8.00000  11.1%   137  908s
 399943 39452 infeasible  267         9.00000    8.00000  11.1%   137  915s
 402898 38147 infeasible  376         9.00000    8.00000  11.1%   138  922s
 405911 36766 infeasible  791         9.00000    8.00000  11.1%   138  929s
 409128 36137 infeasible  301         9.00000    8.00000  11.1%   138  936s
 411523 35457 infeasible  340         9.00000    8.00000  11.1%   138  943s
 414091 34268 infeasible  276         9.00000    8.00000  11.1%   139  950s
 417538 33607 infeasible  385         9.00000    8.00000  11.1%   139  957s
 419481 33143 infeasible   82         9.00000    8.00000  11.1%   139  964s
 423097 32171    8.00000  229   70    9.00000    8.00000  11.1%   139  971s
 425711 31753 infeasible  304         9.00000    8.00000  11.1%   140  978s
 427775 30332 infeasible  271         9.00000    8.00000  11.1%   140  984s
 431068 29590 infeasible  375         9.00000    8.00000  11.1%   140  990s
 433959 28835    8.00000  243   68    9.00000    8.00000  11.1%   141  997s
 436333 28632 infeasible  281         9.00000    8.00000  11.1%   141 1005s
 438288 27929    8.00000  334   64    9.00000    8.00000  11.1%   141 1012s
 441917 27176    8.00000  226   79    9.00000    8.00000  11.1%   141 1019s
 444638 26630 infeasible  751         9.00000    8.00000  11.1%   142 1026s
 447166 26441 infeasible  156         9.00000    8.00000  11.1%   142 1033s
 448857 25933    8.00000  176   63    9.00000    8.00000  11.1%   142 1042s
 451023 25940    8.00000  121   54    9.00000    8.00000  11.1%   142 1051s
 454017 24753    8.00000  338   65    9.00000    8.00000  11.1%   142 1061s
 457146 23908    8.00000  263   59    9.00000    8.00000  11.1%   143 1069s
 461057 23576 infeasible  330         9.00000    8.00000  11.1%   143 1077s
 464173 23237    8.00000  119   50    9.00000    8.00000  11.1%   143 1088s
 465280 22565    8.00000  129   40    9.00000    8.00000  11.1%   143 1097s
 467930 22043    8.00000  202   62    9.00000    8.00000  11.1%   144 1105s
 472094 21347    8.00000   57   64    9.00000    8.00000  11.1%   144 1112s
 474856 20549 infeasible  409         9.00000    8.00000  11.1%   144 1120s
 477500 19956 infeasible  606         9.00000    8.00000  11.1%   144 1128s
 479671 19303    8.00000  445   70    9.00000    8.00000  11.1%   144 1136s
 482384 18931 infeasible  175         9.00000    8.00000  11.1%   145 1145s
 483792 18358    8.00000  238   68    9.00000    8.00000  11.1%   145 1154s
 487287 17724    8.00000   88   43    9.00000    8.00000  11.1%   145 1163s
 489801 17180 infeasible  388         9.00000    8.00000  11.1%   145 1171s
 492505 16320 infeasible  815         9.00000    8.00000  11.1%   146 1178s
 495241 15887    8.00000  233   61    9.00000    8.00000  11.1%   146 1187s
 497926 15295    8.00000  339   66    9.00000    8.00000  11.1%   146 1194s
 501828 14603    8.00000   58   65    9.00000    8.00000  11.1%   146 1201s
 503150 14071 infeasible  485         9.00000    8.00000  11.1%   146 1209s
 505352 13609    8.00000  419   77    9.00000    8.00000  11.1%   146 1216s
 509083 13262 infeasible  581         9.00000    8.00000  11.1%   147 1223s
 511500 12872 infeasible  395         9.00000    8.00000  11.1%   147 1230s
 514468 12139    8.00000  237   64    9.00000    8.00000  11.1%   147 1236s
 517055 12045 infeasible  382         9.00000    8.00000  11.1%   147 1244s
 519195 11471 infeasible  435         9.00000    8.00000  11.1%   147 1250s
 522159 11247 infeasible  629         9.00000    8.00000  11.1%   148 1257s
 524591 10609    8.00000  438   76    9.00000    8.00000  11.1%   148 1264s
 527663 10308 infeasible  230         9.00000    8.00000  11.1%   148 1270s
 528956 10220 infeasible  402         9.00000    8.00000  11.1%   148 1277s
 531788 10234 infeasible  695         9.00000    8.00000  11.1%   148 1284s
 534206  9953    8.00000  321   67    9.00000    8.00000  11.1%   148 1290s
 535777  9190    8.00000  230   65    9.00000    8.00000  11.1%   149 1297s
 538370  8588 infeasible  303         9.00000    8.00000  11.1%   149 1305s
 541056  8380    8.00000  310   67    9.00000    8.00000  11.1%   149 1313s
 543010  8086    8.00000  480   77    9.00000    8.00000  11.1%   149 1321s
 546996  7116 infeasible  332         9.00000    8.00000  11.1%   150 1327s
 550256  6700    8.00000  286   78    9.00000    8.00000  11.1%   150 1334s
 552308  6304    8.00000  448   75    9.00000    8.00000  11.1%   150 1342s
 554722  5577    8.00000  233   78    9.00000    8.00000  11.1%   150 1349s
 557881  5182 infeasible  564         9.00000    8.00000  11.1%   150 1356s
 560504  5156    8.00000  317   62    9.00000    8.00000  11.1%   150 1363s
 562528  5025    8.00000  523   69    9.00000    8.00000  11.1%   150 1370s
 564347  4339    8.00000  568   81    9.00000    8.00000  11.1%   151 1378s
 568707  4891 infeasible  344         9.00000    8.00000  11.1%   151 1385s
 571641  3773 infeasible  528         9.00000    8.00000  11.1%   151 1392s
 574529  3389    8.00000  480   68    9.00000    8.00000  11.1%   151 1399s
 576247  3575 infeasible  299         9.00000    8.00000  11.1%   151 1406s
 578863  3854    8.00000  379   71    9.00000    8.00000  11.1%   151 1414s
 581876  2965    8.00000  354   73    9.00000    8.00000  11.1%   151 1421s
 584185  3194    8.00000  314   70    9.00000    8.00000  11.1%   152 1429s
 585876  2986 infeasible  855         9.00000    8.00000  11.1%   152 1437s
 588650  2634 infeasible  452         9.00000    8.00000  11.1%   152 1446s
 590564  2531    8.00000  355   78    9.00000    8.00000  11.1%   152 1455s
 592933  2581    8.00000  289   62    9.00000    8.00000  11.1%   152 1463s
 595489  2489 infeasible  280         9.00000    8.00000  11.1%   152 1472s
 598027  2205 infeasible  455         9.00000    8.00000  11.1%   152 1480s
 600907  2079 infeasible  444         9.00000    8.00000  11.1%   152 1486s
 602681  2128 infeasible  347         9.00000    8.00000  11.1%   152 1491s
 605152  1805 infeasible  436         9.00000    8.00000  11.1%   152 1495s
 606674  2148 infeasible  326         9.00000    8.00000  11.1%   152 1500s
 608771  2232    8.00000  460   76    9.00000    8.00000  11.1%   152 1505s
 611991  2087    8.00000  608   76    9.00000    8.00000  11.1%   152 1511s
 612663  1972 infeasible  438         9.00000    8.00000  11.1%   152 1516s
 614888  1447 infeasible  430         9.00000    8.00000  11.1%   152 1523s
 615991  1593 infeasible  332         9.00000    8.00000  11.1%   153 1530s
 620264  1910 infeasible  328         9.00000    8.00000  11.1%   153 1540s
 621892  1135    8.00000  413   77    9.00000    8.00000  11.1%   153 1546s
 623929  1533 infeasible  362         9.00000    8.00000  11.1%   153 1550s
 624769  1508    8.00000  433   73    9.00000    8.00000  11.1%   153 1555s
 627820  1278 infeasible  424         9.00000    8.00000  11.1%   153 1560s
 630556  1457    8.00000  463   62    9.00000    8.00000  11.1%   153 1569s
 632228  1382 infeasible  611         9.00000    8.00000  11.1%   153 1572s
 633109  1381    8.00000  405   72    9.00000    8.00000  11.1%   153 1576s
 634064  1509    8.00000  353   72    9.00000    8.00000  11.1%   153 1580s
 637019  1571    8.00000  356   65    9.00000    8.00000  11.1%   153 1587s
 638744  1101 infeasible  355         9.00000    8.00000  11.1%   153 1591s
 640542  1015 infeasible  389         9.00000    8.00000  11.1%   153 1595s
 641512  1711    8.00000  400   80    9.00000    8.00000  11.1%   153 1601s
 643142  1051 infeasible  412         9.00000    8.00000  11.1%   153 1606s
 646068  1053    8.00000  337   43    9.00000    8.00000  11.1%   153 1613s
 646842  1270    8.00000  339   38    9.00000    8.00000  11.1%   153 1617s
 648625  1204    8.00000  403   67    9.00000    8.00000  11.1%   153 1620s
 650565  1699 infeasible  439         9.00000    8.00000  11.1%   153 1627s
 652166  1903    8.00000  522   70    9.00000    8.00000  11.1%   153 1631s
 653986  1081 infeasible  790         9.00000    8.00000  11.1%   153 1636s
 656078  1363    8.00000  532   73    9.00000    8.00000  11.1%   153 1643s
 658411  1160    8.00000  448   62    9.00000    8.00000  11.1%   153 1646s
 659014   800 infeasible  454         9.00000    8.00000  11.1%   153 1650s
 661532  1035    8.00000  603   70    9.00000    8.00000  11.1%   153 1659s
 662429   891    8.00000  640   78    9.00000    8.00000  11.1%   153 1662s
 664557   998    8.00000  425   70    9.00000    8.00000  11.1%   153 1666s
 666767   665    8.00000  775   77    9.00000    8.00000  11.1%   153 1670s
 668885   888    8.00000  697   65    9.00000    8.00000  11.1%   153 1676s
 670506   806    8.00000  519   66    9.00000    8.00000  11.1%   153 1681s
 671906   783    8.00000  631   70    9.00000    8.00000  11.1%   153 1686s
 673653   745 infeasible  809         9.00000    8.00000  11.1%   153 1690s
 676560   574 infeasible  556         9.00000    8.00000  11.1%   154 1695s
 677723   831 infeasible  675         9.00000    8.00000  11.1%   154 1700s
 680645   518 infeasible  584         9.00000    8.00000  11.1%   154 1705s
 681546   469    8.00000  508   76    9.00000    8.00000  11.1%   154 1710s
 683646   609 infeasible  669         9.00000    8.00000  11.1%   154 1715s
 685354   499 infeasible  953         9.00000    8.00000  11.1%   154 1721s
 688256   447 infeasible  746         9.00000    8.00000  11.1%   154 1726s
 689635   407    8.00000  620   60    9.00000    8.00000  11.1%   154 1730s
 692956   473    8.00000  601   68    9.00000    8.00000  11.1%   154 1736s
 693748   443    8.00000  739   77    9.00000    8.00000  11.1%   154 1740s
 693914   448 infeasible  746         9.00000    8.00000  11.1%   154 1749s
 697049   282 infeasible  885         9.00000    8.00000  11.1%   154 1752s
 698170   168    8.00000  693   60    9.00000    8.00000  11.1%   154 1757s

Cutting planes:
  Flow cover: 19

Explored 699193 nodes (108000573 simplex iterations) in 1757.78 seconds (4774.76 work units)
Thread count was 8 (of 56 available processors)

Solution count 8: 9 10 11 ... 51

Optimal solution found (tolerance 1.00e-04)
Best objective 9.000000000000e+00, best bound 9.000000000000e+00, gap 0.0000%

User-callback calls 1778156, time in user-callback 2.17 sec
Set parameter TimeLimit to value 1.8419873807430267e+03
Gurobi Optimizer version 12.0.3 build v12.0.3rc0 (linux64 - "Ubuntu 24.04.4 LTS")

CPU model: Intel(R) Xeon(R) Gold 6348 CPU @ 2.60GHz, instruction set [SSE2|AVX|AVX2|AVX512]
Thread count: 56 physical cores, 56 logical processors, using up to 8 threads

Non-default parameters:
TimeLimit  1.8419873807430267e+03
Threads  8

Optimize a model with 155 rows, 16931 columns and 360434 nonzeros
Model fingerprint: 0xf3afe0b3
Variable types: 0 continuous, 16931 integer (16931 binary)
Coefficient statistics:
  Matrix range     [1e+00, 1e+00]
  Objective range  [1e-11, 2e+02]
  Bounds range     [1e+00, 1e+00]
  RHS range        [1e+00, 9e+00]

Loaded user MIP start with objective 481.152
MIP start from previous solve did not produce a new incumbent solution

Presolve removed 0 rows and 155 columns
Presolve time: 0.52s
Presolved: 155 rows, 16776 columns, 357322 nonzeros
Variable types: 0 continuous, 16776 integer (16776 binary)

Root relaxation: objective 1.816048e+02, 1286 iterations, 0.46 seconds (1.25 work units)

    Nodes    |    Current Node    |     Objective Bounds      |     Work
 Expl Unexpl |  Obj  Depth IntInf | Incumbent    BestBd   Gap | It/Node Time

     0     0  181.60480    0  129  481.15200  181.60480  62.3%     -    1s
H    0     0                     467.7200000  181.60480  61.2%     -    2s
     0     0  181.74609    0  130  467.72000  181.74609  61.1%     -    3s
H    0     0                     439.4080000  181.74609  58.6%     -    4s
     0     0  184.20102    0  136  439.40800  184.20102  58.1%     -    6s
     0     0  184.26010    0  137  439.40800  184.26010  58.1%     -    7s
     0     0  186.07205    0  134  439.40800  186.07205  57.7%     -    7s
     0     0  186.77409    0  133  439.40800  186.77409  57.5%     -    7s
     0     0  187.18509    0  135  439.40800  187.18509  57.4%     -    7s
     0     0  187.25796    0  137  439.40800  187.25796  57.4%     -    7s
     0     0  187.26212    0  138  439.40800  187.26212  57.4%     -    7s
     0     0  187.77226    0  140  439.40800  187.77226  57.3%     -    8s
     0     0  187.83997    0  145  439.40800  187.83997  57.3%     -    8s
     0     0  187.97856    0  141  439.40800  187.97856  57.2%     -    9s
     0     0  187.99433    0  142  439.40800  187.99433  57.2%     -    9s
     0     0  188.03650    0  142  439.40800  188.03650  57.2%     -    9s
     0     0  188.05168    0  146  439.40800  188.05168  57.2%     -    9s
     0     0  188.15325    0  153  439.40800  188.15325  57.2%     -    9s
     0     0  188.17177    0  159  439.40800  188.17177  57.2%     -   10s
     0     0  188.31797    0  148  439.40800  188.31797  57.1%     -   10s
     0     0  188.36963    0  156  439.40800  188.36963  57.1%     -   10s
     0     0  188.40215    0  154  439.40800  188.40215  57.1%     -   11s
     0     0  188.41123    0  153  439.40800  188.41123  57.1%     -   11s
     0     0  188.41198    0  153  439.40800  188.41198  57.1%     -   11s
     0     2  188.54392    0  153  439.40800  188.54392  57.1%     -   15s
H   64    74                     426.4720000  188.63597  55.8%   120   18s
    89    98  188.85313   13  153  426.47200  188.63597  55.8%  96.8   20s
H  188   198                     422.5040000  188.63597  55.4%  64.5   23s
   268   283  189.23945   31  155  422.50400  188.63597  55.4%  55.1   25s
H  285   304                     385.3120000  188.63597  51.0%  54.0   25s
H  290   304                     379.6080000  188.63597  50.3%  53.9   25s
H 1332  1376                     371.6720000  188.63597  49.2%  37.5   29s
H 1345  1376                     356.0480000  188.63597  47.0%  37.6   29s
  1379  1499  190.39932   93  153  356.04800  188.63597  47.0%  37.0   30s
H 1891  1894                     350.8400000  188.63597  46.2%  35.9   32s
  2880  2875  192.03272  184  145  350.84000  188.63597  46.2%  34.8   36s
  2888  2883  192.05796  185  145  350.84000  188.63597  46.2%  35.0   41s
H 2913  2908                     345.3840000  188.63597  45.4%  35.5   43s
H 3228  3302                     344.3920000  188.63597  45.2%  35.1   44s
  3315  3493  193.49995  203  147  344.39200  188.63597  45.2%  34.8   45s
  4555  4803  194.91121  254  147  344.39200  188.63597  45.2%  32.9   50s
  5491  5482  196.07382  303  127  344.39200  188.63597  45.2%  31.6   55s
  6199  6473  196.13418  307  126  344.39200  188.63597  45.2%  29.9   60s
  7075  7205  197.17075  313  130  344.39200  188.63597  45.2%  29.4   65s
  7242  7207  246.14269  615  129  344.39200  188.63597  45.2%  29.4   73s
  7243  7208  209.58389  500  136  344.39200  188.63597  45.2%  29.4   78s
  7252  7214  235.48451  385  154  344.39200  188.63597  45.2%  29.3   81s
  7260  7219  200.50812  132  165  344.39200  188.69665  45.2%  29.3   85s
  7263  7221  211.65522  711  168  344.39200  188.74051  45.2%  29.3   90s
  7266  7226  188.75651   12  165  344.39200  188.75651  45.2%  29.7   95s
  7329  7274  189.16547   19  146  344.39200  188.81050  45.2%  32.0  100s
  7379  7307  189.50763   24  144  344.39200  188.81050  45.2%  34.3  105s
H 7464  6993                     325.4240000  188.81050  42.0%  37.9  110s
H 7517  6670                     324.1840000  188.81050  41.8%  40.2  113s
H 7518  6343                     323.6880000  188.81050  41.7%  40.2  113s
  7567  6385  190.54255   34  141  323.68800  188.81050  41.7%  41.8  115s
  7629  6411  190.60122   37  142  323.68800  188.81050  41.7%  43.8  120s
H 7661  6111                     319.9280000  188.81050  41.0%  44.7  121s
  7722  6152  199.80601   39   99  319.92800  188.81050  41.0%  46.6  125s
  7800  6203  194.44702   41  122  319.92800  188.81050  41.0%  49.4  130s
  7932  6276  190.81768   44  141  319.92800  188.81050  41.0%  53.5  135s
  7971  6298  199.36015   45  108  319.92800  188.81050  41.0%  54.6  183s
  8008  6300  190.90516   47  142  319.92800  188.81050  41.0%  55.6  246s
  8049  6328  190.95175   48  142  319.92800  188.81050  41.0%  56.6  253s
  8095  6346  196.87852   48  107  319.92800  188.81050  41.0%  57.7  255s
  8262  6399  211.75722   52  102  319.92800  188.81050  41.0%  61.5  262s
  8324  6415  200.97530   54  105  319.92800  188.81050  41.0%  62.7  267s
  8466  6467  191.37212   59  142  319.92800  188.81050  41.0%  65.8  272s
  8641  6529  191.56115   65  141  319.92800  188.81050  41.0%  69.2  276s
  8843  6594  191.69100   71  143  319.92800  188.81050  41.0%  73.1  281s
  9065  6663  191.79658   77  140  319.92800  188.81050  41.0%  77.0  286s
  9307  6731  192.16243   84  138  319.92800  188.81050  41.0%  80.6  292s
  9440  6770  192.30071   88  138  319.92800  188.81050  41.0%  82.4  295s
  9722  6888  192.48444   96  139  319.92800  188.89044  41.0%  86.1  301s
  9988  7096  210.09174  104   99  319.92800  188.89044  41.0%  90.1  307s
 10141  7217  192.86799  109  136  319.92800  188.89044  41.0%  91.8  310s
 10513  7476  193.06897  120  138  319.92800  188.89044  41.0%  95.9  317s
 10714  7599  207.26592  125  112  319.92800  188.89044  41.0%  97.8  321s
 10908  7753  198.84205  130  111  319.92800  188.89044  41.0%  99.4  325s
 11131  7778  193.38664  136  136  319.92800  188.89044  41.0%   101  330s
 11486  8137  193.58997  148  136  319.92800  188.89044  41.0%   105  338s
 11740  8294  193.71661  154  133  319.92800  188.89044  41.0%   107  342s
 12011  8470  193.83515  161  138  319.92800  188.89044  41.0%   109  347s
 12293  8405  193.95681  169  136  319.92800  188.89044  41.0%   110  355s
 12326  8512  193.96582  170  133  319.92800  188.89044  41.0%   111  361s
 12458  8614  194.04333  178  137  319.92800  188.89044  41.0%   113  367s
 12615  8844  194.12801  184  135  319.92800  188.89044  41.0%   115  373s
 12921  9046  194.40758  192  136  319.92800  188.89044  41.0%   117  379s
 13273  9138  194.52986  201  137  319.92800  188.89044  41.0%   119  384s
 13507  9373  203.65361  208   94  319.92800  188.89044  41.0%   121  392s
 13858  9517  194.81778  218  138  319.92800  188.89044  41.0%   123  400s
 14176  9664  194.89983  227  133  319.92800  188.89044  41.0%   125  408s
 14497  9962  202.73500  234  106  319.92800  188.89044  41.0%   126  417s
 15003  9956  195.36761  247  139  319.92800  188.89044  41.0%   129  422s
 15241 10142  195.52400  253  139  319.92800  188.89044  41.0%   130  428s
 15593 10263  195.63698  261  136  319.92800  188.89044  41.0%   131  435s
 15915 10398  195.72988  270  134  319.92800  188.89044  41.0%   132  443s
 16307 10585  195.91439  278  139  319.92800  188.89044  41.0%   133  450s
 16846 10740  196.10032  287  130  319.92800  188.89044  41.0%   134  457s
 17431 10889  196.19792  296  133  319.92800  188.89044  41.0%   133  465s
 17831 10837  196.29201  305  134  319.92800  189.77189  40.7%   133  474s
 17914 11367  214.40518  305  112  319.92800  189.77189  40.7%   133  482s
 18483 11795  196.30989  306  130  319.92800  189.77189  40.7%   132  492s
 19114 12125  196.47863  310  134  319.92800  189.77189  40.7%   131  501s
 19667 12659  196.75273  319  135  319.92800  189.77189  40.7%   130  508s
 20395 13249  196.84713  329  134  319.92800  189.77189  40.7%   129  515s
 21242 13117  197.05409  341  134  319.92800  189.77189  40.7%   127  525s
 21419 13196  205.11980  348  110  319.92800  189.77189  40.7%   128  533s
 21564 13869  197.25631  353  132  319.92800  189.77189  40.7%   129  542s
 22308 14525  197.39900  364  136  319.92800  189.77189  40.7%   127  549s
 23270 14790  197.49881  376  127  319.92800  189.77189  40.7%   126  557s
 23893 14832  197.64033  389  127  319.92800  189.77189  40.7%   126  612s
 24160 15430  197.83476  402  131  319.92800  189.77189  40.7%   127  622s
 24861 16117  198.00207  413  131  319.92800  189.77189  40.7%   127  633s
 25803 17253  212.50364  413   98  319.92800  189.77189  40.7%   125  642s
 26988 18488  198.23429  428  127  319.92800  189.77189  40.7%   123  652s
 28256 20182  198.46802  444  130  319.92800  189.77189  40.7%   121  665s
 29988 20183  239.64206 1487  153  319.92800  189.77189  40.7%   118  723s
 29990 20184  249.36350  696  129  319.92800  189.77189  40.7%   118  729s
 29991 20185  277.83957 2731  133  319.92800  189.77189  40.7%   118  735s
 30004 20194  222.97321  354  153  319.92800  189.77189  40.7%   118  741s
 30007 20196  280.68901  361  155  319.92800  189.77189  40.7%   118  748s
 30011 20198  250.69847  175  157  319.92800  189.77189  40.7%   118  751s
 30013 20200  203.20569   51  157  319.92800  189.77189  40.7%   118  761s
 30020 20213  189.77189   25  161  319.92800  189.77189  40.7%   118  765s
 30076 20244  189.77189   29  154  319.92800  189.77189  40.7%   118  770s
 30147 20286  207.35977   32   96  319.92800  189.77189  40.7%   119  775s
 30208 20306  196.80976   35  104  319.92800  189.77189  40.7%   119  780s
 30320 20357  190.48603   41  144  319.92800  189.77189  40.7%   119  785s
H30376 19360                     289.9360000  189.77189  34.5%   120  788s
H30380 18409                     288.9440000  189.77189  34.3%   120  789s
 30396 18427  190.55661   44  140  288.94400  189.77189  34.3%   120  790s
 30576 18467  190.82983   49  142  288.94400  189.77189  34.3%   120  795s
H30588 17561                     275.0560000  189.77189  31.0%   120  796s
 30683 17569  200.09034   51  102  275.05600  189.77189  31.0%   120  800s
 30793 17601  190.95276   53  145  275.05600  189.77189  31.0%   121  805s
 31009 17686  191.15795   59  146  275.05600  189.77189  31.0%   121  811s
 31174 17762  191.27963   64  146  275.05600  189.77189  31.0%   122  815s
 31363 17864  191.56078   70  147  275.05600  189.77189  31.0%   122  820s
 31576 17966  191.68886   76  144  275.05600  189.77189  31.0%   123  825s
 31835 18007  191.80242   83  145  275.05600  189.77189  31.0%   123  834s
 31844 18022  207.85582   83   85  275.05600  189.77189  31.0%   123  837s
 31863 18043  191.82097   84  146  275.05600  189.77189  31.0%   123  845s
 31892 18056  207.09231   84   90  275.05600  189.77189  31.0%   123  853s
 31938 18080  209.16997   85  108  275.05600  189.77189  31.0%   124  856s
 32132 18151  191.94475   88  143  275.05600  189.77189  31.0%   124  860s
 32400 18155  207.90270   94   84  275.05600  189.77189  31.0%   124  867s
 32456 18181  203.22509   95   88  275.05600  189.77189  31.0%   124  870s
 32708 18287  199.62579  101  108  275.05600  189.77189  31.0%   125  876s
 32972 18387  192.51663  109  143  275.05600  189.77189  31.0%   125  882s
 33067 18451  192.58612  113  134  275.05600  189.77189  31.0%   125  886s
 33187 18523  192.62695  117  139  275.05600  189.77189  31.0%   126  890s
 33529 18654  192.74909  126  137  275.05600  189.77189  31.0%   126  897s
 33734 18706  192.81424  130  138  275.05600  189.77189  31.0%   126  901s
 34199 18836  192.94837  139  140  275.05600  189.77189  31.0%   126  908s
 34448 18943  198.54502  143  111  275.05600  189.77189  31.0%   126  913s
 34752 19062  193.10458  149  137  275.05600  189.77189  31.0%   126  917s
 35092 19107  198.87057  154  104  275.05600  189.77189  31.0%   126  923s
 35345 19288  193.54836  160  140  275.05600  189.77189  31.0%   126  928s
 35613 19502  193.64218  165  143  275.05600  189.77189  31.0%   126  932s
 35930 19693  193.90604  172  145  275.05600  189.77189  31.0%   126  938s
 36238 19843  193.97603  178  140  275.05600  189.77189  31.0%   126  943s
 36496 20148  194.04652  184  142  275.05600  189.77189  31.0%   126  949s
 36905 20358  194.17760  192  138  275.05600  189.77189  31.0%   126  955s
 37280 20571  194.32802  200  139  275.05600  189.77189  31.0%   126  961s
 37654 20907  194.52845  209  138  275.05600  189.77189  31.0%   127  968s
 38160 21115  194.62787  218  140  275.05600  189.77189  31.0%   127  975s
 38569 21565  194.86176  228  137  275.05600  189.77189  31.0%   127  982s
 39229 21957  195.01342  237  137  275.05600  189.77189  31.0%   126  990s
 39954 22455  195.25466  247  136  275.05600  189.77189  31.0%   126  998s
 40850 22539  195.58660  258  138  275.05600  189.77189  31.0%   125 1050s
 41321 23068  195.77118  268  137  275.05600  189.77189  31.0%   125 1061s
 42309 23554  196.10137  280  140  275.05600  189.77189  31.0%   124 1070s
 43354 23929  196.34585  292  133  275.05600  189.77189  31.0%   123 1078s
 44098 23887  196.47146  303  135  275.05600  189.77189  31.0%   122 1090s
 44304 24505  206.46624  307   98  275.05600  189.77189  31.0%   122 1099s
 44991 25451  196.78813  319  135  275.05600  189.77189  31.0%   122 1111s
 46166 25821  197.16361  338  135  275.05600  189.77189  31.0%   121 1118s
 46928 26377  197.35431  348  136  275.05600  189.77189  31.0%   120 1125s
 47738 26904  197.46925  357  138  275.05600  189.77189  31.0%   119 1132s
 48535 27592  197.68057  366  134  275.05600  189.77189  31.0%   119 1140s
 49488 28592  212.44542  374   94  275.05600  189.77189  31.0%   118 1149s
 50831 29168  198.02343  385  135  275.05600  189.77189  31.0%   116 1156s
 51889 29615  198.16149  394  133  275.05600  189.77189  31.0%   115 1163s
 52688 30291  198.29100  403  134  275.05600  189.77189  31.0%   114 1171s
 53632 31052  198.36150  411  133  275.05600  189.77189  31.0%   113 1178s
 54733 31298  198.49224  421  135  275.05600  189.77189  31.0%   112 1185s
 55373 31742  198.57177  429  136  275.05600  190.53137  30.7%   112 1193s
 56031 32106  198.63921  433  136  275.05600  190.53137  30.7%   111 1199s
 56614 32940  198.70612  438  135  275.05600  190.53137  30.7%   111 1208s
 57642 33769  198.83292  446  133  275.05600  190.53137  30.7%   110 1216s
 58840 34219  198.94901  454  134  275.05600  190.53137  30.7%   109 1223s
 59709 35595  199.06104  463  132  275.05600  190.53137  30.7%   108 1238s
 61401 35683  199.48156  479  130  275.05600  190.53137  30.7%   107 1244s
 62068 36358  199.62246  486  132  275.05600  190.53137  30.7%   107 1252s
 62975 36673  199.74977  494  127  275.05600  190.53137  30.7%   106 1259s
H63004 35725                     273.5680000  190.53137  30.4%   107 1259s
 63638 35931  199.82263  500  128  273.56800  190.53137  30.4%   106 1265s
 64130 36332  200.10573  509  127  273.56800  191.14214  30.1%   106 1271s
 64720 36574  200.31796  519  135  273.56800  191.14214  30.1%   106 1278s
 65181 37090  200.51150  530  132  273.56800  191.14214  30.1%   106 1285s
 65878 37759  200.65731  540  135  273.56800  191.14214  30.1%   106 1294s
 66814 38180  200.77825  550  133  273.56800  191.14214  30.1%   106 1301s
 67734 38348  201.07725  560  133  273.56800  191.14214  30.1%   106 1308s
 68271 38559  201.34391  572  132  273.56800  191.15673  30.1%   106 1315s
 68709 39195  201.53899  583  130  273.56800  191.15673  30.1%   106 1323s
 69561 39945  219.70336  593   80  273.56800  191.15673  30.1%   106 1332s
 70702 39572  223.12864  604   96  273.56800  191.15673  30.1%   106 1342s
 70711 39637  201.99963  605  134  273.56800  191.15673  30.1%   106 1352s
 70786 40488  229.64889  605  110  273.56800  191.15673  30.1%   106 1363s
 71734 40727  202.02594  606  137  273.56800  191.15673  30.1%   105 1370s
 72481 40883  202.14289  614  136  273.56800  191.15673  30.1%   105 1378s
 73060 41662  202.37520  625  138  273.56800  191.15673  30.1%   105 1386s
 74246 42314  202.57561  637  132  273.56800  191.34096  30.1%   105 1398s
 75423 42863  202.84863  650  133  273.56800  191.34096  30.1%   104 1405s
 76506 42785  203.09701  661  134  273.56800  191.34096  30.1%   104 1412s
 76927 43192  203.18725  671  136  273.56800  191.34096  30.1%   104 1420s
 77678 43962  203.32197  679  138  273.56800  191.34096  30.1%   104 1428s
 79158 43972  203.51278  687  140  273.56800  191.34096  30.1%   103 1436s
 80497 44414  203.61303  696  134  273.56800  191.46307  30.0%   102 1442s
 81491 44893  203.68007  703  135  273.56800  191.54579  30.0%   102 1447s
 82046 45495  203.72574  709  135  273.56800  191.61725  30.0%   102 1453s
 82695 46274  203.79141  716  136  273.56800  191.72579  29.9%   101 1458s
 83474 47152  203.92613  725  135  273.56800  191.72579  29.9%   101 1465s
 84352 47486  204.01478  733  135  273.56800  191.72579  29.9%   101 1470s
 84686 48459  204.13287  741  133  273.56800  191.72579  29.9%   101 1477s
 85694 49335  204.30698  750  137  273.56800  191.73677  29.9%   100 1484s
 86668 50204  204.40416  757  140  273.56800  191.91889  29.8%  99.5 1491s
 87581 50847  204.61721  765  135  273.56800  191.91889  29.8%  99.0 1496s
 88225 51521  204.78939  774  135  273.56800  191.91889  29.8%  98.8 1502s
 88911 53197  218.03837  781   83  273.56800  191.91889  29.8%  98.6 1514s
 90636 53513  205.11310  797  141  273.56800  192.21531  29.7%  97.7 1519s
 90960 54027  205.15275  801  139  273.56800  192.21531  29.7%  97.7 1525s
 91486 54912  213.39150  809  105  273.56800  192.21531  29.7%  97.5 1531s
 92387 55716  205.50016  819  138  273.56800  192.21531  29.7%  97.2 1538s
 93219 56690  205.61845  827  136  273.56800  192.21531  29.7%  96.8 1545s
 94254 57921  205.71066  835  135  273.56800  192.21531  29.7%  96.3 1552s
 95599 58220  205.86922  844  140  273.56800  192.21531  29.7%  95.7 1558s
 96072 58805  205.98751  851  138  273.56800  192.21531  29.7%  95.6 1565s
 97000 59657  206.08026  858  136  273.56800  192.21531  29.7%  95.2 1571s
 97870 60382  206.26762  866  135  273.56800  192.21531  29.7%  94.9 1576s
 98595 61056  206.38797  874  136  273.56800  192.21531  29.7%  94.6 1581s
 99269 61903  206.44814  880  137  273.56800  192.21531  29.7%  94.4 1585s
 100116 62642  215.91555  888   92  273.56800  192.21531  29.7%  94.0 1590s
 100855 63470  206.69737  896  132  273.56800  192.21531  29.7%  93.7 1596s
 101683 64409  206.82893  905  132  273.56800  192.21531  29.7%  93.4 1602s
 102644 64718  206.96614  915  136  273.56800  192.21531  29.7%  93.0 1653s
 102972 65308  207.02897  921  134  273.56800  192.35168  29.7%  93.0 1658s
 103562 67102  207.12920  929  137  273.56800  192.35168  29.7%  92.8 1668s
 105389 67728  207.36765  944  135  273.56800  192.53427  29.6%  92.1 1672s
 106090 68494  207.44047  948  136  273.56800  192.69381  29.6%  91.9 1677s
 106896 69075  207.52902  955  137  273.56800  192.69381  29.6%  91.6 1682s
 107515 69554  207.58103  961  135  273.56800  192.69381  29.6%  91.5 1686s
 108111 70047  207.68711  966  137  273.56800  193.04193  29.4%  91.4 1691s
 108658 70689  207.74962  970  134  273.56800  193.30632  29.3%  91.2 1695s
 109327 71584  207.87403  979  139  273.56800  193.30632  29.3%  91.1 1700s
 110239 72560  208.04238  987  140  273.56800  193.30632  29.3%  90.8 1705s
 111215 73601  208.18208  995  135  273.56800  193.30632  29.3%  90.4 1711s
 112327 74288  208.23846 1002  142  273.56800  193.30632  29.3%  90.0 1715s
 113061 75224  208.42840 1010  138  273.56800  193.52683  29.3%  89.8 1721s
 113997 75573  208.55057 1018  135  273.56800  193.52683  29.3%  89.6 1726s
 114364 76149  224.58416 1022  106  273.56800  193.52683  29.3%  89.5 1730s
 115041 76837  208.71407 1030  135  273.56800  193.52683  29.3%  89.4 1735s
 115776 77492  208.86861 1038  130  273.56800  193.58794  29.2%  89.4 1740s
 116458 78394  209.06064 1047  133  273.56800  193.58794  29.2%  89.3 1745s
 117376 79028  209.27051 1055  135  273.56800  193.58794  29.2%  89.1 1750s
 118068 80712  209.50990 1063  133  273.56800  193.62870  29.2%  89.1 1760s
 119784 81332  209.71325 1076  136  273.56800  193.88460  29.1%  88.7 1765s
 120536 82012  209.94195 1084  137  273.56800  194.01804  29.1%  88.5 1770s
 121869 83065  210.11167 1097  140  273.56800  194.23852  29.0%  88.4 1778s
 122544 83848  210.24013 1105  143  273.56800  194.23852  29.0%  88.3 1783s
 123328 84395  210.40660 1112  139  273.56800  194.23852  29.0%  88.1 1787s
 123889 84956  210.61740 1119  138  273.56800  194.23852  29.0%  88.1 1792s
 124450 85655  210.97666 1127  137  273.56800  194.23852  29.0%  88.1 1796s
 125150 86357  211.18033 1136  139  273.56800  194.23852  29.0%  88.0 1801s
 125853 87117  211.33378 1144  139  273.56800  194.23852  29.0%  88.0 1806s
 126616 87786  211.53465 1153  132  273.56800  194.23852  29.0%  87.9 1811s
 127303 88378  211.86725 1161  134  273.56800  194.23852  29.0%  87.9 1816s
 127917 89001  212.01761 1168  135  273.56800  194.23852  29.0%  87.9 1821s
 128562 89708  212.43566 1177  136  273.56800  194.25521  29.0%  87.9 1826s
 129274 90541  213.00361 1186  136  273.56800  194.25521  29.0%  87.9 1832s
 130139 91353  213.51118 1195  143  273.56800  194.25521  29.0%  87.9 1838s
 131043 92093  214.69442 1205  142  273.56800  194.43159  28.9%  87.7 1841s

Cutting planes:
  MIR: 18
  Flow cover: 47
  Zero half: 5

Explored 131801 nodes (11554159 simplex iterations) in 1842.04 seconds (4751.43 work units)
Thread count was 8 (of 56 available processors)

Solution count 10: 273.568 275.056 288.944 ... 345.384

Time limit reached
Best objective 2.735680000000e+02, best bound 1.944476934677e+02, gap 28.9216%

User-callback calls 763769, time in user-callback 2.48 sec
