
Gurobi 12.0.3 (linux64) logging started Fri Sep 18 11:27:26 2026

Set parameter LogFile to value "/home/nc437/ladder-lite/review_fresh_k15_longmip_20260917/results/c5_k15__heur/gurobi.log"
Set parameter OutputFlag to value 1
Set parameter TimeLimit to value 45000
Set parameter MIPGap to value 0.0001
Set parameter Threads to value 8
Set parameter Seed to value 0
Set parameter TimeLimit to value 43200
Gurobi Optimizer version 12.0.3 build v12.0.3rc0 (linux64 - "Ubuntu 24.04.4 LTS")

CPU model: Intel(R) Xeon(R) Gold 6348 CPU @ 2.60GHz, instruction set [SSE2|AVX|AVX2|AVX512]
Thread count: 56 physical cores, 56 logical processors, using up to 8 threads

Non-default parameters:
TimeLimit  43200
Heuristics  0.5
MIPFocus  1
NoRelHeurTime  1800
Threads  8

Optimize a model with 325 rows, 68670 columns and 1811671 nonzeros
Model fingerprint: 0x2cdcb544
Variable types: 0 continuous, 68670 integer (68670 binary)
Coefficient statistics:
  Matrix range     [1e+00, 1e+00]
  Objective range  [1e+00, 1e+00]
  Bounds range     [1e+00, 1e+00]
  RHS range        [1e+00, 1e+00]

Loaded user MIP start with objective 76

Presolve time: 1.99s
Presolved: 325 rows, 68670 columns, 1811671 nonzeros
Variable types: 0 continuous, 68670 integer (68670 binary)
Starting NoRel heuristic
Found heuristic solution: objective 25.0000000
Found heuristic solution: objective 24.0000000
Found heuristic solution: objective 22.0000000
Found heuristic solution: objective 20.0000000
Found heuristic solution: objective 19.0000000
Found heuristic solution: objective 18.0000000
Elapsed time for NoRel heuristic: 6s (best bound 0)
Elapsed time for NoRel heuristic: 12s (best bound 0)
Found heuristic solution: objective 17.0000000
Elapsed time for NoRel heuristic: 19s (best bound 0)
Elapsed time for NoRel heuristic: 30s (best bound 0)
Elapsed time for NoRel heuristic: 36s (best bound 0)
Elapsed time for NoRel heuristic: 42s (best bound 0)
Elapsed time for NoRel heuristic: 52s (best bound 0)
Elapsed time for NoRel heuristic: 62s (best bound 0)
Elapsed time for NoRel heuristic: 71s (best bound 0)
Elapsed time for NoRel heuristic: 84s (best bound 0)
Elapsed time for NoRel heuristic: 101s (best bound 0)
Elapsed time for NoRel heuristic: 122s (best bound 0)
Elapsed time for NoRel heuristic: 141s (best bound 0)
Elapsed time for NoRel heuristic: 162s (best bound 0)
Elapsed time for NoRel heuristic: 189s (best bound 0)
Elapsed time for NoRel heuristic: 222s (best bound 0)
Elapsed time for NoRel heuristic: 263s (best bound 0)
Found heuristic solution: objective 16.0000000
Elapsed time for NoRel heuristic: 305s (best bound 0)
Elapsed time for NoRel heuristic: 319s (best bound 0)
Elapsed time for NoRel heuristic: 335s (best bound 0)
Elapsed time for NoRel heuristic: 347s (best bound 0)
Elapsed time for NoRel heuristic: 387s (best bound 0)
Elapsed time for NoRel heuristic: 434s (best bound 0)
Elapsed time for NoRel heuristic: 494s (best bound 0)
Elapsed time for NoRel heuristic: 552s (best bound 0)
Elapsed time for NoRel heuristic: 624s (best bound 0)
Elapsed time for NoRel heuristic: 706s (best bound 0)
Elapsed time for NoRel heuristic: 801s (best bound 0)
Elapsed time for NoRel heuristic: 915s (best bound 0)
Elapsed time for NoRel heuristic: 1024s (best bound 0)
Elapsed time for NoRel heuristic: 1160s (best bound 0)
Elapsed time for NoRel heuristic: 1335s (best bound 0)
Elapsed time for NoRel heuristic: 1513s (best bound 0)
Elapsed time for NoRel heuristic: 1724s (best bound 0)
Elapsed time for NoRel heuristic: 1964s (best bound 0)
NoRel heuristic complete

Root simplex log...

Iteration    Objective       Primal Inf.    Dual Inf.      Time
       0    0.0000000e+00   3.250000e+02   0.000000e+00   1966s

Starting sifting (using dual simplex for sub-problems)...

    Iter     Pivots    Primal Obj      Dual Obj        Time
       0          0     infinity      0.0000000e+00   1966s
       1        983   1.7936761e+01   5.1772390e+00   1966s
       2       2805   1.7762748e+01   9.6948205e+00   1966s
       3       4834   1.6953087e+01   1.1273877e+01   1967s
       4       7164   1.6128215e+01   1.2497237e+01   1967s
       5       9294   1.5529544e+01   1.3232208e+01   1967s
       6      11413   1.5249713e+01   1.3773639e+01   1967s
       7      12854   1.5000000e+01   1.5000000e+01   1967s

Sifting complete

   12854    1.5000000e+01   0.000000e+00   0.000000e+00   1967s

Root relaxation: objective 1.500000e+01, 12854 iterations, 1.38 seconds (1.99 work units)

    Nodes    |    Current Node    |     Objective Bounds      |     Work
 Expl Unexpl |  Obj  Depth IntInf | Incumbent    BestBd   Gap | It/Node Time

     0     0   15.00000    0  152   16.00000   15.00000  6.25%     - 1976s
     0     0   15.00000    0  155   16.00000   15.00000  6.25%     - 1982s
     0     0   15.00000    0  151   16.00000   15.00000  6.25%     - 2005s
     0     0   15.00000    0  147   16.00000   15.00000  6.25%     - 2016s
     0     0   15.00000    0  139   16.00000   15.00000  6.25%     - 2018s
     0     0   15.00000    0  148   16.00000   15.00000  6.25%     - 2030s
     0     0   15.00000    0  148   16.00000   15.00000  6.25%     - 2061s
     0     0   15.00000    0  173   16.00000   15.00000  6.25%     - 2127s
     0     0   15.00000    0  179   16.00000   15.00000  6.25%     - 2130s
     0     0   15.00000    0  176   16.00000   15.00000  6.25%     - 2144s
     0     0   15.00000    0  163   16.00000   15.00000  6.25%     - 2150s
     0     0   15.00000    0  161   16.00000   15.00000  6.25%     - 2150s
     0     0   15.00000    0  153   16.00000   15.00000  6.25%     - 2155s
     0     0   15.00000    0  155   16.00000   15.00000  6.25%     - 2178s
     0     0   15.00000    0  160   16.00000   15.00000  6.25%     - 2182s
     0     0   15.00000    0  159   16.00000   15.00000  6.25%     - 2182s
     0     0   15.00000    0  144   16.00000   15.00000  6.25%     - 2185s
     0     0   15.00000    0  174   16.00000   15.00000  6.25%     - 2211s
     0     0   15.00000    0  167   16.00000   15.00000  6.25%     - 2213s
     0     0   15.00000    0  142   16.00000   15.00000  6.25%     - 2222s
     0     0   15.00000    0  143   16.00000   15.00000  6.25%     - 2225s
     0     0   15.00000    0  131   16.00000   15.00000  6.25%     - 2226s
     0     0   15.00000    0  145   16.00000   15.00000  6.25%     - 2228s
     0     0   15.00000    0  147   16.00000   15.00000  6.25%     - 2243s
     0     0   15.00000    0  155   16.00000   15.00000  6.25%     - 2246s
     0     0   15.00000    0  151   16.00000   15.00000  6.25%     - 2247s
     0     0   15.00000    0  142   16.00000   15.00000  6.25%     - 2249s
     0     2   15.00000    0  142   16.00000   15.00000  6.25%     - 2271s
     3     6   15.00000    2  176   16.00000   15.00000  6.25%  2564 2276s
    13    12   15.00000    4  198   16.00000   15.00000  6.25%  1065 2280s
    86   102   15.00000    7  180   16.00000   15.00000  6.25%   569 2288s
   177   105   15.00000    8  194   16.00000   15.00000  6.25%   530 2291s
   190   113   15.00000    9  169   16.00000   15.00000  6.25%   573 2295s
   198   131   15.00000   10  191   16.00000   15.00000  6.25%   559 2300s
   216   290   15.00000   11  211   16.00000   15.00000  6.25%   525 2311s
   375   427   15.00000   32  263   16.00000   15.00000  6.25%   361 2325s
   558   592   15.00000   40  267   16.00000   15.00000  6.25%   389 2348s
   743  2464   15.00000   53  271   16.00000   15.00000  6.25%   367 2383s
  2764  2465   15.00000   21  148   16.00000   15.00000  6.25%   263 2387s
  2766  2466   15.00000   38  174   16.00000   15.00000  6.25%   262 2402s
  2767  2467   15.00000  172  187   16.00000   15.00000  6.25%   262 2410s
  2768  2468   15.00000  183  171   16.00000   15.00000  6.25%   262 2418s
  2769  2468   15.00000  231  161   16.00000   15.00000  6.25%   262 2420s
  2770  2469   15.00000  284  149   16.00000   15.00000  6.25%   262 2431s
  2771  2470   15.00000   18  167   16.00000   15.00000  6.25%   262 2446s
  2772  2470   15.00000  373  153   16.00000   15.00000  6.25%   262 2463s
  2773  2471   15.00000   37  156   16.00000   15.00000  6.25%   262 2466s
  2774  2472   15.00000  228  143   16.00000   15.00000  6.25%   262 2471s
  2776  2473   15.00000  169  166   16.00000   15.00000  6.25%   262 2502s
  2777  2477   15.00000   16  165   16.00000   15.00000  6.25%   326 2508s
  2779  2478   15.00000   17  174   16.00000   15.00000  6.25%   326 2512s
  2789  2481   15.00000   19  194   16.00000   15.00000  6.25%   328 2516s
  2821  2515   15.00000   21  188   16.00000   15.00000  6.25%   333 2522s
  2858  2523   15.00000   21  231   16.00000   15.00000  6.25%   337 2527s
  2926  2501   15.00000   22  186   16.00000   15.00000  6.25%   348 2530s
  2950  2507   15.00000   23  195   16.00000   15.00000  6.25%   350 2539s
  2959  2509   15.00000   23  246   16.00000   15.00000  6.25%   351 2544s
  2996  2517   15.00000   25  180   16.00000   15.00000  6.25%   362 2551s
  3056  2630   15.00000   29  239   16.00000   15.00000  6.25%   370 2561s
  3269  2742   15.00000   36  215   16.00000   15.00000  6.25%   397 2577s
  3690  3051   15.00000   54  218   16.00000   15.00000  6.25%   454 2599s
  4496  2785   15.00000   94  233   16.00000   15.00000  6.25%   485 2610s
  4510  2954   15.00000   94  213   16.00000   15.00000  6.25%   487 2623s
  4724  3488   15.00000  100  235   16.00000   15.00000  6.25%   480 2646s
  5345  3320   15.00000  114  257   16.00000   15.00000  6.25%   450 2659s
  5458  4444   15.00000  120  259   16.00000   15.00000  6.25%   459 2675s
  6758  4205   15.00000  135  264   16.00000   15.00000  6.25%   435 2688s
  7030  4442   15.00000  136  263   16.00000   15.00000  6.25%   437 2698s
  7526  4902   15.00000  136  217   16.00000   15.00000  6.25%   446 2709s
  8275  5013   15.00000  137  262   16.00000   15.00000  6.25%   445 2718s
  8718  5438   15.00000  137  248   16.00000   15.00000  6.25%   443 2729s
  9417  5319   15.00000  146  263   16.00000   15.00000  6.25%   437 2738s
  9617  5506   15.00000  153  264   16.00000   15.00000  6.25%   442 2746s
  9944  5431   15.00000  160  265   16.00000   15.00000  6.25%   439 2757s
 10000  5592   15.00000  160  225   16.00000   15.00000  6.25%   440 2778s
 10182  5547   15.00000  173  265   16.00000   15.00000  6.25%   438 2790s
 10206  5568   15.00000  175  222   16.00000   15.00000  6.25%   438 2804s
 10239  5841   15.00000  179  226   16.00000   15.00000  6.25%   438 2815s
 10622  6219   15.00000  192  270   16.00000   15.00000  6.25%   440 2827s
 11064  6566   15.00000  192  211   16.00000   15.00000  6.25%   436 2838s
 11467  7009   15.00000  199  272   16.00000   15.00000  6.25%   435 2851s
 12086  7324   15.00000  211  270   16.00000   15.00000  6.25%   439 2863s
 12589  7649   15.00000  218  216   16.00000   15.00000  6.25%   442 2874s
 13090  7614   15.00000  224  207   16.00000   15.00000  6.25%   446 2884s
 13141  7626   15.00000  225  277   16.00000   15.00000  6.25%   450 2898s
 13211  7671   15.00000  225  224   16.00000   15.00000  6.25%   452 2909s
 13272  7828   15.00000  226  278   16.00000   15.00000  6.25%   452 2920s
 13477  7786   15.00000  226  222   16.00000   15.00000  6.25%   452 2931s
 13579  7907   15.00000  227  278   16.00000   15.00000  6.25%   459 2942s
 13766  7924   15.00000  227  260   16.00000   15.00000  6.25%   460 2953s
 13795  7934   15.00000  230  259   16.00000   15.00000  6.25%   460 2963s
 13833  8101   15.00000  231  278   16.00000   15.00000  6.25%   461 2974s
 14072  8091   15.00000  231  269   16.00000   15.00000  6.25%   462 2985s
 14122  8324   15.00000  234  279   16.00000   15.00000  6.25%   465 2997s
 14411  8572   15.00000  236  225   16.00000   15.00000  6.25%   463 3008s
 14867  8955   15.00000  249  278   16.00000   15.00000  6.25%   469 3031s
 15608  9140   15.00000  257  278   16.00000   15.00000  6.25%   476 3044s
 16029  9732   15.00000  265  280   16.00000   15.00000  6.25%   481 3059s
 16739  9864   15.00000  274  278   16.00000   15.00000  6.25%   476 3073s
 17007 10151   15.00000  278  281   16.00000   15.00000  6.25%   479 3088s
 17432 10889   15.00000  278  262   16.00000   15.00000  6.25%   480 3106s
 18418 11471   15.00000  293  282   16.00000   15.00000  6.25%   478 3125s
 19248 11602   15.00000  305  282   16.00000   15.00000  6.25%   480 3145s
 19629 11833   15.00000  313  286   16.00000   15.00000  6.25%   486 3165s
 20116 12029   15.00000  323  283   16.00000   15.00000  6.25%   490 3187s
 20468 12047   15.00000  332  283   16.00000   15.00000  6.25%   494 3209s
 20518 12116   15.00000  332  269   16.00000   15.00000  6.25%   495 3231s
 20633 12212   15.00000  333  284   16.00000   15.00000  6.25%   495 3251s
 20821 12487   15.00000  333  209   16.00000   15.00000  6.25%   497 3271s
 21158 13333   15.00000  334  286   16.00000   15.00000  6.25%   495 3307s
 22116 13403   15.00000  334  218   16.00000   15.00000  6.25%   488 3328s
 22246 13751   15.00000  335  286   16.00000   15.00000  6.25%   489 3352s
 23132 14364   15.00000  346  286   16.00000   15.00000  6.25%   501 3377s
 24295 14387   15.00000  369  283   16.00000   15.00000  6.25%   511 3399s
 24660 14304   15.00000  375  284   16.00000   15.00000  6.25%   520 3427s
 24759 14704   15.00000  375  214   16.00000   15.00000  6.25%   526 3454s
 25333 14842   15.00000  376  283   16.00000   15.00000  6.25%   526 3481s
 25717 15349   15.00000  376  223   16.00000   15.00000  6.25%   530 3513s
 26564 16260   15.00000  377  283   16.00000   15.00000  6.25%   534 3539s
 27821 16353   15.00000  377  226   16.00000   15.00000  6.25%   531 3565s
 27948 17886   15.00000  378  284   16.00000   15.00000  6.25%   531 3589s
 29821 18471   15.00000  392  282   16.00000   15.00000  6.25%   524 3618s
 30674 19539   15.00000  407  282   16.00000   15.00000  6.25%   521 3644s
 32284 19644   15.00000  437  282   16.00000   15.00000  6.25%   515 3659s
 32449 20157   15.00000  437  222   16.00000   15.00000  6.25%   514 3678s
 32976 20178   15.00000  438  282   16.00000   15.00000  6.25%   510 3697s
 33019 20579   15.00000  438  229   16.00000   15.00000  6.25%   510 3716s
 33420 20837   15.00000  452  283   16.00000   15.00000  6.25%   508 3737s
 33796 22298   15.00000  458  284   16.00000   15.00000  6.25%   506 3760s
 35465 23277   15.00000  466  282   16.00000   15.00000  6.25%   496 3780s
 36816 23218   15.00000  489  279   16.00000   15.00000  6.25%   492 3796s
 36927 24086   15.00000  489  209   16.00000   15.00000  6.25%   493 3816s
 38049 24009   15.00000  497  280   16.00000   15.00000  6.25%   488 3836s
 38188 24024   15.00000  497  213   16.00000   15.00000  6.25%   489 3853s
 38437 25129   15.00000  499  230   16.00000   15.00000  6.25%   490 3873s
 39820 25046   15.00000  520  283   16.00000   15.00000  6.25%   483 3895s
 39917 25060   15.00000  520  218   16.00000   15.00000  6.25%   484 3914s
 39971 25097   15.00000  521  283   16.00000   15.00000  6.25%   484 3934s
 40008 25262   15.00000  521  217   16.00000   15.00000  6.25%   483 3953s
 40199 25394   15.00000  528  281   16.00000   15.00000  6.25%   483 3971s
 40331 26034   15.00000  540  283   16.00000   15.00000  6.25%   482 3989s
 41053 27320   15.00000  553  280   16.00000   15.00000  6.25%   479 4007s
 42405 27559   15.00000  557  283   16.00000   15.00000  6.25%   472 4024s
 42664 28281   15.00000  559  283   16.00000   15.00000  6.25%   471 4041s
 43530 29181   15.00000  574  283   16.00000   15.00000  6.25%   469 4060s
 44544 30912   15.00000  582  284   16.00000   15.00000  6.25%   465 4093s
 46763 30978   15.00000  612  283   16.00000   15.00000  6.25%   459 4103s
 46915 30958   15.00000  614  283   16.00000   15.00000  6.25%   459 4113s
 46953 31355   15.00000  614  215   16.00000   15.00000  6.25%   460 4126s
 47536 32081   15.00000  620  282   16.00000   15.00000  6.25%   458 4141s
 48430 32022   15.00000  635  284   16.00000   15.00000  6.25%   456 4153s
 48501 32737   15.00000  635  224   16.00000   15.00000  6.25%   457 4168s
 49272 33876   15.00000  641  284   16.00000   15.00000  6.25%   453 4184s
 50571 33886   15.00000  655  218   16.00000   15.00000  6.25%   450 4197s
 50637 33891   15.00000  656  284   16.00000   15.00000  6.25%   450 4209s
 50652 34025   15.00000  656  205   16.00000   15.00000  6.25%   450 4222s
 50796 34787   15.00000  658  223   16.00000   15.00000  6.25%   450 4237s
 51634 35865   15.00000  672  283   16.00000   15.00000  6.25%   447 4252s
 52832 35858   15.00000  687  283   16.00000   15.00000  6.25%   444 4264s
 52855 35906   15.00000  687  217   16.00000   15.00000  6.25%   445 4277s
 52903 36046   15.00000  688  283   16.00000   15.00000  6.25%   444 4290s
 53059 36111   15.00000  700  284   16.00000   15.00000  6.25%   444 4303s
 53124 36348   15.00000  713  287   16.00000   15.00000  6.25%   444 4315s
 53361 36406   15.00000  725  287   16.00000   15.00000  6.25%   443 4327s
 53419 36867   15.00000  725  229   16.00000   15.00000  6.25%   443 4341s
 53898 37665   15.00000  736  285   16.00000   15.00000  6.25%   441 4355s
 54776 37863   15.00000  750  285   16.00000   15.00000  6.25%   439 4367s
 55002 38165   15.00000  762  218   16.00000   15.00000  6.25%   438 4381s
 55374 38692   15.00000  778  287   16.00000   15.00000  6.25%   438 4395s
 55911 39474   15.00000  791  218   16.00000   15.00000  6.25%   437 4410s
 56787 39851   15.00000  807  285   16.00000   15.00000  6.25%   435 4425s
 57196 39858   15.00000  821  284   16.00000   15.00000  6.25%   434 4439s
 57217 39861   15.00000  821  223   16.00000   15.00000  6.25%   435 4453s
 57230 40233   15.00000  822  283   16.00000   15.00000  6.25%   435 4467s
 57610 41044   15.00000  822  204   16.00000   15.00000  6.25%   434 4483s
 58599 41834   15.00000  825  282   16.00000   15.00000  6.25%   433 4498s
 59649 43185   15.00000  844  288   16.00000   15.00000  6.25%   432 4528s
 61294 43562   15.00000  870  283   16.00000   15.00000  6.25%   428 4541s
 61735 44303   15.00000  878  282   16.00000   15.00000  6.25%   427 4556s
 62596 45108   15.00000  892  281   16.00000   15.00000  6.25%   426 4570s
 63589 45499   15.00000  906  280   16.00000   15.00000  6.25%   425 4583s
 64032 46916   15.00000  908  282   16.00000   15.00000  6.25%   424 4602s
 65631 47759   15.00000  923  283   16.00000   15.00000  6.25%   422 4615s
 66584 47816   15.00000  929  218   16.00000   15.00000  6.25%   421 4628s
 66757 48218   15.00000  932  285   16.00000   15.00000  6.25%   421 4644s
 67231 48870   15.00000  934  284   16.00000   15.00000  6.25%   420 4661s
 67993 49572   15.00000  945  285   16.00000   15.00000  6.25%   420 4685s
 68849 49802   15.00000  955  204   16.00000   15.00000  6.25%   418 4704s
 69089 49833   15.00000  956  285   16.00000   15.00000  6.25%   418 4722s
 69142 49897   15.00000  956  214   16.00000   15.00000  6.25%   418 4737s
 69228 50124   15.00000  957  285   16.00000   15.00000  6.25%   417 4752s
 69455 50292   15.00000  957  208   16.00000   15.00000  6.25%   417 4769s
 69627 50389   15.00000  958  283   16.00000   15.00000  6.25%   416 4784s
 69800 50407   15.00000  958  218   16.00000   15.00000  6.25%   416 4800s
 69822 50629   15.00000  960  283   16.00000   15.00000  6.25%   416 4816s
 70120 50899   15.00000  975  286   16.00000   15.00000  6.25%   416 4833s
 70744 50848   15.00000  989  243   16.00000   15.00000  6.25%   417 4849s
 70845 51240 infeasible  989        16.00000   15.00000  6.25%   418 4864s
 71307 52298 infeasible  994        16.00000   15.00000  6.25%   417 4882s
 72571 52819 infeasible  994        16.00000   15.00000  6.25%   415 4897s
 73246 54542 infeasible   87        16.00000   15.00000  6.25%   415 4914s
 75235 55497 infeasible  155        16.00000   15.00000  6.25%   411 4942s
 76548 56035 infeasible  236        16.00000   15.00000  6.25%   409 4957s
 77134 56065 infeasible  123        16.00000   15.00000  6.25%   408 4975s
 77230 56646   15.00000  746  197   16.00000   15.00000  6.25%   408 4995s
 78239 56829 infeasible  130        16.00000   15.00000  6.25%   409 5015s
 78596 57001 infeasible  505        16.00000   15.00000  6.25%   409 5039s
 78952 57706   15.00000  510  234   16.00000   15.00000  6.25%   409 5066s
 79847 59201 infeasible  175        16.00000   15.00000  6.25%   408 5093s
 81758 59100 infeasible  316        16.00000   15.00000  6.25%   406 5112s
 81871 59953 infeasible  860        16.00000   15.00000  6.25%   406 5131s
 82824 60063   15.00000  574  234   16.00000   15.00000  6.25%   405 5150s
 83018 60062   15.00000  575  236   16.00000   15.00000  6.25%   405 5169s
 83035 60148   15.00000  576  237   16.00000   15.00000  6.25%   405 5189s
 83121 60157   15.00000  577  238   16.00000   15.00000  6.25%   405 5209s
 83130 60266   15.00000  578  238   16.00000   15.00000  6.25%   405 5228s
 83257 60476   15.00000  621  245   16.00000   15.00000  6.25%   404 5246s
 83467 60861   15.00000  698  248   16.00000   15.00000  6.25%   404 5264s
 83870 61554   15.00000  796  254   16.00000   15.00000  6.25%   403 5282s
 84571 63409   15.00000  799  254   16.00000   15.00000  6.25%   401 5303s
 86552 63964   15.00000 1129  234   16.00000   15.00000  6.25%   398 5320s
 87225 63988   15.00000  421  247   16.00000   15.00000  6.25%   397 5335s
 87363 64845   15.00000  422  244   16.00000   15.00000  6.25%   398 5352s
 88314 65292   15.00000  556  251   16.00000   15.00000  6.25%   396 5369s
 88879 66467   15.00000  561  250   16.00000   15.00000  6.25%   396 5387s
 90348 66908 infeasible  133        16.00000   15.00000  6.25%   396 5411s
 91107 68509   15.00000  871  229   16.00000   15.00000  6.25%   396 5439s
 93026 69226   15.00000  621  239   16.00000   15.00000  6.25%   394 5456s
 93971 69207 infeasible  855        16.00000   15.00000  6.25%   394 5470s
 94056 70015   15.00000   94  219   16.00000   15.00000  6.25%   394 5485s
 94990 69965   15.00000  139  218   16.00000   15.00000  6.25%   393 5500s
 95058 70715   15.00000  140  219   16.00000   15.00000  6.25%   393 5517s
 95876 70787 infeasible  147        16.00000   15.00000  6.25%   392 5533s
 96040 70913   15.00000  268  201   16.00000   15.00000  6.25%   392 5548s
 96166 71902   15.00000  269  201   16.00000   15.00000  6.25%   392 5565s
 97349 72391   15.00000  447  203   16.00000   15.00000  6.25%   391 5582s
 97974 73063 infeasible  248        16.00000   15.00000  6.25%   391 5600s
 98890 74043   15.00000  434  253   16.00000   15.00000  6.25%   390 5618s
 100144 74833   15.00000  738  261   16.00000   15.00000  6.25%   389 5634s
 101146 75068   15.00000  870  257   16.00000   15.00000  6.25%   388 5649s
 101439 75995   15.00000  871  257   16.00000   15.00000  6.25%   388 5664s
 101689 75995   15.00000  853  259   16.00000   15.00000  6.25%   388 5665s
 102538 77286 infeasible   99        16.00000   15.00000  6.25%   387 5681s
 103965 77855   15.00000  735  248   16.00000   15.00000  6.25%   385 5695s
 104852 77823 infeasible  913        16.00000   15.00000  6.25%   385 5720s
 104900 82620   15.00000  676  226   16.00000   15.00000  6.25%   385 6081s
 112849 83318   15.00000 1133  234   16.00000   15.00000  6.25%   386 6107s
 113889 83275   15.00000  369  254   16.00000   15.00000  6.25%   386 6131s
 113994 83453   15.00000  375  255   16.00000   15.00000  6.25%   386 6154s
 114226 83669   15.00000  402  258   16.00000   15.00000  6.25%   386 6175s
 114442 83800   15.00000  429  256   16.00000   15.00000  6.25%   386 6198s
 114573 84754   15.00000  449  254   16.00000   15.00000  6.25%   386 6224s
 115827 84685   15.00000  969  246   16.00000   15.00000  6.25%   385 6249s
 115912 84693   15.00000  970  246   16.00000   15.00000  6.25%   386 6282s
 115920 84681   15.00000  971  247   16.00000   15.00000  6.25%   386 6311s
 115948 84750   15.00000  972  246   16.00000   15.00000  6.25%   386 6340s
 116017 85352   15.00000  973  243   16.00000   15.00000  6.25%   386 6367s
 116823 85590 infeasible  151        16.00000   15.00000  6.25%   385 6394s
 117363 86626 infeasible   84        16.00000   15.00000  6.25%   386 6419s
 118735 87577 infeasible  455        16.00000   15.00000  6.25%   385 6445s
 120044 88353   15.00000  984  249   16.00000   15.00000  6.25%   385 6473s
 121172 88995   15.00000 1032  217   16.00000   15.00000  6.25%   384 6491s
 122092 89080 infeasible  217        16.00000   15.00000  6.25%   385 6509s
 122373 89706   15.00000  931  227   16.00000   15.00000  6.25%   385 6529s
 123203 90132   15.00000  371  223   16.00000   15.00000  6.25%   385 6547s
 123763 90609   15.00000  427  231   16.00000   15.00000  6.25%   385 6567s
 124398 91060 infeasible  458        16.00000   15.00000  6.25%   385 6587s
 125005 91609 infeasible  143        16.00000   15.00000  6.25%   385 6608s
 125804 91647 infeasible  913        16.00000   15.00000  6.25%   385 6631s
 125898 91742   15.00000  426  203   16.00000   15.00000  6.25%   385 6652s
 126025 92209   15.00000  450  220   16.00000   15.00000  6.25%   385 6673s
 126602 92357 infeasible  828        16.00000   15.00000  6.25%   385 6697s
 127038 92936   15.00000  203  241   16.00000   15.00000  6.25%   385 6723s
 127783 92978   15.00000  433  264   16.00000   15.00000  6.25%   385 6749s
 127951 93091   15.00000  450  265   16.00000   15.00000  6.25%   385 6773s
 128088 94129   15.00000  461  265   16.00000   15.00000  6.25%   385 6799s
 129388 95358   15.00000  202  242   16.00000   15.00000  6.25%   385 6826s
 131055 96158   15.00000  807  254   16.00000   15.00000  6.25%   384 6849s
 132117 96146 infeasible  161        16.00000   15.00000  6.25%   384 6873s
 132219 96269 infeasible  713        16.00000   15.00000  6.25%   384 6898s
 132358 96433   15.00000  903  258   16.00000   15.00000  6.25%   384 6927s
 132530 96626 infeasible 1054        16.00000   15.00000  6.25%   384 6953s
 132857 96720 infeasible  412        16.00000   15.00000  6.25%   384 6979s
 133105 96928 infeasible  254        16.00000   15.00000  6.25%   385 7003s
 133495 97649   15.00000  185  215   16.00000   15.00000  6.25%   385 7030s
 134490 97574   15.00000  214  210   16.00000   15.00000  6.25%   386 7060s
 134921 97852 infeasible  233        16.00000   15.00000  6.25%   386 7108s
 135831 97948   15.00000  159  208   16.00000   15.00000  6.25%   387 7149s
 136575 97730 infeasible  207        16.00000   15.00000  6.25%   388 7192s
 137067 97909   15.00000  496  167   16.00000   15.00000  6.25%   389 7241s
 138004 99035   15.00000  791  234   16.00000   15.00000  6.25%   390 7287s
 139478 99481 infeasible  961        16.00000   15.00000  6.25%   389 7327s
 140302 100495   15.00000  278  253   16.00000   15.00000  6.25%   388 7369s
 141944 100616 infeasible  839        16.00000   15.00000  6.25%   388 7400s
 142375 100615 infeasible  610        16.00000   15.00000  6.25%   389 7443s
 142598 101179 infeasible   36        16.00000   15.00000  6.25%   389 7487s
 143250 101957   15.00000  800  255   16.00000   15.00000  6.25%   389 7524s
 144188 103017   15.00000  338  244   16.00000   15.00000  6.25%   388 7559s
 145394 103168   15.00000  661  259   16.00000   15.00000  6.25%   388 7591s
 145691 103784   15.00000  688  257   16.00000   15.00000  6.25%   388 7622s
 146367 104325   15.00000  757  256   16.00000   15.00000  6.25%   387 7656s
 147156 105293   15.00000  867  222   16.00000   15.00000  6.25%   387 7688s
 148332 105967 infeasible  878        16.00000   15.00000  6.25%   387 7719s
 149324 106457   15.00000  628  238   16.00000   15.00000  6.25%   387 7749s
 150034 107580 infeasible   85        16.00000   15.00000  6.25%   387 7781s
 151497 108428 infeasible   82        16.00000   15.00000  6.25%   386 7802s
 152725 108645   15.00000  525  245   16.00000   15.00000  6.25%   387 7819s
 153204 108828 infeasible  202        16.00000   15.00000  6.25%   387 7838s
 153703 108943 infeasible  420        16.00000   15.00000  6.25%   388 7858s
 154152 108998   15.00000  611  237   16.00000   15.00000  6.25%   388 7878s
 154375 108956   15.00000  640  256   16.00000   15.00000  6.25%   388 7902s
 154433 108964   15.00000  641  179   16.00000   15.00000  6.25%   389 7927s
 154441 108972   15.00000  642  212   16.00000   15.00000  6.25%   389 7955s
 154449 108999   15.00000  643  223   16.00000   15.00000  6.25%   389 7982s
 154476 109027   15.00000  663  255   16.00000   15.00000  6.25%   389 8008s
 154522 109215   15.00000  683  254   16.00000   15.00000  6.25%   389 8034s
 154730 109313   15.00000  709  258   16.00000   15.00000  6.25%   388 8059s
 154844 109631   15.00000  736  247   16.00000   15.00000  6.25%   388 8086s
 155306 109843 infeasible  805        16.00000   15.00000  6.25%   388 8114s
 155678 110404 infeasible  109        16.00000   15.00000  6.25%   388 8141s
 156417 110917   15.00000  698  249   16.00000   15.00000  6.25%   388 8168s
 157190 111496 infeasible  879        16.00000   15.00000  6.25%   388 8196s
 158035 112373   15.00000  135  205   16.00000   15.00000  6.25%   388 8224s
 159336 112414 infeasible  219        16.00000   15.00000  6.25%   389 8249s
 159795 113091   15.00000   95  226   16.00000   15.00000  6.25%   389 8278s
 161052 113370 infeasible  592        16.00000   15.00000  6.25%   389 8303s
 161633 113863   15.00000  583  197   16.00000   15.00000  6.25%   389 8328s
 162292 114116   15.00000  732  220   16.00000   15.00000  6.25%   389 8357s
 163277 114663   15.00000   64  163   16.00000   15.00000  6.25%   390 8383s
 163984 115406 infeasible  231        16.00000   15.00000  6.25%   390 8410s
 164975 116098   15.00000  113  222   16.00000   15.00000  6.25%   389 8433s
 165939 116915   15.00000  292  249   16.00000   15.00000  6.25%   389 8454s
 167058 117057   15.00000  490  253   16.00000   15.00000  6.25%   389 8471s
 167310 117880   15.00000  491  256   16.00000   15.00000  6.25%   389 8491s
 168375 118429   15.00000  684  238   16.00000   15.00000  6.25%   388 8510s
 169316 119515   15.00000  857  248   16.00000   15.00000  6.25%   388 8529s
 170678 119465   15.00000 1103  231   16.00000   15.00000  6.25%   388 8545s
 170782 119461 infeasible  106        16.00000   15.00000  6.25%   388 8559s
 170806 120225   15.00000  657  229   16.00000   15.00000  6.25%   388 8576s
 171672 120238   15.00000  818  259   16.00000   15.00000  6.25%   388 8591s
 171765 120987   15.00000  819  256   16.00000   15.00000  6.25%   388 8608s
 172758 121577 infeasible  856        16.00000   15.00000  6.25%   388 8625s
 173612 121503 infeasible  404        16.00000   15.00000  6.25%   388 8642s
 173702 122728   15.00000  869  231   16.00000   15.00000  6.25%   388 8660s
 175107 122664   15.00000  184  257   16.00000   15.00000  6.25%   387 8679s
 175185 122649   15.00000  185  258   16.00000   15.00000  6.25%   387 8699s
 175216 122698   15.00000  186  257   16.00000   15.00000  6.25%   387 8720s
 175325 122749   15.00000  213  261   16.00000   15.00000  6.25%   387 8740s
 175382 122765   15.00000  214  260   16.00000   15.00000  6.25%   387 8759s
 175398 123145   15.00000  215  260   16.00000   15.00000  6.25%   387 8781s
 175836 123495   15.00000  216  260   16.00000   15.00000  6.25%   387 8800s
 176408 123563   15.00000  347  259   16.00000   15.00000  6.25%   387 8819s
 176710 123743   15.00000  348  260   16.00000   15.00000  6.25%   387 8837s
 177208 124067 infeasible  439        16.00000   15.00000  6.25%   388 8857s
 177794 124014 infeasible  982        16.00000   15.00000  6.25%   388 8878s
 178193 124587 infeasible  916        16.00000   15.00000  6.25%   389 8899s
 179048 125563 infeasible  744        16.00000   15.00000  6.25%   388 8931s
 180430 125564   15.00000  161  203   16.00000   15.00000  6.25%   388 8948s
 180497 125771 infeasible  186        16.00000   15.00000  6.25%   388 8970s
 180930 126117 infeasible   91        16.00000   15.00000  6.25%   389 8997s
 181542 126342 infeasible 1033        16.00000   15.00000  6.25%   389 9026s
 182133 126495   15.00000  113  177   16.00000   15.00000  6.25%   389 9054s
 182698 126864   15.00000  102  164   16.00000   15.00000  6.25%   390 9081s
 183491 126921   15.00000  508  259   16.00000   15.00000  6.25%   390 9112s
 183702 127111   15.00000  516  261   16.00000   15.00000  6.25%   390 9142s
 183906 127543   15.00000  615  259   16.00000   15.00000  6.25%   390 9176s
 184418 127922   15.00000  806  249   16.00000   15.00000  6.25%   389 9207s
 184859 128255   15.00000  967  242   16.00000   15.00000  6.25%   389 9239s
 185532 128881 infeasible  209        16.00000   15.00000  6.25%   390 9270s
 186622 129152   15.00000  991  251   16.00000   15.00000  6.25%   390 9299s
 187313 129769 infeasible 1145        16.00000   15.00000  6.25%   390 9332s
 188388 129836   15.00000  439  162   16.00000   15.00000  6.25%   390 9362s
 188685 129903   15.00000  605  237   16.00000   15.00000  6.25%   390 9391s
 189062 129962   15.00000  666  220   16.00000   15.00000  6.25%   391 9420s
 189523 130357 infeasible  219        16.00000   15.00000  6.25%   391 9452s
 190484 130433   15.00000  601  227   16.00000   15.00000  6.25%   391 9484s
 191040 130978   15.00000  797  203   16.00000   15.00000  6.25%   392 9515s
 191963 131456 infeasible  814        16.00000   15.00000  6.25%   392 9550s
 192643 131476 infeasible  144        16.00000   15.00000  6.25%   392 9588s
 192703 131486   15.00000  317  229   16.00000   15.00000  6.25%   392 9628s
 192713 131910   15.00000  318  234   16.00000   15.00000  6.25%   392 9667s
 193205 132179   15.00000  319  238   16.00000   15.00000  6.25%   391 9702s
 193656 132464   15.00000  320  236   16.00000   15.00000  6.25%   391 9735s
 193997 134458   15.00000  325  237   16.00000   15.00000  6.25%   391 9803s
 196839 134286 infeasible  126        16.00000   15.00000  6.25%   391 9825s
 197027 134359   15.00000  393  169   16.00000   15.00000  6.25%   391 9850s
 197230 134745   15.00000  442  228   16.00000   15.00000  6.25%   391 9873s
 197670 136231   15.00000  469  248   16.00000   15.00000  6.25%   391 9901s
 199524 136515   15.00000  744  252   16.00000   15.00000  6.25%   390 9921s
 200114 136864   15.00000  779  250   16.00000   15.00000  6.25%   391 9945s
 200979 137356 infeasible  559        16.00000   15.00000  6.25%   391 9968s
 201977 137257   15.00000  737  258   16.00000   15.00000  6.25%   391 9989s
 202090 137271   15.00000  738  257   16.00000   15.00000  6.25%   392 10009s
 202144 137464   15.00000  739  257   16.00000   15.00000  6.25%   392 10030s
 202415 137875   15.00000  866  255   16.00000   15.00000  6.25%   392 10052s
 203076 138001   15.00000  971  243   16.00000   15.00000  6.25%   392 10072s
 203236 138273   15.00000  972  244   16.00000   15.00000  6.25%   392 10097s
 203938 138743 infeasible  214        16.00000   15.00000  6.25%   392 10122s
 204900 139423 infeasible  807        16.00000   15.00000  6.25%   392 10147s
 205920 139546 infeasible   79        16.00000   15.00000  6.25%   392 10172s
 206447 139533   15.00000  166  180   16.00000   15.00000  6.25%   392 10201s
 206476 139541   15.00000  167  191   16.00000   15.00000  6.25%   392 10227s
 206484 139549   15.00000  168  192   16.00000   15.00000  6.25%   392 10256s
 206492 139557   15.00000  169  192   16.00000   15.00000  6.25%   392 10282s
 206500 139556   15.00000  170  194   16.00000   15.00000  6.25%   392 10307s
 206537 140000   15.00000  171  194   16.00000   15.00000  6.25%   392 10333s
 207059 140630   15.00000  381  236   16.00000   15.00000  6.25%   392 10357s
 207921 141273 infeasible  180        16.00000   15.00000  6.25%   392 10382s
 208920 141941   15.00000 1027  236   16.00000   15.00000  6.25%   392 10415s
 210048 142087   15.00000  480  260   16.00000   15.00000  6.25%   392 10438s
 210616 142351   15.00000  695  239   16.00000   15.00000  6.25%   392 10462s
 211170 143130 infeasible  486        16.00000   15.00000  6.25%   393 10488s
 212163 143072 infeasible  189        16.00000   15.00000  6.25%   393 10511s
 212269 143863   15.00000  153  224   16.00000   15.00000  6.25%   393 10534s
 213334 144796   15.00000  419  257   16.00000   15.00000  6.25%   393 10557s
 214467 145433   15.00000  693  245   16.00000   15.00000  6.25%   392 10580s
 215408 145751   15.00000  749  229   16.00000   15.00000  6.25%   392 10602s
 216022 146363 infeasible  562        16.00000   15.00000  6.25%   392 10624s
 216872 146742   15.00000  282  225   16.00000   15.00000  6.25%   392 10645s
 217309 146967 infeasible  500        16.00000   15.00000  6.25%   392 10665s
 217632 147487   15.00000   67  225   16.00000   15.00000  6.25%   392 10687s
 218244 147971   15.00000  117  226   16.00000   15.00000  6.25%   392 10712s
 219092 148192 infeasible  678        16.00000   15.00000  6.25%   392 10736s
 219623 148874 infeasible  248        16.00000   15.00000  6.25%   392 10761s
 220573 149157 infeasible  177        16.00000   15.00000  6.25%   392 10787s
 221124 149104 infeasible  998        16.00000   15.00000  6.25%   392 10812s
 221357 149281 infeasible  957        16.00000   15.00000  6.25%   393 10838s
 221932 149123 infeasible  433        16.00000   15.00000  6.25%   393 10869s
 222051 149123 infeasible  265        16.00000   15.00000  6.25%   393 10870s
 222288 149395   15.00000  673  174   16.00000   15.00000  6.25%   393 10897s
 222840 149513 infeasible  285        16.00000   15.00000  6.25%   394 10923s
 223200 149484   15.00000  265  205   16.00000   15.00000  6.25%   394 10948s
 223279 149405 infeasible  216        16.00000   15.00000  6.25%   394 10974s
 223832 149254   15.00000  318  183   16.00000   15.00000  6.25%   395 11013s
 223999 149354   15.00000  319  196   16.00000   15.00000  6.25%   396 11046s
 224141 149693   15.00000  320  199   16.00000   15.00000  6.25%   396 11080s
 224534 149838   15.00000  321  205   16.00000   15.00000  6.25%   395 11114s
 224849 152087 infeasible  144        16.00000   15.00000  6.25%   396 11190s
 228546 152720   15.00000  484  239   16.00000   15.00000  6.25%   396 11209s
 229415 153463   15.00000   69  231   16.00000   15.00000  6.25%   396 11228s
 230456 154153 infeasible  164        16.00000   15.00000  6.25%   396 11246s
 231402 154445 infeasible  172        16.00000   15.00000  6.25%   395 11263s
 232002 154783   15.00000  177  230   16.00000   15.00000  6.25%   396 11283s
 232708 155064   15.00000  442  252   16.00000   15.00000  6.25%   395 11304s
 233215 155069   15.00000  533  250   16.00000   15.00000  6.25%   396 11325s
 233432 155122   15.00000  541  248   16.00000   15.00000  6.25%   396 11345s
 233747 155277   15.00000  562  240   16.00000   15.00000  6.25%   396 11363s
 234054 155320   15.00000  586  242   16.00000   15.00000  6.25%   396 11383s
 234209 155496   15.00000  587  242   16.00000   15.00000  6.25%   396 11402s
 234579 155790   15.00000  588  243   16.00000   15.00000  6.25%   396 11425s
 235133 155978 infeasible  653        16.00000   15.00000  6.25%   396 11447s
 235651 156022 infeasible   94        16.00000   15.00000  6.25%   397 11469s
 236091 156319 infeasible  933        16.00000   15.00000  6.25%   397 11492s
 236758 156535 infeasible  287        16.00000   15.00000  6.25%   397 11513s
 237298 156648 infeasible  571        16.00000   15.00000  6.25%   397 11538s
 237815 156703 infeasible  142        16.00000   15.00000  6.25%   398 11563s
 238198 157240 infeasible  476        16.00000   15.00000  6.25%   398 11587s
 238977 158068   15.00000  654  262   16.00000   15.00000  6.25%   398 11620s
 240311 157924 infeasible  420        16.00000   15.00000  6.25%   398 11641s
 240467 157899   15.00000  889  172   16.00000   15.00000  6.25%   398 11667s
 240508 158041   15.00000  890  177   16.00000   15.00000  6.25%   398 11699s
 240772 158197 infeasible  555        16.00000   15.00000  6.25%   398 11731s
 241056 158338   15.00000  338  226   16.00000   15.00000  6.25%   398 11765s
 241519 158484 infeasible  567        16.00000   15.00000  6.25%   398 11798s
 242001 159072   15.00000  467  200   16.00000   15.00000  6.25%   399 11836s
 243259 159630 infeasible   62        16.00000   15.00000  6.25%   399 11869s
 244287 159959 infeasible  360        16.00000   15.00000  6.25%   399 11900s
 245110 160357   15.00000 1020  253   16.00000   15.00000  6.25%   399 11930s
 246000 160352 infeasible  194        16.00000   15.00000  6.25%   400 11960s
 246541 160099 infeasible   71        16.00000   15.00000  6.25%   400 11995s
 246806 160157   15.00000  277  205   16.00000   15.00000  6.25%   400 12035s
 246948 160180   15.00000  303  204   16.00000   15.00000  6.25%   400 12075s
 247033 160265   15.00000  304  214   16.00000   15.00000  6.25%   401 12116s
 247176 160676   15.00000  305  222   16.00000   15.00000  6.25%   401 12157s
 247751 161558   15.00000  332  253   16.00000   15.00000  6.25%   401 12193s
 248933 162034 infeasible  534        16.00000   15.00000  6.25%   400 12227s
 249903 162138 infeasible  389        16.00000   15.00000  6.25%   401 12262s
 250301 162323   15.00000  760  230   16.00000   15.00000  6.25%   401 12295s
 250730 163050   15.00000  787  241   16.00000   15.00000  6.25%   401 12331s
 251913 163661   15.00000  267  210   16.00000   15.00000  6.25%   401 12369s
 253318 163997 infeasible  548        16.00000   15.00000  6.25%   401 12404s
 254416 164221   15.00000  332  164   16.00000   15.00000  6.25%   402 12438s
 255476 163989   15.00000  638  201   16.00000   15.00000  6.25%   402 12461s
 255890 164408   15.00000  469  195   16.00000   15.00000  6.25%   403 12490s
 256997 164558 infeasible  177        16.00000   15.00000  6.25%   404 12515s
 257515 164585   15.00000  261  190   16.00000   15.00000  6.25%   404 12542s
 257886 165155   15.00000  251  190   16.00000   15.00000  6.25%   404 12570s
 258802 165302   15.00000  566  254   16.00000   15.00000  6.25%   404 12600s
 259501 165204 infeasible  834        16.00000   15.00000  6.25%   404 12635s
 259805 165199 infeasible  412        16.00000   15.00000  6.25%   405 12670s
 259938 165354   15.00000  421  216   16.00000   15.00000  6.25%   405 12706s
 260385 165448 infeasible  551        16.00000   15.00000  6.25%   405 12746s
 260887 165424 infeasible  241        16.00000   15.00000  6.25%   405 12783s
 261175 166187 infeasible  295        16.00000   15.00000  6.25%   405 12818s
 262464 166159   15.00000  299  181   16.00000   15.00000  6.25%   405 12850s
 262582 166207   15.00000  306  186   16.00000   15.00000  6.25%   405 12884s
 263034 166677 infeasible   41        16.00000   15.00000  6.25%   406 12921s
 263746 166461 infeasible  388        16.00000   15.00000  6.25%   406 12963s
 264510 166708   15.00000  342  183   16.00000   15.00000  6.25%   407 13002s
 265707 166664 infeasible  774        16.00000   15.00000  6.25%   407 13046s
 265767 166672   15.00000  708  207   16.00000   15.00000  6.25%   408 13090s
 265775 166680   15.00000  709  208   16.00000   15.00000  6.25%   408 13135s
 265783 166742   15.00000  710  209   16.00000   15.00000  6.25%   408 13170s
 265891 166908   15.00000  711  209   16.00000   15.00000  6.25%   408 13205s
 266549 167286 infeasible  253        16.00000   15.00000  6.25%   408 13242s
 267609 167469   15.00000  237  206   16.00000   15.00000  6.25%   409 13275s
 268166 167948 infeasible  471        16.00000   15.00000  6.25%   409 13313s
 269031 167875   15.00000  563  258   16.00000   15.00000  6.25%   409 13349s
 269350 168868   15.00000  633  258   16.00000   15.00000  6.25%   409 13425s
 271713 168473 infeasible  252        16.00000   15.00000  6.25%   410 13465s
 272116 168546   15.00000  430  169   16.00000   15.00000  6.25%   410 13499s
 272319 169359 infeasible  446        16.00000   15.00000  6.25%   410 13534s
 273644 169460 infeasible  634        16.00000   15.00000  6.25%   411 13562s
 273835 169464   15.00000  625  186   16.00000   15.00000  6.25%   411 13593s
 274457 169276   15.00000  625  184   16.00000   15.00000  6.25%   412 13627s
 275091 169241 infeasible  638        16.00000   15.00000  6.25%   413 13663s
 275834 169383 infeasible  915        16.00000   15.00000  6.25%   414 13704s
 276750 170209 infeasible  165        16.00000   15.00000  6.25%   414 13746s
 278246 170489 infeasible  568        16.00000   15.00000  6.25%   414 13779s
 278798 170488 infeasible  500        16.00000   15.00000  6.25%   414 13811s
 279329 170373   15.00000  596  181   16.00000   15.00000  6.25%   415 13851s
 279460 170371   15.00000  597  192   16.00000   15.00000  6.25%   415 13890s
 279528 170358   15.00000  598  205   16.00000   15.00000  6.25%   415 13928s
 279591 170322   15.00000  599  208   16.00000   15.00000  6.25%   415 13964s
 279739 170333   15.00000  600  212   16.00000   15.00000  6.25%   415 14001s
 280266 170501 infeasible  812        16.00000   15.00000  6.25%   416 14037s
 281202 170682 infeasible  138        16.00000   15.00000  6.25%   416 14077s
 281903 171137   15.00000  280  207   16.00000   15.00000  6.25%   417 14116s
 282880 171485 infeasible  113        16.00000   15.00000  6.25%   417 14155s
 283694 171932 infeasible  186        16.00000   15.00000  6.25%   417 14189s
 284449 171914   15.00000  828  251   16.00000   15.00000  6.25%   417 14221s
 284727 172536 infeasible  870        16.00000   15.00000  6.25%   417 14264s
 285927 172657   15.00000  705  246   16.00000   15.00000  6.25%   417 14300s
 286534 172643 infeasible  427        16.00000   15.00000  6.25%   418 14336s
 287000 172886   15.00000  783  215   16.00000   15.00000  6.25%   419 14378s
 287989 173033 infeasible  513        16.00000   15.00000  6.25%   419 14421s
 288810 173156 infeasible  592        16.00000   15.00000  6.25%   420 14472s
 289813 173226   15.00000  430  174   16.00000   15.00000  6.25%   420 14517s
 290593 173099   15.00000  585  199   16.00000   15.00000  6.25%   421 14559s
 290918 172995 infeasible  586        16.00000   15.00000  6.25%   421 14605s
 291142 173342   15.00000  966  180   16.00000   15.00000  6.25%   421 14654s
 291697 173416   15.00000  967  200   16.00000   15.00000  6.25%   421 14699s
 291921 173935   15.00000  968  201   16.00000   15.00000  6.25%   421 14744s
 292404 173935   15.00000  460  188   16.00000   15.00000  6.25%   421 14745s
 292928 173870 infeasible  465        16.00000   15.00000  6.25%   422 14793s
 293591 173778 infeasible  394        16.00000   15.00000  6.25%   422 14847s
 294349 173593 infeasible  823        16.00000   15.00000  6.25%   423 14899s
 295122 173839   15.00000  663  193   16.00000   15.00000  6.25%   424 14943s
 295880 175308 infeasible  676        16.00000   15.00000  6.25%   424 14989s
 297789 176124   15.00000  761  247   16.00000   15.00000  6.25%   424 15026s
 299049 176040 infeasible  569        16.00000   15.00000  6.25%   424 15063s
 299483 175922   15.00000  695  212   16.00000   15.00000  6.25%   424 15129s
 299617 175932   15.00000  696  211   16.00000   15.00000  6.25%   425 15238s
 299627 176135   15.00000  698  209   16.00000   15.00000  6.25%   425 15364s
 301176 176306 infeasible  538        16.00000   15.00000  6.25%   426 15428s
 302557 176495 infeasible  281        16.00000   15.00000  6.25%   427 15479s
 303804 176731 infeasible  846        16.00000   15.00000  6.25%   427 15524s
 304826 177183   15.00000  570  174   16.00000   15.00000  6.25%   428 15568s
 305950 177961   15.00000   48  228   16.00000   15.00000  6.25%   428 15606s
 307032 177836   15.00000  173  216   16.00000   15.00000  6.25%   428 15644s
 307813 177813 infeasible  182        16.00000   15.00000  6.25%   429 15684s
 308720 177901 infeasible 1228        16.00000   15.00000  6.25%   430 15733s
 309932 178277 infeasible  118        16.00000   15.00000  6.25%   430 15778s
 310858 178977 infeasible  107        16.00000   15.00000  6.25%   430 15816s
 312380 178547 infeasible  942        16.00000   15.00000  6.25%   431 15849s
 312920 178202 infeasible  657        16.00000   15.00000  6.25%   432 15886s
 313365 178006 infeasible  312        16.00000   15.00000  6.25%   433 15918s
 313757 177942   15.00000  361  188   16.00000   15.00000  6.25%   433 15956s
 313837 177982   15.00000  362  187   16.00000   15.00000  6.25%   433 15997s
 313955 177958   15.00000  363  186   16.00000   15.00000  6.25%   433 16044s
 314065 177996 infeasible  364        16.00000   15.00000  6.25%   434 16093s
 314337 178058   15.00000  240  203   16.00000   15.00000  6.25%   434 16147s
 315215 178088 infeasible  137        16.00000   15.00000  6.25%   435 16185s
 315959 178113 infeasible  240        16.00000   15.00000  6.25%   435 16220s
 317030 178155 infeasible  673        16.00000   15.00000  6.25%   436 16251s
 317868 177967 infeasible  382        16.00000   15.00000  6.25%   437 16279s
 318416 177877 infeasible  119        16.00000   15.00000  6.25%   438 16310s
 318768 177877   15.00000  236  171   16.00000   15.00000  6.25%   439 16342s
 319124 177892   15.00000  255  176   16.00000   15.00000  6.25%   439 16381s
 320189 177802 infeasible  423        16.00000   15.00000  6.25%   440 16419s
 321213 178460 infeasible  144        16.00000   15.00000  6.25%   442 16460s
 322435 178827   15.00000  725  250   16.00000   15.00000  6.25%   442 16496s
 323264 178872 infeasible  231        16.00000   15.00000  6.25%   442 16534s
 323945 178698   15.00000   56  191   16.00000   15.00000  6.25%   442 16578s
 324135 178706   15.00000   57  177   16.00000   15.00000  6.25%   442 16621s
 324143 178744   15.00000   58  186   16.00000   15.00000  6.25%   442 16663s
 324237 179015   15.00000   59  178   16.00000   15.00000  6.25%   442 16701s
 324564 179522   15.00000   60  180   16.00000   15.00000  6.25%   442 16735s
 325191 179886   15.00000  130  192   16.00000   15.00000  6.25%   442 16765s
 325663 180445 infeasible  346        16.00000   15.00000  6.25%   442 16798s
 326810 181015   15.00000  333  176   16.00000   15.00000  6.25%   442 16829s
 327802 181132 infeasible  384        16.00000   15.00000  6.25%   441 16863s
 329027 181454   15.00000  318  142   16.00000   15.00000  6.25%   441 16897s
 330283 181517   15.00000  449  136   16.00000   15.00000  6.25%   441 16933s
 330508 181089   15.00000  464  132   16.00000   15.00000  6.25%   441 17034s
 333251 181089   15.00000  309  132   16.00000   15.00000  6.25%   441 17035s
 335374 181150 infeasible  312        16.00000   15.00000  6.25%   440 17049s
 335661 181136   15.00000  291  159   16.00000   15.00000  6.25%   440 17065s
 335697 181118   15.00000  292  161   16.00000   15.00000  6.25%   440 17082s
 335995 181086   15.00000  325  117   16.00000   15.00000  6.25%   440 17097s
 336285 181014   15.00000  352  135   16.00000   15.00000  6.25%   440 17114s
 336647 181040   15.00000  318  152   16.00000   15.00000  6.25%   440 17133s
 336927 181085   15.00000  345  161   16.00000   15.00000  6.25%   440 17151s
 337326 181212 infeasible  376        16.00000   15.00000  6.25%   440 17170s
 338185 181082   15.00000  367  160   16.00000   15.00000  6.25%   440 17198s
 338423 181060   15.00000  368  152   16.00000   15.00000  6.25%   440 17222s
 338593 181065   15.00000  369  159   16.00000   15.00000  6.25%   440 17254s
 338726 181043   15.00000  370  159   16.00000   15.00000  6.25%   440 17281s
 339024 181054   15.00000  371  164   16.00000   15.00000  6.25%   440 17309s
 339171 181110   15.00000  372  164   16.00000   15.00000  6.25%   440 17336s
 339765 181183   15.00000  318  155   16.00000   15.00000  6.25%   440 17357s
 340274 181039   15.00000  400  182   16.00000   15.00000  6.25%   440 17379s
 341280 181035 infeasible  277        16.00000   15.00000  6.25%   440 17400s
 342154 180691 infeasible  249        16.00000   15.00000  6.25%   440 17425s
 343110 180829   15.00000  294  172   16.00000   15.00000  6.25%   440 17447s
 343990 181166 infeasible  422        16.00000   15.00000  6.25%   440 17469s
 344633 181030   15.00000  372  166   16.00000   15.00000  6.25%   440 17492s
 345461 181049   15.00000  323  165   16.00000   15.00000  6.25%   440 17513s
 346498 180989 infeasible  339        16.00000   15.00000  6.25%   440 17551s
 347648 180725   15.00000  310  123   16.00000   15.00000  6.25%   440 17573s
 348450 181195   15.00000  398  162   16.00000   15.00000  6.25%   440 17595s
 349108 181482   15.00000  492  184   16.00000   15.00000  6.25%   440 17619s
 349905 181594   15.00000  325  146   16.00000   15.00000  6.25%   440 17643s
 350561 181660 infeasible  440        16.00000   15.00000  6.25%   440 17667s
 351429 181672 infeasible  387        16.00000   15.00000  6.25%   439 17690s
 351827 181175 infeasible  283        16.00000   15.00000  6.25%   439 17714s
 352690 180899   15.00000  351  145   16.00000   15.00000  6.25%   439 17739s
 353544 180910   15.00000  328  155   16.00000   15.00000  6.25%   439 17764s
 354449 180591 infeasible  335        16.00000   15.00000  6.25%   439 17788s
 355304 180623   15.00000  249  144   16.00000   15.00000  6.25%   439 17812s
 356008 180624   15.00000  346  167   16.00000   15.00000  6.25%   439 17842s
 356023 180611   15.00000  347  161   16.00000   15.00000  6.25%   439 17873s
 356052 180619   15.00000  348  164   16.00000   15.00000  6.25%   439 17909s
 356060 180627   15.00000  349  167   16.00000   15.00000  6.25%   439 17945s
 356068 180636   15.00000  350  158   16.00000   15.00000  6.25%   439 17975s
 356077 180670   15.00000  351  169   16.00000   15.00000  6.25%   439 18003s
 356113 180766   15.00000  353  162   16.00000   15.00000  6.25%   439 18031s
 356691 181008   15.00000  395  188   16.00000   15.00000  6.25%   439 18058s
 357621 181256   15.00000  334  159   16.00000   15.00000  6.25%   439 18084s
 358515 181115 infeasible  411        16.00000   15.00000  6.25%   439 18112s
 359728 181069   15.00000  280  145   16.00000   15.00000  6.25%   439 18138s
 360816 180773   15.00000  326  177   16.00000   15.00000  6.25%   439 18164s
 361752 180733   15.00000  369  164   16.00000   15.00000  6.25%   438 18189s
 362246 180646   15.00000  371  166   16.00000   15.00000  6.25%   438 18215s
 362941 180550   15.00000  382  162   16.00000   15.00000  6.25%   438 18241s
 364003 180589 infeasible  466        16.00000   15.00000  6.25%   438 18265s
 364762 180527 infeasible  368        16.00000   15.00000  6.25%   438 18301s
 365966 180719   15.00000  271  139   16.00000   15.00000  6.25%   438 18322s
 366518 181125 infeasible  559        16.00000   15.00000  6.25%   438 18348s
 367452 181445   15.00000  346  126   16.00000   15.00000  6.25%   438 18371s
 368420 181495   15.00000  358  144   16.00000   15.00000  6.25%   438 18394s
 369550 181390   15.00000  373  159   16.00000   15.00000  6.25%   437 18416s
 370345 181794   15.00000  380  141   16.00000   15.00000  6.25%   437 18437s
 371337 181444   15.00000  469  152   16.00000   15.00000  6.25%   437 18458s
 372499 181783 infeasible  431        16.00000   15.00000  6.25%   437 18481s
 373342 181708   15.00000  362  141   16.00000   15.00000  6.25%   437 18504s
 373701 181329   15.00000  379  152   16.00000   15.00000  6.25%   437 18529s
 374658 181317   15.00000  432  151   16.00000   15.00000  6.25%   436 18557s
 375794 180889   15.00000  398  152   16.00000   15.00000  6.25%   436 18584s
 376884 180843   15.00000  393  140   16.00000   15.00000  6.25%   436 18629s
 376946 180917   15.00000  394  150   16.00000   15.00000  6.25%   436 18673s
 377036 180955   15.00000  452  144   16.00000   15.00000  6.25%   436 18715s
 377488 180965   15.00000  420  178   16.00000   15.00000  6.25%   436 18755s
 377694 180416 infeasible  445        16.00000   15.00000  6.25%   436 18789s
 379019 180620 infeasible  424        16.00000   15.00000  6.25%   436 18822s
 379815 180788 infeasible  425        16.00000   15.00000  6.25%   436 18869s
 381817 180841 infeasible  511        16.00000   15.00000  6.25%   436 18897s
 383166 180944   15.00000  413  155   16.00000   15.00000  6.25%   435 18927s
 384257 180957 infeasible  529        16.00000   15.00000  6.25%   435 18957s
 384766 181205 infeasible  485        16.00000   15.00000  6.25%   435 18991s
 386332 180638   15.00000  347  161   16.00000   15.00000  6.25%   435 19023s
 387873 180327   15.00000  338  159   16.00000   15.00000  6.25%   435 19054s
 389300 179949 infeasible  128        16.00000   15.00000  6.25%   435 19084s
 390448 179492   15.00000  357  164   16.00000   15.00000  6.25%   435 19115s
 391491 179706   15.00000  321  167   16.00000   15.00000  6.25%   435 19146s
 392803 179679 infeasible  104        16.00000   15.00000  6.25%   435 19178s
 394200 179458 infeasible  944        16.00000   15.00000  6.25%   435 19225s
 394437 179383   15.00000  890  183   16.00000   15.00000  6.25%   435 19271s
 394580 179382   15.00000  917  188   16.00000   15.00000  6.25%   435 19317s
 394603 179519   15.00000  918  186   16.00000   15.00000  6.25%   435 19359s
 394996 179452   15.00000  381  141   16.00000   15.00000  6.25%   435 19397s
 395581 179085 infeasible   70        16.00000   15.00000  6.25%   435 19432s
 397158 178814 infeasible  113        16.00000   15.00000  6.25%   435 19466s
 398579 178814   15.00000  463  171   16.00000   15.00000  6.25%   435 19499s
 399697 179114   15.00000  178  173   16.00000   15.00000  6.25%   435 19547s
 401295 179344   15.00000  372  197   16.00000   15.00000  6.25%   435 19583s
 402441 178924   15.00000  376  167   16.00000   15.00000  6.25%   435 19624s
 403633 178361 infeasible  543        16.00000   15.00000  6.25%   435 19665s
 404842 178429 infeasible  354        16.00000   15.00000  6.25%   435 19710s
 406278 178997 infeasible  591        16.00000   15.00000  6.25%   435 19755s
 407702 178914 infeasible  385        16.00000   15.00000  6.25%   435 19797s
 408133 179494 infeasible  480        16.00000   15.00000  6.25%   436 19838s
 409875 179433 infeasible   49        16.00000   15.00000  6.25%   436 19891s
 409952 179411 infeasible  527        16.00000   15.00000  6.25%   436 19953s
 409990 179589   15.00000  434  182   16.00000   15.00000  6.25%   436 20004s
 410168 179460   15.00000  435  178   16.00000   15.00000  6.25%   436 20047s
 411913 179351 infeasible  502        16.00000   15.00000  6.25%   436 20087s
 413658 179298 infeasible  771        16.00000   15.00000  6.25%   436 20127s
 415283 178931 infeasible  847        16.00000   15.00000  6.25%   436 20168s
 416886 179076 infeasible  360        16.00000   15.00000  6.25%   436 20213s
 417801 178484   15.00000  449  195   16.00000   15.00000  6.25%   436 20266s
 419119 178183   15.00000  484  186   16.00000   15.00000  6.25%   437 20309s
 420418 178161 infeasible  132        16.00000   15.00000  6.25%   437 20352s
 421878 178607 infeasible  227        16.00000   15.00000  6.25%   437 20393s
 423050 179160   15.00000  888  206   16.00000   15.00000  6.25%   437 20434s
 424397 179285 infeasible  797        16.00000   15.00000  6.25%   437 20475s
 425694 178931 infeasible 1020        16.00000   15.00000  6.25%   437 20518s
 426196 178636 infeasible  611        16.00000   15.00000  6.25%   437 20562s
 427265 178026 infeasible  205        16.00000   15.00000  6.25%   438 20619s
 428153 177848   15.00000  620  179   16.00000   15.00000  6.25%   438 20683s
 428579 177964   15.00000  856  194   16.00000   15.00000  6.25%   438 20753s
 428921 178319   15.00000  850  208   16.00000   15.00000  6.25%   438 20817s
 429888 178563   15.00000 1065  204   16.00000   15.00000  6.25%   438 20869s
 431614 177464 infeasible  282        16.00000   15.00000  6.25%   438 20919s
 433107 177392 infeasible  450        16.00000   15.00000  6.25%   439 20977s
 433881 177395   15.00000  598  182   16.00000   15.00000  6.25%   439 21049s
 435580 177747 infeasible  584        16.00000   15.00000  6.25%   439 21105s
 436836 177532   15.00000  628  193   16.00000   15.00000  6.25%   439 21159s
 438439 177074   15.00000  410  189   16.00000   15.00000  6.25%   440 21208s
 439835 176934 infeasible  902        16.00000   15.00000  6.25%   440 21269s
 440235 176859 infeasible  171        16.00000   15.00000  6.25%   440 21353s
 440456 177248 infeasible  465        16.00000   15.00000  6.25%   440 21434s
 442193 177854 infeasible  197        16.00000   15.00000  6.25%   440 21494s
 444703 178076 infeasible  808        16.00000   15.00000  6.25%   440 21543s
 446351 178614   15.00000  700  184   16.00000   15.00000  6.25%   440 21591s
 448921 179122 infeasible 1020        16.00000   15.00000  6.25%   439 21633s
 450977 179835   15.00000  796  190   16.00000   15.00000  6.25%   439 21688s
 453130 179894   15.00000  317  125   16.00000   15.00000  6.25%   439 21726s
 454071 179735   15.00000  588  181   16.00000   15.00000  6.25%   439 21772s
 454880 179528 infeasible  625        16.00000   15.00000  6.25%   439 21816s
 456617 179907   15.00000  619  165   16.00000   15.00000  6.25%   439 21854s
 457892 179868 infeasible  714        16.00000   15.00000  6.25%   439 21893s
 458807 179857   15.00000  577  180   16.00000   15.00000  6.25%   439 21949s
 458834 179865   15.00000  578  176   16.00000   15.00000  6.25%   439 22005s
 458842 179885   15.00000  579  181   16.00000   15.00000  6.25%   439 22057s
 458916 180090   15.00000  580  165   16.00000   15.00000  6.25%   439 22104s
 460191 180418   15.00000  735  196   16.00000   15.00000  6.25%   439 22146s
 461799 180377   15.00000  740  180   16.00000   15.00000  6.25%   439 22188s
 462630 180077   15.00000  757  180   16.00000   15.00000  6.25%   439 22238s
 464036 180000   15.00000  663  166   16.00000   15.00000  6.25%   439 22289s
 465561 180183   15.00000  491  182   16.00000   15.00000  6.25%   440 22345s
 467238 180602 infeasible  671        16.00000   15.00000  6.25%   440 22383s
 468689 180268 infeasible  758        16.00000   15.00000  6.25%   440 22422s
 470167 180661   15.00000  675  176   16.00000   15.00000  6.25%   440 22461s
 471576 180485 infeasible  758        16.00000   15.00000  6.25%   440 22499s
 471923 180485 infeasible  828        16.00000   15.00000  6.25%   440 22500s
 472546 180288 infeasible  529        16.00000   15.00000  6.25%   440 22539s
 473847 180190 infeasible  640        16.00000   15.00000  6.25%   440 22583s
 475357 179824 infeasible  568        16.00000   15.00000  6.25%   440 22630s
 476655 179619   15.00000  633  179   16.00000   15.00000  6.25%   440 22680s
 477588 179205 infeasible  743        16.00000   15.00000  6.25%   440 22737s
 478224 179292   15.00000  563  181   16.00000   15.00000  6.25%   441 22810s
 479411 178815   15.00000  564  176   16.00000   15.00000  6.25%   441 22870s
 481084 177937 infeasible  663        16.00000   15.00000  6.25%   441 22925s
 483166 177812 infeasible  599        16.00000   15.00000  6.25%   441 22985s
 484509 177263 infeasible  555        16.00000   15.00000  6.25%   441 23049s
 485872 176712   15.00000  571  179   16.00000   15.00000  6.25%   441 23126s
 488625 176633   15.00000  393  173   16.00000   15.00000  6.25%   442 23202s
 489152 176931   15.00000  733  178   16.00000   15.00000  6.25%   442 23275s
 490570 178739 infeasible  475        16.00000   15.00000  6.25%   442 23342s
 493612 179012 infeasible  951        16.00000   15.00000  6.25%   441 23382s
 495361 178921 infeasible  551        16.00000   15.00000  6.25%   441 23423s
 496474 179045   15.00000  452  183   16.00000   15.00000  6.25%   442 23470s
 498296 178705 infeasible  573        16.00000   15.00000  6.25%   442 23528s
 499776 178409   15.00000  657  193   16.00000   15.00000  6.25%   442 23584s
 501506 178109   15.00000  419  170   16.00000   15.00000  6.25%   442 23629s
 502742 178175   15.00000  571  189   16.00000   15.00000  6.25%   442 23676s
 504022 177927   15.00000  518  188   16.00000   15.00000  6.25%   442 23736s
 504286 177935   15.00000  519  192   16.00000   15.00000  6.25%   442 23807s
 504294 177756   15.00000  520  196   16.00000   15.00000  6.25%   442 23873s
 505133 177484   15.00000  541  189   16.00000   15.00000  6.25%   442 23934s
 506489 177313 infeasible  397        16.00000   15.00000  6.25%   442 23991s
 508830 176803 infeasible  766        16.00000   15.00000  6.25%   443 24059s
 511586 176306 infeasible  467        16.00000   15.00000  6.25%   443 24102s
 513189 176392 infeasible  939        16.00000   15.00000  6.25%   443 24146s
 515109 176654   15.00000  558  202   16.00000   15.00000  6.25%   443 24190s
 516905 176042   15.00000  754  207   16.00000   15.00000  6.25%   443 24236s
 518121 176184 infeasible  218        16.00000   15.00000  6.25%   443 24286s
 519671 175931   15.00000  584  194   16.00000   15.00000  6.25%   443 24336s
 521428 175852 infeasible  136        16.00000   15.00000  6.25%   443 24383s
 523249 175521 infeasible  471        16.00000   15.00000  6.25%   444 24429s
 525288 175349 infeasible  423        16.00000   15.00000  6.25%   444 24489s
 525660 175469   15.00000  374  173   16.00000   15.00000  6.25%   444 24555s
 526010 175463 infeasible  375        16.00000   15.00000  6.25%   444 24630s
 527290 176152 infeasible  438        16.00000   15.00000  6.25%   444 24725s
 529943 176224 infeasible  555        16.00000   15.00000  6.25%   444 24796s
 532957 176432 infeasible  175        16.00000   15.00000  6.25%   444 24854s
 534052 176432 infeasible  796        16.00000   15.00000  6.25%   444 24855s
 535873 176389   15.00000  442  155   16.00000   15.00000  6.25%   443 24904s
 538246 176655   15.00000  532  161   16.00000   15.00000  6.25%   443 24952s
 540724 176544 infeasible  733        16.00000   15.00000  6.25%   443 25022s
 544097 176413   15.00000  487  153   16.00000   15.00000  6.25%   443 25073s
 544388 176465   15.00000  488  152   16.00000   15.00000  6.25%   443 25132s
 544440 176492   15.00000  489  155   16.00000   15.00000  6.25%   443 25192s
 544571 176698   15.00000  490  152   16.00000   15.00000  6.25%   443 25246s
 545591 176587 infeasible  149        16.00000   15.00000  6.25%   443 25298s
 548218 176256   15.00000  757  194   16.00000   15.00000  6.25%   442 25345s
 550079 176414 infeasible  521        16.00000   15.00000  6.25%   442 25390s
 552031 176218   15.00000  722  179   16.00000   15.00000  6.25%   442 25436s
 554017 176164 infeasible  931        16.00000   15.00000  6.25%   442 25483s
 555279 176322   15.00000  462  156   16.00000   15.00000  6.25%   442 25552s
 557893 176080 infeasible  356        16.00000   15.00000  6.25%   442 25597s
 560427 175576 infeasible  154        16.00000   15.00000  6.25%   442 25634s
 561979 175706   15.00000  434  157   16.00000   15.00000  6.25%   442 25672s
 563719 175614   15.00000  459  149   16.00000   15.00000  6.25%   442 25721s
 563827 175622   15.00000  460  152   16.00000   15.00000  6.25%   442 25779s
 563835 175604 infeasible  461        16.00000   15.00000  6.25%   442 25832s
 564229 175513   15.00000  451  165   16.00000   15.00000  6.25%   442 25877s
 565546 175286 infeasible  863        16.00000   15.00000  6.25%   441 25922s
 567401 175333   15.00000  113  183   16.00000   15.00000  6.25%   441 25968s
 569034 175549 infeasible   98        16.00000   15.00000  6.25%   442 26014s
 569594 175285   15.00000   65  183   16.00000   15.00000  6.25%   441 26061s
 570926 175146   15.00000  584  184   16.00000   15.00000  6.25%   442 26108s
 572553 175486 infeasible   61        16.00000   15.00000  6.25%   442 26175s
 575895 175339   15.00000  306  170   16.00000   15.00000  6.25%   441 26210s
 577410 175143   15.00000  459  194   16.00000   15.00000  6.25%   441 26251s
 578550 175126   15.00000  276  164   16.00000   15.00000  6.25%   441 26294s
 580017 174819 infeasible  298        16.00000   15.00000  6.25%   441 26336s
 580882 174569 infeasible  831        16.00000   15.00000  6.25%   441 26378s
 582578 174465 infeasible  384        16.00000   15.00000  6.25%   442 26433s
 582698 174474   15.00000  370  175   16.00000   15.00000  6.25%   442 26495s
 582707 174415   15.00000  371  180   16.00000   15.00000  6.25%   442 26551s
 582878 175056   15.00000  373  186   16.00000   15.00000  6.25%   442 26602s
 584277 175210   15.00000  238  138   16.00000   15.00000  6.25%   441 26662s
 586731 175153 infeasible  321        16.00000   15.00000  6.25%   441 26716s
 588700 174962   15.00000  303  135   16.00000   15.00000  6.25%   441 26763s
 590929 175038   15.00000  291  150   16.00000   15.00000  6.25%   441 26807s
 592383 174982 infeasible  671        16.00000   15.00000  6.25%   441 26874s
 595825 174942   15.00000  309  143   16.00000   15.00000  6.25%   440 26906s
 597301 174928 infeasible  750        16.00000   15.00000  6.25%   440 26939s
 598243 175052   15.00000  464  164   16.00000   15.00000  6.25%   440 26974s
 599233 174917   15.00000  452  190   16.00000   15.00000  6.25%   440 27013s
 600212 174312   15.00000  528  196   16.00000   15.00000  6.25%   440 27055s
 601263 174398   15.00000  466  194   16.00000   15.00000  6.25%   441 27104s
 601987 174354 infeasible  127        16.00000   15.00000  6.25%   441 27158s
 603065 174215 infeasible  422        16.00000   15.00000  6.25%   441 27221s
 603818 174264   15.00000  266  179   16.00000   15.00000  6.25%   441 27292s
 604711 174395 infeasible  159        16.00000   15.00000  6.25%   441 27354s
 606804 174028   15.00000  256  161   16.00000   15.00000  6.25%   441 27410s
 609745 174243   15.00000  325  163   16.00000   15.00000  6.25%   441 27460s
 611666 174231 infeasible  139        16.00000   15.00000  6.25%   441 27521s
 613270 173723 infeasible  380        16.00000   15.00000  6.25%   441 27587s
 615474 173651 infeasible  106        16.00000   15.00000  6.25%   441 27661s
 615562 173619   15.00000  768  172   16.00000   15.00000  6.25%   441 27749s
 615610 174017   15.00000  769  172   16.00000   15.00000  6.25%   441 27816s
 617058 175109 infeasible  275        16.00000   15.00000  6.25%   441 27883s
 619220 175448   15.00000  481  151   16.00000   15.00000  6.25%   441 27948s
 622227 175468   15.00000  265  150   16.00000   15.00000  6.25%   441 28004s
 624631 175465   15.00000  338  160   16.00000   15.00000  6.25%   441 28059s
 626822 175855 infeasible  766        16.00000   15.00000  6.25%   441 28114s
 629864 176077 infeasible  439        16.00000   15.00000  6.25%   440 28185s
 634306 176140 infeasible  470        16.00000   15.00000  6.25%   439 28213s
 636101 176187   15.00000  529  122   16.00000   15.00000  6.25%   439 28240s
 636880 176129 infeasible  503        16.00000   15.00000  6.25%   439 28267s
 637412 175698   15.00000  526  117   16.00000   15.00000  6.25%   439 28296s
 639299 175811   15.00000  501  125   16.00000   15.00000  6.25%   438 28326s
 641268 175995 infeasible  512        16.00000   15.00000  6.25%   438 28355s
 643150 175923 infeasible  438        16.00000   15.00000  6.25%   438 28384s
 645156 175915   15.00000  466  128   16.00000   15.00000  6.25%   437 28423s
 645180 175915   15.00000  467  125   16.00000   15.00000  6.25%   437 28462s
 645342 175852   15.00000  468  122   16.00000   15.00000  6.25%   437 28503s
 645445 175801   15.00000  469  120   16.00000   15.00000  6.25%   437 28542s
 645826 175884   15.00000  480  117   16.00000   15.00000  6.25%   437 28579s
 646601 175632 infeasible  501        16.00000   15.00000  6.25%   437 28646s
 648735 175499 infeasible  498        16.00000   15.00000  6.25%   437 28697s
 652030 175500   15.00000  484  139   16.00000   15.00000  6.25%   436 28731s
 654107 175695 infeasible  367        16.00000   15.00000  6.25%   436 28763s
 656314 175491   15.00000  341  171   16.00000   15.00000  6.25%   436 28794s
 658880 175104   15.00000  471  117   16.00000   15.00000  6.25%   435 28822s
 660509 175041 infeasible  527        16.00000   15.00000  6.25%   435 28852s
 661712 175021   15.00000  496  143   16.00000   15.00000  6.25%   435 28880s
 662986 174979 infeasible  727        16.00000   15.00000  6.25%   435 28941s
 666302 174912 infeasible  187        16.00000   15.00000  6.25%   434 28971s
 667085 174652 infeasible 1004        16.00000   15.00000  6.25%   434 29006s
 668563 174100 infeasible  182        16.00000   15.00000  6.25%   434 29041s
 670237 173722 infeasible  596        16.00000   15.00000  6.25%   435 29083s
 671541 173762 infeasible  921        16.00000   15.00000  6.25%   435 29137s
 671599 173765   15.00000  521  164   16.00000   15.00000  6.25%   435 29188s
 671616 173767   15.00000  523  169   16.00000   15.00000  6.25%   435 29233s
 672018 173416 infeasible  253        16.00000   15.00000  6.25%   435 29274s
 673605 173922   15.00000  379  182   16.00000   15.00000  6.25%   435 29318s
 675679 173922   15.00000  587  203   16.00000   15.00000  6.25%   435 29358s
 677357 174024 infeasible  508        16.00000   15.00000  6.25%   435 29402s
 678715 173476   15.00000  551  198   16.00000   15.00000  6.25%   435 29460s
 680575 173757 infeasible  473        16.00000   15.00000  6.25%   435 29515s
 681980 174293 infeasible  284        16.00000   15.00000  6.25%   435 29571s
 685218 174973   15.00000  261  138   16.00000   15.00000  6.25%   435 29615s
 687532 175186   15.00000  275  136   16.00000   15.00000  6.25%   434 29652s
 689965 175313   15.00000  286  137   16.00000   15.00000  6.25%   434 29693s
 691724 175279 infeasible  190        16.00000   15.00000  6.25%   434 29746s
 691774 175287   15.00000  271  139   16.00000   15.00000  6.25%   434 29806s
 691782 175438   15.00000  272  138   16.00000   15.00000  6.25%   434 29857s
 692119 174657   15.00000  273  136   16.00000   15.00000  6.25%   434 29903s
 695080 174668   15.00000  272  139   16.00000   15.00000  6.25%   434 29949s
 695999 174418 infeasible  304        16.00000   15.00000  6.25%   434 30002s
 696581 174137   15.00000  296  122   16.00000   15.00000  6.25%   434 30055s
 699276 173947   15.00000  824  194   16.00000   15.00000  6.25%   433 30101s
 701646 173216 infeasible  338        16.00000   15.00000  6.25%   433 30143s
 703467 173278   15.00000  142  200   16.00000   15.00000  6.25%   433 30184s
 704953 173537 infeasible  243        16.00000   15.00000  6.25%   433 30251s
 707214 174820   15.00000  242  173   16.00000   15.00000  6.25%   433 30304s
 709669 174904   15.00000  270  147   16.00000   15.00000  6.25%   433 30354s
 710165 175808 infeasible  160        16.00000   15.00000  6.25%   433 30408s
 712559 175715 infeasible  138        16.00000   15.00000  6.25%   433 30461s
 715286 175737 infeasible  377        16.00000   15.00000  6.25%   432 30524s
 716334 175732   15.00000   54  150   16.00000   15.00000  6.25%   432 30592s
 716355 175851   15.00000   55  155   16.00000   15.00000  6.25%   432 30653s
 716828 175993   15.00000   56  156   16.00000   15.00000  6.25%   432 30708s
 719476 176588   15.00000  634  203   16.00000   15.00000  6.25%   432 30777s
 722297 176880   15.00000  298  167   16.00000   15.00000  6.25%   432 30822s
 724277 176649   15.00000  219  153   16.00000   15.00000  6.25%   432 30866s
 726510 176615 infeasible  612        16.00000   15.00000  6.25%   432 30905s
 728552 176757 infeasible  244        16.00000   15.00000  6.25%   432 30947s
 729316 176748   15.00000  121  163   16.00000   15.00000  6.25%   432 30988s
 731127 176667 infeasible  134        16.00000   15.00000  6.25%   432 31031s
 732852 177134   15.00000  250  179   16.00000   15.00000  6.25%   432 31073s
 735305 176911 infeasible  394        16.00000   15.00000  6.25%   431 31140s
 739440 176869 infeasible  107        16.00000   15.00000  6.25%   431 31170s
 741038 176457   15.00000  247  136   16.00000   15.00000  6.25%   431 31202s
 742544 176595 infeasible  308        16.00000   15.00000  6.25%   431 31233s
 743736 176847 infeasible  869        16.00000   15.00000  6.25%   431 31266s
 744818 176906   15.00000   86  141   16.00000   15.00000  6.25%   431 31302s
 745653 176897   15.00000  105  136   16.00000   15.00000  6.25%   431 31351s
 745678 176878   15.00000  106  129   16.00000   15.00000  6.25%   431 31406s
 745943 176931   15.00000  107  124   16.00000   15.00000  6.25%   431 31458s
 746266 176688   15.00000  108  129   16.00000   15.00000  6.25%   431 31502s
 747933 176714   15.00000 1235  199   16.00000   15.00000  6.25%   431 31545s
 749551 176612   15.00000  183  160   16.00000   15.00000  6.25%   431 31588s
 750697 176735 infeasible  744        16.00000   15.00000  6.25%   431 31633s
 751956 176268   15.00000  805  195   16.00000   15.00000  6.25%   431 31696s
 754105 176155 infeasible  902        16.00000   15.00000  6.25%   431 31749s
 756156 175757 infeasible  720        16.00000   15.00000  6.25%   432 31804s
 758200 175651 infeasible  787        16.00000   15.00000  6.25%   432 31856s
 759804 175040   15.00000  788  183   16.00000   15.00000  6.25%   432 31908s
 761501 174943 infeasible  757        16.00000   15.00000  6.25%   432 31958s
 763272 174620   15.00000  903  198   16.00000   15.00000  6.25%   432 32016s
 763611 174571   15.00000  904  204   16.00000   15.00000  6.25%   432 32088s
 763676 174623   15.00000  905  198   16.00000   15.00000  6.25%   432 32154s
 763728 174346   15.00000  908  198   16.00000   15.00000  6.25%   432 32214s
 764903 173907   15.00000  984  189   16.00000   15.00000  6.25%   432 32272s
 767354 172636 infeasible  705        16.00000   15.00000  6.25%   433 32334s
 767657 172636 infeasible  103        16.00000   15.00000  6.25%   433 32335s
 769747 173039   15.00000  333  169   16.00000   15.00000  6.25%   433 32382s
 772104 172991   15.00000  796  182   16.00000   15.00000  6.25%   433 32425s
 773968 172408   15.00000  629  188   16.00000   15.00000  6.25%   433 32471s
 775059 172758 infeasible  695        16.00000   15.00000  6.25%   433 32518s
 776781 172796   15.00000  559  186   16.00000   15.00000  6.25%   433 32563s
 778347 173656   15.00000  317  219   16.00000   15.00000  6.25%   433 32607s
 779715 173726   15.00000  406  203   16.00000   15.00000  6.25%   433 32652s
 781109 173693   15.00000  269  162   16.00000   15.00000  6.25%   433 32719s
 781158 173701   15.00000  270  169   16.00000   15.00000  6.25%   433 32787s
 781166 173571   15.00000  271  190   16.00000   15.00000  6.25%   433 32851s
 781754 173587 infeasible  435        16.00000   15.00000  6.25%   433 32902s
 783142 173615 infeasible  580        16.00000   15.00000  6.25%   433 32964s
 784996 173405   15.00000  486  199   16.00000   15.00000  6.25%   434 33025s
 786294 172553 infeasible  540        16.00000   15.00000  6.25%   434 33094s
 787742 172567   15.00000  398  186   16.00000   15.00000  6.25%   434 33164s
 790364 172290 infeasible  649        16.00000   15.00000  6.25%   434 33228s
 792369 172297 infeasible  273        16.00000   15.00000  6.25%   434 33291s
 794468 172358   15.00000  377  174   16.00000   15.00000  6.25%   435 33354s
 797571 172271   15.00000  684  180   16.00000   15.00000  6.25%   435 33420s
 797804 172160   15.00000  685  188   16.00000   15.00000  6.25%   435 33503s
 798051 171937   15.00000  686  187   16.00000   15.00000  6.25%   435 33578s
 798606 171780   15.00000  703  190   16.00000   15.00000  6.25%   435 33644s
 799422 171780 infeasible  927        16.00000   15.00000  6.25%   435 33645s
 799917 171615   15.00000  789  176   16.00000   15.00000  6.25%   435 33711s
 802454 171329 infeasible  553        16.00000   15.00000  6.25%   435 33772s
 804402 171344 infeasible  304        16.00000   15.00000  6.25%   435 33836s
 806923 171185   15.00000  277  153   16.00000   15.00000  6.25%   435 33896s
 809136 171079 infeasible  485        16.00000   15.00000  6.25%   435 33950s
 811350 170597   15.00000  443  190   16.00000   15.00000  6.25%   436 34014s
 811928 170602   15.00000  444  154   16.00000   15.00000  6.25%   436 34086s
 812329 170983   15.00000  445  156   16.00000   15.00000  6.25%   436 34151s
 814164 171826   15.00000  513  167   16.00000   15.00000  6.25%   436 34214s
 816417 171734 infeasible  423        16.00000   15.00000  6.25%   436 34264s
 819395 171129   15.00000  302  136   16.00000   15.00000  6.25%   435 34300s
 821332 170399   15.00000  355  160   16.00000   15.00000  6.25%   435 34337s
 822990 170548 infeasible  701        16.00000   15.00000  6.25%   436 34377s
 823945 170853   15.00000  287  193   16.00000   15.00000  6.25%   436 34418s
 825606 170788 infeasible  573        16.00000   15.00000  6.25%   435 34476s
 825687 170796   15.00000  240  160   16.00000   15.00000  6.25%   435 34538s
 825695 170859   15.00000  241  165   16.00000   15.00000  6.25%   435 34592s
 825758 171217   15.00000  244  158   16.00000   15.00000  6.25%   435 34635s
 827508 171777   15.00000  208  175   16.00000   15.00000  6.25%   435 34678s
 828620 171490 infeasible  183        16.00000   15.00000  6.25%   435 34744s
 831061 171142   15.00000  291  140   16.00000   15.00000  6.25%   435 34789s
 833315 170805 infeasible  449        16.00000   15.00000  6.25%   435 34830s
 834866 170254   15.00000  162  165   16.00000   15.00000  6.25%   435 34872s
 836285 170141 infeasible  822        16.00000   15.00000  6.25%   435 34917s
 837778 170490   15.00000  567  178   16.00000   15.00000  6.25%   435 34962s
 838503 170455   15.00000  344  164   16.00000   15.00000  6.25%   435 35012s
 840770 170088   15.00000  296  156   16.00000   15.00000  6.25%   435 35058s
 843241 170206 infeasible  404        16.00000   15.00000  6.25%   435 35102s
 844779 171322   15.00000   99  176   16.00000   15.00000  6.25%   435 35165s
 847145 170736   15.00000  225  165   16.00000   15.00000  6.25%   435 35210s
 848967 170323 infeasible   65        16.00000   15.00000  6.25%   435 35265s
 849640 170248   15.00000  290  178   16.00000   15.00000  6.25%   435 35330s
 849791 170286   15.00000  291  171   16.00000   15.00000  6.25%   435 35392s
 850147 170141   15.00000  293  173   16.00000   15.00000  6.25%   435 35449s
 851590 169749 infeasible  721        16.00000   15.00000  6.25%   435 35509s
 854264 169874   15.00000   93  162   16.00000   15.00000  6.25%   436 35565s
 856993 169683   15.00000  548  194   16.00000   15.00000  6.25%   436 35616s
 859080 170341 infeasible  759        16.00000   15.00000  6.25%   436 35664s
 861111 170341   15.00000  602  173   16.00000   15.00000  6.25%   435 35665s
 861436 170919   15.00000  224  188   16.00000   15.00000  6.25%   435 35724s
 864536 171490   15.00000  461  149   16.00000   15.00000  6.25%   435 35760s
 866775 171307 infeasible  600        16.00000   15.00000  6.25%   435 35793s
 868770 171481 infeasible  603        16.00000   15.00000  6.25%   435 35825s
 870474 171070   15.00000  325  128   16.00000   15.00000  6.25%   435 35856s
 872493 170843 infeasible  322        16.00000   15.00000  6.25%   435 35897s
 872736 170789   15.00000  281  148   16.00000   15.00000  6.25%   435 35943s
 872892 171099   15.00000  282  142   16.00000   15.00000  6.25%   435 35989s
 873320 171078   15.00000  283  132   16.00000   15.00000  6.25%   434 36034s
 874455 170378   15.00000  338  136   16.00000   15.00000  6.25%   434 36070s
 876679 170518 infeasible  433        16.00000   15.00000  6.25%   434 36107s
 878115 170141   15.00000  304  155   16.00000   15.00000  6.25%   434 36171s
 881612 170031   15.00000  288  130   16.00000   15.00000  6.25%   434 36202s
 883026 169371 infeasible  235        16.00000   15.00000  6.25%   434 36238s
 883744 169179   15.00000  330  156   16.00000   15.00000  6.25%   434 36274s
 884458 169185   15.00000  238  176   16.00000   15.00000  6.25%   434 36315s
 885860 169162 infeasible  904        16.00000   15.00000  6.25%   434 36359s
 886287 169162   15.00000  591  206   16.00000   15.00000  6.25%   434 36360s
 887523 168959   15.00000  272  180   16.00000   15.00000  6.25%   434 36408s
 888832 169492   15.00000  716  181   16.00000   15.00000  6.25%   434 36454s
 890347 169498   15.00000  502  193   16.00000   15.00000  6.25%   434 36512s
 890357 169521   15.00000  503  200   16.00000   15.00000  6.25%   434 36572s
 890390 169657   15.00000  504  182   16.00000   15.00000  6.25%   434 36626s
 890806 169577 infeasible  476        16.00000   15.00000  6.25%   434 36673s
 892186 169087 infeasible  480        16.00000   15.00000  6.25%   434 36724s
 893582 168859 infeasible  219        16.00000   15.00000  6.25%   435 36782s
 894320 168566 infeasible  762        16.00000   15.00000  6.25%   435 36841s
 895989 169098 infeasible  380        16.00000   15.00000  6.25%   435 36901s
 898185 169277 infeasible  869        16.00000   15.00000  6.25%   435 36962s
 900138 168650 infeasible  997        16.00000   15.00000  6.25%   435 37014s
 901893 168520   15.00000  288  173   16.00000   15.00000  6.25%   435 37067s
 903781 169171 infeasible  496        16.00000   15.00000  6.25%   435 37118s
 905614 169182   15.00000  298  176   16.00000   15.00000  6.25%   435 37170s
 907611 169023   15.00000  308  176   16.00000   15.00000  6.25%   435 37240s
 907856 168894   15.00000  309  182   16.00000   15.00000  6.25%   435 37319s
 908227 168572   15.00000  310  179   16.00000   15.00000  6.25%   435 37382s
 909391 168325 infeasible  345        16.00000   15.00000  6.25%   435 37442s
 910760 168358   15.00000  337  174   16.00000   15.00000  6.25%   436 37504s
 912713 170460 infeasible  254        16.00000   15.00000  6.25%   436 37567s
 915345 172479   15.00000  136  184   16.00000   15.00000  6.25%   435 37630s
 917814 173850 infeasible  235        16.00000   15.00000  6.25%   435 37674s
 919609 174160   15.00000  303  144   16.00000   15.00000  6.25%   435 37721s
 920325 174677 infeasible  930        16.00000   15.00000  6.25%   435 37770s
 922058 174734   15.00000  248  156   16.00000   15.00000  6.25%   435 37836s
 922491 175091 infeasible  249        16.00000   15.00000  6.25%   435 37909s
 923564 175460   15.00000  230  171   16.00000   15.00000  6.25%   435 37973s
 925857 175903 infeasible  243        16.00000   15.00000  6.25%   435 38030s
 928206 176454   15.00000  277  136   16.00000   15.00000  6.25%   435 38082s
 930911 177138   15.00000  637  195   16.00000   15.00000  6.25%   434 38143s
 933495 177664   15.00000  353  171   16.00000   15.00000  6.25%   434 38184s
 935123 177696   15.00000  174  196   16.00000   15.00000  6.25%   434 38228s
 935887 178466 infeasible  260        16.00000   15.00000  6.25%   434 38280s
 937227 178351   15.00000  390  191   16.00000   15.00000  6.25%   434 38350s
 937358 178359   15.00000  391  200   16.00000   15.00000  6.25%   434 38422s
 937366 178823   15.00000  392  193   16.00000   15.00000  6.25%   434 38483s
 938940 179355 infeasible  263        16.00000   15.00000  6.25%   434 38536s
 941318 179731 infeasible  139        16.00000   15.00000  6.25%   434 38585s
 943718 179984   15.00000  330  204   16.00000   15.00000  6.25%   435 38631s
 945817 180528   15.00000  399  160   16.00000   15.00000  6.25%   435 38694s
 946240 180528 infeasible  535        16.00000   15.00000  6.25%   435 38695s
 947515 180339   15.00000  625  205   16.00000   15.00000  6.25%   435 38759s
 949398 180648   15.00000  310  184   16.00000   15.00000  6.25%   435 38821s
 951651 180813 infeasible  581        16.00000   15.00000  6.25%   435 38872s
 953924 180807 infeasible  324        16.00000   15.00000  6.25%   435 38920s
 956050 180847   15.00000  143  199   16.00000   15.00000  6.25%   435 38967s
 957986 181161   15.00000  565  188   16.00000   15.00000  6.25%   435 39012s
 959472 181040 infeasible  236        16.00000   15.00000  6.25%   435 39059s
 961143 180876 infeasible  232        16.00000   15.00000  6.25%   435 39132s
 961503 180247   15.00000  384  179   16.00000   15.00000  6.25%   435 39394s
 967694 180088 infeasible  416        16.00000   15.00000  6.25%   436 39462s
 968849 180123   15.00000  739  202   16.00000   15.00000  6.25%   436 39534s
 971856 180505 infeasible  749        16.00000   15.00000  6.25%   436 39598s
 974274 179893   15.00000  645  187   16.00000   15.00000  6.25%   436 39661s
 976602 180095 infeasible  300        16.00000   15.00000  6.25%   436 39723s
 978796 179603 infeasible  680        16.00000   15.00000  6.25%   436 39795s
 979304 179522   15.00000  565  171   16.00000   15.00000  6.25%   436 39878s
 979919 179552   15.00000  566  175   16.00000   15.00000  6.25%   436 39951s
 981885 179427   15.00000  798  199   16.00000   15.00000  6.25%   436 40018s
 984344 179360 infeasible  938        16.00000   15.00000  6.25%   436 40080s
 986485 179166 infeasible  408        16.00000   15.00000  6.25%   436 40143s
 988677 178727 infeasible  533        16.00000   15.00000  6.25%   436 40204s
 990996 178702   15.00000  467  173   16.00000   15.00000  6.25%   436 40268s
 993249 178276   15.00000  368  194   16.00000   15.00000  6.25%   437 40342s
 993689 178225 infeasible  369        16.00000   15.00000  6.25%   437 40432s
 993934 178181   15.00000  961  195   16.00000   15.00000  6.25%   437 40505s
 994760 178084   15.00000  212  189   16.00000   15.00000  6.25%   437 40580s
 997153 177352   15.00000  509  203   16.00000   15.00000  6.25%   437 40651s
 1000169 177290 infeasible  354        16.00000   15.00000  6.25%   437 40726s
 1003265 176387 infeasible  125        16.00000   15.00000  6.25%   437 40793s
 1006116 175755   15.00000  172  190   16.00000   15.00000  6.25%   437 40858s
 1008946 174959 infeasible  238        16.00000   15.00000  6.25%   437 40937s
 1011306 174267 infeasible  792        16.00000   15.00000  6.25%   437 41037s
 1012116 173644   15.00000  659  187   16.00000   15.00000  6.25%   437 41173s
 1014501 172925 infeasible  220        16.00000   15.00000  6.25%   438 41295s
 1019858 172086   15.00000 1118  190   16.00000   15.00000  6.25%   438 41392s
 1023293 170653 infeasible  739        16.00000   15.00000  6.25%   438 41483s
 1027036 169388   15.00000  816  197   16.00000   15.00000  6.25%   438 41574s
 1030393 169277 infeasible  410        16.00000   15.00000  6.25%   438 41690s
 1030636 168905   15.00000  514  167   16.00000   15.00000  6.25%   438 41789s
 1032526 168021 infeasible  785        16.00000   15.00000  6.25%   438 41887s
 1034936 167739 infeasible  501        16.00000   15.00000  6.25%   439 41993s
 1038820 167578 infeasible 1019        16.00000   15.00000  6.25%   439 42085s
 1041995 168524   15.00000  561  188   16.00000   15.00000  6.25%   439 42183s
 1046113 168479   15.00000  475  136   16.00000   15.00000  6.25%   439 42280s
 1046174 168530   15.00000  476  136   16.00000   15.00000  6.25%   439 42385s
 1046563 168665   15.00000  516  151   16.00000   15.00000  6.25%   439 42501s
 1047340 168604   15.00000  491  156   16.00000   15.00000  6.25%   439 42612s
 1049539 168019   15.00000  455  173   16.00000   15.00000  6.25%   439 42747s
 1055162 167851   15.00000  450  178   16.00000   15.00000  6.25%   439 42854s
 1057826 167561   15.00000  547  167   16.00000   15.00000  6.25%   439 42978s
 1059938 166851   15.00000  473  179   16.00000   15.00000  6.25%   439 43098s
 1063550 166782 infeasible  918        16.00000   15.00000  6.25%   439 43200s

Cutting planes:
  Cover: 2
  MIR: 11
  Flow cover: 69

Explored 1067811 nodes (468694823 simplex iterations) in 43200.76 seconds (130657.10 work units)
Thread count was 8 (of 56 available processors)

Solution count 9: 16 17 18 ... 76

Time limit reached
Best objective 1.600000000000e+01, best bound 1.500000000000e+01, gap 6.2500%

User-callback calls 9286862, time in user-callback 37.20 sec
Set parameter TimeLimit to value 1.7976185929775238e+03
Gurobi Optimizer version 12.0.3 build v12.0.3rc0 (linux64 - "Ubuntu 24.04.4 LTS")

CPU model: Intel(R) Xeon(R) Gold 6348 CPU @ 2.60GHz, instruction set [SSE2|AVX|AVX2|AVX512]
Thread count: 56 physical cores, 56 logical processors, using up to 8 threads

Non-default parameters:
TimeLimit  1.7976185929775238e+03
Heuristics  0.5
MIPFocus  1
NoRelHeurTime  1800
Threads  8

Optimize a model with 326 rows, 68670 columns and 1880341 nonzeros
Model fingerprint: 0xb4653afb
Variable types: 0 continuous, 68670 integer (68670 binary)
Coefficient statistics:
  Matrix range     [1e+00, 1e+00]
  Objective range  [2e+01, 2e+02]
  Bounds range     [1e+00, 1e+00]
  RHS range        [1e+00, 2e+01]

Loaded user MIP start with objective 1231.37
MIP start from previous solve did not produce a new incumbent solution

Presolve time: 1.92s
Presolved: 326 rows, 68670 columns, 1880341 nonzeros
Variable types: 0 continuous, 68670 integer (68670 binary)
Starting NoRel heuristic
Found heuristic solution: objective 1176.7280000
Found heuristic solution: objective 1171.7280000
Found heuristic solution: objective 1168.5040000
Found heuristic solution: objective 1141.1840000
Found heuristic solution: objective 1139.2000000
Found heuristic solution: objective 1119.3200000
Found heuristic solution: objective 1118.0800000
Found heuristic solution: objective 1106.8800000
Found heuristic solution: objective 1106.6320000
Elapsed time for NoRel heuristic: 6s (best bound 45.2293)
Elapsed time for NoRel heuristic: 11s (best bound 45.2293)
Elapsed time for NoRel heuristic: 21s (best bound 45.2293)
Elapsed time for NoRel heuristic: 29s (best bound 45.2293)
Elapsed time for NoRel heuristic: 43s (best bound 628.422)
Elapsed time for NoRel heuristic: 54s (best bound 628.422)
Elapsed time for NoRel heuristic: 68s (best bound 628.422)
Elapsed time for NoRel heuristic: 87s (best bound 628.422)
Elapsed time for NoRel heuristic: 112s (best bound 637.732)
Elapsed time for NoRel heuristic: 140s (best bound 637.732)
Elapsed time for NoRel heuristic: 184s (best bound 639.447)
Elapsed time for NoRel heuristic: 218s (best bound 639.447)
Elapsed time for NoRel heuristic: 268s (best bound 639.447)
Elapsed time for NoRel heuristic: 334s (best bound 639.472)
Elapsed time for NoRel heuristic: 396s (best bound 639.472)
Found heuristic solution: objective 1005.0960000
Elapsed time for NoRel heuristic: 469s (best bound 639.472)
Found heuristic solution: objective 992.4080000
Elapsed time for NoRel heuristic: 493s (best bound 639.472)
Elapsed time for NoRel heuristic: 516s (best bound 639.472)
Found heuristic solution: objective 984.7600000
Found heuristic solution: objective 947.8160000
Elapsed time for NoRel heuristic: 562s (best bound 639.472)
Found heuristic solution: objective 942.5680000
Found heuristic solution: objective 933.6400000
Elapsed time for NoRel heuristic: 586s (best bound 639.472)
Found heuristic solution: objective 928.3920000
Elapsed time for NoRel heuristic: 613s (best bound 639.472)
Elapsed time for NoRel heuristic: 659s (best bound 639.472)
Found heuristic solution: objective 925.7920000
Elapsed time for NoRel heuristic: 708s (best bound 639.472)
Found heuristic solution: objective 923.5600000
Elapsed time for NoRel heuristic: 747s (best bound 639.472)
Elapsed time for NoRel heuristic: 807s (best bound 639.472)
Found heuristic solution: objective 923.5599656
Elapsed time for NoRel heuristic: 841s (best bound 639.472)
Elapsed time for NoRel heuristic: 901s (best bound 639.472)
Found heuristic solution: objective 923.5597822
Elapsed time for NoRel heuristic: 952s (best bound 639.472)
Elapsed time for NoRel heuristic: 993s (best bound 639.472)
Elapsed time for NoRel heuristic: 1029s (best bound 639.472)
Elapsed time for NoRel heuristic: 1071s (best bound 639.472)
Elapsed time for NoRel heuristic: 1242s (best bound 639.472)
Elapsed time for NoRel heuristic: 1405s (best bound 639.472)
Elapsed time for NoRel heuristic: 1573s (best bound 639.472)
Elapsed time for NoRel heuristic: 1782s (best bound 639.472)
Elapsed time for NoRel heuristic: 1796s (best bound 639.472)
NoRel heuristic complete

Explored 0 nodes (0 simplex iterations) in 1798.30 seconds (2547.86 work units)
Thread count was 8 (of 56 available processors)

Solution count 10: 923.56 923.56 923.56 ... 992.408

Time limit reached
Best objective 9.235597822851e+02, best bound 6.394724815635e+02, gap 30.7600%

User-callback calls 264541, time in user-callback 1.85 sec
