
Gurobi 12.0.3 (linux64) logging started Mon Sep 21 16:00:54 2026

Set parameter LogFile to value "/home/nc437/ladder-lite/integer_columns_20260921/results/c3_k08/control_s20260922/668462_r0/mip_gurobi.log"
Set parameter OutputFlag to value 1
Set parameter TimeLimit to value 3600
Set parameter MIPGap to value 0.0001
Set parameter Threads to value 8
Set parameter Seed to value 20260922
Set parameter TimeLimit to value 1800
Gurobi Optimizer version 12.0.3 build v12.0.3rc0 (linux64 - "Ubuntu 24.04.4 LTS")

CPU model: Intel(R) Xeon(R) Gold 6230 CPU @ 2.10GHz, instruction set [SSE2|AVX|AVX2|AVX512]
Thread count: 40 physical cores, 40 logical processors, using up to 8 threads

Non-default parameters:
TimeLimit  1800
Seed  20260922
Threads  8

Optimize a model with 154 rows, 16931 columns and 343503 nonzeros
Model fingerprint: 0xb4063d10
Variable types: 0 continuous, 16931 integer (16931 binary)
Coefficient statistics:
  Matrix range     [1e+00, 1e+00]
  Objective range  [1e+00, 1e+00]
  Bounds range     [1e+00, 1e+00]
  RHS range        [1e+00, 1e+00]

Loaded user MIP start with objective 51

Presolve removed 0 rows and 1803 columns
Presolve time: 0.73s
Presolved: 154 rows, 15128 columns, 310823 nonzeros
Found heuristic solution: objective 49.0000000
Variable types: 0 continuous, 15128 integer (15128 binary)

Root relaxation: objective 8.000000e+00, 721 iterations, 0.25 seconds (0.39 work units)

    Nodes    |    Current Node    |     Objective Bounds      |     Work
 Expl Unexpl |  Obj  Depth IntInf | Incumbent    BestBd   Gap | It/Node Time

     0     0    8.00000    0   72   49.00000    8.00000  83.7%     -    2s
H    0     0                      20.0000000    8.00000  60.0%     -    2s
H    0     0                      14.0000000    8.00000  42.9%     -    2s
H    0     0                      13.0000000    8.00000  38.5%     -    2s
H    0     0                      11.0000000    8.00000  27.3%     -    2s
H    0     0                      10.0000000    8.00000  20.0%     -    2s
     0     0    8.00000    0   65   10.00000    8.00000  20.0%     -    4s
H    0     0                       9.0000000    8.00000  11.1%     -    7s
     0     0    8.00000    0   54    9.00000    8.00000  11.1%     -    9s
     0     0    8.00000    0   54    9.00000    8.00000  11.1%     -   10s
     0     0    8.00000    0   57    9.00000    8.00000  11.1%     -   11s
     0     0    8.00000    0   51    9.00000    8.00000  11.1%     -   12s
     0     0    8.00000    0   50    9.00000    8.00000  11.1%     -   12s
     0     0    8.00000    0   46    9.00000    8.00000  11.1%     -   13s
     0     0    8.00000    0   49    9.00000    8.00000  11.1%     -   14s
     0     0    8.00000    0   57    9.00000    8.00000  11.1%     -   15s
     0     0    8.00000    0   48    9.00000    8.00000  11.1%     -   15s
     0     0    8.00000    0   51    9.00000    8.00000  11.1%     -   16s
     0     0    8.00000    0   43    9.00000    8.00000  11.1%     -   16s
     0     0    8.00000    0   54    9.00000    8.00000  11.1%     -   17s
     0     0    8.00000    0   54    9.00000    8.00000  11.1%     -   18s
     0     0    8.00000    0   54    9.00000    8.00000  11.1%     -   21s
     0     0    8.00000    0   50    9.00000    8.00000  11.1%     -   22s
     0     0    8.00000    0   46    9.00000    8.00000  11.1%     -   25s
     0     0    8.00000    0   53    9.00000    8.00000  11.1%     -   26s
     0     0    8.00000    0   47    9.00000    8.00000  11.1%     -   26s
     0     0    8.00000    0   65    9.00000    8.00000  11.1%     -   27s
     0     0    8.00000    0   59    9.00000    8.00000  11.1%     -   27s
     0     0    8.00000    0   59    9.00000    8.00000  11.1%     -   28s
     0     0    8.00000    0   50    9.00000    8.00000  11.1%     -   28s
     0     0    8.00000    0   59    9.00000    8.00000  11.1%     -   29s
     0     0    8.00000    0   59    9.00000    8.00000  11.1%     -   30s
     0     0    8.00000    0   68    9.00000    8.00000  11.1%     -   32s
     0     0    8.00000    0   56    9.00000    8.00000  11.1%     -   32s
     0     0    8.00000    0   52    9.00000    8.00000  11.1%     -   34s
     0     0    8.00000    0   54    9.00000    8.00000  11.1%     -   34s
     0     0    8.00000    0   48    9.00000    8.00000  11.1%     -   34s
     0     0    8.00000    0   38    9.00000    8.00000  11.1%     -   35s
     0     0    8.00000    0   50    9.00000    8.00000  11.1%     -   35s
     0     0    8.00000    0   41    9.00000    8.00000  11.1%     -   36s
     0     0    8.00000    0   37    9.00000    8.00000  11.1%     -   36s
     0     0    8.00000    0   37    9.00000    8.00000  11.1%     -   36s
     0     0    8.00000    0   53    9.00000    8.00000  11.1%     -   37s
     0     0    8.00000    0   43    9.00000    8.00000  11.1%     -   37s
     0     0    8.00000    0   48    9.00000    8.00000  11.1%     -   38s
     0     0    8.00000    0   48    9.00000    8.00000  11.1%     -   38s
     0     2    8.00000    0   48    9.00000    8.00000  11.1%     -   39s
    23    40    8.00000    5   91    9.00000    8.00000  11.1%   312   40s
   323   282    8.00000   20   60    9.00000    8.00000  11.1%   136   47s
  1128  1172    8.00000   70   53    9.00000    8.00000  11.1%   120   51s
  2198  1174    8.00000   55   65    9.00000    8.00000  11.1%   117   55s
  2208  1181    8.00000   62   56    9.00000    8.00000  11.1%   116   60s
  2437  1209 infeasible   25         9.00000    8.00000  11.1%   161   65s
  3169  1038 infeasible   46         9.00000    8.00000  11.1%   150   70s
  4186  1267    8.00000   44   85    9.00000    8.00000  11.1%   135   75s
  5140  1298    8.00000   74   83    9.00000    8.00000  11.1%   129   81s
  7303   830 infeasible   47         9.00000    8.00000  11.1%   116   86s
  9508   646 infeasible   77         9.00000    8.00000  11.1%   111   90s
 10273   480    8.00000   22   61    9.00000    8.00000  11.1%   112   96s
 12364   813 infeasible   78         9.00000    8.00000  11.1%   104  100s
 12738   971    8.00000   91   43    9.00000    8.00000  11.1%   104  105s
 13540   997    8.00000  128   37    9.00000    8.00000  11.1%   102  110s
 15886   715 infeasible  141         9.00000    8.00000  11.1%   100  116s
 17732   773    8.00000   73   59    9.00000    8.00000  11.1%  98.6  121s
 18252   774    8.00000   31   54    9.00000    8.00000  11.1%  97.5  136s
 18258   778    8.00000  128   55    9.00000    8.00000  11.1%  97.4  140s
 18322   797    8.00000   28   76    9.00000    8.00000  11.1%  98.8  145s
 18692   746 infeasible   45         9.00000    8.00000  11.1%  99.5  150s
 19481   658 infeasible   94         9.00000    8.00000  11.1%   100  155s
 19920   700    8.00000  125   88    9.00000    8.00000  11.1%   100  160s
 21033   791    8.00000  142   86    9.00000    8.00000  11.1%   100  165s
 22474   746    8.00000  250   90    9.00000    8.00000  11.1%   100  171s
 23401   831    8.00000  336   86    9.00000    8.00000  11.1%   100  175s
 24986  1043 infeasible  188         9.00000    8.00000  11.1%   100  181s
 26517  1333 infeasible  270         9.00000    8.00000  11.1%  99.3  185s
 28582  1245    8.00000   87   51    9.00000    8.00000  11.1%  99.3  191s
 28915  1285 infeasible  242         9.00000    8.00000  11.1%  99.5  195s
 30972  1976    8.00000  140  100    9.00000    8.00000  11.1%  98.9  200s
 31902  2202    8.00000  204   92    9.00000    8.00000  11.1%  98.9  205s
 33705  1593    8.00000   67   75    9.00000    8.00000  11.1%   101  210s
 34788  1494    8.00000  242   60    9.00000    8.00000  11.1%   102  215s
 36072  2477    8.00000  124   58    9.00000    8.00000  11.1%   101  221s
 38011  2538    8.00000   88   51    9.00000    8.00000  11.1%   101  226s
 38843  2396    8.00000   80   50    9.00000    8.00000  11.1%   102  230s
 40302  2448    8.00000  124   59    9.00000    8.00000  11.1%   102  235s
 42384  1558    8.00000   89   39    9.00000    8.00000  11.1%   104  241s
 44102  1883    8.00000  169   97    9.00000    8.00000  11.1%   104  246s
 46153  2494    8.00000  369  105    9.00000    8.00000  11.1%   103  250s
 47603  2464    8.00000  149   71    9.00000    8.00000  11.1%   104  255s
 49931  2274    8.00000  143   51    9.00000    8.00000  11.1%   105  261s
 51137  2154 infeasible  478         9.00000    8.00000  11.1%   105  266s
 52280  2261    8.00000  134   59    9.00000    8.00000  11.1%   106  301s
 52724  2254    8.00000  135   56    9.00000    8.00000  11.1%   106  307s
 55555  2103    8.00000  329   70    9.00000    8.00000  11.1%   106  310s
 57435  1601    8.00000   57   59    9.00000    8.00000  11.1%   107  317s
 59617  1521 infeasible  450         9.00000    8.00000  11.1%   107  322s
 60819  1355 infeasible   89         9.00000    8.00000  11.1%   108  327s
 61683  1408    8.00000  130   61    9.00000    8.00000  11.1%   108  330s
 62265  1683    8.00000  182   63    9.00000    8.00000  11.1%   108  335s
 64429  1697 infeasible  451         9.00000    8.00000  11.1%   108  340s
 66260  1185    8.00000  285   69    9.00000    8.00000  11.1%   109  347s
 66329  1319    8.00000  286   73    9.00000    8.00000  11.1%   109  350s
 67101  2390 infeasible  285         9.00000    8.00000  11.1%   109  357s
 69155  3019    8.00000  173   49    9.00000    8.00000  11.1%   109  361s
 71960  3183 infeasible  323         9.00000    8.00000  11.1%   110  366s
 72899  3061 infeasible  114         9.00000    8.00000  11.1%   110  370s
 75018  2947    8.00000  108   69    9.00000    8.00000  11.1%   110  376s
 76858  2166 infeasible   65         9.00000    8.00000  11.1%   111  380s
 78753  1241 infeasible  137         9.00000    8.00000  11.1%   112  386s
 80156  1407 infeasible  123         9.00000    8.00000  11.1%   112  390s
 81514  2016    8.00000  368   57    9.00000    8.00000  11.1%   112  395s
 82246  3294    8.00000  453   57    9.00000    8.00000  11.1%   112  400s
 85420  4599 infeasible  150         9.00000    8.00000  11.1%   112  406s
 86367  4961    8.00000  216   67    9.00000    8.00000  11.1%   112  410s
 89021  5510    8.00000  315   67    9.00000    8.00000  11.1%   112  416s
 90577  5655 infeasible  518         9.00000    8.00000  11.1%   112  421s
 91202  5925    8.00000  162   71    9.00000    8.00000  11.1%   112  425s
 93237  6311    8.00000  325   59    9.00000    8.00000  11.1%   112  430s
 94964  5912    8.00000  163   61    9.00000    8.00000  11.1%   112  435s
 97403  5733 infeasible  193         9.00000    8.00000  11.1%   113  442s
 98600  5283    8.00000  101   61    9.00000    8.00000  11.1%   113  447s
 100791  4716    8.00000  122   78    9.00000    8.00000  11.1%   114  451s
 102697  4512 infeasible  325         9.00000    8.00000  11.1%   114  457s
 103428  3947 infeasible  174         9.00000    8.00000  11.1%   114  461s
 105293  2572 infeasible  122         9.00000    8.00000  11.1%   115  469s
 107152  1402 infeasible  333         9.00000    8.00000  11.1%   115  474s
 108542  1222 infeasible  308         9.00000    8.00000  11.1%   115  478s
 110035  1446    8.00000  100   60    9.00000    8.00000  11.1%   115  481s
 110295  2605    8.00000  116   53    9.00000    8.00000  11.1%   115  486s
 112203  3348    8.00000  432   70    9.00000    8.00000  11.1%   115  490s
 115241  3399 infeasible  237         9.00000    8.00000  11.1%   115  497s
 116467  3000 infeasible  354         9.00000    8.00000  11.1%   115  506s
 120133  2995 infeasible   74         9.00000    8.00000  11.1%   114  511s
 122210  2354    8.00000   62   72    9.00000    8.00000  11.1%   114  516s
 125054  1440 infeasible  334         9.00000    8.00000  11.1%   114  520s
 127851  1109    8.00000  183   71    9.00000    8.00000  11.1%   114  526s
 130359  1004    8.00000  198   47    9.00000    8.00000  11.1%   114  531s
 131350  1392    8.00000   42   62    9.00000    8.00000  11.1%   114  536s
 132075  2261    8.00000   88   62    9.00000    8.00000  11.1%   114  542s
 136440  2168 infeasible  407         9.00000    8.00000  11.1%   113  546s
 139199  1923 infeasible  394         9.00000    8.00000  11.1%   112  553s
 140184  1183    8.00000  192   42    9.00000    8.00000  11.1%   112  556s
 143039  1891    8.00000   46   64    9.00000    8.00000  11.1%   112  561s
 144175  1110    8.00000   47   67    9.00000    8.00000  11.1%   111  565s
 146786   786 infeasible  386         9.00000    8.00000  11.1%   112  571s
 148427  1095 infeasible  344         9.00000    8.00000  11.1%   112  577s
 149249  1099    8.00000   69   63    9.00000    8.00000  11.1%   112  581s
 151182   657    8.00000  318   79    9.00000    8.00000  11.1%   112  586s
 152554  1013    8.00000  320   70    9.00000    8.00000  11.1%   112  591s
 154523   473 infeasible  197         9.00000    8.00000  11.1%   113  597s
 155222   703 infeasible  372         9.00000    8.00000  11.1%   113  602s
 155706  1098    8.00000  382   67    9.00000    8.00000  11.1%   113  605s
 158692   581 infeasible  239         9.00000    8.00000  11.1%   113  611s
 160082   922 infeasible  102         9.00000    8.00000  11.1%   113  616s
 162526  3849    8.00000  299   67    9.00000    8.00000  11.1%   112  624s
 166768  3703 infeasible  129         9.00000    8.00000  11.1%   111  631s
 169502  3971 infeasible  164         9.00000    8.00000  11.1%   111  635s
 172426  5216    8.00000   64   35    9.00000    8.00000  11.1%   110  644s
 174127  6576    8.00000  138   47    9.00000    8.00000  11.1%   110  649s
 177667  7850    8.00000  408   65    9.00000    8.00000  11.1%   109  653s
 179745  8502    8.00000  342   69    9.00000    8.00000  11.1%   109  657s
 181147  8436 infeasible  403         9.00000    8.00000  11.1%   109  662s
 181339  8960    8.00000  115   52    9.00000    8.00000  11.1%   109  669s
 182871 10937    8.00000   82   69    9.00000    8.00000  11.1%   109  676s
 187287 12049    8.00000  328   72    9.00000    8.00000  11.1%   109  684s
 189856 12805    8.00000  110   58    9.00000    8.00000  11.1%   109  688s
 192072 13620    8.00000  448   58    9.00000    8.00000  11.1%   109  692s
 194481 14230    8.00000   86   58    9.00000    8.00000  11.1%   109  696s
 195451 14954    8.00000  249   65    9.00000    8.00000  11.1%   109  700s
 197533 15914    8.00000  110   44    9.00000    8.00000  11.1%   109  707s
 199611 17020 infeasible  135         9.00000    8.00000  11.1%   109  712s
 201829 16903 infeasible  177         9.00000    8.00000  11.1%   109  716s
 202754 18802 infeasible   77         9.00000    8.00000  11.1%   109  721s
 205711 19331    8.00000  364   71    9.00000    8.00000  11.1%   109  726s
 206890 19230    8.00000  365   69    9.00000    8.00000  11.1%   109  731s
 207689 19947    8.00000  378   67    9.00000    8.00000  11.1%   109  736s
 210092 21144    8.00000  167   70    9.00000    8.00000  11.1%   109  741s
 212431 22570 infeasible  359         9.00000    8.00000  11.1%   109  748s
 215125 22639    8.00000  114   75    9.00000    8.00000  11.1%   109  752s
 215642 24225    8.00000  331   64    9.00000    8.00000  11.1%   110  756s
 218252 25203    8.00000  377   67    9.00000    8.00000  11.1%   109  760s
 220887 26031 infeasible  338         9.00000    8.00000  11.1%   109  768s
 222374 26247 infeasible  370         9.00000    8.00000  11.1%   109  773s
 224584 26918    8.00000  416   65    9.00000    8.00000  11.1%   110  777s
 226657 26942    8.00000  159   69    9.00000    8.00000  11.1%   110  781s
 227681 27762    8.00000  310   72    9.00000    8.00000  11.1%   110  786s
 229967 27705    8.00000  695   74    9.00000    8.00000  11.1%   110  793s
 231756 28433 infeasible  538         9.00000    8.00000  11.1%   110  799s
 233766 28705    8.00000  540   72    9.00000    8.00000  11.1%   110  804s
 234526 29075 infeasible  201         9.00000    8.00000  11.1%   110  810s
 237570 29192 infeasible  433         9.00000    8.00000  11.1%   110  816s
 239539 30016    8.00000  116   63    9.00000    8.00000  11.1%   110  821s
 241275 30512 infeasible  392         9.00000    8.00000  11.1%   110  826s
 243833 31155 infeasible  518         9.00000    8.00000  11.1%   110  832s
 244760 31444    8.00000   81   66    9.00000    8.00000  11.1%   110  839s
 245203 33041    8.00000  108   62    9.00000    8.00000  11.1%   110  860s
 252845 33603 infeasible  179         9.00000    8.00000  11.1%   111  866s
 254927 33905 infeasible  633         9.00000    8.00000  11.1%   111  872s
 257067 34228 infeasible  295         9.00000    8.00000  11.1%   111  877s
 259908 35378 infeasible  487         9.00000    8.00000  11.1%   111  883s
 262054 35933    8.00000  645   68    9.00000    8.00000  11.1%   111  890s
 263561 35861 infeasible  364         9.00000    8.00000  11.1%   111  898s
 266381 36469    8.00000  222   59    9.00000    8.00000  11.1%   111  904s
 267653 38340    8.00000  354   65    9.00000    8.00000  11.1%   111  911s
 271736 39198    8.00000  369   58    9.00000    8.00000  11.1%   111  916s
 274028 39336 infeasible  522         9.00000    8.00000  11.1%   111  922s
 275320 40609    8.00000  744   85    9.00000    8.00000  11.1%   111  927s
 278399 43277 infeasible  434         9.00000    8.00000  11.1%   111  934s
 282398 43009 infeasible  441         9.00000    8.00000  11.1%   111  937s
 282678 44008    8.00000  121   68    9.00000    8.00000  11.1%   111  941s
 287805 47178    8.00000  556   99    9.00000    8.00000  11.1%   110  947s
 288746 47175 infeasible  209         9.00000    8.00000  11.1%   110  950s
 289696 49170    8.00000  285   81    9.00000    8.00000  11.1%   110  958s
 292116 50080 infeasible  622         9.00000    8.00000  11.1%   110  961s
 293560 51322    8.00000  943  105    9.00000    8.00000  11.1%   110  968s
 296314 51015    8.00000  143   77    9.00000    8.00000  11.1%   110  972s
 296867 52485 infeasible  295         9.00000    8.00000  11.1%   110  978s
 299023 54388    8.00000  231   91    9.00000    8.00000  11.1%   110  983s
 302076 55157 infeasible  166         9.00000    8.00000  11.1%   110  987s
 303315 56537    8.00000  443   84    9.00000    8.00000  11.1%   109  992s
 305699 58108    8.00000   72   64    9.00000    8.00000  11.1%   109  997s
 308562 58768 infeasible  350         9.00000    8.00000  11.1%   109 1003s
 310686 58661 infeasible  354         9.00000    8.00000  11.1%   109 1009s
 311461 60087    8.00000  168   87    9.00000    8.00000  11.1%   109 1016s
 313989 62282    8.00000  202   78    9.00000    8.00000  11.1%   109 1022s
 317632 62710 infeasible  261         9.00000    8.00000  11.1%   109 1027s
 318974 63877 infeasible  282         9.00000    8.00000  11.1%   109 1032s
 321935 64355    8.00000  539   85    9.00000    8.00000  11.1%   109 1036s
 324046 64466 infeasible  498         9.00000    8.00000  11.1%   109 1043s
 325875 65109    8.00000  403   72    9.00000    8.00000  11.1%   109 1049s
 328160 66266 infeasible  353         9.00000    8.00000  11.1%   109 1055s
 330781 67623    8.00000  290   55    9.00000    8.00000  11.1%   109 1061s
 332904 69265    8.00000  330  102    9.00000    8.00000  11.1%   109 1066s
 336274 71223 infeasible  321         9.00000    8.00000  11.1%   109 1070s
 339278 71650    8.00000  795   95    9.00000    8.00000  11.1%   109 1077s
 340879 73106 infeasible  612         9.00000    8.00000  11.1%   109 1084s
 343789 73421 infeasible  453         9.00000    8.00000  11.1%   109 1089s
 345704 74277    8.00000  594   96    9.00000    8.00000  11.1%   109 1095s
 348418 74538 infeasible  327         9.00000    8.00000  11.1%   109 1100s
 350069 75595    8.00000  958   97    9.00000    8.00000  11.1%   109 1105s
 355386 76563 infeasible  370         9.00000    8.00000  11.1%   109 1116s
 357070 77069    8.00000  224   57    9.00000    8.00000  11.1%   109 1123s
 359968 76754 infeasible  383         9.00000    8.00000  11.1%   109 1128s
 361849 76575    8.00000  109   52    9.00000    8.00000  11.1%   109 1133s
 362628 77186 infeasible  301         9.00000    8.00000  11.1%   110 1139s
 364525 77156 infeasible  335         9.00000    8.00000  11.1%   110 1146s
 367229 77175 infeasible  380         9.00000    8.00000  11.1%   110 1152s
 368274 77724    8.00000  910   73    9.00000    8.00000  11.1%   110 1158s
 370756 77892    8.00000  241   72    9.00000    8.00000  11.1%   110 1165s
 371998 79062 infeasible  349         9.00000    8.00000  11.1%   110 1173s
 376260 78902 infeasible  458         9.00000    8.00000  11.1%   110 1178s
 378288 78621 infeasible  376         9.00000    8.00000  11.1%   110 1183s
 378801 79045    8.00000  438   88    9.00000    8.00000  11.1%   110 1189s
 379721 78574    8.00000  823   88    9.00000    8.00000  11.1%   111 1195s
 382120 79762 infeasible  192         9.00000    8.00000  11.1%   111 1201s
 384052 81707    8.00000  623  103    9.00000    8.00000  11.1%   111 1207s
 386623 82940    8.00000  410  105    9.00000    8.00000  11.1%   110 1214s
 389488 83026    8.00000  197   79    9.00000    8.00000  11.1%   110 1218s
 390006 83749    8.00000  974   96    9.00000    8.00000  11.1%   111 1222s
 392423 83397 infeasible  298         9.00000    8.00000  11.1%   111 1226s
 394037 84866    8.00000  508   78    9.00000    8.00000  11.1%   111 1231s
 397306 85417 infeasible  364         9.00000    8.00000  11.1%   111 1235s
 401176 87187 infeasible  470         9.00000    8.00000  11.1%   111 1245s
 403267 86332 infeasible  613         9.00000    8.00000  11.1%   111 1250s
 405420 86322 infeasible  207         9.00000    8.00000  11.1%   111 1256s
 406432 86092    8.00000  519   71    9.00000    8.00000  11.1%   111 1261s
 408498 86345    8.00000  662   85    9.00000    8.00000  11.1%   111 1267s
 411193 86147    8.00000  305   57    9.00000    8.00000  11.1%   111 1273s
 412827 85624    8.00000  126   55    9.00000    8.00000  11.1%   111 1280s
 414514 85197    8.00000  169   57    9.00000    8.00000  11.1%   112 1287s
 415439 85167    8.00000  213   60    9.00000    8.00000  11.1%   112 1294s
 418479 86117 infeasible  550         9.00000    8.00000  11.1%   112 1300s
 422323 85792    8.00000  867   91    9.00000    8.00000  11.1%   112 1308s
 423174 85838 infeasible  374         9.00000    8.00000  11.1%   112 1323s
 428951 85553    8.00000  791   71    9.00000    8.00000  11.1%   112 1329s
 430270 84792    8.00000  663   72    9.00000    8.00000  11.1%   112 1337s
 433049 84924    8.00000  776   81    9.00000    8.00000  11.1%   113 1345s
 433799 85331 infeasible  293         9.00000    8.00000  11.1%   113 1353s
 437504 85210 infeasible  657         9.00000    8.00000  11.1%   113 1361s
 439571 84885 infeasible  461         9.00000    8.00000  11.1%   113 1368s
 442306 84688 infeasible  100         9.00000    8.00000  11.1%   113 1375s
 443857 83857 infeasible  148         9.00000    8.00000  11.1%   113 1383s
 446938 83392    8.00000  984   74    9.00000    8.00000  11.1%   114 1390s
 450517 82536 infeasible  456         9.00000    8.00000  11.1%   114 1397s
 452391 82246 infeasible  331         9.00000    8.00000  11.1%   114 1404s
 455111 82087 infeasible  157         9.00000    8.00000  11.1%   114 1411s
 456540 81390 infeasible  340         9.00000    8.00000  11.1%   114 1418s
 458585 81240    8.00000  951   87    9.00000    8.00000  11.1%   114 1425s
 461237 82097 infeasible 1007         9.00000    8.00000  11.1%   114 1433s
 465032 81567 infeasible  319         9.00000    8.00000  11.1%   114 1443s
 465908 81090    8.00000 1151   57    9.00000    8.00000  11.1%   115 1453s
 467429 79957 infeasible 1167         9.00000    8.00000  11.1%   115 1468s
 470779 78985    8.00000  840   69    9.00000    8.00000  11.1%   115 1480s
 473405 77868 infeasible  607         9.00000    8.00000  11.1%   115 1491s
 474828 76931    8.00000  606   65    9.00000    8.00000  11.1%   115 1503s
 477135 76126    8.00000  455   75    9.00000    8.00000  11.1%   115 1513s
 479112 74937 infeasible  713         9.00000    8.00000  11.1%   116 1523s
 482227 74171 infeasible  600         9.00000    8.00000  11.1%   116 1540s
 484951 72434 infeasible  187         9.00000    8.00000  11.1%   116 1553s
 487252 71304    8.00000  953   79    9.00000    8.00000  11.1%   116 1563s
 489430 71024 infeasible  358         9.00000    8.00000  11.1%   116 1574s
 492802 69813    8.00000  517   86    9.00000    8.00000  11.1%   116 1594s
 496119 68678 infeasible  429         9.00000    8.00000  11.1%   117 1608s
 497858 67116    8.00000  434   75    9.00000    8.00000  11.1%   117 1621s
 501966 65596 infeasible  230         9.00000    8.00000  11.1%   117 1635s
 504582 63372    8.00000  441   82    9.00000    8.00000  11.1%   117 1651s
 507972 62219    8.00000  678   81    9.00000    8.00000  11.1%   117 1668s
 510317 60377 infeasible  752         9.00000    8.00000  11.1%   118 1691s
 514827 57718    8.00000  594   52    9.00000    8.00000  11.1%   118 1714s
 519030 56594    8.00000  117   67    9.00000    8.00000  11.1%   118 1739s
 520444 54654    8.00000  132   61    9.00000    8.00000  11.1%   118 1759s
 524196 52333 infeasible  528         9.00000    8.00000  11.1%   119 1780s
 529065 50956 infeasible  299         9.00000    8.00000  11.1%   119 1798s
 532368 50723 infeasible  529         9.00000    8.00000  11.1%   119 1800s

Cutting planes:
  Flow cover: 11

Explored 532615 nodes (63477435 simplex iterations) in 1800.03 seconds (3083.09 work units)
Thread count was 8 (of 40 available processors)

Solution count 8: 9 10 11 ... 51

Time limit reached
Best objective 9.000000000000e+00, best bound 8.000000000000e+00, gap 11.1111%

User-callback calls 1448213, time in user-callback 2.63 sec
Set parameter TimeLimit to value 1799.51162981987
Gurobi Optimizer version 12.0.3 build v12.0.3rc0 (linux64 - "Ubuntu 24.04.4 LTS")

CPU model: Intel(R) Xeon(R) Gold 6230 CPU @ 2.10GHz, instruction set [SSE2|AVX|AVX2|AVX512]
Thread count: 40 physical cores, 40 logical processors, using up to 8 threads

Non-default parameters:
TimeLimit  1799.51162981987
Seed  20260922
Threads  8

Optimize a model with 155 rows, 16931 columns and 360434 nonzeros
Model fingerprint: 0x78999a93
Variable types: 0 continuous, 16931 integer (16931 binary)
Coefficient statistics:
  Matrix range     [1e+00, 1e+00]
  Objective range  [1e-11, 2e+02]
  Bounds range     [1e+00, 1e+00]
  RHS range        [1e+00, 9e+00]

Loaded user MIP start with objective 469.544
MIP start from previous solve did not produce a new incumbent solution

Presolve removed 0 rows and 155 columns
Presolve time: 0.82s
Presolved: 155 rows, 16776 columns, 357322 nonzeros
Variable types: 0 continuous, 16776 integer (16776 binary)

Root relaxation: objective 1.816048e+02, 1449 iterations, 0.76 seconds (1.46 work units)

    Nodes    |    Current Node    |     Objective Bounds      |     Work
 Expl Unexpl |  Obj  Depth IntInf | Incumbent    BestBd   Gap | It/Node Time

     0     0  181.60480    0  129  469.54400  181.60480  61.3%     -    1s
H    0     0                     447.9280000  181.60480  59.5%     -    3s
H    0     0                     447.4320000  181.60480  59.4%     -    3s
     0     0  183.86717    0  127  447.43200  183.86717  58.9%     -    4s
H    0     0                     442.4720000  184.03110  58.4%     -    9s
     0     0  184.20102    0  135  442.47200  184.20102  58.4%     -   10s
     0     0  184.20102    0  133  442.47200  184.20102  58.4%     -   10s
     0     0  184.20102    0  136  442.47200  184.20102  58.4%     -   10s
     0     0  184.22623    0  136  442.47200  184.22623  58.4%     -   10s
     0     0  185.29190    0  139  442.47200  185.29190  58.1%     -   11s
     0     0  186.68924    0  143  442.47200  186.68924  57.8%     -   12s
     0     0  186.76388    0  142  442.47200  186.76388  57.8%     -   12s
     0     0  187.75765    0  143  442.47200  187.75765  57.6%     -   13s
     0     0  187.83473    0  143  442.47200  187.83473  57.5%     -   13s
     0     0  188.10540    0  143  442.47200  188.10540  57.5%     -   14s
     0     0  188.15851    0  143  442.47200  188.15851  57.5%     -   14s
     0     0  188.17294    0  148  442.47200  188.17294  57.5%     -   14s
     0     0  188.17492    0  148  442.47200  188.17492  57.5%     -   14s
     0     0  188.20940    0  152  442.47200  188.20940  57.5%     -   14s
     0     0  188.23758    0  146  442.47200  188.23758  57.5%     -   15s
     0     0  188.26131    0  150  442.47200  188.26131  57.5%     -   15s
     0     0  188.30220    0  148  442.47200  188.30220  57.4%     -   16s
     0     0  188.30264    0  148  442.47200  188.30264  57.4%     -   16s
     0     2  188.47299    0  148  442.47200  188.47299  57.4%     -   22s
    23    52  188.90954    5  147  442.47200  188.65955  57.4%   275   25s
H   32    52                     428.0480000  188.65955  55.9%   218   25s
   159   162  189.51266   18  142  428.04800  188.65955  55.9%  99.4   31s
H  190   186                     403.7040000  188.65955  53.3%  91.4   34s
   191   218  189.90931   22  138  403.70400  188.65955  53.3%  91.7   35s
H  384   393                     402.9600000  188.65955  53.2%  65.8   37s
   536   555  190.43416   49  152  402.96000  188.65955  53.2%  57.4   40s
H  560   579                     393.0400000  188.65955  52.0%  56.0   40s
  1088  1125  192.07584   76  127  393.04000  188.65955  52.0%  44.0   45s
  1610  1669  193.54566  103  146  393.04000  188.65955  52.0%  43.9   50s
H 1611  1669                     365.3920000  188.65955  48.4%  43.9   50s
H 1653  1669                     357.6640000  188.65955  47.3%  43.4   50s
  2142  2252  194.85872  126  143  357.66400  188.65955  47.3%  42.3   55s
  2774  2923  195.52253  152  149  357.66400  188.65955  47.3%  39.2   60s
H 3342  3493                     355.6800000  188.65955  47.0%  37.0   64s
H 3349  3493                     352.4560000  188.65955  46.5%  37.0   64s
  3514  3629  196.12869  185  141  352.45600  188.65955  46.5%  36.4   66s
  4145  4136  196.59356  210  141  352.45600  188.65955  46.5%  34.4   71s
  4165  4144  196.59852  211  141  352.45600  188.65955  46.5%  34.4   75s
H 4168  4144                     331.8720000  188.65955  43.2%  34.4   75s
  4764  4729  197.22697  238  148  331.87200  188.65955  43.2%  32.8   81s
  4788  4753  197.29164  241  147  331.87200  188.65955  43.2%  32.8   86s
  4862  4926  197.30067  243  148  331.87200  188.65955  43.2%  32.7   90s
  4978  4969  197.33056  244  151  331.87200  188.65955  43.2%  32.5  177s
  5191  5238  197.47563  246  151  331.87200  188.65955  43.2%  32.3  180s
  5792  6051  197.84810  272  149  331.87200  188.65955  43.2%  31.3  185s
  6801  7168  198.69862  336  135  331.87200  188.65955  43.2%  30.1  190s
  7223  7170  297.67969  952  129  331.87200  188.65955  43.2%  29.7  201s
H 7223  6811                     327.9040000  188.65955  42.5%  29.7  209s
  7226  6813  240.36594 1372  138  327.90400  188.65955  42.5%  29.7  210s
  7240  6823  212.25352  128  152  327.90400  188.65955  42.5%  29.6  215s
  7243  6825  210.25187  531  147  327.90400  188.65955  42.5%  29.6  220s
  7252  6831  264.16583  158  158  327.90400  188.83303  42.4%  29.6  225s
  7253  6831  285.31162  781  158  327.90400  189.17900  42.3%  29.6  235s
  7256  6838  189.17900   13  165  327.90400  189.17900  42.3%  30.2  240s
  7296  6869  206.16906   17   97  327.90400  189.17900  42.3%  31.2  245s
  7326  6892  189.55776   20  158  327.90400  189.17900  42.3%  32.7  251s
  7355  6912  189.63981   22  161  327.90400  189.17900  42.3%  34.1  255s
  7401  6947  190.15800   25  157  327.90400  189.17900  42.3%  35.9  260s
  7429  6954  199.59276   26  101  327.90400  189.17900  42.3%  36.8  265s
H 7436  6609                     326.4160000  189.17900  42.0%  37.4  265s
  7471  6650  190.36196   29  149  326.41600  189.17900  42.0%  38.7  273s
  7489  6663  190.62731   30  148  326.41600  189.17900  42.0%  39.3  275s
  7516  6669  196.49725   31  124  326.41600  189.17900  42.0%  40.1  280s
  7541  6687  190.82252   33  142  326.41600  189.17900  42.0%  41.0  285s
  7588  6732  205.37008   34  106  326.41600  189.17900  42.0%  42.8  291s
  7638  6761  211.87307   35   97  326.41600  189.17900  42.0%  44.0  296s
  7696  6789  191.27939   37  145  326.41600  189.17900  42.0%  45.5  302s
H 7718  6456                     318.9760000  189.17900  40.7%  46.1  302s
  7762  6503  191.82024   39  141  318.97600  189.17900  40.7%  47.2  307s
  7795  6503  191.85424   40  145  318.97600  189.17900  40.7%  48.0  310s
  7806  6512  198.76196   40  105  318.97600  189.17900  40.7%  48.3  317s
  7824  6519  192.01622   41  135  318.97600  189.17900  40.7%  48.7  324s
  7846  6531  196.27334   41  122  318.97600  189.17900  40.7%  49.1  328s
  7871  6540  206.88655   42  106  318.97600  189.17900  40.7%  49.9  336s
  7900  6544  192.66255   44  136  318.97600  189.17900  40.7%  50.5  341s
  7968  6591  192.78446   47  141  318.97600  189.17900  40.7%  52.2  346s
  8072  6624  192.84123   50  144  318.97600  189.17900  40.7%  54.2  352s
  8133  6653  192.92037   52  143  318.97600  189.17900  40.7%  55.4  355s
  8279  6704  192.96960   56  141  318.97600  189.17900  40.7%  58.2  361s
  8430  6746  211.89399   59  108  318.97600  189.17900  40.7%  60.8  369s
  8505  6772  193.09315   61  139  318.97600  189.17900  40.7%  61.9  374s
  8588  6804  193.17499   63  135  318.97600  189.17900  40.7%  63.2  380s
  8682  6833  193.32494   65  142  318.97600  189.17900  40.7%  64.5  387s
  8780  6860  193.39602   67  138  318.97600  189.17900  40.7%  65.6  394s
  8880  6892  193.45174   69  145  318.97600  189.17900  40.7%  66.9  401s
  8987  6926  197.73185   71  119  318.97600  189.17900  40.7%  68.2  408s
  9101  6953  193.79037   74  144  318.97600  189.17900  40.7%  69.6  413s
  9217  6942  193.83409   76  144  318.97600  189.17900  40.7%  70.9  420s
  9275  6978  198.43631   77  115  318.97600  189.17900  40.7%  71.3  427s
  9336  7052  193.86386   78  139  318.97600  189.17900  40.7%  72.1  434s
  9434  7136  193.94325   80  141  318.97600  189.17900  40.7%  73.6  440s
  9558  7219  194.08488   84  145  318.97600  189.17900  40.7%  75.6  447s
  9689  7319  194.20520   88  142  318.97600  189.17900  40.7%  77.4  453s
  9835  7408  194.39187   92  142  318.97600  189.17900  40.7%  79.4  461s
  9986  7486  194.63429   97  142  318.97600  189.17900  40.7%  81.4  468s
 10131  7597  194.75387  101  146  318.97600  189.17900  40.7%  83.3  474s
 10294  7698  194.83718  104  143  318.97600  189.17900  40.7%  85.0  482s
 10467  7808  194.87421  108  142  318.97600  189.17900  40.7%  86.8  491s
 10660  7927  194.94779  112  145  318.97600  189.17900  40.7%  88.7  499s
 10875  8052  214.10713  116  102  318.97600  189.17900  40.7%  90.4  508s
 11102  8179  195.39846  121  141  318.97600  189.17900  40.7%  92.2  519s
 11356  8255  195.67317  126  148  318.97600  189.17900  40.7%  93.9  531s
 11570  8422  195.81643  130  147  318.97600  189.17900  40.7%  95.3  546s
 11874  8552  196.51459  135  136  318.97600  189.17900  40.7%  96.9  561s
 12192  8644  200.77973  140  114  318.97600  189.17900  40.7%  98.6  580s
 12465  8718  197.37253  146  146  318.97600  189.17900  40.7%  99.0  591s
 12749  8849  197.60219  153  144  318.97600  189.17900  40.7%   100  601s
 13113  8942  197.81715  160  149  318.97600  189.17900  40.7%   101  616s
 13473  8930  197.91471  167  150  318.97600  189.17900  40.7%   102  634s
 13737  9095  198.06268  173  148  318.97600  189.17900  40.7%   103  653s
 14153  9269  198.19092  180  144  318.97600  189.17900  40.7%   103  669s
 14641  9601  198.32144  187  146  318.97600  189.17900  40.7%   103  684s
H15177  9396                     316.2080000  189.17900  40.2%   103  694s
 15465  9726  223.86902  195  108  316.20800  189.17900  40.2%   104  703s
 15891  9674  198.54789  201  144  316.20800  189.17900  40.2%   104  711s
 15981 10025  198.56840  204  144  316.20800  189.17900  40.2%   103  721s
 16362 10398  198.65956  210  142  316.20800  189.17900  40.2%   103  731s
 16862 10732  198.80826  216  141  316.20800  189.17900  40.2%   103  740s
 17363 10739  198.98304  222  146  316.20800  189.17900  40.2%   103  749s
 17537 11225  206.97244  224  103  316.20800  189.17900  40.2%   103  759s
 18083 11671  199.11757  230  143  316.20800  189.17900  40.2%   102  771s
 18713 11965  199.19502  238  142  316.20800  189.17900  40.2%   102  787s
 19217 12110  218.32230  244  105  316.20800  189.17900  40.2%   101  800s
 19530 12595  199.35232  248  148  316.20800  189.17900  40.2%   100  815s
 20119 13090  199.52388  256  141  316.20800  189.17900  40.2%  98.6  832s
 20810 13644  199.60517  264  145  316.20800  189.17900  40.2%  97.3  849s
 21595 14246  199.93319  274  143  316.20800  189.17900  40.2%  96.6  865s
 22458 14913  200.07397  283  144  316.20800  189.17900  40.2%  96.0  882s
 23413 15507  214.24987  292  106  316.20800  189.17900  40.2%  95.0  900s
 24331 15947  200.39650  302  141  316.20800  189.17900  40.2%  94.2  911s
 25169 16279  200.56817  312  140  316.20800  190.37929  39.8%  94.2  923s
 25664 17124  200.86262  323  141  316.20800  190.37929  39.8%  95.3  936s
 26509 17401  201.12048  335  143  316.20800  190.37929  39.8%  95.6  950s
 26792 17939  201.29266  345  140  316.20800  190.37929  39.8%  97.0  964s
 27373 18297  201.56484  358  138  316.20800  190.37929  39.8%  97.8  978s
 27779 19250  201.67313  368  142  316.20800  190.37929  39.8%  98.8  991s
 28787 19344  201.98441  383  139  316.20800  190.37929  39.8%  99.1 1010s
 28896 19999  207.82155  387  119  316.20800  190.37929  39.8%   100 1021s
 29617 20000  213.58882  249  148  316.20800  190.37929  39.8%   100 1128s
 29619 20001  267.69889  650  129  316.20800  190.37929  39.8%   100 1136s
 29620 20002  284.40253 3760  130  316.20800  190.37929  39.8%   100 1141s
 29635 20012  223.82325  743  161  316.20800  190.37929  39.8%   100 1146s
 29636 20013  261.88066 3086  161  316.20800  190.37929  39.8%   100 1151s
 29637 20013  227.82792  905  161  316.20800  190.37929  39.8%   100 1160s
 29652 20032  190.37929   26  166  316.20800  190.37929  39.8%   100 1165s
 29720 20083  190.37929   29  148  316.20800  190.37929  39.8%   101 1171s
 29751 20097  190.37929   31  151  316.20800  190.37929  39.8%   101 1175s
 29800 20125  190.37929   34  146  316.20800  190.37929  39.8%   101 1180s
 29846 20155  190.37929   37  146  316.20800  190.37929  39.8%   102 1185s
 29914 20201  190.37929   41  150  316.20800  190.37929  39.8%   102 1192s
 29951 20227  190.37929   43  145  316.20800  190.37929  39.8%   102 1199s
 29970 20240  190.37929   44  145  316.20800  190.37929  39.8%   102 1200s
 30037 20290  190.70109   47  140  316.20800  190.37929  39.8%   103 1206s
 30120 20339  190.84522   50  140  316.20800  190.37929  39.8%   103 1211s
 30196 20384  201.27140   52   96  316.20800  190.37929  39.8%   104 1215s
 30283 20431  199.45112   55  113  316.20800  190.37929  39.8%   104 1220s
 30378 20457  191.19142   59  142  316.20800  190.37929  39.8%   104 1226s
 30462 20470  191.28039   61  139  316.20800  190.37929  39.8%   105 1233s
 30470 20479  197.05165   61  111  316.20800  190.37929  39.8%   105 1236s
 30548 20484  198.12481   62  110  316.20800  190.37929  39.8%   105 1242s
 30563 20499  191.35452   63  140  316.20800  190.37929  39.8%   105 1246s
 30625 20565  191.39738   64  137  316.20800  190.37929  39.8%   105 1253s
 30670 20601  191.48332   66  139  316.20800  190.37929  39.8%   105 1255s
 30775 20677  191.66260   70  141  316.20800  190.37929  39.8%   106 1264s
 30832 20687  191.67965   72  143  316.20800  190.37929  39.8%   106 1270s
 30861 20709  207.46156   72   89  316.20800  190.37929  39.8%   106 1276s
 30894 20739  191.71665   73  144  316.20800  190.37929  39.8%   106 1282s
 30935 20793  191.74818   74  146  316.20800  190.37929  39.8%   107 1287s
 31002 20838  191.77456   76  141  316.20800  190.37929  39.8%   107 1292s
 31070 20880  191.85714   79  144  316.20800  190.37929  39.8%   107 1297s
 31136 20931  191.88526   81  143  316.20800  190.37929  39.8%   107 1303s
 31209 20978  191.95172   84  143  316.20800  190.37929  39.8%   108 1309s
 31285 21020  192.04362   87  148  316.20800  190.37929  39.8%   108 1314s
 31353 21078  199.18117   89  109  316.20800  190.37929  39.8%   108 1319s
 31434 21122  192.32540   92  145  316.20800  190.37929  39.8%   109 1324s
 31505 21185  192.35897   94  143  316.20800  190.37929  39.8%   109 1329s
 31593 21249  192.46577   97  146  316.20800  190.37929  39.8%   109 1335s
 31687 21302  200.31887  100  116  316.20800  190.37929  39.8%   110 1341s
 31774 21369  215.25845  103  100  316.20800  190.37929  39.8%   110 1348s
 31877 21423  192.75943  107  143  316.20800  190.37929  39.8%   111 1354s
 31969 21509  192.85127  110  142  316.20800  190.37929  39.8%   111 1361s
 32088 21567  192.92280  114  146  316.20800  190.37929  39.8%   112 1368s
 32190 21646  204.67139  117   97  316.20800  190.37929  39.8%   112 1374s
 32305 21627  193.06625  122  145  316.20800  190.37929  39.8%   112 1389s
 32324 21738  219.89484  122  102  316.20800  190.37929  39.8%   113 1399s
 32443 21814  216.67017  126  103  316.20800  190.37929  39.8%   113 1407s
 32566 21893  193.24395  131  148  316.20800  190.37929  39.8%   114 1415s
 32691 21987  202.93404  135   98  316.20800  190.37929  39.8%   114 1420s
 32841 22059  200.20196  140  110  316.20800  190.37929  39.8%   115 1429s
 32974 22153  193.55967  145  145  316.20800  190.37929  39.8%   115 1438s
 33135 22202  206.80594  150   91  316.20800  190.37929  39.8%   116 1449s
 33253 22322  203.59563  155   92  316.20800  190.37929  39.8%   117 1460s
 33428 22430  210.01430  161   88  316.20800  190.37929  39.8%   117 1474s
 33627 22556  212.42858  167   98  316.20800  190.37929  39.8%   118 1488s
 33849 22589  193.98034  174  142  316.20800  190.37929  39.8%   119 1507s
 33987 22735  202.16503  178  117  316.20800  190.37929  39.8%   119 1524s
 34252 22862  194.31364  183  137  316.20800  190.37929  39.8%   120 1541s
 34556 22975  194.46204  191  136  316.20800  190.37929  39.8%   121 1557s
 34891 22887  194.60051  199  135  316.20800  190.37929  39.8%   121 1573s
 34915 23014  204.94637  199   88  316.20800  190.37929  39.8%   122 1588s
 35104 23130  194.61330  200  137  316.20800  190.37929  39.8%   122 1607s
 35428 23267  204.58946  200   91  316.20800  190.37929  39.8%   123 1621s
 35826 23391  194.88752  210  134  316.20800  190.37929  39.8%   124 1695s
 36243 23559  194.98298  221  140  316.20800  190.37929  39.8%   124 1710s
 36721 23816  195.11601  231  137  316.20800  190.37929  39.8%   124 1723s
 37162 24193  208.28705  242  109  316.20800  190.37929  39.8%   125 1739s
 37706 24604  195.82682  254  136  316.20800  190.37929  39.8%   126 1753s
 38323 24982  196.03288  266  134  316.20800  190.37929  39.8%   126 1770s
 38953 25436  223.71171  278   94  316.20800  190.37929  39.8%   126 1789s
 39639 25643  196.49759  292  137  316.20800  190.37929  39.8%   127 1799s

Cutting planes:
  Cover: 1
  MIR: 17
  Flow cover: 29
  Zero half: 2

Explored 40124 nodes (5107371 simplex iterations) in 1799.55 seconds (2768.10 work units)
Thread count was 8 (of 40 available processors)

Solution count 10: 316.208 318.976 326.416 ... 393.04

Time limit reached
Best objective 3.162080000002e+02, best bound 1.903792895767e+02, gap 39.7930%

User-callback calls 550158, time in user-callback 3.16 sec
