
Gurobi 12.0.3 (linux64) logging started Mon Sep 21 19:56:16 2026

Set parameter LogFile to value "/home/nc437/ladder-lite/integer_columns_k15_20260921/results/c3_k15/control_s20260921/704512_r0/mip_gurobi.log"
Set parameter OutputFlag to value 1
Set parameter TimeLimit to value 7200
Set parameter MIPGap to value 0.0001
Set parameter Threads to value 8
Set parameter Seed to value 20260921
Set parameter TimeLimit to value 3600
Gurobi Optimizer version 12.0.3 build v12.0.3rc0 (linux64 - "Ubuntu 24.04.4 LTS")

CPU model: Intel(R) Xeon(R) Gold 6230 CPU @ 2.10GHz, instruction set [SSE2|AVX|AVX2|AVX512]
Thread count: 40 physical cores, 80 logical processors, using up to 8 threads

Non-default parameters:
TimeLimit  3600
Seed  20260921
Threads  8

Optimize a model with 302 rows, 38130 columns and 896915 nonzeros
Model fingerprint: 0x9a6d0205
Variable types: 0 continuous, 38130 integer (38130 binary)
Coefficient statistics:
  Matrix range     [1e+00, 1e+00]
  Objective range  [1e+00, 1e+00]
  Bounds range     [1e+00, 1e+00]
  RHS range        [1e+00, 1e+00]

Loaded user MIP start with objective 100

Presolve removed 0 rows and 2665 columns
Presolve time: 2.15s
Presolved: 302 rows, 35465 columns, 845322 nonzeros
Found heuristic solution: objective 94.0000000
Variable types: 0 continuous, 35465 integer (35465 binary)
Found heuristic solution: objective 82.0000000

Starting sifting (using dual simplex for sub-problems)...

    Iter     Pivots    Primal Obj      Dual Obj        Time
       0          0     infinity      0.0000000e+00      2s
       1        648   1.6764739e+01   5.5695052e+00      2s
       2       2633   1.6492273e+01   1.0199398e+01      3s
       3       4629   1.5720948e+01   1.2319907e+01      3s
       4       6726   1.5264761e+01   1.3341545e+01      3s
       5       7909   1.5000000e+01   1.5000000e+01      3s

Sifting complete


Root relaxation: objective 1.500000e+01, 7909 iterations, 1.04 seconds (1.27 work units)
Total elapsed time = 6.93s (DegenMoves)

    Nodes    |    Current Node    |     Objective Bounds      |     Work
 Expl Unexpl |  Obj  Depth IntInf | Incumbent    BestBd   Gap | It/Node Time

     0     0   15.00000    0  140   82.00000   15.00000  81.7%     -    7s
H    0     0                      33.0000000   15.00000  54.5%     -    8s
H    0     0                      29.0000000   15.00000  48.3%     -    8s
H    0     0                      28.0000000   15.00000  46.4%     -    8s
H    0     0                      25.0000000   15.00000  40.0%     -    8s
H    0     0                      23.0000000   15.00000  34.8%     -    8s
H    0     0                      22.0000000   15.00000  31.8%     -    8s
H    0     0                      21.0000000   15.00000  28.6%     -    8s
H    0     0                      20.0000000   15.00000  25.0%     -    8s
     0     0   15.00000    0  129   20.00000   15.00000  25.0%     -   13s
     0     0   15.00000    0  123   20.00000   15.00000  25.0%     -   26s
     0     0   15.00000    0  138   20.00000   15.00000  25.0%     -   32s
     0     0   15.00000    0  129   20.00000   15.00000  25.0%     -   34s
     0     0   15.00000    0  126   20.00000   15.00000  25.0%     -   39s
     0     0   15.00000    0  120   20.00000   15.00000  25.0%     -   40s
     0     0   15.00000    0  124   20.00000   15.00000  25.0%     -   44s
     0     0   15.00000    0  125   20.00000   15.00000  25.0%     -   45s
     0     0   15.00000    0  126   20.00000   15.00000  25.0%     -   49s
     0     0   15.00000    0  126   20.00000   15.00000  25.0%     -   53s
     0     2   15.00000    0  126   20.00000   15.00000  25.0%     -   63s
     3     8   15.00000    2  151   20.00000   15.00000  25.0%  2613   65s
    23   122   15.00000    5  186   20.00000   15.00000  25.0%   867   70s
   121   130   15.00000   20  191   20.00000   15.00000  25.0%   948   78s
   129   138   15.00000   21  182   20.00000   15.00000  25.0%   911   92s
   137   146   15.00000   22  195   20.00000   15.00000  25.0%   884  102s
   145   155   15.00000   23  181   20.00000   15.00000  25.0%   872  110s
   154   239   15.00000   24  214   20.00000   15.00000  25.0%   851  122s
   238   546   15.00000   25  178   20.00000   15.00000  25.0%   891  153s
H  258   546                      19.0000000   15.00000  21.1%   869  153s
   545  1497   15.00000   51  191   19.00000   15.00000  21.1%  1015  194s
  1496  1910   15.00000  164  194   19.00000   15.00000  21.1%  1163  212s
  1909  2348   15.00000  217  244   19.00000   15.00000  21.1%  1087  235s
  2347  2643   15.00000  278  255   19.00000   15.00000  21.1%  1162  257s
  2642  3030   15.00000  303  253   19.00000   15.00000  21.1%  1222  279s
  3029  3455   15.00000  368  254   19.00000   15.00000  21.1%  1306  303s
  3454  4058   15.00000  420  189   19.00000   15.00000  21.1%  1381  324s
  4057  4234   15.00000  480  193   19.00000   15.00000  21.1%  1270  351s
H 4075  4234                      18.0000000   15.00000  16.7%  1268  351s
  4233  4647   15.00000  481  177   18.00000   15.00000  16.7%  1225  367s
  4646  5197   15.00000  496  179   18.00000   15.00000  16.7%  1134  383s
  5196  5545   15.00000  514  183   18.00000   15.00000  16.7%  1033  399s
  5544  5746   15.00000  531  172   18.00000   15.00000  16.7%   982  417s
  5745  6393   15.00000  535  178   18.00000   15.00000  16.7%   953  433s
  6392  7097   15.00000  552  182   18.00000   15.00000  16.7%   872  448s
  7096  7571   15.00000  567  177   18.00000   15.00000  16.7%   799  463s
  7571  7572   15.43017  620  126   18.00000   15.00000  16.7%   757  468s
  7573  7573   15.24001  374  140   18.00000   15.00000  16.7%   757  480s
  7574  7574   15.43438  702  128   18.00000   15.00000  16.7%   757  502s
  7575  7575   15.31452  967  124   18.00000   15.00000  16.7%   757  509s
  7576  7575   15.00000   28  131   18.00000   15.00000  16.7%   757  525s
  7578  7577   15.19678  302  126   18.00000   15.00000  16.7%   757  535s
  7580  7578   15.49794  827  113   18.00000   15.00000  16.7%   757  542s
  7582  7579   15.03879  339  123   18.00000   15.00000  16.7%   756  548s
  7584  7581   15.00000  123  125   18.00000   15.00000  16.7%   756  571s
  7585  7581   15.38655  618  125   18.00000   15.00000  16.7%   756  576s
  7586  7582   15.71265  949  125   18.00000   15.00000  16.7%   756  589s
  7587  7586   15.00000   12  128   18.00000   15.00000  16.7%   769  597s
  7601  7601   15.00000   15  137   18.00000   15.00000  16.7%   768  600s
  7609  7620   15.00000   16  162   18.00000   15.00000  16.7%   768  605s
  7631  7621   15.00000   17  153   18.00000   15.00000  16.7%   771  616s
  7639  7626   15.00000   18  172   18.00000   15.00000  16.7%   770  630s
  7647  7632   15.00000   18  176   18.00000   15.00000  16.7%   771  646s
  7655  7652   15.00000   19  165   18.00000   15.00000  16.7%   771  666s
  7678  7724   15.00000   20  149   18.00000   15.00000  16.7%   772  689s
  7758  7748   15.00000   26  152   18.00000   15.00000  16.7%   778  717s
  7808  7831   15.00000   31  142   18.00000   15.00000  16.7%   781  740s
  7908  7909   15.00000   37  154   18.00000   15.00000  16.7%   787  768s
  8019  8024   15.00000   44  131   18.00000   15.00000  16.7%   834  797s
  8171  8156   15.01569   52  165   18.00000   15.00000  16.7%   839  825s
  8354  8295   15.00000   62  127   18.00000   15.00000  16.7%   840  851s
  8554  8421   15.00000   71  136   18.00000   15.00000  16.7%   838  876s
  8747  8391   15.00000   78  129   18.00000   15.00000  16.7%   836  913s
  8781  8483   15.08379   78  185   18.00000   15.00000  16.7%   835  948s
  8884  8642   15.00000   82  137   18.00000   15.00000  16.7%   835  975s
  9078  8745   15.05980   89  182   18.00000   15.00000  16.7%   833 1003s
  9245  8857   15.20154   95  178   18.00000   15.00000  16.7%   832 1028s
  9413  8936   15.00000  101  129   18.00000   15.00000  16.7%   829 1055s
  9548  9068   15.00000  107  133   18.00000   15.00000  16.7%   828 1082s
  9725  9204   15.00000  114  124   18.00000   15.00000  16.7%   826 1107s
  9920  9330   15.00000  121  143   18.00000   15.00000  16.7%   822 1134s
 10111  9452   15.00000  128  144   18.00000   15.00000  16.7%   820 1160s
 10297  9571   15.00000  133  150   18.00000   15.00000  16.7%   816 1187s
 10478  9665   15.05570  138  184   18.00000   15.00000  16.7%   814 1213s
 10632  9802   15.00000  144  164   18.00000   15.00000  16.7%   813 1239s
 10820  9763   15.00000  151  124   18.00000   15.00000  16.7%   811 1276s
 10844  9818   15.16391  152  200   18.00000   15.00000  16.7%   811 1307s
 10907  9971   15.00000  155  123   18.00000   15.00000  16.7%   810 1336s
 11081 10104   15.00000  161  165   18.00000   15.00000  16.7%   808 1367s
 11272 10134   15.00000  168  135   18.00000   15.00000  16.7%   806 1402s
 11366 10141   15.00000  171  129   18.00000   15.00000  16.7%   804 1449s
 11404 10302   15.14069  171  194   18.00000   15.00000  16.7%   803 1479s
H11485  9895                      17.0000000   15.00000  11.8%   801 1479s
 11578 10077   15.00000  177  126   17.00000   15.00000  11.8%   801 1508s
 11791 10231   15.00000  184  133   17.00000   15.00000  11.8%   800 1536s
 12016 10398   15.00000  192  138   17.00000   15.00000  11.8%   798 1566s
 12258 10566   15.00000  200  128   17.00000   15.00000  11.8%   795 1596s
 12506 10741   15.00000  208  133   17.00000   15.00000  11.8%   793 1629s
 12764 10931   15.00000  217  134   17.00000   15.00000  11.8%   792 1663s
 13040 11117   15.00000  226  129   17.00000   15.00000  11.8%   789 1697s
 13318 11316   15.00000  234  145   17.00000   15.00000  11.8%   787 1734s
 13610 11533   15.00000  244  134   17.00000   15.00000  11.8%   785 1772s
 13924 11707   15.00000  254  127   17.00000   15.00000  11.8%   782 1813s
 14203 11919   15.00000  264  160   17.00000   15.00000  11.8%   781 1852s
 14508 12150   15.00000  276  141   17.00000   15.00000  11.8%   780 1894s
 14840 12351   15.00000  288  129   17.00000   15.00000  11.8%   777 1942s
 15152 12620   15.00000  298  142   17.00000   15.00000  11.8%   775 1987s
 15525 12859   15.00000  311  130   17.00000   15.00000  11.8%   774 2032s
 15888 13073   15.06808  322  168   17.00000   15.00000  11.8%   772 2077s
 16223 13382   15.00000  335  133   17.00000   15.00000  11.8%   769 2123s
 16644 13598   15.00000  347  121   17.00000   15.00000  11.8%   766 2173s
 17000 13907   15.00000  360  132   17.00000   15.00000  11.8%   763 2223s
 17428 13802   15.00000  374  137   17.00000   15.00000  11.8%   759 2290s
 17466 14110   15.00000  375  130   17.00000   15.00000  11.8%   759 2349s
 17786 14472   15.00000  389  134   17.00000   15.00000  11.8%   756 2404s
 18255 14790   15.00000  404  154   17.00000   15.00000  11.8%   753 2462s
 18743 15121   15.00000  419  125   17.00000   15.00000  11.8%   751 2520s
 19239 15451   15.00000  436  164   17.00000   15.00000  11.8%   749 2585s
 19736 15797   15.00000  451  171   17.00000   15.00000  11.8%   747 2650s
 20251 16146   15.00000  467  134   17.00000   15.00000  11.8%   745 2717s
 20784 16537   15.00000  485  149   17.00000   15.00000  11.8%   744 2785s
 21364 16917   15.00000  503  149   17.00000   15.00000  11.8%   742 2858s
 21946 17289   15.00000  521  165   17.00000   15.00000  11.8%   741 2931s
 22534 17653   15.02499  539  189   17.00000   15.00000  11.8%   741 3019s
 23102 17912   15.00000  560  153   17.00000   15.00000  11.8%   741 3100s
 23586 18056   15.00000  579  156   17.00000   15.00000  11.8%   741 3191s
 23916 18610   15.00000  587  139   17.00000   15.00000  11.8%   741 3289s
 24626 18600   15.00000  609  152   17.00000   15.00000  11.8%   741 3404s
 24877 19158   15.18576  616  188   17.00000   15.00000  11.8%   740 3502s
 25619 19700   15.00000  639  157   17.00000   15.00000  11.8%   740 3600s

Cutting planes:
  MIR: 3
  Flow cover: 6

Explored 26535 nodes (19676444 simplex iterations) in 3600.03 seconds (9861.68 work units)
Thread count was 8 (of 80 available processors)

Solution count 10: 17 18 19 ... 29

Time limit reached
Best objective 1.700000000000e+01, best bound 1.500000000000e+01, gap 11.7647%

User-callback calls 664351, time in user-callback 4.50 sec
Set parameter TimeLimit to value 3598.71613740921
Gurobi Optimizer version 12.0.3 build v12.0.3rc0 (linux64 - "Ubuntu 24.04.4 LTS")

CPU model: Intel(R) Xeon(R) Gold 6230 CPU @ 2.10GHz, instruction set [SSE2|AVX|AVX2|AVX512]
Thread count: 40 physical cores, 80 logical processors, using up to 8 threads

Non-default parameters:
TimeLimit  3598.71613740921
Seed  20260921
Threads  8

Optimize a model with 303 rows, 38130 columns and 935045 nonzeros
Model fingerprint: 0xc6fa358e
Variable types: 0 continuous, 38130 integer (38130 binary)
Coefficient statistics:
  Matrix range     [1e+00, 1e+00]
  Objective range  [1e-11, 1e+02]
  Bounds range     [1e+00, 1e+00]
  RHS range        [1e+00, 2e+01]

Loaded user MIP start with objective 785.072
MIP start from previous solve did not produce a new incumbent solution

Presolve removed 0 rows and 149 columns
Presolve time: 2.41s
Presolved: 303 rows, 37981 columns, 931666 nonzeros
Variable types: 0 continuous, 37981 integer (37981 binary)

Starting sifting (using dual simplex for sub-problems)...

    Iter     Pivots    Primal Obj      Dual Obj        Time
       0          0     infinity     -4.9476512e-10      3s
       1       1798   2.0466212e+06   3.9807365e+01      3s
       2       3347   7.3803000e+02   1.6098796e+02      3s
       3       4935   6.1327020e+02   2.5760449e+02      3s
       4       6680   4.9434941e+02   3.3986256e+02      4s
       5       8535   4.6514369e+02   3.9536422e+02      4s
       6      10296   4.5935588e+02   4.3494141e+02      4s
       7      11611   4.5702466e+02   4.5538072e+02      5s

Sifting complete


Root simplex log...

Iteration    Objective       Primal Inf.    Dual Inf.      Time
   12288    4.5702397e+02   0.000000e+00   0.000000e+00      5s

Root relaxation: objective 4.570240e+02, 12288 iterations, 2.53 seconds (3.33 work units)

    Nodes    |    Current Node    |     Objective Bounds      |     Work
 Expl Unexpl |  Obj  Depth IntInf | Incumbent    BestBd   Gap | It/Node Time

     0     0  457.02397    0  254  785.07200  457.02397  41.8%     -    5s
H    0     0                     780.8560000  457.02397  41.5%     -    6s
     0     0  457.32407    0  272  780.85600  457.32407  41.4%     -    9s
     0     0  457.56684    0  271  780.85600  457.56684  41.4%     -   19s
     0     0  457.92915    0  275  780.85600  457.92915  41.4%     -   23s
     0     0  458.05351    0  280  780.85600  458.05351  41.3%     -   25s
     0     0  458.11645    0  276  780.85600  458.11645  41.3%     -   25s
     0     0  458.15928    0  277  780.85600  458.15928  41.3%     -   25s
     0     0  458.16949    0  281  780.85600  458.16949  41.3%     -   26s
     0     0  458.18632    0  279  780.85600  458.18632  41.3%     -   29s
     0     0  458.19715    0  281  780.85600  458.19715  41.3%     -   31s
     0     0  458.19715    0  282  780.85600  458.19715  41.3%     -   32s
     0     0  458.19715    0  282  780.85600  458.19715  41.3%     -   32s
     0     2  458.20111    0  282  780.85600  458.20111  41.3%     -   52s
     3     8  458.57470    2  279  780.85600  458.50300  41.3%   542   58s
     7    16  458.60729    3  278  780.85600  458.57526  41.3%   778   61s
    23    56  458.89078    5  286  780.85600  458.61270  41.3%   695   66s
H   26    56                     780.6080000  458.61270  41.2%   620   66s
H   38    56                     776.6400000  458.61270  40.9%   476   66s
    63    72  459.45586   11  284  776.64000  458.61270  40.9%   386   75s
    79    88  459.52633   13  284  776.64000  458.61270  40.9%   343   80s
   103   112  459.79512   16  283  776.64000  458.61270  40.9%   315   85s
   127   136  459.87743   19  289  776.64000  458.61270  40.9%   283   90s
   135   144  459.98868   20  286  776.64000  458.61270  40.9%   276   97s
H  145   152                     776.3920000  458.61270  40.9%   261   99s
   151   188  460.06592   22  290  776.39200  458.61270  40.9%   256  100s
   241   250  460.65455   34  280  776.39200  458.61270  40.9%   207  107s
   249   258  460.77294   35  279  776.39200  458.61270  40.9%   205  120s
H  252   258                     775.8960000  458.61270  40.9%   204  120s
   376   416  461.26869   49  285  775.89600  458.61270  40.9%   167  125s
   500   549  461.89590   68  287  775.89600  458.61270  40.9%   151  130s
   665   713  462.35730   86  286  775.89600  458.61270  40.9%   134  135s
   830   907  462.96501  106  284  775.89600  458.61270  40.9%   126  141s
   964  1023  463.30004  120  284  775.89600  458.61270  40.9%   120  145s
  1176  1273  464.41682  137  282  775.89600  458.61270  40.9%   113  150s
  1471  1581  465.15657  175  276  775.89600  458.61270  40.9%   102  155s
  1685  1780  465.51540  201  271  775.89600  458.61270  40.9%  97.1  160s
  1897  2001  465.94020  228  278  775.89600  458.61270  40.9%  94.0  165s
  2008  2017  466.42655  241  274  775.89600  458.61270  40.9%  93.0  171s
  2016  2025  466.44940  242  274  775.89600  458.61270  40.9%  93.0  175s
  2032  2041  466.48517  244  276  775.89600  458.61270  40.9%  92.9  180s
  2048  2059  466.57123  246  280  775.89600  458.61270  40.9%  92.7  186s
  2083  2107  466.62653  248  273  775.89600  458.61270  40.9%  92.2  192s
  2106  2169  466.64550  249  277  775.89600  458.61270  40.9%  92.0  195s
  2196  2262  466.65218  251  276  775.89600  458.61270  40.9%  90.5  207s
  2261  2351  466.66259  252  275  775.89600  458.61270  40.9%  89.5  218s
H 2264  2351                     758.2480000  458.61270  39.5%  89.4  218s
  2350  2388  466.78160  253  275  758.24800  458.61270  39.5%  88.1  221s
  2564  2777  467.01766  275  280  758.24800  458.61270  39.5%  85.5  228s
  2776  2988  467.42824  295  279  758.24800  458.61270  39.5%  82.9  231s
  3178  3406  468.20363  336  280  758.24800  458.61270  39.5%  79.3  238s
  3405  3414  468.47819  368  285  758.24800  458.61270  39.5%  77.6  244s
  3413  3447  468.48847  369  287  758.24800  458.61270  39.5%  77.6  258s
  3446  3485  468.69934  395  282  758.24800  458.61270  39.5%  77.3  265s
  3484  3519  469.01420  426  286  758.24800  458.61270  39.5%  76.9  277s
  3518  3554  469.27621  453  282  758.24800  458.61270  39.5%  76.7  297s
  3553  3637  469.54502  481  282  758.24800  458.61270  39.5%  76.5  305s
  3636  3645  469.92344  512  277  758.24800  458.61270  39.5%  75.7  310s
  3644  3685  469.93160  513  277  758.24800  458.61270  39.5%  75.7  316s
  3684  3797  469.97822  514  279  758.24800  458.61270  39.5%  75.5  321s
  3796  3971  469.98105  515  278  758.24800  458.61270  39.5%  74.9  329s
  3970  4127  469.98595  516  277  758.24800  458.61270  39.5%  73.6  337s
  4126  4298  469.99198  517  278  758.24800  458.61270  39.5%  72.7  343s
  4297  4552  470.08158  518  277  758.24800  458.61270  39.5%  72.0  349s
  4551  4849  470.12543  519  279  758.24800  458.61270  39.5%  70.9  356s
  4848  5142  470.15146  520  276  758.24800  458.61270  39.5%  69.3  363s
  5141  5442  470.17500  521  276  758.24800  458.61270  39.5%  68.2  369s
  5441  5845  470.31462  522  280  758.24800  458.61270  39.5%  67.3  375s
  5844  6220  470.73032  548  276  758.24800  458.61270  39.5%  65.9  381s
  6219  6667  471.79134  582  283  758.24800  458.61270  39.5%  65.3  387s
  6666  7155  472.22145  630  284  758.24800  458.61270  39.5%  64.2  394s
  7154  7660  472.91017  677  278  758.24800  458.61270  39.5%  62.9  400s
  7660  7661  507.23172  195  282  758.24800  458.61270  39.5%  61.6  413s
H 7661  7278                     757.5040000  458.61270  39.5%  61.6  422s
  7662  7278  529.37954 1240  254  757.50400  458.61270  39.5%  61.6  428s
  7663  7279  476.27515  418  265  757.50400  458.61270  39.5%  61.6  449s
  7664  7280  478.72073  648  268  757.50400  458.61270  39.5%  61.6  450s
  7669  7283  491.60351  414  281  757.50400  458.61270  39.5%  61.6  457s
  7670  7284  514.72215  451  286  757.50400  458.61270  39.5%  61.6  475s
  7676  7288  464.81247   95  297  757.50400  458.69177  39.4%  61.5  482s
  7677  7288  473.26882   10  292  757.50400  458.82715  39.4%  61.5  487s
  7682  7292  513.70564  400  297  757.50400  458.94543  39.4%  61.5  492s
  7683  7292  505.96303  409  296  757.50400  459.03322  39.4%  61.5  498s
  7684  7293  512.73093  798  297  757.50400  459.16255  39.4%  61.4  502s
  7685  7294  514.64250  959  296  757.50400  459.16255  39.4%  61.4  505s
  7686  7294  468.51460  372  296  757.50400  459.76235  39.3%  61.4  558s
  7687  7298  459.76235   13  298  757.50400  459.76235  39.3%  63.5  563s
  7689  7301  459.76235   14  299  757.50400  459.76235  39.3%  63.6  567s
  7693  7308  459.76235   15  296  757.50400  459.76235  39.3%  64.0  573s
  7701  7313  459.76235   16  304  757.50400  459.76235  39.3%  64.9  577s
  7709  7334  459.85108   17  300  757.50400  459.76235  39.3%  65.3  584s
  7732  7334  469.72373   18  264  757.50400  459.76235  39.3%  67.5  590s
  7740  7339  459.91038   19  294  757.50400  459.76235  39.3%  67.6  598s
  7748  7345  467.99824   19  275  757.50400  459.76235  39.3%  68.9  602s
  7756  7351  459.95261   20  300  757.50400  459.76235  39.3%  69.1  606s
  7765  7357  459.97902   21  302  757.50400  459.76235  39.3%  70.4  611s
  7774  7363  460.09766   22  302  757.50400  459.76235  39.3%  71.0  616s
  7783  7369  460.16641   23  301  757.50400  459.76235  39.3%  72.4  624s
  7792  7376  460.16641   24  304  757.50400  459.76235  39.3%  72.8  630s
  7802  7384  460.22891   25  301  757.50400  459.76235  39.3%  75.0  635s
  7813  7392  460.33393   26  295  757.50400  459.76235  39.3%  75.5  640s
  7825  7400  460.41257   27  298  757.50400  459.76235  39.3%  76.8  645s
  7837  7404  460.44326   28  300  757.50400  459.76235  39.3%  77.4  654s
  7845  7409  481.85240   28  271  757.50400  459.76235  39.3%  78.6  661s
  7853  7416  460.49780   29  293  757.50400  459.76235  39.3%  78.7  674s
  7862  7423  460.54177   30  299  757.50400  459.76235  39.3%  79.9  680s
  7872  7429  460.61377   31  296  757.50400  459.76235  39.3%  80.9  685s
  7882  7436  460.63860   32  299  757.50400  459.76235  39.3%  82.0  693s
  7892  7445  460.63883   33  299  757.50400  459.76235  39.3%  82.8  700s
  7904  7452  460.67874   34  297  757.50400  459.76235  39.3%  84.1  706s
  7915  7460  460.79489   35  296  757.50400  459.76235  39.3%  85.0  711s
  7927  7469  460.82907   36  294  757.50400  459.76235  39.3%  86.4  719s
  7940  7473  460.92563   37  296  757.50400  459.76235  39.3%  87.4  728s
  7948  7480  480.20753   37  271  757.50400  459.76235  39.3%  88.5  737s
  7958  7485  460.95083   38  295  757.50400  459.76235  39.3%  89.5  747s
  7966  7494  468.62071   38  264  757.50400  459.76235  39.3%  90.1  760s
  7978  7502  460.99922   39  297  757.50400  459.76235  39.3%  91.0  768s
  7990  7515  472.29006   39  267  757.50400  459.76235  39.3%  92.1  780s
  8007  7526  461.17082   40  293  757.50400  459.76235  39.3%  93.7  789s
  8024  7544  461.18523   41  290  757.50400  459.76235  39.3%  95.8  798s
  8047  7565  461.43616   43  292  757.50400  459.76235  39.3%  97.9  807s
  8076  7585  461.44575   45  293  757.50400  459.76235  39.3%   100  815s
  8106  7602  461.57404   47  287  757.50400  459.76235  39.3%   103  827s
  8133  7626  461.68410   49  294  757.50400  459.76235  39.3%   106  838s
  8166  7653  461.83552   51  292  757.50400  459.76235  39.3%   109  847s
  8204  7677  461.91894   53  296  757.50400  459.76235  39.3%   111  856s
  8240  7701  461.94478   55  294  757.50400  459.76235  39.3%   114  867s
  8276  7730  462.08515   57  290  757.50400  459.76235  39.3%   117  878s
  8317  7761  462.14071   59  288  757.50400  459.76235  39.3%   120  890s
  8362  7784  462.40641   61  295  757.50400  459.76235  39.3%   123  904s
H 8379  7413                     757.0080000  459.76235  39.3%   124  904s
  8400  7450  462.69948   63  284  757.00800  459.76235  39.3%   126  916s
  8444  7473  462.89173   65  290  757.00800  459.76235  39.3%   129  929s
  8481  7489  479.04319   67  261  757.00800  459.76235  39.3%   131  945s
  8510  7523  463.07706   70  287  757.00800  459.76235  39.3%   133  960s
  8553  7556  463.29067   73  294  757.00800  459.76235  39.3%   136  976s
  8601  7590  463.55677   76  290  757.00800  459.76235  39.3%   140  990s
  8651  7606  463.68310   79  291  757.00800  459.76235  39.3%   143 1007s
  8683  7628  478.30834   79  247  757.00800  459.76235  39.3%   146 1023s
  8716  7669  463.70794   80  292  757.00800  459.76235  39.3%   147 1040s
  8768  7710  463.79850   82  293  757.00800  459.76235  39.3%   151 1058s
  8826  7738  464.01130   85  292  757.00800  459.76235  39.3%   156 1075s
  8874  7734  464.41345   88  289  757.00800  459.76235  39.3%   159 1107s
  8886  7746  482.47386   88  254  757.00800  459.76235  39.3%   160 1138s
  8902  7776  464.47549   89  288  757.00800  459.76235  39.3%   161 1165s
  8937  7782  464.61131   93  289  757.00800  459.76235  39.3%   163 1188s
  8955  7837  464.62943   94  289  757.00800  459.76235  39.3%   164 1208s
  9016  7884  464.84320   98  281  757.00800  459.76235  39.3%   168 1229s
  9083  7911  464.95052  102  287  757.00800  459.76235  39.3%   173 1252s
  9132  7978  482.12607  104  265  757.00800  459.76235  39.3%   176 1274s
  9216  7990  477.61401  108  249  757.00800  459.76235  39.3%   181 1301s
  9256  8051  468.54754  110  268  757.00800  459.76235  39.3%   184 1330s
  9330  8090  465.25399  112  283  757.00800  459.76235  39.3%   188 1356s
  9394  8166  465.31154  115  289  757.00800  459.76235  39.3%   192 1382s
  9491  8234  465.44580  120  286  757.00800  459.76235  39.3%   197 1407s
  9591  8269  465.64507  125  284  757.00800  459.76235  39.3%   203 1436s
  9660  8358  465.71019  127  282  757.00800  459.76235  39.3%   207 1464s
  9772  8431  465.86327  134  286  757.00800  459.76235  39.3%   214 1494s
  9882  8513  466.04255  140  287  757.00800  459.76235  39.3%   219 1523s
 10001  8566  479.66403  147  263  757.00800  459.76235  39.3%   226 1556s
 10093  8657  466.51548  153  287  757.00800  459.76235  39.3%   232 1592s
 10215  8739  467.06221  160  287  757.00800  459.76235  39.3%   238 1627s
 10338  8843  467.29495  167  290  757.00800  459.76235  39.3%   244 1663s
 10483  8827  467.60139  175  283  757.00800  459.76235  39.3%   251 1730s
H10485  8479                     755.0240000  459.76235  39.1%   251 1730s
H10514  8141                     750.5600000  459.76235  38.7%   253 1730s
 10515  8270  484.19389  175  244  750.56000  459.76235  38.7%   253 1768s
 10645  8369  467.77003  181  286  750.56000  459.76235  38.7%   259 1810s
 10787  8455  468.00230  188  284  750.56000  459.76235  38.7%   265 1853s
 10920  8560  468.33025  194  286  750.56000  459.76235  38.7%   271 1895s
 11070  8669  468.65552  201  284  750.56000  459.76235  38.7%   277 1940s
 11229  8785  483.11830  207  244  750.56000  459.76235  38.7%   284 1987s
 11398  8916  469.07866  216  282  750.56000  459.76235  38.7%   291 2034s
 11585  9033  469.21974  225  289  750.56000  459.76235  38.7%   299 2083s
 11764  9171  469.40127  233  284  750.56000  459.76235  38.7%   305 2136s
 11962  9114  469.96647  242  283  750.56000  459.76235  38.7%   313 2219s
H11965  8800                     750.3120000  459.76235  38.7%   312 2219s
H11968  8501                     743.8640000  459.76235  38.2%   313 2219s
 11971  8728  487.51752  242  266  743.86400  459.76235  38.2%   313 2273s
 12199  8862  470.18510  255  284  743.86400  459.76235  38.2%   321 2332s
 12409  8952  470.94578  266  286  743.86400  459.76235  38.2%   328 2395s
 12569  9139  471.33950  276  288  743.86400  459.76235  38.2%   334 2454s
 12809  9298  471.84503  289  283  743.86400  459.76235  38.2%   342 2517s
 13048  9478  472.21128  302  287  743.86400  459.76235  38.2%   349 2580s
 13308  9670  472.45277  314  279  743.86400  459.76235  38.2%   357 2643s
 13587  9871  472.71483  329  280  743.86400  459.76235  38.2%   365 2710s
 13881 10079  472.91816  344  280  743.86400  459.76235  38.2%   373 2778s
 14187 10260  473.27262  360  280  743.86400  459.76235  38.2%   382 2847s
 14470 10294  473.79694  375  283  743.86400  459.76235  38.2%   389 2941s
H14560  9982                     738.8640000  459.76235  37.8%   392 2941s
 14598 10308  474.00420  386  282  738.86400  459.76235  37.8%   392 3019s
 14937 10347  474.50051  404  282  738.86400  459.76235  37.8%   401 3389s
 15089 11341  477.53285  413  265  738.86400  459.76235  37.8%   404 3598s

Cutting planes:
  MIR: 23
  Flow cover: 32

Explored 16133 nodes (6897644 simplex iterations) in 3598.75 seconds (9079.91 work units)
Thread count was 8 (of 80 available processors)

Solution count 10: 738.864 743.864 750.312 ... 776.392

Time limit reached
Best objective 7.388639999989e+02, best bound 4.597623465161e+02, gap 37.7744%

User-callback calls 542361, time in user-callback 4.53 sec
