
Gurobi 12.0.3 (linux64) logging started Tue Sep 22 11:25:44 2026

Set parameter LogFile to value "/share/scaglione/nc437/evsp-dr/chain_extension_33_40_20260921/cases/w4_k34/mip/661694_r0/gurobi.log"
Set parameter OutputFlag to value 1
Set parameter TimeLimit to value 3600
Set parameter MIPGap to value 0.0001
Set parameter Threads to value 8
Set parameter TimeLimit to value 1800
Gurobi Optimizer version 12.0.3 build v12.0.3rc0 (linux64 - "Ubuntu 24.04.4 LTS")

CPU model: Intel(R) Xeon(R) CPU           E5520  @ 2.27GHz, instruction set [SSE2]
Thread count: 8 physical cores, 16 logical processors, using up to 8 threads

Non-default parameters:
TimeLimit  1800
Threads  8

Optimize a model with 816 rows, 257589 columns and 7215659 nonzeros
Model fingerprint: 0xd3cce681
Variable types: 0 continuous, 257589 integer (257589 binary)
Coefficient statistics:
  Matrix range     [1e+00, 1e+00]
  Objective range  [1e+00, 1e+00]
  Bounds range     [1e+00, 1e+00]
  RHS range        [1e+00, 1e+00]

Loaded user MIP start with objective 306

Presolve removed 0 rows and 1416 columns (presolve time = 6s)...
Presolve removed 0 rows and 1416 columns (presolve time = 10s)...
Presolve removed 0 rows and 1416 columns (presolve time = 16s)...
Presolve removed 0 rows and 1416 columns (presolve time = 20s)...
Presolve removed 0 rows and 1416 columns (presolve time = 25s)...
Presolve removed 0 rows and 1416 columns (presolve time = 30s)...
Presolve removed 0 rows and 1416 columns
Presolve time: 30.29s
Presolved: 816 rows, 256173 columns, 7191166 nonzeros
Found heuristic solution: objective 288.0000000
Variable types: 0 continuous, 256173 integer (256173 binary)
Found heuristic solution: objective 280.0000000

Root simplex log...

Iteration    Objective       Primal Inf.    Dual Inf.      Time
       0    0.0000000e+00   8.160000e+02   0.000000e+00     33s

Starting sifting (using dual simplex for sub-problems)...

    Iter     Pivots    Primal Obj      Dual Obj        Time
       0          0     infinity      0.0000000e+00     33s
       1        926   6.3900000e+02   1.1833333e+01     33s
       2       5356   8.4327712e+01   1.4836059e+01     35s
       3      12683   3.4157305e+01   1.8185266e+01     40s
       4      17159   3.4000000e+01   2.0537562e+01     44s
       5      25643   3.3590523e+01   2.5149520e+01     51s
       6      34067   3.3021808e+01   2.6911899e+01     58s
       7      39059   3.3000000e+01   3.3000000e+01     63s

Sifting complete

   39059    3.3000000e+01   0.000000e+00   0.000000e+00     64s

Root relaxation: objective 3.300000e+01, 39059 iterations, 31.98 seconds (28.76 work units)

    Nodes    |    Current Node    |     Objective Bounds      |     Work
 Expl Unexpl |  Obj  Depth IntInf | Incumbent    BestBd   Gap | It/Node Time

     0     0   33.00000    0  382  280.00000   33.00000  88.2%     -  263s
H    0     0                      63.0000000   33.00000  47.6%     -  265s
H    0     0                      52.0000000   33.00000  36.5%     -  265s
H    0     0                      51.0000000   33.00000  35.3%     -  265s
H    0     0                      49.0000000   33.00000  32.7%     -  266s
H    0     0                      47.0000000   33.00000  29.8%     -  268s
H    0     0                      45.0000000   33.00000  26.7%     -  273s
H    0     0                      44.0000000   33.00000  25.0%     -  275s
H    0     0                      43.0000000   33.00000  23.3%     -  279s
     0     0   33.00000    0  394   43.00000   33.00000  23.3%     -  408s
H    0     0                      42.0000000   33.00000  21.4%     -  596s
     0     0   33.00000    0  403   42.00000   33.00000  21.4%     -  977s
     0     0   33.00000    0  403   42.00000   33.00000  21.4%     - 1324s
     0     2   33.00000    0  403   42.00000   33.00000  21.4%     - 1801s

Cutting planes:
  MIR: 3

Explored 1 nodes (136222 simplex iterations) in 1801.54 seconds (1631.28 work units)
Thread count was 8 (of 16 available processors)

Solution count 10: 42 43 44 ... 280

Time limit reached
Best objective 4.200000000000e+01, best bound 3.300000000000e+01, gap 21.4286%

User-callback calls 62823, time in user-callback 0.57 sec
Set parameter TimeLimit to value 1.7824173808097839e+03
Gurobi Optimizer version 12.0.3 build v12.0.3rc0 (linux64 - "Ubuntu 24.04.4 LTS")

CPU model: Intel(R) Xeon(R) CPU           E5520  @ 2.27GHz, instruction set [SSE2]
Thread count: 8 physical cores, 16 logical processors, using up to 8 threads

Non-default parameters:
TimeLimit  1.7824173808097839e+03
Threads  8

Optimize a model with 817 rows, 257589 columns and 7473248 nonzeros
Model fingerprint: 0x04e41abf
Variable types: 0 continuous, 257589 integer (257589 binary)
Coefficient statistics:
  Matrix range     [1e+00, 1e+00]
  Objective range  [5e+00, 1e+02]
  Bounds range     [1e+00, 1e+00]
  RHS range        [1e+00, 4e+01]

Loaded user MIP start with objective 3042.86
MIP start from previous solve did not produce a new incumbent solution

Presolve removed 0 rows and 2 columns (presolve time = 6s)...
Presolve removed 0 rows and 2 columns (presolve time = 10s)...
Presolve removed 0 rows and 2 columns (presolve time = 15s)...
Presolve removed 0 rows and 2 columns
Presolve time: 17.71s
Presolved: 817 rows, 257587 columns, 7473206 nonzeros
Variable types: 0 continuous, 257587 integer (257587 binary)

Root simplex log...

Iteration    Objective       Primal Inf.    Dual Inf.      Time
       0    0.0000000e+00   8.160000e+02   0.000000e+00     19s

Starting sifting (using dual simplex for sub-problems)...

    Iter     Pivots    Primal Obj      Dual Obj        Time
       0          0     infinity      0.0000000e+00     19s
       1       1678   2.4304810e+08   3.4850066e+02     20s
       2       7010   4.6932263e+07   4.4542934e+02     22s
       3      15508   2.6325781e+05   4.4804959e+02     28s
       4      20591   1.4994721e+03   7.0810909e+02     33s
       5      26525   1.3602869e+03   8.9343620e+02     41s
       6      32289   1.3023426e+03   1.0617994e+03     51s
       7      38992   1.2687074e+03   1.1503012e+03     64s
       8      44785   1.2578629e+03   1.2230075e+03     77s
       9      48876   1.2561658e+03   1.2524089e+03     87s

Sifting complete

   50658    1.2561563e+03   0.000000e+00   0.000000e+00     92s

Root relaxation: objective 1.256156e+03, 50658 iterations, 72.70 seconds (69.42 work units)

    Nodes    |    Current Node    |     Objective Bounds      |     Work
 Expl Unexpl |  Obj  Depth IntInf | Incumbent    BestBd   Gap | It/Node Time

     0     0 1256.15626    0  736 3042.85600 1256.15626  58.7%     -   92s
H    0     0                    3034.8800000 1256.15626  58.6%     -  149s
H    0     0                    2850.6240000 1256.15626  55.9%     -  153s
H    0     0                    2819.2960000 1256.15626  55.4%     -  164s
H    0     0                    2779.9520000 1256.15626  54.8%     -  189s
H    0     0                    2770.2800000 1256.15626  54.7%     -  189s
H    0     0                    2741.4320000 1256.15626  54.2%     -  229s
H    0     0                    2722.0880000 1256.15626  53.9%     -  232s
     0     0 1257.13686    0  761 2722.08800 1257.13686  53.8%     -  326s
H    0     0                    2693.2800000 1257.13686  53.3%     -  508s
     0     0 1257.42101    0  763 2693.28000 1257.42101  53.3%     -  725s
     0     0 1257.52315    0  763 2693.28000 1257.52315  53.3%     -  740s
     0     0 1257.55783    0  762 2693.28000 1257.55783  53.3%     -  750s
     0     0 1257.99272    0  764 2693.28000 1257.99272  53.3%     -  831s
     0     0 1258.13323    0  767 2693.28000 1258.13323  53.3%     -  947s
     0     0 1258.16649    0  764 2693.28000 1258.16649  53.3%     -  956s
     0     0 1258.16944    0  766 2693.28000 1258.16944  53.3%     -  961s
     0     0 1258.17235    0  767 2693.28000 1258.17235  53.3%     -  966s
     0     0 1258.24194    0  771 2693.28000 1258.24194  53.3%     -  996s
     0     0 1258.27541    0  773 2693.28000 1258.27541  53.3%     - 1103s
     0     0 1258.27574    0  773 2693.28000 1258.27574  53.3%     - 1114s

Cutting planes:
  MIR: 45

Explored 1 nodes (56190 simplex iterations) in 1782.64 seconds (1909.23 work units)
Thread count was 8 (of 16 available processors)

Solution count 9: 2693.28 2722.09 2741.43 ... 3042.86

Time limit reached
Best objective 2.693280000000e+03, best bound 1.258275967882e+03, gap 53.2809%

User-callback calls 177552, time in user-callback 1.66 sec
