
Gurobi 12.0.3 (linux64) logging started Tue Sep 22 01:40:24 2026

Set parameter LogFile to value "/home/nc437/ladder-lite/mip_structure_20260922/results/c4_k08_fresh/default/729446_r0/gurobi.log"
Set parameter Threads to value 8
Set parameter Seed to value 0
Set parameter MIPGap to value 0.0001
Set parameter TimeLimit to value 1800
Gurobi Optimizer version 12.0.3 build v12.0.3rc0 (linux64 - "Ubuntu 24.04.4 LTS")

CPU model: Intel(R) Xeon(R) Gold 6426Y, instruction set [SSE2|AVX|AVX2|AVX512]
Thread count: 32 physical cores, 32 logical processors, using up to 8 threads

Non-default parameters:
TimeLimit  1800
Threads  8

Optimize a model with 188 rows, 39668 columns and 1057136 nonzeros
Model fingerprint: 0xabb8f622
Variable types: 0 continuous, 39668 integer (39668 binary)
Coefficient statistics:
  Matrix range     [1e+00, 1e+00]
  Objective range  [1e+00, 1e+00]
  Bounds range     [1e+00, 1e+00]
  RHS range        [1e+00, 1e+00]

Loaded user MIP start with objective 59

Presolve removed 0 rows and 452 columns
Presolve time: 1.67s
Presolved: 188 rows, 39216 columns, 1048230 nonzeros
Variable types: 0 continuous, 39216 integer (39216 binary)

Starting sifting (using dual simplex for sub-problems)...

    Iter     Pivots    Primal Obj      Dual Obj        Time
       0          0     infinity      0.0000000e+00      2s
       1        408   9.8471826e+00   3.5796695e+00      2s
       2        991   9.7097226e+00   5.5900920e+00      2s
       3       1982   9.1698669e+00   6.6485132e+00      2s
       4       2939   8.7893718e+00   7.0709169e+00      2s
       5       4072   8.5331884e+00   7.3274430e+00      2s
       6       4966   8.2540328e+00   7.5340295e+00      2s
       7       6194   8.0387292e+00   7.6160160e+00      2s
       8       6856   8.0000000e+00   8.0000000e+00      2s

Sifting complete


Root relaxation: objective 8.000000e+00, 6856 iterations, 0.42 seconds (0.70 work units)

    Nodes    |    Current Node    |     Objective Bounds      |     Work
 Expl Unexpl |  Obj  Depth IntInf | Incumbent    BestBd   Gap | It/Node Time

     0     0    8.00000    0   88   59.00000    8.00000  86.4%     -    3s
H    0     0                      21.0000000    8.00000  61.9%     -    3s
H    0     0                      14.0000000    8.00000  42.9%     -    3s
H    0     0                      13.0000000    8.00000  38.5%     -    3s
H    0     0                      11.0000000    8.00000  27.3%     -    3s
H    0     0                      10.0000000    8.00000  20.0%     -    4s
     0     0    8.00000    0   88   10.00000    8.00000  20.0%     -    8s
     0     0    8.00000    0   90   10.00000    8.00000  20.0%     -   16s
     0     0    8.00000    0   84   10.00000    8.00000  20.0%     -   19s
     0     0    8.00000    0   94   10.00000    8.00000  20.0%     -   20s
     0     0    8.00000    0   94   10.00000    8.00000  20.0%     -   22s
     0     2    8.00000    0   82   10.00000    8.00000  20.0%     -   29s
     3     8    8.00000    2   94   10.00000    8.00000  20.0%  9332   32s
    15    24    8.00000    4  101   10.00000    8.00000  20.0%  2561   35s
    65    74    8.00000   11  119   10.00000    8.00000  20.0%  2986   45s
    73    82    8.00000   12  126   10.00000    8.00000  20.0%  3079   50s
    89   176    8.00000   14   96   10.00000    8.00000  20.0%  2852   62s
   175   279    8.00000   15   96   10.00000    8.00000  20.0%  1544   66s
   291   300    8.00000   17  103   10.00000    8.00000  20.0%   958   71s
   380   523    8.00000   19  109   10.00000    8.00000  20.0%   757   76s
   655   776    8.00000   21  101   10.00000    8.00000  20.0%   460   80s
   887   990    8.00000   24  102   10.00000    8.00000  20.0%   352   85s
  1362  1533    8.00000   32  100   10.00000    8.00000  20.0%   245   91s
  1933  2067    8.00000   40   94   10.00000    8.00000  20.0%   184   95s
  2500  2642    8.00000   48   93   10.00000    8.00000  20.0%   152  100s
  2974  3151    8.00000   56  102   10.00000    8.00000  20.0%   134  105s
  3726  3928    8.00000   68  103   10.00000    8.00000  20.0%   116  110s
  4404  4639    8.00000   77  107   10.00000    8.00000  20.0%   104  115s
  5299  5531    8.00000   87  106   10.00000    8.00000  20.0%  92.7  122s
  5704  6052    8.00000   95  111   10.00000    8.00000  20.0%  89.1  126s
  6435  6847    8.00000  102  105   10.00000    8.00000  20.0%  82.9  132s
  7258  7253    8.46632  550   94   10.00000    8.00000  20.0%  77.5  138s
H 7259  6891                       9.0000000    8.00000  11.1%  77.5  148s
  7263  6895    8.29566  572   94    9.00000    8.00000  11.1%  80.3  150s
  7266  6897    8.28755  386   99    9.00000    8.00000  11.1%  80.3  159s
  7268  6898    8.10761   51   87    9.00000    8.00000  11.1%  80.3  162s
  7272  6901    8.79432 1547   95    9.00000    8.00000  11.1%  80.2  166s
  7276  6904    8.00000   79   97    9.00000    8.00000  11.1%  80.2  170s
  7279  6907    8.00000   28   84    9.00000    8.00000  11.1%  18.0  175s
  7358  6923    8.00000   38   89    9.00000    8.00000  11.1%  24.7  180s
  7476  6928    8.00000   43   98    9.00000    8.00000  11.1%  32.5  185s
  7636  7004    8.00000   57   87    9.00000    8.00000  11.1%  41.1  192s
  7729  6999    8.00000   68   86    9.00000    8.00000  11.1%  43.7  200s
  8047  6840 infeasible  138         9.00000    8.00000  11.1%  63.0  206s
  8244  6860 infeasible   41         9.00000    8.00000  11.1%  68.2  211s
  8422  7038    8.00000   46  102    9.00000    8.00000  11.1%  71.1  218s
  8845  6892    8.00000  117   89    9.00000    8.00000  11.1%  77.0  228s
  9000  6734    8.00000  129   92    9.00000    8.00000  11.1%  80.3  239s
  9734  6503    8.00000   63  111    9.00000    8.00000  11.1%  92.4  248s
  9868  6584    8.00000   75   88    9.00000    8.00000  11.1%  95.1  256s
 10403  6366    8.00000  141  107    9.00000    8.00000  11.1%   106  266s
 10763  6350    8.00000  144  100    9.00000    8.00000  11.1%   121  275s
 11161  6188    8.00000  117   97    9.00000    8.00000  11.1%   125  286s
 11399  5997    8.00000  129  102    9.00000    8.00000  11.1%   128  295s
 11927  5917    8.00000  108   89    9.00000    8.00000  11.1%   134  305s
 12276  5662    8.00000  118   78    9.00000    8.00000  11.1%   137  317s
 12531  5611 infeasible   80         9.00000    8.00000  11.1%   140  325s
 13011  5274 infeasible   96         9.00000    8.00000  11.1%   144  337s
 13371  5188 infeasible  159         9.00000    8.00000  11.1%   149  344s
 13445  5340    8.00000   73   88    9.00000    8.00000  11.1%   149  351s
 13703  5532    8.00000  109   89    9.00000    8.00000  11.1%   150  361s
 14207  5150 infeasible  171         9.00000    8.00000  11.1%   153  372s
 14669  4797 infeasible  152         9.00000    8.00000  11.1%   158  386s
 14992  4587    8.00000   45   97    9.00000    8.00000  11.1%   162  393s
 15429  4393 infeasible  104         9.00000    8.00000  11.1%   165  401s
 15780  4199 infeasible  185         9.00000    8.00000  11.1%   167  408s
 16024  4078 infeasible   56         9.00000    8.00000  11.1%   169  416s
 16200  4014 infeasible   99         9.00000    8.00000  11.1%   171  424s
 16359  3939 infeasible  250         9.00000    8.00000  11.1%   174  432s
 16535  3829 infeasible  328         9.00000    8.00000  11.1%   180  440s
 16590  3804 infeasible  331         9.00000    8.00000  11.1%   182  450s
 16599  3807 infeasible  332         9.00000    8.00000  11.1%   182  458s
 16609  3795 infeasible  338         9.00000    8.00000  11.1%   182  461s

Cutting planes:
  Flow cover: 10

Explored 16624 nodes (3654901 simplex iterations) in 461.95 seconds (1611.48 work units)
Thread count was 8 (of 32 available processors)

Solution count 7: 9 10 11 ... 59

Optimal solution found (tolerance 1.00e-04)
Best objective 9.000000000000e+00, best bound 9.000000000000e+00, gap 0.0000%

User-callback calls 162446, time in user-callback 0.42 sec
