
Gurobi 12.0.3 (linux64) logging started Tue Sep 22 15:26:01 2026

Set parameter LogFile to value "/share/scaglione/nc437/evsp-dr/chain_extension_33_40_20260921/cases/w4_k35/mip/661696_r0/gurobi.log"
Set parameter OutputFlag to value 1
Set parameter TimeLimit to value 3600
Set parameter MIPGap to value 0.0001
Set parameter Threads to value 8
Set parameter TimeLimit to value 1800
Gurobi Optimizer version 12.0.3 build v12.0.3rc0 (linux64 - "Ubuntu 24.04.4 LTS")

CPU model: Intel(R) Xeon(R) CPU E5-2630 v3 @ 2.40GHz, instruction set [SSE2|AVX|AVX2]
Thread count: 16 physical cores, 32 logical processors, using up to 8 threads

Non-default parameters:
TimeLimit  1800
Threads  8

Optimize a model with 830 rows, 260783 columns and 7290467 nonzeros
Model fingerprint: 0xdde1cf17
Variable types: 0 continuous, 260783 integer (260783 binary)
Coefficient statistics:
  Matrix range     [1e+00, 1e+00]
  Objective range  [1e+00, 1e+00]
  Bounds range     [1e+00, 1e+00]
  RHS range        [1e+00, 1e+00]

Loaded user MIP start with objective 316

Presolve removed 0 rows and 1149 columns (presolve time = 5s)...
Presolve removed 0 rows and 1149 columns (presolve time = 10s)...
Presolve removed 0 rows and 1149 columns (presolve time = 15s)...
Presolve removed 0 rows and 1149 columns (presolve time = 21s)...
Presolve removed 0 rows and 1149 columns
Presolve time: 23.23s
Presolved: 830 rows, 259634 columns, 7270696 nonzeros
Found heuristic solution: objective 303.0000000
Variable types: 0 continuous, 259634 integer (259634 binary)
Found heuristic solution: objective 293.0000000

Root simplex log...

Iteration    Objective       Primal Inf.    Dual Inf.      Time
       0    0.0000000e+00   8.300000e+02   0.000000e+00     25s

Starting sifting (using dual simplex for sub-problems)...

    Iter     Pivots    Primal Obj      Dual Obj        Time
       0          0     infinity      0.0000000e+00     25s
       1        850   6.5100000e+02   1.2055556e+01     25s
       2       4682   9.4761118e+01   1.5443538e+01     26s
       3      11129   3.5271841e+01   1.9117027e+01     29s
       4      16685   3.5000000e+01   2.2013810e+01     32s
       5      26557   3.4626274e+01   2.5330050e+01     38s
       6      36563   3.4135324e+01   2.7828872e+01     45s
       7      41957   3.4000000e+01   3.4000000e+01     49s

Sifting complete

   41957    3.4000000e+01   0.000000e+00   0.000000e+00     49s

Root relaxation: objective 3.400000e+01, 41957 iterations, 25.19 seconds (32.38 work units)

    Nodes    |    Current Node    |     Objective Bounds      |     Work
 Expl Unexpl |  Obj  Depth IntInf | Incumbent    BestBd   Gap | It/Node Time

     0     0   34.00000    0  405  293.00000   34.00000  88.4%     -  207s
H    0     0                      58.0000000   34.00000  41.4%     -  209s
H    0     0                      51.0000000   34.00000  33.3%     -  209s
H    0     0                      50.0000000   34.00000  32.0%     -  209s
H    0     0                      49.0000000   34.00000  30.6%     -  210s
H    0     0                      47.0000000   34.00000  27.7%     -  213s
H    0     0                      46.0000000   34.00000  26.1%     -  216s
H    0     0                      45.0000000   34.00000  24.4%     -  217s
H    0     0                      43.0000000   34.00000  20.9%     -  266s
     0     0   34.00000    0  434   43.00000   34.00000  20.9%     -  381s
H    0     0                      42.0000000   34.00000  19.0%     -  620s
     0     0   34.00000    0  434   42.00000   34.00000  19.0%     -  884s
     0     2   34.00000    0  396   42.00000   34.00000  19.0%     - 1585s
     1     4   34.00000    1  473   42.00000   34.00000  19.0% 98190 1624s
     2     4   34.00000    1  500   42.00000   34.00000  19.0% 50620 1625s
     3     8   34.00000    2  444   42.00000   34.00000  19.0% 34252 1667s
     7    16   34.00000    3  482   42.00000   34.00000  19.0% 15945 1778s

Cutting planes:
  MIR: 2

Explored 15 nodes (202429 simplex iterations) in 1800.51 seconds (2448.30 work units)
Thread count was 8 (of 32 available processors)

Solution count 10: 42 43 45 ... 293

Time limit reached
Best objective 4.200000000000e+01, best bound 3.400000000000e+01, gap 19.0476%

User-callback calls 107968, time in user-callback 1.39 sec
Set parameter TimeLimit to value 1.7863893330097198e+03
Gurobi Optimizer version 12.0.3 build v12.0.3rc0 (linux64 - "Ubuntu 24.04.4 LTS")

CPU model: Intel(R) Xeon(R) CPU E5-2630 v3 @ 2.40GHz, instruction set [SSE2|AVX|AVX2]
Thread count: 16 physical cores, 32 logical processors, using up to 8 threads

Non-default parameters:
TimeLimit  1.7863893330097198e+03
Threads  8

Optimize a model with 831 rows, 260783 columns and 7551250 nonzeros
Model fingerprint: 0x5d09f912
Variable types: 0 continuous, 260783 integer (260783 binary)
Coefficient statistics:
  Matrix range     [1e+00, 1e+00]
  Objective range  [1e-11, 1e+02]
  Bounds range     [1e+00, 1e+00]
  RHS range        [1e+00, 4e+01]

Loaded user MIP start with objective 2884.06
MIP start from previous solve did not produce a new incumbent solution

Presolve removed 0 rows and 4 columns (presolve time = 5s)...
Presolve removed 0 rows and 4 columns (presolve time = 10s)...
Presolve removed 0 rows and 4 columns (presolve time = 15s)...
Presolve removed 0 rows and 4 columns
Presolve time: 15.17s
Presolved: 831 rows, 260779 columns, 7551180 nonzeros
Variable types: 0 continuous, 260779 integer (260779 binary)

Root simplex log...

Iteration    Objective       Primal Inf.    Dual Inf.      Time
       0   -1.4551915e-11   8.140000e+02   0.000000e+00     17s

Starting sifting (using dual simplex for sub-problems)...

    Iter     Pivots    Primal Obj      Dual Obj        Time
       0          0     infinity     -1.4551915e-11     17s
       1       1330   2.3912499e+08   3.6934606e+02     17s
       2       6701   4.4145733e+07   4.7022797e+02     18s
       3      15151   7.4680713e+05   4.7796238e+02     22s
       4      21739   1.5654089e+03   7.0561863e+02     27s
       5      27829   1.4292092e+03   9.4641473e+02     33s
       6      34340   1.3567045e+03   1.1147976e+03     42s
       7      40764   1.3254752e+03   1.2113303e+03     52s
       8      46952   1.3161355e+03   1.2854157e+03     64s
       9      51338   1.3151095e+03   1.3127808e+03     73s

Sifting complete

   52808    1.3151084e+03   0.000000e+00   0.000000e+00     76s

Root relaxation: objective 1.315108e+03, 52808 iterations, 60.43 seconds (75.61 work units)

    Nodes    |    Current Node    |     Objective Bounds      |     Work
 Expl Unexpl |  Obj  Depth IntInf | Incumbent    BestBd   Gap | It/Node Time

     0     0 1315.10839    0  760 2884.05600 1315.10839  54.4%     -   77s
H    0     0                    2828.8400000 1315.10839  53.5%     -  118s
H    0     0                    2778.4560000 1315.10839  52.7%     -  122s
H    0     0                    2758.0800000 1315.10839  52.3%     -  127s
H    0     0                    2738.1600000 1315.10839  52.0%     -  133s
H    0     0                    2736.1760000 1315.10839  51.9%     -  139s
H    0     0                    2729.9760000 1315.10839  51.8%     -  140s
H    0     0                    2706.8720000 1315.10839  51.4%     -  149s
     0     0 1315.85315    0  763 2706.87200 1315.85315  51.4%     -  216s
     0     0 1315.92272    0  763 2706.87200 1315.92272  51.4%     -  459s
     0     0 1315.92982    0  764 2706.87200 1315.92982  51.4%     -  463s
     0     0 1316.07261    0  770 2706.87200 1316.07261  51.4%     -  516s
     0     0 1316.09931    0  772 2706.87200 1316.09931  51.4%     -  557s
     0     0 1316.11862    0  779 2706.87200 1316.11862  51.4%     -  562s
     0     0 1316.14072    0  777 2706.87200 1316.14072  51.4%     -  609s
     0     0 1316.14582    0  784 2706.87200 1316.14582  51.4%     -  667s
     0     0 1316.16960    0  776 2706.87200 1316.16960  51.4%     -  675s
     0     0 1316.26979    0  773 2706.87200 1316.26979  51.4%     -  722s
     0     0 1316.27947    0  772 2706.87200 1316.27947  51.4%     -  756s
     0     0 1316.28990    0  774 2706.87200 1316.28990  51.4%     -  764s
     0     0 1316.29002    0  774 2706.87200 1316.29002  51.4%     -  808s
H    0     2                    2704.1440000 1316.29054  51.3%     - 1607s
     0     2 1316.29054    0  774 2704.14400 1316.29054  51.3%     - 1607s
     1     3 1316.52672    1  770 2704.14400 1316.29054  51.3%  36.0 1631s
     2     4 1316.67741    2  773 2704.14400 1316.29054  51.3%   295 1653s
     3     6 1317.04123    3  767 2704.14400 1316.29054  51.3%   436 1692s
     5    10 1317.11602    4  769 2704.14400 1316.53035  51.3%   637 1769s
     7    10 1323.52303    2  748 2704.14400 1316.67757  51.3%   755 1770s

Cutting planes:
  MIR: 32

Explored 9 nodes (63987 simplex iterations) in 1786.98 seconds (2188.39 work units)
Thread count was 8 (of 32 available processors)

Solution count 9: 2704.14 2706.87 2729.98 ... 2884.06

Time limit reached
Best objective 2.704144000000e+03, best bound 1.317085835961e+03, gap 51.2938%

User-callback calls 202625, time in user-callback 2.14 sec
