[MIP] physical pool preparation: 16931 valid recorded, 0 repaired, 0 rejected, 18.191s
[MIP] pool: 16931 columns over 154 trips (instance scale_ladder/instances/nested_probability_k2_15_20260908/Practice_Custom_DutyUnion_k08_p03_20260908.csv, soc_step=2.5, certified=True)
[MIP] coverage: min 447 / median 2288 / max 3403 columns per trip
[MIP] strict-feasibility seed: 154 exact singleton columns (one per trip)
[MIP] greedy feasible MIP start: 51 buses
Set parameter LicenseID to value 2674428
Set parameter GURO_PAR_SPECIAL
Set parameter TokenServer to value "en-cc-unicorn-data-dirs.coecis.cornell.edu"
Set parameter LogFile to value "/home/nc437/ladder-lite/diving_pricing_20260919/results/c3_k08/control_arm_b/586638_r0/gurobi.log"
Set parameter OutputFlag to value 1
Set parameter TimeLimit to value 6895
Set parameter MIPGap to value 0.0001
Set parameter Threads to value 8
Set parameter Seed to value 20260919
Set parameter TimeLimit to value 3447
Gurobi Optimizer version 12.0.3 build v12.0.3rc0 (linux64 - "Ubuntu 24.04.4 LTS")

CPU model: Intel(R) Xeon(R) Gold 6230 CPU @ 2.10GHz, instruction set [SSE2|AVX|AVX2|AVX512]
Thread count: 40 physical cores, 40 logical processors, using up to 8 threads

Non-default parameters:
TimeLimit  3447
Seed  20260919
Threads  8

Optimize a model with 154 rows, 16931 columns and 343503 nonzeros
Model fingerprint: 0xb4063d10
Variable types: 0 continuous, 16931 integer (16931 binary)
Coefficient statistics:
  Matrix range     [1e+00, 1e+00]
  Objective range  [1e+00, 1e+00]
  Bounds range     [1e+00, 1e+00]
  RHS range        [1e+00, 1e+00]

Loaded user MIP start with objective 51

Presolve removed 0 rows and 1803 columns
Presolve time: 0.47s
Presolved: 154 rows, 15128 columns, 310823 nonzeros
Found heuristic solution: objective 49.0000000
Variable types: 0 continuous, 15128 integer (15128 binary)

Root relaxation: objective 8.000000e+00, 631 iterations, 0.20 seconds (0.31 work units)

    Nodes    |    Current Node    |     Objective Bounds      |     Work
 Expl Unexpl |  Obj  Depth IntInf | Incumbent    BestBd   Gap | It/Node Time

     0     0    8.00000    0   63   49.00000    8.00000  83.7%     -    1s
H    0     0                      16.0000000    8.00000  50.0%     -    1s
H    0     0                      15.0000000    8.00000  46.7%     -    1s
H    0     0                      14.0000000    8.00000  42.9%     -    1s
H    0     0                      13.0000000    8.00000  38.5%     -    1s
H    0     0                      12.0000000    8.00000  33.3%     -    1s
H    0     0                      11.0000000    8.00000  27.3%     -    1s
H    0     0                      10.0000000    8.00000  20.0%     -    1s
     0     0    8.00000    0   55   10.00000    8.00000  20.0%     -    2s
H    0     0                       9.0000000    8.00000  11.1%     -    5s
     0     0    8.00000    0   49    9.00000    8.00000  11.1%     -    5s
     0     0    8.00000    0   64    9.00000    8.00000  11.1%     -    6s
     0     0    8.00000    0   59    9.00000    8.00000  11.1%     -    7s
     0     0    8.00000    0   49    9.00000    8.00000  11.1%     -    8s
     0     0    8.00000    0   45    9.00000    8.00000  11.1%     -    8s
     0     0    8.00000    0   54    9.00000    8.00000  11.1%     -    9s
     0     0    8.00000    0   51    9.00000    8.00000  11.1%     -    9s
     0     0    8.00000    0   58    9.00000    8.00000  11.1%     -   10s
     0     0    8.00000    0   51    9.00000    8.00000  11.1%     -   10s
     0     0    8.00000    0   52    9.00000    8.00000  11.1%     -   11s
     0     0    8.00000    0   52    9.00000    8.00000  11.1%     -   12s
     0     2    8.00000    0   52    9.00000    8.00000  11.1%     -   13s
     2     3    8.00000    1   52    9.00000    8.00000  11.1%  4842   16s
     5     5    8.00000    1   44    9.00000    8.00000  11.1%  1937   22s
    10     8    8.00000    1   46    9.00000    8.00000  11.1%   968   25s
    39    45    8.00000   19   84    9.00000    8.00000  11.1%  1714   30s
   155    55 infeasible   24         9.00000    8.00000  11.1%   712   35s
   237   119 infeasible   27         9.00000    8.00000  11.1%   611   41s
   687   267    8.00000   55   44    9.00000    8.00000  11.1%   438   49s
   758   341 infeasible   33         9.00000    8.00000  11.1%   411   54s
   924   502    8.00000   32   33    9.00000    8.00000  11.1%   399   60s
  1440   532 infeasible  143         9.00000    8.00000  11.1%   309   67s
  1700   655    8.00000   73   41    9.00000    8.00000  11.1%   297   74s
  2657   688 infeasible   98         9.00000    8.00000  11.1%   296   79s
  3062   831    8.00000   36   52    9.00000    8.00000  11.1%   301   85s
  4468  1101    8.00000   20   42    9.00000    8.00000  11.1%   294   95s
  4557  1380    8.00000   26   44    9.00000    8.00000  11.1%   292  100s
  6269  1391 infeasible   69         9.00000    8.00000  11.1%   284  108s
  6348  1559    8.00000   68   52    9.00000    8.00000  11.1%   287  112s
  6760  1524    8.00000   37   62    9.00000    8.00000  11.1%   286  116s
  7043  1840    8.00000   94   46    9.00000    8.00000  11.1%   291  120s
  8219  1833    8.00000   77   70    9.00000    8.00000  11.1%   284  128s
  8813  1892 infeasible  125         9.00000    8.00000  11.1%   290  132s
  9158  1792    8.00000   93   50    9.00000    8.00000  11.1%   291  136s
  9802  1904 infeasible   22         9.00000    8.00000  11.1%   292  140s
 10251  2058 infeasible  258         9.00000    8.00000  11.1%   291  148s
 11213  2031    8.00000  119   49    9.00000    8.00000  11.1%   291  152s
 11690  2029    8.00000   41   53    9.00000    8.00000  11.1%   295  156s
 12391  1960 infeasible  219         9.00000    8.00000  11.1%   296  161s
 12746  1907    8.00000   73   51    9.00000    8.00000  11.1%   298  165s
 12825  1967    8.00000   74   50    9.00000    8.00000  11.1%   299  170s
 13035  1761 infeasible   75         9.00000    8.00000  11.1%   299  175s
 14277  1987 infeasible   42         9.00000    8.00000  11.1%   296  185s
 15426  1708 infeasible   54         9.00000    8.00000  11.1%   282  191s
 16836  1777 infeasible  153         9.00000    8.00000  11.1%   269  197s
 17463  1747    8.00000   56   65    9.00000    8.00000  11.1%   262  200s
 18105  1900    8.00000  129   48    9.00000    8.00000  11.1%   258  208s
 18555  2031 infeasible  234         9.00000    8.00000  11.1%   254  213s
 19198  2041    8.00000   30   71    9.00000    8.00000  11.1%   256  217s
 20002  2071    8.00000  146   70    9.00000    8.00000  11.1%   254  222s
 20254  2152    8.00000  158   78    9.00000    8.00000  11.1%   254  228s
 21143  1958    8.00000   44   70    9.00000    8.00000  11.1%   254  233s
 21587  1815 infeasible   58         9.00000    8.00000  11.1%   257  238s
 22095  1728    8.00000   71   50    9.00000    8.00000  11.1%   255  244s
 22782  1476    8.00000   33   52    9.00000    8.00000  11.1%   257  250s
 23154  1412 infeasible   39         9.00000    8.00000  11.1%   260  256s
 23317  1460    8.00000   37   39    9.00000    8.00000  11.1%   259  263s
 23672  1487    8.00000   69   46    9.00000    8.00000  11.1%   257  269s
 24190  1537 infeasible  157         9.00000    8.00000  11.1%   254  275s
 24560  1323    8.00000   80   59    9.00000    8.00000  11.1%   254  282s
 25454  1170 infeasible   72         9.00000    8.00000  11.1%   252  289s
 25913  1272 infeasible  356         9.00000    8.00000  11.1%   253  295s
 26922  1504 infeasible  289         9.00000    8.00000  11.1%   249  301s
 27492  1593 infeasible   28         9.00000    8.00000  11.1%   248  309s
 27785  1940    8.00000  106   48    9.00000    8.00000  11.1%   249  316s
 28466  1794    8.00000   81   68    9.00000    8.00000  11.1%   248  323s
 29068  1427 infeasible   70         9.00000    8.00000  11.1%   251  330s
 29839  1355 infeasible  251         9.00000    8.00000  11.1%   254  337s
 30416  1283 infeasible  237         9.00000    8.00000  11.1%   253  344s
 31018  1436 infeasible  203         9.00000    8.00000  11.1%   254  351s
 32085  2338 infeasible  134         9.00000    8.00000  11.1%   250  358s
 33178  2339    8.00000  407   52    9.00000    8.00000  11.1%   248  377s
 33181  2341    8.00000  415   45    9.00000    8.00000  11.1%   248  380s
 33207  2357    8.00000   27   73    9.00000    8.00000  11.1%   249  385s
 33515  2398    8.00000   53   96    9.00000    8.00000  11.1%   248  391s
 34082  2446    8.00000   96   75    9.00000    8.00000  11.1%   245  396s
 35438  2130 infeasible   52         9.00000    8.00000  11.1%   239  400s
 36645  1842 infeasible  112         9.00000    8.00000  11.1%   234  406s
 37903  1691 infeasible   57         9.00000    8.00000  11.1%   229  410s
 39713  1020 infeasible  129         9.00000    8.00000  11.1%   222  415s
 40670   966    8.00000   71   56    9.00000    8.00000  11.1%   220  420s
 41911   907 infeasible   72         9.00000    8.00000  11.1%   216  425s
 43267  1243    8.00000  137   55    9.00000    8.00000  11.1%   212  431s
 44338  1166    8.00000   56   41    9.00000    8.00000  11.1%   209  436s
 46472  1162 infeasible  158         9.00000    8.00000  11.1%   203  441s
 48737   759    8.00000  207   65    9.00000    8.00000  11.1%   198  446s
 50403   989    8.00000   96   62    9.00000    8.00000  11.1%   194  450s
 51368  1591    8.00000  183   51    9.00000    8.00000  11.1%   191  480s
 53825  1744    8.00000  149   38    9.00000    8.00000  11.1%   186  485s
 55853  1675    8.00000  126   53    9.00000    8.00000  11.1%   182  490s
 57212  1620    8.00000  266   37    9.00000    8.00000  11.1%   180  495s
 58805  1745 infeasible  142         9.00000    8.00000  11.1%   177  500s
 61651  1579 infeasible  119         9.00000    8.00000  11.1%   174  506s
 64739  1064 infeasible   79         9.00000    8.00000  11.1%   170  511s
 65717   782    8.00000  170   72    9.00000    8.00000  11.1%   170  515s
 68181   674    8.00000   60   44    9.00000    8.00000  11.1%   168  522s
 69059   634 infeasible  384         9.00000    8.00000  11.1%   167  525s
 71144   476    8.00000   98   57    9.00000    8.00000  11.1%   165  531s
 72778  1148    8.00000  113   65    9.00000    8.00000  11.1%   163  536s
 74000  1754    8.00000  369   74    9.00000    8.00000  11.1%   162  540s
 75264  2095    8.00000  206   76    9.00000    8.00000  11.1%   161  545s
 77988  3675 infeasible  104         9.00000    8.00000  11.1%   159  551s
 80267  4168    8.00000   54   71    9.00000    8.00000  11.1%   157  555s
 83077  4575 infeasible  139         9.00000    8.00000  11.1%   156  563s
 84281  5046    8.00000  167   56    9.00000    8.00000  11.1%   156  566s
 85675  6266    8.00000  205   63    9.00000    8.00000  11.1%   155  570s
 87471  6995    8.00000  231   55    9.00000    8.00000  11.1%   154  577s
 87806  8265 infeasible  201         9.00000    8.00000  11.1%   154  581s
 89266  8750    8.00000  262   68    9.00000    8.00000  11.1%   152  586s
 91382  9763    8.00000  513   77    9.00000    8.00000  11.1%   152  590s
 93938 10793 infeasible  218         9.00000    8.00000  11.1%   151  596s
 95476 10944 infeasible  128         9.00000    8.00000  11.1%   150  600s
 97505 12765    8.00000  183   64    9.00000    8.00000  11.1%   149  608s
 99350 12844 infeasible  151         9.00000    8.00000  11.1%   148  611s
 100561 12777    8.00000  125   63    9.00000    8.00000  11.1%   148  615s
 102068 13111    8.00000  104   69    9.00000    8.00000  11.1%   148  621s
 103844 14007    8.00000  141   48    9.00000    8.00000  11.1%   148  625s
 105962 14099    8.00000  126   57    9.00000    8.00000  11.1%   147  630s
 107509 14660    8.00000  115   46    9.00000    8.00000  11.1%   147  635s
 110156 15453    8.00000  120   73    9.00000    8.00000  11.1%   146  641s
 111734 15836    8.00000  154   54    9.00000    8.00000  11.1%   146  645s
 113723 16514    8.00000  482   60    9.00000    8.00000  11.1%   145  651s
 114665 16260 infeasible  287         9.00000    8.00000  11.1%   145  655s
 115877 16109    8.00000  147   37    9.00000    8.00000  11.1%   145  660s
 117886 16159    8.00000  146   63    9.00000    8.00000  11.1%   144  666s
 119448 15952    8.00000  161   57    9.00000    8.00000  11.1%   144  671s
 121453 16623 infeasible  276         9.00000    8.00000  11.1%   144  676s
 123323 16661    8.00000  147   41    9.00000    8.00000  11.1%   144  681s
 124591 16938 infeasible  216         9.00000    8.00000  11.1%   143  686s
 126303 17043    8.00000  291   66    9.00000    8.00000  11.1%   143  691s
 128348 18279 infeasible  151         9.00000    8.00000  11.1%   143  696s
 129908 18577    8.00000  249   61    9.00000    8.00000  11.1%   142  700s
 130288 20839    8.00000  360   65    9.00000    8.00000  11.1%   142  707s
 134663 20741    8.00000  375   72    9.00000    8.00000  11.1%   140  711s
 135650 21423    8.00000  231   58    9.00000    8.00000  11.1%   140  715s
 136893 22739    8.00000  234   55    9.00000    8.00000  11.1%   140  721s
 139569 23648    8.00000  653   70    9.00000    8.00000  11.1%   139  725s
 141153 24085    8.00000  198   65    9.00000    8.00000  11.1%   139  731s
 142706 24016 infeasible  184         9.00000    8.00000  11.1%   139  735s
 144086 25558    8.00000  159   72    9.00000    8.00000  11.1%   138  742s
 145186 25945 infeasible  333         9.00000    8.00000  11.1%   138  746s
 147180 26619    8.00000  339   70    9.00000    8.00000  11.1%   138  750s
 149168 27135    8.00000  582   73    9.00000    8.00000  11.1%   137  757s
 151060 27451 infeasible  621         9.00000    8.00000  11.1%   137  761s
 153198 27586 infeasible  220         9.00000    8.00000  11.1%   137  765s
 154492 27458    8.00000  185   64    9.00000    8.00000  11.1%   137  770s
 157371 30402    8.00000  188   63    9.00000    8.00000  11.1%   136  776s
 160010 31143    8.00000  151   71    9.00000    8.00000  11.1%   135  782s
 161644 30998 infeasible  349         9.00000    8.00000  11.1%   135  787s
 161990 31495    8.00000  325   64    9.00000    8.00000  11.1%   135  792s
 163024 32069 infeasible  434         9.00000    8.00000  11.1%   135  796s
 165465 32377    8.00000  365   72    9.00000    8.00000  11.1%   134  801s
 167551 32891    8.00000   87   57    9.00000    8.00000  11.1%   134  807s
 167943 33722    8.00000   88   62    9.00000    8.00000  11.1%   134  810s
 170067 33965 infeasible  185         9.00000    8.00000  11.1%   134  816s
 172529 34859 infeasible  346         9.00000    8.00000  11.1%   134  821s
 174671 36357    8.00000  193   95    9.00000    8.00000  11.1%   134  828s
 176560 37007 infeasible  204         9.00000    8.00000  11.1%   133  830s
 180251 39088    8.00000   43   85    9.00000    8.00000  11.1%   132  835s
 181969 38813 infeasible  193         9.00000    8.00000  11.1%   132  840s
 182856 38739    8.00000  322   61    9.00000    8.00000  11.1%   132  845s
 185049 38273    8.00000  268   70    9.00000    8.00000  11.1%   132  851s
 186909 38409    8.00000  232   66    9.00000    8.00000  11.1%   132  855s
 188730 39998    8.00000   66   66    9.00000    8.00000  11.1%   132  861s
 189433 40856    8.00000  332   61    9.00000    8.00000  11.1%   132  868s
 190317 41462    8.00000  354   63    9.00000    8.00000  11.1%   132  871s
 192420 41805    8.00000  358   68    9.00000    8.00000  11.1%   132  876s
 193907 42334 infeasible  394         9.00000    8.00000  11.1%   132  881s
 196365 42270 infeasible  185         9.00000    8.00000  11.1%   132  885s
 198452 42608    8.00000  225   76    9.00000    8.00000  11.1%   132  890s
 199028 43188    8.00000  227   49    9.00000    8.00000  11.1%   132  895s
 200768 42803    8.00000  212   64    9.00000    8.00000  11.1%   132  900s
 202931 42417 infeasible  405         9.00000    8.00000  11.1%   132  905s
 205263 41795 infeasible  178         9.00000    8.00000  11.1%   132  910s
 206397 41361    8.00000  205   46    9.00000    8.00000  11.1%   132  915s
 208167 43339    8.00000  211   59    9.00000    8.00000  11.1%   132  922s
 209797 43835    8.00000  450   67    9.00000    8.00000  11.1%   132  925s
 211653 45463    8.00000  352   75    9.00000    8.00000  11.1%   131  931s
 213476 46363    8.00000  154   74    9.00000    8.00000  11.1%   131  935s
 214969 48104    8.00000  417  105    9.00000    8.00000  11.1%   131  940s
 218951 50061    8.00000  172   85    9.00000    8.00000  11.1%   130  945s
 221864 53031    8.00000  175   80    9.00000    8.00000  11.1%   129  951s
 223055 53651 infeasible  252         9.00000    8.00000  11.1%   129  955s
 224884 55289    8.00000  336   96    9.00000    8.00000  11.1%   128  962s
 226410 56828    8.00000  428   99    9.00000    8.00000  11.1%   128  967s
 228204 59271    8.00000  499  102    9.00000    8.00000  11.1%   128  970s
 234513 61239 infeasible   98         9.00000    8.00000  11.1%   126  976s
 236772 63618    8.00000  893  115    9.00000    8.00000  11.1%   126  981s
 237918 64277 infeasible 1109         9.00000    8.00000  11.1%   125  985s
 241531 65797 infeasible  151         9.00000    8.00000  11.1%   125  990s
 244392 66465 infeasible  412         9.00000    8.00000  11.1%   125  995s
 245702 66902 infeasible  266         9.00000    8.00000  11.1%   125 1001s
 247337 67559    8.00000  775   89    9.00000    8.00000  11.1%   125 1005s
 250589 69651    8.00000  154   75    9.00000    8.00000  11.1%   124 1011s
 252127 71097    8.00000  406   97    9.00000    8.00000  11.1%   124 1015s
 254405 71622    8.00000  128   77    9.00000    8.00000  11.1%   124 1021s
 256187 72969    8.00000  280   89    9.00000    8.00000  11.1%   124 1025s
 259148 73229    8.00000  205  101    9.00000    8.00000  11.1%   124 1031s
 259589 73780 infeasible  242         9.00000    8.00000  11.1%   124 1035s
 262068 74132 infeasible  249         9.00000    8.00000  11.1%   124 1042s
 263103 74947 infeasible  368         9.00000    8.00000  11.1%   123 1046s
 265144 75589 infeasible  161         9.00000    8.00000  11.1%   123 1051s
 267364 75729 infeasible  562         9.00000    8.00000  11.1%   123 1055s
 268478 77764 infeasible  280         9.00000    8.00000  11.1%   123 1062s
 271989 78766    8.00000  670   91    9.00000    8.00000  11.1%   123 1066s
 273429 78500 infeasible  286         9.00000    8.00000  11.1%   123 1070s
 275382 78582    8.00000  123   53    9.00000    8.00000  11.1%   123 1076s
 276161 78843    8.00000  210   72    9.00000    8.00000  11.1%   123 1080s
 278879 79096    8.00000  622   81    9.00000    8.00000  11.1%   123 1087s
 279514 79183    8.00000  624   73    9.00000    8.00000  11.1%   123 1091s
 280201 79387    8.00000  161   62    9.00000    8.00000  11.1%   123 1096s
 283214 80038    8.00000  381   71    9.00000    8.00000  11.1%   124 1103s
 284692 79827 infeasible  205         9.00000    8.00000  11.1%   124 1105s
 286788 79115 infeasible  503         9.00000    8.00000  11.1%   124 1111s
 288675 78705 infeasible  302         9.00000    8.00000  11.1%   124 1115s
 289828 79168 infeasible  397         9.00000    8.00000  11.1%   124 1120s
 292584 79399 infeasible  332         9.00000    8.00000  11.1%   124 1125s
 295608 79673 infeasible  258         9.00000    8.00000  11.1%   124 1132s
 297273 79616    8.00000  254   61    9.00000    8.00000  11.1%   124 1137s
 298502 79745    8.00000  237   78    9.00000    8.00000  11.1%   124 1141s
 300162 79623    8.00000  206   68    9.00000    8.00000  11.1%   124 1147s
 301159 79653    8.00000  207   81    9.00000    8.00000  11.1%   124 1151s
 303524 79854    8.00000  595   65    9.00000    8.00000  11.1%   124 1158s
 305834 79779    8.00000  375   70    9.00000    8.00000  11.1%   124 1160s
 307372 79997    8.00000  238   68    9.00000    8.00000  11.1%   125 1167s
 309139 80394    8.00000  242   73    9.00000    8.00000  11.1%   124 1170s
 311972 79409 infeasible  428         9.00000    8.00000  11.1%   125 1176s
 313896 79456    8.00000  152   68    9.00000    8.00000  11.1%   125 1182s
 315482 79341    8.00000  422   77    9.00000    8.00000  11.1%   125 1187s
 316399 80264    8.00000  492   64    9.00000    8.00000  11.1%   125 1192s
 318668 80773 infeasible  311         9.00000    8.00000  11.1%   125 1195s
 320721 80255 infeasible  307         9.00000    8.00000  11.1%   125 1202s
 322373 79631    8.00000  182   61    9.00000    8.00000  11.1%   125 1206s
 323519 79329    8.00000  132   59    9.00000    8.00000  11.1%   125 1210s
 325181 78983    8.00000  302   69    9.00000    8.00000  11.1%   126 1215s
 328551 77784 infeasible  884         9.00000    8.00000  11.1%   126 1223s
 330154 77359    8.00000   75   66    9.00000    8.00000  11.1%   126 1227s
 331407 76913    8.00000  219   55    9.00000    8.00000  11.1%   126 1233s
 332961 76767 infeasible  473         9.00000    8.00000  11.1%   126 1237s
 335215 76278 infeasible  256         9.00000    8.00000  11.1%   126 1242s
 336962 76660 infeasible   71         9.00000    8.00000  11.1%   126 1247s
 338688 77650    8.00000  488   58    9.00000    8.00000  11.1%   126 1254s
 340356 77569    8.00000  545   76    9.00000    8.00000  11.1%   126 1260s
 342157 76806    8.00000  628   75    9.00000    8.00000  11.1%   126 1266s
 344344 76359    8.00000  495   60    9.00000    8.00000  11.1%   127 1271s
 346075 75684 infeasible  742         9.00000    8.00000  11.1%   127 1277s
 349122 75616    8.00000  362   62    9.00000    8.00000  11.1%   127 1282s
 352152 75309    8.00000  126   64    9.00000    8.00000  11.1%   127 1288s
 353737 76407 infeasible  203         9.00000    8.00000  11.1%   127 1294s
 355267 79012    8.00000  321   72    9.00000    8.00000  11.1%   127 1300s
 358044 80123    8.00000  426   63    9.00000    8.00000  11.1%   127 1305s
 359227 82282    8.00000  284   58    9.00000    8.00000  11.1%   127 1311s
 361608 83351    8.00000  310   70    9.00000    8.00000  11.1%   127 1316s
 362791 84924    8.00000  456   60    9.00000    8.00000  11.1%   127 1322s
 364850 86882 infeasible  995         9.00000    8.00000  11.1%   127 1328s
 367256 89285    8.00000  509   76    9.00000    8.00000  11.1%   127 1334s
 370297 90902 infeasible  408         9.00000    8.00000  11.1%   126 1341s
 372304 93034    8.00000  495   69    9.00000    8.00000  11.1%   126 1347s
 375204 94685    8.00000  355   60    9.00000    8.00000  11.1%   126 1352s
 377703 97275    8.00000  336   75    9.00000    8.00000  11.1%   126 1357s
 381037 99594    8.00000  612   85    9.00000    8.00000  11.1%   126 1361s
 383858 103110    8.00000  465   89    9.00000    8.00000  11.1%   125 1366s
 388180 106757 infeasible  295         9.00000    8.00000  11.1%   125 1373s
 392615 107568    8.00000  467   81    9.00000    8.00000  11.1%   124 1376s
 395821 111552    8.00000  319   98    9.00000    8.00000  11.1%   124 1382s
 399455 113264    8.00000  775   71    9.00000    8.00000  11.1%   123 1385s
 402304 115851    8.00000  389   82    9.00000    8.00000  11.1%   123 1390s
 405538 119998 infeasible  503         9.00000    8.00000  11.1%   123 1396s
 412881 122626 infeasible  213         9.00000    8.00000  11.1%   122 1400s
 420184 126539    8.00000  498   95    9.00000    8.00000  11.1%   121 1411s
 420790 132261    8.00000  500   94    9.00000    8.00000  11.1%   121 1423s
 428790 133260    8.00000 1568  115    9.00000    8.00000  11.1%   120 1427s
 430429 133536    8.00000  580   90    9.00000    8.00000  11.1%   120 1430s
 435694 140677 infeasible  408         9.00000    8.00000  11.1%   120 1440s
 445434 145388 infeasible  478         9.00000    8.00000  11.1%   119 1446s
 447909 145635    8.00000  904   83    9.00000    8.00000  11.1%   119 1450s
 450493 149536 infeasible  505         9.00000    8.00000  11.1%   119 1459s
 454983 150932    8.00000  487   85    9.00000    8.00000  11.1%   118 1461s
 458835 151363 infeasible  471         9.00000    8.00000  11.1%   118 1466s
 460401 152660    8.00000  768   81    9.00000    8.00000  11.1%   118 1470s
 464749 154003    8.00000  468   87    9.00000    8.00000  11.1%   118 1476s
 466029 155650    8.00000  688   91    9.00000    8.00000  11.1%   119 1483s
 468878 156009 infeasible  443         9.00000    8.00000  11.1%   118 1486s
 469779 156490 infeasible  397         9.00000    8.00000  11.1%   118 1490s
 474405 156267 infeasible  540         9.00000    8.00000  11.1%   119 1498s
 476341 156682 infeasible  439         9.00000    8.00000  11.1%   119 1502s
 477786 156535 infeasible  559         9.00000    8.00000  11.1%   119 1507s
 478997 156486    8.00000  486   91    9.00000    8.00000  11.1%   119 1511s
 481216 156279    8.00000  379   89    9.00000    8.00000  11.1%   120 1516s
 483431 155679 infeasible  658         9.00000    8.00000  11.1%   120 1521s
 484155 154928 infeasible  329         9.00000    8.00000  11.1%   120 1525s
 486050 154288 infeasible  352         9.00000    8.00000  11.1%   121 1530s
 488016 153847 infeasible  805         9.00000    8.00000  11.1%   121 1535s
 488575 153389    8.00000  272   58    9.00000    8.00000  11.1%   121 1541s
 490419 152244 infeasible  298         9.00000    8.00000  11.1%   122 1546s
 491972 151654 infeasible  126         9.00000    8.00000  11.1%   122 1552s
 493656 150469 infeasible  259         9.00000    8.00000  11.1%   122 1558s
 495069 150489    8.00000  278   45    9.00000    8.00000  11.1%   123 1565s
 496373 149593    8.00000  279   47    9.00000    8.00000  11.1%   123 1572s
 498263 149367 infeasible  324         9.00000    8.00000  11.1%   123 1580s
 500457 149176 infeasible  158         9.00000    8.00000  11.1%   124 1586s
 501198 148185    8.00000   88   71    9.00000    8.00000  11.1%   124 1599s
 505785 146612 infeasible  434         9.00000    8.00000  11.1%   124 1607s
 508392 145748 infeasible  272         9.00000    8.00000  11.1%   124 1614s
 511136 144779 infeasible  671         9.00000    8.00000  11.1%   125 1623s
 512993 143906 infeasible  768         9.00000    8.00000  11.1%   125 1632s
 516796 142488 infeasible  622         9.00000    8.00000  11.1%   125 1641s
 521584 140298 infeasible  481         9.00000    8.00000  11.1%   125 1649s
 524648 138781    8.00000  706   77    9.00000    8.00000  11.1%   125 1658s
 528107 141182 infeasible  662         9.00000    8.00000  11.1%   125 1667s
 532702 142273    8.00000  220   62    9.00000    8.00000  11.1%   125 1678s
 535193 143457    8.00000  201   49    9.00000    8.00000  11.1%   125 1691s
 541658 144033 infeasible  878         9.00000    8.00000  11.1%   125 1700s
 543772 144470 infeasible  784         9.00000    8.00000  11.1%   126 1707s
 545593 145318    8.00000  301   83    9.00000    8.00000  11.1%   126 1717s
 551709 144139 infeasible  312         9.00000    8.00000  11.1%   126 1728s
 554690 141153 infeasible  336         9.00000    8.00000  11.1%   126 1739s
 559492 138360 infeasible  365         9.00000    8.00000  11.1%   126 1748s
 564003 136272 infeasible  266         9.00000    8.00000  11.1%   127 1758s
 567201 133918    8.00000  116   69    9.00000    8.00000  11.1%   127 1768s
 570379 130038 infeasible  899         9.00000    8.00000  11.1%   127 1778s
 574752 127655 infeasible  296         9.00000    8.00000  11.1%   127 1788s
 577365 125202 infeasible  601         9.00000    8.00000  11.1%   128 1799s
 581530 121433 infeasible  912         9.00000    8.00000  11.1%   128 1810s
 585847 118898    8.00000  147   66    9.00000    8.00000  11.1%   128 1821s
 589350 115829 infeasible  148         9.00000    8.00000  11.1%   128 1831s
 593919 112339 infeasible  797         9.00000    8.00000  11.1%   129 1842s
 597833 110216 infeasible  641         9.00000    8.00000  11.1%   129 1852s
 600420 107274    8.00000  341   67    9.00000    8.00000  11.1%   129 1863s
 603978 103462 infeasible  243         9.00000    8.00000  11.1%   129 1874s
 608733 100512 infeasible  612         9.00000    8.00000  11.1%   130 1886s
 612025 98123 infeasible  290         9.00000    8.00000  11.1%   130 1897s
 615108 95156 infeasible  493         9.00000    8.00000  11.1%   130 1909s
 618471 91298 infeasible  366         9.00000    8.00000  11.1%   130 1921s
 623163 88894 infeasible  563         9.00000    8.00000  11.1%   131 1932s
 626697 85604    8.00000  969   50    9.00000    8.00000  11.1%   131 1944s
 631061 83144 infeasible  693         9.00000    8.00000  11.1%   131 1955s
 634051 80091 infeasible  527         9.00000    8.00000  11.1%   132 1968s
 637782 77637 infeasible  419         9.00000    8.00000  11.1%   132 1981s
 643106 74469 infeasible  341         9.00000    8.00000  11.1%   132 1993s
 646970 71165 infeasible  562         9.00000    8.00000  11.1%   132 2004s
 650832 68892 infeasible   87         9.00000    8.00000  11.1%   132 2016s
 653947 65284 infeasible  532         9.00000    8.00000  11.1%   133 2027s
 658415 63335 infeasible  734         9.00000    8.00000  11.1%   133 2040s
 662564 61579 infeasible  513         9.00000    8.00000  11.1%   133 2051s
 664714 57562 infeasible  587         9.00000    8.00000  11.1%   133 2068s
 670872 56587 infeasible  619         9.00000    8.00000  11.1%   134 2080s
 672173 53862    8.00000  982   71    9.00000    8.00000  11.1%   134 2094s
 677190 50618 infeasible  227         9.00000    8.00000  11.1%   134 2107s
 682068 49213 infeasible  807         9.00000    8.00000  11.1%   135 2120s
 685714 47020 infeasible  204         9.00000    8.00000  11.1%   135 2132s
 689741 45601 infeasible  185         9.00000    8.00000  11.1%   135 2145s
 692457 43161 infeasible  445         9.00000    8.00000  11.1%   135 2158s
 696316 40283 infeasible  700         9.00000    8.00000  11.1%   135 2171s
 701328 38527 infeasible  647         9.00000    8.00000  11.1%   136 2184s
 705289 36341 infeasible  374         9.00000    8.00000  11.1%   136 2196s
 709841 34457 infeasible  296         9.00000    8.00000  11.1%   136 2209s
 713511 32687 infeasible  397         9.00000    8.00000  11.1%   136 2221s
 717139 31467 infeasible  478         9.00000    8.00000  11.1%   137 2235s
 720579 29373 infeasible  349         9.00000    8.00000  11.1%   137 2248s
 725394 27575 infeasible  422         9.00000    8.00000  11.1%   137 2261s
 729778 25614 infeasible  504         9.00000    8.00000  11.1%   137 2273s
 733581 24335 infeasible  409         9.00000    8.00000  11.1%   137 2287s
 736026 22221    8.00000  403   64    9.00000    8.00000  11.1%   138 2299s
 740380 21089 infeasible  644         9.00000    8.00000  11.1%   138 2312s
 743948 19522 infeasible  623         9.00000    8.00000  11.1%   138 2327s
 748117 18927 infeasible  369         9.00000    8.00000  11.1%   138 2341s
 751716 17749 infeasible  448         9.00000    8.00000  11.1%   138 2354s
 754698 16385    8.00000  475   66    9.00000    8.00000  11.1%   138 2369s
 758714 15239 infeasible  388         9.00000    8.00000  11.1%   139 2383s
 761498 13678    8.00000   54   61    9.00000    8.00000  11.1%   139 2400s
 765395 12246 infeasible  439         9.00000    8.00000  11.1%   139 2416s
 770557 11450 infeasible  192         9.00000    8.00000  11.1%   139 2431s
 773415 10886 infeasible  362         9.00000    8.00000  11.1%   139 2447s
 775657  9543    8.00000  490   68    9.00000    8.00000  11.1%   139 2465s
 780482  8364 infeasible 1243         9.00000    8.00000  11.1%   139 2482s
 784727  7020    8.00000  220   64    9.00000    8.00000  11.1%   140 2499s
 789027  6250 infeasible 1648         9.00000    8.00000  11.1%   140 2511s
 791435  4527 infeasible  462         9.00000    8.00000  11.1%   140 2530s
 795930  3028 infeasible  566         9.00000    8.00000  11.1%   140 2546s
 800697  2505 infeasible  306         9.00000    8.00000  11.1%   140 2558s
 802702  2077 infeasible  524         9.00000    8.00000  11.1%   140 2568s
 805222  1727    8.00000  316   70    9.00000    8.00000  11.1%   141 2577s
 806526  1356 infeasible  436         9.00000    8.00000  11.1%   141 2585s
 808953  1030 infeasible 1337         9.00000    8.00000  11.1%   141 2590s
 809459   923    8.00000  403   74    9.00000    8.00000  11.1%   141 2595s
 811773   742 infeasible  560         9.00000    8.00000  11.1%   141 2603s
 812185   489    8.00000  463   66    9.00000    8.00000  11.1%   141 2606s
 813684    95 infeasible  420         9.00000    8.00000  11.1%   141 2613s

Cutting planes:
  Flow cover: 24

Explored 814334 nodes (114842323 simplex iterations) in 2614.90 seconds (5134.22 work units)
Thread count was 8 (of 40 available processors)

Solution count 10: 9 10 11 ... 51

Optimal solution found (tolerance 1.00e-04)
Best objective 9.000000000000e+00, best bound 9.000000000000e+00, gap 0.0000%

User-callback calls 2165767, time in user-callback 3.28 sec
[MIP] stage 1: fleet=9 (bound 9.0, gap 0.0, proven=True, limit=3447.0s, remaining=4279.7s)
Set parameter TimeLimit to value 4.2796867778301239e+03
Gurobi Optimizer version 12.0.3 build v12.0.3rc0 (linux64 - "Ubuntu 24.04.4 LTS")

CPU model: Intel(R) Xeon(R) Gold 6230 CPU @ 2.10GHz, instruction set [SSE2|AVX|AVX2|AVX512]
Thread count: 40 physical cores, 40 logical processors, using up to 8 threads

Non-default parameters:
TimeLimit  4.2796867778301239e+03
Seed  20260919
Threads  8

Optimize a model with 155 rows, 16931 columns and 360434 nonzeros
Model fingerprint: 0xb2efa9a7
Variable types: 0 continuous, 16931 integer (16931 binary)
Coefficient statistics:
  Matrix range     [1e+00, 1e+00]
  Objective range  [1e-11, 2e+02]
  Bounds range     [1e+00, 1e+00]
  RHS range        [1e+00, 9e+00]

Loaded user MIP start with objective 537.608
MIP start from previous solve did not produce a new incumbent solution

Presolve removed 0 rows and 155 columns
Presolve time: 0.48s
Presolved: 155 rows, 16776 columns, 357322 nonzeros
Variable types: 0 continuous, 16776 integer (16776 binary)

Root relaxation: objective 1.816048e+02, 1319 iterations, 0.71 seconds (1.34 work units)

    Nodes    |    Current Node    |     Objective Bounds      |     Work
 Expl Unexpl |  Obj  Depth IntInf | Incumbent    BestBd   Gap | It/Node Time

     0     0  181.60480    0  129  537.60800  181.60480  66.2%     -    1s
     0     0  181.75111    0  131  537.60800  181.75111  66.2%     -    4s
H    0     0                     522.9360000  181.75111  65.2%     -    4s
H    0     0                     521.6960000  181.75111  65.2%     -    6s
H    0     0                     511.0320000  181.75111  64.4%     -    7s
     0     0  184.03283    0  130  511.03200  184.03283  64.0%     -    8s
     0     0  185.75991    0  137  511.03200  185.75991  63.7%     -    9s
     0     0  186.19761    0  143  511.03200  186.19761  63.6%     -   10s
     0     0  186.27864    0  139  511.03200  186.27864  63.5%     -   10s
     0     0  187.44816    0  146  511.03200  187.44816  63.3%     -   11s
     0     0  187.66471    0  138  511.03200  187.66471  63.3%     -   11s
     0     0  187.79400    0  140  511.03200  187.79400  63.3%     -   11s
     0     0  187.80213    0  141  511.03200  187.80213  63.3%     -   11s
     0     0  187.82395    0  142  511.03200  187.82395  63.2%     -   11s
H    0     0                     502.5600000  187.82395  62.6%     -   12s
     0     0  188.05098    0  147  502.56000  188.05098  62.6%     -   12s
     0     0  188.06840    0  147  502.56000  188.06840  62.6%     -   12s
     0     0  188.08485    0  146  502.56000  188.08485  62.6%     -   13s
     0     0  188.15299    0  150  502.56000  188.15299  62.6%     -   13s
     0     0  188.17746    0  149  502.56000  188.17746  62.6%     -   14s
     0     0  188.20904    0  150  502.56000  188.20904  62.5%     -   14s
H    0     0                     471.6880000  188.20904  60.1%     -   16s
H    0     0                     467.1840000  188.27041  59.7%     -   16s
     0     0  188.27041    0  147  467.18400  188.27041  59.7%     -   16s
     0     0  188.29288    0  150  467.18400  188.29288  59.7%     -   17s
H    0     0                     463.0080000  188.31908  59.3%     -   17s
H    0     0                     462.5120000  188.31908  59.3%     -   17s
     0     0  188.31908    0  156  462.51200  188.31908  59.3%     -   17s
H    0     0                     444.3680000  188.31908  57.6%     -   17s
     0     0  188.32306    0  155  444.36800  188.32306  57.6%     -   17s
     0     2  188.51450    0  155  444.36800  188.51450  57.6%     -   23s
     7    16  188.64123    3  150  444.36800  188.60541  57.6%   290   25s
H   58    59                     430.1920000  188.66622  56.1%   149   26s
H  123   137                     429.6960000  188.66622  56.1%   104   28s
H  128   137                     415.0240000  188.66622  54.5%   101   28s
H  208   211                     413.0400000  188.66622  54.3%  82.1   28s
   279   286  189.98669   28  144  413.04000  188.66622  54.3%  73.9   30s
H  330   326                     385.4800000  188.66622  51.1%  71.3   33s
   471   503  190.47832   45  145  385.48000  188.66622  51.1%  63.8   35s
  1200  1270  192.52002   87  132  385.48000  188.66622  51.1%  50.1   40s
  1556  1549  193.29595  112  133  385.48000  188.66622  51.1%  46.8   45s
H 1588  1581                     363.3680000  188.66622  48.1%  47.0   48s
  1742  1813  193.74954  133  135  363.36800  188.66622  48.1%  46.1   50s
H 1858  1907                     352.2080000  188.66622  46.4%  45.6   51s
  2394  2521  194.83276  186  132  352.20800  188.66622  46.4%  42.7   55s
  3382  3609  197.14227  252  128  352.20800  188.66622  46.4%  39.0   60s
  4523  4716  198.84964  328  131  352.20800  188.66622  46.4%  36.0   65s
  4830  4898  199.13457  353  129  352.20800  188.66622  46.4%  35.7   70s
H 4883  4898                     339.0240000  188.66622  44.4%  35.6   70s
  6072  6330  200.05751  433  127  339.02400  188.66622  44.4%  33.4   75s
  7402  7373  233.65667  774  155  339.02400  188.66622  44.4%  32.3   82s
  7404  7374  199.27758  364  129  339.02400  188.66622  44.4%  32.3   90s
  7405  7375  197.72376  281  136  339.02400  188.66622  44.4%  32.2   96s
  7413  7380  267.07205  161  152  339.02400  188.66622  44.4%  32.2  101s
  7418  7384  228.96666  602  163  339.02400  188.66622  44.4%  32.2  105s
  7424  7388  235.50077  937  164  339.02400  189.24064  44.2%  32.2  117s
  7427  7395  189.24064   15  163  339.02400  189.24064  44.2%  32.7  120s
  7475  7433  189.73729   20  161  339.02400  189.24064  44.2%  34.1  125s
  7506  7454  190.31181   23  155  339.02400  189.24064  44.2%  35.9  130s
  7558  7489  190.51975   27  156  339.02400  189.24064  44.2%  38.5  135s
  7618  7527  197.90054   30  117  339.02400  189.24064  44.2%  40.7  140s
H 7622  7156                     329.1040000  189.24064  42.5%  40.8  140s
  7699  7211  191.58626   34  151  329.10400  189.24064  42.5%  43.4  146s
  7739  7229  206.47203   36  106  329.10400  189.24064  42.5%  44.8  150s
  7763  7246  191.77556   38  145  329.10400  189.24064  42.5%  45.7  155s
  7833  7303  191.90541   40  145  329.10400  189.24064  42.5%  47.7  161s
H 7843  6948                     323.3600000  189.24064  41.5%  47.9  161s
  7885  6996  201.87158   41   98  323.36000  189.24064  41.5%  49.2  165s
  7937  7028  192.05386   43  150  323.36000  189.24064  41.5%  50.6  174s
  7966  7049  192.75122   45  145  323.36000  189.24064  41.5%  51.7  182s
  8029  7096  215.09096   47  105  323.36000  189.24064  41.5%  54.0  188s
  8065  7118  193.03591   49  148  323.36000  189.24064  41.5%  55.0  190s
  8185  7199  193.41548   55  149  323.36000  189.24064  41.5%  58.8  197s
  8280  7260  193.65729   58  140  323.36000  189.24064  41.5%  61.2  201s
  8383  7341  200.21346   61  119  323.36000  189.24064  41.5%  64.0  206s
  8444  7352  194.25822   64  147  323.36000  189.24064  41.5%  65.4  211s
  8544  7443  194.33281   68  149  323.36000  189.24064  41.5%  68.0  216s
  8687  7550  194.84576   73  151  323.36000  189.24064  41.5%  71.3  222s
  8764  7602  195.02151   75  149  323.36000  189.24064  41.5%  72.8  226s
  8909  7629  195.36263   79  135  323.36000  189.24064  41.5%  76.1  234s
  8926  7638  199.60787   79  129  323.36000  189.24064  41.5%  76.6  239s
  8941  7694  195.38799   80  143  323.36000  189.24064  41.5%  76.9  243s
  9018  7739  195.66993   83  142  323.36000  189.24064  41.5%  78.4  248s
  9123  7800  195.85893   86  142  323.36000  189.24064  41.5%  80.4  252s
  9241  7862  196.03460   89  148  323.36000  189.24064  41.5%  82.5  256s
  9364  7913  205.36801   92  119  323.36000  189.24064  41.5%  84.8  260s
  9625  8035  196.50290   98  155  323.36000  189.24064  41.5%  89.2  269s
  9769  8081  196.68791  101  151  323.36000  189.24064  41.5%  91.5  273s
  9909  8144  196.96315  104  149  323.36000  189.24064  41.5%  93.5  280s
 10072  8187  197.39497  108  151  323.36000  189.24064  41.5%  95.8  285s
 10237  8226  197.62405  111  148  323.36000  189.24064  41.5%  97.7  290s
 10403  8290  197.68427  115  150  323.36000  189.24064  41.5%   100  296s
 10594  8349  198.05653  119  150  323.36000  189.24064  41.5%   102  301s
 10800  8391  198.32617  123  150  323.36000  189.24064  41.5%   104  307s
 11001  8398  198.62146  129  150  323.36000  189.24064  41.5%   105  314s
 11165  8389  199.01119  134  149  323.36000  189.24064  41.5%   107  322s
 11212  8458  209.98399  138  113  323.36000  189.24064  41.5%   108  330s
H11253  8111                     322.6160000  189.24064  41.3%   109  330s
 11392  8226  211.75725  144  111  322.61600  189.24064  41.3%   109  336s
 11653  8397  200.06011  150  153  322.61600  189.24064  41.3%   111  342s
 11930  8435  200.37658  156  151  322.61600  189.24064  41.3%   112  362s
 12074  8663  200.46778  159  145  322.61600  189.24064  41.3%   113  369s
 12376  8859  200.84917  163  150  322.61600  189.24064  41.3%   115  377s
 12703  9045  201.16922  169  149  322.61600  189.24064  41.3%   117  385s
 13046  9253  201.52260  175  148  322.61600  189.24064  41.3%   119  393s
 13434  9346  201.70277  180  148  322.61600  189.24064  41.3%   121  401s
 13749  9557  201.98912  186  152  322.61600  189.24064  41.3%   122  409s
 14219  9426  202.41840  192  149  322.61600  189.24064  41.3%   124  428s
H14220  9104                     320.6320000  189.24064  41.0%   124  428s
 14250  9416  202.41840  193  149  320.63200  189.24064  41.0%   124  436s
 14752  9591  202.64873  201  146  320.63200  189.24064  41.0%   125  448s
 15277  9649  202.92732  209  151  320.63200  189.24620  41.0%   126  454s
 15520  9992  203.11059  214  155  320.63200  189.24620  41.0%   127  462s
 15951 10279  226.71881  220  112  320.63200  189.24620  41.0%   126  469s
 16393 10311  203.68285  225  153  320.63200  189.24620  41.0%   126  476s
 16575 10745  211.57616  227  108  320.63200  189.24620  41.0%   126  484s
 17079 11119  203.96168  232  153  320.63200  189.24620  41.0%   125  492s
 17624 11516  204.42948  237  153  320.63200  189.24620  41.0%   124  499s
 18208 11977  204.90919  242  148  320.63200  189.24620  41.0%   123  507s
 18870 12427  205.09571  248  145  320.63200  189.24620  41.0%   122  513s
 19548 12854  205.73491  254  147  320.63200  189.24620  41.0%   120  521s
 20242 13124  206.13395  260  146  320.63200  189.24620  41.0%   119  529s
 20757 13197  206.76133  266  149  320.63200  189.24620  41.0%   118  536s
 21007 13680  229.51804  271  101  320.63200  189.24620  41.0%   119  545s
 21581 13676  228.79186  277  104  320.63200  189.24620  41.0%   119  554s
 21785 13911  207.57657  281  144  320.63200  189.24620  41.0%   120  563s
 22101 14451  207.82713  289  145  320.63200  189.24620  41.0%   121  574s
 22768 14237  208.44766  296  152  320.63200  189.24620  41.0%   120  588s
 22776 14513  222.59229  296  117  320.63200  189.24620  41.0%   120  600s
 23077 14762  208.69814  303  146  320.63200  189.24620  41.0%   120  610s
 23483 15423  209.26038  310  147  320.63200  189.24620  41.0%   119  620s
 24297 15690  210.42117  317  157  320.63200  189.24620  41.0%   119  630s
 24886 15751  210.82797  325  155  320.63200  190.11910  40.7%   119  707s
 25155 16248  212.12663  333  158  320.63200  190.11910  40.7%   121  718s
 25779 16806  212.44154  342  160  320.63200  190.11910  40.7%   121  730s
 26503 17505  213.97839  352  154  320.63200  190.11910  40.7%   122  742s
 27261 18296  215.60222  362  152  320.63200  190.11910  40.7%   122  755s
 28130 18427  216.77957  373  148  320.63200  190.11910  40.7%   123  771s
 28276 19388  243.53477  378  113  320.63200  190.11910  40.7%   124  785s
 29317 19389  250.23601  524  155  320.63200  190.11910  40.7%   123  873s
 29319 19390  243.91207 2195  129  320.63200  190.11910  40.7%   123  880s
 29320 19391  217.26907  184  129  320.63200  190.11910  40.7%   123  886s
 29330 19398  221.28793  327  152  320.63200  190.11910  40.7%   123  894s
 29332 19399  264.27186  584  148  320.63200  190.11910  40.7%   123  898s
 29333 19400  210.50339  948  154  320.63200  190.11910  40.7%   123  903s
 29336 19402  297.75876 2921  157  320.63200  190.11910  40.7%   123  908s
 29337 19402  289.91829 2634  157  320.63200  190.11910  40.7%   123  913s
 29340 19404  222.29522  430  161  320.63200  190.11910  40.7%   123  919s
 29341 19405  216.05141  111  161  320.63200  190.11910  40.7%   123  925s
 29344 19407  266.80396 1989  165  320.63200  190.11910  40.7%   123  930s
 29345 19408  301.46206 3064  165  320.63200  190.11910  40.7%   123  935s
 29346 19408  253.03477  317  165  320.63200  190.11910  40.7%   123  940s
 29361 19427  190.11910   30  153  320.63200  190.11910  40.7%   123  946s
 29397 19446  208.98764   32  103  320.63200  190.11910  40.7%   124  950s
 29436 19479  190.11910   35  157  320.63200  190.11910  40.7%   124  955s
 29476 19497  190.11910   38  162  320.63200  190.11910  40.7%   124  961s
 29518 19524  190.11910   41  158  320.63200  190.11910  40.7%   125  965s
 29574 19554  190.12547   44  152  320.63200  190.11910  40.7%   125  970s
 29616 19579  190.37069   46  147  320.63200  190.11910  40.7%   125  975s
 29714 19624  190.61343   50  149  320.63200  190.11910  40.7%   126  980s
 29794 19655  195.63300   52  125  320.63200  190.11910  40.7%   126  985s
*29817 18676              74     242.7760000  190.11910  21.7%   126  985s
 29919 18731  197.34139   56  107  242.77600  190.11910  21.7%   127  990s
 30088 18740  202.31010   60   99  242.77600  190.11910  21.7%   127  995s
 30312 18752  199.98565   64  100  242.77600  190.11910  21.7%   127 1001s
 30476 18742  205.23979   66  103  242.77600  190.11910  21.7%   128 1005s
 30637 18795  191.41995   71  146  242.77600  190.62936  21.5%   128 1011s
 30787 18836  191.65416   75  151  242.77600  190.62936  21.5%   128 1015s
 30949 18851  191.84849   79  143  242.77600  190.62936  21.5%   128 1021s
 31105 18885  191.92093   82  141  242.77600  190.62936  21.5%   128 1026s
 31261 18954  191.95126   86  145  242.77600  190.78765  21.4%   128 1032s
 31394 19044  219.20268   90  103  242.77600  190.78765  21.4%   129 1038s
 31460 19064  192.06260   91  146  242.77600  190.78765  21.4%   129 1042s
 31503 19066  192.10534   92  148  242.77600  190.78765  21.4%   129 1046s
 31520 19082  202.78385   94  111  242.77600  190.78765  21.4%   129 1050s
 31636 19253  198.58281   99   96  242.77600  190.78765  21.4%   129 1057s
 31762 19313  192.42663  102  142  242.77600  190.78765  21.4%   129 1061s
 31992 19414  192.60251  108  145  242.77600  190.85134  21.4%   130 1068s
 32088 19481  201.34312  111  109  242.77600  190.85134  21.4%   130 1072s
 32194 19545  192.78113  115  143  242.77600  190.85134  21.4%   130 1077s
 32303 19622  192.95500  118  138  242.77600  190.85134  21.4%   130 1081s
 32432 19692  192.98204  122  141  242.77600  190.85134  21.4%   130 1086s
 32562 19792  208.89615  125   91  242.77600  190.85134  21.4%   130 1090s
 32718 19815  202.75439  129  106  242.77600  190.85134  21.4%   130 1097s
 32799 19978  193.15592  130  140  242.77600  190.85134  21.4%   130 1102s
 33014 20047  193.37304  134  138  242.77600  190.85134  21.4%   130 1107s
 33214 20115  193.51010  139  137  242.77600  190.85134  21.4%   131 1113s
 33381 20209  193.63446  144  141  242.77600  190.85134  21.4%   131 1119s
 33570 20304  216.21639  149   93  242.77600  190.85134  21.4%   131 1125s
 33782 20424  193.96703  154  142  242.77600  190.85134  21.4%   131 1132s
 34042 20543  194.05589  159  140  242.77600  190.85134  21.4%   131 1139s
 34344 20643  194.17922  165  141  242.77600  190.85134  21.4%   131 1145s
 34677 20786  194.41896  171  135  242.77600  190.85134  21.4%   131 1152s
 35044 20965  194.59689  178  140  242.77600  190.99860  21.3%   131 1160s
 35354 21078  194.72300  186  139  242.77600  190.99860  21.3%   131 1167s
 35575 21282  194.84085  191  135  242.77600  190.99860  21.3%   131 1175s
 35869 21739  195.07210  199  139  242.77600  190.99860  21.3%   131 1184s
 36433 22210  195.16371  207  138  242.77600  190.99860  21.3%   131 1194s
 37106 22606  195.29283  216  134  242.77600  190.99860  21.3%   130 1203s
 37760 22470  195.40786  225  138  242.77600  190.99860  21.3%   129 1214s
 37842 22726  206.17846  225   88  242.77600  190.99860  21.3%   129 1291s
 38152 23092  195.41687  226  137  242.77600  190.99860  21.3%   128 1301s
 38656 23546  203.21028  226   82  242.77600  191.09155  21.3%   128 1310s
 39325 24119  195.53198  237  136  242.77600  191.09155  21.3%   128 1320s
 40204 24503  195.77277  247  135  242.77600  191.31921  21.2%   127 1331s
 40948 24892  196.03081  259  137  242.77600  191.31921  21.2%   127 1341s
 41610 25177  196.22271  271  139  242.77600  191.31921  21.2%   127 1351s
 42189 25524  196.43938  282  136  242.77600  191.31921  21.2%   127 1361s
 42793 25703  196.67760  294  135  242.77600  191.31921  21.2%   127 1374s
 43218 26074  206.67975  303   96  242.77600  191.31921  21.2%   128 1387s
 43805 26568  197.02352  318  133  242.77600  191.31921  21.2%   128 1402s
 44591 26990  197.25099  335  137  242.77600  191.31921  21.2%   129 1414s
 45401 27191  197.38787  349  142  242.77600  191.31921  21.2%   129 1427s
 46000 27498  197.58470  360  141  242.77600  191.31921  21.2%   129 1439s
 46769 27748  197.73370  372  139  242.77600  191.31921  21.2%   130 1451s
 47692 27965  197.90750  385  141  242.77600  192.14197  20.9%   130 1463s
 48311 28825  198.16034  398  141  242.77600  192.61257  20.7%   130 1475s
 49452 29637  198.39766  413  140  242.77600  192.61257  20.7%   129 1487s
 50749 30381  198.59973  427  139  242.77600  192.61257  20.7%   128 1498s
 51994 30624  198.79383  440  139  242.77600  192.61257  20.7%   127 1511s
 52746 30971  198.99166  449  139  242.77600  192.61257  20.7%   127 1521s
 53468 31516  199.18198  461  138  242.77600  192.64392  20.6%   127 1532s
 54339 32195  199.39231  474  138  242.77600  192.64392  20.6%   127 1543s
 55468 32460  199.54207  487  137  242.77600  192.64392  20.6%   127 1553s
 56267 32727  199.70089  499  139  242.77600  192.64392  20.6%   127 1564s
 56954 32931  199.92353  509  136  242.77600  192.64392  20.6%   127 1575s
 57679 33146  200.06224  521  139  242.77600  192.64392  20.6%   127 1584s
 58307 33720  200.19607  534  138  242.77600  193.88504  20.1%   128 1600s
 59269 34027  200.36993  551  138  242.77600  193.88504  20.1%   128 1615s
 60051 34631  200.60159  562  141  242.77600  193.88504  20.1%   128 1629s
 61289 34558  216.63626  576  101  242.77600  193.88504  20.1%   128 1640s
 61909 35094  200.83956  586  140  242.77600  193.92978  20.1%   128 1651s
 62887 35449  220.27330  600  103  242.77600  193.92978  20.1%   128 1664s
 63780 36135  201.31128  614  139  242.77600  193.92978  20.1%   127 1676s
 65136 36532  201.48461  625  136  242.77600  194.30151  20.0%   126 1686s
 66138 36950  201.65568  636  135  242.77600  194.30151  20.0%   126 1696s
 67021 37666  201.88770  648  135  242.77600  194.38145  19.9%   126 1706s
 68215 38234  202.10335  660  136  242.77600  194.38145  19.9%   125 1717s
 69337 38869  202.28747  672  133  242.77600  194.38145  19.9%   124 1727s
 70560 38778  202.57913  684  130  242.77600  194.38145  19.9%   124 1736s
 71046 39654  202.71155  694  131  242.77600  194.38145  19.9%   123 1746s
 72385 39970  203.04565  706  135  242.77600  194.38145  19.9%   123 1756s
 73776 41110  203.18138  717  138  242.77600  194.63260  19.8%   122 1771s
 75730 41360  203.39453  735  134  242.77600  195.11736  19.6%   120 1777s
 76677 41849  203.58439  743  133  242.77600  195.25723  19.6%   119 1783s
 77543 41872  203.69239  750  132  242.77600  195.25723  19.6%   119 1788s
 77895 42227  203.87046  758  135  242.77600  195.25723  19.6%   119 1793s
 78380 42616  203.99387  765  136  242.77600  195.25723  19.6%   119 1800s
 78958 43128  204.09446  773  135  242.77600  195.25723  19.6%   119 1807s
 79706 43403  204.19580  781  132  242.77600  195.46733  19.5%   118 1814s
 80251 43823  204.26861  789  131  242.77600  195.46733  19.5%   118 1821s
 80875 44223  204.49181  799  128  242.77600  195.46733  19.5%   118 1828s
 81523 44680  204.70342  809  134  242.77600  195.46733  19.5%   118 1835s
 82222 45290  204.91818  819  137  242.77600  195.46733  19.5%   118 1844s
 83121 45567  205.02217  829  134  242.77600  195.55899  19.4%   118 1852s
 83726 46203  212.94067  838  107  242.77600  195.55899  19.4%   117 1860s
 84634 46786  205.28001  848  136  242.77600  195.57213  19.4%   117 1868s
 85581 47593  205.43085  858  133  242.77600  195.57213  19.4%   117 1875s
 86485 48297  205.72765  868  135  242.77600  195.57213  19.4%   116 1883s
 87231 49372  205.94165  877  133  242.77600  195.57213  19.4%   116 1892s
 88387 51080  206.12148  887  134  242.77600  195.57213  19.4%   115 1908s
 90292 51766  206.76582  904  132  242.77600  195.70563  19.4%   114 1914s
 91070 52114  223.85564  909   96  242.77600  195.70563  19.4%   114 1920s
 91505 52586  207.01393  917  136  242.77600  195.70563  19.4%   114 1925s
 92114 53134  207.16250  926  131  242.77600  195.70563  19.4%   114 1932s
 92862 53573  207.34819  935  129  242.77600  195.70563  19.4%   114 1939s
 93713 54064  207.75230  944  136  242.77600  195.70563  19.4%   114 1945s
 94362 54533  236.20101  953  106  242.77600  195.88297  19.3%   114 1952s
 95063 55150  208.22534  962  128  242.77600  195.88297  19.3%   114 1958s
 95857 55582  208.44051  972  126  242.77600  195.93194  19.3%   114 1964s
 96305 56548  208.56573  978  130  242.77600  195.93194  19.3%   113 1971s
 97332 57498  208.76466  989  133  242.77600  195.93194  19.3%   113 1979s
 98320 58255  209.22379 1000  130  242.77600  195.93194  19.3%   113 1987s
 99130 59089  209.51763 1010  133  242.77600  195.93194  19.3%   112 1994s
 100044 59876  209.76938 1020  134  242.77600  195.93194  19.3%   112 2001s
 100913 60701  210.02716 1029  133  242.77600  195.93194  19.3%   112 2008s
 101959 60960  226.07036 1038  108  242.77600  195.93194  19.3%   111 2014s
 102341 61298  210.44594 1047  133  242.77600  195.93194  19.3%   112 2021s
 102856 61934  210.79798 1058  132  242.77600  195.93194  19.3%   112 2033s
 103766 62758  211.22445 1074  132  242.77600  196.14884  19.2%   112 2043s
 104725 63721  228.94312 1087  106  242.77600  196.14884  19.2%   112 2053s
 105849 64563  212.12352 1100  133  242.77600  196.14884  19.2%   112 2063s
 106943 65429  212.90611 1112  134  242.77600  196.14884  19.2%   111 2071s
 108249 66430  213.15388 1123  132  242.77600  196.23706  19.2%   111 2079s
 109279 67372  213.57128 1131  135  242.77600  196.23706  19.2%   110 2087s
 110265 68150  213.87102 1139  137  242.77600  196.23706  19.2%   110 2094s
 111129 68916  214.04350 1148  136  242.77600  196.31533  19.1%   110 2102s
 111969 69640  214.49486 1157  133  242.77600  196.34528  19.1%   110 2108s
 112758 70314  214.85435 1167  136  242.77600  196.36295  19.1%   109 2114s
 113472 70808  215.23100 1177  138  242.77600  196.36295  19.1%   109 2121s
 113975 71764  215.51087 1184  134  242.77600  196.36295  19.1%   109 2129s
 114960 72514  215.73485 1193  133  242.77600  196.36295  19.1%   109 2136s
 115800 72870  216.50618 1203  137  242.77600  196.36295  19.1%   108 2142s
 116320 73446  216.84820 1211  136  242.77600  196.39641  19.1%   108 2148s
 116924 74172  217.17298 1221  137  242.77600  196.39641  19.1%   108 2155s
 117676 75242  218.14977 1230  134  242.77600  196.39641  19.1%   108 2168s
 118800 76464  218.98877 1243  135  242.77600  196.39641  19.1%   108 2177s
 120088 77008  219.32700 1255  130  242.77600  196.41574  19.1%   108 2185s
 120847 77538  219.85717 1266  135  242.77600  196.41574  19.1%   107 2192s
 121537 77822  220.52201 1276  136  242.77600  196.41574  19.1%   107 2198s
 121957 78246  220.92100 1286  136  242.77600  196.53964  19.0%   108 2205s
 122627 78771  221.45716 1298  138  242.77600  196.53964  19.0%   108 2214s
 123583 79276  237.36922 1307   99  242.77600  196.61601  19.0%   107 2222s
 124180 80056  222.46034 1318  135  242.77600  196.61601  19.0%   108 2230s
 124999 81401  222.94811 1330  138  242.77600  196.61601  19.0%   107 2239s
 126430 82049  223.68491 1342  139  242.77600  196.61601  19.0%   107 2247s
 127146 83126  224.29435 1352  137  242.77600  196.61601  19.0%   107 2255s
 128283 83629  225.21858 1363  138  242.77600  196.61601  19.0%   106 2262s
 128909 84107  225.86499 1376  138  242.77600  196.68651  19.0%   106 2268s
 129449 84627  226.78423 1388  141  242.77600  196.68651  19.0%   106 2275s
 130070 85137  227.74228 1403  137  242.77600  196.68651  19.0%   106 2283s
 130680 85797  229.48075 1417  134  242.77600  196.68651  19.0%   106 2291s
 131507 86410     cutoff 1434       242.77600  196.68651  19.0%   106 2299s
 132346 87713  213.22159   54   86  242.77600  196.69864  19.0%   106 2311s
 133929 88334  209.24298   66   77  242.77600  196.69864  19.0%   106 2317s
 134723 89006  216.50404  191   92  242.77600  196.69864  19.0%   105 2323s
 135742 90026  219.63440  367   94  242.77600  196.74230  19.0%   105 2329s
 136826 91085  223.12554  571   89  242.77600  196.74230  19.0%   105 2336s
 137962 91666  227.23218  805   92  242.77600  196.74230  19.0%   104 2341s
 138630 92425  231.53827 1091   93  242.77600  196.74230  19.0%   104 2347s
 139485 93361  235.38426 1379   93  242.77600  196.81770  18.9%   104 2352s
 140508 94026  216.27129   78   79  242.77600  196.81770  18.9%   103 2357s
 141262 94744  232.35816  257   88  242.77600  196.81770  18.9%   103 2362s
 142137 95259  213.19187   90   94  242.77600  196.81770  18.9%   103 2367s
 142704 95999  220.99283  210  105  242.77600  196.81770  18.9%   103 2372s
 143510 97034  227.01153  397  103  242.77600  196.81770  18.9%   103 2378s
 144612 97751  237.21146  663  100  242.77600  196.81770  18.9%   102 2383s
 145395 98499  202.51811   89  119  242.77600  196.90329  18.9%   102 2389s
 146231 98806  209.52527  124  105  242.77600  196.90329  18.9%   102 2393s
 146625 99252  212.60416  224  108  242.77600  196.90329  18.9%   102 2397s
 147131 100479  216.95955  366  106  242.77600  196.90329  18.9%   102 2410s
 148490 101358  228.28182  728  102  242.77600  196.90329  18.9%   101 2416s
 149494 101815  202.23884  116  125  242.77600  196.90329  18.9%   101 2421s
 150049 102528  207.17852  189  130  242.77600  196.90329  18.9%   101 2428s
 150856 102879  213.93844  282  126  242.77600  196.90329  18.9%   101 2433s
 151311 103387  219.41539  326  130  242.77600  196.90329  18.9%   101 2440s
 151972 104127  231.10261  420  128  242.77600  196.90329  18.9%   101 2446s
 152862 104888  217.50178  101   77  242.77600  196.92865  18.9%   101 2453s
 153787 105809  234.32388  236  105  242.77600  196.92865  18.9%   101 2460s
 154852 106963  212.19731   81   86  242.77600  196.92865  18.9%   100 2468s
 156154 108031  225.65758  336   93  242.77600  196.92865  18.9%   100 2475s
 157428 108738     cutoff  688       242.77600  196.94115  18.9%   100 2481s
 158321 109525  205.12338  105  122  242.77600  196.94115  18.9%  99.3 2487s
 159283 110243  208.27143  184  127  242.77600  196.94115  18.9%  99.1 2493s
 160197 111042  210.19267  266  128  242.77600  196.94115  18.9%  98.9 2499s
 161189 112039  212.01493  353  128  242.77600  196.94115  18.9%  98.7 2507s
 162481 113081  213.66916  431  125  242.77600  196.94115  18.9%  98.3 2517s
 164018 113745  216.67794  608  130  242.77600  196.98527  18.9%  98.0 2523s
 164818 114408  218.56064  710  125  242.77600  196.98527  18.9%  97.9 2528s
 165678 114994  221.34010  823  118  242.77600  196.98527  18.9%  97.7 2534s
 166448 115684  224.54635  932  114  242.77600  197.01837  18.8%  97.6 2539s
 167318 116447  228.94306 1075  116  242.77600  197.01837  18.8%  97.4 2545s
 168273 117481  237.28663 1224  115  242.77600  197.01837  18.8%  97.1 2552s
 169605 118162  237.08109  276   88  242.77600  197.01837  18.8%  96.7 2557s
 170685 118597  237.22762  208   54  242.77600  197.01837  18.8%  96.4 2561s
 171420 119213  216.45493  173   92  242.77600  197.01837  18.8%  96.3 2566s
 172059 120263  221.48926  281   98  242.77600  197.01837  18.8%  96.1 2572s
 173158 121047  227.26576  466  101  242.77600  197.01837  18.8%  95.7 2577s
 173986 121552  236.10278  728   89  242.77600  197.01837  18.8%  95.5 2581s
 174568 122188  215.00413  128   84  242.77600  197.01837  18.8%  95.4 2586s
 175236 122955  226.39621  304   91  242.77600  197.01837  18.8%  95.3 2591s
 176068 123500  208.62595   96   98  242.77600  197.01837  18.8%  95.1 2595s
 176660 124016  215.21973  206  100  242.77600  197.01837  18.8%  95.0 2600s
 177241 125546  218.57166  342  102  242.77600  197.01837  18.8%  94.9 2610s
 178914 126568  226.63715  727  105  242.77600  197.01837  18.8%  94.5 2615s
 180008 127650  230.90658  990  100  242.77600  197.01837  18.8%  94.1 2620s
 181204 128360  235.71695 1315   98  242.77600  197.01837  18.8%  93.8 2625s
 182698 129571  212.38888   69  108  242.77600  197.27673  18.7%  93.4 2633s
 183477 130267  222.46069  190   99  242.77600  197.28535  18.7%  93.2 2638s
 184264 130961  236.07108  442   98  242.77600  197.28535  18.7%  93.0 2642s
 185125 131794  200.59354   73  126  242.77600  197.28535  18.7%  92.8 2647s
 186145 132440  201.90546  115  124  242.77600  197.28535  18.7%  92.5 2652s
 187069 133313  203.45501  178  124  242.77600  197.28535  18.7%  92.3 2656s
 187993 133932  205.19279  240  123  242.77600  197.33423  18.7%  92.0 2660s
 189341 135274  207.69632  353  131  242.77600  197.35509  18.7%  91.7 2669s
 190158 136068  208.98135  427  129  242.77600  197.35509  18.7%  91.5 2674s
 190970 136695  210.48433  509  130  242.77600  197.35509  18.7%  91.3 2678s
 191603 137462  212.24863  595  126  242.77600  197.35509  18.7%  91.1 2682s
 192370 139074  213.90178  690  126  242.77600  197.35509  18.7%  90.9 2692s
 194060 139854  218.13846  866  124  242.77600  197.39321  18.7%  90.5 2696s
 194855 141037  220.89001  971  120  242.77600  197.39321  18.7%  90.3 2702s
 196094 141802  225.29098 1117  113  242.77600  197.40896  18.7%  90.0 2706s
 196879 142743  229.96610 1238  114  242.77600  197.40896  18.7%  89.8 2711s
 197857 143493  218.24471   63   79  242.77600  197.40896  18.7%  89.6 2715s
 198627 144444  227.51629  203   87  242.77600  197.40896  18.7%  89.4 2720s
 200602 146411  237.94750  700   90  242.77600  197.40896  18.7%  88.9 2729s
 201619 146967  206.13660   91  109  242.77600  197.44844  18.7%  88.6 2733s
 202175 147715  210.49559  139  117  242.77600  197.44844  18.7%  88.5 2737s
 202926 148587  217.86197  205  112  242.77600  197.44844  18.7%  88.3 2741s
 203833 149318  235.37393  257  108  242.77600  197.44844  18.7%  88.1 2746s
 204663 149759  215.48847  129   96  242.77600  197.45375  18.7%  88.0 2750s
 205803 150500  208.92079  113  107  242.77600  197.55179  18.6%  87.8 2758s
 206234 151138  229.63122  155   89  242.77600  197.55204  18.6%  87.8 2762s
 206964 152891  215.42570   95   92  242.77600  197.56757  18.6%  87.6 2773s
 208769 153600  227.78621  376  100  242.77600  197.56757  18.6%  87.3 2777s
 209497 154657  232.69923  531  102  242.77600  197.56757  18.6%  87.1 2782s
 210662 155462  213.68434   95   81  242.77600  197.59873  18.6%  86.9 2786s
 211496 156175  230.40423  278   80  242.77600  197.59873  18.6%  86.7 2790s
 213214 158199  236.24316  301   87  242.77600  197.61033  18.6%  86.3 2799s
 214302 159130  206.47727  108   85  242.77600  197.61033  18.6%  86.1 2804s
 215315 159441  235.29158  304   85  242.77600  197.61033  18.6%  85.9 2807s
 215980 159775  207.23933   87  112  242.77600  197.65658  18.6%  85.8 2811s
 216955 160352  208.17445   97  110  242.77600  197.65658  18.6%  85.8 2817s
 217095 160747  220.15546   99   69  242.77600  197.65658  18.6%  85.9 2821s
 217607 161165  208.95104  104  111  242.77600  197.67883  18.6%  85.9 2825s
 218479 161370  209.64127  115  118  242.77600  197.67883  18.6%  85.9 2833s
 218528 161404  209.80349  119  117  242.77600  197.67883  18.6%  85.9 2836s
 218595 161558  210.03453  125  120  242.77600  197.67883  18.6%  86.0 2840s
 218879 161971  210.30187  130  117  242.77600  197.67883  18.6%  86.0 2845s
 220194 162827  210.64889  141  113  242.77600  197.67883  18.6%  86.0 2854s
 221115 163127  210.76302  147  115  242.77600  197.67883  18.6%  85.9 2858s
 221807 164439  210.85973  151  115  242.77600  197.67883  18.6%  85.8 2868s
 223459 165015  211.24552  162  114  242.77600  197.69883  18.6%  85.6 2873s
 224274 165438  211.45512  169  116  242.77600  197.69883  18.6%  85.5 2877s
 224906 166388  228.68697  169   80  242.77600  197.69883  18.6%  85.4 2882s
 226073 166900  211.58727  175  118  242.77600  197.76289  18.5%  85.2 2887s
 226647 167391  211.75740  180  117  242.77600  197.76289  18.5%  85.1 2892s
 227301 167874  212.03252  187  118  242.77600  197.77451  18.5%  85.0 2896s
 227850 168427  212.21384  194  119  242.77600  197.77451  18.5%  85.0 2900s
 228414 169186  212.41862  201  116  242.77600  197.77451  18.5%  85.0 2905s
 229193 169956  212.55129  207  121  242.77600  197.77451  18.5%  84.8 2911s
 229998 170747  212.86318  214  127  242.77600  197.77451  18.5%  84.7 2917s
 230852 171284  213.01287  220  123  242.77600  197.77451  18.5%  84.6 2921s
 231505 172341  213.21211  226  117  242.77600  197.77451  18.5%  84.6 2927s
 232638 172985  213.42558  233  118  242.77600  197.81667  18.5%  84.4 2932s
 233330 173932  213.75400  240  125  242.77600  197.81667  18.5%  84.3 2938s
 234334 174929  214.03211  247  127  242.77600  197.81667  18.5%  84.1 2943s
 235371 175793  214.18060  255  123  242.77600  197.83152  18.5%  83.9 2949s
 236337 177194  214.34323  261  121  242.77600  197.83152  18.5%  83.8 2958s
 237793 178016  215.18653  272  122  242.77600  197.83152  18.5%  83.5 2963s
 238713 178997  215.41547  278  121  242.77600  197.85207  18.5%  83.4 2970s
 240480 180440  215.60800  290  123  242.77600  197.88270  18.5%  83.2 2979s
 241318 181226  215.81441  296  119  242.77600  197.88270  18.5%  83.0 2984s
 242155 182026  215.91758  302  123  242.77600  197.89892  18.5%  82.9 2989s
 243001 182974  215.99870  308  119  242.77600  197.89892  18.5%  82.8 2994s
 243978 183810  216.12498  314  122  242.77600  197.89892  18.5%  82.6 3000s
 245520 185123  216.37948  326  118  242.77600  197.93766  18.5%  82.4 3008s
 246234 186045  216.58853  333  121  242.77600  197.93766  18.5%  82.3 3013s
 247180 186952  216.79887  339  124  242.77600  197.93766  18.5%  82.2 3018s
 248148 187498  217.01352  345  125  242.77600  197.93766  18.5%  82.1 3023s
 248799 188084  217.13012  351  122  242.77600  197.93766  18.5%  82.0 3027s
 249710 188473  217.32197  358  124  242.77600  197.98020  18.5%  82.0 3032s
 250274 189266  217.49725  363  120  242.77600  197.98020  18.5%  81.9 3037s
 251254 190880  236.33757  370   94  242.77600  197.98020  18.5%  81.8 3046s
 253043 191550     cutoff  382       242.77600  197.98020  18.5%  81.5 3050s
 253822 192242  218.09305  389  120  242.77600  197.98020  18.5%  81.4 3055s
 254592 192838  218.20782  395  122  242.77600  197.98020  18.5%  81.3 3060s
 255878 194330  218.49265  408  123  242.77600  197.98020  18.5%  81.2 3069s
 256906 195142  218.59511  415  125  242.77600  197.98020  18.5%  81.0 3074s
 257804 196000  218.83831  421  124  242.77600  198.04667  18.4%  80.9 3078s
 258789 196602     cutoff  427       242.77600  198.04667  18.4%  80.8 3083s
 259466 197441  219.17856  434  125  242.77600  198.06714  18.4%  80.7 3088s
 260496 198061  219.28813  440  120  242.77600  198.06714  18.4%  80.5 3092s
 261215 198755  219.48906  446  118  242.77600  198.11271  18.4%  80.4 3097s
 261929 199279  219.70566  453  123  242.77600  198.11498  18.4%  80.3 3102s
 262632 200097  219.85247  459  120  242.77600  198.11856  18.4%  80.2 3106s
 263457 200897  220.03568  466  128  242.77600  198.11856  18.4%  80.1 3111s
 264334 201500  220.16144  473  125  242.77600  198.11856  18.4%  80.0 3115s
 264964 202235  220.45974  480  119  242.77600  198.11856  18.4%  79.9 3120s
 265747 203349  220.60247  487  123  242.77600  198.11856  18.4%  79.8 3129s
 266950 204065  221.01915  502  124  242.77600  198.11856  18.4%  79.7 3134s
 267693 205022  221.32650  511  124  242.77600  198.11856  18.4%  79.7 3140s
 268816 205841  231.33999  521  103  242.77600  198.11856  18.4%  79.6 3146s
 269707 206677  221.85498  531  127  242.77600  198.13253  18.4%  79.5 3151s
 270640 207402  222.04343  544  120  242.77600  198.13253  18.4%  79.4 3156s
 271471 208142  222.23816  554  120  242.77600  198.13253  18.4%  79.3 3161s
 272309 209047  222.40615  564  118  242.77600  198.13253  18.4%  79.3 3167s
 273326 209789  222.57422  576  121  242.77600  198.13253  18.4%  79.2 3172s
 274310 209860  222.89921  585  121  242.77600  198.13253  18.4%  79.1 3176s
 274398 210022     cutoff  590       242.77600  198.13253  18.4%  79.1 3180s
 274629 210478  228.45879  591   96  242.77600  198.19746  18.4%  79.0 3185s
 275313 211087  223.13943  595  122  242.77600  198.21682  18.4%  79.0 3190s
 276141 211992  223.38700  607  120  242.77600  198.23820  18.3%  78.9 3196s
 277078 212781  223.56127  619  117  242.77600  198.23820  18.3%  78.8 3201s
 277905 213852  223.74676  631  119  242.77600  198.25697  18.3%  78.7 3207s
 279007 214831     cutoff  642       242.77600  198.25697  18.3%  78.5 3213s
 280082 215871  224.45134  655  120  242.77600  198.25697  18.3%  78.4 3218s
 281199 217619  224.68358  668  123  242.77600  198.25697  18.3%  78.2 3228s
 283055 218215  225.21641  690  121  242.77600  198.25697  18.3%  78.0 3232s
 283675 218946  225.39021  697  126  242.77600  198.25697  18.3%  77.9 3236s
 284450 219747  225.54472  707  124  242.77600  198.25697  18.3%  77.8 3240s
 285290 220445  225.76256  717  121  242.77600  198.25697  18.3%  77.7 3245s
 286020 221472  225.97592  728  120  242.77600  198.25697  18.3%  77.6 3250s
 287590 222299  226.52000  754  125  242.77600  198.28573  18.3%  77.5 3257s
 288041 222820  226.76554  766  125  242.77600  198.28573  18.3%  77.5 3261s
 288601 223364  227.06967  778  123  242.77600  198.31235  18.3%  77.4 3266s
 289171 223959  227.50590  794  121  242.77600  198.31235  18.3%  77.4 3270s
 290416 225290  228.67913  830  117  242.77600  198.33998  18.3%  77.2 3279s
 291232 225591  229.13602  849  120  242.77600  198.33998  18.3%  77.1 3286s
 291587 226352     cutoff  871       242.77600  198.33998  18.3%  77.1 3291s
 292408 227108  230.76194  895  116  242.77600  198.33998  18.3%  77.0 3296s
 293218 227911  231.43760  923  114  242.77600  198.33998  18.3%  76.9 3301s
 294088 228855  232.96488  956  113  242.77600  198.33998  18.3%  76.8 3308s
 295160 229438  235.92424 1001  111  242.77600  198.34352  18.3%  76.7 3312s
 295889 230960  214.16671   53  103  242.77600  198.34533  18.3%  76.6 3320s
 297452 231581  226.58127  285  106  242.77600  198.34533  18.3%  76.4 3325s
 298099 232573  233.19756  447  104  242.77600  198.34533  18.3%  76.4 3330s
 299106 233499  207.44874  117   94  242.77600  198.34533  18.3%  76.2 3335s
 300757 235261  215.60609  270  101  242.77600  198.36034  18.3%  76.0 3344s
 301878 236087  232.69043  445   90  242.77600  198.36034  18.3%  75.9 3349s
 302814 236608  222.64938  199   73  242.77600  198.40749  18.3%  75.8 3353s
 303423 237270  211.19976  139   98  242.77600  198.41962  18.3%  75.8 3356s
 304103 238189  216.94202  202  102  242.77600  198.41962  18.3%  75.7 3361s
 305097 239356  222.75316  293  114  242.77600  198.43106  18.3%  75.6 3365s
 306264 240534  240.53018  498  104  242.77600  198.43106  18.3%  75.4 3370s
 307463 241594  236.65740  120   84  242.77600  198.44565  18.3%  75.2 3375s
 308597 242291  231.78053   59   63  242.77600  198.47140  18.2%  75.1 3380s
 310227 243911  216.88668  205  100  242.77600  198.47140  18.2%  74.9 3388s
 311140 245537  220.72931  297   98  242.77600  198.47140  18.2%  74.8 3398s
 312888 246232  227.72573  511   96  242.77600  198.47140  18.2%  74.6 3402s
 313739 246915  234.07731  701   98  242.77600  198.47140  18.2%  74.5 3407s
 314647 247429  204.46746  133  145  242.77600  198.47140  18.2%  74.4 3411s
 315719 248307  207.23134  199  141  242.77600  198.48758  18.2%  74.4 3417s
 316240 248996  208.37039  239  138  242.77600  198.48758  18.2%  74.3 3422s
 316999 249622  210.48522  278  135  242.77600  198.52260  18.2%  74.3 3426s
 317676 250294  215.45234  310  138  242.77600  198.52260  18.2%  74.2 3430s
 319188 251764  224.93517  385  132  242.77600  198.52260  18.2%  74.1 3438s
 320056 252656  229.10658  438  141  242.77600  198.53042  18.2%  74.0 3443s
 320964 253752  234.83993  502  134  242.77600  198.53042  18.2%  73.9 3449s
 322074 254733  210.98600   81   81  242.77600  198.53042  18.2%  73.8 3454s
 323090 255553  211.48405   88   93  242.77600  198.53042  18.2%  73.7 3458s
 323957 256365  211.86030   95   86  242.77600  198.53635  18.2%  73.6 3463s
 324769 257276  235.08864  102   63  242.77600  198.53635  18.2%  73.6 3468s
 325707 258780  212.44851  110   94  242.77600  198.53635  18.2%  73.5 3477s
 327266 259312  212.87225  124   93  242.77600  198.53635  18.2%  73.3 3482s
 327843 259887  213.21395  131   96  242.77600  198.53635  18.2%  73.3 3486s
 328449 260542  213.30588  138   93  242.77600  198.53635  18.2%  73.3 3491s
 329190 261108  213.62564  148   92  242.77600  198.53635  18.2%  73.2 3496s
 329833 261607  213.86965  157   93  242.77600  198.55818  18.2%  73.2 3501s
 330388 262075  226.42373  166   64  242.77600  198.58336  18.2%  73.2 3506s
 330862 262421  214.35299  178   96  242.77600  198.58336  18.2%  73.2 3511s
 331240 262790  214.57829  189   92  242.77600  198.58336  18.2%  73.3 3516s
 331648 263419  215.05707  202   90  242.77600  198.58336  18.2%  73.4 3523s
 332300 263826  215.31004  214   95  242.77600  198.58514  18.2%  73.4 3528s
 332762 264439  215.70585  228   94  242.77600  198.58804  18.2%  73.5 3535s
 333400 264812  216.14726  241   94  242.77600  198.58804  18.2%  73.5 3541s
 333811 265358  216.41302  253   95  242.77600  198.58804  18.2%  73.5 3547s
 334387 266127  216.76249  268   99  242.77600  198.58804  18.2%  73.6 3554s
 335228 266432  217.10849  283   98  242.77600  198.58804  18.2%  73.6 3560s
 335575 267038  217.26961  290   98  242.77600  198.58804  18.2%  73.7 3568s
 336260 267673  217.41888  307   97  242.77600  198.60743  18.2%  73.7 3576s
 336960 267989  217.72671  321   98  242.77600  198.60743  18.2%  73.8 3582s
 337406 268437  217.97737  337   96  242.77600  198.61478  18.2%  73.9 3588s
 337942 269143  218.16902  354   97  242.77600  198.61478  18.2%  74.0 3596s
 338744 269478  218.46091  370   99  242.77600  198.61478  18.2%  74.0 3602s
 339235 269679  218.82210  388   94  242.77600  198.61478  18.2%  74.1 3608s
 339559 270048  239.90374  399   62  242.77600  198.61478  18.2%  74.2 3614s
 340048 270453  220.37135  420   95  242.77600  198.61478  18.2%  74.3 3621s
 340575 270959  221.05599  441   98  242.77600  198.61478  18.2%  74.4 3629s
 341222 271302  221.47389  462  100  242.77600  198.61478  18.2%  74.5 3637s
 341775 271890  221.96079  484  101  242.77600  198.61478  18.2%  74.6 3647s
 342653 272239  222.57498  520  100  242.77600  198.61478  18.2%  74.7 3657s
 343218 272935  230.53545  546   72  242.77600  198.61478  18.2%  74.8 3668s
 344396 273186  223.70983  584  100  242.77600  198.61478  18.2%  74.9 3677s
 345199 273613     cutoff  626       242.77600  198.61478  18.2%  75.1 3687s
 346485 274036  225.51841  676   98  242.77600  198.61478  18.2%  75.2 3695s
 347389 274972     cutoff  719       242.77600  198.62732  18.2%  75.2 3705s
 348511 275835  227.72608  772   98  242.77600  198.62732  18.2%  75.2 3713s
 349629 276542  228.97560  833   96  242.77600  198.62732  18.2%  75.2 3721s
 350583 276996  229.89648  894  101  242.77600  198.62732  18.2%  75.2 3730s
 351450 277612  230.44250  935   97  242.77600  198.62732  18.2%  75.3 3739s
 352382 278033     cutoff 1005       242.77600  198.62732  18.2%  75.4 3747s
 353248 278507  233.22777 1088   95  242.77600  198.63538  18.2%  75.4 3755s
 354373 278974     cutoff 1211       242.77600  198.63538  18.2%  75.5 3764s
 355589 279374  238.01482 1384   89  242.77600  198.68010  18.2%  75.5 3771s
 356630 279822  213.38891  154   81  242.77600  198.69780  18.2%  75.5 3777s
 357288 280823  221.67436  295   91  242.77600  198.70301  18.2%  75.5 3784s
 358601 281896  228.88521  529  104  242.77600  198.70301  18.2%  75.4 3790s
 359728 282248  241.65643  860   93  242.77600  198.72392  18.1%  75.3 3795s
 360157 283056  239.29045  166   55  242.77600  198.72392  18.1%  75.3 3801s
 361040 284025  219.99640  225   84  242.77600  198.72392  18.1%  75.3 3807s
 362120 284543  226.61677  405   87  242.77600  198.72392  18.1%  75.2 3813s
 362738 285312  232.99466  578   91  242.77600  198.74408  18.1%  75.1 3819s
 363781 285673  204.72082   83  106  242.77600  198.74493  18.1%  75.1 3823s
 364258 286241  207.79414  129  108  242.77600  198.74493  18.1%  75.1 3829s
 364986 286948  205.90537   90  125  242.77600  198.74493  18.1%  75.1 3835s
 365959 287374  207.79062  141  129  242.77600  198.74493  18.1%  75.0 3840s
 366739 287986  209.32180  198  134  242.77600  198.75741  18.1%  75.0 3846s
 367521 288552  210.53678  255  133  242.77600  198.75741  18.1%  75.0 3852s
 368301 289210  212.12491  327  131  242.77600  198.78375  18.1%  75.0 3858s
 369077 289740  213.50825  394  132  242.77600  198.78592  18.1%  74.9 3863s
 369627 290314  214.71103  463  131  242.77600  198.78592  18.1%  74.9 3869s
 370235 290911  216.22322  539  126  242.77600  198.79139  18.1%  74.9 3876s
 370860 291746  218.90438  646  124  242.77600  198.79139  18.1%  74.9 3885s
 371723 292756  223.11603  837  121  242.77600  198.79139  18.1%  75.0 3894s
 372803 293904  230.70660 1074  117  242.77600  198.79139  18.1%  75.0 3903s
 374014 294507  218.63553  206   93  242.77600  198.79139  18.1%  74.9 3910s
 374698 295648  224.59669  292  102  242.77600  198.81022  18.1%  74.9 3919s
 375904 296480  238.74159  680  100  242.77600  198.82637  18.1%  74.9 3926s
 376792 297469  220.18375  266   75  242.77600  198.82637  18.1%  74.9 3934s
 377845 298316  235.00539  717   84  242.77600  198.82637  18.1%  74.8 3942s
 378753 299191  231.28135  193   94  242.77600  198.83044  18.1%  74.8 3949s
 379717 299700  207.16233   89   90  242.77600  198.83044  18.1%  74.8 3956s
 380315 300380  207.63686  101   93  242.77600  198.83044  18.1%  74.8 3963s
 381065 300712  208.82643  113   88  242.77600  198.83044  18.1%  74.9 3974s
 381520 300922  209.65978  127   93  242.77600  198.83723  18.1%  74.9 3979s
 381787 301015  210.56249  140   91  242.77600  198.83723  18.1%  75.0 3987s
 381942 301294  211.33993  150   93  242.77600  198.83723  18.1%  75.0 3992s
 382315 301834  212.39742  166   92  242.77600  198.83723  18.1%  75.1 4000s
 382974 302305  213.51058  184   99  242.77600  198.83723  18.1%  75.2 4007s
 383568 302731  215.11398  206   99  242.77600  198.83723  18.1%  75.3 4014s
 384166 303416  216.42714  232   98  242.77600  198.83723  18.1%  75.3 4024s
 385018 303756  218.96206  266   95  242.77600  198.83723  18.1%  75.4 4031s
 385588 304487     cutoff  314       242.77600  198.83874  18.1%  75.4 4041s
 386837 305031  228.19691   56   76  242.77600  198.85973  18.1%  75.5 4048s
 387537 305928  219.46440  194  105  242.77600  198.85973  18.1%  75.5 4056s
 388610 306947  230.99962  543  108  242.77600  198.85973  18.1%  75.5 4065s
 389798 307863  204.76088  134  116  242.77600  198.85973  18.1%  75.5 4074s
 390944 308078  212.78668  216  115  242.77600  198.85973  18.1%  75.4 4080s
 391415 308230  220.74521  315  115  242.77600  198.86016  18.1%  75.5 4085s
 391921 308589  233.09233  401  117  242.77600  198.86016  18.1%  75.6 4092s
 392667 308995  208.17853  131   89  242.77600  198.86016  18.1%  75.6 4098s
 393549 309497  214.39436  268   91  242.77600  198.86016  18.1%  75.7 4105s
 394428 310298  224.22817  506   95  242.77600  198.87128  18.1%  75.7 4112s
 395617 311190  217.36040   55   79  242.77600  198.87128  18.1%  75.7 4119s
 396763 312182  222.86845   78   95  242.77600  198.87128  18.1%  75.6 4127s
 397924 312620  234.90013  330  105  242.77600  198.87128  18.1%  75.6 4133s
 398541 313655  212.28273  161   96  242.77600  198.87128  18.1%  75.6 4141s
 399802 314169  237.09576  112   98  242.77600  198.87128  18.1%  75.5 4148s
 400656 314783  206.20662  225  115  242.77600  198.87128  18.1%  75.6 4155s
 401551 315729  200.43696  233  129  242.77600  198.90019  18.1%  75.6 4163s
 402687 316483  200.83164  241  131  242.77600  198.90019  18.1%  75.6 4170s
 403669 316804  211.82452  248   86  242.77600  198.90019  18.1%  75.6 4176s
 404302 317225  218.35635  254   78  242.77600  198.90019  18.1%  75.6 4181s
 404960 317337  201.40814  261  124  242.77600  198.90949  18.1%  75.6 4188s
 405157 317507  201.69167  268  126  242.77600  198.90949  18.1%  75.7 4194s
 405417 318246  201.87994  276  132  242.77600  198.90949  18.1%  75.7 4201s
 406321 318875  227.66117  284   78  242.77600  198.90949  18.1%  75.7 4207s
 407164 319933  202.28889  293  125  242.77600  198.90949  18.1%  75.7 4215s
 408530 320558  202.55452  301  122  242.77600  198.90949  18.1%  75.6 4222s
 409320 321242  202.76170  307  130  242.77600  198.94409  18.1%  75.6 4228s
 410057 322391  202.93842  315  126  242.77600  198.94409  18.1%  75.6 4236s
 411252 323160  203.18280  324  126  242.77600  198.95811  18.0%  75.5 4242s
 412076 323920  236.01046  331   88  242.77600  198.95811  18.0%  75.5 4249s
 412973 324346  203.50255  339  130  242.77600  198.95811  18.0%  75.4 4254s
 413793 325137  203.65556  348  123  242.77600  198.97502  18.0%  75.4 4260s
 414635 326216  203.94830  356  125  242.77600  198.97502  18.0%  75.4 4269s
 415798 326895  233.33476  365   84  242.77600  198.97502  18.0%  75.4 4274s
 416590 327624  204.28811  372  125  242.77600  198.98398  18.0%  75.3 4279s

Cutting planes:
  MIR: 19
  Flow cover: 141
  Zero half: 2

Explored 417388 nodes (31438404 simplex iterations) in 4279.76 seconds (8960.90 work units)
Thread count was 8 (of 40 available processors)

Solution count 10: 242.776 320.632 322.616 ... 413.04

Time limit reached
Best objective 2.427760000000e+02, best bound 1.989839761458e+02, gap 18.0380%

User-callback calls 1605330, time in user-callback 5.66 sec
[MIP] status=TIME_LIMIT(9) buses=9 obj=900242.776 gap=0.18038036648697123 -> /home/nc437/ladder-lite/diving_pricing_20260919/results/c3_k08/control_arm_b/586638_r0/result.json
