
Gurobi 12.0.3 (linux64) logging started Tue Sep 22 01:58:54 2026

Set parameter LogFile to value "/home/nc437/ladder-lite/mip_structure_20260922/results/c1_k15_sequential/presparsify1/730250_r0/gurobi.log"
Set parameter Threads to value 8
Set parameter Seed to value 0
Set parameter MIPGap to value 0.0001
Set parameter PreSparsify to value 1
Set parameter TimeLimit to value 1800
Gurobi Optimizer version 12.0.3 build v12.0.3rc0 (linux64 - "Ubuntu 24.04.4 LTS")

CPU model: Intel(R) Xeon(R) Gold 6230 CPU @ 2.10GHz, instruction set [SSE2|AVX|AVX2|AVX512]
Thread count: 40 physical cores, 40 logical processors, using up to 8 threads

Non-default parameters:
TimeLimit  1800
PreSparsify  1
Threads  8

Optimize a model with 364 rows, 130468 columns and 3541122 nonzeros
Model fingerprint: 0x900c7b58
Variable types: 0 continuous, 130468 integer (130468 binary)
Coefficient statistics:
  Matrix range     [1e+00, 1e+00]
  Objective range  [1e+00, 1e+00]
  Bounds range     [1e+00, 1e+00]
  RHS range        [1e+00, 1e+00]

Loaded user MIP start with objective 87

Presolve removed 0 rows and 572 columns (presolve time = 5s)...
Presolve removed 0 rows and 572 columns (presolve time = 10s)...
Presolve removed 0 rows and 572 columns (presolve time = 15s)...
Sparsify removed 772751 nonzeros (22%)
Presolve removed 0 rows and 444 columns
Presolve time: 16.86s
Presolved: 364 rows, 130024 columns, 2758850 nonzeros
Found heuristic solution: objective 88.0000000
Variable types: 0 continuous, 130024 integer (129896 binary)
Found heuristic solution: objective 86.0000000

Root simplex log...

Iteration    Objective       Primal Inf.    Dual Inf.      Time
       0    0.0000000e+00   1.490000e+02   0.000000e+00     18s

Starting sifting (using dual simplex for sub-problems)...

    Iter     Pivots    Primal Obj      Dual Obj        Time
       0          0     infinity      0.0000000e+00     18s
       1        128   2.3500025e+07   3.2413824e+00     18s
       2       1683   1.9437068e+01   7.3192216e+00     18s
       3       3230   1.7400830e+01   8.0934602e+00     18s
       4       4781   1.6268648e+01   1.0138702e+01     18s
       5       7972   1.5120284e+01   1.2185460e+01     19s
       6       9468   1.5000000e+01   1.5000000e+01     19s

Sifting complete

    9468    1.5000000e+01   0.000000e+00   0.000000e+00     19s

Root relaxation: objective 1.500000e+01, 9468 iterations, 1.82 seconds (2.13 work units)

    Nodes    |    Current Node    |     Objective Bounds      |     Work
 Expl Unexpl |  Obj  Depth IntInf | Incumbent    BestBd   Gap | It/Node Time

     0     0   15.00000    0  216   86.00000   15.00000  82.6%     -   34s
H    0     0                      39.0000000   15.00000  61.5%     -   34s
H    0     0                      25.0000000   15.00000  40.0%     -   37s
H    0     0                      22.0000000   15.00000  31.8%     -   38s
H    0     0                      20.0000000   15.00000  25.0%     -   47s
H    0     0                      18.0000000   15.00000  16.7%     -   53s
H    0     0                      17.0000000   15.00000  11.8%     -   63s
     0     0   15.00000    0  211   17.00000   15.00000  11.8%     -   83s
     0     0   15.00000    0  216   17.00000   15.00000  11.8%     -  170s
     0     0   15.00000    0  214   17.00000   15.00000  11.8%     -  199s
     0     0   15.00000    0  220   17.00000   15.00000  11.8%     -  238s
     0     0   15.00000    0  223   17.00000   15.00000  11.8%     -  256s
     0     0   15.00000    0  223   17.00000   15.00000  11.8%     -  272s
     0     2   15.00000    0  223   17.00000   15.00000  11.8%     -  314s
     1     4   15.00000    1  227   17.00000   15.00000  11.8%  4750  317s
     3     8   15.00000    2  215   17.00000   15.00000  11.8%  1921  322s
     7    16   15.00000    3  205   17.00000   15.00000  11.8%  1280  327s
    15    24   15.00000    4  201   17.00000   15.00000  11.8%   988  331s
    23   118   15.00000    5  237   17.00000   15.00000  11.8%   928  347s
   117   160   15.00000   20  246   17.00000   15.00000  11.8%  5025  369s
   159   168   15.00000   22  250   17.00000   15.00000  11.8%  4151  415s
H  160   168                      16.0000000   15.00000  6.25%  4125  416s
   168   159   15.00000   10  223   16.00000   15.00000  6.25%  4917  458s
   170   160   15.00000   13  158   16.00000   15.00000  6.25%  4859  620s
   171   161   15.00000   10  155   16.00000   15.00000  6.25%  4830  730s
   172   162   15.00000   23  156   16.00000   15.00000  6.25%  4802  750s
   173   162   15.00000   16  161   16.00000   15.00000  6.25%  4775  827s
   174   163   15.00000   23  161   16.00000   15.00000  6.25%  4747  849s
   175   164   15.00000   13  156   16.00000   15.00000  6.25%  4720  908s
   176   164   15.00000   21  158   16.00000   15.00000  6.25%  4693  912s
   177   165   15.00000   14  144   16.00000   15.00000  6.25%  4667  943s
   178   166   15.00000   12  169   16.00000   15.00000  6.25%  4640  948s
   179   166   15.00000   21  136   16.00000   15.00000  6.25%  4614  979s
   180   167   15.00000   20  136   16.00000   15.00000  6.25%  4589 1085s
   181   171   15.00000   15  224   16.00000   15.00000  6.25%  1763 1110s
   183   174   15.00000   16  225   16.00000   15.00000  6.25%  1751 1116s
   187   179   15.00000   17  212   16.00000   15.00000  6.25%  1729 1122s
   195   184   15.00000   18  219   16.00000   15.00000  6.25%  1696 1125s
   203   214   15.00000   19  239   16.00000   15.00000  6.25%  1652 1142s
   240   224   15.00000   22  166   16.00000   15.00000  6.25%  1721 1157s
   268   218 infeasible   24        16.00000   15.00000  6.25%  1910 1186s
   281   237 infeasible   25        16.00000   15.00000  6.25%  1924 1221s
   321   247 infeasible   26        16.00000   15.00000  6.25%  1997 1286s
   386   239   15.00000   27  243   16.00000   15.00000  6.25%  2105 1373s
   464   267   15.00000   32  233   16.00000   15.00000  6.25%  2401 1482s
   580   526 infeasible   40        16.00000   15.00000  6.25%  2260 1629s
  1207   679   15.00000   65  229   16.00000   15.00000  6.25%  2659 1779s
* 1358   617              49      15.0000000   15.00000  0.00%  2625 1779s

Cutting planes:
  Flow cover: 3

Explored 1930 nodes (5283249 simplex iterations) in 1779.47 seconds (3010.59 work units)
Thread count was 8 (of 40 available processors)

Solution count 10: 15 16 17 ... 87

Optimal solution found (tolerance 1.00e-04)
Best objective 1.500000000000e+01, best bound 1.500000000000e+01, gap 0.0000%

User-callback calls 267875, time in user-callback 1.63 sec
