[MIP] physical pool preparation: 26942 valid recorded, 0 repaired, 0 rejected, 23.193s
[MIP] pool: 26942 columns over 167 trips (instance scale_ladder/instances/nested_probability_k2_15_20260908/Practice_Custom_DutyUnion_k08_p05_20260908.csv, soc_step=2.5, certified=True)
[MIP] coverage: min 868 / median 3833 / max 6706 columns per trip
[MIP] strict-feasibility seed: 167 exact singleton columns (one per trip)
[MIP] greedy feasible MIP start: 42 buses
Set parameter LicenseID to value 2674428
Set parameter GURO_PAR_SPECIAL
Set parameter TokenServer to value "en-cc-unicorn-data-dirs.coecis.cornell.edu"
Set parameter LogFile to value "/home/nc437/ladder-lite/review_witness_columns_20260917/results/c5_k08/control/391808_r0/gurobi.log"
Set parameter OutputFlag to value 1
Set parameter TimeLimit to value 3600
Set parameter MIPGap to value 0.0001
Set parameter Threads to value 8
Set parameter TimeLimit to value 1800
Gurobi Optimizer version 12.0.3 build v12.0.3rc0 (linux64 - "Ubuntu 24.04.4 LTS")

CPU model: Intel(R) Xeon(R) Gold 6348 CPU @ 2.60GHz, instruction set [SSE2|AVX|AVX2|AVX512]
Thread count: 56 physical cores, 56 logical processors, using up to 8 threads

Non-default parameters:
TimeLimit  1800
Threads  8

Optimize a model with 167 rows, 26942 columns and 613255 nonzeros
Model fingerprint: 0xd986cbf4
Variable types: 0 continuous, 26942 integer (26942 binary)
Coefficient statistics:
  Matrix range     [1e+00, 1e+00]
  Objective range  [1e+00, 1e+00]
  Bounds range     [1e+00, 1e+00]
  RHS range        [1e+00, 1e+00]

Loaded user MIP start with objective 42

Presolve removed 0 rows and 329 columns
Presolve time: 0.53s
Presolved: 167 rows, 26613 columns, 607815 nonzeros
Variable types: 0 continuous, 26613 integer (26613 binary)

Starting sifting (using dual simplex for sub-problems)...

    Iter     Pivots    Primal Obj      Dual Obj        Time
       0          0     infinity      0.0000000e+00      1s
       1        333   9.2767177e+00   3.8908886e+00      1s
       2        961   9.1173946e+00   5.5730278e+00      1s
       3       1774   8.7353727e+00   6.5475685e+00      1s
       4       2599   8.3654847e+00   7.0070964e+00      1s
       5       3513   8.0693960e+00   7.3026589e+00      1s
       6       4114   8.0000000e+00   8.0000000e+00      1s

Sifting complete


Root relaxation: objective 8.000000e+00, 4114 iterations, 0.21 seconds (0.32 work units)

    Nodes    |    Current Node    |     Objective Bounds      |     Work
 Expl Unexpl |  Obj  Depth IntInf | Incumbent    BestBd   Gap | It/Node Time

     0     0    8.00000    0   67   42.00000    8.00000  81.0%     -    1s
H    0     0                      17.0000000    8.00000  52.9%     -    1s
H    0     0                      14.0000000    8.00000  42.9%     -    1s
H    0     0                      13.0000000    8.00000  38.5%     -    1s
H    0     0                      12.0000000    8.00000  33.3%     -    1s
H    0     0                      11.0000000    8.00000  27.3%     -    1s
H    0     0                      10.0000000    8.00000  20.0%     -    2s
     0     0    8.00000    0   85   10.00000    8.00000  20.0%     -    5s
     0     0    8.00000    0   91   10.00000    8.00000  20.0%     -   10s
     0     0    8.00000    0   78   10.00000    8.00000  20.0%     -   13s
     0     0    8.00000    0   88   10.00000    8.00000  20.0%     -   14s
     0     0    8.00000    0   84   10.00000    8.00000  20.0%     -   16s
     0     0    8.00000    0   86   10.00000    8.00000  20.0%     -   16s
H    0     0                       9.0000000    8.00000  11.1%     -   19s
     0     0    8.00000    0   81    9.00000    8.00000  11.1%     -   20s
     0     0    8.00000    0   80    9.00000    8.00000  11.1%     -   20s
     0     0    8.00000    0   79    9.00000    8.00000  11.1%     -   23s
     0     0    8.00000    0   78    9.00000    8.00000  11.1%     -   23s
     0     0    8.00000    0   77    9.00000    8.00000  11.1%     -   24s
     0     0    8.00000    0   77    9.00000    8.00000  11.1%     -   25s
     0     2    8.00000    0   77    9.00000    8.00000  11.1%     -   27s
     2     3    8.00000    1   77    9.00000    8.00000  11.1%  5438   32s
     4     4    8.00000    1   69    9.00000    8.00000  11.1%  2719   37s
     5     5    8.00000    1   66    9.00000    8.00000  11.1%  2175   43s
     7     6    8.00000    1   77    9.00000    8.00000  11.1%  1554   47s
     9     8    8.00000    1   83    9.00000    8.00000  11.1%  1208   50s
    15    12    8.00000    1   66    9.00000    8.00000  11.1%   725   55s
    20    15    8.00000    1   65    9.00000    8.00000  11.1%   544   60s
    27    21    8.00000    1   69    9.00000    8.00000  11.1%  5106   65s
    41    33    8.00000   23   75    9.00000    8.00000  11.1%  4394   70s
   266    72    8.00000   45   78    9.00000    8.00000  11.1%   862   75s
   469   229    8.00000   59   87    9.00000    8.00000  11.1%   550   80s
  1561   144    8.00000   77   76    9.00000    8.00000  11.1%   302   85s
  2378   172    8.00000  115   86    9.00000    8.00000  11.1%   252   90s
  3273   352    8.00000  172   78    9.00000    8.00000  11.1%   218   95s
  4491   454    8.00000  163   76    9.00000    8.00000  11.1%   195  101s
  5495   517    8.00000  170   74    9.00000    8.00000  11.1%   187  105s
  6083   603    8.00000  239   81    9.00000    8.00000  11.1%   181  110s
  7207   174 infeasible  191         9.00000    8.00000  11.1%   173  115s
  7998   286    8.00000  197   83    9.00000    8.00000  11.1%   174  120s
  9545   632    8.00000  237   81    9.00000    8.00000  11.1%   166  126s
 10667  1017    8.00000  345   87    9.00000    8.00000  11.1%   164  131s
 12121   492 infeasible  471         9.00000    8.00000  11.1%   164  137s
 12608   387 infeasible  422         9.00000    8.00000  11.1%   166  142s
 13205   468 infeasible  426         9.00000    8.00000  11.1%   166  147s
 14155     0 infeasible  324         9.00000    8.00000  11.1%   167  151s

Cutting planes:
  Flow cover: 2

Explored 14224 nodes (2521738 simplex iterations) in 151.16 seconds (395.66 work units)
Thread count was 8 (of 56 available processors)

Solution count 8: 9 10 11 ... 42

Optimal solution found (tolerance 1.00e-04)
Best objective 9.000000000000e+00, best bound 9.000000000000e+00, gap 0.0000%

User-callback calls 60544, time in user-callback 0.12 sec
[MIP] stage 1: fleet=9 (bound 9.0, gap 0.0, proven=True, limit=1800.0s, remaining=3448.4s)
Set parameter TimeLimit to value 3.4484256885051727e+03
Gurobi Optimizer version 12.0.3 build v12.0.3rc0 (linux64 - "Ubuntu 24.04.4 LTS")

CPU model: Intel(R) Xeon(R) Gold 6348 CPU @ 2.60GHz, instruction set [SSE2|AVX|AVX2|AVX512]
Thread count: 56 physical cores, 56 logical processors, using up to 8 threads

Non-default parameters:
TimeLimit  3.4484256885051727e+03
Threads  8

Optimize a model with 168 rows, 26942 columns and 640197 nonzeros
Model fingerprint: 0x0062e932
Variable types: 0 continuous, 26942 integer (26942 binary)
Coefficient statistics:
  Matrix range     [1e+00, 1e+00]
  Objective range  [1e+01, 2e+02]
  Bounds range     [1e+00, 1e+00]
  RHS range        [1e+00, 9e+00]

Loaded user MIP start with objective 596.024
MIP start from previous solve did not produce a new incumbent solution

Presolve removed 0 rows and 8 columns
Presolve time: 0.60s
Presolved: 168 rows, 26934 columns, 640030 nonzeros
Variable types: 0 continuous, 26934 integer (26934 binary)

Starting sifting (using dual simplex for sub-problems)...

    Iter     Pivots    Primal Obj      Dual Obj        Time
       0          0     infinity      0.0000000e+00      1s
       1        789   1.2626328e+06   3.6219519e+01      1s
       2       1495   5.3480649e+02   2.0656214e+02      1s
       3       2257   4.4584951e+02   3.0979388e+02      1s
       4       2985   4.1062925e+02   3.6734793e+02      1s
       5       3751   4.0719709e+02   3.9595518e+02      1s

Sifting complete


Root relaxation: objective 4.069329e+02, 4274 iterations, 0.29 seconds (0.54 work units)

    Nodes    |    Current Node    |     Objective Bounds      |     Work
 Expl Unexpl |  Obj  Depth IntInf | Incumbent    BestBd   Gap | It/Node Time

     0     0  406.93288    0  139  596.02400  406.93288  31.7%     -    0s
H    0     0                     595.5280000  406.93288  31.7%     -    1s
H    0     0                     571.1440000  406.93288  28.8%     -    1s
H    0     0                     569.9040000  406.93288  28.6%     -    1s
     0     0  407.21276    0  142  569.90400  407.21276  28.5%     -    3s
H    0     0                     554.4880000  407.37147  26.5%     -    6s
     0     0  407.37147    0  141  554.48800  407.37147  26.5%     -    6s
     0     0  407.73499    0  147  554.48800  407.73499  26.5%     -    7s
     0     0  407.93279    0  146  554.48800  407.93279  26.4%     -    7s
     0     0  408.20776    0  150  554.48800  408.20776  26.4%     -    8s
     0     0  408.28767    0  149  554.48800  408.28767  26.4%     -    8s
     0     0  408.43033    0  154  554.48800  408.43033  26.3%     -    8s
     0     0  408.66606    0  153  554.48800  408.66606  26.3%     -    8s
     0     0  408.84798    0  153  554.48800  408.84798  26.3%     -    8s
     0     0  409.12339    0  154  554.48800  409.12339  26.2%     -    8s
     0     0  409.22768    0  155  554.48800  409.22768  26.2%     -    9s
     0     0  409.28747    0  154  554.48800  409.28747  26.2%     -    9s
     0     0  409.32153    0  158  554.48800  409.32153  26.2%     -    9s
     0     0  409.33160    0  155  554.48800  409.33160  26.2%     -    9s
     0     0  409.83073    0  154  554.48800  409.83073  26.1%     -   10s
     0     0  409.97502    0  159  554.48800  409.97502  26.1%     -   10s
     0     0  410.10037    0  166  554.48800  410.10037  26.0%     -   10s
     0     0  410.13591    0  165  554.48800  410.13591  26.0%     -   10s
     0     0  410.14448    0  167  554.48800  410.14448  26.0%     -   11s
     0     0  410.15373    0  167  554.48800  410.15373  26.0%     -   11s
     0     0  410.15373    0  168  554.48800  410.15373  26.0%     -   11s
     0     0  410.28171    0  167  554.48800  410.28171  26.0%     -   11s
     0     0  410.33254    0  167  554.48800  410.33254  26.0%     -   12s
     0     0  410.42494    0  171  554.48800  410.42494  26.0%     -   12s
     0     0  410.44078    0  171  554.48800  410.44078  26.0%     -   12s
     0     0  410.50330    0  172  554.48800  410.50330  26.0%     -   12s
     0     0  410.63043    0  173  554.48800  410.63043  25.9%     -   13s
     0     0  410.66580    0  181  554.48800  410.66580  25.9%     -   14s
     0     0  410.70430    0  180  554.48800  410.70430  25.9%     -   14s
     0     0  410.70430    0  182  554.48800  410.70430  25.9%     -   14s
     0     0  410.70527    0  180  554.48800  410.70527  25.9%     -   15s
     0     2  410.70527    0  180  554.48800  410.70527  25.9%     -   17s
     7    16  410.79377    3  178  554.48800  410.74666  25.9%   379   20s
   161   170  411.82626   21  180  554.48800  410.81446  25.9%  93.6   25s
   257   266  412.22721   33  179  554.48800  410.81446  25.9%  78.9   30s
   378   385  412.45442   41  177  554.48800  410.81446  25.9%  82.7   36s
H  402   406                     537.4640000  410.81446  23.6%  81.8   38s
   580   630  412.90684   60  176  537.46400  410.81446  23.6%  73.3   40s
  1053  1152  413.89625  100  170  537.46400  410.81446  23.6%  64.1   45s
  1925  2087  414.87411  145  175  537.46400  410.81446  23.6%  52.5   50s
  2605  2748  415.49873  174  167  537.46400  410.81446  23.6%  46.8   55s
H 3103  3181                     532.7520000  410.81446  22.9%  45.0   58s
  3609  3832  416.62037  234  166  532.75200  410.81446  22.9%  43.4   61s
  3855  3866  416.84550  248  171  532.75200  410.81446  22.9%  42.6   66s
  3920  3943  416.86118  251  168  532.75200  410.81446  22.9%  42.5   71s
  4254  4457  416.97383  260  172  532.75200  410.81446  22.9%  41.4   75s
  5052  5294  417.65075  317  166  532.75200  410.81446  22.9%  39.3   80s
  6002  6404  418.36788  368  171  532.75200  410.81446  22.9%  37.6   85s
  7116  7434  419.01007  413  167  532.75200  410.81446  22.9%  36.0   91s
  7446  7436  468.79988   68  139  532.75200  410.81446  22.9%  35.5   98s
  7447  7437  436.59888  109  146  532.75200  410.81446  22.9%  35.5  108s
  7449  7438  474.17506  267  141  532.75200  410.81446  22.9%  35.5  110s
  7465  7449  493.97038 1004  169  532.75200  410.81446  22.9%  35.4  117s
  7477  7457  485.83595  668  179  532.75200  410.95931  22.9%  35.4  121s
  7482  7460  467.67121  147  189  532.75200  411.15100  22.8%  35.3  127s
  7483  7461  455.00138   27  191  532.75200  411.18021  22.8%  35.3  130s
  7488  7464  450.83619  113  187  532.75200  412.08125  22.7%  35.3  145s
  7495  7478  412.08125   13  188  532.75200  412.08125  22.7%  36.7  150s
  7546  7510  424.27393   17  124  532.75200  412.08125  22.7%  38.8  156s
H 7573  7145                     472.0800000  412.08125  12.7%  39.9  158s
  7576  7154  412.08125   19  182  472.08000  412.08125  12.7%  40.1  160s
  7668  7163  412.08125   23  189  472.08000  412.08125  12.7%  42.8  167s
  7711  7167  412.08125   25  188  472.08000  412.08125  12.7%  43.9  170s
* 7768  6804              40     465.8000000  412.08125  11.5%  44.9  172s
  7797  6816  416.96582   28  151  465.80000  412.08125  11.5%  45.6  175s
  7923  6856  412.37801   33  182  465.80000  412.37801  11.5%  48.6  181s
H 7986  6515                     452.9040000  412.42559  8.94%  50.0  182s
  8031  6529  412.54317   36  181  452.90400  412.54317  8.91%  50.6  185s
  8207  6551  412.85847   40  182  452.90400  412.85847  8.84%  53.0  190s
H 8257  6230                     452.6560000  412.87239  8.79%  53.8  192s
  8337  6248  413.00199   43  177  452.65600  413.00199  8.76%  54.5  195s
  8620  6223  413.24269   48  174  452.65600  413.24269  8.71%  56.7  201s
  8896  6407  413.33322   51  176  452.65600  413.33322  8.69%  58.7  206s
  9181  6557  425.79914   53  136  452.65600  413.39967  8.67%  60.0  210s
  9614  6676  413.50725   58  185  452.65600  413.50725  8.65%  61.9  217s
  9805  6752  413.81900   62  181  452.65600  413.81900  8.58%  63.7  221s
 10180  6947  413.92714   66  183  452.65600  413.92714  8.56%  65.1  228s
 10363  7083  413.98856   68  180  452.65600  413.98856  8.54%  65.7  231s
 10932  7407  414.14802   72  179  452.65600  414.14802  8.51%  66.6  237s
 11304  7559  414.20901   74  181  452.65600  414.20901  8.49%  66.7  240s
 12131  7795  424.67437   79  128  452.65600  414.35360  8.46%  66.9  247s
 12596  7748  436.19382   81  137  452.65600  414.45985  8.44%  66.7  250s
 13388  8307  414.54226   86  177  452.65600  414.54226  8.42%  66.4  258s
 14027  8529  414.59112   88  178  452.65600  414.59112  8.41%  65.4  262s
 14635  8327  450.66819  680  180  452.65600  414.64713  8.40%  64.6  329s
 14637  8328  435.64879  570  139  452.65600  414.64713  8.40%  64.6  334s
 14638  8329  441.75274  360  141  452.65600  414.64713  8.40%  64.6  344s
 14639  8330  434.61536  526  138  452.65600  414.64713  8.40%  64.6  345s
 14662  8345  427.68563  121  173  452.65600  414.64713  8.40%  64.5  350s
 14664  8346  435.30016  582  181  452.65600  414.64713  8.40%  64.4  355s
 14672  8352  448.66445  597  190  452.65600  414.64713  8.40%  64.4  360s
 14674  8356  414.64713   24  187  452.65600  414.64713  8.40%  65.0  365s
 14737  8368  420.78137   29  126  452.65600  414.64713  8.40%  65.8  370s
 14847  8363  430.82262   32  123  452.65600  414.64713  8.40%  66.7  375s
 14983  8376  414.64713   36  188  452.65600  414.64713  8.40%  67.8  380s
 15148  8375  432.09365   39  130  452.65600  414.64713  8.40%  68.9  385s
 15328  8378  414.64713   43  187  452.65600  414.64713  8.40%  69.8  390s
 15565  8368  414.64713   47  189  452.65600  414.64713  8.40%  70.6  395s
 15611  8371  414.64713   49  190  452.65600  414.64713  8.40%  71.0  400s
 15763  8378  434.87333   51  119  452.65600  414.64713  8.40%  71.7  406s
 15878  8401  414.64713   53  186  452.65600  414.64713  8.40%  72.4  410s
 16083  8465  420.74754   54  127  452.65600  414.64713  8.40%  73.0  415s
 16494  8493  414.64713   57  182  452.65600  414.64713  8.40%  73.6  420s
 16801  8613  414.64713   60  187  452.65600  414.64713  8.40%  74.2  425s
 17124  8654  432.30332   63  119  452.65600  414.64713  8.40%  75.1  431s
 17269  8682  433.24246   65  115  452.65600  414.64713  8.40%  75.9  436s
 17438  8824  414.64713   67  184  452.65600  414.64713  8.40%  76.5  441s
 17861  8920  414.64713   70  191  452.65600  414.64713  8.40%  77.4  445s
 18398  9130  414.64713   74  182  452.65600  414.64713  8.40%  78.0  450s
 19062  9313  414.64713   78  184  452.65600  414.64713  8.40%  78.4  455s
 19835  9538  414.64713   82  183  452.65600  414.64713  8.40%  78.5  461s
 20295  9639  414.64713   86  177  452.65600  414.64713  8.40%  79.1  467s
 20635  9837  414.64713   88  179  452.65600  414.64713  8.40%  79.2  471s
 21164 10090  431.89623   91  136  452.65600  414.64713  8.40%  79.1  478s
 21749 10530  414.64713   92  176  452.65600  414.64713  8.40%  78.5  482s
 22634 10797  419.14535   94  147  452.65600  414.64713  8.40%  77.6  486s
 23605 11033  414.64713   97  187  452.65600  414.64713  8.40%  76.6  490s
 25673 11500  414.64713  103  176  452.65600  414.64713  8.40%  74.6  497s
 26865 11604  414.76209  106  189  452.65600  414.76209  8.37%  73.8  501s
 28362 11792  415.26033  112  186  452.65600  415.26033  8.26%  73.3  508s
 29183 12384  415.35834  115  186  452.65600  415.35834  8.24%  73.0  515s
 31151 12903  415.62016  121  188  452.65600  415.62016  8.18%  72.0  521s
 33178 13767  415.72624  125  188  452.65600  415.72624  8.16%  70.2  528s
 34279 14463  415.76806  127  185  452.65600  415.76806  8.15%  69.1  531s
 35400 15252  415.79687  129  187  452.65600  415.79687  8.14%  68.0  535s
 37743 15880  415.87211  133  188  452.65600  415.87211  8.13%  65.8  541s
 38922 16057  430.86526  136  128  452.65600  415.93296  8.11%  65.8  546s
 40315 17287  416.03724  140  189  452.65600  416.03724  8.09%  65.2  552s
 41958 18538  416.11071  144  188  452.65600  416.11071  8.07%  64.4  557s
 42882 19336  416.13971  146  188  452.65600  416.13971  8.07%  64.0  560s
 43848 19337  449.09309 1442  180  452.65600  416.15557  8.06%  63.5  745s
 43850 19338  437.31422  108  139  452.65600  416.15557  8.06%  63.5  750s
 43851 19339  443.55314  676  136  452.65600  416.15557  8.06%  63.5  761s
 43862 19346  447.61271  162  162  452.65600  416.15557  8.06%  63.5  765s
 43885 19362  446.10060  153  192  452.65600  416.15557  8.06%  63.5  771s
 43886 19362  451.19325 1291  188  452.65600  416.15557  8.06%  63.5  782s
 43887 19363  434.11451  280  185  452.65600  416.15557  8.06%  63.5  787s
 43888 19364  451.26077  186  184  452.65600  416.15557  8.06%  63.5  792s
 43889 19364  449.25944 1515  184  452.65600  416.15557  8.06%  63.4  796s
 43896 19373  416.15557   35  187  452.65600  416.15557  8.06%  63.7  801s
 43953 19398  434.20316   38  112  452.65600  416.15557  8.06%  64.0  805s
 44058 19410  435.35433   41  129  452.65600  416.15557  8.06%  64.4  810s
 44172 19432  432.10082   44  108  452.65600  416.15557  8.06%  64.7  815s
 44306 19460  430.91635   47  131  452.65600  416.15557  8.06%  65.0  820s
 44445 19487  416.15557   51  181  452.65600  416.15557  8.06%  65.3  825s
 44656 19506  416.15557   56  180  452.65600  416.15557  8.06%  65.7  831s
 44803 19553  416.15557   59  175  452.65600  416.15557  8.06%  66.1  836s
 44901 19598  416.15557   62  180  452.65600  416.15557  8.06%  66.4  840s
 45151 19683  416.15557   66  180  452.65600  416.15557  8.06%  66.7  845s
 45496 19737  416.15557   70  181  452.65600  416.15557  8.06%  67.1  851s
 45516 19737  416.15557   71  179  452.65600  416.15557  8.06%  67.2  855s
 45598 19786  420.65413   72  135  452.65600  416.15557  8.06%  67.3  860s
 45926 19828  416.15557   74  184  452.65600  416.15557  8.06%  67.7  866s
 46171 19825  416.15557   75  184  452.65600  416.15557  8.06%  67.9  870s
 46265 19865  444.76522   77  114  452.65600  416.15557  8.06%  68.2  875s
 46459 19994  416.15557   80  181  452.65600  416.15557  8.06%  68.4  880s
 46758 20088  416.15557   84  182  452.65600  416.15557  8.06%  68.7  885s
 47074 20166  416.15557   88  182  452.65600  416.15557  8.06%  69.0  890s
 47428 20240  416.15557   92  184  452.65600  416.15557  8.06%  69.4  898s
 47633 20301  416.15557   94  180  452.65600  416.15557  8.06%  69.5  901s
 47871 20409  430.79037   96  130  452.65600  416.15557  8.06%  69.7  905s
 48458 20633  416.15557  101  183  452.65600  416.15557  8.06%  70.0  913s
 48790 20720  416.15557  104  180  452.65600  416.15557  8.06%  70.1  918s
 49111 20863  416.15557  107  178  452.65600  416.15557  8.06%  70.3  922s
 49567 21065  416.15557  110  178  452.65600  416.15557  8.06%  70.3  927s
 50128 21283  416.15557  113  182  452.65600  416.15557  8.06%  70.4  932s
 50765 21567  416.15557  116  177  452.65600  416.15557  8.06%  70.3  938s
 51494 21790  416.15557  119  177  452.65600  416.15557  8.06%  70.1  943s
 52079 22102  416.15557  122  182  452.65600  416.15557  8.06%  70.0  949s
 52709 22618  416.15557  126  188  452.65600  416.15557  8.06%  69.9  955s
 53625 22997  416.15557  129  182  452.65600  416.15557  8.06%  69.7  962s
 54539 23330  416.15557  133  186  452.65600  416.15557  8.06%  69.5  968s
 55502 23418  416.15557  137  182  452.65600  416.15557  8.06%  69.5  975s
 56167 23638  416.15557  141  179  452.65600  416.15557  8.06%  69.7  982s
 56894 24016  416.15557  144  184  452.65600  416.15557  8.06%  69.9  990s
 57967 24516  416.15557  148  179  452.65600  416.15557  8.06%  69.9  998s
 59395 25154  416.15557  152  179  452.65600  416.15557  8.06%  69.6 1009s
 60892 25271  416.15557  157  183  452.65600  416.15557  8.06%  69.2 1014s
 61756 25459  416.15557  159  181  452.65600  416.15557  8.06%  69.2 1019s
 62412 25751  416.22205  162  183  452.65600  416.22205  8.05%  69.2 1025s
 63150 26116  416.28532  165  182  452.65600  416.28532  8.03%  69.2 1031s
 64006 26249  416.34123  168  182  452.65600  416.34123  8.02%  69.1 1037s
 64675 26543  416.38927  171  177  452.65600  416.38927  8.01%  69.2 1043s
 65546 27201  416.43100  174  177  452.65600  416.43100  8.00%  69.2 1049s
 66905 27494  416.48067  177  178  452.65600  416.48067  7.99%  68.8 1054s
 67823 27267  416.54364  180  180  452.65600  416.54364  7.98%  68.7 1059s
 68119 27598  416.55722  183  181  452.65600  416.55722  7.97%  68.7 1064s
 68656 28215  416.58364  186  183  452.65600  416.58364  7.97%  68.7 1070s
 69627 28717  416.60709  188  177  452.65600  416.60709  7.96%  68.5 1076s
 70599 29250  416.65691  191  178  452.65600  416.65691  7.95%  68.3 1081s
 71740 29580  416.74704  194  177  452.65600  416.74704  7.93%  68.1 1086s
 72649 30027  416.81434  197  176  452.65600  416.81434  7.92%  68.0 1091s
 73508 30824  416.84611  200  176  452.65600  416.84611  7.91%  67.9 1097s
 74869 31698  416.94223  203  179  452.65600  416.94223  7.89%  67.6 1106s
 76574 31399  417.04858  208  182  452.65600  417.04858  7.87%  67.6 1110s
 77169 31861  417.12836  211  175  452.65600  417.12836  7.85%  67.7 1115s
 78071 32382  417.18847  214  180  452.65600  417.18847  7.84%  67.7 1120s
 80161 32952  417.25579  220  177  452.65600  417.25579  7.82%  67.4 1128s
 81042 33242  417.37276  223  182  452.65600  417.37276  7.79%  67.3 1133s
 81816 33530  417.39525  225  180  452.65600  417.39525  7.79%  67.3 1137s
 82538 33759  417.53347  228  180  452.65600  417.53347  7.76%  67.2 1141s
 83165 34193  417.57681  230  179  452.65600  417.57681  7.75%  67.2 1145s
 84920 35109  417.71709  234  182  452.65600  417.71709  7.72%  66.9 1154s
 85977 35742  417.76214  237  181  452.65600  417.76214  7.71%  66.7 1158s
 87209 35948  417.79147  240  187  452.65600  417.79147  7.70%  66.4 1162s
 88188 36452  417.83319  243  182  452.65600  417.83319  7.69%  66.3 1166s
 89141 36859  417.95687  246  182  452.65600  417.95687  7.67%  66.1 1170s
 90040 37954  418.12099  249  182  452.65600  418.12099  7.63%  66.0 1178s
 91674 38128  418.20712  252  178  452.65600  418.20712  7.61%  65.9 1182s
 92494 38690  418.21614  254  176  452.65600  418.21614  7.61%  65.8 1186s
 94050 38909  418.40364  258  176  452.65600  418.40364  7.57%  65.6 1192s
 94560 39105  418.45387  260  177  452.65600  418.45387  7.56%  65.7 1196s
 95542 39137  424.37475  262  142  452.65600  418.50557  7.54%  65.8 1203s
 96360 39269  418.51122  265  178  452.65600  418.51122  7.54%  65.9 1207s
 96975 39678  418.65805  268  175  452.65600  418.65805  7.51%  65.9 1211s
 97755 40027  418.70527  271  173  452.65600  418.70527  7.50%  65.9 1215s
 98612 40408  418.72802  274  177  452.65600  418.72802  7.50%  65.8 1220s
 99573 40775  418.88858  277  186  452.65600  418.88858  7.46%  65.8 1225s
 101622 41347  419.03780  283  185  452.65600  419.03780  7.43%  65.5 1233s
 102312 41903  419.10229  286  184  452.65600  419.10229  7.41%  65.4 1237s
 103118 42679  434.18218  288  135  452.65600  419.17248  7.40%  65.3 1240s
 104030 43528  430.12052  290  147  452.65600  419.26944  7.38%  65.2 1245s
 105005 44767  419.28500  292  177  452.65600  419.28500  7.37%  65.1 1252s
 106523 45146  419.36869  296  184  452.65600  419.36869  7.35%  64.9 1255s
 108020 46086  419.41959  301  186  452.65600  419.41959  7.34%  64.9 1263s
 108730 46644  419.45829  304  185  452.65600  419.45829  7.33%  65.0 1268s
 109551 47382  419.50576  305  185  452.65600  419.50576  7.32%  64.9 1273s
 110446 48145  419.54643  308  187  452.65600  419.54643  7.31%  64.9 1277s
 111323 48840  419.58918  310  186  452.65600  419.58918  7.31%  64.8 1283s
 112351 49316  419.62717  313  180  452.65600  419.62717  7.30%  64.7 1287s
 113243 49726  419.65227  315  184  452.65600  419.65227  7.29%  64.7 1291s
 113939 50356  419.73315  318  185  452.65600  419.73315  7.27%  64.8 1296s
 114810 50881  434.85948  320  126  452.65600  419.86782  7.24%  64.7 1300s
 115643 51292  419.93574  321  186  452.65600  419.93574  7.23%  64.7 1308s
 116160 52218  419.96525  323  187  452.65600  419.96525  7.22%  64.7 1313s
 117404 52894  419.99230  326  185  452.65600  419.99230  7.22%  64.6 1318s
 118500 53401  420.08297  329  191  452.65600  420.08297  7.20%  64.5 1321s
 119304 53965  420.19500  331  185  452.65600  420.19500  7.17%  64.5 1326s
 120093 54807  420.25244  334  186  452.65600  420.25244  7.16%  64.5 1333s
 121249 55356  441.29388  337  126  452.65600  420.36233  7.13%  64.5 1337s
 121966 56063  420.41730  340  185  452.65600  420.41730  7.12%  64.5 1342s
 122890 56709  420.50533  343  188  452.65600  420.50533  7.10%  64.5 1346s
 123691 57495  420.66362  346  184  452.65600  420.66362  7.07%  64.5 1350s
 124596 58326  420.71697  349  188  452.65600  420.71697  7.06%  64.5 1355s
 126503 59733  420.80802  355  181  452.65600  420.80802  7.04%  64.4 1363s
 127242 60295  420.83784  358  188  452.65600  420.83784  7.03%  64.4 1368s
 127950 60727  420.89892  361  186  452.65600  420.89892  7.02%  64.5 1371s
 128554 61153  420.93373  364  190  452.65600  420.93373  7.01%  64.5 1418s
 129064 61851  420.98373  367  188  452.65600  420.98373  7.00%  64.5 1423s
 129834 62495  421.04868  370  189  452.65600  421.04868  6.98%  64.5 1427s
 130796 63218  421.14500  373  187  452.65600  421.14500  6.96%  64.5 1432s
 131879 63509  421.18446  376  181  452.65600  421.18446  6.95%  64.5 1436s
 132252 64067  421.22555  378  184  452.65600  421.22555  6.94%  64.5 1440s
 133003 64830  421.26006  381  180  452.65600  421.26006  6.94%  64.5 1445s
 134868 66547  421.39444  387  187  452.65600  421.39444  6.91%  64.4 1456s
 136779 67776  442.10495  392  137  452.65600  421.54180  6.87%  64.4 1463s
 137586 68335  421.64275  395  187  452.65600  421.64275  6.85%  64.4 1466s
 138432 68885  421.68301  398  188  452.65600  421.68301  6.84%  64.5 1470s
 140198 70010  421.79494  403  186  452.65600  421.79494  6.82%  64.5 1478s
 140910 70413  421.86301  405  190  452.65600  421.86301  6.80%  64.6 1482s
 141824 71037  421.94249  408  189  452.65600  421.94249  6.79%  64.6 1486s
 142713 71579  422.00971  410  190  452.65600  422.00971  6.77%  64.6 1490s
 143656 72002  422.03561  413  192  452.65600  422.03561  6.76%  64.7 1495s
 145367 72614  422.13988  419  185  452.65600  422.13988  6.74%  64.8 1502s
 146215 73009  422.16098  421  188  452.65600  422.16098  6.74%  64.9 1505s
 148012 74313  422.22380  426  187  452.65600  422.22380  6.72%  64.9 1513s
 149049 74942  440.65882  428  145  452.65600  422.32324  6.70%  64.8 1517s
 149838 75869  422.34331  430  190  452.65600  422.34331  6.70%  64.8 1523s
 150964 76562  422.41084  433  184  452.65600  422.41084  6.68%  64.8 1526s
 151754 77502  422.45127  436  187  452.65600  422.45127  6.67%  64.8 1530s
 153596 78807  422.53702  440  183  452.65600  422.53702  6.65%  64.6 1539s
 154442 79300  422.55764  441  190  452.65600  422.55764  6.65%  64.6 1543s
 155124 80053  422.58599  443  180  452.65600  422.58599  6.64%  64.6 1547s
 156055 80541  422.64280  446  185  452.65600  422.64280  6.63%  64.6 1551s
 156701 81403  422.68659  448  191  452.65600  422.68659  6.62%  64.5 1555s
 157692 82342  422.72674  451  192  452.65600  422.72674  6.61%  64.5 1561s
 158823 82767  422.77322  454  185  452.65600  422.77322  6.60%  64.4 1565s
 159967 83412  422.86667  458  189  452.65600  422.86667  6.58%  64.5 1572s
 160566 83755  444.53644  460  117  452.65600  422.91101  6.57%  64.6 1576s
 161950 84892  422.98123  465  191  452.65600  422.98123  6.56%  64.7 1584s
 163020 85311  423.01695  468  191  452.65600  423.01695  6.55%  64.6 1588s
 163975 85858  423.04761  471  183  452.65600  423.04761  6.54%  64.6 1592s
 164830 86619  423.11854  474  190  452.65600  423.11854  6.53%  64.6 1599s
 165815 86893  423.22618  478  192  452.65600  423.22618  6.50%  64.7 1603s
 166398 87373  423.26593  481  186  452.65600  423.26593  6.49%  64.8 1608s
 167158 88028  423.31764  485  187  452.65600  423.31764  6.48%  64.9 1614s
 168029 88760  423.35748  488  188  452.65600  423.35748  6.47%  64.9 1618s
 169158 89653  423.43404  492  194  452.65600  423.43404  6.46%  64.9 1624s
 170509 90704  423.44963  494  192  452.65600  423.44963  6.45%  64.8 1629s
 171750 91491  423.47177  497  189  452.65600  423.47177  6.45%  64.7 1634s
 172759 92359  423.47870  499  192  452.65600  423.47870  6.45%  64.7 1638s
 173761 93147  423.50671  502  192  452.65600  423.50671  6.44%  64.6 1643s
 174719 94003  423.54621  504  189  452.65600  423.54621  6.43%  64.5 1648s
 175764 94500  423.57191  506  184  452.65600  423.57191  6.43%  64.5 1651s
 176469 95025  423.57733  508  185  452.65600  423.57733  6.42%  64.5 1655s
 177869 95955  431.89147  511  142  452.65600  423.73798  6.39%  64.6 1663s
 178528 96469  423.75883  514  189  452.65600  423.75883  6.38%  64.6 1668s
 179223 97044  423.82746  517  188  452.65600  423.82746  6.37%  64.7 1672s
 180214 97773  423.86064  520  187  452.65600  423.86064  6.36%  64.6 1679s
 181253 98211  423.88509  523  189  452.65600  423.88509  6.36%  64.7 1683s
 181955 98650  441.68372  525  137  452.65600  423.92046  6.35%  64.7 1687s
 182561 99012  423.95821  528  191  452.65600  423.94912  6.34%  64.7 1691s
 183141 99586  451.07901  528  116  452.65600  423.97000  6.34%  64.8 1696s
 183955 100370  423.98441  531  192  452.65600  423.98441  6.33%  64.8 1701s
 184911 101259  424.01085  534  185  452.65600  424.01085  6.33%  64.9 1705s
 186046 102159  424.11118  537  188  452.65600  424.11118  6.31%  64.9 1710s
 187330 102958  424.13578  540  191  452.65600  424.13578  6.30%  64.8 1715s
 189355 104177  424.21311  546  191  452.65600  424.21311  6.28%  64.8 1723s
 190060 104636  446.20227  548  120  452.65600  424.31397  6.26%  64.8 1727s
 190766 105304  424.35267  551  193  452.65600  424.35267  6.25%  64.9 1731s
 191817 105979  424.35857  553  190  452.65600  424.35857  6.25%  64.9 1736s
 192868 106835  424.40872  556  194  452.65600  424.40872  6.24%  64.9 1741s
 193918 107417  424.51008  558  192  452.65600  424.51008  6.22%  64.9 1745s
 194715 108020  424.55168  561  193  452.65600  424.55168  6.21%  64.9 1752s
 195461 108557  424.59613  563  191  452.65600  424.59613  6.20%  64.9 1758s
 196239 109242  424.63386  565  195  452.65600  424.63386  6.19%  65.0 1765s
 197135 109809  424.66864  569  199  452.65600  424.66864  6.18%  65.0 1771s
 197867 110460  424.75912  572  188  452.65600  424.75912  6.16%  65.1 1777s
 198733 111233  424.85911  575  187  452.65600  424.85911  6.14%  65.1 1784s
 199750 111738  424.90198  579  191  452.65600  424.90198  6.13%  65.3 1790s
 200451 112198  443.11726  582  148  452.65600  424.96030  6.12%  65.3 1796s
 201330 112549  424.98167  585  187  452.65600  424.98167  6.11%  65.4 1801s
 202127 112885  425.01833  589  190  452.65600  425.01833  6.11%  65.6 1806s
 202649 113261  442.35917  592  136  452.65600  425.05785  6.10%  65.7 1812s
 203230 113511  425.15365  596  192  452.65600  425.15365  6.08%  65.9 1817s
 203858 113821  425.22053  600  194  452.65600  425.22053  6.06%  66.1 1823s
 204554 114308  425.28783  603  187  452.65600  425.28783  6.05%  66.2 1829s
 205428 114565  425.33135  607  188  452.65600  425.33135  6.04%  66.4 1834s
 205812 114821  425.36335  611  186  452.65600  425.36335  6.03%  66.5 1839s
 206381 115052  425.47558  615  188  452.65600  425.47558  6.00%  66.6 1844s
 207081 115571  425.55257  619  185  452.65600  425.55257  5.99%  66.8 1851s
 208073 115983  425.61414  623  182  452.65600  425.61414  5.97%  67.0 1856s
 208904 116383  425.62997  627  189  452.65600  425.62997  5.97%  67.1 1863s
 210010 116853  425.67584  631  182  452.65600  425.67584  5.96%  67.2 1868s
 210857 117204  425.69046  634  186  452.65600  425.69046  5.96%  67.3 1873s
 211648 117464  425.76976  637  180  452.65600  425.76976  5.94%  67.4 1877s
 212461 117845  425.80855  641  185  452.65600  425.80855  5.93%  67.5 1882s
 213277 117997  425.81302  642  189  452.65600  425.81302  5.93%  67.6 1886s
 214185 118249  444.31987  644  130  452.65600  425.82631  5.93%  67.6 1891s
 214955 118639  439.20452  647  146  452.65600  425.87426  5.92%  67.7 1896s
 216016 118929  425.89535  650  189  452.65600  425.89535  5.91%  67.8 1900s
 217562 119846  425.96469  656  182  452.65600  425.96469  5.90%  67.9 1908s
 218218 120580  426.00203  659  181  452.65600  426.00203  5.89%  67.9 1914s
 219091 121221  426.07588  662  183  452.65600  426.07588  5.87%  67.9 1919s
 219924 121919  426.08104  665  184  452.65600  426.08104  5.87%  68.0 1924s
 220960 122193  426.12634  668  190  452.65600  426.12634  5.86%  68.0 1929s
 221724 122522  426.14056  671  189  452.65600  426.14056  5.86%  68.0 1933s
 222426 123281  426.17528  674  192  452.65600  426.17528  5.85%  68.1 1938s
 223269 124112  426.22436  677  192  452.65600  426.22436  5.84%  68.1 1943s
 224255 124868  426.33871  680  194  452.65600  426.33871  5.81%  68.0 1949s
 225277 125735  426.36131  683  197  452.65600  426.36131  5.81%  68.0 1955s
 226914 126462  426.40093  688  192  452.65600  426.40093  5.80%  68.1 1963s
 227636 126497  426.42231  691  189  452.65600  426.40995  5.80%  68.1 1971s
 227753 126652  449.06726  691  117  452.65600  426.42243  5.80%  68.1 1981s
 227985 126948  426.42349  692  187  452.65600  426.42349  5.80%  68.1 1986s
 228470 127366  438.33720  692  151  452.65600  426.42514  5.79%  68.2 1992s
 229000 127759  426.44072  693  190  452.65600  426.44072  5.79%  68.2 1998s
 229572 128368  426.45567  696  189  452.65600  426.45567  5.79%  68.2 2006s
 230624 128921  426.49952  700  191  452.65600  426.49952  5.78%  68.2 2012s
 231545 129741  426.55112  704  186  452.65600  426.55112  5.77%  68.3 2018s
 232727 130262  426.55485  708  187  452.65600  426.55485  5.77%  68.4 2025s
 233568 130957  426.59950  712  191  452.65600  426.59950  5.76%  68.5 2031s
 234439 131715  426.66605  716  190  452.65600  426.66605  5.74%  68.5 2037s
 235416 132251  426.74000  719  187  452.65600  426.74000  5.73%  68.5 2043s
 236226 132520  426.77798  722  184  452.65600  426.77663  5.72%  68.6 2049s
 236621 133163  434.26222  722  160  452.65600  426.77798  5.72%  68.6 2056s
 237527 134062  426.77798  723  184  452.65600  426.77798  5.72%  68.6 2063s
 238689 134517  436.66219  723  144  452.65600  426.78682  5.71%  68.6 2069s
 239579 134950  426.81317  726  182  452.65600  426.81317  5.71%  68.7 2075s
 240439 135281  426.84948  730  179  452.65600  426.84948  5.70%  68.8 2081s
 241380 135678  426.90453  734  183  452.65600  426.90453  5.69%  68.8 2087s
 242270 136380  426.96086  737  178  452.65600  426.96086  5.68%  68.8 2093s
 243188 136730  426.99488  741  177  452.65600  426.99488  5.67%  68.8 2110s
 243741 137185  427.04589  744  180  452.65600  427.04589  5.66%  68.9 2115s
 244491 137832  447.73055  747  138  452.65600  427.11654  5.64%  69.0 2121s
 245285 138474  427.14180  751  180  452.65600  427.14180  5.64%  69.0 2127s
 246088 139351  427.20357  754  181  452.65600  427.20357  5.62%  69.1 2133s
 247178 139936  427.26214  757  187  452.65600  427.26214  5.61%  69.1 2139s
 248078 140297  427.27203  759  179  452.65600  427.27203  5.61%  69.1 2146s
 248819 140646  427.29680  762  180  452.65600  427.29680  5.60%  69.3 2152s
 249528 141565  427.34811  765  180  452.65600  427.34811  5.59%  69.4 2159s
 250634 142051  427.37785  768  186  452.65600  427.37785  5.58%  69.4 2166s
 251401 142518  447.67932  770  127  452.65600  427.39696  5.58%  69.4 2171s
 252002 142814  427.43029  773  182  452.65600  427.43029  5.57%  69.5 2177s
 252643 143231  427.48722  776  183  452.65600  427.48722  5.56%  69.5 2183s
 253452 143745  427.54669  780  177  452.65600  427.54669  5.55%  69.6 2190s
 254419 144489  427.64772  785  188  452.65600  427.64772  5.52%  69.6 2196s
 255342 145329  427.68901  789  186  452.65600  427.68901  5.52%  69.6 2204s
 256354 146001  427.71674  792  185  452.65600  427.71674  5.51%  69.6 2210s
 257187 146695  427.78285  796  188  452.65600  427.78285  5.49%  69.6 2216s
 258228 147422     cutoff  798       452.65600  427.81899  5.49%  69.6 2222s
 259323 147665  427.84762  801  189  452.65600  427.84762  5.48%  69.5 2227s
 260068 147864  427.85576  803  188  452.65600  427.85576  5.48%  69.6 2231s
 260647 148215  427.88880  806  191  452.65600  427.88880  5.47%  69.7 2236s
 261397 148571  446.20834  808  137  452.65600  427.92989  5.46%  69.7 2240s
 262045 149166  427.96290  811  189  452.65600  427.96290  5.46%  69.7 2245s
 262761 149877  428.03563  814  191  452.65600  428.03563  5.44%  69.7 2250s
 263656 150296  428.10431  817  185  452.65600  428.10431  5.42%  69.7 2255s
 264396 151030  428.12969  821  186  452.65600  428.12969  5.42%  69.7 2260s
 265248 151763  428.18597  824  184  452.65600  428.18597  5.41%  69.7 2265s
 266142 152678  428.24623  827  189  452.65600  428.24623  5.39%  69.7 2271s
 267203 153238  428.27898  830  185  452.65600  428.27898  5.39%  69.6 2276s
 268090 153744  435.02964  833  160  452.65600  428.30291  5.38%  69.7 2282s
 268884 154130  428.32348  837  186  452.65600  428.32348  5.38%  69.7 2286s
 269485 154515  428.36072  841  187  452.65600  428.36072  5.37%  69.7 2290s
 270131 155015  428.37880  844  185  452.65600  428.37880  5.36%  69.8 2296s
 270769 155529  448.26650  846  141  452.65600  428.40686  5.36%  69.8 2304s
 271572 155983  428.45537  851  183  452.65600  428.45537  5.35%  69.8 2310s
 272349 156648  428.52659  855  191  452.65600  428.52659  5.33%  69.9 2318s
 273560 157528  428.56187  858  188  452.65600  428.56187  5.32%  70.0 2324s
 274889 158146  428.63294  863  188  452.65600  428.63294  5.31%  70.0 2330s
 275876 158795  428.67121  867  189  452.65600  428.67121  5.30%  70.1 2336s
 276867 159376  428.74749  871  194  452.65600  428.74749  5.28%  70.1 2341s
 277635 160177  428.83164  874  190  452.65600  428.83164  5.26%  70.2 2348s
 278690 160966  428.90463  878  192  452.65600  428.90463  5.25%  70.2 2354s
 279704 161775  429.03297  882  190  452.65600  429.03297  5.22%  70.2 2360s
 280727 162603  429.07398  886  198  452.65600  429.07398  5.21%  70.2 2366s
 281934 163221  429.08230  889  192  452.65600  429.08230  5.21%  70.2 2372s
 282853 163868  429.10281  892  193  452.65600  429.10281  5.20%  70.3 2378s
 283841 164129  429.10832  893  190  452.65600  429.10832  5.20%  70.3 2382s
 284307 164337  429.13340  895  187  452.65600  429.13340  5.20%  70.4 2387s
 284823 164753  450.45026  897  145  452.65600  429.65088  5.08%  70.4 2392s
 285589 165344  429.70604  899  189  452.65600  429.70604  5.07%  70.5 2398s
 286395 166281  429.82238  902  184  452.65600  429.82238  5.04%  70.5 2404s
 287486 167199  429.96950  907  193  452.65600  429.96950  5.01%  70.5 2411s
 288672 167499  430.05398  912  184  452.65600  430.05398  4.99%  70.5 2416s
 289315 168004  448.07206  914  111  452.65600  430.07747  4.99%  70.5 2421s
 290022 168535  430.09727  919  183  452.65600  430.09727  4.98%  70.6 2426s
 290727 169305  430.13218  923  186  452.65600  430.13218  4.98%  70.6 2431s
 291678 170021  430.16245  926  185  452.65600  430.16245  4.97%  70.5 2437s
 292671 170582  430.27467  929  182  452.65600  430.27467  4.94%  70.5 2442s
 293359 171274  430.30896  933  185  452.65600  430.30896  4.94%  70.5 2449s
 294430 171771  430.35264  937  187  452.65600  430.35264  4.93%  70.5 2455s
 295202 172095  430.39117  940  183  452.65600  430.39117  4.92%  70.5 2460s
 295680 172587  430.47437  943  186  452.65600  430.47437  4.90%  70.6 2465s
 296414 173660  430.49333  946  188  452.65600  430.49333  4.90%  70.6 2471s
 297760 174182  430.53196  950  185  452.65600  430.53196  4.89%  70.6 2476s
 298506 174406  430.59801  954  185  452.65600  430.59801  4.87%  70.6 2482s
 299078 174893  430.67833  958  183  452.65600  430.67833  4.86%  70.7 2486s
 299711 175455  430.72172  961  185  452.65600  430.72172  4.85%  70.7 2493s
 300605 176017  430.75226  965  180  452.65600  430.75226  4.84%  70.7 2499s
 301477 176527  430.78344  968  187  452.65600  430.78344  4.83%  70.7 2504s
 302248 176874  430.79862  970  185  452.65600  430.79862  4.83%  70.8 2510s
 302917 177479  430.84140  974  184  452.65600  430.84140  4.82%  70.8 2516s
 303959 177979  430.86330  978  185  452.65600  430.86330  4.81%  70.8 2521s
 304869 178314  448.55980  981  145  452.65600  431.04304  4.77%  70.9 2526s
 305699 178794  452.34251  984  132  452.65600  431.12087  4.76%  70.9 2532s
*306526 135482             175     449.4720000  431.16362  4.07%  71.0 2532s
 306536 135338  431.21397  988  191  449.47200  431.16414  4.07%  71.0 2537s
 306740 135529  442.55758  988  132  449.47200  431.21488  4.06%  71.0 2542s
 307435 135891  431.24274  989  193  449.47200  431.22813  4.06%  71.1 2548s
 308337 136266     cutoff  989       449.47200  431.24594  4.05%  71.2 2555s
 309105 136480  431.27781  993  197  449.47200  431.27781  4.05%  71.3 2561s
 309727 136579  431.34312  998  192  449.47200  431.34312  4.03%  71.4 2566s
 310247 136849  431.44168 1003  193  449.47200  431.44168  4.01%  71.5 2572s
 310965 137371  431.55832 1009  193  449.47200  431.55832  3.99%  71.6 2578s
 311809 137706  431.59614 1013  190  449.47200  431.59614  3.98%  71.7 2584s
 312512 138255  431.61705 1018  187  449.47200  431.61705  3.97%  71.8 2590s
 313374 138721  431.75763 1023  190  449.47200  431.69369  3.96%  71.9 2596s
 314141 138883     cutoff 1028       449.47200  431.70898  3.95%  71.9 2602s
 314517 139289  431.88706 1032  185  449.47200  431.74834  3.94%  72.0 2613s
 315167 141435  432.03771 1044  182  449.47200  431.76369  3.94%  72.1 2630s
 317621 142317  432.17514 1055  182  449.47200  431.77759  3.94%  72.0 2638s
 318760 142984  432.35409 1062  183  449.47200  431.79229  3.93%  72.0 2645s
 319852 143404  432.40677 1069  180  449.47200  431.79229  3.93%  72.1 2652s
 320771 143436  432.44807 1074  184  449.47200  431.86183  3.92%  72.1 2657s
 320904 143812     cutoff 1074       449.47200  431.89545  3.91%  72.2 2663s
 321606 144492  432.51291 1079  183  449.47200  431.91018  3.91%  72.2 2670s
 322509 145087     cutoff 1083       449.47200  431.91018  3.91%  72.2 2676s
 323305 145733  432.68315 1088  182  449.47200  431.91018  3.91%  72.2 2683s
 324182 146775  432.72184 1094  186  449.47200  431.93362  3.90%  72.3 2691s
 325387 147224  432.75062 1099  178  449.47200  431.95753  3.90%  72.2 2698s
 326305 147422  432.81031 1106  181  449.47200  431.96897  3.89%  72.3 2703s
 326971 147706     cutoff 1111       449.47200  431.99081  3.89%  72.4 2708s
 327899 148008  432.96778 1117  187  449.47200  432.03812  3.88%  72.5 2715s
 328662 148242  433.04123 1122  183  449.47200  432.05607  3.87%  72.6 2721s
 329234 149148  433.08000 1128  185  449.47200  432.11699  3.86%  72.7 2731s
 330657 149507  433.13805 1135  180  449.47200  432.14389  3.86%  72.8 2736s
 331472 149820  433.25714 1142  186  449.47200  432.14389  3.86%  72.9 2742s
 332153 150229  433.26801 1143  181  449.47200  432.19385  3.84%  72.9 2748s
 332925 150811  433.34571 1151  188  449.47200  432.23171  3.84%  73.0 2755s
 333741 151462     cutoff 1158       449.47200  432.26411  3.83%  73.0 2763s
 334732 151967  433.51517 1163  188  449.47200  432.29173  3.82%  73.1 2771s
 335648 152271  433.60694 1169  187  449.47200  432.32794  3.81%  73.2 2777s
 336324 152674  433.65988 1174  189  449.47200  432.39024  3.80%  73.3 2785s
 337239 152866  433.73205 1182  188  449.47200  432.44725  3.79%  73.4 2792s
 337800 153375  433.79654 1189  187  449.47200  432.46838  3.78%  73.5 2798s
 338488 154158  433.88448 1196  181  449.47200  432.50332  3.78%  73.6 2807s
 339579 154609  433.94353 1205  181  449.47200  432.50441  3.78%  73.6 2815s
 340426 154685  434.00693 1211  188  449.47200  432.56487  3.76%  73.7 2821s
 340885 154950  434.08204 1220  187  449.47200  432.61355  3.75%  73.9 2828s
 341551 155278  434.12239 1227  183  449.47200  432.66405  3.74%  74.0 2835s
 342200 155551  434.21918 1235  183  449.47200  432.66803  3.74%  74.1 2842s
 342863 155975  434.26189 1241  183  449.47200  432.71695  3.73%  74.2 2849s
 343642 156439  434.34572 1247  184  449.47200  432.72614  3.73%  74.3 2858s
 344452 156665  434.40138 1252  184  449.47200  432.73972  3.72%  74.4 2865s
 344969 157408     cutoff 1256       449.47200  432.73972  3.72%  74.4 2873s
 346092 157884  434.60134 1263  182  449.47200  432.73972  3.72%  74.4 2881s
 347078 158102  434.67251 1269  191  449.47200  432.76235  3.72%  74.5 2888s
 347757 158310  434.71698 1274  185  449.47200  432.78062  3.71%  74.6 2895s
 348651 158572  434.76766 1280  184  449.47200  432.83574  3.70%  74.6 2901s
 349431 158748  434.83100 1285  187  449.47200  432.84740  3.70%  74.7 2908s
 350041 159106  434.86939 1292  189  449.47200  432.90312  3.69%  74.8 2916s
 350783 159401  434.91795 1299  188  449.47200  432.94349  3.68%  74.9 2923s
 351552 159648  434.94600 1306  189  449.47200  432.98496  3.67%  75.0 2930s
 352367 160035  434.98126 1311  189  449.47200  433.04478  3.65%  75.1 2939s
 353284 160287  435.11656 1318  185  449.47200  433.06776  3.65%  75.2 2946s
 354062 160656  435.14836 1325  187  449.47200  433.10111  3.64%  75.3 2952s
 354760 161054     cutoff 1333       449.47200  433.15745  3.63%  75.3 2960s
 355633 161396     cutoff 1340       449.47200  433.19466  3.62%  75.4 2967s
 356359 161777  435.40788 1349  182  449.47200  433.23623  3.61%  75.5 2973s
 357206 162212  435.45484 1358  183  449.47200  433.26573  3.61%  75.6 2981s
 358018 162685  435.59612 1365  186  449.47200  433.30678  3.60%  75.7 2988s
 358760 163244  435.64391 1373  190  449.47200  433.32896  3.59%  75.7 2995s
 359484 164030  435.66009 1376  194  449.47200  433.35901  3.58%  75.8 3004s
 360654 164087  435.69661 1384  186  449.47200  433.36927  3.58%  75.8 3009s
 361036 164259  435.77630 1391  188  449.47200  433.41674  3.57%  75.9 3015s
 361365 164375     cutoff 1392       449.47200  433.43361  3.57%  75.9 3021s
 361808 164820     cutoff 1393       449.47200  433.43450  3.57%  76.0 3029s
 362663 165404     cutoff 1394       449.47200  433.44591  3.57%  76.0 3037s
 363711 165602  435.83746 1398  191  449.47200  433.45276  3.56%  76.1 3046s
 364516 165769  435.94142 1410  183  449.47200  433.50142  3.55%  76.2 3053s
 365341 166239  436.01819 1420  185  449.47200  433.53619  3.55%  76.3 3061s
 366188 166576  436.07984 1428  183  449.47200  433.53619  3.55%  76.4 3070s
 367098 167065  436.15481 1437  186  449.47200  433.57405  3.54%  76.5 3077s
 368042 167362  436.20889 1446  183  449.47200  433.57405  3.54%  76.5 3085s
 368757 167698  436.51901 1454  186  449.47200  433.61001  3.53%  76.6 3092s
 369468 167976  436.61884 1460  186  449.47200  433.62124  3.53%  76.7 3101s
 370340 168292  436.68187 1471  184  449.47200  433.64124  3.52%  76.7 3108s
 371114 168688  436.80848 1480  184  449.47200  433.66865  3.52%  76.8 3116s
 371925 169087  437.05093 1489  186  449.47200  433.69064  3.51%  76.9 3125s
 372711 169698  437.19141 1499  185  449.47200  433.74137  3.50%  77.0 3134s
 373867 169913  437.34240 1509  182  449.47200  433.75708  3.50%  77.0 3143s
 374621 170316  437.53182 1518  185  449.47200  433.82578  3.48%  77.1 3150s
 375548 170532  437.74729 1528  187  449.47200  433.86237  3.47%  77.2 3158s
 376384 170743  437.88986 1538  183  449.47200  433.89397  3.47%  77.3 3166s
 376944 171078  438.07456 1551  181  449.47200  433.89397  3.47%  77.4 3174s
 377691 171443  438.17590 1563  186  449.47200  433.95614  3.45%  77.5 3182s
 378570 171840     cutoff 1574       449.47200  433.98333  3.45%  77.6 3190s
 379298 172020  438.45649 1580  182  449.47200  434.01212  3.44%  77.6 3198s
 380025 172500  438.65523 1593  181  449.47200  434.04742  3.43%  77.8 3206s
 380865 173223  438.86494 1614  174  449.47200  434.07316  3.43%  77.8 3215s
 381939 173849  439.11764 1632  172  449.47200  434.10365  3.42%  77.9 3223s
 382875 174651  439.38345 1649  185  449.47200  434.13857  3.41%  77.9 3232s
 383996 175164     cutoff 1665       449.47200  434.17676  3.40%  77.9 3238s
 384771 176011  439.65203 1680  178  449.47200  434.20076  3.40%  78.0 3246s
 386016 176388     cutoff 1695       449.47200  434.21113  3.40%  78.0 3253s
 386777 177012  440.05251 1710  178  449.47200  434.25533  3.39%  78.1 3260s
 387688 177573  440.20959 1726  182  449.47200  434.28659  3.38%  78.1 3267s
 388524 178077  440.32536 1741  186  449.47200  434.28659  3.38%  78.2 3274s
 389369 178427  440.42688 1751  182  449.47200  434.33741  3.37%  78.2 3280s
 390064 178854  440.54804 1764  184  449.47200  434.35039  3.36%  78.2 3287s
 390817 179242     cutoff 1778       449.47200  434.38930  3.36%  78.3 3294s
 391658 179860  440.76965 1795  185  449.47200  434.40691  3.35%  78.4 3301s
 392524 180276     cutoff 1810       449.47200  434.45860  3.34%  78.4 3308s
 393383 180326  440.98368 1829  180  449.47200  434.46143  3.34%  78.5 3314s
 393898 180541     cutoff 1846       449.47200  434.52477  3.33%  78.7 3321s
 394528 180928  441.24348 1864  174  449.47200  434.57642  3.31%  78.8 3328s
 395374 181359  441.42891 1883  178  449.47200  434.60169  3.31%  78.9 3335s
 396152 181699  441.59824 1901  179  449.47200  434.62799  3.30%  79.0 3342s
 396906 181920  441.68741 1922  176  449.47200  434.65792  3.30%  79.1 3348s
 397302 182356     cutoff 1922       449.47200  434.68982  3.29%  79.1 3355s
 398243 182746     cutoff 1929       449.47200  434.72242  3.28%  79.1 3361s
 398987 183015  441.91282 1955  178  449.47200  434.74467  3.28%  79.2 3368s
 399685 183403  442.15123 1976  174  449.47200  434.76412  3.27%  79.3 3375s
 400573 183555     cutoff 1999       449.47200  434.76412  3.27%  79.4 3381s
 401083 183939     cutoff 2015       449.47200  434.80245  3.26%  79.5 3389s
 402070 184184  443.22694 2041  180  449.47200  434.80245  3.26%  79.6 3396s
 402816 184365  443.44369 2058  180  449.47200  434.81227  3.26%  79.7 3403s
 403538 184752  443.95854 2089  177  449.47200  434.87955  3.25%  79.8 3411s
 404332 185199  444.38275 2119  177  449.47200  434.90902  3.24%  79.9 3417s
 405172 185498  444.66708 2141  168  449.47200  434.92489  3.24%  79.9 3425s
 405909 185663  445.34270 2176  174  449.47200  434.94995  3.23%  79.9 3431s
 406619 185858  445.82662 2222  177  449.47200  434.98068  3.22%  80.0 3439s
 407266 186372     cutoff 2265       449.47200  435.03403  3.21%  80.1 3446s

Cutting planes:
  MIR: 30
  Flow cover: 261

Explored 408426 nodes (32747012 simplex iterations) in 3448.47 seconds (9142.33 work units)
Thread count was 8 (of 56 available processors)

Solution count 10: 449.472 452.656 452.904 ... 571.144

Time limit reached
Best objective 4.494720000000e+02, best bound 4.350908064572e+02, gap 3.1996%

User-callback calls 1486164, time in user-callback 3.19 sec
[MIP] status=TIME_LIMIT(9) buses=9 obj=900449.472 gap=0.03199574955228702 -> /home/nc437/ladder-lite/review_witness_columns_20260917/results/c5_k08/control/391808_r0/result.json
