[MIP] physical pool preparation: 39668 valid recorded, 0 repaired, 0 rejected, 53.103s
[MIP] pool: 39668 columns over 188 trips (instance scale_ladder/instances/nested_probability_k2_15_20260908/Practice_Custom_DutyUnion_k08_p04_20260908.csv, soc_step=2.5, certified=True)
[MIP] coverage: min 927 / median 5997 / max 12113 columns per trip
[MIP] strict-feasibility seed: 188 exact singleton columns (one per trip)
[MIP] greedy feasible MIP start: 59 buses
Set parameter LicenseID to value 2674428
Set parameter GURO_PAR_SPECIAL
Set parameter TokenServer to value "en-cc-unicorn-data-dirs.coecis.cornell.edu"
Set parameter LogFile to value "/home/nc437/ladder-lite/diving_pricing_20260919/results/c4_k08/control_arm_a/586640_r0/gurobi.log"
Set parameter OutputFlag to value 1
Set parameter TimeLimit to value 3600
Set parameter MIPGap to value 0.0001
Set parameter Threads to value 8
Set parameter Seed to value 20260919
Set parameter TimeLimit to value 1800
Gurobi Optimizer version 12.0.3 build v12.0.3rc0 (linux64 - "Ubuntu 24.04.4 LTS")

CPU model: Intel(R) Xeon(R) Gold 6230 CPU @ 2.10GHz, instruction set [SSE2|AVX|AVX2|AVX512]
Thread count: 40 physical cores, 40 logical processors, using up to 8 threads

Non-default parameters:
TimeLimit  1800
Seed  20260919
Threads  8

Optimize a model with 188 rows, 39668 columns and 1057136 nonzeros
Model fingerprint: 0xabb8f622
Variable types: 0 continuous, 39668 integer (39668 binary)
Coefficient statistics:
  Matrix range     [1e+00, 1e+00]
  Objective range  [1e+00, 1e+00]
  Bounds range     [1e+00, 1e+00]
  RHS range        [1e+00, 1e+00]

Loaded user MIP start with objective 59

Presolve removed 0 rows and 452 columns
Presolve time: 2.43s
Presolved: 188 rows, 39216 columns, 1048230 nonzeros
Variable types: 0 continuous, 39216 integer (39216 binary)

Starting sifting (using dual simplex for sub-problems)...

    Iter     Pivots    Primal Obj      Dual Obj        Time
       0          0     infinity      0.0000000e+00      3s
       1        424   9.8471826e+00   4.0155494e+00      3s
       2       1089   9.7260804e+00   5.5099473e+00      3s
       3       2024   9.3825479e+00   6.4604317e+00      3s
       4       3041   9.0017530e+00   6.8836747e+00      3s
       5       4115   8.7315165e+00   7.3209193e+00      3s
       6       5683   8.4448245e+00   7.4325188e+00      3s
       7       6810   8.1955118e+00   7.5713196e+00      3s
       8       8114   8.0103594e+00   7.6174330e+00      3s
       9       8838   8.0000000e+00   8.0000000e+00      3s

Sifting complete


Root relaxation: objective 8.000000e+00, 8838 iterations, 0.87 seconds (0.94 work units)
Total elapsed time = 5.97s (DegenMoves)

    Nodes    |    Current Node    |     Objective Bounds      |     Work
 Expl Unexpl |  Obj  Depth IntInf | Incumbent    BestBd   Gap | It/Node Time

     0     0    8.00000    0   87   59.00000    8.00000  86.4%     -    7s
H    0     0                      18.0000000    8.00000  55.6%     -    7s
H    0     0                      15.0000000    8.00000  46.7%     -    7s
H    0     0                      14.0000000    8.00000  42.9%     -    7s
H    0     0                      12.0000000    8.00000  33.3%     -    7s
H    0     0                      11.0000000    8.00000  27.3%     -    7s
H    0     0                       9.9999998    8.00000  20.0%     -    8s
H    0     0                       9.0000000    8.00000  11.1%     -   14s
     0     0    8.00000    0   84    9.00000    8.00000  11.1%     -   16s
     0     0    8.00000    0   90    9.00000    8.00000  11.1%     -   20s
     0     0    8.00000    0   91    9.00000    8.00000  11.1%     -   25s
     0     0    8.00000    0   82    9.00000    8.00000  11.1%     -   31s
     0     0    8.00000    0   95    9.00000    8.00000  11.1%     -   32s
     0     0    8.00000    0   93    9.00000    8.00000  11.1%     -   36s
     0     0    8.00000    0   93    9.00000    8.00000  11.1%     -   37s
     0     0    8.00000    0   90    9.00000    8.00000  11.1%     -   43s
     0     0    8.00000    0  103    9.00000    8.00000  11.1%     -   44s
     0     0    8.00000    0   81    9.00000    8.00000  11.1%     -   54s
     0     0    8.00000    0   81    9.00000    8.00000  11.1%     -   58s
     0     2    8.00000    0   60    9.00000    8.00000  11.1%     -   66s
     2     3    8.00000    1   81    9.00000    8.00000  11.1% 15405   78s
     4     4    8.00000    1   86    9.00000    8.00000  11.1%  7702   85s
     5     5    8.00000    1   98    9.00000    8.00000  11.1%  6162   96s
     7     6    8.00000    1   91    9.00000    8.00000  11.1%  4401  103s
     9     8    8.00000    1   84    9.00000    8.00000  11.1%  3423  109s
    10     8    8.00000    1  103    9.00000    8.00000  11.1%  3081  110s
    11     9    8.00000    1   84    9.00000    8.00000  11.1%  2801  116s
    13    10    8.00000    1   89    9.00000    8.00000  11.1%  2370  122s
    15    12    8.00000    1   67    9.00000    8.00000  11.1%  2054  129s
    16    12    8.00000    1   88    9.00000    8.00000  11.1%  1926  130s
    18    14    8.00000    1   92    9.00000    8.00000  11.1%  1712  136s
    19    14    8.00000    1   92    9.00000    8.00000  11.1%  1622  140s
    22    17    8.00000    1   93    9.00000    8.00000  11.1%  4856  146s
    24    19    8.00000    1  101    9.00000    8.00000  11.1%  4451  150s
    29    22    8.00000    1   93    9.00000    8.00000  11.1%  3684  155s
    34    25    8.00000    1   86    9.00000    8.00000  11.1%  3142  160s
    50    33    8.00000   28   85    9.00000    8.00000  11.1%  3324  165s
   180    34 infeasible   37         9.00000    8.00000  11.1%  1148  170s
   299    50    8.00000   44   98    9.00000    8.00000  11.1%   778  175s
   402   158    8.00000   52   80    9.00000    8.00000  11.1%   630  180s
   523   216 infeasible   65         9.00000    8.00000  11.1%   520  185s
   655   304 infeasible  110         9.00000    8.00000  11.1%   471  190s
   953   366    8.00000   50   80    9.00000    8.00000  11.1%   427  198s
  1236   370    8.00000   62   77    9.00000    8.00000  11.1%   374  205s
  1440   430    8.00000   67   87    9.00000    8.00000  11.1%   351  212s
  2202   190    8.00000  152   95    9.00000    8.00000  11.1%   318  221s
  2642   168    8.00000   98   89    9.00000    8.00000  11.1%   315  236s
  2694   194    8.00000  101   80    9.00000    8.00000  11.1%   314  241s
  2913   338    8.00000  130   93    9.00000    8.00000  11.1%   303  249s
  3238   170 infeasible  231         9.00000    8.00000  11.1%   288  258s
  3454   150 infeasible  237         9.00000    8.00000  11.1%   286  261s
  3673   155 infeasible  103         9.00000    8.00000  11.1%   281  267s
  3799   198 infeasible   75         9.00000    8.00000  11.1%   277  270s
  3998   194    8.00000  110   87    9.00000    8.00000  11.1%   271  282s
  4082   195    8.00000  122   91    9.00000    8.00000  11.1%   271  286s
  4452   135    8.00000  124   89    9.00000    8.00000  11.1%   262  293s
  4617   105    8.00000  125   99    9.00000    8.00000  11.1%   258  296s
  4751    57    8.00000  126   95    9.00000    8.00000  11.1%   254  300s
  4962     0 infeasible  152         9.00000    8.00000  11.1%   250  305s

Cutting planes:
  Flow cover: 11

Explored 5014 nodes (1427492 simplex iterations) in 305.99 seconds (533.00 work units)
Thread count was 8 (of 40 available processors)

Solution count 8: 9 10 11 ... 59

Optimal solution found (tolerance 1.00e-04)
Best objective 9.000000000000e+00, best bound 9.000000000000e+00, gap 0.0000%

User-callback calls 84438, time in user-callback 0.45 sec
[MIP] stage 1: fleet=9 (bound 9.0, gap 0.0, proven=True, limit=1800.0s, remaining=3292.8s)
Set parameter TimeLimit to value 3292.82891702652
Gurobi Optimizer version 12.0.3 build v12.0.3rc0 (linux64 - "Ubuntu 24.04.4 LTS")

CPU model: Intel(R) Xeon(R) Gold 6230 CPU @ 2.10GHz, instruction set [SSE2|AVX|AVX2|AVX512]
Thread count: 40 physical cores, 40 logical processors, using up to 8 threads

Non-default parameters:
TimeLimit  3292.82891702652
Seed  20260919
Threads  8

Optimize a model with 189 rows, 39668 columns and 1096804 nonzeros
Model fingerprint: 0xccc133d7
Variable types: 0 continuous, 39668 integer (39668 binary)
Coefficient statistics:
  Matrix range     [1e+00, 1e+00]
  Objective range  [6e+00, 2e+02]
  Bounds range     [1e+00, 1e+00]
  RHS range        [1e+00, 9e+00]

Loaded user MIP start with objective 497.944
MIP start from previous solve did not produce a new incumbent solution

Presolve removed 0 rows and 68 columns
Presolve time: 2.52s
Presolved: 189 rows, 39600 columns, 1095250 nonzeros
Variable types: 0 continuous, 39600 integer (39600 binary)

Starting sifting (using dual simplex for sub-problems)...

    Iter     Pivots    Primal Obj      Dual Obj        Time
       0          0     infinity      0.0000000e+00      3s
       1        851   1.0529563e+06   2.8365540e+01      3s
       2       1561   5.0843496e+02   1.0734665e+02      3s
       3       2398   3.9955177e+02   2.1347463e+02      3s
       4       3180   3.4639658e+02   2.9547795e+02      3s
       5       4054   3.3777694e+02   3.1582560e+02      3s
       6       4730   3.3592535e+02   3.2931735e+02      3s

Sifting complete


Root relaxation: objective 3.358206e+02, 5252 iterations, 0.68 seconds (0.86 work units)

    Nodes    |    Current Node    |     Objective Bounds      |     Work
 Expl Unexpl |  Obj  Depth IntInf | Incumbent    BestBd   Gap | It/Node Time

     0     0  335.82062    0  160  497.94400  335.82062  32.6%     -    3s
H    0     0                     466.8640000  335.82062  28.1%     -    3s
     0     0  336.48237    0  160  466.86400  336.48237  27.9%     -    5s
     0     0  336.61930    0  162  466.86400  336.61930  27.9%     -   11s
     0     0  336.82114    0  173  466.86400  336.82114  27.9%     -   13s
     0     0  336.95557    0  172  466.86400  336.95557  27.8%     -   14s
     0     0  337.02212    0  171  466.86400  337.02212  27.8%     -   14s
     0     0  337.13948    0  172  466.86400  337.13948  27.8%     -   14s
     0     0  337.23501    0  171  466.86400  337.23501  27.8%     -   15s
     0     0  337.26553    0  170  466.86400  337.26553  27.8%     -   15s
     0     0  337.28453    0  171  466.86400  337.28453  27.8%     -   15s
     0     0  337.63189    0  173  466.86400  337.63189  27.7%     -   17s
     0     0  337.73032    0  175  466.86400  337.73032  27.7%     -   18s
     0     0  338.17838    0  181  466.86400  338.17838  27.6%     -   19s
     0     0  338.26552    0  180  466.86400  338.26552  27.5%     -   21s
     0     0  338.32027    0  185  466.86400  338.32027  27.5%     -   21s
     0     0  338.35185    0  185  466.86400  338.35185  27.5%     -   21s
     0     0  338.45480    0  186  466.86400  338.45480  27.5%     -   22s
     0     0  338.46327    0  188  466.86400  338.46327  27.5%     -   23s
     0     0  338.51096    0  190  466.86400  338.51096  27.5%     -   24s
     0     0  338.55842    0  188  466.86400  338.55842  27.5%     -   26s
     0     0  338.57589    0  187  466.86400  338.57589  27.5%     -   26s
     0     0  338.61269    0  187  466.86400  338.61269  27.5%     -   26s
     0     0  338.61269    0  187  466.86400  338.61269  27.5%     -   27s
     0     0  338.62935    0  190  466.86400  338.62935  27.5%     -   27s
     0     0  338.63148    0  190  466.86400  338.63148  27.5%     -   30s
     0     2  338.63148    0  190  466.86400  338.63148  27.5%     -   43s
     3     8  339.45945    2  172  466.86400  339.42720  27.3%   344   47s
    15    24  340.28218    4  180  466.86400  340.12219  27.1%   524   50s
    52    61  341.03285    9  179  466.86400  340.12219  27.1%   246   59s
H   58    61                     464.8800000  340.12219  26.8%   236   59s
    60    80  341.11992   10  177  464.88000  340.12219  26.8%   232   62s
   167   188  341.72118   22  181  464.88000  340.12219  26.8%   134   65s
   367   393  342.68088   42  179  464.88000  340.12219  26.8%  92.6   70s
   573   602  343.30308   59  179  464.88000  340.12219  26.8%  77.8   75s
   820   873  343.86730   81  177  464.88000  340.12219  26.8%  71.1   80s
  1080  1094  344.37083   98  183  464.88000  340.12219  26.8%  64.7   86s
H 1081  1094                     462.6480000  340.12219  26.5%  64.6   86s
  1328  1420  344.95706  114  185  462.64800  340.12219  26.5%  60.5   90s
  1688  1801  345.65271  135  182  462.64800  340.12219  26.5%  55.5   96s
  2033  2150  345.98840  157  180  462.64800  340.12219  26.5%  52.5  101s
  2397  2522  346.38557  175  178  462.64800  340.12219  26.5%  51.0  106s
  2665  2823  346.77575  189  182  462.64800  340.12219  26.5%  49.9  110s
  2834  2839  346.92569  201  183  462.64800  340.12219  26.5%  49.0  120s
  2850  2855  346.96141  203  181  462.64800  340.12219  26.5%  49.1  126s
  2858  2863  346.97816  204  184  462.64800  340.12219  26.5%  49.1  131s
  2866  2871  346.98901  205  185  462.64800  340.12219  26.5%  49.0  137s
  2874  2883  347.00064  206  182  462.64800  340.12219  26.5%  49.0  142s
H 2875  2883                     448.3920000  340.12219  24.1%  49.0  142s
  3027  3086  347.19369  218  180  448.39200  340.12219  24.1%  48.4  147s
H 3053  3086                     448.1440000  340.12219  24.1%  48.4  147s
  3232  3294  347.39724  247  179  448.14400  340.12219  24.1%  47.8  152s
  3446  3586  347.84547  271  183  448.14400  340.12219  24.1%  47.1  159s
  3596  3739  347.99332  281  182  448.14400  340.12219  24.1%  47.0  161s
  3939  4114  348.66375  309  187  448.14400  340.12219  24.1%  46.5  166s
  4325  4527  349.01209  344  182  448.14400  340.12219  24.1%  46.1  171s
  4537  4610  349.23150  362  177  448.14400  340.12219  24.1%  45.8  176s
H 4538  4610                     447.4000000  340.12219  24.0%  45.8  176s
  4860  5087  349.43492  389  182  447.40000  340.12219  24.0%  45.5  182s
  5097  5333  349.60810  418  180  447.40000  340.12219  24.0%  45.5  185s
  5620  5893  350.13679  462  177  447.40000  340.12219  24.0%  44.8  192s
  5905  6212  350.39285  488  177  447.40000  340.12219  24.0%  44.5  196s
  6224  6540  350.70738  515  175  447.40000  340.12219  24.0%  44.1  200s
  6894  7056  351.33981  579  181  447.40000  340.12219  24.0%  43.3  210s
  7068  7473  351.45500  588  175  447.40000  340.12219  24.0%  43.1  215s
  7486  7474  382.10917  104  190  447.40000  340.12219  24.0%  42.6  223s
  7488  7475  358.58721  274  160  447.40000  340.12219  24.0%  42.6  232s
  7489  7476  359.60396  358  163  447.40000  340.12219  24.0%  42.6  245s
  7496  7481  365.94060  736  182  447.40000  340.12219  24.0%  42.5  251s
  7497  7481  405.68793  883  185  447.40000  340.12219  24.0%  42.5  265s
  7499  7483  351.28049  569  185  447.40000  340.57550  23.9%  42.5  275s
  7501  7484  390.42795  287  185  447.40000  341.95929  23.6%  42.5  301s
  7504  7491  341.95929   15  180  447.40000  341.95929  23.6%  43.5  307s
  7508  7498  341.95929   16  181  447.40000  341.95929  23.6%  43.8  310s
  7541  7517  341.95929   19  176  447.40000  341.95929  23.6%  45.0  318s
  7550  7528  358.96315   19  147  447.40000  341.95929  23.6%  46.1  321s
  7584  7539  341.95929   21  180  447.40000  341.95929  23.6%  48.0  328s
  7592  7543  350.79156   21  163  447.40000  341.95929  23.6%  48.2  338s
  7600  7548  341.95929   22  179  447.40000  341.95929  23.6%  48.8  342s
  7608  7553  360.32278   22  151  447.40000  341.95929  23.6%  49.1  345s
  7624  7564  356.44059   23  125  447.40000  341.95929  23.6%  50.4  350s
  7644  7577  356.04959   24  142  447.40000  341.95929  23.6%  51.3  355s
  7667  7588  363.37894   25  132  447.40000  341.95929  23.6%  52.2  361s
  7676  7595  341.95929   26  179  447.40000  341.95929  23.6%  52.8  368s
  7686  7600  355.59161   26  151  447.40000  341.95929  23.6%  53.2  370s
  7710  7613  357.62965   27  127  447.40000  341.95929  23.6%  54.4  376s
  7726  7619  341.95929   28  177  447.40000  341.95929  23.6%  55.1  382s
  7743  7622  354.17185   28  136  447.40000  341.95929  23.6%  55.7  385s
  7777  7634  364.59688   29  154  447.40000  341.95929  23.6%  57.1  394s
  7790  7637  341.95929   30  177  447.40000  341.95929  23.6%  58.0  407s
  7799  7643  360.81178   30  123  447.40000  341.95929  23.6%  58.4  411s
  7810  7651  342.03783   31  179  447.40000  341.95929  23.6%  58.9  456s
  7837  7671  342.16579   33  178  447.40000  341.95929  23.6%  60.4  468s
  7856  7680  358.74538   34  157  447.40000  341.95929  23.6%  61.3  473s
  7879  7688  355.78837   35  133  447.40000  341.95929  23.6%  62.6  477s
  7907  7690  342.29819   37  179  447.40000  341.95929  23.6%  63.7  481s
  7932  7701  342.34076   38  180  447.40000  341.95929  23.6%  65.2  485s
  7962  7710  358.49486   39  148  447.40000  341.95929  23.6%  66.3  490s
  7995  7722  345.60854   40  154  447.40000  341.95929  23.6%  67.8  496s
  8031  7730  343.15345   42  180  447.40000  341.95929  23.6%  69.4  501s
  8067  7748  352.57340   43  148  447.40000  341.95929  23.6%  71.0  506s
  8110  7762  343.51029   45  176  447.40000  341.95929  23.6%  72.7  512s
  8156  7778  343.82402   47  176  447.40000  341.95929  23.6%  74.3  518s
  8203  7793  344.25181   49  183  447.40000  341.95929  23.6%  76.2  523s
  8254  7801  345.14401   51  176  447.40000  341.95929  23.6%  77.8  529s
  8299  7819  345.15235   52  175  447.40000  341.95929  23.6%  79.7  535s
  8353  7821  345.52849   54  173  447.40000  341.95929  23.6%  81.7  551s
  8395  7841  360.42537   54  147  447.40000  341.95929  23.6%  82.7  558s
  8453  7854  345.61980   56  175  447.40000  341.95929  23.6%  84.6  565s
  8513  7870  360.49084   58  136  447.40000  341.95929  23.6%  86.7  572s
  8577  7890  345.83209   61  175  447.40000  341.95929  23.6%  88.7  580s
  8645  7908  371.81663   63  132  447.40000  341.95929  23.6%  90.6  587s
  8713  7923  346.15348   66  175  447.40000  341.95929  23.6%  92.3  595s
  8785  7946  359.89403   68  151  447.40000  341.95929  23.6%  94.5  603s
  8864  7965  346.47829   71  179  447.40000  341.95929  23.6%  96.6  611s
  8944  7987  346.52909   74  181  447.40000  341.95929  23.6%  98.7  619s
  9029  8007  346.64043   77  177  447.40000  341.95929  23.6%   101  627s
  9119  8016  346.69027   80  179  447.40000  341.95929  23.6%   103  638s
  9198  8032  346.77152   82  177  447.40000  341.95929  23.6%   104  648s
  9285  8055  346.83836   85  177  447.40000  341.95929  23.6%   106  658s
  9383  8079  346.95816   88  173  447.40000  341.95929  23.6%   108  668s
  9492  8101  361.64561   91  134  447.40000  341.95929  23.6%   110  678s
  9604  8097  347.22907   95  172  447.40000  341.95929  23.6%   112  689s
  9691  8098  347.28165   97  174  447.40000  341.95929  23.6%   114  701s
  9784  8129  347.40065   99  173  447.40000  341.95929  23.6%   115  711s
  9911  8144  365.59989  103  137  447.40000  341.95929  23.6%   117  723s
 10042  8184  347.64676  108  170  447.40000  341.95929  23.6%   119  735s
 10136  8252  347.79366  113  166  447.40000  341.95929  23.6%   122  747s
 10241  8254  348.02091  118  170  447.40000  341.95929  23.6%   125  763s
 10286  8264  348.11054  120  170  447.40000  341.95929  23.6%   126  779s
 10315  8363  365.21966  120  133  447.40000  341.95929  23.6%   127  794s
 10431  8423  348.20061  125  174  447.40000  341.95929  23.6%   130  824s
 10536  8475  348.40498  131  171  447.40000  341.95929  23.6%   133  843s
 10636  8534  348.94394  136  168  447.40000  341.95929  23.6%   136  862s
 10746  8588  349.31403  141  177  447.40000  341.95929  23.6%   140  878s
 10863  8717  349.54836  148  176  447.40000  341.95929  23.6%   144  893s
 11061  8821  349.94483  154  172  447.40000  341.95929  23.6%   147  913s
 11256  8952  367.47775  157  145  447.40000  341.95929  23.6%   149  930s
 11487  9078  350.44929  165  176  447.40000  341.95929  23.6%   152  948s
 11725  9194  350.66385  172  174  447.40000  341.95929  23.6%   155  968s
 11944  9343  350.94250  175  174  447.40000  341.95929  23.6%   157  987s
 12214  9411  351.14231  183  172  447.40000  341.95929  23.6%   160 1007s
 12412  9567  351.36784  190  176  447.40000  341.95929  23.6%   162 1029s
 12686  9706  351.51112  195  174  447.40000  341.95929  23.6%   165 1052s
 12974  9734  351.71797  205  171  447.40000  341.95929  23.6%   168 1076s
 13127  9741  351.81160  211  170  447.40000  341.95929  23.6%   170 1106s
 13201  9778  351.93747  213  177  447.40000  341.95929  23.6%   172 1149s
 13317  9851  364.82862  213  136  447.40000  341.95929  23.6%   173 1178s
 13548 10039  352.06835  217  171  447.40000  341.95929  23.6%   176 1208s
 13929 10066  352.32631  228  177  447.40000  341.95929  23.6%   178 1502s
 14240 10265  352.53992  237  175  447.40000  341.95929  23.6%   180 1531s
 14728 10460  352.62842  246  177  447.40000  341.95929  23.6%   181 1565s
 15274 10463  352.98472  259  176  447.40000  341.95929  23.6%   182 1583s
 15661 10599  353.70005  263  173  447.40000  341.95929  23.6%   181 1600s
 16047 10803  353.86551  270  175  447.40000  342.24067  23.5%   180 1617s
 16391 10958  354.14074  278  173  447.40000  342.24067  23.5%   180 1635s
 16666 11308  372.69358  283  151  447.40000  342.24067  23.5%   180 1654s
 17121 11504  355.46893  291  175  447.40000  342.24067  23.5%   179 1675s
 17478 11450  355.64957  296  174  447.40000  342.24067  23.5%   178 1701s
 17552 11846  374.89477  298  139  447.40000  342.24067  23.5%   179 1723s
 17992 12205  355.92861  305  180  447.40000  342.24067  23.5%   178 1748s
 18521 12668  356.49018  312  176  447.40000  342.24067  23.5%   177 1772s
 19188 12946  357.18389  322  172  447.40000  342.24067  23.5%   175 1797s
 19706 13396  357.62114  329  175  447.40000  342.24067  23.5%   173 1824s
 20351 13931  357.89652  340  175  447.40000  342.24067  23.5%   172 1848s
 21143 14294  358.04873  350  172  447.40000  342.24067  23.5%   169 1871s
 21816 14672  358.64688  361  175  447.40000  342.28513  23.5%   168 1898s
 22448 14824  358.74319  369  177  447.40000  342.28513  23.5%   167 1927s
 22880 14881  359.33745  380  175  447.40000  344.91530  22.9%   168 2241s
 23102 15337  375.61163  388  133  447.40000  344.91530  22.9%   169 2270s
 23694 15804  379.22098  398  136  447.40000  344.91530  22.9%   169 2303s
 24427 16335  360.09767  410  175  447.40000  344.91530  22.9%   168 2334s
 25269 17102  360.40972  424  171  447.40000  344.91530  22.9%   167 2371s
 26378 17826  360.80388  439  173  447.40000  344.91530  22.9%   165 2402s
 27571 18915  361.25580  456  165  447.40000  344.91530  22.9%   162 2438s
 29176 18381  371.95975  122  190  447.40000  344.91530  22.9%   158 2805s
 29178 18382  407.26159  282  160  447.40000  344.91530  22.9%   158 2815s
 29179 18383  405.81996 1596  159  447.40000  344.91530  22.9%   158 2830s
 29184 18386  423.53458 1836  180  447.40000  344.91530  22.9%   158 2835s
 29190 18390  368.78462  489  187  447.40000  344.91530  22.9%   158 2841s
 29191 18391  387.73288  284  191  447.40000  344.91530  22.9%   158 2868s
 29192 18392  428.35349  233  190  447.40000  344.91530  22.9%   158 2881s
 29193 18392  373.63922  184  191  447.40000  344.91530  22.9%   158 2906s
 29194 18393  389.15253  509  191  447.40000  344.91530  22.9%   158 2918s
 29195 18394  419.79942 1760  191  447.40000  344.91530  22.9%   158 2954s
 29196 18397  344.91530   27  183  447.40000  344.91530  22.9%   158 2957s
 29202 18407  344.91530   29  178  447.40000  344.91530  22.9%   158 2967s
 29210 18413  344.91530   30  178  447.40000  344.91530  22.9%   158 2970s
 29218 18430  344.91530   31  179  447.40000  344.91530  22.9%   158 2979s
 29238 18436  344.91530   32  179  447.40000  344.91530  22.9%   158 2983s
 29253 18448  357.69358   32  131  447.40000  344.91530  22.9%   159 2986s
 29270 18455  344.91530   33  176  447.40000  344.91530  22.9%   159 2991s
 29300 18473  344.91530   34  180  447.40000  344.91530  22.9%   159 2998s
 29316 18479  355.99636   34  124  447.40000  344.91530  22.9%   159 3002s
 29332 18486  344.91530   35  181  447.40000  344.91530  22.9%   159 3006s
 29364 18496  344.91530   36  183  447.40000  344.91530  22.9%   160 3015s
 29372 18501  358.91144   36  143  447.40000  344.91530  22.9%   160 3022s
 29381 18506  344.91530   37  177  447.40000  344.91530  22.9%   160 3030s
 29397 18515  344.91530   38  176  447.40000  344.91530  22.9%   160 3036s
 29406 18519  353.52165   38  147  447.40000  344.91530  22.9%   160 3047s
 29415 18525  344.91530   39  181  447.40000  344.91530  22.9%   160 3050s
 29440 18541  344.91530   40  178  447.40000  344.91530  22.9%   160 3055s
 29454 18547  355.47083   40  150  447.40000  344.91530  22.9%   160 3062s
 29471 18558  344.91530   41  182  447.40000  344.91530  22.9%   161 3066s
 29510 18580  344.91530   42  179  447.40000  344.91530  22.9%   161 3072s
 29533 18594  354.72026   42  147  447.40000  344.91530  22.9%   161 3075s
 29560 18605  344.91530   43  181  447.40000  344.91530  22.9%   161 3080s
 29586 18620  344.91530   44  177  447.40000  344.91530  22.9%   161 3085s
 29647 18646  344.91530   46  178  447.40000  344.91530  22.9%   162 3093s
 29678 18658  344.91530   47  177  447.40000  344.91530  22.9%   162 3097s
 29708 18673  344.91530   48  176  447.40000  344.91530  22.9%   162 3101s
 29743 18688  344.91530   49  176  447.40000  344.91530  22.9%   163 3105s
 29778 18699  358.01851   50  151  447.40000  344.91530  22.9%   163 3111s
 29817 18717  344.91530   52  180  447.40000  344.91530  22.9%   163 3116s
 29859 18736  344.91530   54  182  447.40000  344.91530  22.9%   163 3123s
 29901 18754  365.95373   55  129  447.40000  344.91530  22.9%   164 3128s
 29944 18768  344.91530   57  181  447.40000  344.91530  22.9%   164 3133s
 29989 18771  344.91530   59  179  447.40000  344.91530  22.9%   164 3149s
 30023 18770  361.59070   59  134  447.40000  344.91530  22.9%   165 3159s
 30033 18779  344.91530   60  179  447.40000  344.91530  22.9%   165 3167s
 30053 18797  344.91530   62  182  447.40000  344.91530  22.9%   165 3176s
 30091 18824  344.91530   64  180  447.40000  344.91530  22.9%   165 3183s
 30141 18847  345.02840   66  180  447.40000  344.91530  22.9%   165 3190s
 30204 18873  345.12922   68  180  447.40000  344.91530  22.9%   166 3196s
 30273 18895  345.25542   70  179  447.40000  344.91530  22.9%   166 3203s
 30343 18908  359.96562   72  150  447.40000  344.91530  22.9%   166 3212s
 30412 18924  345.52691   75  183  447.40000  344.91530  22.9%   167 3219s
 30487 18942  363.91151   77  126  447.40000  344.91530  22.9%   167 3227s
 30565 18961  345.77531   79  181  447.40000  344.91530  22.9%   167 3236s
 30651 18974  346.00262   82  175  447.40000  344.91530  22.9%   168 3244s
 30729 18990  346.14662   84  178  447.40000  344.91530  22.9%   168 3253s
 30811 19016  364.41797   86  120  447.40000  344.91530  22.9%   168 3262s
 30908 19008  346.29245   89  180  447.40000  344.91530  22.9%   169 3272s
 30975 19017  365.75229   90  143  447.40000  344.91530  22.9%   169 3282s
 31055 19043  346.33007   91  181  447.40000  344.91530  22.9%   169 3292s

Cutting planes:
  MIR: 19
  Flow cover: 24

Explored 31163 nodes (5280999 simplex iterations) in 3292.92 seconds (7306.44 work units)
Thread count was 8 (of 40 available processors)

Solution count 7: 447.4 448.144 448.392 ... 497.944

Time limit reached
Best objective 4.474000000000e+02, best bound 3.449153022044e+02, gap 22.9067%

User-callback calls 1046276, time in user-callback 7.06 sec
[MIP] status=TIME_LIMIT(9) buses=9 obj=900447.4 gap=0.2290672726767529 -> /home/nc437/ladder-lite/diving_pricing_20260919/results/c4_k08/control_arm_a/586640_r0/result.json
