
Gurobi 12.0.3 (linux64) logging started Tue Sep 22 07:38:02 2026

Set parameter LogFile to value "/share/scaglione/nc437/evsp-dr/chain_extension_33_40_20260921/cases/w6_k33/cg/661724_r0/cg.json.gurobi.log"
Set parameter TimeLimit to value 1.2445076524551027e+04
Set parameter TimeLimit to value 1.2445076524551027e+04
Set parameter Method to value 1
Gurobi Optimizer version 12.0.3 build v12.0.3rc0 (linux64 - "Ubuntu 24.04.4 LTS")

CPU model: Intel(R) Xeon(R) Gold 5218R CPU @ 2.10GHz, instruction set [SSE2|AVX|AVX2|AVX512]
Thread count: 40 physical cores, 40 logical processors, using up to 1 threads

Non-default parameters:
TimeLimit  1.2445076524551027e+04
Method  1
BarHomogeneous  1
Threads  1

Optimize a model with 796 rows, 247941 columns and 6574980 nonzeros
Model fingerprint: 0x2c043783
Coefficient statistics:
  Matrix range     [1e+00, 1e+00]
  Objective range  [1e+05, 5e+05]
  Bounds range     [0e+00, 0e+00]
  RHS range        [1e+00, 1e+00]
Presolve removed 17 rows and 813 columns
Presolve time: 3.37s
Presolved: 779 rows, 247128 columns, 6574167 nonzeros

Iteration    Objective       Primal Inf.    Dual Inf.      Time
       0    1.7000000e+06   7.790000e+02   0.000000e+00      4s

Starting sifting (using dual simplex for sub-problems)...

    Iter     Pivots    Primal Obj      Dual Obj        Time
       0          0     infinity      1.7000000e+06      4s
       1       1222   4.1937574e+07   2.6502347e+06      4s
       2       5448   8.3552784e+06   3.0458968e+06      5s
       3       9986   5.0958188e+06   3.6873842e+06      7s
       4      19978   4.9019137e+06   4.8980879e+06     14s
       5      26771   4.9015693e+06   4.9005145e+06     20s
       6      34403   4.9014118e+06   4.9009348e+06     27s
       7      41675   4.9013651e+06   4.9011789e+06     36s
       8      48842   4.9013540e+06   4.9012624e+06     46s
       9      56233   4.9013467e+06   4.9013077e+06     56s
      10      63297   4.9013446e+06   4.9013256e+06     66s
      11      69761   4.9013436e+06   4.9013336e+06     74s
      12      76116   4.9013432e+06   4.9013390e+06     83s

Sifting complete

   83068    4.9013432e+06   0.000000e+00   1.368690e+03     92s
   86107    4.9013432e+06   0.000000e+00   0.000000e+00     96s

Solved in 86107 iterations and 95.64 seconds (150.81 work units)
Optimal objective  4.901343194e+06
Set parameter TimeLimit to value 1.2290159377294593e+04
Set parameter Method to value 1
Gurobi Optimizer version 12.0.3 build v12.0.3rc0 (linux64 - "Ubuntu 24.04.4 LTS")

CPU model: Intel(R) Xeon(R) Gold 5218R CPU @ 2.10GHz, instruction set [SSE2|AVX|AVX2|AVX512]
Thread count: 40 physical cores, 40 logical processors, using up to 1 threads

Non-default parameters:
TimeLimit  1.2290159377294593e+04
Method  1
BarHomogeneous  1
Threads  1

Optimize a model with 796 rows, 247971 columns and 6575537 nonzeros
Coefficient statistics:
  Matrix range     [1e+00, 1e+00]
  Objective range  [1e+05, 5e+05]
  Bounds range     [0e+00, 0e+00]
  RHS range        [1e+00, 1e+00]
LP warm-start: use basis

Iteration    Objective       Primal Inf.    Dual Inf.      Time
       0   -4.7896975e+37   3.278378e+33   4.789698e+07      0s
     333    3.3014347e+06   1.123423e+03   0.000000e+00      6s
     693    3.3014348e+06   8.879450e+02   0.000000e+00     11s
     930    3.3014348e+06   8.685101e+02   0.000000e+00     15s
    1288    3.3014348e+06   2.807291e+01   0.000000e+00     21s
    1647    3.3014348e+06   2.891211e+01   0.000000e+00     27s
    1884    3.3014348e+06   1.122266e+01   0.000000e+00     30s
    2240    3.3014348e+06   5.467976e+01   0.000000e+00     36s
    2600    3.3014348e+06   7.945768e+00   0.000000e+00     42s
    2840    3.3014348e+06   7.768429e-01   0.000000e+00     46s
    2985    3.3014348e+06   0.000000e+00   0.000000e+00     48s

Solved in 2985 iterations and 48.09 seconds (64.86 work units)
Optimal objective  3.301434845e+06
Set parameter TimeLimit to value 1.2213780051700305e+04
Set parameter Method to value 1
Gurobi Optimizer version 12.0.3 build v12.0.3rc0 (linux64 - "Ubuntu 24.04.4 LTS")

CPU model: Intel(R) Xeon(R) Gold 5218R CPU @ 2.10GHz, instruction set [SSE2|AVX|AVX2|AVX512]
Thread count: 40 physical cores, 40 logical processors, using up to 1 threads

Non-default parameters:
TimeLimit  1.2213780051700305e+04
Method  1
BarHomogeneous  1
Threads  1

Optimize a model with 796 rows, 248001 columns and 6575982 nonzeros
Coefficient statistics:
  Matrix range     [1e+00, 1e+00]
  Objective range  [1e+05, 5e+05]
  Bounds range     [0e+00, 0e+00]
  RHS range        [1e+00, 1e+00]
LP warm-start: use basis

Iteration    Objective       Primal Inf.    Dual Inf.      Time
       0   -3.0022649e+36   4.407487e+33   3.002265e+06      1s
       6    3.3014348e+06   0.000000e+00   0.000000e+00      1s

Solved in 6 iterations and 0.58 seconds (0.38 work units)
Optimal objective  3.301434845e+06
Set parameter TimeLimit to value 1.2191659117645118e+04
Set parameter Method to value 1
Gurobi Optimizer version 12.0.3 build v12.0.3rc0 (linux64 - "Ubuntu 24.04.4 LTS")

CPU model: Intel(R) Xeon(R) Gold 5218R CPU @ 2.10GHz, instruction set [SSE2|AVX|AVX2|AVX512]
Thread count: 40 physical cores, 40 logical processors, using up to 1 threads

Non-default parameters:
TimeLimit  1.2191659117645118e+04
Method  1
BarHomogeneous  1
Threads  1

Optimize a model with 796 rows, 248031 columns and 6576639 nonzeros
Coefficient statistics:
  Matrix range     [1e+00, 1e+00]
  Objective range  [1e+05, 5e+05]
  Bounds range     [0e+00, 0e+00]
  RHS range        [1e+00, 1e+00]
LP warm-start: use basis

Iteration    Objective       Primal Inf.    Dual Inf.      Time
       0   -3.0020688e+36   9.459933e+33   3.002069e+06      0s
      22    3.3014348e+06   0.000000e+00   0.000000e+00      1s

Solved in 22 iterations and 1.14 seconds (1.16 work units)
Optimal objective  3.301434845e+06
Set parameter TimeLimit to value 1.2168830408609472e+04
Set parameter Method to value 1
Gurobi Optimizer version 12.0.3 build v12.0.3rc0 (linux64 - "Ubuntu 24.04.4 LTS")

CPU model: Intel(R) Xeon(R) Gold 5218R CPU @ 2.10GHz, instruction set [SSE2|AVX|AVX2|AVX512]
Thread count: 40 physical cores, 40 logical processors, using up to 1 threads

Non-default parameters:
TimeLimit  1.2168830408609472e+04
Method  1
BarHomogeneous  1
Threads  1

Optimize a model with 796 rows, 248061 columns and 6577260 nonzeros
Coefficient statistics:
  Matrix range     [1e+00, 1e+00]
  Objective range  [1e+05, 5e+05]
  Bounds range     [0e+00, 0e+00]
  RHS range        [1e+00, 1e+00]
LP warm-start: use basis

Iteration    Objective       Primal Inf.    Dual Inf.      Time
       0   -3.0018584e+36   2.385323e+34   3.001858e+06      0s
     194    3.3014348e+06   0.000000e+00   0.000000e+00      4s

Solved in 194 iterations and 3.57 seconds (4.46 work units)
Optimal objective  3.301434845e+06
Set parameter TimeLimit to value 1.2142348569625989e+04
Set parameter Method to value 1
Gurobi Optimizer version 12.0.3 build v12.0.3rc0 (linux64 - "Ubuntu 24.04.4 LTS")

CPU model: Intel(R) Xeon(R) Gold 5218R CPU @ 2.10GHz, instruction set [SSE2|AVX|AVX2|AVX512]
Thread count: 40 physical cores, 40 logical processors, using up to 1 threads

Non-default parameters:
TimeLimit  1.2142348569625989e+04
Method  1
BarHomogeneous  1
Threads  1

Optimize a model with 796 rows, 248091 columns and 6577942 nonzeros
Coefficient statistics:
  Matrix range     [1e+00, 1e+00]
  Objective range  [1e+05, 5e+05]
  Bounds range     [0e+00, 0e+00]
  RHS range        [1e+00, 1e+00]
LP warm-start: use basis

Iteration    Objective       Primal Inf.    Dual Inf.      Time
       0   -3.0017688e+36   1.357104e+34   3.001769e+06      0s
     122    3.3014348e+06   0.000000e+00   0.000000e+00      2s

Solved in 122 iterations and 2.32 seconds (2.81 work units)
Optimal objective  3.301434845e+06
Set parameter TimeLimit to value 1.2119533247534651e+04
Set parameter Method to value 1
Gurobi Optimizer version 12.0.3 build v12.0.3rc0 (linux64 - "Ubuntu 24.04.4 LTS")

CPU model: Intel(R) Xeon(R) Gold 5218R CPU @ 2.10GHz, instruction set [SSE2|AVX|AVX2|AVX512]
Thread count: 40 physical cores, 40 logical processors, using up to 1 threads

Non-default parameters:
TimeLimit  1.2119533247534651e+04
Method  1
BarHomogeneous  1
Threads  1

Optimize a model with 796 rows, 248121 columns and 6578362 nonzeros
Coefficient statistics:
  Matrix range     [1e+00, 1e+00]
  Objective range  [1e+05, 5e+05]
  Bounds range     [0e+00, 0e+00]
  RHS range        [1e+00, 1e+00]
LP warm-start: use basis

Iteration    Objective       Primal Inf.    Dual Inf.      Time
       0   -3.0014282e+36   1.737755e+34   3.001428e+06      0s
      75    3.3014348e+06   0.000000e+00   0.000000e+00      1s

Solved in 75 iterations and 1.49 seconds (1.75 work units)
Optimal objective  3.301434845e+06
Set parameter TimeLimit to value 1.2093420093167573e+04
Set parameter Method to value 1
Gurobi Optimizer version 12.0.3 build v12.0.3rc0 (linux64 - "Ubuntu 24.04.4 LTS")

CPU model: Intel(R) Xeon(R) Gold 5218R CPU @ 2.10GHz, instruction set [SSE2|AVX|AVX2|AVX512]
Thread count: 40 physical cores, 40 logical processors, using up to 1 threads

Non-default parameters:
TimeLimit  1.2093420093167573e+04
Method  1
BarHomogeneous  1
Threads  1

Optimize a model with 796 rows, 248151 columns and 6578910 nonzeros
Coefficient statistics:
  Matrix range     [1e+00, 1e+00]
  Objective range  [1e+05, 5e+05]
  Bounds range     [0e+00, 0e+00]
  RHS range        [1e+00, 1e+00]
LP warm-start: use basis

Iteration    Objective       Primal Inf.    Dual Inf.      Time
       0   -3.0009475e+36   2.770659e+34   3.000948e+06      0s
     114    3.3014348e+06   0.000000e+00   0.000000e+00      2s

Solved in 114 iterations and 2.25 seconds (2.75 work units)
Optimal objective  3.301434845e+06
Set parameter TimeLimit to value 1.2067249392722733e+04
Set parameter Method to value 1
Gurobi Optimizer version 12.0.3 build v12.0.3rc0 (linux64 - "Ubuntu 24.04.4 LTS")

CPU model: Intel(R) Xeon(R) Gold 5218R CPU @ 2.10GHz, instruction set [SSE2|AVX|AVX2|AVX512]
Thread count: 40 physical cores, 40 logical processors, using up to 1 threads

Non-default parameters:
TimeLimit  1.2067249392722733e+04
Method  1
BarHomogeneous  1
Threads  1

Optimize a model with 796 rows, 248181 columns and 6579306 nonzeros
Coefficient statistics:
  Matrix range     [1e+00, 1e+00]
  Objective range  [1e+05, 5e+05]
  Bounds range     [0e+00, 0e+00]
  RHS range        [1e+00, 1e+00]
LP warm-start: use basis

Iteration    Objective       Primal Inf.    Dual Inf.      Time
       0   -3.0007216e+36   3.068107e+34   3.000722e+06      1s
     146    3.3014348e+06   0.000000e+00   0.000000e+00      3s

Solved in 146 iterations and 2.79 seconds (3.43 work units)
Optimal objective  3.301434845e+06
Set parameter TimeLimit to value 12044.0003427919
Set parameter Method to value 1
Gurobi Optimizer version 12.0.3 build v12.0.3rc0 (linux64 - "Ubuntu 24.04.4 LTS")

CPU model: Intel(R) Xeon(R) Gold 5218R CPU @ 2.10GHz, instruction set [SSE2|AVX|AVX2|AVX512]
Thread count: 40 physical cores, 40 logical processors, using up to 1 threads

Non-default parameters:
TimeLimit  12044.0003427919
Method  1
BarHomogeneous  1
Threads  1

Optimize a model with 796 rows, 248211 columns and 6579827 nonzeros
Coefficient statistics:
  Matrix range     [1e+00, 1e+00]
  Objective range  [1e+05, 5e+05]
  Bounds range     [0e+00, 0e+00]
  RHS range        [1e+00, 1e+00]
LP warm-start: use basis

Iteration    Objective       Primal Inf.    Dual Inf.      Time
       0   -3.0004478e+36   4.466328e+34   3.000448e+06      0s
     136    3.3014348e+06   0.000000e+00   0.000000e+00      3s

Solved in 136 iterations and 2.55 seconds (3.12 work units)
Optimal objective  3.301434845e+06
Set parameter TimeLimit to value 1.2016685626845341e+04
Set parameter Method to value 1
Gurobi Optimizer version 12.0.3 build v12.0.3rc0 (linux64 - "Ubuntu 24.04.4 LTS")

CPU model: Intel(R) Xeon(R) Gold 5218R CPU @ 2.10GHz, instruction set [SSE2|AVX|AVX2|AVX512]
Thread count: 40 physical cores, 40 logical processors, using up to 1 threads

Non-default parameters:
TimeLimit  1.2016685626845341e+04
Method  1
BarHomogeneous  1
Threads  1

Optimize a model with 796 rows, 248241 columns and 6580262 nonzeros
Coefficient statistics:
  Matrix range     [1e+00, 1e+00]
  Objective range  [1e+05, 5e+05]
  Bounds range     [0e+00, 0e+00]
  RHS range        [1e+00, 1e+00]
LP warm-start: use basis

Iteration    Objective       Primal Inf.    Dual Inf.      Time
       0   -3.0006428e+36   2.334877e+34   3.000643e+06      0s
     331   -6.4526291e+30   3.253073e+33   6.452629e+00      5s
     700   -2.1639876e+30   1.250689e+33   2.163988e+00     10s
    1023   -1.2216236e+30   6.384853e+34   1.221622e+00     15s
    1380   -1.5167328e+29   7.734849e+33   1.516734e-01     21s
    1742    3.2015026e+06   4.400565e+04   0.000000e+00     27s
    1972    3.2015079e+06   8.600924e+04   0.000000e+00     30s
    2324    3.2015124e+06   3.785171e+04   0.000000e+00     36s
    2677    3.2015191e+06   1.037106e+04   0.000000e+00     41s
    3027    3.2015246e+06   2.609482e+04   0.000000e+00     47s
    3267    3.2015365e+06   5.572956e+04   0.000000e+00     51s
    3619    3.2015426e+06   8.031036e+04   0.000000e+00     56s
    3967    3.2015495e+06   8.868627e+04   0.000000e+00     62s
    4206    3.2015522e+06   4.898294e+04   0.000000e+00     66s
    4566    3.2015570e+06   3.825707e+04   0.000000e+00     71s
    4802    3.2015593e+06   4.341339e+04   0.000000e+00     75s
    5156    3.2015615e+06   5.336989e+03   0.000000e+00     81s
    5510    3.2015632e+06   1.819750e+04   0.000000e+00     86s
    5749    3.2015673e+06   1.013631e+04   0.000000e+00     90s
    6104    3.2015701e+06   2.316231e+04   0.000000e+00     96s
    6455    3.2015730e+06   9.530314e+03   0.000000e+00    102s
    6692    3.2015757e+06   3.405963e+04   0.000000e+00    105s
    7050    3.2015900e+06   2.594476e+04   0.000000e+00    111s
    7405    3.2016057e+06   3.748939e+04   0.000000e+00    117s
    7635    3.2016143e+06   1.533436e+04   0.000000e+00    120s
    7989    3.2016212e+06   2.519810e+04   0.000000e+00    126s
    8339    3.2016286e+06   3.583098e+05   0.000000e+00    132s
    8569    3.2016403e+06   4.880779e+04   0.000000e+00    135s
    8920    3.2680834e+06   8.920825e+04   0.000000e+00    141s
    9267    3.2680882e+06   1.094503e+04   0.000000e+00    146s
    9504    3.2680960e+06   1.142151e+05   0.000000e+00    150s
    9854    3.2681005e+06   4.933240e+03   0.000000e+00    156s
   10209    3.2681046e+06   1.442090e+04   0.000000e+00    161s
   10442    3.2681083e+06   3.028400e+03   0.000000e+00    165s
   10792    3.2681101e+06   2.605160e+03   0.000000e+00    171s
   11142    3.2681113e+06   3.964542e+03   0.000000e+00    176s
   11371    3.2681120e+06   4.366569e+03   0.000000e+00    180s
   11727    3.2681135e+06   1.024287e+04   0.000000e+00    186s
   12068    3.2681146e+06   4.600709e+03   0.000000e+00    191s
   12300    3.2681157e+06   4.018613e+03   0.000000e+00    195s
   12646    3.2681171e+06   3.517278e+03   0.000000e+00    201s
   12995    3.2681223e+06   3.618261e+03   0.000000e+00    207s
   13223    3.2681231e+06   3.148003e+03   0.000000e+00    210s
   13565    3.2681261e+06   4.045859e+03   0.000000e+00    216s
   13906    3.2681273e+06   4.517634e+04   0.000000e+00    221s
   14137    3.2681282e+06   6.922098e+02   0.000000e+00    225s
   14480    3.2681291e+06   1.287058e+03   0.000000e+00    231s
   14826    3.2681302e+06   2.046160e+03   0.000000e+00    236s
   15056    3.2681307e+06   9.261042e+02   0.000000e+00    240s
   15393    3.2681315e+06   1.818204e+03   0.000000e+00    246s
   15733    3.2681322e+06   9.559181e+02   0.000000e+00    251s
   16070    3.2681329e+06   3.137799e+03   0.000000e+00    257s
   16286    3.2681333e+06   9.415866e+02   0.000000e+00    260s
   16624    3.2681338e+06   2.985110e+02   0.000000e+00    266s
   16961    3.2681343e+06   4.796133e+02   0.000000e+00    271s
   17301    3.2681347e+06   3.194267e+02   0.000000e+00    277s
   17525    3.2681349e+06   2.130522e+03   0.000000e+00    280s
   17865    3.2681352e+06   5.826061e+02   0.000000e+00    286s
   18200    3.2681355e+06   8.420964e+01   0.000000e+00    291s
   18427    3.2681356e+06   1.734548e+02   0.000000e+00    295s
   18765    3.2681358e+06   5.920437e+01   0.000000e+00    301s
   19102    3.2681358e+06   2.212758e+01   0.000000e+00    306s
   19443    3.2681359e+06   1.275610e+01   0.000000e+00    312s
   19672    3.2681359e+06   1.324123e-01   0.000000e+00    315s
   19725    3.2681359e+06   0.000000e+00   0.000000e+00    316s

Solved in 19725 iterations and 316.36 seconds (428.04 work units)
Optimal objective  3.268135893e+06
Set parameter TimeLimit to value 1.1675145077666733e+04
Set parameter Method to value 1
Gurobi Optimizer version 12.0.3 build v12.0.3rc0 (linux64 - "Ubuntu 24.04.4 LTS")

CPU model: Intel(R) Xeon(R) Gold 5218R CPU @ 2.10GHz, instruction set [SSE2|AVX|AVX2|AVX512]
Thread count: 40 physical cores, 40 logical processors, using up to 1 threads

Non-default parameters:
TimeLimit  1.1675145077666733e+04
Method  1
BarHomogeneous  1
Threads  1

Optimize a model with 796 rows, 248271 columns and 6580816 nonzeros
Coefficient statistics:
  Matrix range     [1e+00, 1e+00]
  Objective range  [1e+05, 5e+05]
  Bounds range     [0e+00, 0e+00]
  RHS range        [1e+00, 1e+00]
LP warm-start: use basis

Iteration    Objective       Primal Inf.    Dual Inf.      Time
       0   -3.0010768e+36   3.014331e+34   3.001077e+06      1s
     340   -5.1779705e+30   1.925776e+33   5.177970e+00      6s
     615   -6.3753117e+29   9.148815e+32   6.375312e-01     10s
     948    3.2514715e+06   4.151748e+03   0.000000e+00     15s
    1290    3.2514746e+06   1.847602e+03   0.000000e+00     21s
    1637    3.2514758e+06   1.023375e+03   0.000000e+00     27s
    1871    3.2514766e+06   1.292467e+03   0.000000e+00     31s
    2214    3.2514777e+06   6.793351e+03   0.000000e+00     36s
    2561    3.2514786e+06   1.883702e+03   0.000000e+00     42s
    2791    3.2514793e+06   1.726734e+03   0.000000e+00     46s
    3137    3.2514800e+06   8.617127e+02   0.000000e+00     51s
    3477    3.2514807e+06   1.243900e+03   0.000000e+00     57s
    3708    3.2514812e+06   5.975613e+03   0.000000e+00     61s
    4054    3.2514818e+06   4.699067e+03   0.000000e+00     66s
    4399    3.2514827e+06   7.550818e+02   0.000000e+00     72s
    4625    3.2514830e+06   5.833180e+02   0.000000e+00     76s
    4972    3.2514835e+06   1.592043e+03   0.000000e+00     81s
    5196    3.2514838e+06   1.603928e+03   0.000000e+00     85s
    5542    3.2514849e+06   2.995213e+03   0.000000e+00     91s
    5884    3.2514855e+06   9.633173e+02   0.000000e+00     96s
    6113    3.2514859e+06   3.644718e+03   0.000000e+00    100s
    6451    3.2514866e+06   2.277764e+03   0.000000e+00    106s
    6793    3.2514872e+06   5.207383e+02   0.000000e+00    111s
    7016    3.2514875e+06   2.857553e+02   0.000000e+00    115s
    7350    3.2514880e+06   3.714605e+02   0.000000e+00    121s
    7690    3.2514883e+06   2.679961e+02   0.000000e+00    126s
    8022    3.2514887e+06   9.154919e+02   0.000000e+00    132s
    8250    3.2514888e+06   8.292937e+02   0.000000e+00    135s
    8599    3.2514891e+06   2.098959e+02   0.000000e+00    141s
    8938    3.2514894e+06   3.730733e+02   0.000000e+00    147s
    9166    3.2514896e+06   1.689328e+02   0.000000e+00    150s
    9502    3.2514897e+06   2.213381e+01   0.000000e+00    156s
    9845    3.2514898e+06   5.350236e+00   0.000000e+00    162s
   10063    3.2514898e+06   0.000000e+00   0.000000e+00    165s

Solved in 10063 iterations and 165.29 seconds (220.46 work units)
Optimal objective  3.251489783e+06
Set parameter TimeLimit to value 1.1483117175359279e+04
Set parameter Method to value 1
Gurobi Optimizer version 12.0.3 build v12.0.3rc0 (linux64 - "Ubuntu 24.04.4 LTS")

CPU model: Intel(R) Xeon(R) Gold 5218R CPU @ 2.10GHz, instruction set [SSE2|AVX|AVX2|AVX512]
Thread count: 40 physical cores, 40 logical processors, using up to 1 threads

Non-default parameters:
TimeLimit  1.1483117175359279e+04
Method  1
BarHomogeneous  1
Threads  1

Optimize a model with 796 rows, 248301 columns and 6581367 nonzeros
Coefficient statistics:
  Matrix range     [1e+00, 1e+00]
  Objective range  [1e+05, 5e+05]
  Bounds range     [0e+00, 0e+00]
  RHS range        [1e+00, 1e+00]
LP warm-start: use basis

Iteration    Objective       Primal Inf.    Dual Inf.      Time
       0   -1.5035719e+36   5.203000e+34   1.503572e+06      1s
     297   -3.3655828e+34   5.755970e+33   3.365583e+04      5s
     599   -2.6425841e+32   4.303211e+33   2.642584e+02     10s
     903   -1.7098826e+32   1.446628e+34   1.709883e+02     15s
    1255   -1.3323999e+32   6.714509e+33   1.332400e+02     21s
    1612   -8.5117785e+31   1.564851e+34   8.511779e+01     27s
    1852   -5.6333817e+31   8.281639e+33   5.633382e+01     30s
    2208   -3.2296242e+31   1.033539e+34   3.229624e+01     36s
    2564   -1.7409720e+31   1.147645e+34   1.740972e+01     42s
    2803   -8.9295115e+30   1.102755e+34   8.929511e+00     45s
    3162   -3.1530779e+30   7.088380e+32   3.153078e+00     51s
    3520   -4.3321157e+29   3.221733e+32   4.332116e-01     57s
    3757    3.2264486e+06   3.632466e+03   0.000000e+00     60s
    4116    3.2348200e+06   4.341195e+03   0.000000e+00     66s
    4472    3.2348266e+06   2.262120e+04   0.000000e+00     72s
    4708    3.2348299e+06   3.104331e+03   0.000000e+00     76s
    5057    3.2348343e+06   7.228247e+03   0.000000e+00     81s
    5406    3.2348384e+06   5.318074e+03   0.000000e+00     87s
    5641    3.2348406e+06   7.017648e+02   0.000000e+00     91s
    5986    3.2348432e+06   1.902726e+03   0.000000e+00     96s
    6332    3.2348458e+06   1.132011e+03   0.000000e+00    102s
    6560    3.2348476e+06   4.132455e+03   0.000000e+00    105s
    6903    3.2348499e+06   2.152049e+03   0.000000e+00    111s
    7255    3.2348520e+06   1.433103e+03   0.000000e+00    117s
    7490    3.2348533e+06   4.096873e+02   0.000000e+00    120s
    7834    3.2348546e+06   6.700188e+02   0.000000e+00    126s
    8172    3.2348565e+06   1.092545e+03   0.000000e+00    132s
    8405    3.2348578e+06   1.714950e+03   0.000000e+00    135s
    8739    3.2348591e+06   6.084400e+02   0.000000e+00    141s
    9075    3.2348608e+06   9.971450e+02   0.000000e+00    147s
    9306    3.2348620e+06   2.728432e+03   0.000000e+00    150s
    9645    3.2348636e+06   1.745664e+03   0.000000e+00    156s
    9990    3.2348654e+06   1.109979e+03   0.000000e+00    162s
   10221    3.2348667e+06   6.068961e+02   0.000000e+00    165s
   10559    3.2348683e+06   7.707680e+02   0.000000e+00    171s
   10902    3.2348701e+06   1.549412e+02   0.000000e+00    176s
   11237    3.2348719e+06   2.286564e+03   0.000000e+00    181s
   11570    3.2348736e+06   5.128588e+02   0.000000e+00    187s
