
Gurobi 12.0.3 (linux64) logging started Mon Sep 21 16:18:53 2026

Set parameter LogFile to value "/home/nc437/ladder-lite/integer_columns_20260921/results/c3_k08/treatment_s20260921/668461_r0/mip_gurobi.log"
Set parameter OutputFlag to value 1
Set parameter TimeLimit to value 2537
Set parameter MIPGap to value 0.0001
Set parameter Threads to value 8
Set parameter Seed to value 20260921
Set parameter TimeLimit to value 1268.5
Gurobi Optimizer version 12.0.3 build v12.0.3rc0 (linux64 - "Ubuntu 24.04.4 LTS")

CPU model: Intel(R) Xeon(R) Gold 6230 CPU @ 2.10GHz, instruction set [SSE2|AVX|AVX2|AVX512]
Thread count: 40 physical cores, 40 logical processors, using up to 8 threads

Non-default parameters:
TimeLimit  1268.5
Seed  20260921
Threads  8

Optimize a model with 154 rows, 32741 columns and 699592 nonzeros
Model fingerprint: 0x0772354d
Variable types: 0 continuous, 32741 integer (32741 binary)
Coefficient statistics:
  Matrix range     [1e+00, 1e+00]
  Objective range  [1e+00, 1e+00]
  Bounds range     [1e+00, 1e+00]
  RHS range        [1e+00, 1e+00]

Loaded user MIP start with objective 8

Presolve removed 0 rows and 1299 columns
Presolve time: 1.36s
Presolved: 154 rows, 31442 columns, 676690 nonzeros
Variable types: 0 continuous, 31442 integer (31442 binary)

Starting sifting (using dual simplex for sub-problems)...

    Iter     Pivots    Primal Obj      Dual Obj        Time
       0          0     infinity      0.0000000e+00      1s
       1        341   8.7853278e+00   4.2882466e+00      1s
       2        990   8.6936794e+00   5.9217565e+00      2s
       3       1552   8.5577105e+00   6.5282441e+00      2s
       4       2201   8.1792594e+00   6.9459312e+00      2s
       5       2541   8.0000000e+00   7.0639644e+00      2s
       6       2985   8.0000000e+00   7.2002488e+00      2s
       7       3413   8.0000000e+00   8.0000000e+00      2s

Sifting complete


Root relaxation: cutoff, 3413 iterations, 0.31 seconds (0.24 work units)

    Nodes    |    Current Node    |     Objective Bounds      |     Work
 Expl Unexpl |  Obj  Depth IntInf | Incumbent    BestBd   Gap | It/Node Time

     0     0     cutoff    0         8.00000    8.00000  0.00%     -    1s

Explored 1 nodes (3413 simplex iterations) in 1.74 seconds (1.30 work units)
Thread count was 8 (of 40 available processors)

Solution count 1: 8 

Optimal solution found (tolerance 1.00e-04)
Best objective 8.000000000000e+00, best bound 8.000000000000e+00, gap 0.0000%

User-callback calls 422, time in user-callback 0.00 sec
Set parameter TimeLimit to value 2.5345239930152893e+03
Gurobi Optimizer version 12.0.3 build v12.0.3rc0 (linux64 - "Ubuntu 24.04.4 LTS")

CPU model: Intel(R) Xeon(R) Gold 6230 CPU @ 2.10GHz, instruction set [SSE2|AVX|AVX2|AVX512]
Thread count: 40 physical cores, 40 logical processors, using up to 8 threads

Non-default parameters:
TimeLimit  2.5345239930152893e+03
Seed  20260921
Threads  8

Optimize a model with 155 rows, 32741 columns and 732333 nonzeros
Model fingerprint: 0x3804885b
Variable types: 0 continuous, 32741 integer (32741 binary)
Coefficient statistics:
  Matrix range     [1e+00, 1e+00]
  Objective range  [1e-11, 2e+02]
  Bounds range     [1e+00, 1e+00]
  RHS range        [1e+00, 8e+00]

Loaded user MIP start with objective 215.704
MIP start from previous solve did not produce a new incumbent solution

Presolve removed 0 rows and 147 columns
Presolve time: 1.35s
Presolved: 155 rows, 32594 columns, 729478 nonzeros
Variable types: 0 continuous, 32594 integer (32594 binary)

Starting sifting (using dual simplex for sub-problems)...

    Iter     Pivots    Primal Obj      Dual Obj        Time
       0          0     infinity     -1.1641532e-10      1s
       1        684   1.0004025e+06   1.5624339e+01      1s
       2       1501   5.7463262e+05   3.1084134e+01      2s
       3       2583   1.2928904e+05   4.4480579e+01      2s
       4       3253   2.7721259e+02   1.3937497e+02      2s
       5       4110   2.3221854e+02   1.6476846e+02      2s
       6       4929   2.1472204e+02   1.9382371e+02      2s
       7       5842   2.1306765e+02   2.0089502e+02      2s
       8       6772   2.1279605e+02   2.0474249e+02      2s
       9       7541   2.1274454e+02   2.0732362e+02      2s
      10       8559   2.1269298e+02   2.0793633e+02      2s
      11       9764   2.1268946e+02   2.0883388e+02      2s
      12      10506   2.1268946e+02   2.1006530e+02      3s
      13      11575   2.1268946e+02   2.1075849e+02      3s
      14      12443   2.1268747e+02   2.1141366e+02      3s
      15      13387   2.1268747e+02   2.1171520e+02      3s
      16      14421   2.1268747e+02   2.1187914e+02      3s

Sifting complete


Root relaxation: objective 2.126875e+02, 15813 iterations, 1.86 seconds (2.35 work units)

    Nodes    |    Current Node    |     Objective Bounds      |     Work
 Expl Unexpl |  Obj  Depth IntInf | Incumbent    BestBd   Gap | It/Node Time

     0     0  212.68747    0   79  215.70400  212.68747  1.40%     -    3s
     0     0  212.70591    0   75  215.70400  212.70591  1.39%     -    4s
     0     0  212.89900    0   86  215.70400  212.89900  1.30%     -    5s
     0     0  212.89900    0   75  215.70400  212.89900  1.30%     -    7s
     0     0  213.04556    0   87  215.70400  213.04556  1.23%     -    8s
     0     0  213.37136    0   84  215.70400  213.37136  1.08%     -    8s
     0     0  213.37771    0   85  215.70400  213.37771  1.08%     -    9s
     0     0  213.42874    0   94  215.70400  213.42874  1.05%     -    9s
     0     0  213.43941    0   93  215.70400  213.43941  1.05%     -    9s
     0     0  213.43941    0   91  215.70400  213.43941  1.05%     -    9s
     0     0  213.44316    0   91  215.70400  213.44316  1.05%     -    9s
     0     0  213.44328    0   93  215.70400  213.44328  1.05%     -    9s
     0     0  213.44361    0   94  215.70400  213.44361  1.05%     -   10s
     0     0  213.44361    0   74  215.70400  213.44361  1.05%     -   11s
     0     0  213.44361    0   74  215.70400  213.44361  1.05%     -   11s
     0     0  213.44361    0   87  215.70400  213.44361  1.05%     -   12s
     0     0  213.44361    0   83  215.70400  213.44361  1.05%     -   12s
     0     0  213.48065    0   91  215.70400  213.48065  1.03%     -   13s
     0     0  213.50398    0   88  215.70400  213.50398  1.02%     -   13s
     0     0  213.50807    0   90  215.70400  213.50807  1.02%     -   13s
     0     0  213.52262    0   86  215.70400  213.52262  1.01%     -   13s
     0     0  213.52382    0   87  215.70400  213.52382  1.01%     -   13s
     0     0  213.52383    0   88  215.70400  213.52383  1.01%     -   13s
     0     0  213.53959    0   96  215.70400  213.53959  1.00%     -   13s
     0     0  213.53977    0   91  215.70400  213.53977  1.00%     -   13s
     0     0  213.54003    0   92  215.70400  213.54003  1.00%     -   13s
     0     0  213.55856    0  101  215.70400  213.55856  0.99%     -   14s
     0     0  213.55856    0  101  215.70400  213.55856  0.99%     -   14s
     0     0  213.55856    0  101  215.70400  213.55856  0.99%     -   14s
     0     0  213.55860    0   97  215.70400  213.55860  0.99%     -   14s
     0     0  213.57384    0   99  215.70400  213.57384  0.99%     -   14s
     0     0  213.57452    0  105  215.70400  213.57452  0.99%     -   14s
     0     0  213.57453    0  110  215.70400  213.57453  0.99%     -   14s
     0     0  213.57471    0  112  215.70400  213.57471  0.99%     -   14s
     0     0  213.57799    0  118  215.70400  213.57799  0.99%     -   14s
     0     0  213.57802    0  119  215.70400  213.57802  0.99%     -   14s
     0     0  213.57807    0  119  215.70400  213.57807  0.99%     -   14s
     0     0  213.57814    0  119  215.70400  213.57814  0.99%     -   14s
     0     0  213.61552    0   74  215.70400  213.61552  0.97%     -   15s
     0     0  213.61552    0   77  215.70400  213.61552  0.97%     -   15s
     0     0  213.61552    0   78  215.70400  213.61552  0.97%     -   15s
     0     0  213.61552    0   81  215.70400  213.61552  0.97%     -   16s
     0     0  213.61552    0   90  215.70400  213.61552  0.97%     -   16s
     0     0  213.61552    0   91  215.70400  213.61552  0.97%     -   16s
     0     0  213.61552    0   90  215.70400  213.61552  0.97%     -   16s
     0     0  213.61552    0   99  215.70400  213.61552  0.97%     -   17s
     0     0  213.61552    0   98  215.70400  213.61552  0.97%     -   17s
     0     0  213.61552    0  104  215.70400  213.61552  0.97%     -   17s
     0     0  213.61552    0  108  215.70400  213.61552  0.97%     -   17s
     0     0  213.61552    0  109  215.70400  213.61552  0.97%     -   17s
     0     0  213.61552    0  112  215.70400  213.61552  0.97%     -   17s
     0     0  213.61552    0  113  215.70400  213.61552  0.97%     -   17s
     0     0  213.61552    0  114  215.70400  213.61552  0.97%     -   17s
     0     0  213.61552    0  114  215.70400  213.61552  0.97%     -   18s
     0     2  213.63330    0  114  215.70400  213.63330  0.96%     -   18s
    50     3     cutoff   25       215.70400  213.80622  0.88%   221   20s
   343     1  214.57737  172  104  215.70400  214.57737  0.52%  97.6   25s

Cutting planes:
  Cover: 3
  Clique: 1
  MIR: 28
  Zero half: 17
  RLT: 1

Explored 439 nodes (71819 simplex iterations) in 25.65 seconds (31.34 work units)
Thread count was 8 (of 40 available processors)

Solution count 1: 215.704 

Optimal solution found (tolerance 1.00e-04)
Best objective 2.157040000000e+02, best bound 2.157040000000e+02, gap 0.0000%

User-callback calls 4901, time in user-callback 0.02 sec
