
Gurobi 12.0.3 (linux64) logging started Fri Sep 18 11:26:47 2026

Set parameter LogFile to value "/home/nc437/ladder-lite/review_fresh_k15_longmip_20260917/results/c6_k15__plain/gurobi.log"
Set parameter OutputFlag to value 1
Set parameter TimeLimit to value 45000
Set parameter MIPGap to value 0.0001
Set parameter Threads to value 8
Set parameter Seed to value 0
Set parameter TimeLimit to value 43200
Gurobi Optimizer version 12.0.3 build v12.0.3rc0 (linux64 - "Ubuntu 24.04.4 LTS")

CPU model: Intel(R) Xeon(R) Gold 6348 CPU @ 2.60GHz, instruction set [SSE2|AVX|AVX2|AVX512]
Thread count: 56 physical cores, 56 logical processors, using up to 8 threads

Non-default parameters:
TimeLimit  43200
Threads  8

Optimize a model with 373 rows, 65833 columns and 1900062 nonzeros
Model fingerprint: 0x97decb94
Variable types: 0 continuous, 65833 integer (65833 binary)
Coefficient statistics:
  Matrix range     [1e+00, 1e+00]
  Objective range  [1e+00, 1e+00]
  Bounds range     [1e+00, 1e+00]
  RHS range        [1e+00, 1e+00]

Loaded user MIP start with objective 147

Presolve removed 0 rows and 1415 columns
Presolve time: 3.64s
Presolved: 373 rows, 64418 columns, 1868876 nonzeros
Found heuristic solution: objective 145.0000000
Variable types: 0 continuous, 64418 integer (64418 binary)
Found heuristic solution: objective 140.0000000

Starting sifting (using dual simplex for sub-problems)...

    Iter     Pivots    Primal Obj      Dual Obj        Time
       0          0     infinity      0.0000000e+00      4s
       1        814   1.7875274e+01   5.4887291e+00      4s
       2       3447   1.7480639e+01   9.8548279e+00      4s
       3       6072   1.6316575e+01   1.1960884e+01      4s
       4       8574   1.5464513e+01   1.2985174e+01      5s
       5      11255   1.5026415e+01   1.3363587e+01      5s
       6      12887   1.5000000e+01   1.5000000e+01      5s

Sifting complete


Root simplex log...

Iteration    Objective       Primal Inf.    Dual Inf.      Time
   12887    1.5000000e+01   0.000000e+00   0.000000e+00      5s

Root relaxation: objective 1.500000e+01, 12887 iterations, 1.52 seconds (3.01 work units)
Total elapsed time = 12.21s (DegenMoves)

    Nodes    |    Current Node    |     Objective Bounds      |     Work
 Expl Unexpl |  Obj  Depth IntInf | Incumbent    BestBd   Gap | It/Node Time

     0     0   15.00000    0  181  140.00000   15.00000  89.3%     -   14s
H    0     0                      32.0000000   15.00000  53.1%     -   14s
H    0     0                      30.0000000   15.00000  50.0%     -   14s
H    0     0                      29.0000000   15.00000  48.3%     -   14s
H    0     0                      27.0000000   15.00000  44.4%     -   14s
H    0     0                      26.0000000   15.00000  42.3%     -   14s
H    0     0                      25.0000000   15.00000  40.0%     -   14s
H    0     0                      24.0000000   15.00000  37.5%     -   14s
H    0     0                      23.0000000   15.00000  34.8%     -   14s
H    0     0                      22.0000000   15.00000  31.8%     -   15s
H    0     0                      21.0000000   15.00000  28.6%     -   15s
H    0     0                      20.0000000   15.00000  25.0%     -   23s
     0     0   15.00000    0  179   20.00000   15.00000  25.0%     -   30s
     0     0   15.00000    0  195   20.00000   15.00000  25.0%     -   55s
     0     0   15.00000    0  182   20.00000   15.00000  25.0%     -   67s
     0     0   15.00000    0  178   20.00000   15.00000  25.0%     -   82s
     0     0   15.00000    0  179   20.00000   15.00000  25.0%     -   84s
     0     0   15.00000    0  168   20.00000   15.00000  25.0%     -   95s
     0     0   15.00000    0  168   20.00000   15.00000  25.0%     -  109s
     0     2   15.00000    0  168   20.00000   15.00000  25.0%     -  156s
     3     8   15.00000    2  213   20.00000   15.00000  25.0%  6522  161s
    15    24   15.00000    4  261   20.00000   15.00000  25.0%  2085  167s
    23    56   15.00000    5  286   20.00000   15.00000  25.0%  1841  178s
    55    64   15.00000    9  315   20.00000   15.00000  25.0%  2279  204s
    63   117   15.00000   10  250   20.00000   15.00000  25.0%  2351  230s
   116   482   15.00000   11  295   20.00000   15.00000  25.0%  2058  283s
   481  1279   15.00000   50  269   20.00000   15.00000  25.0%  2423  352s
  1278  2004   15.00000  123  271   20.00000   15.00000  25.0%  1456  391s
  2003  2707   15.00000  155  216   20.00000   15.00000  25.0%  1001  424s
  2706  3278   15.00000  181  229   20.00000   15.00000  25.0%   786  452s
  3277  3800   15.00000  201  248   20.00000   15.00000  25.0%   682  480s
  3799  4263   15.00000  221  241   20.00000   15.00000  25.0%   615  508s
  4262  4276   15.00000  234  244   20.00000   15.00000  25.0%   565  546s
  4275  4301   15.00000  240  240   20.00000   15.00000  25.0%   565  582s
  4300  4611   15.00000  241  241   20.00000   15.00000  25.0%   563  609s
  4610  5279   15.00000  247  242   20.00000   15.00000  25.0%   535  637s
  5278  5773   15.00000  266  240   20.00000   15.00000  25.0%   486  662s
  5772  6083   15.00000  279  247   20.00000   15.00000  25.0%   457  688s
  6082  6645   15.00000  297  251   20.00000   15.00000  25.0%   445  714s
  6644  7089   15.00000  314  243   20.00000   15.00000  25.0%   421  741s
  7088  7527   15.00000  325  252   20.00000   15.00000  25.0%   404  767s
  7527  7528   15.16625  431  168   20.00000   15.00000  25.0%   393  778s
  7529  7529   15.18085  393  181   20.00000   15.00000  25.0%   393  812s
  7530  7530   15.35509  814  189   20.00000   15.00000  25.0%   393  860s
  7531  7531   15.00000  204  184   20.00000   15.00000  25.0%   393  870s
H 7531  7154                      19.0000000   15.00000  21.1%   393  882s
  7532  7154   15.47971 1263  182   19.00000   15.00000  21.1%   393  888s
  7533  7155   15.12738  262  169   19.00000   15.00000  21.1%   393  917s
  7534  7156   15.36655  848  163   19.00000   15.00000  21.1%   393  920s
  7535  7156   15.49938 1087  164   19.00000   15.00000  21.1%   393  933s
  7536  7157   15.30622  689  171   19.00000   15.00000  21.1%   393  935s
  7537  7158   15.31168  646  190   19.00000   15.00000  21.1%   393  950s
  7539  7159   15.46582 1014  168   19.00000   15.00000  21.1%   392  974s
  7540  7160   15.00000    9  161   19.00000   15.00000  21.1%   392  988s
  7541  7160   15.00000   45  156   19.00000   15.00000  21.1%   392  990s
  7542  7161   15.44424 1396  163   19.00000   15.00000  21.1%   392 1001s
  7544  7162   15.08686  253  165   19.00000   15.00000  21.1%   392 1018s
  7545  7163   15.00000  137  165   19.00000   15.00000  21.1%   392 1020s
  7546  7164   15.22036  445  165   19.00000   15.00000  21.1%   392 1034s
  7547  7164   15.13567  294  165   19.00000   15.00000  21.1%   392 1047s
  7548  7165   15.15057  314  165   19.00000   15.00000  21.1%   392 1072s
  7549  7169   15.00000   16  222   19.00000   15.00000  21.1%   430 1095s
  7555  7179   15.00000   18  203   19.00000   15.00000  21.1%   430 1103s
  7563  7184   15.00000   19  197   19.00000   15.00000  21.1%   431 1105s
  7571  7201   15.00000   20  234   19.00000   15.00000  21.1%   431 1120s
  7591  7203   15.00000   22  262   19.00000   15.00000  21.1%   442 1139s
  7599  7208   15.02822   23  242   19.00000   15.00000  21.1%   443 1163s
  7607  7213   15.00000   23  225   19.00000   15.00000  21.1%   445 1188s
  7615  7252   15.00000   24  231   19.00000   15.00000  21.1%   446 1222s
  7656  7272   15.08144   25  236   19.00000   15.00000  21.1%   459 1260s
  7690  7337   15.00000   27  204   19.00000   15.00000  21.1%   498 1302s
  7766  7410   15.00000   30  234   19.00000   15.00000  21.1%   514 1352s
  7865  7431   15.00000   36  207   19.00000   15.00000  21.1%   711 1389s
  7919  7435   15.00000   39  226   19.00000   15.00000  21.1%   721 1427s
  7941  7465   15.00000   40  212   19.00000   15.00000  21.1%   771 1468s
H 7949  7103                      18.0000000   15.00000  16.7%   777 1468s
  7978  7183   15.30533   43  207   18.00000   15.00000  16.7%   795 1510s
  8067  7220   15.00000   47  207   18.00000   15.00000  16.7%   975 1541s
  8134  7263   15.00000   50  206   18.00000   15.00000  16.7%   983 1575s
  8199  7323   15.00000   53  223   18.00000   15.00000  16.7%  1020 1613s
  8281  7337   15.00000   57  217   18.00000   15.00000  16.7%  1179 1645s
  8322  7399   15.00000   58  228   18.00000   15.00000  16.7%  1202 1681s
  8398  7394   15.00000   62  214   18.00000   15.00000  16.7%  1349 1722s
  8418  7428   15.33801   62  218   18.00000   15.00000  16.7%  1349 1768s
  8459  7476   15.00000   63  216   18.00000   15.00000  16.7%  1349 1800s
  8521  7513   15.00000   65  202   18.00000   15.00000  16.7%  1349 1831s
  8578  7568   15.00000   67  213   18.00000   15.00000  16.7%  1350 1862s
  8652  7595   15.00000   70  214   18.00000   15.00000  16.7%  1352 1894s
  8704  7670   15.05350   72  237   18.00000   15.00000  16.7%  1354 1930s
  8796  7717   16.00000   77  195   18.00000   15.00000  16.7%  1354 1966s
  8874  7788   15.00322   88  246   18.00000   15.00000  16.7%  1352 2002s
  8971  7809   16.00000   99  212   18.00000   15.00000  16.7%  1352 2037s
  9024  7852   16.00000  102  204   18.00000   15.00000  16.7%  1354 2072s
  9085  7941   15.00337  105  243   18.00000   15.00000  16.7%  1351 2108s
  9194  8006   15.00337  117  244   18.00000   15.00000  16.7%  1349 2144s
  9296  8085   16.00000  127  183   18.00000   15.00000  16.7%  1346 2179s
  9409  8118   16.00000  138  201   18.00000   15.00000  16.7%  1344 2215s
  9479  8204   15.00351  148  241   18.00000   15.00000  16.7%  1342 2251s
  9589  8254   15.00353  160  238   18.00000   15.00000  16.7%  1342 2293s
  9675  8328   16.00000  169  204   18.00000   15.00000  16.7%  1344 2334s
  9778  8389   16.00000  180  208   18.00000   15.00000  16.7%  1346 2377s
  9873  8465   15.00375  191  236   18.00000   15.00000  16.7%  1346 2425s
  9981  8508   15.00465  201  237   18.00000   15.00000  16.7%  1347 2474s
 10060  8613   16.00000  208  193   18.00000   15.00000  16.7%  1347 2523s
 10191  8711   15.00508  223  236   18.00000   15.00000  16.7%  1344 2573s
 10333  8820   15.00508  239  236   18.00000   15.00000  16.7%  1343 2628s
 10489  8943   15.00525  255  235   18.00000   15.00000  16.7%  1341 2687s
 10664  8901   15.00573  264  235   18.00000   15.00000  16.7%  1339 2772s
 10681  8993   16.00000  264  196   18.00000   15.00000  16.7%  1338 2854s
 10778  9083   15.00582  270  227   18.00000   15.00000  16.7%  1336 2928s
 10901  9204   15.00617  278  233   18.00000   15.00000  16.7%  1334 2990s
 11063  9313   15.00695  286  233   18.00000   15.00000  16.7%  1329 3064s
 11226  9449   15.00737  294  233   18.00000   15.00000  16.7%  1327 3133s
 11416  9568   15.00754  305  237   18.00000   15.00000  16.7%  1325 3208s
 11598  9700   15.00768  315  236   18.00000   15.00000  16.7%  1324 3284s
 11791  9755   15.00782  327  240   18.00000   15.00000  16.7%  1323 3365s
 11910  9781   15.38471  334  231   18.00000   15.00000  16.7%  1324 3453s
 11976 10007   15.00803  339  243   18.00000   15.00000  16.7%  1325 3543s
 12224 10167   15.00843  352  241   18.00000   15.00000  16.7%  1322 3634s
 12467 10340   15.00848  367  240   18.00000   15.00000  16.7%  1319 3726s
 12721 10532   15.00868  386  239   18.00000   15.00000  16.7%  1317 3810s
 12997 10712   15.00870  404  237   18.00000   15.00000  16.7%  1314 3897s
 13269 10909   15.00874  426  233   18.00000   15.00000  16.7%  1313 3988s
 13557 11089   15.00887  441  229   18.00000   15.00000  16.7%  1310 4091s
 13833 11303   15.00916  457  240   18.00000   15.00000  16.7%  1308 4191s
 14139 11477   15.00931  473  244   18.00000   15.00000  16.7%  1306 4294s
 14415 11687   15.00958  488  241   18.00000   15.00000  16.7%  1306 4400s
 14717 11859   15.42880  509  224   18.00000   15.00000  16.7%  1306 4517s
 14990 12065   15.00974  527  245   18.00000   15.00000  16.7%  1306 4656s
 15287 12224   15.00984  552  242   18.00000   15.00000  16.7%  1306 4812s
 15545 12563   15.00993  561  239   18.00000   15.00000  16.7%  1302 4971s
 15970 12904   15.01031  586  237   18.00000   15.00000  16.7%  1298 5127s
 16452 13200   15.01049  611  238   18.00000   15.00000  16.7%  1294 5276s
 16909 13456   15.01062  643  241   18.00000   15.00000  16.7%  1289 5420s
 17317 13800   15.01284  678  244   18.00000   15.00000  16.7%  1285 5573s
 17797 14071   15.01910  722  242   18.00000   15.00000  16.7%  1280 5724s
 18228 14073   15.02074  748  246   18.00000   15.00000  16.7%  1277 5912s
 18374 14409   15.02104  774  236   18.00000   15.00000  16.7%  1277 6091s
 18759 14780   15.02580  807  242   18.00000   15.00000  16.7%  1276 6270s
 19258 15200   15.02676  842  233   18.00000   15.00000  16.7%  1273 6454s
 19844 15534   15.02701  871  237   18.00000   15.00000  16.7%  1267 6636s
 20374 15937   15.02783  907  237   18.00000   15.00000  16.7%  1264 6828s
 20953 15916   15.02823  939  242   18.00000   15.00000  16.7%  1259 7042s
 21125 16520   15.41946  948  226   18.00000   15.00000  16.7%  1257 7251s
 21787 16930   15.02902  984  238   18.00000   15.00000  16.7%  1251 7463s
 22417 17431   15.03117 1017  236   18.00000   15.00000  16.7%  1248 7687s
 23128 17384   15.03318 1064  229   18.00000   15.00000  16.7%  1242 7932s
 23318 18071   15.58956 1064  223   18.00000   15.00000  16.7%  1240 8164s
 24069 18645   15.03906 1109  224   18.00000   15.00000  16.7%  1235 8411s
 24893 19154   15.04732 1156  239   18.00000   15.00000  16.7%  1227 8668s
 25677 19785   15.04817 1205  228   18.00000   15.00000  16.7%  1219 8926s
 26569 20428   15.04963 1253  227   18.00000   15.00000  16.7%  1211 9204s
 27509 20744   15.05116 1305  224   18.00000   15.00000  16.7%  1204 9484s
 28139 21558   15.08321 1339  234   18.00000   15.00000  16.7%  1200 9768s
 29105 22488   15.08648 1395  229   18.00000   15.00000  16.7%  1195 10040s
 30035 23564   15.09582 1445  224   18.00000   15.00000  16.7%  1192 10673s
 31111 23995   15.10731 1504  230   18.00000   15.00000  16.7%  1189 10940s
 31542 24858   15.11004 1533  223   18.00000   15.00000  16.7%  1188 11222s
 32405 25573   15.12412 1587  219   18.00000   15.00000  16.7%  1185 11492s
 33120 26531   15.14119 1628  225   18.00000   15.00000  16.7%  1182 11750s
 34078 27456   15.15049 1684  228   18.00000   15.00000  16.7%  1179 12018s
 35003 28326   15.16011 1740  226   18.00000   15.00000  16.7%  1176 12279s
 35873 28990   15.18509 1793  224   18.00000   15.00000  16.7%  1174 12544s
 36537 29776   15.19960 1836  224   18.00000   15.00000  16.7%  1173 12811s
 37323 30110   15.21284 1882  218   18.00000   15.00000  16.7%  1174 13107s
 37657 30673   15.21596 1903  217   18.00000   15.00000  16.7%  1173 13394s
 38220 31626   15.21771 1917  217   18.00000   15.00000  16.7%  1173 13676s
 39173 32544   15.22207 1990  219   18.00000   15.00000  16.7%  1172 13954s
 40091 33467   15.22837 2052  224   18.00000   15.00000  16.7%  1171 14224s
 41014 34411   15.23231 2110  220   18.00000   15.00000  16.7%  1170 14492s
 41958 35312   15.23497 2167  223   18.00000   15.00000  16.7%  1168 14774s
 42859 36136   15.23685 2226  214   18.00000   15.00000  16.7%  1167 15051s
 43683 37106   15.62816 2278  224   18.00000   15.00000  16.7%  1166 15320s
 44653 38142   15.24769 2337  218   18.00000   15.00000  16.7%  1163 15626s
 45689 38749   15.25457 2400  226   18.00000   15.00000  16.7%  1160 15876s
 46296 39667   15.25741 2447  221   18.00000   15.00000  16.7%  1158 16137s
 47214 40550   15.26165 2498  216   18.00000   15.00000  16.7%  1155 16387s
 48097 41013   15.26359 2556  220   18.00000   15.00000  16.7%  1153 16657s
 48560 41886   15.26463 2579  219   18.00000   15.00000  16.7%  1152 16921s
 49433 42845   15.26661 2635  217   18.00000   15.00000  16.7%  1149 17180s
 50392 43790   15.27025 2695  221   18.00000   15.00000  16.7%  1147 17430s
 51337 44698   15.27059 2746  220   18.00000   15.00000  16.7%  1143 17666s
 52245 45622   15.27264 2799  218   18.00000   15.00000  16.7%  1140 17899s
 53169 45823   15.28089 2850  223   18.00000   15.00000  16.7%  1137 18142s
 53370 46722   15.28163 2854  220   18.00000   15.00000  16.7%  1136 18376s
 54269 47677   15.28322 2905  220   18.00000   15.00000  16.7%  1133 18614s
 55224 48612   15.29141 2955  222   18.00000   15.00000  16.7%  1130 18856s
 56159 49461   15.29262 3004  227   18.00000   15.00000  16.7%  1127 19089s
 57008 49589   15.29376 3048  218   18.00000   15.00000  16.7%  1125 19329s
 57136 50465   15.29405 3056  218   18.00000   15.00000  16.7%  1124 19562s
 58012 51475   15.29619 3098  222   18.00000   15.00000  16.7%  1121 19795s
 59022 52469   15.29660 3147  220   18.00000   15.00000  16.7%  1118 20032s
 60016 53704   15.29735 3196  220   18.00000   15.00000  16.7%  1115 20312s
 61251 54534   15.29952 3260  221   18.00000   15.00000  16.7%  1110 20496s
 62081 55361   15.30142 3302  215   18.00000   15.00000  16.7%  1107 20679s
 62908 55862   15.30200 3343  220   18.00000   15.00000  16.7%  1104 20879s
 63409 56688   15.30350 3372  218   18.00000   15.00000  16.7%  1103 21076s
 64235 57586   15.30585 3416  216   18.00000   15.00000  16.7%  1100 21269s
 65133 58430   15.30656 3457  221   18.00000   15.00000  16.7%  1096 21456s
 65977 59294   15.31044 3496  222   18.00000   15.00000  16.7%  1094 21645s
 66841 60073   15.31117 3538  219   18.00000   15.00000  16.7%  1091 21833s
 67620 60934   15.31448 3579  225   18.00000   15.00000  16.7%  1088 22021s
 68481 61170   15.31698 3623  224   18.00000   15.00000  16.7%  1085 22233s
 68717 61854   15.66733 3623  201   18.00000   15.00000  16.7%  1085 22423s
 69401 62792   15.31967 3666  218   18.00000   15.00000  16.7%  1083 22608s
 70339 63641   15.32061 3709  218   18.00000   15.00000  16.7%  1079 22795s
 71188 64519   15.32277 3748  224   18.00000   15.00000  16.7%  1076 22983s
 72066 65482   15.32732 3792  220   18.00000   15.00000  16.7%  1073 23177s
 73029 66312   15.32890 3842  219   18.00000   15.00000  16.7%  1070 23371s
 73859 67229   15.33200 3885  222   18.00000   15.00000  16.7%  1067 23564s
 74776 68334   15.33414 3927  218   18.00000   15.00000  16.7%  1064 23835s
 75881 69295   15.33596 3980  217   18.00000   15.00000  16.7%  1061 24029s
 76842 70177   15.33801 4026  220   18.00000   15.00000  16.7%  1057 24209s
 77724 71040   15.34913 4062  224   18.00000   15.00000  16.7%  1055 24384s
 78587 71544   15.34984 4101  221   18.00000   15.00000  16.7%  1052 24562s
 79091 71552   16.00000 4132  203   18.00000   15.00000  16.7%  1051 24806s
 79099 71800   15.35107 4133  219   18.00000   15.00000  16.7%  1051 25015s
 79347 72678   15.83675 4133  207   18.00000   15.00000  16.7%  1050 25196s
 80225 73648   15.35246 4170  223   18.00000   15.00000  16.7%  1048 25385s
 81195 74596   15.35271 4205  220   18.00000   15.00000  16.7%  1045 25559s
 82143 75543   15.36115 4242  223   18.00000   15.00000  16.7%  1042 25733s
 83090 76488   15.36426 4283  224   18.00000   15.00000  16.7%  1040 25909s
 84035 77324   15.36599 4322  220   18.00000   15.00000  16.7%  1037 26091s
 84871 78236   15.36940 4359  223   18.00000   15.00000  16.7%  1035 26271s
 85783 79175   15.37001 4394  222   18.00000   15.00000  16.7%  1032 26445s
 86722 80090   16.00000 4436  208   18.00000   15.00000  16.7%  1029 26624s
 87637 81012   15.37497 4477  215   18.00000   15.00000  16.7%  1027 26804s
 88559 81910   15.37515 4515  217   18.00000   15.00000  16.7%  1025 26979s
 89457 83274   15.37562 4550  218   18.00000   15.00000  16.7%  1022 27238s
 90821 84070   15.37901 4613  217   18.00000   15.00000  16.7%  1019 27393s
 91617 84847   15.37989 4648  215   18.00000   15.00000  16.7%  1017 27539s
 92394 85657   15.37989 4673  217   18.00000   15.00000  16.7%  1015 27689s
 93204 86480   15.38328 4710  212   18.00000   15.00000  16.7%  1013 27843s
 94027 87294   15.38396 4749  215   18.00000   15.00000  16.7%  1011 27992s
 94841 87489   15.38532 4785  213   18.00000   15.00000  16.7%  1009 28180s
 95036 88130   15.38532 4790  215   18.00000   15.00000  16.7%  1009 28351s
 95677 88888   15.38624 4804  208   18.00000   15.00000  16.7%  1007 28520s
 96435 89792   15.39072 4840  216   18.00000   15.00000  16.7%  1005 28686s
 97339 90706   15.39096 4884  216   18.00000   15.00000  16.7%  1003 28846s
 98253 91162   15.39287 4923  215   18.00000   15.00000  16.7%  1001 29031s
 98709 91186   15.89297 4951  200   18.00000   15.00000  16.7%  1000 29201s
 98733 92074   15.39359 4952  214   18.00000   15.00000  16.7%  1000 29382s
 99621 92886   15.39442 4986  213   18.00000   15.00000  16.7%   998 29550s
 100433 93792   15.39515 5020  217   18.00000   15.00000  16.7%   996 29723s
 101339 94708   15.39628 5060  214   18.00000   15.00000  16.7%   994 29894s
 102255 95610   15.39732 5104  213   18.00000   15.00000  16.7%   992 30062s
 103157 96530   15.39931 5142  213   18.00000   15.00000  16.7%   990 30232s
 104077 97920   15.40031 5179  217   18.00000   15.00000  16.7%   988 30494s
 105467 98659   15.40448 5234  218   18.00000   15.00000  16.7%   985 30647s
 106206 98888   15.40529 5262  209   18.00000   15.00000  16.7%   984 30811s
 106435 99570   15.40539 5269  208   18.00000   15.00000  16.7%   984 30987s
 107117 100522   15.40646 5303  208   18.00000   15.00000  16.7%   983 31159s
 108069 101460   15.40699 5338  213   18.00000   15.00000  16.7%   981 31320s
 109007 102347   15.41051 5373  215   18.00000   15.00000  16.7%   979 31473s
 109894 103258   15.41168 5409  214   18.00000   15.00000  16.7%   977 31634s
 110805 104158   15.41176 5445  213   18.00000   15.00000  16.7%   976 31786s
 111705 105050   15.41226 5480  216   18.00000   15.00000  16.7%   974 31929s
 112597 105957   15.41252 5514  214   18.00000   15.00000  16.7%   972 32064s
 113504 106826   15.41278 5550  211   18.00000   15.00000  16.7%   970 32192s
 114373 107722   15.41324 5585  214   18.00000   15.00000  16.7%   969 32323s
 115269 108604   15.41419 5620  213   18.00000   15.00000  16.7%   967 32469s
 116151 109484   15.41624 5652  211   18.00000   15.00000  16.7%   965 32615s
 117031 109492   15.41878 5686  212   18.00000   15.00000  16.7%   963 32809s
 117039 109726   16.06160 5686  214   18.00000   15.00000  16.7%   963 32960s
 117273 110556   15.41888 5700  209   18.00000   15.00000  16.7%   963 33110s
 118103 111438   15.41968 5734  213   18.00000   15.00000  16.7%   961 33258s
 118985 112852   15.42210 5767  212   18.00000   15.00000  16.7%   960 33497s
 120399 113650   15.42446 5819  216   18.00000   15.00000  16.7%   957 33628s
 121197 114478   15.42476 5849  216   18.00000   15.00000  16.7%   956 33764s
 122025 115298   15.42783 5880  213   18.00000   15.00000  16.7%   954 33894s
 122845 115958   15.43048 5910  218   18.00000   15.00000  16.7%   953 34021s
 123505 116717   15.43352 5936  220   18.00000   15.00000  16.7%   952 34161s
 124264 117568   15.43525 5969  217   18.00000   15.00000  16.7%   951 34298s
 125115 118240   15.43636 6003  216   18.00000   15.00000  16.7%   949 34433s
 125787 118678   15.44213 6028  218   18.00000   15.00000  16.7%   948 34582s
 126225 118841   16.00000 6051  194   18.00000   15.00000  16.7%   947 34729s
 126388 119386   15.44360 6052  216   18.00000   15.00000  16.7%   947 34881s
 126935 120342   15.44407 6056  219   18.00000   15.00000  16.7%   945 35027s
 127891 121320   15.45990 6092  215   18.00000   15.00000  16.7%   943 35178s
 128869 122084   15.46390 6127  218   18.00000   15.00000  16.7%   942 35322s
 129635 123017   15.47280 6158  223   18.00000   15.00000  16.7%   940 35473s
 130569 123935   15.47537 6189  220   18.00000   15.00000  16.7%   938 35623s
 131491 124866   15.47611 6226  222   18.00000   15.00000  16.7%   937 35776s
 132425 125786   15.47965 6263  221   18.00000   15.00000  16.7%   935 35923s
 133367 126708   15.48111 6299  220   18.00000   15.00000  16.7%   933 36070s
 134293 128167   15.48232 6331  220   18.00000   15.00000  16.7%   931 36302s
 135755 128956   15.48243 6387  223   18.00000   15.00000  16.7%   929 36426s
 136545 129766   15.48463 6418  220   18.00000   15.00000  16.7%   927 36548s
 137367 130553   15.48615 6450  220   18.00000   15.00000  16.7%   926 36668s
 138173 130692   15.48632 6483  217   18.00000   15.00000  16.7%   924 36810s
 138312 131186   16.06233 6483  195   18.00000   15.00000  16.7%   924 36985s
 138813 132054   15.48639 6501  219   18.00000   15.00000  16.7%   923 37133s
 139683 132966   15.48735 6532  219   18.00000   15.00000  16.7%   922 37280s
 140619 133883   15.48763 6568  220   18.00000   15.00000  16.7%   920 37420s
 141542 134807   15.48826 6603  217   18.00000   15.00000  16.7%   919 37559s
 142469 135698   15.48838 6640  221   18.00000   15.00000  16.7%   917 37695s
 143372 136596   15.48876 6674  219   18.00000   15.00000  16.7%   915 37833s
 144275 137426   15.48971 6708  217   18.00000   15.00000  16.7%   914 37972s
 145119 138313   15.49132 6739  218   18.00000   15.00000  16.7%   912 38113s
 146023 139175   15.49173 6773  218   18.00000   15.00000  16.7%   911 38245s
 146923 140045   15.49230 6808  221   18.00000   15.00000  16.7%   909 38363s
 147817 140920   15.49315 6841  218   18.00000   15.00000  16.7%   908 38485s
 148713 141765   15.49322 6873  219   18.00000   15.00000  16.7%   906 38601s
 149593 143151   15.49472 6905  214   18.00000   15.00000  16.7%   905 38798s
 151023 144020   15.49647 6963  213   18.00000   15.00000  16.7%   902 38903s
 151911 144848   15.49693 6998  215   18.00000   15.00000  16.7%   901 39010s
 152761 145659   15.49735 7032  215   18.00000   15.00000  16.7%   900 39112s
 153601 146451   15.49971 7061  210   18.00000   15.00000  16.7%   898 39212s
 154449 146739   15.50160 7090  207   18.00000   15.00000  16.7%   897 39353s
 154741 146895   15.50165 7100  206   18.00000   15.00000  16.7%   897 39465s
 154902 147589   15.50174 7128  206   18.00000   15.00000  16.7%   896 39588s
 155612 148507   15.50402 7161  211   18.00000   15.00000  16.7%   895 39709s
 156547 149411   15.50452 7199  212   18.00000   15.00000  16.7%   894 39830s
 157483 150163   15.50697 7232  218   18.00000   15.00000  16.7%   892 39959s
 158258 151042   15.50797 7257  215   18.00000   15.00000  16.7%   891 40088s
 159189 151937   15.50871 7293  217   18.00000   15.00000  16.7%   890 40220s
 160130 152793   15.95151 7327  203   18.00000   15.00000  16.7%   888 40345s
 161065 153534   15.51155 7361  212   18.00000   15.00000  16.7%   887 40470s
 161887 154328   15.51156 7391  211   18.00000   15.00000  16.7%   885 40594s
 162709 155158   15.51236 7421  215   18.00000   15.00000  16.7%   884 40722s
 163631 155986   15.51256 7456  209   18.00000   15.00000  16.7%   883 40845s
 164541 157414   15.51282 7493  215   18.00000   15.00000  16.7%   881 41072s
 166103 158202   15.51321 7553  214   18.00000   15.00000  16.7%   879 41192s
 166949 158885   15.51332 7584  213   18.00000   15.00000  16.7%   877 41311s
 167750 159488   15.51341 7616  211   18.00000   15.00000  16.7%   876 41427s
 168359 160214   15.51380 7648  209   18.00000   15.00000  16.7%   875 41537s
 169089 160950   15.52818 7685  210   18.00000   15.00000  16.7%   874 41658s
 169830 161708   15.52840 7723  210   18.00000   15.00000  16.7%   873 41775s
 170621 162418   15.52867 7757  210   18.00000   15.00000  16.7%   872 41891s
 171452 163248   15.52903 7788  209   18.00000   15.00000  16.7%   871 42009s
 172413 164001   15.52956 7827  210   18.00000   15.00000  16.7%   870 42121s
 173328 164737   15.53017 7862  208   18.00000   15.00000  16.7%   868 42234s
 174237 165498   15.53129 7894  206   18.00000   15.00000  16.7%   867 42351s
 175193 166222   15.53135 7928  211   18.00000   15.00000  16.7%   865 42465s
 176144 166260   15.53171 7960  209   18.00000   15.00000  16.7%   864 42604s
 176182 166371   16.06314 7960  201   18.00000   15.00000  16.7%   864 42744s
 176293 166830   15.53171 7961  209   18.00000   15.00000  16.7%   863 42858s
 176856 167538   15.53180 7982  208   18.00000   15.00000  16.7%   862 42976s
 177780 168232   15.53528 8018  215   18.00000   15.00000  16.7%   861 43096s
 178724 168915   15.53580 8049  214   18.00000   15.00000  16.7%   859 43200s

Cutting planes:
  MIR: 1
  Flow cover: 6

Explored 179639 nodes (154200345 simplex iterations) in 43200.13 seconds (154555.36 work units)
Thread count was 8 (of 56 available processors)

Solution count 10: 18 19 20 ... 27

Time limit reached
Best objective 1.800000000000e+01, best bound 1.500000000000e+01, gap 16.6667%

User-callback calls 4088197, time in user-callback 21.41 sec
Set parameter TimeLimit to value 1.7979719839096069e+03
Gurobi Optimizer version 12.0.3 build v12.0.3rc0 (linux64 - "Ubuntu 24.04.4 LTS")

CPU model: Intel(R) Xeon(R) Gold 6348 CPU @ 2.60GHz, instruction set [SSE2|AVX|AVX2|AVX512]
Thread count: 56 physical cores, 56 logical processors, using up to 8 threads

Non-default parameters:
TimeLimit  1.7979719839096069e+03
Threads  8

Optimize a model with 374 rows, 65833 columns and 1965895 nonzeros
Model fingerprint: 0x82645739
Variable types: 0 continuous, 65833 integer (65833 binary)
Coefficient statistics:
  Matrix range     [1e+00, 1e+00]
  Objective range  [1e+01, 2e+02]
  Bounds range     [1e+00, 1e+00]
  RHS range        [1e+00, 2e+01]

Loaded user MIP start with objective 1153.73
MIP start from previous solve did not produce a new incumbent solution

Presolve removed 0 rows and 64 columns
Presolve time: 4.48s
Presolved: 374 rows, 65769 columns, 1964253 nonzeros
Variable types: 0 continuous, 65769 integer (65769 binary)

Starting sifting (using dual simplex for sub-problems)...

    Iter     Pivots    Primal Obj      Dual Obj        Time
       0          0     infinity      0.0000000e+00      5s
       1       2431   1.5534174e+05   1.5662395e+01      5s
       2       4305   8.0409229e+02   2.0742758e+02      5s
       3       6721   6.3417302e+02   3.5812826e+02      6s
       4       9123   5.7329824e+02   4.7644542e+02      6s
       5      11501   5.6616459e+02   5.2140009e+02      7s
       6      13691   5.6275940e+02   5.5061942e+02      8s
       7      15361   5.6246185e+02   5.5476207e+02      8s

Sifting complete


Root simplex log...

Iteration    Objective       Primal Inf.    Dual Inf.      Time
   16909    5.6246104e+02   0.000000e+00   0.000000e+00      9s

Root relaxation: objective 5.624610e+02, 16909 iterations, 4.44 seconds (8.35 work units)

    Nodes    |    Current Node    |     Objective Bounds      |     Work
 Expl Unexpl |  Obj  Depth IntInf | Incumbent    BestBd   Gap | It/Node Time

     0     0  562.46104    0  316 1153.72800  562.46104  51.2%     -    9s
H    0     0                    1131.8640000  562.46104  50.3%     -   14s
     0     0  563.03682    0  328 1131.86400  563.03682  50.3%     -   21s
     0     0  563.26103    0  336 1131.86400  563.26103  50.2%     -   51s
     0     0  563.64140    0  337 1131.86400  563.64140  50.2%     -   55s
     0     0  563.75178    0  330 1131.86400  563.75178  50.2%     -   63s
     0     0  563.79810    0  333 1131.86400  563.79810  50.2%     -   67s
     0     0  563.79812    0  333 1131.86400  563.79812  50.2%     -   74s
     0     2  564.12287    0  333 1131.86400  564.12287  50.2%     -  124s
     1     3  564.12287    1  333 1131.86400  564.12287  50.2%  48.0  129s
     2     5  564.12287    2  340 1131.86400  564.12287  50.2%   106  134s
     4     9  564.42164    3  340 1131.86400  564.12287  50.2%   232  141s
     8    17  564.53707    4  340 1131.86400  564.42256  50.1%   501  149s
    16    25  564.87286    5  338 1131.86400  564.54787  50.1%   834  150s
    24    56  564.93722    6  338 1131.86400  564.54787  50.1%   622  156s
H   30    56                    1118.9280000  564.54787  49.5%   516  156s
H   46    56                    1103.0560000  564.54787  48.8%   387  156s
    77    86  565.14775   14  341 1103.05600  564.54787  48.8%   316  165s
    85    94  565.16025   15  338 1103.05600  564.54787  48.8%   318  188s
    93   102  565.25196   16  339 1103.05600  564.54787  48.8%   303  191s
   109   118  565.28257   18  346 1103.05600  564.54787  48.8%   293  197s
   117   128  565.28257   19  346 1103.05600  564.54787  48.8%   287  202s
H  122   128                    1102.3120000  564.54787  48.8%   282  202s
   127   159  565.35305   20  344 1102.31200  564.54787  48.8%   280  205s
H  160   170                    1087.8880000  564.54787  48.1%   252  208s
   169   196  565.43151   25  348 1087.88800  564.54787  48.1%   251  210s
H  208   217                    1087.6400000  564.54787  48.1%   235  213s
   216   242  565.56186   33  350 1087.64000  564.54787  48.1%   233  218s
   241   260  565.81670   35  343 1087.64000  564.54787  48.1%   234  221s
H  254   260                    1087.3920000  564.54787  48.1%   233  221s
   285   294  566.23209   42  340 1087.39200  564.54787  48.1%   223  226s
   293   302  566.26150   43  340 1087.39200  564.54787  48.1%   219  240s
   317   326  566.27916   46  340 1087.39200  564.54787  48.1%   211  247s
   325   334  566.28639   47  337 1087.39200  564.54787  48.1%   210  251s
   333   347  566.29615   48  338 1087.39200  564.54787  48.1%   208  259s
   346   357  566.34662   49  338 1087.39200  564.54787  48.1%   204  267s
   356   373  566.40110   50  337 1087.39200  564.54787  48.1%   211  276s
   372   393  566.40745   51  335 1087.39200  564.54787  48.1%   212  283s
   392   413  566.45743   53  339 1087.39200  564.54787  48.1%   212  287s
   412   448  566.54727   58  337 1087.39200  564.54787  48.1%   210  291s
   493   543  566.70464   68  333 1087.39200  564.54787  48.1%   195  297s
   542   586  566.80634   73  340 1087.39200  564.54787  48.1%   189  300s
   585   613  566.89275   79  343 1087.39200  564.54787  48.1%   187  305s
   612   658  567.12259   82  339 1087.39200  564.54787  48.1%   195  313s
   657   709  567.18573   88  337 1087.39200  564.54787  48.1%   194  316s
   708   762  567.29578   95  337 1087.39200  564.54787  48.1%   191  320s
   761   818  567.39768   99  338 1087.39200  564.54787  48.1%   188  327s
   817   872  567.64537  108  332 1087.39200  564.54787  48.1%   188  335s
   939  1037  567.88233  126  335 1087.39200  564.54787  48.1%   186  343s
  1036  1123  568.02588  134  336 1087.39200  564.54787  48.1%   178  351s
  1122  1237  568.11390  149  341 1087.39200  564.54787  48.1%   176  356s
  1236  1320  568.29788  163  341 1087.39200  564.54787  48.1%   168  361s
  1319  1431  568.77094  176  344 1087.39200  564.54787  48.1%   165  366s
  1430  1542  568.95339  185  341 1087.39200  564.54787  48.1%   160  371s
  1541  1550  569.11457  196  341 1087.39200  564.54787  48.1%   155  375s
  1557  1572  569.17349  198  341 1087.39200  564.54787  48.1%   154  385s
  1571  1625  569.19721  199  339 1087.39200  564.54787  48.1%   154  390s
  1624  1754  569.21417  200  340 1087.39200  564.54787  48.1%   152  395s
  1753  1898  569.27792  212  343 1087.39200  564.54787  48.1%   147  401s
  1897  2032  569.54390  230  345 1087.39200  564.54787  48.1%   142  406s
  2031  2231  569.73521  249  345 1087.39200  564.54787  48.1%   138  411s
  2230  2448  569.93771  273  340 1087.39200  564.54787  48.1%   132  417s
  2447  2651  570.09274  300  345 1087.39200  564.54787  48.1%   125  424s
  2650  2847  570.24585  328  338 1087.39200  564.54787  48.1%   121  430s
  2846  3030  570.95841  356  342 1087.39200  564.54787  48.1%   118  437s
  3029  3230  571.42243  369  342 1087.39200  564.54787  48.1%   115  443s
  3229  3421  572.91535  376  343 1087.39200  564.54787  48.1%   113  451s
  3420  3579  573.27230  389  353 1087.39200  564.54787  48.1%   111  458s
  3578  3770  573.73274  406  346 1087.39200  564.54787  48.1%   111  465s
  3769  3962  574.20557  420  342 1087.39200  564.54787  48.1%   109  475s
  3961  4159  574.80448  433  355 1087.39200  564.54787  48.1%   109  483s
  4158  4260  575.05335  453  351 1087.39200  564.54787  48.1%   108  491s
  4259  4282  575.47906  459  353 1087.39200  564.54787  48.1%   107  499s
  4281  4344  575.48679  460  352 1087.39200  564.54787  48.1%   107  509s
  4343  4465  575.51796  461  354 1087.39200  564.54787  48.1%   107  518s
  4464  4634  575.83034  475  350 1087.39200  564.54787  48.1%   106  529s
  4633  4890  576.20882  497  350 1087.39200  564.54787  48.1%   106  540s
  4889  5153  576.44390  532  344 1087.39200  564.54787  48.1%   104  551s
  5152  5376  577.07118  557  342 1087.39200  564.54787  48.1%   103  561s
  5375  5397  578.05359  582  340 1087.39200  564.54787  48.1%   104  575s
  5396  5560  578.36445  583  353 1087.39200  564.54787  48.1%   104  586s
  5559  5717  578.39180  584  347 1087.39200  564.54787  48.1%   103  602s
  5716  5976  578.68380  601  347 1087.39200  564.54787  48.1%   103  616s
  5975  6289  579.59576  628  347 1087.39200  564.54787  48.1%   101  633s
  6288  6646  579.95774  668  348 1087.39200  564.54787  48.1%  98.9  647s
  6645  7061  581.07695  699  343 1087.39200  564.54787  48.1%  97.1  661s
  7060  7496  581.53824  742  348 1087.39200  564.54787  48.1%  95.4  676s
  7496  7497  585.21943  189  333 1087.39200  564.54787  48.1%  93.7  711s
  7498  7498  588.53166  565  316 1087.39200  564.54787  48.1%  93.7  739s
  7499  7499  594.08979  606  316 1087.39200  564.54787  48.1%  93.7  786s
  7500  7500  581.34543  728  329 1087.39200  564.54787  48.1%  93.7  795s
  7502  7501  600.69887  174  341 1087.39200  564.54787  48.1%  93.7  806s
  7503  7502  588.50537  184  340 1087.39200  564.54787  48.1%  93.6  821s
  7506  7504  602.92138  289  343 1087.39200  564.54787  48.1%  93.6  831s
  7507  7504  594.05962  471  339 1087.39200  564.63427  48.1%  93.6  845s
  7511  7507  597.02283   53  349 1087.39200  564.94207  48.0%  93.5  850s
  7513  7508  625.59483  619  351 1087.39200  564.97765  48.0%  93.5  857s
  7514  7509  588.17534  341  344 1087.39200  565.23318  48.0%  93.5  872s
  7517  7511  610.20729  350  348 1087.39200  565.41417  48.0%  93.5  881s
  7518  7512  625.48736  614  350 1087.39200  565.46379  48.0%  93.5  894s
  7519  7512  609.25175  270  350 1087.39200  565.50816  48.0%  93.4  895s
  7520  7513  613.00098  610  354 1087.39200  565.52747  48.0%  93.4  902s
  7521  7514  586.47919  261  351 1087.39200  565.61428  48.0%  93.4  927s
  7523  7515  588.89243  381  355 1087.39200  565.72185  48.0%  93.4  936s
  7524  7516  590.31285  476  349 1087.39200  565.79310  48.0%  93.4  950s
  7527  7518  612.66487  596  348 1087.39200  565.82277  48.0%  93.3  958s
  7528  7518  610.11261  516  350 1087.39200  565.85228  48.0%  93.3  970s
  7531  7520  606.71100 1030  346 1087.39200  565.95124  48.0%  93.3  978s
  7532  7521  608.68535  232  354 1087.39200  565.97679  48.0%  93.3  989s
  7533  7522  628.62851  776  350 1087.39200  566.00328  47.9%  93.3  990s
  7536  7524  629.00654  805  358 1087.39200  566.03723  47.9%  93.2  998s
  7537  7524  580.92232  684  355 1087.39200  566.08459  47.9%  93.2 1010s
  7542  7528  621.11854 1124  355 1087.39200  566.13963  47.9%  93.2 1021s
  7543  7528  596.84105  108  355 1087.39200  566.15337  47.9%  93.1 1028s
  7544  7529  580.64429   66  355 1087.39200  566.42130  47.9%  93.1 1133s
  7545  7533  566.42130   15  349 1087.39200  566.42130  47.9%  96.7 1288s
  7547  7536  566.42130   16  350 1087.39200  566.42130  47.9%  97.0 1302s
  7551  7543  566.45605   17  351 1087.39200  566.42130  47.9%  97.6 1318s
  7559  7548  566.47633   18  350 1087.39200  566.45840  47.9%  99.0 1325s
  7567  7564  566.49654   19  346 1087.39200  566.45840  47.9%   100 1340s
  7586  7571  566.55012   21  344 1087.39200  566.45840  47.9%   101 1355s
  7599  7577  566.70350   22  352 1087.39200  566.45840  47.9%   104 1369s
H 7607  7196                    1087.1440000  566.45840  47.9%   104 1369s
  7609  7211  566.83434   23  350 1087.14400  566.45840  47.9%   105 1380s
  7625  7218  566.89549   24  352 1087.14400  566.45840  47.9%   107 1395s
  7637  7230  567.11384   25  358 1087.14400  566.45840  47.9%   109 1407s
  7653  7233  567.11440   26  361 1087.14400  566.45840  47.9%   111 1415s
  7661  7239  578.24408   26  324 1087.14400  566.45840  47.9%   112 1426s
  7670  7244  567.16239   27  357 1087.14400  566.45840  47.9%   114 1440s
  7678  7248  577.77449   27  318 1087.14400  566.45840  47.9%   115 1473s
  7685  7256  567.16398   28  353 1087.14400  566.45840  47.9%   117 1486s
  7695  7264  579.89720   28  316 1087.14400  566.45840  47.9%   118 1496s
  7706  7273  567.16405   29  352 1087.14400  566.45840  47.9%   120 1519s
  7719  7281  567.30922   30  355 1087.14400  566.45840  47.9%   121 1544s
  7731  7290  567.35131   31  352 1087.14400  566.45840  47.9%   124 1565s
  7744  7298  567.35131   32  352 1087.14400  566.45840  47.9%   125 1577s
  7757  7307  567.35131   33  352 1087.14400  566.45840  47.9%   127 1602s
  7770  7311  567.41302   34  364 1087.14400  566.45840  47.9%   129 1613s
  7778  7316  580.71085   34  323 1087.14400  566.45840  47.9%   131 1628s
  7786  7321  567.41654   35  362 1087.14400  566.45840  47.9%   132 1662s
  7794  7330  573.13115   35  329 1087.14400  566.45840  47.9%   133 1679s
  7805  7334  567.49572   36  359 1087.14400  566.45840  47.9%   135 1692s
  7813  7340  580.21562   36  308 1087.14400  566.45840  47.9%   136 1704s
  7822  7346  567.49572   37  360 1087.14400  566.45840  47.9%   139 1719s
  7831  7354  577.35469   37  324 1087.14400  566.45840  47.9%   140 1738s
  7842  7362  567.68030   38  349 1087.14400  566.45840  47.9%   142 1757s
  7853  7372  571.13385   38  315 1087.14400  566.45840  47.9%   143 1774s
  7867  7389  567.68030   39  349 1087.14400  566.45840  47.9%   145 1794s
  7889  7388  580.68710   41  328 1087.14400  566.45840  47.9%   148 1797s

Cutting planes:
  MIR: 12
  Flow cover: 44

Explored 7895 nodes (1185921 simplex iterations) in 1798.00 seconds (4947.00 work units)
Thread count was 8 (of 56 available processors)

Solution count 9: 1087.14 1087.39 1087.64 ... 1153.73

Time limit reached
Best objective 1.087144000000e+03, best bound 5.664583968788e+02, gap 47.8948%

User-callback calls 456744, time in user-callback 2.27 sec
