
Gurobi 12.0.3 (linux64) logging started Sun Sep 20 00:38:29 2026

Set parameter LogFile to value "/home/nc437/ladder-lite/diving_pricing_20260919/results/c4_k08/control_arm_b/586641_r0/gurobi.log"
Set parameter OutputFlag to value 1
Set parameter TimeLimit to value 7770
Set parameter MIPGap to value 0.0001
Set parameter Threads to value 8
Set parameter Seed to value 20260919
Set parameter TimeLimit to value 3885
Gurobi Optimizer version 12.0.3 build v12.0.3rc0 (linux64 - "Ubuntu 24.04.4 LTS")

CPU model: Intel(R) Xeon(R) Gold 6230 CPU @ 2.10GHz, instruction set [SSE2|AVX|AVX2|AVX512]
Thread count: 40 physical cores, 40 logical processors, using up to 8 threads

Non-default parameters:
TimeLimit  3885
Seed  20260919
Threads  8

Optimize a model with 188 rows, 39668 columns and 1057136 nonzeros
Model fingerprint: 0xabb8f622
Variable types: 0 continuous, 39668 integer (39668 binary)
Coefficient statistics:
  Matrix range     [1e+00, 1e+00]
  Objective range  [1e+00, 1e+00]
  Bounds range     [1e+00, 1e+00]
  RHS range        [1e+00, 1e+00]

Loaded user MIP start with objective 59

Presolve removed 0 rows and 452 columns
Presolve time: 2.19s
Presolved: 188 rows, 39216 columns, 1048230 nonzeros
Variable types: 0 continuous, 39216 integer (39216 binary)

Starting sifting (using dual simplex for sub-problems)...

    Iter     Pivots    Primal Obj      Dual Obj        Time
       0          0     infinity      0.0000000e+00      2s
       1        424   9.8471826e+00   4.0155494e+00      2s
       2       1089   9.7260804e+00   5.5099473e+00      2s
       3       2024   9.3825479e+00   6.4604317e+00      2s
       4       3041   9.0017530e+00   6.8836747e+00      3s
       5       4115   8.7315165e+00   7.3209193e+00      3s
       6       5683   8.4448245e+00   7.4325188e+00      3s
       7       6810   8.1955118e+00   7.5713196e+00      3s
       8       8114   8.0103594e+00   7.6174330e+00      3s
       9       8838   8.0000000e+00   8.0000000e+00      3s

Sifting complete


Root relaxation: objective 8.000000e+00, 8838 iterations, 0.85 seconds (0.94 work units)
Total elapsed time = 5.63s (DegenMoves)

    Nodes    |    Current Node    |     Objective Bounds      |     Work
 Expl Unexpl |  Obj  Depth IntInf | Incumbent    BestBd   Gap | It/Node Time

     0     0    8.00000    0   87   59.00000    8.00000  86.4%     -    6s
H    0     0                      18.0000000    8.00000  55.6%     -    7s
H    0     0                      15.0000000    8.00000  46.7%     -    7s
H    0     0                      14.0000000    8.00000  42.9%     -    7s
H    0     0                      12.0000000    8.00000  33.3%     -    7s
H    0     0                      11.0000000    8.00000  27.3%     -    7s
H    0     0                       9.9999998    8.00000  20.0%     -    8s
H    0     0                       9.0000000    8.00000  11.1%     -   14s
     0     0    8.00000    0   84    9.00000    8.00000  11.1%     -   15s
     0     0    8.00000    0   90    9.00000    8.00000  11.1%     -   20s
     0     0    8.00000    0   91    9.00000    8.00000  11.1%     -   24s
     0     0    8.00000    0   82    9.00000    8.00000  11.1%     -   30s
     0     0    8.00000    0   95    9.00000    8.00000  11.1%     -   31s
     0     0    8.00000    0   93    9.00000    8.00000  11.1%     -   35s
     0     0    8.00000    0   93    9.00000    8.00000  11.1%     -   35s
     0     0    8.00000    0   90    9.00000    8.00000  11.1%     -   42s
     0     0    8.00000    0  103    9.00000    8.00000  11.1%     -   43s
     0     0    8.00000    0   81    9.00000    8.00000  11.1%     -   53s
     0     0    8.00000    0   81    9.00000    8.00000  11.1%     -   57s
     0     2    8.00000    0   60    9.00000    8.00000  11.1%     -   64s
     2     3    8.00000    1   81    9.00000    8.00000  11.1% 15405   76s
     4     4    8.00000    1   86    9.00000    8.00000  11.1%  7702   83s
     5     5    8.00000    1   98    9.00000    8.00000  11.1%  6162   94s
     6     6    8.00000    1  100    9.00000    8.00000  11.1%  5135   96s
     7     6    8.00000    1   91    9.00000    8.00000  11.1%  4401  101s
     9     8    8.00000    1   84    9.00000    8.00000  11.1%  3423  107s
    11     9    8.00000    1   84    9.00000    8.00000  11.1%  2801  113s
    13    10    8.00000    1   89    9.00000    8.00000  11.1%  2370  120s
    15    12    8.00000    1   67    9.00000    8.00000  11.1%  2054  127s
    17    13    8.00000    1   95    9.00000    8.00000  11.1%  1812  130s
    19    14    8.00000    1   92    9.00000    8.00000  11.1%  1622  138s
    20    16    8.00000    1   81    9.00000    8.00000  11.1%  5341  140s
    23    18    8.00000    1   90    9.00000    8.00000  11.1%  4645  146s
    27    21    8.00000    1   80    9.00000    8.00000  11.1%  3956  150s
    33    25    8.00000    1   80    9.00000    8.00000  11.1%  3237  156s
    38    31    8.00000   25   96    9.00000    8.00000  11.1%  4303  160s
   127    23    8.00000   34   99    9.00000    8.00000  11.1%  1488  165s
   273    58    8.00000   41   83    9.00000    8.00000  11.1%   834  170s
   402   158    8.00000   52   80    9.00000    8.00000  11.1%   630  177s
   523   216 infeasible   65         9.00000    8.00000  11.1%   520  181s
   655   304 infeasible  110         9.00000    8.00000  11.1%   471  186s
   953   366    8.00000   50   80    9.00000    8.00000  11.1%   427  194s
  1236   370    8.00000   62   77    9.00000    8.00000  11.1%   374  201s
  1440   430    8.00000   67   87    9.00000    8.00000  11.1%   351  208s
  2202   190    8.00000  152   95    9.00000    8.00000  11.1%   318  216s
  2642   168    8.00000   98   89    9.00000    8.00000  11.1%   315  231s
  2694   194    8.00000  101   80    9.00000    8.00000  11.1%   314  237s
  2734   265    8.00000  106   80    9.00000    8.00000  11.1%   313  240s
  2913   338    8.00000  130   93    9.00000    8.00000  11.1%   303  245s
  3238   170 infeasible  231         9.00000    8.00000  11.1%   288  253s
  3454   150 infeasible  237         9.00000    8.00000  11.1%   286  257s
  3592   131 infeasible  254         9.00000    8.00000  11.1%   282  260s
  3799   198 infeasible   75         9.00000    8.00000  11.1%   277  265s
  3998   194    8.00000  110   87    9.00000    8.00000  11.1%   271  277s
  4082   195    8.00000  122   91    9.00000    8.00000  11.1%   271  280s
  4452   135    8.00000  124   89    9.00000    8.00000  11.1%   262  288s
  4617   105    8.00000  125   99    9.00000    8.00000  11.1%   258  291s
  4751    57    8.00000  126   95    9.00000    8.00000  11.1%   254  295s
  4962     0 infeasible  152         9.00000    8.00000  11.1%   250  300s

Cutting planes:
  Flow cover: 11

Explored 5014 nodes (1427492 simplex iterations) in 300.65 seconds (533.00 work units)
Thread count was 8 (of 40 available processors)

Solution count 8: 9 10 11 ... 59

Optimal solution found (tolerance 1.00e-04)
Best objective 9.000000000000e+00, best bound 9.000000000000e+00, gap 0.0000%

User-callback calls 83168, time in user-callback 0.41 sec
Set parameter TimeLimit to value 7.4682999594211578e+03
Gurobi Optimizer version 12.0.3 build v12.0.3rc0 (linux64 - "Ubuntu 24.04.4 LTS")

CPU model: Intel(R) Xeon(R) Gold 6230 CPU @ 2.10GHz, instruction set [SSE2|AVX|AVX2|AVX512]
Thread count: 40 physical cores, 40 logical processors, using up to 8 threads

Non-default parameters:
TimeLimit  7.4682999594211578e+03
Seed  20260919
Threads  8

Optimize a model with 189 rows, 39668 columns and 1096804 nonzeros
Model fingerprint: 0xccc133d7
Variable types: 0 continuous, 39668 integer (39668 binary)
Coefficient statistics:
  Matrix range     [1e+00, 1e+00]
  Objective range  [6e+00, 2e+02]
  Bounds range     [1e+00, 1e+00]
  RHS range        [1e+00, 9e+00]

Loaded user MIP start with objective 497.944
MIP start from previous solve did not produce a new incumbent solution

Presolve removed 0 rows and 68 columns
Presolve time: 2.13s
Presolved: 189 rows, 39600 columns, 1095250 nonzeros
Variable types: 0 continuous, 39600 integer (39600 binary)

Starting sifting (using dual simplex for sub-problems)...

    Iter     Pivots    Primal Obj      Dual Obj        Time
       0          0     infinity      0.0000000e+00      2s
       1        851   1.0529563e+06   2.8365540e+01      2s
       2       1561   5.0843496e+02   1.0734665e+02      2s
       3       2398   3.9955177e+02   2.1347463e+02      2s
       4       3180   3.4639658e+02   2.9547795e+02      3s
       5       4054   3.3777694e+02   3.1582560e+02      3s
       6       4730   3.3592535e+02   3.2931735e+02      3s

Sifting complete


Root relaxation: objective 3.358206e+02, 5252 iterations, 0.67 seconds (0.86 work units)

    Nodes    |    Current Node    |     Objective Bounds      |     Work
 Expl Unexpl |  Obj  Depth IntInf | Incumbent    BestBd   Gap | It/Node Time

     0     0  335.82062    0  160  497.94400  335.82062  32.6%     -    2s
H    0     0                     466.8640000  335.82062  28.1%     -    3s
     0     0  336.48237    0  160  466.86400  336.48237  27.9%     -    5s
     0     0  336.61930    0  162  466.86400  336.61930  27.9%     -   11s
     0     0  336.82114    0  173  466.86400  336.82114  27.9%     -   12s
     0     0  336.95557    0  172  466.86400  336.95557  27.8%     -   13s
     0     0  337.02212    0  171  466.86400  337.02212  27.8%     -   14s
     0     0  337.13948    0  172  466.86400  337.13948  27.8%     -   14s
     0     0  337.23501    0  171  466.86400  337.23501  27.8%     -   14s
     0     0  337.26553    0  170  466.86400  337.26553  27.8%     -   14s
     0     0  337.28453    0  171  466.86400  337.28453  27.8%     -   15s
     0     0  337.63189    0  173  466.86400  337.63189  27.7%     -   16s
     0     0  337.73032    0  175  466.86400  337.73032  27.7%     -   17s
     0     0  338.17838    0  181  466.86400  338.17838  27.6%     -   18s
     0     0  338.26552    0  180  466.86400  338.26552  27.5%     -   20s
     0     0  338.32027    0  185  466.86400  338.32027  27.5%     -   20s
     0     0  338.35185    0  185  466.86400  338.35185  27.5%     -   20s
     0     0  338.45480    0  186  466.86400  338.45480  27.5%     -   21s
     0     0  338.46327    0  188  466.86400  338.46327  27.5%     -   22s
     0     0  338.51096    0  190  466.86400  338.51096  27.5%     -   23s
     0     0  338.55842    0  188  466.86400  338.55842  27.5%     -   25s
     0     0  338.57589    0  187  466.86400  338.57589  27.5%     -   25s
     0     0  338.61269    0  187  466.86400  338.61269  27.5%     -   26s
     0     0  338.61269    0  187  466.86400  338.61269  27.5%     -   26s
     0     0  338.62935    0  190  466.86400  338.62935  27.5%     -   26s
     0     0  338.63148    0  190  466.86400  338.63148  27.5%     -   29s
     0     2  338.63148    0  190  466.86400  338.63148  27.5%     -   41s
     3     8  339.45945    2  172  466.86400  339.42720  27.3%   344   46s
    23    53  340.32591    5  180  466.86400  340.12219  27.1%   434   51s
    52    61  341.03285    9  179  466.86400  340.12219  27.1%   246   58s
H   58    61                     464.8800000  340.12219  26.8%   236   58s
    60    80  341.11992   10  177  464.88000  340.12219  26.8%   232   60s
   231   252  341.99831   29  176  464.88000  340.12219  26.8%   112   65s
   456   489  342.89241   48  181  464.88000  340.12219  26.8%  84.3   70s
   638   677  343.50907   65  181  464.88000  340.12219  26.8%  77.1   75s
   943  1006  344.16217   88  179  464.88000  340.12219  26.8%  67.4   80s
H 1081  1094                     462.6480000  340.12219  26.5%  64.6   84s
  1095  1170  344.37920   99  186  462.64800  340.12219  26.5%  64.5   85s
  1421  1517  345.23230  119  186  462.64800  340.12219  26.5%  59.1   90s
  1802  1919  345.74709  142  181  462.64800  340.12219  26.5%  54.2   95s
  2153  2260  346.06080  164  183  462.64800  340.12219  26.5%  51.9  101s
  2525  2662  346.53452  183  181  462.64800  340.12219  26.5%  50.6  106s
  2826  2831  346.90575  200  179  462.64800  340.12219  26.5%  49.1  112s
  2834  2839  346.92569  201  183  462.64800  340.12219  26.5%  49.0  118s
  2842  2847  346.92868  202  182  462.64800  340.12219  26.5%  49.1  120s
  2858  2863  346.97816  204  184  462.64800  340.12219  26.5%  49.1  128s
  2866  2871  346.98901  205  185  462.64800  340.12219  26.5%  49.0  135s
H 2875  2883                     448.3920000  340.12219  24.1%  49.0  139s
  2886  3024  347.00329  207  182  448.39200  340.12219  24.1%  49.0  142s
H 3053  3086                     448.1440000  340.12219  24.1%  48.4  144s
  3089  3229  347.27098  229  178  448.14400  340.12219  24.1%  48.3  147s
  3297  3441  347.60434  257  182  448.14400  340.12219  24.1%  47.8  152s
  3446  3586  347.84547  271  183  448.14400  340.12219  24.1%  47.1  157s
  3749  3929  348.23072  295  182  448.14400  340.12219  24.1%  46.9  161s
  4124  4315  348.78931  327  185  448.14400  340.12219  24.1%  46.4  166s
  4537  4610  349.23150  362  177  448.14400  340.12219  24.1%  45.8  173s
H 4538  4610                     447.4000000  340.12219  24.0%  45.8  173s
  4620  4850  349.23269  363  178  447.40000  340.12219  24.0%  45.9  176s
  5097  5333  349.60810  418  180  447.40000  340.12219  24.0%  45.5  182s
  5343  5608  349.93240  437  177  447.40000  340.12219  24.0%  45.2  185s
  5905  6212  350.39285  488  177  447.40000  340.12219  24.0%  44.5  192s
  6224  6540  350.70738  515  175  447.40000  340.12219  24.0%  44.1  196s
  6552  6882  351.09883  545  174  447.40000  340.12219  24.0%  43.8  200s
  6894  7056  351.33981  579  181  447.40000  340.12219  24.0%  43.3  207s
  7068  7473  351.45500  588  175  447.40000  340.12219  24.0%  43.1  212s
  7486  7474  382.10917  104  190  447.40000  340.12219  24.0%  42.6  219s
  7488  7475  358.58721  274  160  447.40000  340.12219  24.0%  42.6  228s
  7489  7476  359.60396  358  163  447.40000  340.12219  24.0%  42.6  241s
  7496  7481  365.94060  736  182  447.40000  340.12219  24.0%  42.5  247s
  7497  7481  405.68793  883  185  447.40000  340.12219  24.0%  42.5  261s
  7499  7483  351.28049  569  185  447.40000  340.57550  23.9%  42.5  270s
  7501  7484  390.42795  287  185  447.40000  341.95929  23.6%  42.5  296s
  7504  7491  341.95929   15  180  447.40000  341.95929  23.6%  43.5  302s
  7508  7498  341.95929   16  181  447.40000  341.95929  23.6%  43.8  305s
  7541  7517  341.95929   19  176  447.40000  341.95929  23.6%  45.0  313s
  7550  7528  358.96315   19  147  447.40000  341.95929  23.6%  46.1  316s
  7584  7539  341.95929   21  180  447.40000  341.95929  23.6%  48.0  323s
  7592  7543  350.79156   21  163  447.40000  341.95929  23.6%  48.2  333s
  7600  7548  341.95929   22  179  447.40000  341.95929  23.6%  48.8  336s
  7608  7553  360.32278   22  151  447.40000  341.95929  23.6%  49.1  340s
  7624  7564  356.44059   23  125  447.40000  341.95929  23.6%  50.4  345s
  7656  7582  341.95929   25  176  447.40000  341.95929  23.6%  51.9  353s
  7667  7588  363.37894   25  132  447.40000  341.95929  23.6%  52.2  356s
  7676  7595  341.95929   26  179  447.40000  341.95929  23.6%  52.8  362s
  7686  7600  355.59161   26  151  447.40000  341.95929  23.6%  53.2  365s
  7710  7613  357.62965   27  127  447.40000  341.95929  23.6%  54.4  371s
  7726  7619  341.95929   28  177  447.40000  341.95929  23.6%  55.1  377s
  7758  7630  341.95929   29  177  447.40000  341.95929  23.6%  56.5  383s
  7777  7634  364.59688   29  154  447.40000  341.95929  23.6%  57.1  388s
  7790  7637  341.95929   30  177  447.40000  341.95929  23.6%  58.0  401s
  7799  7643  360.81178   30  123  447.40000  341.95929  23.6%  58.4  405s
  7810  7651  342.03783   31  179  447.40000  341.95929  23.6%  58.9  449s
  7823  7659  342.08288   32  180  447.40000  341.95929  23.6%  59.6  453s
  7837  7671  342.16579   33  178  447.40000  341.95929  23.6%  60.4  462s
  7856  7680  358.74538   34  157  447.40000  341.95929  23.6%  61.3  466s
  7879  7688  355.78837   35  133  447.40000  341.95929  23.6%  62.6  471s
  7932  7701  342.34076   38  180  447.40000  341.95929  23.6%  65.2  479s
  7962  7710  358.49486   39  148  447.40000  341.95929  23.6%  66.3  484s
  7995  7722  345.60854   40  154  447.40000  341.95929  23.6%  67.8  489s
  8031  7730  343.15345   42  180  447.40000  341.95929  23.6%  69.4  494s
  8067  7748  352.57340   43  148  447.40000  341.95929  23.6%  71.0  500s
  8110  7762  343.51029   45  176  447.40000  341.95929  23.6%  72.7  505s
  8156  7778  343.82402   47  176  447.40000  341.95929  23.6%  74.3  511s
  8203  7793  344.25181   49  183  447.40000  341.95929  23.6%  76.2  517s
  8254  7801  345.14401   51  176  447.40000  341.95929  23.6%  77.8  522s
  8299  7819  345.15235   52  175  447.40000  341.95929  23.6%  79.7  528s
  8353  7821  345.52849   54  173  447.40000  341.95929  23.6%  81.7  544s
  8395  7841  360.42537   54  147  447.40000  341.95929  23.6%  82.7  551s
  8453  7854  345.61980   56  175  447.40000  341.95929  23.6%  84.6  558s
  8513  7870  360.49084   58  136  447.40000  341.95929  23.6%  86.7  565s
  8577  7890  345.83209   61  175  447.40000  341.95929  23.6%  88.7  573s
  8645  7908  371.81663   63  132  447.40000  341.95929  23.6%  90.6  580s
  8713  7923  346.15348   66  175  447.40000  341.95929  23.6%  92.3  587s
  8785  7946  359.89403   68  151  447.40000  341.95929  23.6%  94.5  595s
  8864  7965  346.47829   71  179  447.40000  341.95929  23.6%  96.6  603s
  8944  7987  346.52909   74  181  447.40000  341.95929  23.6%  98.7  611s
  9029  8007  346.64043   77  177  447.40000  341.95929  23.6%   101  619s
  9119  8016  346.69027   80  179  447.40000  341.95929  23.6%   103  630s
  9198  8032  346.77152   82  177  447.40000  341.95929  23.6%   104  639s
  9285  8055  346.83836   85  177  447.40000  341.95929  23.6%   106  650s
  9383  8079  346.95816   88  173  447.40000  341.95929  23.6%   108  659s
  9492  8101  361.64561   91  134  447.40000  341.95929  23.6%   110  670s
  9604  8097  347.22907   95  172  447.40000  341.95929  23.6%   112  680s
  9691  8098  347.28165   97  174  447.40000  341.95929  23.6%   114  692s
  9784  8129  347.40065   99  173  447.40000  341.95929  23.6%   115  703s
  9911  8144  365.59989  103  137  447.40000  341.95929  23.6%   117  714s
 10042  8184  347.64676  108  170  447.40000  341.95929  23.6%   119  726s
 10136  8252  347.79366  113  166  447.40000  341.95929  23.6%   122  738s
 10241  8254  348.02091  118  170  447.40000  341.95929  23.6%   125  754s
 10286  8264  348.11054  120  170  447.40000  341.95929  23.6%   126  770s
 10315  8363  365.21966  120  133  447.40000  341.95929  23.6%   127  785s
 10431  8423  348.20061  125  174  447.40000  341.95929  23.6%   130  815s
 10536  8475  348.40498  131  171  447.40000  341.95929  23.6%   133  834s
 10636  8534  348.94394  136  168  447.40000  341.95929  23.6%   136  852s
 10746  8588  349.31403  141  177  447.40000  341.95929  23.6%   140  868s
 10863  8717  349.54836  148  176  447.40000  341.95929  23.6%   144  883s
 11061  8821  349.94483  154  172  447.40000  341.95929  23.6%   147  903s
 11256  8952  367.47775  157  145  447.40000  341.95929  23.6%   149  920s
 11487  9078  350.44929  165  176  447.40000  341.95929  23.6%   152  938s
 11725  9194  350.66385  172  174  447.40000  341.95929  23.6%   155  958s
 11944  9343  350.94250  175  174  447.40000  341.95929  23.6%   157  978s
 12214  9411  351.14231  183  172  447.40000  341.95929  23.6%   160  997s
 12412  9567  351.36784  190  176  447.40000  341.95929  23.6%   162 1019s
 12686  9706  351.51112  195  174  447.40000  341.95929  23.6%   165 1042s
 12974  9734  351.71797  205  171  447.40000  341.95929  23.6%   168 1067s
 13127  9741  351.81160  211  170  447.40000  341.95929  23.6%   170 1097s
 13201  9778  351.93747  213  177  447.40000  341.95929  23.6%   172 1140s
 13317  9851  364.82862  213  136  447.40000  341.95929  23.6%   173 1169s
 13548 10039  352.06835  217  171  447.40000  341.95929  23.6%   176 1199s
 13929 10066  352.32631  228  177  447.40000  341.95929  23.6%   178 1492s
 14240 10265  352.53992  237  175  447.40000  341.95929  23.6%   180 1522s
 14728 10460  352.62842  246  177  447.40000  341.95929  23.6%   181 1555s
 15274 10463  352.98472  259  176  447.40000  341.95929  23.6%   182 1573s
 15661 10599  353.70005  263  173  447.40000  341.95929  23.6%   181 1590s
 16047 10803  353.86551  270  175  447.40000  342.24067  23.5%   180 1607s
 16391 10958  354.14074  278  173  447.40000  342.24067  23.5%   180 1625s
 16666 11308  372.69358  283  151  447.40000  342.24067  23.5%   180 1645s
 17121 11504  355.46893  291  175  447.40000  342.24067  23.5%   179 1665s
 17478 11450  355.64957  296  174  447.40000  342.24067  23.5%   178 1691s
 17552 11846  374.89477  298  139  447.40000  342.24067  23.5%   179 1713s
 17992 12205  355.92861  305  180  447.40000  342.24067  23.5%   178 1738s
 18521 12668  356.49018  312  176  447.40000  342.24067  23.5%   177 1762s
 19188 12946  357.18389  322  172  447.40000  342.24067  23.5%   175 1787s
 19706 13396  357.62114  329  175  447.40000  342.24067  23.5%   173 1813s
 20351 13931  357.89652  340  175  447.40000  342.24067  23.5%   172 1838s
 21143 14294  358.04873  350  172  447.40000  342.24067  23.5%   169 1861s
 21816 14672  358.64688  361  175  447.40000  342.28513  23.5%   168 1888s
 22448 14824  358.74319  369  177  447.40000  342.28513  23.5%   167 1917s
 22880 14881  359.33745  380  175  447.40000  344.91530  22.9%   168 2231s
 23102 15337  375.61163  388  133  447.40000  344.91530  22.9%   169 2260s
 23694 15804  379.22098  398  136  447.40000  344.91530  22.9%   169 2292s
 24427 16335  360.09767  410  175  447.40000  344.91530  22.9%   168 2322s
 25269 17102  360.40972  424  171  447.40000  344.91530  22.9%   167 2357s
 26378 17826  360.80388  439  173  447.40000  344.91530  22.9%   165 2388s
 27571 18915  361.25580  456  165  447.40000  344.91530  22.9%   162 2421s
 29176 18381  371.95975  122  190  447.40000  344.91530  22.9%   158 2791s
 29178 18382  407.26159  282  160  447.40000  344.91530  22.9%   158 2800s
 29179 18383  405.81996 1596  159  447.40000  344.91530  22.9%   158 2816s
 29183 18386  379.22096  256  172  447.40000  344.91530  22.9%   158 2820s
 29190 18390  368.78462  489  187  447.40000  344.91530  22.9%   158 2826s
 29191 18391  387.73288  284  191  447.40000  344.91530  22.9%   158 2854s
 29192 18392  428.35349  233  190  447.40000  344.91530  22.9%   158 2867s
 29193 18392  373.63922  184  191  447.40000  344.91530  22.9%   158 2891s
 29194 18393  389.15253  509  191  447.40000  344.91530  22.9%   158 2903s
 29195 18394  419.79942 1760  191  447.40000  344.91530  22.9%   158 2939s
 29196 18397  344.91530   27  183  447.40000  344.91530  22.9%   158 2943s
 29198 18401  344.91530   28  179  447.40000  344.91530  22.9%   158 2945s
 29202 18407  344.91530   29  178  447.40000  344.91530  22.9%   158 2953s
 29210 18413  344.91530   30  178  447.40000  344.91530  22.9%   158 2956s
 29218 18430  344.91530   31  179  447.40000  344.91530  22.9%   158 2965s
 29253 18448  357.69358   32  131  447.40000  344.91530  22.9%   159 2972s
 29270 18455  344.91530   33  176  447.40000  344.91530  22.9%   159 2977s
 29284 18462  352.00328   33  161  447.40000  344.91530  22.9%   159 2980s
 29316 18479  355.99636   34  124  447.40000  344.91530  22.9%   159 2988s
 29332 18486  344.91530   35  181  447.40000  344.91530  22.9%   159 2992s
 29347 18494  355.19646   35  154  447.40000  344.91530  22.9%   159 2995s
 29364 18496  344.91530   36  183  447.40000  344.91530  22.9%   160 3000s
 29372 18501  358.91144   36  143  447.40000  344.91530  22.9%   160 3008s
 29381 18506  344.91530   37  177  447.40000  344.91530  22.9%   160 3016s
 29397 18515  344.91530   38  176  447.40000  344.91530  22.9%   160 3022s
 29406 18519  353.52165   38  147  447.40000  344.91530  22.9%   160 3033s
 29415 18525  344.91530   39  181  447.40000  344.91530  22.9%   160 3036s
 29440 18541  344.91530   40  178  447.40000  344.91530  22.9%   160 3041s
 29454 18547  355.47083   40  150  447.40000  344.91530  22.9%   160 3048s
 29471 18558  344.91530   41  182  447.40000  344.91530  22.9%   161 3052s
 29491 18568  355.66104   41  139  447.40000  344.91530  22.9%   161 3055s
 29533 18594  354.72026   42  147  447.40000  344.91530  22.9%   161 3061s
 29560 18605  344.91530   43  181  447.40000  344.91530  22.9%   161 3066s
 29586 18620  344.91530   44  177  447.40000  344.91530  22.9%   161 3071s
 29647 18646  344.91530   46  178  447.40000  344.91530  22.9%   162 3080s
 29708 18673  344.91530   48  176  447.40000  344.91530  22.9%   162 3088s
 29743 18688  344.91530   49  176  447.40000  344.91530  22.9%   163 3091s
 29778 18699  358.01851   50  151  447.40000  344.91530  22.9%   163 3097s
 29817 18717  344.91530   52  180  447.40000  344.91530  22.9%   163 3102s
 29859 18736  344.91530   54  182  447.40000  344.91530  22.9%   163 3109s
 29901 18754  365.95373   55  129  447.40000  344.91530  22.9%   164 3114s
 29944 18768  344.91530   57  181  447.40000  344.91530  22.9%   164 3119s
 29989 18771  344.91530   59  179  447.40000  344.91530  22.9%   164 3135s
 30023 18770  361.59070   59  134  447.40000  344.91530  22.9%   165 3145s
 30033 18779  344.91530   60  179  447.40000  344.91530  22.9%   165 3153s
 30053 18797  344.91530   62  182  447.40000  344.91530  22.9%   165 3162s
 30091 18824  344.91530   64  180  447.40000  344.91530  22.9%   165 3169s
 30141 18847  345.02840   66  180  447.40000  344.91530  22.9%   165 3176s
 30204 18873  345.12922   68  180  447.40000  344.91530  22.9%   166 3182s
 30273 18895  345.25542   70  179  447.40000  344.91530  22.9%   166 3189s
 30343 18908  359.96562   72  150  447.40000  344.91530  22.9%   166 3198s
 30412 18924  345.52691   75  183  447.40000  344.91530  22.9%   167 3205s
 30487 18942  363.91151   77  126  447.40000  344.91530  22.9%   167 3213s
 30565 18961  345.77531   79  181  447.40000  344.91530  22.9%   167 3222s
 30651 18974  346.00262   82  175  447.40000  344.91530  22.9%   168 3230s
 30729 18990  346.14662   84  178  447.40000  344.91530  22.9%   168 3239s
 30811 19016  364.41797   86  120  447.40000  344.91530  22.9%   168 3248s
 30908 19008  346.29245   89  180  447.40000  344.91530  22.9%   169 3258s
 30975 19017  365.75229   90  143  447.40000  344.91530  22.9%   169 3268s
 31055 19043  346.33007   91  181  447.40000  344.91530  22.9%   169 3278s
 31156 19069  346.43349   93  180  447.40000  344.91530  22.9%   169 3289s
 31276 19087  346.64819   97  182  447.40000  344.91530  22.9%   170 3298s
 31394 19123  346.75073  100  178  447.40000  344.91530  22.9%   170 3309s
 31492 19175  347.19515  104  181  447.40000  344.91530  22.9%   170 3320s
 31581 19230  363.06174  107  139  447.40000  344.91530  22.9%   171 3330s
 31671 19281  363.83417  111  144  447.40000  344.91530  22.9%   172 3342s
 31762 19344  347.81072  115  179  447.40000  344.91530  22.9%   172 3354s
 31866 19405  347.97822  119  176  447.40000  344.91530  22.9%   173 3366s
 31971 19473  360.84790  123  145  447.40000  344.91530  22.9%   173 3379s
 32082 19468  360.70053  127  142  447.40000  344.91530  22.9%   174 3396s
 32123 19548  349.11241  129  174  447.40000  344.91530  22.9%   174 3410s
 32235 19616  349.28420  134  177  447.40000  344.91530  22.9%   175 3425s
 32357 19684  349.91440  139  181  447.40000  344.91530  22.9%   176 3440s
 32482 19743  350.17384  144  178  447.40000  344.91530  22.9%   176 3456s
 32603 19805  350.52137  150  180  447.40000  344.91530  22.9%   177 3474s
 32715 19894  350.95204  156  180  447.40000  344.91530  22.9%   178 3491s
 32863 19966  351.16820  162  179  447.40000  344.91530  22.9%   179 3508s
 33013 20042  351.38564  168  179  447.40000  344.91530  22.9%   179 3526s
 33165 20098  367.86737  174  138  447.40000  344.91530  22.9%   180 3550s
 33296 20192  352.09666  181  179  447.40000  344.91530  22.9%   181 3572s
 33467 20291  352.31789  188  180  447.40000  344.91530  22.9%   182 3593s
 33663 20387  371.01180  195  133  447.40000  344.91530  22.9%   183 3614s
 33867 20480  364.75017  202  128  447.40000  344.91530  22.9%   184 3941s
 34066 20594  353.38224  210  175  447.40000  344.91530  22.9%   185 3966s
 34284 20677  362.48001  218  164  447.40000  344.91530  22.9%   186 3992s
 34486 20816  354.01036  226  177  447.40000  344.91530  22.9%   187 4018s
 34749 20950  354.54840  235  177  447.40000  344.91530  22.9%   188 4044s
 35027 21089  368.36218  244  132  447.40000  344.91530  22.9%   189 4072s
 35349 21215  355.46107  255  171  447.40000  344.91530  22.9%   190 4102s
 35697 21329  365.36517  265  136  447.40000  344.91530  22.9%   191 4134s
 36036 21491  357.15757  276  180  447.40000  344.91530  22.9%   192 4168s
 36472 21646  358.02962  286  176  447.40000  344.91530  22.9%   193 4204s
 36979 21773  358.45095  295  173  447.40000  344.91530  22.9%   194 4239s
 37512 21942  358.93607  305  177  447.40000  344.91530  22.9%   194 4273s
 38123 22102  359.60173  319  169  447.40000  344.91530  22.9%   194 4309s
 38768 22198  359.94287  334  170  447.40000  344.91530  22.9%   195 4349s
 39385 22046  360.31356  351  175  447.40000  344.91530  22.9%   195 4404s
 39486 22303  360.44884  355  177  447.40000  344.91530  22.9%   195 4446s
 39977 22551  360.91150  372  174  447.40000  344.91530  22.9%   196 4490s
 40499 23029  361.27781  387  172  447.40000  344.91530  22.9%   196 4534s
 41324 23360  361.88870  405  173  447.40000  344.91530  22.9%   196 4581s
 42119 23745  362.28472  420  169  447.40000  344.91530  22.9%   196 4631s
 42994 24183  362.76882  436  174  447.40000  344.91530  22.9%   196 4682s
 44043 24745  363.67692  455  170  447.40000  344.91530  22.9%   196 4739s
 45431 24560  364.34400  478  176  447.40000  344.91530  22.9%   195 4771s
 45954 24857  364.46480  486  175  447.40000  344.91530  22.9%   194 4800s
 46924 25266  364.83544  497  177  447.40000  344.91530  22.9%   193 4828s
 48018 25355  365.25542  510  173  447.40000  344.91530  22.9%   191 4855s
 48577 25820  365.69067  518  173  447.40000  344.91530  22.9%   190 4884s
 49330 26617  366.05973  526  167  447.40000  344.91530  22.9%   189 4916s
 50528 27699  366.47893  539  177  447.40000  344.91530  22.9%   187 4950s
 52200 27920  366.90445  551  176  447.40000  344.91530  22.9%   183 4974s
 53160 28118  367.10467  561  175  447.40000  344.91530  22.9%   182 4998s
 53832 28517  367.43079  571  173  447.40000  344.91530  22.9%   181 5022s
 54627 28579  367.80085  581  174  447.40000  344.91530  22.9%   181 5047s
 55110 29129  368.04907  588  173  447.40000  344.91530  22.9%   180 5072s
 56024 29569  368.46649  599  174  447.40000  344.91530  22.9%   179 5099s
 57103 29860  368.68834  609  173  447.40000  344.91530  22.9%   178 5125s
 58240 30105  368.91072  618  173  447.40000  344.91530  22.9%   177 5150s
 59782 30124  369.19791  628  171  447.40000  344.91530  22.9%   174 5508s
 60803 32821  385.77861  647  127  447.40000  345.31415  22.8%   173 5588s
 64339 32640  371.04215  683  167  447.40000  345.40712  22.8%   168 5619s
 65441 33546  371.27972  689  172  447.40000  345.92285  22.7%   166 5650s
 66783 34287  371.50094  701  173  447.40000  345.92285  22.7%   164 5676s
 68115 34418  371.96553  711  169  447.40000  346.07013  22.6%   162 5698s
 68896 34946  372.26462  721  177  447.40000  346.07013  22.6%   162 5721s
 69867 35870  372.34398  727  171  447.40000  347.18743  22.4%   160 5743s
 71115 36941  372.53704  737  166  447.40000  347.18743  22.4%   159 5766s
 72606 38330  372.76713  746  166  447.40000  347.18743  22.4%   157 5791s
 74528 40326  372.99442  755  171  447.40000  347.29279  22.4%   154 5836s
 77203 40681  373.44139  773  171  447.40000  347.29279  22.4%   150 5852s
 78509 40776  373.67535  778  168  447.40000  347.29948  22.4%   149 5864s
 79103 40996  373.78311  783  176  447.40000  347.29948  22.4%   148 5877s
 79525 41711  373.80298  784  176  447.40000  347.29948  22.4%   148 5893s
 80381 41812  373.93975  790  169  447.40000  347.29948  22.4%   147 5904s
 80814 42124  374.03776  795  165  447.40000  347.29948  22.4%   146 5916s
 81277 42434  374.15406  801  171  447.40000  347.29948  22.4%   146 5928s
 81751 42916  374.27386  807  173  447.40000  347.29948  22.4%   146 5942s
 82396 43309  374.46135  813  173  447.40000  347.29948  22.4%   145 5957s
 83025 43908  374.62364  819  172  447.40000  347.29948  22.4%   145 5972s
 83895 43737  374.74104  826  174  447.40000  347.57759  22.3%   144 5993s
 84018 44331  400.70494  826  125  447.40000  347.57759  22.3%   144 6010s
 84657 44814  375.01698  833  176  447.40000  347.57759  22.3%   144 6028s
 85263 45773  375.11428  836  175  447.40000  347.57759  22.3%   143 6048s
 86231 46780  375.43796  843  173  447.40000  347.57759  22.3%   142 6067s
 87267 47633  375.79995  851  172  447.40000  347.91353  22.2%   141 6083s
 88176 47987  375.96391  858  176  447.40000  347.91353  22.2%   141 6096s
 88583 48576  376.28487  865  174  447.40000  348.05189  22.2%   141 6111s
 89187 49890  376.54920  871  172  447.40000  348.05189  22.2%   141 6148s
 90543 50742  376.94054  887  174  447.40000  348.05189  22.2%   140 6169s
 91431 51295  377.21000  897  174  447.40000  348.05189  22.2%   140 6189s
 92102 51807  377.36617  905  179  447.40000  348.24890  22.2%   140 6210s
 92935 52811  377.41042  910  179  447.40000  348.24890  22.2%   139 6233s
 94402 53330  377.59972  920  179  447.40000  348.69875  22.1%   138 6250s
 94974 53773  377.76659  928  174  447.40000  348.69875  22.1%   138 6267s
 95451 54397  377.89348  936  175  447.40000  348.69875  22.1%   138 6285s
 96106 55166  378.03669  944  175  447.40000  348.69875  22.1%   138 6307s
 96932 55560  378.14586  953  173  447.40000  348.69875  22.1%   138 6326s
 97406 56280  378.32850  959  175  447.40000  349.19670  21.9%   138 6348s
 98220 56892  378.46325  968  170  447.40000  349.19670  21.9%   138 6367s
 98885 57634  378.62376  977  174  447.40000  349.19670  21.9%   138 6388s
 99700 58381  379.02681  987  167  447.40000  349.19670  21.9%   137 6409s
 100520 58983  379.23356  997  170  447.40000  349.19670  21.9%   137 6431s
 101214 59567  379.38122 1003  175  447.40000  349.19670  21.9%   137 6450s
 101877 60223  379.55188 1012  174  447.40000  349.19670  21.9%   137 6470s
 102652 61228  379.74101 1023  173  447.40000  349.19670  21.9%   137 6491s
 103975 62667  380.00331 1032  171  447.40000  349.19670  21.9%   136 6528s
 106031 63207  380.36140 1047  169  447.40000  349.53721  21.9%   135 6542s
 106591 63773  380.63546 1053  169  447.40000  349.53721  21.9%   135 6559s
 107181 64516  380.71670 1056  168  447.40000  349.58637  21.9%   135 6576s
 107942 65505  381.08047 1063  167  447.40000  349.73090  21.8%   134 6596s
 108995 65966  381.27050 1070  164  447.40000  349.73090  21.8%   134 6609s
 109525 66566  381.39416 1077  167  447.40000  349.80994  21.8%   133 6624s
 110212 67055  381.60280 1085  166  447.40000  350.06284  21.8%   133 6639s
 110723 67785  381.73251 1091  166  447.40000  350.06284  21.8%   133 6655s
 111523 68329  381.96353 1099  168  447.40000  350.06284  21.8%   133 6674s
 112123 68515  382.09807 1107  169  447.40000  350.06284  21.8%   133 6689s
 112391 68664  382.25262 1115  168  447.40000  350.06284  21.8%   133 6705s
 112655 68949  382.42346 1123  165  447.40000  350.06284  21.8%   134 6724s
 113127 69263  382.48072 1128  170  447.40000  350.09302  21.7%   134 6741s
 113478 69727  382.61620 1136  174  447.40000  350.09302  21.7%   134 6757s
 113979 70420  382.78676 1145  173  447.40000  350.09302  21.7%   134 6777s
 114722 71130  382.99683 1154  172  447.40000  350.09302  21.7%   134 6799s
 115538 71631  383.13724 1164  174  447.40000  350.09302  21.7%   134 6818s
 116204 71981  383.32087 1174  172  447.40000  350.46201  21.7%   134 6837s
 116671 72401  383.48503 1183  173  447.40000  350.46201  21.7%   134 6856s
 117265 72829  383.67266 1193  174  447.40000  350.46201  21.7%   134 6874s
 117803 73460  383.91647 1205  169  447.40000  350.46201  21.7%   135 6896s
 118554 74487  384.15264 1216  171  447.40000  350.46201  21.7%   135 6928s
 119910 74838  384.43351 1231  171  447.40000  350.46201  21.7%   134 6945s
 120371 75341  384.77301 1241  169  447.40000  350.46201  21.7%   135 6966s
 121117 75740  385.05511 1252  170  447.40000  350.46201  21.7%   135 6987s
 121690 76240  385.30929 1264  168  447.40000  350.46201  21.7%   135 7011s
 122449 76533  385.50186 1275  165  447.40000  350.46201  21.7%   135 7036s
 123095 76875  385.71638 1289  164  447.40000  350.46201  21.7%   136 7062s
 124000 77155  385.99948 1302  165  447.40000  350.46201  21.7%   136 7086s
 124903 77643  386.22025 1312  166  447.40000  350.68757  21.6%   136 7107s
 125512 78340  386.45402 1325  167  447.40000  350.68757  21.6%   136 7131s
 126361 79244  386.70464 1338  164  447.40000  350.68757  21.6%   136 7156s
 127464 79998  387.19012 1352  166  447.40000  350.68757  21.6%   136 7181s
 128509 81022  387.51189 1365  166  447.40000  350.68757  21.6%   136 7211s
 130142 82116  387.81722 1377  163  447.40000  350.68757  21.6%   135 7235s
 131445 82789  388.29749 1389  162  447.40000  351.08039  21.5%   134 7253s
 132198 83460  388.52310 1400  167  447.40000  351.08039  21.5%   134 7273s
 132953 84037  388.77653 1411  165  447.40000  351.08039  21.5%   134 7291s
 133630 85480  389.09370 1422  161  447.40000  351.08039  21.5%   134 7325s
 135191 85830  389.33388 1439  166  447.40000  351.08039  21.5%   134 7338s
 135647 86228  389.66593 1447  166  447.40000  351.08039  21.5%   134 7355s
 136198 86751  389.77754 1456  161  447.40000  351.08039  21.5%   134 7374s
 136899 87436  390.01912 1467  162  447.40000  351.08039  21.5%   134 7396s
 137813 88425  390.64783 1478  159  447.40000  351.77036  21.4%   134 7420s
 138918 89637  390.86813 1488  162  447.40000  351.77036  21.4%   133 7444s
 140160 90373  391.12664 1498  163  447.40000  351.77036  21.4%   133 7460s
 140989 90714  391.20145 1507  160  447.40000  351.77036  21.4%   132 7468s

Cutting planes:
  MIR: 21
  Flow cover: 35

Explored 141344 nodes (18689289 simplex iterations) in 7468.38 seconds (18219.63 work units)
Thread count was 8 (of 40 available processors)

Solution count 7: 447.4 448.144 448.392 ... 497.944

Time limit reached
Best objective 4.474000000000e+02, best bound 3.517703561977e+02, gap 21.3745%

User-callback calls 2092575, time in user-callback 12.39 sec
