
Gurobi 12.0.3 (linux64) logging started Mon Sep 21 16:01:37 2026

Set parameter LogFile to value "/home/nc437/ladder-lite/integer_columns_20260921/results/c4_k08/control_s20260921/668464_r0/mip_gurobi.log"
Set parameter OutputFlag to value 1
Set parameter TimeLimit to value 3600
Set parameter MIPGap to value 0.0001
Set parameter Threads to value 8
Set parameter Seed to value 20260921
Set parameter TimeLimit to value 1800
Gurobi Optimizer version 12.0.3 build v12.0.3rc0 (linux64 - "Ubuntu 24.04.4 LTS")

CPU model: Intel(R) Xeon(R) Gold 6230 CPU @ 2.10GHz, instruction set [SSE2|AVX|AVX2|AVX512]
Thread count: 40 physical cores, 40 logical processors, using up to 8 threads

Non-default parameters:
TimeLimit  1800
Seed  20260921
Threads  8

Optimize a model with 188 rows, 39668 columns and 1057136 nonzeros
Model fingerprint: 0xabb8f622
Variable types: 0 continuous, 39668 integer (39668 binary)
Coefficient statistics:
  Matrix range     [1e+00, 1e+00]
  Objective range  [1e+00, 1e+00]
  Bounds range     [1e+00, 1e+00]
  RHS range        [1e+00, 1e+00]

Loaded user MIP start with objective 59

Presolve removed 0 rows and 452 columns
Presolve time: 2.26s
Presolved: 188 rows, 39216 columns, 1048230 nonzeros
Variable types: 0 continuous, 39216 integer (39216 binary)

Starting sifting (using dual simplex for sub-problems)...

    Iter     Pivots    Primal Obj      Dual Obj        Time
       0          0     infinity      0.0000000e+00      2s
       1        329   9.8471826e+00   4.1059386e+00      2s
       2       1333   9.5698592e+00   5.9691590e+00      3s
       3       2369   9.1129122e+00   6.7160638e+00      3s
       4       3444   8.7583432e+00   7.0910738e+00      3s
       5       4460   8.3550311e+00   7.3082322e+00      3s
       6       5560   8.1094782e+00   7.4230132e+00      3s
       7       6415   8.0000000e+00   8.0000000e+00      3s

Sifting complete


Root relaxation: objective 8.000000e+00, 6415 iterations, 0.62 seconds (0.64 work units)

    Nodes    |    Current Node    |     Objective Bounds      |     Work
 Expl Unexpl |  Obj  Depth IntInf | Incumbent    BestBd   Gap | It/Node Time

     0     0    8.00000    0   86   59.00000    8.00000  86.4%     -    5s
H    0     0                      22.0000000    8.00000  63.6%     -    5s
H    0     0                      15.0000000    8.00000  46.7%     -    5s
H    0     0                      13.0000000    8.00000  38.5%     -    5s
H    0     0                      12.0000000    8.00000  33.3%     -    5s
H    0     0                      11.0000000    8.00000  27.3%     -    6s
H    0     0                      10.0000000    8.00000  20.0%     -    7s
     0     0    8.00000    0   81   10.00000    8.00000  20.0%     -   13s
     0     0    8.00000    0   93   10.00000    8.00000  20.0%     -   24s
     0     0    8.00000    0   84   10.00000    8.00000  20.0%     -   32s
     0     0    8.00000    0   98   10.00000    8.00000  20.0%     -   33s
     0     0    8.00000    0   90   10.00000    8.00000  20.0%     -   38s
     0     0    8.00000    0   96   10.00000    8.00000  20.0%     -   39s
     0     0    8.00000    0   89   10.00000    8.00000  20.0%     -   47s
     0     0    8.00000    0  104   10.00000    8.00000  20.0%     -   49s
     0     0    8.00000    0   81   10.00000    8.00000  20.0%     -   58s
     0     0    8.00000    0   97   10.00000    8.00000  20.0%     -   59s
     0     0    8.00000    0   91   10.00000    8.00000  20.0%     -   65s
     0     0    8.00000    0   91   10.00000    8.00000  20.0%     -   68s
     0     2    8.00000    0   89   10.00000    8.00000  20.0%     -   80s
     3     8    8.00000    2  108   10.00000    8.00000  20.0%  9889   85s
    23    48    8.00000    5  109   10.00000    8.00000  20.0%  3000   90s
    47    66    8.00000    7  124   10.00000    8.00000  20.0%  1699   97s
    89    98    8.00000   11  123   10.00000    8.00000  20.0%  1570  104s
    97   111    8.00000   12  111   10.00000    8.00000  20.0%  1673  111s
   110   125    8.00000   13  101   10.00000    8.00000  20.0%  1492  115s
   133   142    8.00000   15   98   10.00000    8.00000  20.0%  1258  123s
   141   164    8.00000   16   96   10.00000    8.00000  20.0%  1194  126s
   216   255    8.00000   18  101   10.00000    8.00000  20.0%   824  132s
   256   326    8.00000   19  101   10.00000    8.00000  20.0%   726  135s
   400   407    8.00000   21  101   10.00000    8.00000  20.0%   502  142s
   418   427    8.00000   23  100   10.00000    8.00000  20.0%   487  146s
   539   601    8.00000   26  112   10.00000    8.00000  20.0%   401  151s
   602   614    8.00000   27  108   10.00000    8.00000  20.0%   369  155s
   615   630    8.00000   28  104   10.00000    8.00000  20.0%   363  165s
   693   717    8.00000   31  115   10.00000    8.00000  20.0%   333  173s
   718   734    8.00000   32  111   10.00000    8.00000  20.0%   325  175s
   756   798    8.00000   35  115   10.00000    8.00000  20.0%   318  188s
   799   823    8.00000   37  103   10.00000    8.00000  20.0%   309  191s
   874   965    8.00000   41  113   10.00000    8.00000  20.0%   300  198s
   966  1060    8.00000   43   90   10.00000    8.00000  20.0%   281  203s
  1061  1154    8.00000   46  109   10.00000    8.00000  20.0%   266  206s
  1245  1327    8.00000   50   98   10.00000    8.00000  20.0%   244  212s
  1328  1434    8.03870   52  131   10.00000    8.00000  20.0%   237  215s
  1533  1648    8.08890   57  124   10.00000    8.00000  20.0%   219  223s
  1655  1806    8.09585   66  123   10.00000    8.00000  20.0%   211  227s
  1957  2031    8.10532   89  133   10.00000    8.00000  20.0%   187  233s
  2038  2170    8.10811   93  135   10.00000    8.00000  20.0%   185  236s
  2366  2573    8.11592  124  132   10.00000    8.00000  20.0%   167  246s
  2580  2744    8.11974  155  129   10.00000    8.00000  20.0%   158  250s
  2765  2797    8.12608  177  124   10.00000    8.00000  20.0%   152  257s
  2810  2847    8.12656  179  125   10.00000    8.00000  20.0%   150  261s
  2927  3003    8.12789  188  137   10.00000    8.00000  20.0%   146  269s
  3016  3200    8.12796  189  135   10.00000    8.00000  20.0%   145  272s
  3213  3450    8.13223  202  127   10.00000    8.00000  20.0%   140  276s
  3663  3852    8.16741  228  141   10.00000    8.00000  20.0%   130  283s
  3865  4106    8.17299  238  144   10.00000    8.00000  20.0%   127  287s
  4119  4361    8.18185  252  138   10.00000    8.00000  20.0%   123  291s
  4374  4680    8.18765  282  142   10.00000    8.00000  20.0%   120  295s
  4693  5038    8.19325  316  145   10.00000    8.00000  20.0%   116  300s
  5051  5218    8.19873  345  140   10.00000    8.00000  20.0%   111  306s
  5231  5581    8.20101  352  143   10.00000    8.00000  20.0%   109  310s
  5594  5966    8.20753  386  137   10.00000    8.00000  20.0%   106  315s
  5979  6365    8.22024  419  140   10.00000    8.00000  20.0%   102  320s
  6378  6707    8.23772  461  133   10.00000    8.00000  20.0%   100  327s
  6720  7176    8.23969  467  136   10.00000    8.00000  20.0%  96.8  332s
  7189  7584    8.25926  503  133   10.00000    8.00000  20.0%  94.7  340s
  7606  7585    8.22374  372   91   10.00000    8.00000  20.0%  95.0  345s
  7608  7586    9.00000  717   86   10.00000    8.00000  20.0%  95.0  364s
  7609  7587    8.35083  530   82   10.00000    8.00000  20.0%  94.9  384s
  7610  7588    8.26974  511   92   10.00000    8.00000  20.0%  94.9  391s
  7611  7588    8.19039  225   86   10.00000    8.00000  20.0%  94.9  404s
  7612  7589    8.37536  365  107   10.00000    8.00000  20.0%  94.9  408s
  7613  7590    9.00000  390   99   10.00000    8.00000  20.0%  94.9  422s
  7615  7591    8.39838  653   81   10.00000    8.00000  20.0%  94.9  438s
  7616  7592    8.20495  350   91   10.00000    8.00000  20.0%  94.9  440s
H 7616  7212                       9.0000000    8.00000  11.1%  94.9  448s
  7617  7212    8.73800 1343   79    9.00000    8.00000  11.1%  94.8  452s
  7619  7214    8.29582  295   90    9.00000    8.00000  11.1%  94.8  464s
  7620  7214    8.13285   14  105    9.00000    8.00000  11.1%  94.8  466s
  7621  7215    8.44140  513   84    9.00000    8.00000  11.1%  94.8  475s
  7623  7216    8.43414  438   96    9.00000    8.00000  11.1%  94.8  486s
  7625  7218    8.07220   41  100    9.00000    8.00000  11.1%  94.7  503s
  7626  7218    8.19326  320  107    9.00000    8.00000  11.1%  94.7  505s
  7627  7219    8.72366  387   93    9.00000    8.00000  11.1%  94.7  511s
  7628  7220    9.00000   59   80    9.00000    8.00000  11.1%  94.7  516s
  7629  7220    8.45355  164   80    9.00000    8.00000  11.1%  94.7  521s
  7630  7222    8.15223   27   91    9.00000    8.00000  11.1%   122  527s
  7632  7223    8.15309  134   93    9.00000    8.00000  11.1%   122  535s
  7633  7224    8.52877  554   96    9.00000    8.00000  11.1%   122  546s
  7635  7225    9.00000  150   81    9.00000    8.00000  11.1%   122  556s
  7637  7227    8.44762  755   74    9.00000    8.00000  11.1%   122  563s
  7639  7228    8.25229  217   75    9.00000    8.00000  11.1%   122  569s
  7640  7229    8.19367  324   77    9.00000    8.00000  11.1%   122  570s
  7643  7231    8.26107  172   74    9.00000    8.00000  11.1%   122  580s
  7645  7232    8.21261  328   80    9.00000    8.00000  11.1%   122  587s
  7647  7233    8.27362  297   87    9.00000    8.00000  11.1%   122  592s
  7649  7235    8.51128  702   83    9.00000    8.00000  11.1%   122  601s
  7651  7236    8.53382  950   83    9.00000    8.00000  11.1%   122  610s
  7654  7239    8.64261  277   97    9.00000    8.00000  11.1%  48.1  616s
  7655  7240    8.25751  503  101    9.00000    8.00000  11.1%  48.1  620s
  7661  7244    8.55237  980   84    9.00000    8.00000  11.1%  48.0  625s
  7666  7247    8.49866  686   92    9.00000    8.00000  11.1%  48.0  630s
  7704  7251 infeasible   40         9.00000    8.00000  11.1%  58.1  635s
  7761  7237 infeasible   45         9.00000    8.00000  11.1%  61.0  640s
  7859  7251 infeasible   50         9.00000    8.00000  11.1%  66.7  645s
  7920  7231 infeasible   50         9.00000    8.00000  11.1%  70.2  651s
  8119  7187    8.00000   49   99    9.00000    8.00000  11.1%  81.5  655s
  8335  7223    8.00000   74  111    9.00000    8.00000  11.1%  87.0  662s
  8486  7213    8.00000   83  128    9.00000    8.00000  11.1%  92.4  666s
  8632  7207    8.00000   95  134    9.00000    8.00000  11.1%  99.2  671s
  8963  7130 infeasible  135         9.00000    8.00000  11.1%   111  676s
  9168  7001    8.00000  135   89    9.00000    8.00000  11.1%   119  687s
  9349  6938    8.00000  149  103    9.00000    8.00000  11.1%   122  693s
  9553  6832 infeasible   86         9.00000    8.00000  11.1%   131  698s
  9841  6782 infeasible  202         9.00000    8.00000  11.1%   143  703s
  9961  6676    8.00000   71   84    9.00000    8.00000  11.1%   144  708s
 10247  6516 infeasible  192         9.00000    8.00000  11.1%   158  714s
 10354  6517    8.00000   81   99    9.00000    8.00000  11.1%   161  717s
 10393  6497    8.00000   86  111    9.00000    8.00000  11.1%   161  721s
 10852  6246 infeasible  101         9.00000    8.00000  11.1%   178  735s
 10954  6212 infeasible  122         9.00000    8.00000  11.1%   183  741s

Cutting planes:
  MIR: 1
  Flow cover: 12

Explored 11205 nodes (2941089 simplex iterations) in 744.26 seconds (1359.32 work units)
Thread count was 8 (of 40 available processors)

Solution count 8: 9 10 11 ... 59

Optimal solution found (tolerance 1.00e-04)
Best objective 9.000000000000e+00, best bound 9.000000000000e+00, gap 0.0000%

User-callback calls 196671, time in user-callback 1.03 sec
Set parameter TimeLimit to value 2.8546432723999023e+03
Gurobi Optimizer version 12.0.3 build v12.0.3rc0 (linux64 - "Ubuntu 24.04.4 LTS")

CPU model: Intel(R) Xeon(R) Gold 6230 CPU @ 2.10GHz, instruction set [SSE2|AVX|AVX2|AVX512]
Thread count: 40 physical cores, 40 logical processors, using up to 8 threads

Non-default parameters:
TimeLimit  2.8546432723999023e+03
Seed  20260921
Threads  8

Optimize a model with 189 rows, 39668 columns and 1096804 nonzeros
Model fingerprint: 0x3554423b
Variable types: 0 continuous, 39668 integer (39668 binary)
Coefficient statistics:
  Matrix range     [1e+00, 1e+00]
  Objective range  [6e+00, 2e+02]
  Bounds range     [1e+00, 1e+00]
  RHS range        [1e+00, 9e+00]

Loaded user MIP start with objective 496.992
MIP start from previous solve did not produce a new incumbent solution

Presolve removed 0 rows and 68 columns
Presolve time: 2.36s
Presolved: 189 rows, 39600 columns, 1095250 nonzeros
Variable types: 0 continuous, 39600 integer (39600 binary)

Starting sifting (using dual simplex for sub-problems)...

    Iter     Pivots    Primal Obj      Dual Obj        Time
       0          0     infinity      0.0000000e+00      3s
       1        851   1.0529563e+06   2.8365540e+01      3s
       2       1561   5.0843496e+02   1.0734665e+02      3s
       3       2398   3.9955177e+02   2.1347463e+02      3s
       4       3160   3.4639658e+02   2.9547795e+02      3s
       5       4014   3.3777694e+02   3.1582560e+02      3s
       6       4697   3.3592535e+02   3.2968593e+02      3s
       7       5270   3.3582062e+02   3.3413944e+02      3s

Sifting complete


Root relaxation: objective 3.358206e+02, 5653 iterations, 0.76 seconds (0.96 work units)

    Nodes    |    Current Node    |     Objective Bounds      |     Work
 Expl Unexpl |  Obj  Depth IntInf | Incumbent    BestBd   Gap | It/Node Time

     0     0  335.82062    0  160  496.99200  335.82062  32.4%     -    3s
H    0     0                     491.7440000  335.82062  31.7%     -    4s
H    0     0                     489.7600000  335.82062  31.4%     -    5s
H    0     0                     478.3120000  335.82062  29.8%     -    5s
H    0     0                     476.9520000  335.82062  29.6%     -    5s
H    0     0                     474.9680000  335.82062  29.3%     -    5s
     0     0  336.63871    0  161  474.96800  336.63871  29.1%     -    7s
     0     0  336.74384    0  160  474.96800  336.74384  29.1%     -   15s
     0     0  336.89651    0  166  474.96800  336.89651  29.1%     -   16s
     0     0  336.96299    0  168  474.96800  336.96299  29.1%     -   16s
     0     0  337.71060    0  165  474.96800  337.71060  28.9%     -   18s
     0     0  337.83815    0  170  474.96800  337.83815  28.9%     -   19s
     0     0  337.97665    0  175  474.96800  337.97665  28.8%     -   20s
     0     0  338.07567    0  174  474.96800  338.07567  28.8%     -   20s
     0     0  338.08576    0  177  474.96800  338.08576  28.8%     -   20s
     0     0  338.22062    0  179  474.96800  338.22062  28.8%     -   22s
     0     0  338.33508    0  183  474.96800  338.33508  28.8%     -   23s
     0     0  338.39060    0  183  474.96800  338.39060  28.8%     -   23s
     0     0  338.60158    0  186  474.96800  338.60158  28.7%     -   24s
     0     0  338.66673    0  192  474.96800  338.66673  28.7%     -   26s
     0     0  338.68182    0  189  474.96800  338.68182  28.7%     -   26s
     0     0  338.77236    0  195  474.96800  338.77236  28.7%     -   27s
     0     0  338.77865    0  195  474.96800  338.77865  28.7%     -   29s
     0     2  338.79311    0  195  474.96800  338.79311  28.7%     -   41s
     3     8  339.69505    2  188  474.96800  339.69505  28.5%   367   45s
    59    82  341.33927    9  187  474.96800  340.54606  28.3%   206   50s
   163   174  342.07804   22  183  474.96800  340.54606  28.3%   117   59s
H  167   174                     457.8160000  340.54606  25.6%   115   59s
   173   182  342.22363   23  180  457.81600  340.54606  25.6%   115   61s
   181   190  342.32484   24  181  457.81600  340.54606  25.6%   112   67s
   207   218  342.46047   29  182  457.81600  340.54606  25.6%   106   70s
   276   286  343.00331   49  180  457.81600  340.54606  25.6%  91.9   75s
   344   358  344.33871   68  171  457.81600  340.54606  25.6%  87.8   80s
   393   419  344.67129   76  179  457.81600  340.54606  25.6%  84.3   85s
   516   551  345.54150   99  175  457.81600  340.54606  25.6%  75.3   93s
   550   595  345.61375  103  181  457.81600  340.54606  25.6%  73.5   95s
   675   731  345.85954  120  182  457.81600  340.54606  25.6%  68.5  101s
   921  1005  346.26922  149  177  457.81600  340.54606  25.6%  62.7  106s
  1182  1249  346.56652  176  179  457.81600  340.54606  25.6%  59.2  110s
  1428  1461  346.86632  200  180  457.81600  340.54606  25.6%  57.1  115s
  1468  1496  347.00911  211  179  457.81600  340.54606  25.6%  57.3  122s
  1552  1606  347.15530  232  178  457.81600  340.54606  25.6%  56.2  127s
  1673  1752  347.42855  252  184  457.81600  340.54606  25.6%  54.9  131s
  1842  1946  347.68408  273  188  457.81600  340.54606  25.6%  54.6  135s
  2095  2251  347.87746  302  184  457.81600  340.54606  25.6%  53.1  140s
  2616  2815  348.36614  351  186  457.81600  340.54606  25.6%  50.6  147s
  2816  3002  348.60378  372  189  457.81600  340.54606  25.6%  50.0  150s
  3221  3448  349.31000  392  184  457.81600  340.54606  25.6%  48.6  155s
  3705  3962  349.76719  423  181  457.81600  340.54606  25.6%  46.7  160s
  4226  4519  350.19022  459  177  457.81600  340.54606  25.6%  45.4  167s
  4522  4852  350.35477  482  183  457.81600  340.54606  25.6%  44.6  170s
  5152  5492  351.05064  521  181  457.81600  340.54606  25.6%  43.0  176s
  5499  5829  351.28264  548  180  457.81600  340.54606  25.6%  42.2  181s
  5843  6090  351.50744  574  182  457.81600  340.54606  25.6%  41.8  185s
  6368  6637  351.94745  629  183  457.81600  340.54606  25.6%  41.7  192s
  6651  6971  352.26913  661  177  457.81600  340.54606  25.6%  41.6  195s
  7327  7313  422.57255 1092  195  457.81600  340.54606  25.6%  41.1  206s
  7329  7314  379.40906  742  160  457.81600  340.54606  25.6%  41.1  218s
  7330  7315  356.60233  266  163  457.81600  340.54606  25.6%  41.1  243s
  7333  7317  357.26875  308  173  457.81600  340.54606  25.6%  41.1  245s
  7336  7319  395.32515  167  179  457.81600  340.54606  25.6%  41.0  253s
  7339  7321  377.40497  576  177  457.81600  340.54606  25.6%  41.0  255s
  7343  7324  351.66910  521  188  457.81600  340.54606  25.6%  41.0  263s
  7346  7326  372.94643  261  186  457.81600  340.54606  25.6%  41.0  266s
  7347  7326  345.07879   40  190  457.81600  340.54606  25.6%  41.0  273s
  7348  7327  428.37520 1311  190  457.81600  340.54606  25.6%  41.0  276s
  7349  7328  398.45284  257  190  457.81600  342.06000  25.3%  41.0  299s
  7350  7331  342.06000   16  183  457.81600  342.06000  25.3%  42.1  303s
  7352  7335  342.06000   17  189  457.81600  342.06000  25.3%  42.2  306s
  7364  7347  342.06000   19  188  457.81600  342.06000  25.3%  43.0  310s
  7390  7365  354.77600   21  135  457.81600  342.06000  25.3%  44.0  318s
  7401  7368  342.06000   22  187  457.81600  342.06000  25.3%  44.9  323s
  7410  7372  357.78882   22  133  457.81600  342.06000  25.3%  45.2  333s
  7419  7376  342.06000   23  187  457.81600  342.06000  25.3%  45.8  336s
  7437  7384  342.06000   24  179  457.81600  342.06000  25.3%  46.8  342s
  7446  7388  355.74535   24  151  457.81600  342.06000  25.3%  47.1  345s
  7464  7396  353.44870   25  143  457.81600  342.06000  25.3%  48.3  352s
  7473  7402  342.06000   26  178  457.81600  342.06000  25.3%  49.2  357s
  7484  7409  360.72529   26  138  457.81600  342.06000  25.3%  49.5  365s
  7511  7422  365.77214   27  136  457.81600  342.06000  25.3%  51.0  372s
  7526  7426  342.06000   28  189  457.81600  342.06000  25.3%  51.8  375s
  7556  7436  342.06000   29  188  457.81600  342.06000  25.3%  53.5  380s
  7588  7449  342.21872   30  188  457.81600  342.06000  25.3%  55.0  386s
  7603  7457  351.63178   30  154  457.81600  342.06000  25.3%  55.6  390s
  7643  7475  342.26281   32  184  457.81600  342.06000  25.3%  57.4  398s
  7663  7480  342.33948   33  185  457.81600  342.06000  25.3%  58.4  402s
  7679  7486  342.79853   34  182  457.81600  342.06000  25.3%  59.7  410s
  7716  7496  343.09885   36  181  457.81600  342.06000  25.3%  61.5  419s
  7743  7501  343.18105   37  184  457.81600  342.06000  25.3%  62.3  424s
  7771  7511  343.22828   38  182  457.81600  342.06000  25.3%  63.5  428s
  7804  7520  356.25045   39  135  457.81600  342.06000  25.3%  65.0  433s
  7840  7528  365.49844   40  158  457.81600  342.06000  25.3%  66.5  439s
  7878  7537  360.36368   41  139  457.81600  342.06000  25.3%  68.0  444s
  7918  7541  343.81245   43  184  457.81600  342.06000  25.3%  69.4  448s
  7955  7546  343.87894   44  184  457.81600  342.06000  25.3%  70.8  453s
  7988  7553  356.97697   45  152  457.81600  342.06000  25.3%  72.3  459s
  8024  7563  343.97221   47  185  457.81600  342.06000  25.3%  73.4  464s
  8066  7568  361.51511   48  123  457.81600  342.06000  25.3%  75.0  469s
  8107  7576  344.44263   49  181  457.81600  342.06000  25.3%  76.3  475s
  8153  7579  344.79267   51  183  457.81600  342.06000  25.3%  78.0  493s
  8199  7588  366.42747   52  141  457.81600  342.06000  25.3%  79.5  500s
  8256  7590  344.91462   54  181  457.81600  342.06000  25.3%  81.3  507s
  8311  7597  363.72051   55  124  457.81600  342.06000  25.3%  82.9  513s
  8372  7605  345.01859   57  182  457.81600  342.06000  25.3%  84.6  520s
  8434  7593  345.18721   59  183  457.81600  342.06000  25.3%  86.3  531s
  8446  7599  355.38574   59  138  457.81600  342.06000  25.3%  86.7  548s
  8460  7618  352.34498   60  149  457.81600  342.06000  25.3%  87.4  563s
  8488  7636  345.37844   63  183  457.81600  342.06000  25.3%  88.3  577s
  8523  7653  345.64501   66  180  457.81600  342.06000  25.3%  89.8  594s
  8558  7673  345.76165   68  180  457.81600  342.06000  25.3%  91.2  607s
  8622  7694  345.81359   71  181  457.81600  342.06000  25.3%  93.3  615s
  8679  7732  345.94020   73  177  457.81600  342.06000  25.3%  95.4  623s
  8746  7757  346.05122   76  176  457.81600  342.06000  25.3%  97.6  632s
  8813  7783  346.12677   79  177  457.81600  342.06000  25.3%   100  642s
  8881  7822  346.27118   82  179  457.81600  342.06000  25.3%   102  651s
  8961  7847  346.46284   85  177  457.81600  342.06000  25.3%   104  982s
  9039  7845  374.75346   88  143  457.81600  342.06000  25.3%   107  998s
  9069  7897  346.70350   89  173  457.81600  342.06000  25.3%   107 1009s
  9155  7950  346.83541   92  174  457.81600  342.06000  25.3%   110 1020s
  9254  8008  346.94806   96  175  457.81600  342.06000  25.3%   112 1031s
  9365  8075  371.81596   99  132  457.81600  342.06000  25.3%   115 1043s
  9489  8152  347.40626  103  177  457.81600  342.06000  25.3%   117 1056s
  9634  8220  347.55198  107  179  457.81600  342.06000  25.3%   120 1069s
  9786  8289  348.91673  111  176  457.81600  342.06000  25.3%   122 1083s
  9956  8322  362.78615  115  138  457.81600  342.06000  25.3%   125 1099s
 10093  8418  359.80130  118  152  457.81600  342.06000  25.3%   127 1114s
 10293  8499  349.72043  123  179  457.81600  342.06000  25.3%   130 1129s
 10524  8577  349.91381  129  173  457.81600  342.06000  25.3%   133 1145s
 10774  8626  350.31053  134  174  457.81600  342.06000  25.3%   136 1162s
 11015  8719  350.50096  138  177  457.81600  342.06000  25.3%   138 1180s
 11307  8807  350.86169  144  172  457.81600  342.06000  25.3%   140 1196s
 11623  8876  351.20442  151  172  457.81600  342.06000  25.3%   141 1213s
 11936  8935  351.49980  155  173  457.81600  342.06000  25.3%   142 1231s
 12223  8947  351.98175  163  174  457.81600  342.06000  25.3%   144 1253s
 12361  9142  352.09415  166  176  457.81600  342.06000  25.3%   146 1274s
 12626  9400  352.17539  171  177  457.81600  342.06000  25.3%   147 1293s
 13010  9318  352.56090  179  175  457.81600  342.06000  25.3%   148 1319s
 13070  9617  352.74536  181  177  457.81600  342.06000  25.3%   149 1342s
 13429  9905  353.08217  187  172  457.81600  342.06000  25.3%   149 1363s
 13887  9998  353.32397  197  172  457.81600  342.06000  25.3%   150 1388s
 14173 10355  353.62031  204  173  457.81600  342.06000  25.3%   151 1411s
 14681 10676  353.81773  214  175  457.81600  342.06000  25.3%   152 1441s
 15231 10962  354.16070  222  173  457.81600  342.06000  25.3%   152 1459s
 15747 11170  354.62961  228  179  457.81600  342.06000  25.3%   150 1475s
 16167 11531  354.79071  234  175  457.81600  342.06000  25.3%   149 1489s
 16719 11361  354.88290  239  171  457.81600  342.06000  25.3%   147 1505s
 16735 11413  354.92233  240  175  457.81600  342.06000  25.3%   147 1522s
 16841 11558  367.48713  240  134  457.81600  342.06000  25.3%   147 1536s
 17065 11726  355.08426  244  173  457.81600  342.06000  25.3%   148 1550s
 17356 11919  355.39387  251  172  457.81600  342.06000  25.3%   149 1569s
 17696 12227  355.50268  255  177  457.81600  342.06000  25.3%   149 1587s
 18172 12467  355.76340  263  171  457.81600  342.06000  25.3%   148 1607s
 18635 12690  355.95505  270  166  457.81600  342.06000  25.3%   148 1638s
 19063 13085  370.05996  270  130  457.81600  342.06000  25.3%   147 1660s
 19687 13415  356.13599  276  164  457.81600  342.06000  25.3%   145 1684s
 20305 13880  356.31955  281  172  457.81600  342.06000  25.3%   144 1705s
 21070 14330  356.41810  290  170  457.81600  342.06000  25.3%   143 1727s
 21877 14856  356.58082  299  172  457.81600  342.06000  25.3%   141 1752s
 22801 15206  356.67226  304  176  457.81600  342.06000  25.3%   139 1773s
 23696 15254  356.94550  313  177  457.81600  342.06000  25.3%   138 1797s
 24234 15566  357.04238  319  172  457.81600  342.06000  25.3%   138 1826s
 25011 15968  357.54518  329  173  457.81600  342.06000  25.3%   138 1854s
 26125 16153  357.91137  339  174  457.81600  342.06000  25.3%   137 1881s
 27182 16379  358.08836  346  181  457.81600  342.06000  25.3%   135 1907s
 27881 16893  358.44004  357  179  457.81600  345.47416  24.5%   135 1934s
 28680 17362  358.70059  368  177  457.81600  346.23761  24.4%   134 1964s
 29426 17146  397.47780  696  195  457.81600  346.23761  24.4%   134 2330s
 29428 17147  393.17410  149  160  457.81600  346.23761  24.4%   134 2343s
 29429 17148  417.15459 1022  163  457.81600  346.23761  24.4%   134 2372s
 29434 17151  418.59134  599  179  457.81600  346.23761  24.4%   134 2375s
 29440 17155  383.06842  427  190  457.81600  346.23761  24.4%   134 2384s
 29441 17156  382.00210  518  190  457.81600  346.23761  24.4%   134 2397s
 29442 17157  365.21104   65  190  457.81600  346.23761  24.4%   134 2442s
 29443 17160  346.23761   31  178  457.81600  346.23761  24.4%   134 2446s
 29445 17164  346.23761   32  183  457.81600  346.23761  24.4%   134 2453s
 29449 17170  346.23761   33  183  457.81600  346.23761  24.4%   134 2456s
 29465 17191  346.23761   35  179  457.81600  346.23761  24.4%   134 2462s
 29483 17193  346.23761   36  183  457.81600  346.23761  24.4%   134 2471s
 29493 17204  354.71739   36  158  457.81600  346.23761  24.4%   135 2475s
 29526 17222  361.32888   37  141  457.81600  346.23761  24.4%   135 2483s
 29540 17232  346.23761   38  184  457.81600  346.23761  24.4%   135 2490s
 29571 17251  346.23761   39  182  457.81600  346.23761  24.4%   136 2496s
 29588 17258  357.78860   39  128  457.81600  346.23761  24.4%   136 2500s
 29623 17270  346.23761   41  180  457.81600  346.23761  24.4%   136 2508s
 29631 17275  350.76668   41  163  457.81600  346.23761  24.4%   136 2515s
 29648 17285  352.71718   42  147  457.81600  346.23761  24.4%   136 2520s
 29664 17295  357.02584   43  129  457.81600  346.23761  24.4%   137 2526s
 29684 17308  356.41125   44  144  457.81600  346.23761  24.4%   137 2532s
 29696 17314  346.23761   45  174  457.81600  346.23761  24.4%   137 2536s
 29707 17320  355.47949   45  153  457.81600  346.23761  24.4%   137 2540s
 29736 17330  346.30306   46  156  457.81600  346.23761  24.4%   137 2546s
 29749 17337  346.23761   47  178  457.81600  346.23761  24.4%   137 2551s
 29767 17346  355.79735   47  148  457.81600  346.23761  24.4%   137 2555s
 29784 17356  346.23761   48  176  457.81600  346.23761  24.4%   138 2562s
 29807 17361  365.51734   48  143  457.81600  346.23761  24.4%   138 2567s
 29826 17367  346.23761   49  178  457.81600  346.23761  24.4%   138 2583s
 29842 17378  346.23761   50  179  457.81600  346.23761  24.4%   138 2589s
 29865 17389  346.23761   51  181  457.81600  346.23761  24.4%   139 2594s
 29889 17399  346.23761   52  182  457.81600  346.23761  24.4%   139 2611s
 29917 17413  346.23761   54  188  457.81600  346.23761  24.4%   139 2617s
 29949 17429  369.79447   55  106  457.81600  346.23761  24.4%   139 2626s
 29977 17444  346.23761   57  181  457.81600  346.23761  24.4%   140 2633s
 30011 17460  346.23761   59  185  457.81600  346.23761  24.4%   140 2638s
 30046 17475  346.23761   61  185  457.81600  346.23761  24.4%   140 2646s
 30085 17496  346.23761   63  184  457.81600  346.23761  24.4%   141 2652s
 30128 17514  346.23761   65  183  457.81600  346.23761  24.4%   141 2657s
 30175 17510  346.23761   67  181  457.81600  346.23761  24.4%   142 2671s
 30201 17531  359.15287   67  146  457.81600  346.23761  24.4%   142 2677s
 30247 17553  356.54995   69  143  457.81600  346.23761  24.4%   142 2683s
 30303 17574  361.22903   71  139  457.81600  346.23761  24.4%   142 2690s
 30359 17588  346.23761   73  181  457.81600  346.23761  24.4%   143 2699s
 30416 17597  360.99466   75  152  457.81600  346.23761  24.4%   143 2707s
 30472 17613  346.23761   78  181  457.81600  346.23761  24.4%   144 2715s
 30537 17632  364.45111   80  143  457.81600  346.23761  24.4%   144 2724s
 30605 17655  346.44966   83  184  457.81600  346.23761  24.4%   145 2732s
 30678 17675  346.60915   86  181  457.81600  346.23761  24.4%   145 2741s
 30754 17685  346.89679   89  183  457.81600  346.23761  24.4%   146 2753s
 30823 17712  346.97435   91  185  457.81600  346.23761  24.4%   146 2764s
 30904 17708  347.08720   94  181  457.81600  346.23761  24.4%   147 2858s

Cutting planes:
  MIR: 25
  Flow cover: 17

Explored 30939 nodes (4563159 simplex iterations) in 2858.12 seconds (6386.77 work units)
Thread count was 8 (of 40 available processors)

Solution count 7: 457.816 474.968 476.952 ... 496.992

Time limit reached
Best objective 4.578159999999e+02, best bound 3.462376113972e+02, gap 24.3719%

User-callback calls 763419, time in user-callback 4.87 sec
