[MIP] physical pool preparation: 16931 valid recorded, 0 repaired, 0 rejected, 18.179s
[MIP] pool: 16931 columns over 154 trips (instance scale_ladder/instances/nested_probability_k2_15_20260908/Practice_Custom_DutyUnion_k08_p03_20260908.csv, soc_step=2.5, certified=True)
[MIP] coverage: min 447 / median 2288 / max 3403 columns per trip
[MIP] strict-feasibility seed: 154 exact singleton columns (one per trip)
[MIP] greedy feasible MIP start: 51 buses
Set parameter LicenseID to value 2674428
Set parameter GURO_PAR_SPECIAL
Set parameter TokenServer to value "en-cc-unicorn-data-dirs.coecis.cornell.edu"
Set parameter LogFile to value "/home/nc437/ladder-lite/diving_pricing_20260919/results/c3_k08/control_arm_a/586637_r0/gurobi.log"
Set parameter OutputFlag to value 1
Set parameter TimeLimit to value 3600
Set parameter MIPGap to value 0.0001
Set parameter Threads to value 8
Set parameter Seed to value 20260919
Set parameter TimeLimit to value 1800
Gurobi Optimizer version 12.0.3 build v12.0.3rc0 (linux64 - "Ubuntu 24.04.4 LTS")

CPU model: Intel(R) Xeon(R) Gold 6230 CPU @ 2.10GHz, instruction set [SSE2|AVX|AVX2|AVX512]
Thread count: 40 physical cores, 40 logical processors, using up to 8 threads

Non-default parameters:
TimeLimit  1800
Seed  20260919
Threads  8

Optimize a model with 154 rows, 16931 columns and 343503 nonzeros
Model fingerprint: 0xb4063d10
Variable types: 0 continuous, 16931 integer (16931 binary)
Coefficient statistics:
  Matrix range     [1e+00, 1e+00]
  Objective range  [1e+00, 1e+00]
  Bounds range     [1e+00, 1e+00]
  RHS range        [1e+00, 1e+00]

Loaded user MIP start with objective 51

Presolve removed 0 rows and 1803 columns
Presolve time: 0.69s
Presolved: 154 rows, 15128 columns, 310823 nonzeros
Found heuristic solution: objective 49.0000000
Variable types: 0 continuous, 15128 integer (15128 binary)

Root relaxation: objective 8.000000e+00, 631 iterations, 0.20 seconds (0.31 work units)

    Nodes    |    Current Node    |     Objective Bounds      |     Work
 Expl Unexpl |  Obj  Depth IntInf | Incumbent    BestBd   Gap | It/Node Time

     0     0    8.00000    0   63   49.00000    8.00000  83.7%     -    1s
H    0     0                      16.0000000    8.00000  50.0%     -    1s
H    0     0                      15.0000000    8.00000  46.7%     -    1s
H    0     0                      14.0000000    8.00000  42.9%     -    1s
H    0     0                      13.0000000    8.00000  38.5%     -    1s
H    0     0                      12.0000000    8.00000  33.3%     -    1s
H    0     0                      11.0000000    8.00000  27.3%     -    1s
H    0     0                      10.0000000    8.00000  20.0%     -    1s
     0     0    8.00000    0   55   10.00000    8.00000  20.0%     -    3s
H    0     0                       9.0000000    8.00000  11.1%     -    5s
     0     0    8.00000    0   49    9.00000    8.00000  11.1%     -    5s
     0     0    8.00000    0   64    9.00000    8.00000  11.1%     -    7s
     0     0    8.00000    0   59    9.00000    8.00000  11.1%     -    7s
     0     0    8.00000    0   49    9.00000    8.00000  11.1%     -    9s
     0     0    8.00000    0   45    9.00000    8.00000  11.1%     -    9s
     0     0    8.00000    0   54    9.00000    8.00000  11.1%     -    9s
     0     0    8.00000    0   51    9.00000    8.00000  11.1%     -   10s
     0     0    8.00000    0   58    9.00000    8.00000  11.1%     -   10s
     0     0    8.00000    0   51    9.00000    8.00000  11.1%     -   11s
     0     0    8.00000    0   52    9.00000    8.00000  11.1%     -   11s
     0     0    8.00000    0   52    9.00000    8.00000  11.1%     -   12s
     0     2    8.00000    0   52    9.00000    8.00000  11.1%     -   13s
     2     3    8.00000    1   52    9.00000    8.00000  11.1%  4842   17s
     5     5    8.00000    1   44    9.00000    8.00000  11.1%  1937   23s
     8     7    8.00000    1   50    9.00000    8.00000  11.1%  1210   25s
    17    16    8.00000   15   61    9.00000    8.00000  11.1%  3727   30s
   135    58    8.00000   24   64    9.00000    8.00000  11.1%   779   35s
   237   119 infeasible   27         9.00000    8.00000  11.1%   611   45s
   310   248 infeasible   29         9.00000    8.00000  11.1%   552   50s
   758   341 infeasible   33         9.00000    8.00000  11.1%   411   60s
   924   502    8.00000   32   33    9.00000    8.00000  11.1%   399   71s
  1440   532 infeasible  143         9.00000    8.00000  11.1%   309   82s
  1700   655    8.00000   73   41    9.00000    8.00000  11.1%   297   89s
  2657   688 infeasible   98         9.00000    8.00000  11.1%   296   94s
  3062   831    8.00000   36   52    9.00000    8.00000  11.1%   301   99s
  3831  1060    8.00000   25   43    9.00000    8.00000  11.1%   303  103s
  4468  1101    8.00000   20   42    9.00000    8.00000  11.1%   294  110s
  5368  1454    8.00000   70   56    9.00000    8.00000  11.1%   286  119s
  6269  1391 infeasible   69         9.00000    8.00000  11.1%   284  123s
  6348  1559    8.00000   68   52    9.00000    8.00000  11.1%   287  127s
  6760  1524    8.00000   37   62    9.00000    8.00000  11.1%   286  131s
  7721  1914    8.00000  120   48    9.00000    8.00000  11.1%   283  138s
  8219  1833    8.00000   77   70    9.00000    8.00000  11.1%   284  142s
  8813  1892 infeasible  125         9.00000    8.00000  11.1%   290  146s
  9158  1792    8.00000   93   50    9.00000    8.00000  11.1%   291  151s
  9802  1904 infeasible   22         9.00000    8.00000  11.1%   292  155s
 10251  2058 infeasible  258         9.00000    8.00000  11.1%   291  163s
 11213  2031    8.00000  119   49    9.00000    8.00000  11.1%   291  166s
 11690  2029    8.00000   41   53    9.00000    8.00000  11.1%   295  170s
 12391  1960 infeasible  219         9.00000    8.00000  11.1%   296  175s
 12746  1907    8.00000   73   51    9.00000    8.00000  11.1%   298  180s
 13035  1761 infeasible   75         9.00000    8.00000  11.1%   299  189s
 13706  1863 infeasible   73         9.00000    8.00000  11.1%   302  194s
 14277  1987 infeasible   42         9.00000    8.00000  11.1%   296  199s
 15426  1708 infeasible   54         9.00000    8.00000  11.1%   282  206s
 16836  1777 infeasible  153         9.00000    8.00000  11.1%   269  211s
 17463  1747    8.00000   56   65    9.00000    8.00000  11.1%   262  215s
 18105  1900    8.00000  129   48    9.00000    8.00000  11.1%   258  223s
 18555  2031 infeasible  234         9.00000    8.00000  11.1%   254  227s
 19198  2041    8.00000   30   71    9.00000    8.00000  11.1%   256  232s
 20002  2071    8.00000  146   70    9.00000    8.00000  11.1%   254  237s
 20254  2152    8.00000  158   78    9.00000    8.00000  11.1%   254  242s
 21143  1958    8.00000   44   70    9.00000    8.00000  11.1%   254  247s
 21587  1815 infeasible   58         9.00000    8.00000  11.1%   257  253s
 22095  1728    8.00000   71   50    9.00000    8.00000  11.1%   255  259s
 22782  1476    8.00000   33   52    9.00000    8.00000  11.1%   257  264s
 23154  1412 infeasible   39         9.00000    8.00000  11.1%   260  271s
 23317  1460    8.00000   37   39    9.00000    8.00000  11.1%   259  277s
 23672  1487    8.00000   69   46    9.00000    8.00000  11.1%   257  283s
 24190  1537 infeasible  157         9.00000    8.00000  11.1%   254  289s
 24560  1323    8.00000   80   59    9.00000    8.00000  11.1%   254  296s
 25454  1170 infeasible   72         9.00000    8.00000  11.1%   252  303s
 25913  1272 infeasible  356         9.00000    8.00000  11.1%   253  309s
 26922  1504 infeasible  289         9.00000    8.00000  11.1%   249  315s
 27492  1593 infeasible   28         9.00000    8.00000  11.1%   248  323s
 27785  1940    8.00000  106   48    9.00000    8.00000  11.1%   249  330s
 28466  1794    8.00000   81   68    9.00000    8.00000  11.1%   248  337s
 29068  1427 infeasible   70         9.00000    8.00000  11.1%   251  344s
 29839  1355 infeasible  251         9.00000    8.00000  11.1%   254  351s
 30416  1283 infeasible  237         9.00000    8.00000  11.1%   253  358s
 31018  1436 infeasible  203         9.00000    8.00000  11.1%   254  365s
 32085  2338 infeasible  134         9.00000    8.00000  11.1%   250  372s
 33178  2339    8.00000  407   52    9.00000    8.00000  11.1%   248  391s
 33184  2343    8.00000  106   54    9.00000    8.00000  11.1%   248  395s
 33241  2362    8.00000   29   82    9.00000    8.00000  11.1%   249  400s
 33515  2398    8.00000   53   96    9.00000    8.00000  11.1%   248  405s
 34082  2446    8.00000   96   75    9.00000    8.00000  11.1%   245  410s
 35438  2130 infeasible   52         9.00000    8.00000  11.1%   239  415s
 36645  1842 infeasible  112         9.00000    8.00000  11.1%   234  420s
 37903  1691 infeasible   57         9.00000    8.00000  11.1%   229  425s
 39884   957    8.00000   34   49    9.00000    8.00000  11.1%   222  431s
 41010  1011    8.00000   93   60    9.00000    8.00000  11.1%   218  436s
 42298   851    8.00000   67   45    9.00000    8.00000  11.1%   215  441s
 43267  1243    8.00000  137   55    9.00000    8.00000  11.1%   212  446s
 44338  1166    8.00000   56   41    9.00000    8.00000  11.1%   209  450s
 46472  1162 infeasible  158         9.00000    8.00000  11.1%   203  455s
 48737   759    8.00000  207   65    9.00000    8.00000  11.1%   198  460s
 51368  1591    8.00000  183   51    9.00000    8.00000  11.1%   191  495s
 54696  1724 infeasible  180         9.00000    8.00000  11.1%   184  501s
 55853  1675    8.00000  126   53    9.00000    8.00000  11.1%   182  505s
 57213  1582    8.00000  157   51    9.00000    8.00000  11.1%   180  511s
 58805  1745 infeasible  142         9.00000    8.00000  11.1%   177  515s
 61651  1579 infeasible  119         9.00000    8.00000  11.1%   174  520s
 64739  1064 infeasible   79         9.00000    8.00000  11.1%   170  525s
 66631   683    8.00000   47   59    9.00000    8.00000  11.1%   169  531s
 68181   674    8.00000   60   44    9.00000    8.00000  11.1%   168  537s
 70138   393 infeasible   82         9.00000    8.00000  11.1%   166  541s
 71144   476    8.00000   98   57    9.00000    8.00000  11.1%   165  545s
 72778  1148    8.00000  113   65    9.00000    8.00000  11.1%   163  550s
 74000  1754    8.00000  369   74    9.00000    8.00000  11.1%   162  555s
 76047  2556    8.00000  250   79    9.00000    8.00000  11.1%   160  561s
 77988  3675 infeasible  104         9.00000    8.00000  11.1%   159  565s
 81227  4258    8.00000  123   70    9.00000    8.00000  11.1%   157  571s
 83077  4575 infeasible  139         9.00000    8.00000  11.1%   156  577s
 84281  5046    8.00000  167   56    9.00000    8.00000  11.1%   156  580s
 86483  6514    8.00000  205   62    9.00000    8.00000  11.1%   154  586s
 87471  6995    8.00000  231   55    9.00000    8.00000  11.1%   154  591s
 87806  8265 infeasible  201         9.00000    8.00000  11.1%   154  595s
 89266  8750    8.00000  262   68    9.00000    8.00000  11.1%   152  600s
 91956 10384    8.00000  559   66    9.00000    8.00000  11.1%   151  606s
 93938 10793 infeasible  218         9.00000    8.00000  11.1%   151  610s
 95550 11375    8.00000  163   52    9.00000    8.00000  11.1%   150  616s
 97505 12765    8.00000  183   64    9.00000    8.00000  11.1%   149  622s
 99350 12844 infeasible  151         9.00000    8.00000  11.1%   148  625s
 101458 12673 infeasible  152         9.00000    8.00000  11.1%   148  631s
 102068 13111    8.00000  104   69    9.00000    8.00000  11.1%   148  635s
 103844 14007    8.00000  141   48    9.00000    8.00000  11.1%   148  640s
 106614 14337 infeasible  175         9.00000    8.00000  11.1%   147  646s
 107509 14660    8.00000  115   46    9.00000    8.00000  11.1%   147  650s
 110156 15453    8.00000  120   73    9.00000    8.00000  11.1%   146  655s
 112611 16600    8.00000  300   58    9.00000    8.00000  11.1%   145  663s
 113723 16514    8.00000  482   60    9.00000    8.00000  11.1%   145  665s
 115154 16139    8.00000  146   40    9.00000    8.00000  11.1%   145  671s
 116806 16160    8.00000  177   62    9.00000    8.00000  11.1%   145  677s
 117886 16159    8.00000  146   63    9.00000    8.00000  11.1%   144  680s
 119448 15952    8.00000  161   57    9.00000    8.00000  11.1%   144  685s
 121453 16623 infeasible  276         9.00000    8.00000  11.1%   144  690s
 123323 16661    8.00000  147   41    9.00000    8.00000  11.1%   144  697s
 123426 16962    8.00000  148   55    9.00000    8.00000  11.1%   144  700s
 125401 16976    8.00000  173   63    9.00000    8.00000  11.1%   143  705s
 127154 17201    8.00000  392   69    9.00000    8.00000  11.1%   143  710s
 129908 18577    8.00000  249   61    9.00000    8.00000  11.1%   142  716s
 130288 20839    8.00000  360   65    9.00000    8.00000  11.1%   142  723s
 134064 20840    8.00000  184   64    9.00000    8.00000  11.1%   140  725s
 135650 21423    8.00000  231   58    9.00000    8.00000  11.1%   140  731s
 136021 21664    8.00000  233   64    9.00000    8.00000  11.1%   140  735s
 139569 23648    8.00000  653   70    9.00000    8.00000  11.1%   139  741s
 140292 23947 infeasible  379         9.00000    8.00000  11.1%   139  746s
 142137 23999 infeasible  326         9.00000    8.00000  11.1%   139  750s
 143311 25120    8.00000  228   61    9.00000    8.00000  11.1%   138  756s
 145186 25945 infeasible  333         9.00000    8.00000  11.1%   138  762s
 147180 26619    8.00000  339   70    9.00000    8.00000  11.1%   138  766s
 148520 26891    8.00000  581   73    9.00000    8.00000  11.1%   138  771s
 150014 27318    8.00000  583   71    9.00000    8.00000  11.1%   137  775s
 153198 27586 infeasible  220         9.00000    8.00000  11.1%   137  781s
 154492 27458    8.00000  185   64    9.00000    8.00000  11.1%   137  786s
 155744 29392    8.00000  187   65    9.00000    8.00000  11.1%   136  791s
 160010 31143    8.00000  151   71    9.00000    8.00000  11.1%   135  799s
 161152 31109 infeasible  205         9.00000    8.00000  11.1%   135  801s
 161771 31105 infeasible  110         9.00000    8.00000  11.1%   135  806s
 163024 32069 infeasible  434         9.00000    8.00000  11.1%   135  812s
 164276 32488    8.00000  243   56    9.00000    8.00000  11.1%   135  815s
 166726 32561 infeasible  485         9.00000    8.00000  11.1%   134  821s
 167943 33722    8.00000   88   62    9.00000    8.00000  11.1%   134  827s
 168920 34018    8.00000  233   75    9.00000    8.00000  11.1%   134  830s
 171068 34190    8.00000  276   77    9.00000    8.00000  11.1%   134  835s
 174216 35232    8.00000   95   67    9.00000    8.00000  11.1%   134  841s
 174671 36357    8.00000  193   95    9.00000    8.00000  11.1%   134  845s
 178955 38744    8.00000   42   84    9.00000    8.00000  11.1%   132  851s
 181517 38920 infeasible  174         9.00000    8.00000  11.1%   132  855s
 182245 38923    8.00000  273   68    9.00000    8.00000  11.1%   132  861s
 184287 38428    8.00000  130   75    9.00000    8.00000  11.1%   132  866s
 185952 38406    8.00000  347   58    9.00000    8.00000  11.1%   133  870s
 187508 39981    8.00000  267   60    9.00000    8.00000  11.1%   132  876s
 188893 40488 infeasible  301         9.00000    8.00000  11.1%   132  881s
 189433 40856    8.00000  332   61    9.00000    8.00000  11.1%   132  885s
 191533 41805 infeasible  369         9.00000    8.00000  11.1%   132  890s
 192682 41768 infeasible  269         9.00000    8.00000  11.1%   132  896s
 195347 42430    8.00000  137   72    9.00000    8.00000  11.1%   132  900s
 197400 42596 infeasible  126         9.00000    8.00000  11.1%   132  905s
 198526 42736 infeasible  196         9.00000    8.00000  11.1%   132  910s
 199864 43066    8.00000  296   50    9.00000    8.00000  11.1%   132  915s
 201763 42571 infeasible  634         9.00000    8.00000  11.1%   132  920s
 204149 42265    8.00000  176   60    9.00000    8.00000  11.1%   132  925s
 206397 41361    8.00000  205   46    9.00000    8.00000  11.1%   132  932s
 207187 41911    8.00000  135   60    9.00000    8.00000  11.1%   132  935s
 209797 43835    8.00000  450   67    9.00000    8.00000  11.1%   132  942s
 211580 44795    8.00000  349   69    9.00000    8.00000  11.1%   131  946s
 212439 46076    8.00000  494   82    9.00000    8.00000  11.1%   131  950s
 214227 46695 infeasible  214         9.00000    8.00000  11.1%   131  955s
 216884 49765    8.00000  504   96    9.00000    8.00000  11.1%   131  960s
 219833 52208    8.00000  174   79    9.00000    8.00000  11.1%   130  966s
 223055 53651 infeasible  252         9.00000    8.00000  11.1%   129  973s
 224067 54278    8.00000  652   96    9.00000    8.00000  11.1%   129  976s
 226183 55428    8.00000  668   90    9.00000    8.00000  11.1%   128  982s
 226410 56828    8.00000  428   99    9.00000    8.00000  11.1%   128  985s
 231171 60138    8.00000  302   71    9.00000    8.00000  11.1%   127  992s
 232430 60888    8.00000  284   87    9.00000    8.00000  11.1%   126  995s
 234513 61239 infeasible   98         9.00000    8.00000  11.1%   126 1001s
 235149 62878    8.00000  451  106    9.00000    8.00000  11.1%   126 1007s
 237918 64277 infeasible 1109         9.00000    8.00000  11.1%   125 1013s
 240198 65159    8.00000  154  100    9.00000    8.00000  11.1%   125 1016s
 243677 66610 infeasible  374         9.00000    8.00000  11.1%   125 1021s
 244549 66512    8.00000   53   72    9.00000    8.00000  11.1%   125 1025s
 246582 67275 infeasible  114         9.00000    8.00000  11.1%   125 1030s
 248249 69158 infeasible  238         9.00000    8.00000  11.1%   125 1035s
 251119 70383 infeasible  205         9.00000    8.00000  11.1%   124 1041s
 253151 71623 infeasible  344         9.00000    8.00000  11.1%   124 1047s
 255148 71973 infeasible  697         9.00000    8.00000  11.1%   124 1051s
 257795 73518 infeasible  323         9.00000    8.00000  11.1%   124 1055s
 259279 73247    8.00000  206  100    9.00000    8.00000  11.1%   124 1061s
 260576 74151 infeasible  236         9.00000    8.00000  11.1%   124 1065s
 262068 74132 infeasible  249         9.00000    8.00000  11.1%   124 1070s
 264153 75302    8.00000  774  100    9.00000    8.00000  11.1%   123 1077s
 266139 75878 infeasible  217         9.00000    8.00000  11.1%   123 1081s
 267529 76364    8.00000  265   81    9.00000    8.00000  11.1%   123 1086s
 268478 77764 infeasible  280         9.00000    8.00000  11.1%   123 1090s
 272630 78681    8.00000  671   95    9.00000    8.00000  11.1%   123 1096s
 274164 78539 infeasible  102         9.00000    8.00000  11.1%   123 1101s
 275382 78582    8.00000  123   53    9.00000    8.00000  11.1%   123 1105s
 277031 78933 infeasible  257         9.00000    8.00000  11.1%   123 1111s
 278879 79096    8.00000  622   81    9.00000    8.00000  11.1%   123 1116s
 279514 79183    8.00000  624   73    9.00000    8.00000  11.1%   123 1120s
 280201 79387    8.00000  161   62    9.00000    8.00000  11.1%   123 1125s
 283214 80038    8.00000  381   71    9.00000    8.00000  11.1%   124 1133s
 285205 79437 infeasible  315         9.00000    8.00000  11.1%   124 1136s
 286788 79115 infeasible  503         9.00000    8.00000  11.1%   124 1140s
 288675 78705 infeasible  302         9.00000    8.00000  11.1%   124 1145s
 289828 79168 infeasible  397         9.00000    8.00000  11.1%   124 1150s
 293765 79630 infeasible  261         9.00000    8.00000  11.1%   124 1156s
 295608 79673 infeasible  258         9.00000    8.00000  11.1%   124 1161s
 297273 79616    8.00000  254   61    9.00000    8.00000  11.1%   124 1166s
 298502 79745    8.00000  237   78    9.00000    8.00000  11.1%   124 1170s
 300162 79623    8.00000  206   68    9.00000    8.00000  11.1%   124 1177s
 301159 79653    8.00000  207   81    9.00000    8.00000  11.1%   124 1181s
 303524 79854    8.00000  595   65    9.00000    8.00000  11.1%   124 1187s
 305834 79779    8.00000  375   70    9.00000    8.00000  11.1%   124 1190s
 307372 79997    8.00000  238   68    9.00000    8.00000  11.1%   125 1197s
 309139 80394    8.00000  242   73    9.00000    8.00000  11.1%   124 1200s
 311972 79409 infeasible  428         9.00000    8.00000  11.1%   125 1206s
 313896 79456    8.00000  152   68    9.00000    8.00000  11.1%   125 1212s
 315482 79341    8.00000  422   77    9.00000    8.00000  11.1%   125 1217s
 316399 80264    8.00000  492   64    9.00000    8.00000  11.1%   125 1222s
 318668 80773 infeasible  311         9.00000    8.00000  11.1%   125 1225s
 320721 80255 infeasible  307         9.00000    8.00000  11.1%   125 1232s
 322373 79631    8.00000  182   61    9.00000    8.00000  11.1%   125 1236s
 323519 79329    8.00000  132   59    9.00000    8.00000  11.1%   125 1241s
 325181 78983    8.00000  302   69    9.00000    8.00000  11.1%   126 1245s
 328551 77784 infeasible  884         9.00000    8.00000  11.1%   126 1253s
 330154 77359    8.00000   75   66    9.00000    8.00000  11.1%   126 1258s
 331407 76913    8.00000  219   55    9.00000    8.00000  11.1%   126 1263s
 332961 76767 infeasible  473         9.00000    8.00000  11.1%   126 1268s
 335215 76278 infeasible  256         9.00000    8.00000  11.1%   126 1273s
 336962 76660 infeasible   71         9.00000    8.00000  11.1%   126 1278s
 338688 77650    8.00000  488   58    9.00000    8.00000  11.1%   126 1285s
 340356 77569    8.00000  545   76    9.00000    8.00000  11.1%   126 1291s
 342157 76806    8.00000  628   75    9.00000    8.00000  11.1%   126 1297s
 344344 76359    8.00000  495   60    9.00000    8.00000  11.1%   127 1303s
 346075 75684 infeasible  742         9.00000    8.00000  11.1%   127 1309s
 349122 75616    8.00000  362   62    9.00000    8.00000  11.1%   127 1314s
 352152 75309    8.00000  126   64    9.00000    8.00000  11.1%   127 1319s
 353737 76407 infeasible  203         9.00000    8.00000  11.1%   127 1325s
 355267 79012    8.00000  321   72    9.00000    8.00000  11.1%   127 1332s
 358044 80123    8.00000  426   63    9.00000    8.00000  11.1%   127 1337s
 359227 82282    8.00000  284   58    9.00000    8.00000  11.1%   127 1343s
 361608 83351    8.00000  310   70    9.00000    8.00000  11.1%   127 1348s
 362791 84924    8.00000  456   60    9.00000    8.00000  11.1%   127 1354s
 364850 86882 infeasible  995         9.00000    8.00000  11.1%   127 1360s
 367256 89285    8.00000  509   76    9.00000    8.00000  11.1%   127 1366s
 370297 90902 infeasible  408         9.00000    8.00000  11.1%   126 1373s
 372304 93034    8.00000  495   69    9.00000    8.00000  11.1%   126 1379s
 375204 94685    8.00000  355   60    9.00000    8.00000  11.1%   126 1384s
 377703 97275    8.00000  336   75    9.00000    8.00000  11.1%   126 1389s
 381037 99594    8.00000  612   85    9.00000    8.00000  11.1%   126 1394s
 383858 103110    8.00000  465   89    9.00000    8.00000  11.1%   125 1399s
 388180 106757 infeasible  295         9.00000    8.00000  11.1%   125 1406s
 393905 108848    8.00000  489   90    9.00000    8.00000  11.1%   124 1412s
 395821 111552    8.00000  319   98    9.00000    8.00000  11.1%   124 1415s
 402125 113347    8.00000  300   86    9.00000    8.00000  11.1%   123 1420s
 405538 119998 infeasible  503         9.00000    8.00000  11.1%   123 1430s
 415337 124617    8.00000  594   90    9.00000    8.00000  11.1%   122 1435s
 420184 126539    8.00000  498   95    9.00000    8.00000  11.1%   121 1444s
 420790 132261    8.00000  500   94    9.00000    8.00000  11.1%   121 1457s
 428790 133260    8.00000 1568  115    9.00000    8.00000  11.1%   120 1461s
 430943 137127    8.00000  463   90    9.00000    8.00000  11.1%   120 1468s
 435694 140677 infeasible  408         9.00000    8.00000  11.1%   120 1474s
 441044 141460    8.00000  656   83    9.00000    8.00000  11.1%   119 1476s
 445434 145388 infeasible  478         9.00000    8.00000  11.1%   119 1480s
 447909 145635    8.00000  904   83    9.00000    8.00000  11.1%   119 1485s
 450493 149536 infeasible  505         9.00000    8.00000  11.1%   119 1493s
 454983 150932    8.00000  487   85    9.00000    8.00000  11.1%   118 1496s
 458835 151363 infeasible  471         9.00000    8.00000  11.1%   118 1500s
 460401 152660    8.00000  768   81    9.00000    8.00000  11.1%   118 1505s
 464749 154003    8.00000  468   87    9.00000    8.00000  11.1%   118 1510s
 466029 155650    8.00000  688   91    9.00000    8.00000  11.1%   119 1517s
 468878 156009 infeasible  443         9.00000    8.00000  11.1%   118 1521s
 469779 156490 infeasible  397         9.00000    8.00000  11.1%   118 1525s
 474405 156267 infeasible  540         9.00000    8.00000  11.1%   119 1533s
 476341 156682 infeasible  439         9.00000    8.00000  11.1%   119 1537s
 477786 156535 infeasible  559         9.00000    8.00000  11.1%   119 1542s
 478997 156486    8.00000  486   91    9.00000    8.00000  11.1%   119 1547s
 481216 156279    8.00000  379   89    9.00000    8.00000  11.1%   120 1551s
 483431 155679 infeasible  658         9.00000    8.00000  11.1%   120 1556s
 484155 154928 infeasible  329         9.00000    8.00000  11.1%   120 1561s
 486050 154288 infeasible  352         9.00000    8.00000  11.1%   121 1565s
 488016 153847 infeasible  805         9.00000    8.00000  11.1%   121 1571s
 488575 153389    8.00000  272   58    9.00000    8.00000  11.1%   121 1576s
 490419 152244 infeasible  298         9.00000    8.00000  11.1%   122 1582s
 491972 151654 infeasible  126         9.00000    8.00000  11.1%   122 1588s
 493656 150469 infeasible  259         9.00000    8.00000  11.1%   122 1594s
 495069 150489    8.00000  278   45    9.00000    8.00000  11.1%   123 1601s
 496373 149593    8.00000  279   47    9.00000    8.00000  11.1%   123 1609s
 498263 149367 infeasible  324         9.00000    8.00000  11.1%   123 1616s
 500457 149176 infeasible  158         9.00000    8.00000  11.1%   124 1623s
 501198 148185    8.00000   88   71    9.00000    8.00000  11.1%   124 1636s
 505785 146612 infeasible  434         9.00000    8.00000  11.1%   124 1644s
 508392 145748 infeasible  272         9.00000    8.00000  11.1%   124 1651s
 511136 144779 infeasible  671         9.00000    8.00000  11.1%   125 1660s
 512993 143906 infeasible  768         9.00000    8.00000  11.1%   125 1669s
 516796 142488 infeasible  622         9.00000    8.00000  11.1%   125 1679s
 521584 140298 infeasible  481         9.00000    8.00000  11.1%   125 1687s
 524648 138781    8.00000  706   77    9.00000    8.00000  11.1%   125 1696s
 528107 141182 infeasible  662         9.00000    8.00000  11.1%   125 1705s
 532702 142273    8.00000  220   62    9.00000    8.00000  11.1%   125 1716s
 535193 143457    8.00000  201   49    9.00000    8.00000  11.1%   125 1729s
 541658 144033 infeasible  878         9.00000    8.00000  11.1%   125 1738s
 543772 144470 infeasible  784         9.00000    8.00000  11.1%   126 1745s
 545593 145318    8.00000  301   83    9.00000    8.00000  11.1%   126 1755s
 551709 144139 infeasible  312         9.00000    8.00000  11.1%   126 1766s
 554690 141153 infeasible  336         9.00000    8.00000  11.1%   126 1777s
 559492 138360 infeasible  365         9.00000    8.00000  11.1%   126 1787s
 564003 136272 infeasible  266         9.00000    8.00000  11.1%   127 1796s
 567201 135886    8.00000  116   69    9.00000    8.00000  11.1%   127 1800s

Cutting planes:
  Flow cover: 24

Explored 567851 nodes (72145848 simplex iterations) in 1800.04 seconds (3423.80 work units)
Thread count was 8 (of 40 available processors)

Solution count 10: 9 10 11 ... 51

Time limit reached
Best objective 9.000000000000e+00, best bound 8.000000000000e+00, gap 11.1111%

User-callback calls 1504020, time in user-callback 2.36 sec
[MIP] stage 1: fleet=9 (bound 8.000000000000005, gap 0.11111111111111052, proven=False, limit=1800.0s, remaining=1799.5s)
Set parameter TimeLimit to value 1.7995142481327057e+03
Gurobi Optimizer version 12.0.3 build v12.0.3rc0 (linux64 - "Ubuntu 24.04.4 LTS")

CPU model: Intel(R) Xeon(R) Gold 6230 CPU @ 2.10GHz, instruction set [SSE2|AVX|AVX2|AVX512]
Thread count: 40 physical cores, 40 logical processors, using up to 8 threads

Non-default parameters:
TimeLimit  1.7995142481327057e+03
Seed  20260919
Threads  8

Optimize a model with 155 rows, 16931 columns and 360434 nonzeros
Model fingerprint: 0xb2efa9a7
Variable types: 0 continuous, 16931 integer (16931 binary)
Coefficient statistics:
  Matrix range     [1e+00, 1e+00]
  Objective range  [1e-11, 2e+02]
  Bounds range     [1e+00, 1e+00]
  RHS range        [1e+00, 9e+00]

Loaded user MIP start with objective 537.608
MIP start from previous solve did not produce a new incumbent solution

Presolve removed 0 rows and 155 columns
Presolve time: 0.79s
Presolved: 155 rows, 16776 columns, 357322 nonzeros
Variable types: 0 continuous, 16776 integer (16776 binary)

Root relaxation: objective 1.816048e+02, 1319 iterations, 0.70 seconds (1.34 work units)

    Nodes    |    Current Node    |     Objective Bounds      |     Work
 Expl Unexpl |  Obj  Depth IntInf | Incumbent    BestBd   Gap | It/Node Time

     0     0  181.60480    0  129  537.60800  181.60480  66.2%     -    1s
     0     0  181.75111    0  131  537.60800  181.75111  66.2%     -   11s
H    0     0                     522.9360000  181.75111  65.2%     -   12s
H    0     0                     521.6960000  181.75111  65.2%     -   17s
H    0     0                     511.0320000  181.75111  64.4%     -   19s
     0     0  184.03283    0  130  511.03200  184.03283  64.0%     -   20s
     0     0  185.75991    0  137  511.03200  185.75991  63.7%     -   21s
     0     0  186.19761    0  143  511.03200  186.19761  63.6%     -   22s
     0     0  186.27864    0  139  511.03200  186.27864  63.5%     -   22s
     0     0  187.44816    0  146  511.03200  187.44816  63.3%     -   23s
     0     0  187.66471    0  138  511.03200  187.66471  63.3%     -   23s
     0     0  187.79400    0  140  511.03200  187.79400  63.3%     -   23s
     0     0  187.80213    0  141  511.03200  187.80213  63.3%     -   23s
     0     0  187.82395    0  142  511.03200  187.82395  63.2%     -   23s
H    0     0                     502.5600000  187.82395  62.6%     -   23s
     0     0  188.05098    0  147  502.56000  188.05098  62.6%     -   24s
     0     0  188.06840    0  147  502.56000  188.06840  62.6%     -   24s
     0     0  188.08485    0  146  502.56000  188.08485  62.6%     -   25s
     0     0  188.15299    0  150  502.56000  188.15299  62.6%     -   25s
     0     0  188.17746    0  149  502.56000  188.17746  62.6%     -   25s
     0     0  188.20904    0  150  502.56000  188.20904  62.5%     -   26s
H    0     0                     471.6880000  188.20904  60.1%     -   28s
H    0     0                     467.1840000  188.27041  59.7%     -   28s
     0     0  188.27041    0  147  467.18400  188.27041  59.7%     -   28s
     0     0  188.29288    0  150  467.18400  188.29288  59.7%     -   29s
H    0     0                     463.0080000  188.31908  59.3%     -   29s
H    0     0                     462.5120000  188.31908  59.3%     -   29s
     0     0  188.31908    0  156  462.51200  188.31908  59.3%     -   29s
H    0     0                     444.3680000  188.31908  57.6%     -   29s
     0     0  188.32306    0  155  444.36800  188.32306  57.6%     -   29s
     0     2  188.51450    0  155  444.36800  188.51450  57.6%     -   36s
    52    59  188.93637    9  148  444.36800  188.66622  57.5%   159   40s
H   58    59                     430.1920000  188.66622  56.1%   149   40s
H  123   137                     429.6960000  188.66622  56.1%   104   41s
H  128   137                     415.0240000  188.66622  54.5%   101   41s
H  208   211                     413.0400000  188.66622  54.3%  82.1   43s
   279   286  189.98669   28  144  413.04000  188.66622  54.3%  73.9   46s
   309   310  190.08068   32  145  413.04000  188.66622  54.3%  72.4   50s
H  330   326                     385.4800000  188.66622  51.1%  71.3   51s
   536   574  191.19223   49  148  385.48000  188.66622  51.1%  64.0   55s
   898   930  191.66033   69  135  385.48000  188.66622  51.1%  54.7   60s
  1358  1428  192.94005   98  132  385.48000  188.66622  51.1%  48.6   65s
  1540  1533  193.26386  110  132  385.48000  188.66622  51.1%  46.9   70s
  1572  1565  193.34180  114  134  385.48000  188.66622  51.1%  47.1   76s
H 1588  1581                     363.3680000  188.66622  48.1%  47.0   80s
  1828  1907  194.05405  137  134  363.36800  188.66622  48.1%  45.7   86s
H 1858  1907                     352.2080000  188.66622  46.4%  45.6   86s
  2394  2521  194.83276  186  132  352.20800  188.66622  46.4%  42.7   93s
  2536  2657  195.02467  201  132  352.20800  188.66622  46.4%  42.0   96s
  2819  2987  196.01594  216  128  352.20800  188.66622  46.4%  41.0  100s
  3382  3609  197.14227  252  128  352.20800  188.66622  46.4%  39.0  105s
  4137  4312  198.18222  300  126  352.20800  188.66622  46.4%  36.5  111s
  4830  4898  199.13457  353  129  352.20800  188.66622  46.4%  35.7  117s
H 4883  4898                     339.0240000  188.66622  44.4%  35.6  117s
  5270  5658  199.41784  380  127  339.02400  188.66622  44.4%  35.0  120s
  6603  6955  200.70156  468  126  339.02400  188.66622  44.4%  33.1  125s
  7404  7374  199.27758  364  129  339.02400  188.66622  44.4%  32.3  137s
  7405  7375  197.72376  281  136  339.02400  188.66622  44.4%  32.2  144s
  7407  7376  231.81421  114  135  339.02400  188.66622  44.4%  32.2  145s
  7417  7383  212.93014  354  160  339.02400  188.66622  44.4%  32.2  150s
  7422  7386  229.06699  585  164  339.02400  188.66622  44.4%  32.2  155s
  7424  7388  235.50077  937  164  339.02400  189.24064  44.2%  32.2  165s
  7447  7424  189.54233   18  157  339.02400  189.24064  44.2%  33.3  170s
  7485  7439  190.04727   21  155  339.02400  189.24064  44.2%  34.9  175s
  7529  7471  190.43230   25  151  339.02400  189.24064  44.2%  37.1  181s
  7591  7514  190.72143   29  151  339.02400  189.24064  44.2%  39.7  186s
H 7622  7156                     329.1040000  189.24064  42.5%  40.8  188s
  7631  7172  190.98116   31  150  329.10400  189.24064  42.5%  41.1  190s
  7714  7222  191.62530   35  149  329.10400  189.24064  42.5%  43.9  196s
  7747  7234  191.69651   37  143  329.10400  189.24064  42.5%  45.1  200s
  7772  7258  207.43210   38  115  329.10400  189.24064  42.5%  46.0  205s
  7833  7303  191.90541   40  145  329.10400  189.24064  42.5%  47.7  210s
H 7843  6948                     323.3600000  189.24064  41.5%  47.9  210s
  7917  7005  199.79552   42  110  323.36000  189.24064  41.5%  50.1  217s
  7937  7028  192.05386   43  150  323.36000  189.24064  41.5%  50.6  223s
  7966  7049  192.75122   45  145  323.36000  189.24064  41.5%  51.7  232s
  8029  7096  215.09096   47  105  323.36000  189.24064  41.5%  54.0  238s
  8065  7118  193.03591   49  148  323.36000  189.24064  41.5%  55.0  240s
  8185  7199  193.41548   55  149  323.36000  189.24064  41.5%  58.8  247s
  8280  7260  193.65729   58  140  323.36000  189.24064  41.5%  61.2  252s
  8383  7341  200.21346   61  119  323.36000  189.24064  41.5%  64.0  257s
  8444  7352  194.25822   64  147  323.36000  189.24064  41.5%  65.4  261s
  8544  7443  194.33281   68  149  323.36000  189.24064  41.5%  68.0  267s
  8687  7550  194.84576   73  151  323.36000  189.24064  41.5%  71.3  273s
  8764  7602  195.02151   75  149  323.36000  189.24064  41.5%  72.8  276s
  8846  7633  195.14931   77  140  323.36000  189.24064  41.5%  74.6  280s
  8909  7629  195.36263   79  135  323.36000  189.24064  41.5%  76.1  285s
  8926  7638  199.60787   79  129  323.36000  189.24064  41.5%  76.6  290s
  9018  7739  195.66993   83  142  323.36000  189.24064  41.5%  78.4  299s
  9123  7800  195.85893   86  142  323.36000  189.24064  41.5%  80.4  303s
  9241  7862  196.03460   89  148  323.36000  189.24064  41.5%  82.5  307s
  9364  7913  205.36801   92  119  323.36000  189.24064  41.5%  84.8  312s
  9489  7980  196.21331   95  144  323.36000  189.24064  41.5%  87.0  316s
  9625  8035  196.50290   98  155  323.36000  189.24064  41.5%  89.2  320s
  9769  8081  196.68791  101  151  323.36000  189.24064  41.5%  91.5  325s
  9909  8144  196.96315  104  149  323.36000  189.24064  41.5%  93.5  331s
 10072  8187  197.39497  108  151  323.36000  189.24064  41.5%  95.8  336s
 10237  8226  197.62405  111  148  323.36000  189.24064  41.5%  97.7  342s
 10403  8290  197.68427  115  150  323.36000  189.24064  41.5%   100  347s
 10594  8349  198.05653  119  150  323.36000  189.24064  41.5%   102  353s
 10800  8391  198.32617  123  150  323.36000  189.24064  41.5%   104  359s
 11001  8398  198.62146  129  150  323.36000  189.24064  41.5%   105  365s
 11165  8389  199.01119  134  149  323.36000  189.24064  41.5%   107  374s
 11212  8458  209.98399  138  113  323.36000  189.24064  41.5%   108  382s
H11253  8111                     322.6160000  189.24064  41.3%   109  382s
 11392  8226  211.75725  144  111  322.61600  189.24064  41.3%   109  388s
 11653  8397  200.06011  150  153  322.61600  189.24064  41.3%   111  394s
 11930  8435  200.37658  156  151  322.61600  189.24064  41.3%   112  414s
 12074  8663  200.46778  159  145  322.61600  189.24064  41.3%   113  421s
 12376  8859  200.84917  163  150  322.61600  189.24064  41.3%   115  429s
 12703  9045  201.16922  169  149  322.61600  189.24064  41.3%   117  436s
 13046  9253  201.52260  175  148  322.61600  189.24064  41.3%   119  444s
 13434  9346  201.70277  180  148  322.61600  189.24064  41.3%   121  453s
 13749  9557  201.98912  186  152  322.61600  189.24064  41.3%   122  461s
 14219  9426  202.41840  192  149  322.61600  189.24064  41.3%   124  479s
H14220  9104                     320.6320000  189.24064  41.0%   124  479s
 14250  9416  202.41840  193  149  320.63200  189.24064  41.0%   124  488s
 14752  9591  202.64873  201  146  320.63200  189.24064  41.0%   125  499s
 15277  9649  202.92732  209  151  320.63200  189.24620  41.0%   126  506s
 15520  9992  203.11059  214  155  320.63200  189.24620  41.0%   127  513s
 15951 10279  226.71881  220  112  320.63200  189.24620  41.0%   126  520s
 16393 10311  203.68285  225  153  320.63200  189.24620  41.0%   126  527s
 16575 10745  211.57616  227  108  320.63200  189.24620  41.0%   126  536s
 17079 11119  203.96168  232  153  320.63200  189.24620  41.0%   125  544s
 17624 11516  204.42948  237  153  320.63200  189.24620  41.0%   124  551s
 18208 11977  204.90919  242  148  320.63200  189.24620  41.0%   123  558s
 18870 12427  205.09571  248  145  320.63200  189.24620  41.0%   122  565s
 19548 12854  205.73491  254  147  320.63200  189.24620  41.0%   120  572s
 20242 13124  206.13395  260  146  320.63200  189.24620  41.0%   119  580s
 20757 13197  206.76133  266  149  320.63200  189.24620  41.0%   118  588s
 21007 13680  229.51804  271  101  320.63200  189.24620  41.0%   119  597s
 21581 13676  228.79186  277  104  320.63200  189.24620  41.0%   119  605s
 21785 13911  207.57657  281  144  320.63200  189.24620  41.0%   120  614s
 22101 14451  207.82713  289  145  320.63200  189.24620  41.0%   121  625s
 22768 14237  208.44766  296  152  320.63200  189.24620  41.0%   120  640s
 22776 14513  222.59229  296  117  320.63200  189.24620  41.0%   120  651s
 23077 14762  208.69814  303  146  320.63200  189.24620  41.0%   120  662s
 23483 15423  209.26038  310  147  320.63200  189.24620  41.0%   119  672s
 24297 15690  210.42117  317  157  320.63200  189.24620  41.0%   119  682s
 24886 15751  210.82797  325  155  320.63200  190.11910  40.7%   119  760s
 25155 16248  212.12663  333  158  320.63200  190.11910  40.7%   121  771s
 25779 16806  212.44154  342  160  320.63200  190.11910  40.7%   121  783s
 26503 17505  213.97839  352  154  320.63200  190.11910  40.7%   122  794s
 27261 18296  215.60222  362  152  320.63200  190.11910  40.7%   122  807s
 28130 18427  216.77957  373  148  320.63200  190.11910  40.7%   123  823s
 28276 19388  243.53477  378  113  320.63200  190.11910  40.7%   124  836s
 29317 19389  250.23601  524  155  320.63200  190.11910  40.7%   123  927s
 29319 19390  243.91207 2195  129  320.63200  190.11910  40.7%   123  934s
 29320 19391  217.26907  184  129  320.63200  190.11910  40.7%   123  940s
 29330 19398  221.28793  327  152  320.63200  190.11910  40.7%   123  947s
 29332 19399  264.27186  584  148  320.63200  190.11910  40.7%   123  952s
 29333 19400  210.50339  948  154  320.63200  190.11910  40.7%   123  957s
 29336 19402  297.75876 2921  157  320.63200  190.11910  40.7%   123  961s
 29337 19402  289.91829 2634  157  320.63200  190.11910  40.7%   123  967s
 29340 19404  222.29522  430  161  320.63200  190.11910  40.7%   123  972s
 29341 19405  216.05141  111  161  320.63200  190.11910  40.7%   123  979s
 29344 19407  266.80396 1989  165  320.63200  190.11910  40.7%   123  984s
 29345 19408  301.46206 3064  165  320.63200  190.11910  40.7%   123  988s
 29346 19408  253.03477  317  165  320.63200  190.11910  40.7%   123  995s
 29361 19427  190.11910   30  153  320.63200  190.11910  40.7%   123 1001s
 29397 19446  208.98764   32  103  320.63200  190.11910  40.7%   124 1005s
 29436 19479  190.11910   35  157  320.63200  190.11910  40.7%   124 1010s
 29465 19489  190.11910   37  162  320.63200  190.11910  40.7%   124 1015s
 29503 19514  190.11910   40  161  320.63200  190.11910  40.7%   124 1020s
 29574 19554  190.12547   44  152  320.63200  190.11910  40.7%   125 1026s
 29601 19563  190.85097   45  150  320.63200  190.11910  40.7%   125 1030s
 29692 19611  190.56872   49  147  320.63200  190.11910  40.7%   126 1035s
 29762 19646  198.08358   51   93  320.63200  190.11910  40.7%   126 1040s
*29817 18676              74     242.7760000  190.11910  21.7%   126 1041s
 29871 18712  190.80263   55  138  242.77600  190.11910  21.7%   126 1045s
 30027 18735  190.98767   59  143  242.77600  190.11910  21.7%   127 1050s
 30232 18749  203.58008   63   99  242.77600  190.11910  21.7%   127 1055s
 30476 18742  205.23979   66  103  242.77600  190.11910  21.7%   128 1061s
 30575 18772  191.37000   69  146  242.77600  190.62936  21.5%   128 1065s
 30708 18819  191.55156   73  147  242.77600  190.62936  21.5%   128 1070s
 30949 18851  191.84849   79  143  242.77600  190.62936  21.5%   128 1077s
 31013 18879  191.87989   80  145  242.77600  190.62936  21.5%   128 1080s
 31188 18918  201.07211   83  112  242.77600  190.62936  21.5%   128 1085s
 31321 19004  191.97422   88  147  242.77600  190.78765  21.4%   129 1091s
 31394 19044  219.20268   90  103  242.77600  190.78765  21.4%   129 1095s
 31503 19066  192.10534   92  148  242.77600  190.78765  21.4%   129 1103s
 31520 19082  202.78385   94  111  242.77600  190.78765  21.4%   129 1107s
 31541 19167  192.25827   97  144  242.77600  190.78765  21.4%   129 1111s
 31636 19253  198.58281   99   96  242.77600  190.78765  21.4%   129 1115s
 31900 19355  192.47765  105  142  242.77600  190.85134  21.4%   129 1122s
 31992 19414  192.60251  108  145  242.77600  190.85134  21.4%   130 1126s
 32194 19545  192.78113  115  143  242.77600  190.85134  21.4%   130 1135s
 32432 19692  192.98204  122  141  242.77600  190.85134  21.4%   130 1144s
 32562 19792  208.89615  125   91  242.77600  190.85134  21.4%   130 1149s
 32718 19815  202.75439  129  106  242.77600  190.85134  21.4%   130 1155s
 32799 19978  193.15592  130  140  242.77600  190.85134  21.4%   130 1160s
 33014 20047  193.37304  134  138  242.77600  190.85134  21.4%   130 1165s
 33214 20115  193.51010  139  137  242.77600  190.85134  21.4%   131 1171s
 33381 20209  193.63446  144  141  242.77600  190.85134  21.4%   131 1177s
 33570 20304  216.21639  149   93  242.77600  190.85134  21.4%   131 1183s
 33782 20424  193.96703  154  142  242.77600  190.85134  21.4%   131 1190s
 34042 20543  194.05589  159  140  242.77600  190.85134  21.4%   131 1197s
 34344 20643  194.17922  165  141  242.77600  190.85134  21.4%   131 1204s
 34677 20786  194.41896  171  135  242.77600  190.85134  21.4%   131 1210s
 35044 20965  194.59689  178  140  242.77600  190.99860  21.3%   131 1218s
 35354 21078  194.72300  186  139  242.77600  190.99860  21.3%   131 1225s
 35575 21282  194.84085  191  135  242.77600  190.99860  21.3%   131 1233s
 35869 21739  195.07210  199  139  242.77600  190.99860  21.3%   131 1242s
 36433 22210  195.16371  207  138  242.77600  190.99860  21.3%   131 1251s
 37106 22606  195.29283  216  134  242.77600  190.99860  21.3%   130 1260s
 37760 22470  195.40786  225  138  242.77600  190.99860  21.3%   129 1272s
 37842 22726  206.17846  225   88  242.77600  190.99860  21.3%   129 1349s
 38152 23092  195.41687  226  137  242.77600  190.99860  21.3%   128 1359s
 38656 23546  203.21028  226   82  242.77600  191.09155  21.3%   128 1368s
 39325 24119  195.53198  237  136  242.77600  191.09155  21.3%   128 1379s
 40204 24503  195.77277  247  135  242.77600  191.31921  21.2%   127 1389s
 40948 24892  196.03081  259  137  242.77600  191.31921  21.2%   127 1399s
 41610 25177  196.22271  271  139  242.77600  191.31921  21.2%   127 1410s
 42189 25524  196.43938  282  136  242.77600  191.31921  21.2%   127 1420s
 42793 25703  196.67760  294  135  242.77600  191.31921  21.2%   127 1434s
 43218 26074  206.67975  303   96  242.77600  191.31921  21.2%   128 1447s
 43805 26568  197.02352  318  133  242.77600  191.31921  21.2%   128 1462s
 44591 26990  197.25099  335  137  242.77600  191.31921  21.2%   129 1474s
 45401 27191  197.38787  349  142  242.77600  191.31921  21.2%   129 1487s
 46000 27498  197.58470  360  141  242.77600  191.31921  21.2%   129 1499s
 46769 27748  197.73370  372  139  242.77600  191.31921  21.2%   130 1510s
 47692 27965  197.90750  385  141  242.77600  192.14197  20.9%   130 1522s
 48311 28825  198.16034  398  141  242.77600  192.61257  20.7%   130 1535s
 49452 29637  198.39766  413  140  242.77600  192.61257  20.7%   129 1546s
 50749 30381  198.59973  427  139  242.77600  192.61257  20.7%   128 1557s
 51994 30624  198.79383  440  139  242.77600  192.61257  20.7%   127 1570s
 52746 30971  198.99166  449  139  242.77600  192.61257  20.7%   127 1580s
 53468 31516  199.18198  461  138  242.77600  192.64392  20.6%   127 1591s
 54339 32195  199.39231  474  138  242.77600  192.64392  20.6%   127 1602s
 55468 32460  199.54207  487  137  242.77600  192.64392  20.6%   127 1612s
 56267 32727  199.70089  499  139  242.77600  192.64392  20.6%   127 1623s
 56954 32931  199.92353  509  136  242.77600  192.64392  20.6%   127 1634s
 57679 33146  200.06224  521  139  242.77600  192.64392  20.6%   127 1644s
 58307 33720  200.19607  534  138  242.77600  193.88504  20.1%   128 1660s
 59269 34027  200.36993  551  138  242.77600  193.88504  20.1%   128 1675s
 60051 34631  200.60159  562  141  242.77600  193.88504  20.1%   128 1689s
 61289 34558  216.63626  576  101  242.77600  193.88504  20.1%   128 1700s
 61909 35094  200.83956  586  140  242.77600  193.92978  20.1%   128 1711s
 62887 35449  220.27330  600  103  242.77600  193.92978  20.1%   128 1724s
 63780 36135  201.31128  614  139  242.77600  193.92978  20.1%   127 1737s
 65136 36532  201.48461  625  136  242.77600  194.30151  20.0%   126 1747s
 66138 36950  201.65568  636  135  242.77600  194.30151  20.0%   126 1756s
 67021 37666  201.88770  648  135  242.77600  194.38145  19.9%   126 1766s
 68215 38234  202.10335  660  136  242.77600  194.38145  19.9%   125 1777s
 69337 38869  202.28747  672  133  242.77600  194.38145  19.9%   124 1786s
 70560 38778  202.57913  684  130  242.77600  194.38145  19.9%   124 1795s

Cutting planes:
  MIR: 16
  Flow cover: 46
  Zero half: 1

Explored 71497 nodes (8809309 simplex iterations) in 1799.56 seconds (3837.05 work units)
Thread count was 8 (of 40 available processors)

Solution count 10: 242.776 320.632 322.616 ... 413.04

Time limit reached
Best objective 2.427760000000e+02, best bound 1.943814452375e+02, gap 19.9338%

User-callback calls 561543, time in user-callback 2.89 sec
[MIP] status=TIME_LIMIT(9) buses=9 obj=900242.776 gap=0.19933829852410023 -> /home/nc437/ladder-lite/diving_pricing_20260919/results/c3_k08/control_arm_a/586637_r0/result.json
