[MIP] physical pool preparation: 59823 valid recorded, 0 repaired, 0 rejected, 67.856s
[MIP] pool: 59823 columns over 188 trips (instance scale_ladder/instances/nested_probability_k2_15_20260908/Practice_Custom_DutyUnion_k08_p04_20260908.csv, soc_step=2.5, certified=True)
[MIP] coverage: min 1081 / median 9398 / max 18130 columns per trip
[MIP] strict-feasibility seed: 188 exact singleton columns (one per trip)
[MIP] greedy feasible MIP start: 59 buses
Set parameter LicenseID to value 2674428
Set parameter GURO_PAR_SPECIAL
Set parameter TokenServer to value "en-cc-unicorn-data-dirs.coecis.cornell.edu"
Set parameter LogFile to value "/home/nc437/ladder-lite/diving_pricing_20260919/results/c4_k08/treatment/586639_r0/mip_gurobi.log"
Set parameter OutputFlag to value 1
Set parameter TimeLimit to value 1729
Set parameter MIPGap to value 0.0001
Set parameter Threads to value 8
Set parameter Seed to value 20260919
Set parameter TimeLimit to value 864
Gurobi Optimizer version 12.0.3 build v12.0.3rc0 (linux64 - "Ubuntu 24.04.4 LTS")

CPU model: Intel(R) Xeon(R) Gold 6258R CPU @ 2.70GHz, instruction set [SSE2|AVX|AVX2|AVX512]
Thread count: 56 physical cores, 56 logical processors, using up to 8 threads

Non-default parameters:
TimeLimit  864
Seed  20260919
Threads  8

Optimize a model with 188 rows, 59823 columns and 1645063 nonzeros
Model fingerprint: 0xfa619f8b
Variable types: 0 continuous, 59823 integer (59823 binary)
Coefficient statistics:
  Matrix range     [1e+00, 1e+00]
  Objective range  [1e+00, 1e+00]
  Bounds range     [1e+00, 1e+00]
  RHS range        [1e+00, 1e+00]

Loaded user MIP start with objective 59

Presolve time: 2.56s
Presolved: 188 rows, 59823 columns, 1645063 nonzeros
Variable types: 0 continuous, 59823 integer (59823 binary)

Starting sifting (using dual simplex for sub-problems)...

    Iter     Pivots    Primal Obj      Dual Obj        Time
       0          0     infinity      0.0000000e+00      3s
       1        445   9.8108228e+00   3.9343583e+00      3s
       2       1210   9.5959530e+00   5.6107068e+00      3s
       3       2248   9.2600297e+00   6.6167542e+00      3s
       4       2837   9.0000000e+00   6.8465695e+00      3s
       5       3801   8.8377029e+00   7.1573538e+00      3s
       6       4828   8.4985523e+00   7.3492212e+00      3s
       7       5900   8.2330774e+00   7.5157120e+00      3s
       8       6759   8.0000000e+00   8.0000000e+00      3s

Sifting complete


Root relaxation: objective 8.000000e+00, 6759 iterations, 0.63 seconds (0.69 work units)

    Nodes    |    Current Node    |     Objective Bounds      |     Work
 Expl Unexpl |  Obj  Depth IntInf | Incumbent    BestBd   Gap | It/Node Time

     0     0    8.00000    0   86   59.00000    8.00000  86.4%     -    5s
H    0     0                      22.0000000    8.00000  63.6%     -    5s
H    0     0                      16.0000000    8.00000  50.0%     -    5s
H    0     0                      15.0000000    8.00000  46.7%     -    5s
H    0     0                      12.0000000    8.00000  33.3%     -    5s
H    0     0                      11.0000000    8.00000  27.3%     -    5s
H    0     0                      10.0000000    8.00000  20.0%     -    5s
     0     0    8.00000    0   81   10.00000    8.00000  20.0%     -   11s
     0     0    8.00000    0   83   10.00000    8.00000  20.0%     -   20s
     0     0    8.00000    0   80   10.00000    8.00000  20.0%     -   25s
     0     0    8.00000    0   82   10.00000    8.00000  20.0%     -   26s
     0     0    8.00000    0   58   10.00000    8.00000  20.0%     -   31s
     0     0    8.00000    0   68   10.00000    8.00000  20.0%     -   32s
     0     0    8.00000    0   58   10.00000    8.00000  20.0%     -   37s
     0     0    8.00000    0   58   10.00000    8.00000  20.0%     -   38s
     0     0    8.00000    0   61   10.00000    8.00000  20.0%     -   41s
     0     0    8.00000    0   58   10.00000    8.00000  20.0%     -   46s
     0     2    8.00000    0   58   10.00000    8.00000  20.0%     -   72s
     3     8    8.00000    2   91   10.00000    8.00000  20.0% 12620   77s
    23    50    8.00000    5   98   10.00000    8.00000  20.0%  3961   81s
H   32    50                       9.0000000    8.00000  11.1%  2897   81s
    50    11    8.00000    5   58    9.00000    8.00000  11.1%  1904   97s
    52    12    8.00000    7   65    9.00000    8.00000  11.1%  1831  107s
H   52    11                       8.0000000    8.00000  0.00%  1831  114s

Cutting planes:
  Flow cover: 2

Explored 52 nodes (292500 simplex iterations) in 114.46 seconds (203.42 work units)
Thread count was 8 (of 56 available processors)

Solution count 9: 8 9 10 ... 59

Optimal solution found (tolerance 1.00e-04)
Best objective 8.000000000000e+00, best bound 8.000000000000e+00, gap 0.0000%

User-callback calls 22217, time in user-callback 0.09 sec
[MIP] stage 1: fleet=8 (bound 8.0, gap 0.0, proven=True, limit=864.0s, remaining=1612.8s)
Set parameter TimeLimit to value 1.6128385572433472e+03
Gurobi Optimizer version 12.0.3 build v12.0.3rc0 (linux64 - "Ubuntu 24.04.4 LTS")

CPU model: Intel(R) Xeon(R) Gold 6258R CPU @ 2.70GHz, instruction set [SSE2|AVX|AVX2|AVX512]
Thread count: 56 physical cores, 56 logical processors, using up to 8 threads

Non-default parameters:
TimeLimit  1.6128385572433472e+03
Seed  20260919
Threads  8

Optimize a model with 189 rows, 59823 columns and 1704886 nonzeros
Model fingerprint: 0xf2e4d18a
Variable types: 0 continuous, 59823 integer (59823 binary)
Coefficient statistics:
  Matrix range     [1e+00, 1e+00]
  Objective range  [6e+00, 2e+02]
  Bounds range     [1e+00, 1e+00]
  RHS range        [1e+00, 8e+00]

Loaded user MIP start with objective 449.672
MIP start from previous solve did not produce a new incumbent solution

Presolve time: 2.52s
Presolved: 189 rows, 59823 columns, 1704886 nonzeros
Variable types: 0 continuous, 59823 integer (59823 binary)

Starting sifting (using dual simplex for sub-problems)...

    Iter     Pivots    Primal Obj      Dual Obj        Time
       0          0     infinity      0.0000000e+00      3s
       1        777   1.9631994e+06   5.7244158e+01      3s
       2       1977   6.5040340e+05   1.0610440e+02      3s
       3       3242   3.3410119e+05   1.4057161e+02      3s
       4       4666   5.6871993e+04   1.5011939e+02      3s
       5       5613   3.8248199e+02   7.4718109e+02      3s
       6       6623   3.8248199e+02   5.2938640e+02      3s
       7       7654   3.6817192e+02   4.5744818e+02      3s
       8       8593   3.6209065e+02   4.1935745e+02      4s
       9       9542   3.6055711e+02   3.9265237e+02      4s
      10      10580   3.5985511e+02   3.8829909e+02      4s
      11      11471   3.5984830e+02   3.8169376e+02      4s
      12      12887   3.5982694e+02   3.7818782e+02      4s
      13      13881   3.5982226e+02   3.7420878e+02      4s
      14      14910   3.5981822e+02   3.7305871e+02      4s
      15      16016   3.5981822e+02   3.6943264e+02      5s
      16      17031   3.5981822e+02   3.6662864e+02      5s

Sifting complete


Root relaxation: objective 3.598182e+02, 18033 iterations, 2.31 seconds (3.74 work units)

    Nodes    |    Current Node    |     Objective Bounds      |     Work
 Expl Unexpl |  Obj  Depth IntInf | Incumbent    BestBd   Gap | It/Node Time

     0     0  359.81822    0   94  449.67200  359.81822  20.0%     -    5s
     0     0  360.61424    0  102  449.67200  360.61424  19.8%     -    9s
H    0     0                     411.1520000  360.61424  12.3%     -   10s
     0     0  360.97990    0  107  411.15200  360.97990  12.2%     -   27s
     0     0  361.05555    0  111  411.15200  361.05555  12.2%     -   28s
     0     0  361.08898    0  111  411.15200  361.08898  12.2%     -   28s
     0     0  362.06239    0  125  411.15200  362.06239  11.9%     -   31s
     0     0  362.19508    0  122  411.15200  362.19508  11.9%     -   32s
     0     0  362.20993    0  119  411.15200  362.20993  11.9%     -   33s
     0     0  362.25911    0  122  411.15200  362.25911  11.9%     -   34s
     0     0  362.31060    0  129  411.15200  362.31060  11.9%     -   35s
     0     0  362.35099    0  130  411.15200  362.35099  11.9%     -   35s
     0     0  362.35099    0  131  411.15200  362.35099  11.9%     -   35s
     0     0  362.37385    0  132  411.15200  362.37385  11.9%     -   36s
     0     0  362.47466    0  136  411.15200  362.47466  11.8%     -   37s
     0     0  362.54479    0  136  411.15200  362.54479  11.8%     -   38s
     0     0  362.58107    0  139  411.15200  362.58107  11.8%     -   39s
     0     0  362.59336    0  140  411.15200  362.59336  11.8%     -   39s
     0     0  362.59336    0  141  411.15200  362.59336  11.8%     -   40s
H    0     0                     397.7200000  362.59336  8.83%     -   40s
     0     0  362.59336    0  142  397.72000  362.59336  8.83%     -   41s
     0     0  362.59336    0   93  397.72000  362.59336  8.83%     -   45s
     0     0  362.59336    0  110  397.72000  362.59336  8.83%     -   48s
     0     0  362.59336    0  120  397.72000  362.59336  8.83%     -   63s
     0     0  362.59336    0  123  397.72000  362.59336  8.83%     -   63s
     0     0  362.59336    0  120  397.72000  362.59336  8.83%     -   64s
     0     0  362.59336    0  122  397.72000  362.59336  8.83%     -   64s
     0     0  362.59336    0  130  397.72000  362.59336  8.83%     -   65s
     0     0  362.59336    0  130  397.72000  362.59336  8.83%     -   65s
     0     0  362.65076    0  129  397.72000  362.65076  8.82%     -   66s
     0     0  362.67594    0  132  397.72000  362.67594  8.81%     -   66s
     0     0  362.69573    0  134  397.72000  362.69573  8.81%     -   66s
     0     0  362.73020    0  140  397.72000  362.73020  8.80%     -   67s
     0     0  362.79138    0  139  397.72000  362.79138  8.78%     -   68s
     0     0  362.81845    0  141  397.72000  362.81845  8.78%     -   69s
     0     0  362.84653    0  143  397.72000  362.84653  8.77%     -   69s
     0     0  362.88629    0  147  397.72000  362.88629  8.76%     -   69s
     0     0  362.90141    0  147  397.72000  362.90141  8.75%     -   70s
     0     0  362.92774    0  151  397.72000  362.92774  8.75%     -   70s
     0     0  362.93569    0  150  397.72000  362.93569  8.75%     -   71s
     0     0  362.95970    0  153  397.72000  362.95970  8.74%     -   71s
     0     0  362.96093    0  153  397.72000  362.96093  8.74%     -   72s
     0     0  362.96093    0   93  397.72000  362.96093  8.74%     -   79s
     0     0  362.96093    0  112  397.72000  362.96093  8.74%     -   81s
     0     0  362.96093    0  119  397.72000  362.96093  8.74%     -   86s
     0     0  362.96093    0  129  397.72000  362.96093  8.74%     -   87s
     0     0  362.96093    0  131  397.72000  362.96093  8.74%     -   87s
     0     0  362.96093    0  135  397.72000  362.96093  8.74%     -   87s
     0     0  362.96211    0  135  397.72000  362.96211  8.74%     -   88s
     0     0  362.97812    0  137  397.72000  362.97812  8.74%     -   88s
     0     0  363.00078    0  136  397.72000  363.00078  8.73%     -   88s
     0     0  363.01292    0  138  397.72000  363.01292  8.73%     -   88s
     0     0  363.02588    0  140  397.72000  363.02588  8.72%     -   88s
     0     0  363.04191    0  137  397.72000  363.04191  8.72%     -   88s
     0     0  363.06567    0  138  397.72000  363.06567  8.71%     -   89s
     0     0  363.07411    0  144  397.72000  363.07411  8.71%     -   89s
     0     0  363.12309    0  148  397.72000  363.12309  8.70%     -   89s
     0     0  363.14486    0  146  397.72000  363.14486  8.69%     -   95s
     0     0  363.19512    0  147  397.72000  363.19512  8.68%     -   95s
     0     0  363.21572    0  144  397.72000  363.21572  8.68%     -   96s
     0     0  363.23657    0  149  397.72000  363.23657  8.67%     -   96s
     0     0  363.25572    0  143  397.72000  363.25572  8.67%     -   96s
     0     0  363.27491    0  152  397.72000  363.27491  8.66%     -   97s
     0     0  363.27507    0  152  397.72000  363.27507  8.66%     -   97s
     0     0  363.27507    0   94  397.72000  363.27507  8.66%     -  103s
     0     0  363.27507    0  115  397.72000  363.27507  8.66%     -  105s
     0     0  363.27507    0  120  397.72000  363.27507  8.66%     -  109s
     0     0  363.27507    0  123  397.72000  363.27507  8.66%     -  109s
     0     0  363.27507    0  121  397.72000  363.27507  8.66%     -  110s
     0     0  363.27507    0  125  397.72000  363.27507  8.66%     -  110s
     0     0  363.27507    0  141  397.72000  363.27507  8.66%     -  110s
     0     0  363.27507    0  140  397.72000  363.27507  8.66%     -  110s
     0     0  363.27507    0  145  397.72000  363.27507  8.66%     -  111s
     0     0  363.27507    0  147  397.72000  363.27507  8.66%     -  111s
     0     0  363.27507    0  142  397.72000  363.27507  8.66%     -  111s
     0     0  363.30709    0  146  397.72000  363.30709  8.65%     -  111s
     0     0  363.33311    0  151  397.72000  363.33311  8.65%     -  111s
     0     0  363.35376    0  155  397.72000  363.35376  8.64%     -  112s
     0     0  363.35756    0  157  397.72000  363.35756  8.64%     -  112s
     0     0  363.36020    0  160  397.72000  363.36020  8.64%     -  112s
     0     0  363.37107    0  164  397.72000  363.37107  8.64%     -  112s
     0     0  363.37167    0  164  397.72000  363.37167  8.64%     -  112s
     0     0  364.35736    0   93  397.72000  364.35736  8.39%     -  116s
     0     0  364.35736    0  105  397.72000  364.35736  8.39%     -  117s
     0     0  364.35736    0  112  397.72000  364.35736  8.39%     -  122s
     0     0  364.35736    0  123  397.72000  364.35736  8.39%     -  122s
     0     0  364.35736    0  131  397.72000  364.35736  8.39%     -  122s
     0     0  364.35736    0  134  397.72000  364.35736  8.39%     -  122s
     0     0  364.35736    0  142  397.72000  364.35736  8.39%     -  122s
     0     0  364.35736    0  145  397.72000  364.35736  8.39%     -  123s
     0     0  364.35736    0  143  397.72000  364.35736  8.39%     -  123s
     0     0  364.35736    0  150  397.72000  364.35736  8.39%     -  123s
     0     0  364.35736    0  141  397.72000  364.35736  8.39%     -  123s
     0     0  364.35736    0  152  397.72000  364.35736  8.39%     -  123s
     0     0  364.35736    0  153  397.72000  364.35736  8.39%     -  123s
     0     0  364.35736    0  158  397.72000  364.35736  8.39%     -  123s
     0     0  364.35736    0  161  397.72000  364.35736  8.39%     -  123s
     0     0  364.35736    0  162  397.72000  364.35736  8.39%     -  124s
     0     0  364.35736    0  161  397.72000  364.35736  8.39%     -  124s
     0     2  364.46032    0  161  397.72000  364.46032  8.36%     -  126s
    17     9  364.46032    7  147  397.72000  364.46032  8.36%   661  130s
   133     6     cutoff   31       397.72000  364.54114  8.34%   467  135s
   323    29  374.35759   60  134  397.72000  364.86141  8.26%   319  140s
   619    67  365.15725   70  159  397.72000  365.15725  8.19%   253  145s
  1340    39  372.63416  107  120  397.72000  365.28710  8.15%   175  150s
  1833   197  367.05084  168  157  397.72000  365.48350  8.11%   171  155s
  2451   506  367.72253  195  152  397.72000  365.54343  8.09%   149  160s
  2632   508  366.68850  183   94  397.72000  365.54343  8.09%   143  165s
  2633   509  367.74455  167  109  397.72000  365.54343  8.09%   143  170s
  2651   521  381.07066  268  165  397.72000  365.54343  8.09%   142  175s
  2657   528  365.54343   16  170  397.72000  365.54343  8.09%   144  180s
  2691   530  395.44308   22  110  397.72000  365.54343  8.09%   150  185s
  2789   524  396.71336   28  135  397.72000  365.54343  8.09%   158  190s
  2974   594  385.18612   35  139  397.72000  365.54343  8.09%   160  195s
  3097   616     cutoff   41       397.72000  365.54343  8.09%   161  200s
  3272   700  374.77250   50  165  397.72000  365.54343  8.09%   160  205s
  3450   728  375.61075   60  160  397.72000  365.54343  8.09%   162  210s
  3669   752     cutoff   72       397.72000  365.54343  8.09%   165  215s
  3950   807  377.41499   87  158  397.72000  365.54343  8.09%   166  220s
  4390  1028     cutoff  104       397.72000  365.84029  8.02%   164  225s
  5041  1323  378.96802  125  155  397.72000  366.29893  7.90%   159  231s
  5525  1684  379.55463  146  159  397.72000  366.67180  7.81%   156  236s
  6197  1861  381.01408  167  154  397.72000  366.88808  7.75%   153  241s
  6630  2144  381.78609  179  161  397.72000  367.35188  7.64%   151  245s
  7776  2817  382.88960  216  158  397.72000  367.92582  7.49%   143  251s
  8431  2782     cutoff  232       397.72000  368.38273  7.38%   140  256s
  9294  3409  385.03697  264  159  397.72000  368.50363  7.35%   135  260s
 10593  3529  386.61618  314  159  397.72000  369.19070  7.17%   129  265s
 11592  3608  388.17400  370  156  397.72000  370.21011  6.92%   129  270s
 13015  3113  391.33309  461  163  397.72000  371.08860  6.70%   126  275s
 13865  2424     cutoff  511       397.72000  371.57957  6.57%   128  281s
 15109  1311     cutoff  460       397.72000  372.48865  6.34%   126  286s
 16516   168     cutoff  554       397.72000  373.48940  6.09%   122  292s
 17379    81     cutoff  459       397.72000  374.37114  5.87%   118  296s
 17742    88     cutoff  572       397.72000  376.35365  5.37%   117  301s
 18042    80     cutoff  710       397.72000  379.20973  4.65%   117  306s
 18299    81     cutoff  826       397.72000  382.46498  3.84%   116  311s

Cutting planes:
  Cover: 1
  MIR: 51
  Flow cover: 25
  Zero half: 9

Explored 18644 nodes (2213120 simplex iterations) in 313.34 seconds (677.54 work units)
Thread count was 8 (of 56 available processors)

Solution count 3: 397.72 411.152 449.672 

Optimal solution found (tolerance 1.00e-04)
Best objective 3.977200000000e+02, best bound 3.977200000000e+02, gap 0.0000%

User-callback calls 97164, time in user-callback 0.30 sec
[MIP] status=OPTIMAL(2) buses=8 obj=800397.72 gap=0.0 -> /home/nc437/ladder-lite/diving_pricing_20260919/results/c4_k08/treatment/586639_r0/result.json
