
Gurobi 12.0.3 (linux64) logging started Fri Sep 18 11:27:19 2026

Set parameter LogFile to value "/home/nc437/ladder-lite/review_fresh_k15_longmip_20260917/results/c6_k15__heur/gurobi.log"
Set parameter OutputFlag to value 1
Set parameter TimeLimit to value 45000
Set parameter MIPGap to value 0.0001
Set parameter Threads to value 8
Set parameter Seed to value 0
Set parameter TimeLimit to value 43200
Gurobi Optimizer version 12.0.3 build v12.0.3rc0 (linux64 - "Ubuntu 24.04.4 LTS")

CPU model: Intel(R) Xeon(R) Gold 6348 CPU @ 2.60GHz, instruction set [SSE2|AVX|AVX2|AVX512]
Thread count: 56 physical cores, 56 logical processors, using up to 8 threads

Non-default parameters:
TimeLimit  43200
Heuristics  0.5
MIPFocus  1
NoRelHeurTime  1800
Threads  8

Optimize a model with 373 rows, 65833 columns and 1900062 nonzeros
Model fingerprint: 0x97decb94
Variable types: 0 continuous, 65833 integer (65833 binary)
Coefficient statistics:
  Matrix range     [1e+00, 1e+00]
  Objective range  [1e+00, 1e+00]
  Bounds range     [1e+00, 1e+00]
  RHS range        [1e+00, 1e+00]

Loaded user MIP start with objective 147

Presolve removed 0 rows and 1415 columns
Presolve time: 2.71s
Presolved: 373 rows, 64418 columns, 1868876 nonzeros
Found heuristic solution: objective 145.0000000
Variable types: 0 continuous, 64418 integer (64418 binary)
Found heuristic solution: objective 140.0000000
Starting NoRel heuristic
Found heuristic solution: objective 33.0000000
Found heuristic solution: objective 32.0000000
Found heuristic solution: objective 30.0000000
Found heuristic solution: objective 25.0000000
Found heuristic solution: objective 23.0000000
Found heuristic solution: objective 22.0000000
Found heuristic solution: objective 21.0000000
Found heuristic solution: objective 20.0000000
Elapsed time for NoRel heuristic: 6s (best bound 0)
Elapsed time for NoRel heuristic: 13s (best bound 0)
Elapsed time for NoRel heuristic: 18s (best bound 0)
Found heuristic solution: objective 19.0000000
Elapsed time for NoRel heuristic: 25s (best bound 0)
Found heuristic solution: objective 18.0000000
Elapsed time for NoRel heuristic: 36s (best bound 0)
Elapsed time for NoRel heuristic: 41s (best bound 0)
Elapsed time for NoRel heuristic: 52s (best bound 0)
Elapsed time for NoRel heuristic: 62s (best bound 0)
Elapsed time for NoRel heuristic: 75s (best bound 0)
Elapsed time for NoRel heuristic: 91s (best bound 0)
Elapsed time for NoRel heuristic: 107s (best bound 0)
Elapsed time for NoRel heuristic: 121s (best bound 0)
Elapsed time for NoRel heuristic: 142s (best bound 0)
Found heuristic solution: objective 17.0000000
Elapsed time for NoRel heuristic: 166s (best bound 0)
Elapsed time for NoRel heuristic: 173s (best bound 0)
Elapsed time for NoRel heuristic: 181s (best bound 0)
Elapsed time for NoRel heuristic: 189s (best bound 0)
Elapsed time for NoRel heuristic: 227s (best bound 0)
Elapsed time for NoRel heuristic: 267s (best bound 0)
Elapsed time for NoRel heuristic: 310s (best bound 0)
Elapsed time for NoRel heuristic: 357s (best bound 0)
Elapsed time for NoRel heuristic: 422s (best bound 0)
Elapsed time for NoRel heuristic: 493s (best bound 0)
Elapsed time for NoRel heuristic: 588s (best bound 0)
Elapsed time for NoRel heuristic: 673s (best bound 0)
Elapsed time for NoRel heuristic: 742s (best bound 0)
Elapsed time for NoRel heuristic: 885s (best bound 0)
Elapsed time for NoRel heuristic: 980s (best bound 0)
Elapsed time for NoRel heuristic: 1141s (best bound 0)
Elapsed time for NoRel heuristic: 1294s (best bound 0)
Elapsed time for NoRel heuristic: 1510s (best bound 0)
Elapsed time for NoRel heuristic: 1736s (best bound 0)
Elapsed time for NoRel heuristic: 2028s (best bound 0)
NoRel heuristic complete

Root simplex log...

Iteration    Objective       Primal Inf.    Dual Inf.      Time
       0    0.0000000e+00   3.730000e+02   0.000000e+00   2031s

Starting sifting (using dual simplex for sub-problems)...

    Iter     Pivots    Primal Obj      Dual Obj        Time
       0          0     infinity      0.0000000e+00   2031s
       1        814   1.7875274e+01   5.4887291e+00   2031s
       2       3447   1.7480639e+01   9.8548279e+00   2031s
       3       6072   1.6316575e+01   1.1960884e+01   2031s
       4       8574   1.5464513e+01   1.2985174e+01   2032s
       5      11255   1.5026415e+01   1.3363587e+01   2032s
       6      12887   1.5000000e+01   1.5000000e+01   2032s

Sifting complete

   12887    1.5000000e+01   0.000000e+00   0.000000e+00   2033s

Root relaxation: objective 1.500000e+01, 12887 iterations, 1.86 seconds (3.01 work units)
Total elapsed time = 2039.51s (DegenMoves)

    Nodes    |    Current Node    |     Objective Bounds      |     Work
 Expl Unexpl |  Obj  Depth IntInf | Incumbent    BestBd   Gap | It/Node Time

     0     0   15.00000    0  181   17.00000   15.00000  11.8%     - 2041s
     0     0   15.00000    0  180   17.00000   15.00000  11.8%     - 2045s
     0     0   15.00000    0  181   17.00000   15.00000  11.8%     - 2101s
     0     0   15.00000    0  175   17.00000   15.00000  11.8%     - 2111s
     0     0   15.00000    0  164   17.00000   15.00000  11.8%     - 2123s
     0     0   15.00000    0  185   17.00000   15.00000  11.8%     - 2134s
     0     0   15.00000    0  191   17.00000   15.00000  11.8%     - 2180s
     0     0   15.00000    0  189   17.00000   15.00000  11.8%     - 2190s
     0     0   15.00000    0  189   17.00000   15.00000  11.8%     - 2210s
     0     2   15.00000    0  189   17.00000   15.00000  11.8%     - 2317s
     1     4   15.00000    1  239   17.00000   15.00000  11.8% 23906 2330s
     3     8   15.00000    2  230   17.00000   15.00000  11.8%  8478 2343s
     7    16   15.00000    3  213   17.00000   15.00000  11.8%  4025 2360s
    15    24   15.00000    4  229   17.00000   15.00000  11.8%  2318 2375s
    23    56   15.00000    5  267   17.00000   15.00000  11.8%  1890 2420s
    55   216   15.00000   10  255   17.00000   15.00000  11.8%  2150 2482s
   215  1164   15.00000   37  297   17.00000   15.00000  11.8%  1564 2618s
  1163  1927   15.00000  172  307   17.00000   15.00000  11.8%  1875 2682s
  1926  2382   15.00000  270  270   17.00000   15.00000  11.8%  2108 2725s
  2381  2735   15.00000  323  261   17.00000   15.00000  11.8%  2006 2772s
  2734  3258   15.00000  342  251   17.00000   15.00000  11.8%  1793 2822s
  3257  3495   15.00000  394  254   17.00000   15.00000  11.8%  1637 2861s
  3494  3781   15.00000  406  247   17.00000   15.00000  11.8%  1555 2906s
  3780  4111   15.00000  492  322   17.00000   15.00000  11.8%  1522 2954s
  4110  4427   15.00000  565  275   17.00000   15.00000  11.8%  1610 3003s
  4426  5090   15.00000  576  266   17.00000   15.00000  11.8%  1513 3070s
  5089  5531   15.00000  595  259   17.00000   15.00000  11.8%  1342 3110s
  5530  6035   15.00000  606  253   17.00000   15.00000  11.8%  1258 3151s
  6040  6242   15.00000  625  245   17.00000   15.00000  11.8%  1182 3189s
  6247  6446   15.00000  636  241   17.00000   15.00000  11.8%  1160 3228s
  6451  6631   15.00000  654  260   17.00000   15.00000  11.8%  1148 3268s
  6636  6796   15.00000  664  254   17.00000   15.00000  11.8%  1131 3339s
  6801  6876   15.00000  680  294   17.00000   15.00000  11.8%  1193 3400s
  6881  6902   15.00000  681  251   17.00000   15.00000  11.8%  1209 3452s
  6907  6930   15.00000  682  255   17.00000   15.00000  11.8%  1206 3501s
  6935  7102   15.00000  688  239   17.00000   15.00000  11.8%  1203 3545s
  7107  7398   15.00000  696  257   17.00000   15.00000  11.8%  1179 3594s
  7404  7399   15.00000  302  189   17.00000   15.00000  11.8%  1144 3603s
  7406  7400   15.68362 1163  181   17.00000   15.00000  11.8%  1143 3620s
  7407  7401   15.42370  663  203   17.00000   15.00000  11.8%  1143 3637s
  7408  7402   15.21329  801  203   17.00000   15.00000  11.8%  1143 3647s
  7409  7402   15.06044  495  198   17.00000   15.00000  11.8%  1143 3664s
  7410  7403   15.40948  633  186   17.00000   15.00000  11.8%  1143 3755s
  7411  7404   15.00000  153  186   17.00000   15.00000  11.8%  1143 3766s
  7412  7404   15.00000   10  186   17.00000   15.00000  11.8%  1142 3894s
  7413  7408   15.00000   16  214   17.00000   15.00000  11.8%  1159 3934s
  7415  7411   15.00000   17  230   17.00000   15.00000  11.8%  1159 3953s
  7419  7418   15.00000   18  204   17.00000   15.00000  11.8%  1159 3964s
  7427  7423   15.00000   19  223   17.00000   15.00000  11.8%  1158 3981s
  7435  7473   15.00000   20  252   17.00000   15.00000  11.8%  1159 4005s
  7487  7491   15.00000   24  210   17.00000   15.00000  11.8%  1189 4020s
  7583  7466   15.22765   26  224   17.00000   15.00000  11.8%  1183 4035s
  7592  7469   15.12300   26  228   17.00000   15.00000  11.8%  1182 4052s
  7618  7472   15.23108   27  216   17.00000   15.00000  11.8%  1180 4079s
  7729  7440   15.61829   27  188   17.00000   15.00000  11.8%  1169 4094s
  7812  7426     cutoff   33        17.00000   15.00000  11.8%  1160 4122s
  7962  7402   15.66697   48  194   17.00000   15.00000  11.8%  1144 4135s
  8114  7381     cutoff   58        17.00000   15.00000  11.8%  1129 4148s
  8336  7332   15.70626   69  194   17.00000   15.00000  11.8%  1107 4164s
  8493  7356     cutoff   74        17.00000   15.00000  11.8%  1092 4181s
  8749  7376   15.73909   96  194   17.00000   15.00000  11.8%  1069 4200s
  8990  7383   15.76771  124  198   17.00000   15.00000  11.8%  1050 4219s
  9214  7342     cutoff  155        17.00000   15.00000  11.8%  1030 4242s
  9291  7345     cutoff  158        17.00000   15.00000  11.8%  1025 4267s
  9458  7347     cutoff  171        17.00000   15.00000  11.8%  1011 4296s
  9800  7259   15.82667  210  201   17.00000   15.00000  11.8%   983 4323s
  9894  7379     cutoff  217        17.00000   15.00000  11.8%   976 4352s
 10051  7425     cutoff  218        17.00000   15.00000  11.8%   962 4382s
 10155  7582     cutoff  219        17.00000   15.00000  11.8%   955 4415s
 10483  7675     cutoff  220        17.00000   15.00000  11.8%   931 4446s
 10919  7765     cutoff  221        17.00000   15.00000  11.8%   898 4478s
 11387  8047   15.87881  265  208   17.00000   15.00000  11.8%   869 4511s
 12067  8287     cutoff  377        17.00000   15.00000  11.8%   829 4543s
 12773  8151     cutoff  497        17.00000   15.00000  11.8%   790 4574s
 12889  8153     cutoff  505        17.00000   15.00000  11.8%   785 4624s
 12931  8407     cutoff  506        17.00000   15.00000  11.8%   785 4658s
 13249  8709   15.00000   32  183   17.00000   15.00000  11.8%   769 4690s
 13657  9025   15.00000   33  194   17.00000   15.00000  11.8%   751 4725s
 14109  9604   15.00000   45  179   17.00000   15.00000  11.8%   733 4768s
 14839 10388   15.00000   69  190   17.00000   15.00000  11.8%   704 4808s
 15882 10052   15.00000   91  187   17.00000   15.00000  11.8%   665 4823s
 15894 10145   15.00000   92  192   17.00000   15.00000  11.8%   665 4838s
 15991 10209   15.00000  100  184   17.00000   15.00000  11.8%   662 4855s
 16087 10305   15.00000  105  186   17.00000   15.00000  11.8%   660 4873s
 16231 10671   15.00000  119  193   17.00000   15.00000  11.8%   656 4895s
 16723 10987   15.00000  134  182   17.00000   15.00000  11.8%   640 4914s
 17203 11256   15.00000  148  194   17.00000   15.00000  11.8%   625 4933s
 17632 11493   15.00000  162  178   17.00000   15.00000  11.8%   613 4953s
 18012 12061   15.00000  170  194   17.00000   15.00000  11.8%   602 4973s
 18707 12126   15.00000  183  200   17.00000   15.00000  11.8%   583 4997s
 19020 12515   15.00000  195  185   17.00000   15.00000  11.8%   575 5017s
 19513 12850   15.00000  201  185   17.00000   15.00000  11.8%   563 5039s
 20012 13184   15.00000  206  191   17.00000   15.00000  11.8%   551 5062s
 20517 13539   15.00000  214  194   17.00000   15.00000  11.8%   540 5090s
 21042 14270   15.00000  225  194   17.00000   15.00000  11.8%   529 5116s
 21948 14823   15.00000  234  197   17.00000   15.00000  11.8%   510 5141s
 22832 14853   15.00000  242  203   17.00000   15.00000  11.8%   494 5177s
 23175 15050   15.00000  247  199   17.00000   15.00000  11.8%   489 5205s
 23509 15149   15.00000  254  197   17.00000   15.00000  11.8%   485 5233s
 23765 15106   15.00000  264  204   17.00000   15.00000  11.8%   483 5262s
 23824 15355   15.00000  267  203   17.00000   15.00000  11.8%   483 5295s
 24120 15612   15.00000  282  206   17.00000   15.00000  11.8%   481 5326s
 24488 15995   15.01381  320  225   17.00000   15.00000  11.8%   476 5363s
 24998 16026   15.03647  378  228   17.00000   15.00000  11.8%   469 5396s
 25205 16935   15.05778  411  233   17.00000   15.00000  11.8%   467 5432s
 26197 17648   15.10864  473  231   17.00000   15.00000  11.8%   452 5470s
 27258 18078   15.41233  539  236   17.00000   15.00000  11.8%   438 5508s
 28042 19489   15.47059  635  237   17.00000   15.00000  11.8%   427 5547s
 29714 21056   15.52134  796  242   17.00000   15.00000  11.8%   407 5605s
 31843 21441   15.59600 1060  242   17.00000   15.00000  11.8%   385 5627s
 32228 21757   15.61643 1124  249   17.00000   15.00000  11.8%   382 5649s
 32544 22185   15.63592 1185  240   17.00000   15.00000  11.8%   379 5674s
 32972 22699   15.65303 1238  241   17.00000   15.00000  11.8%   375 5703s
 33486 24029   15.66352 1266  243   17.00000   15.00000  11.8%   370 5734s
 34846 24617   15.71000 1453  243   17.00000   15.00000  11.8%   360 5769s
 35452 24869   15.75379 1629  236   17.00000   15.00000  11.8%   356 5797s
 35836 25069   15.76537 1684  234   17.00000   15.00000  11.8%   353 5829s
 36284 25368   15.77668 1743  236   17.00000   15.00000  11.8%   350 5862s
 36649 25471   15.79022 1839  235   17.00000   15.00000  11.8%   349 5892s
 36752 26176   15.79421 1865  238   17.00000   15.00000  11.8%   348 5927s
 37457 26528   15.81395 1992  238   17.00000   15.00000  11.8%   343 5976s
 37809 26940   15.82745 2062  239   17.00000   15.00000  11.8%   341 6010s
 38221 28082   15.84442 2143  233   17.00000   15.00000  11.8%   339 6046s
 39401 28619   15.90224 2423  229   17.00000   15.00000  11.8%   331 6081s
 39956 29528   15.93618 2603  230   17.00000   15.00000  11.8%   329 6116s
 40925 29646   15.99300 2961  232   17.00000   15.00000  11.8%   325 6148s
 41079 29966   15.26961   51  218   17.00000   15.00000  11.8%   325 6180s
 41421 30536   15.23188   65  224   17.00000   15.00000  11.8%   324 6213s
 42013 31208   15.34969  165  230   17.00000   15.00000  11.8%   321 6245s
 42727 31931   15.43577  263  217   17.00000   15.00000  11.8%   318 6279s
 43452 32565   15.88777  413  227   17.00000   15.00000  11.8%   314 6314s
 44088 33677   15.98574  521  219   17.00000   15.00000  11.8%   311 6349s
 45214 33789   15.00000   37  216   17.00000   15.00000  11.8%   306 6398s
 45326 35907   15.23934   51  221   17.00000   15.00000  11.8%   306 6703s
 48252 36322   15.93512  488  205   17.00000   15.00000  11.8%   303 6771s
 48847 36411   15.78268  109  198   17.00000   15.00000  11.8%   301 6837s
 48980 36798   15.14663   44  241   17.00000   15.00000  11.8%   301 6901s
 49377 37233   15.25955  196  244   17.00000   15.00000  11.8%   302 6968s
 49848 37521   15.38303  387  244   17.00000   15.00000  11.8%   303 7044s
 50186 38434   15.45876  499  239   17.00000   15.00000  11.8%   304 7118s
 51151 39704   15.69330  718  249   17.00000   15.00000  11.8%   303 7196s
 52473 40614   15.90802 1068  252   17.00000   15.00000  11.8%   299 7265s
 53445 41393   15.33605   55  224   17.00000   15.00000  11.8%   297 7334s
 54314 41959   15.00000   76  224   17.00000   15.00000  11.8%   295 7405s
 54914 42702   15.00000   87  229   17.00000   15.00000  11.8%   294 7491s
 55699 43385   15.00000  117  218   17.00000   15.00000  11.8%   294 7562s
 56460 44274   15.00000  145  224   17.00000   15.00000  11.8%   294 7632s
 57466 45281   15.00000  169  235   17.00000   15.00000  11.8%   293 7702s
 58515 45687   15.08050  236  266   17.00000   15.00000  11.8%   292 7770s
 59019 46469   15.12023  314  258   17.00000   15.00000  11.8%   292 7834s
 59843 46477   15.20340  415  267   17.00000   15.00000  11.8%   292 7923s
 59851 49653   15.20342  416  269   17.00000   15.00000  11.8%   292 8821s
 63715 50618   15.58417  899  253   17.00000   15.00000  11.8%   301 8959s
 64969 50735   16.00000 1036  191   17.00000   15.00000  11.8%   300 9078s
 65116 52593   16.00000 1049  208   17.00000   15.00000  11.8%   300 9193s
 67088 54176   16.00000 1234  202   17.00000   15.00000  11.8%   300 9285s
 68683 55092   16.00000 1357  229   17.00000   15.00000  11.8%   297 9371s
 69599 55965   16.00000 1442  231   17.00000   15.00000  11.8%   296 9450s
 70495 56963     cutoff 1476        17.00000   15.00000  11.8%   296 9530s
 71573 58194   15.00000   33  209   17.00000   15.00000  11.8%   295 9612s
 72804 58985   15.00000   52  209   17.00000   15.00000  11.8%   292 9688s
 73611 59856   15.00000   74  206   17.00000   15.00000  11.8%   290 9772s
 74482 60793   15.00000   97  214   17.00000   15.00000  11.8%   288 9838s
 75455 62316   15.03137  119  239   17.00000   15.00000  11.8%   286 9888s
 77114 63355   15.14112  218  239   17.00000   15.00000  11.8%   283 9921s
 78223 63519   15.16984  334  247   17.00000   15.00000  11.8%   281 9950s
 78387 64295   15.17502  364  250   17.00000   15.00000  11.8%   280 9982s
 79163 65066   15.21042  455  246   17.00000   15.00000  11.8%   278 10014s
 79948 65813   15.22731  493  248   17.00000   15.00000  11.8%   276 10050s
 80713 66333   15.25365  546  242   17.00000   15.00000  11.8%   275 10083s
 81233 67643   15.26746  594  250   17.00000   15.00000  11.8%   273 10120s
 82561 69000   15.27930  675  247   17.00000   15.00000  11.8%   270 10154s
 83918 69675   15.29933  760  243   17.00000   15.00000  11.8%   267 10185s
 84611 70197   15.31814  835  254   17.00000   15.00000  11.8%   265 10215s
 85133 70658   15.33685  901  247   17.00000   15.00000  11.8%   264 10247s
 85594 71251   15.34902  939  236   17.00000   15.00000  11.8%   264 10279s
 86207 71836   15.36006  983  255   17.00000   15.00000  11.8%   262 10312s
 86826 72161   15.36737 1014  252   17.00000   15.00000  11.8%   261 10345s
 87243 72740   15.36824 1016  262   17.00000   15.00000  11.8%   261 10379s
 88074 73235   15.38228 1074  252   17.00000   15.00000  11.8%   259 10412s
 88575 74006   15.38549 1101  256   17.00000   15.00000  11.8%   258 10445s
 89448 75972   15.40132 1156  263   17.00000   15.00000  11.8%   257 10504s
 91414 76087   15.42525 1284  241   17.00000   15.00000  11.8%   253 10528s
 91529 76109   15.42704 1299  252   17.00000   15.00000  11.8%   253 10560s
 91551 76415   15.42704 1300  252   17.00000   15.00000  11.8%   253 10595s
 91857 77208   15.43961 1419  249   17.00000   15.00000  11.8%   253 10626s
 92650 78262   15.45535 1493  239   17.00000   15.00000  11.8%   251 10658s
 93704 78930   15.47739 1551  256   17.00000   15.00000  11.8%   249 10688s
 94372 79992   15.48388 1586  259   17.00000   15.00000  11.8%   248 10720s
 95434 80469   15.49946 1649  261   17.00000   15.00000  11.8%   246 10750s
 95911 81670   15.50695 1676  256   17.00000   15.00000  11.8%   245 10783s
 97112 82425   15.52821 1703  259   17.00000   15.00000  11.8%   243 10813s
 97867 82808   15.53837 1776  252   17.00000   15.00000  11.8%   242 10844s
 98250 84257   15.54803 1798  248   17.00000   15.00000  11.8%   241 10875s
 99719 84318   15.57196 1924  241   17.00000   15.00000  11.8%   239 10905s
 99780 84422   15.57202 1925  248   17.00000   15.00000  11.8%   238 10941s
 99914 84565   15.57251 1926  245   17.00000   15.00000  11.8%   239 10984s
 100061 84667   15.57301 1927  244   17.00000   15.00000  11.8%   238 11036s
 100163 84747   15.57329 1928  243   17.00000   15.00000  11.8%   238 11073s
 100260 84793   15.57329 1929  243   17.00000   15.00000  11.8%   238 11121s
 100306 84852   15.57329 1930  245   17.00000   15.00000  11.8%   238 11153s
 100367 85064   15.57715 1944  242   17.00000   15.00000  11.8%   238 11190s
 100583 85214   15.66667 1988  223   17.00000   15.00000  11.8%   238 11227s
 100733 85656   15.66667 2007  225   17.00000   15.00000  11.8%   238 11261s
 101201 85979   15.66667 2031  214   17.00000   15.00000  11.8%   238 11297s
 101530 86068   15.66667 2060  240   17.00000   15.00000  11.8%   238 11331s
 101633 86139   15.66667 2086  236   17.00000   15.00000  11.8%   239 11373s
 101920 86286   16.00000 2114  206   17.00000   15.00000  11.8%   239 11409s
 102103 86732   16.00000 2129  205   17.00000   15.00000  11.8%   239 11448s
 102575 87065   16.00000 2154  199   17.00000   15.00000  11.8%   239 11490s
 102908 87667   16.00000 2183  197   17.00000   15.00000  11.8%   238 11530s
 103510 88352   16.00000 2219  209   17.00000   15.00000  11.8%   238 11570s
 104195 88456   16.00000 2263  215   17.00000   15.00000  11.8%   237 11628s
 104299 92302   16.00000 2276  212   17.00000   15.00000  11.8%   237 11944s
 108163 93170   15.43056  253  231   17.00000   15.00000  11.8%   234 11981s
 109031 93188   15.51116  347  231   17.00000   15.00000  11.8%   233 12015s
 109049 93698   15.51118  349  233   17.00000   15.00000  11.8%   233 12050s
 109579 93865   15.56737  423  232   17.00000   15.00000  11.8%   232 12095s
 109746 94868   15.56913  424  228   17.00000   15.00000  11.8%   232 12134s
 110749 96623   15.67430  576  223   17.00000   15.00000  11.8%   231 12174s
 112504 98328   15.81948  764  237   17.00000   15.00000  11.8%   228 12208s
 114245 98741   15.14044   43  216   17.00000   15.00000  11.8%   226 12235s
 114658 99920   15.20599   99  222   17.00000   15.00000  11.8%   226 12264s
 115855 100556   15.31164  238  223   17.00000   15.00000  11.8%   224 12292s
 116491 100622   15.33946  303  219   17.00000   15.00000  11.8%   223 12319s
 116557 101021   15.34053  304  221   17.00000   15.00000  11.8%   223 12348s
 116956 102002   15.35648  346  226   17.00000   15.00000  11.8%   223 12378s
 117955 102855   15.39417  416  217   17.00000   15.00000  11.8%   221 12407s
 118808 103812   15.45989  515  226   17.00000   15.00000  11.8%   220 12462s
 119830 104813   15.51442  634  229   17.00000   15.00000  11.8%   219 12507s
 120831 106034   15.59604  800  234   17.00000   15.00000  11.8%   218 12545s
 122052 106863   15.67824 1021  231   17.00000   15.00000  11.8%   217 12578s
 122881 106895   15.72719 1124  230   17.00000   15.00000  11.8%   216 12617s
 122913 107858   15.72967 1128  230   17.00000   15.00000  11.8%   216 12659s
 123890 109240   15.78168 1290  236   17.00000   15.00000  11.8%   215 12698s
 125304 110304   15.89241 1608  231   17.00000   15.00000  11.8%   214 12729s
 126440 110806   15.05093   68  221   17.00000   15.00000  11.8%   213 12756s
 126972 110997   15.95147  177  185   17.00000   15.00000  11.8%   213 12788s
 127189 111277   15.05974   34  252   17.00000   15.00000  11.8%   213 12824s
 127503 111394   15.11578  114  251   17.00000   15.00000  11.8%   213 12857s
 127772 111481   15.18530  171  254   17.00000   15.00000  11.8%   213 12891s
 127889 111518   15.20766  199  253   17.00000   15.00000  11.8%   213 12933s
 127928 111742   15.20767  200  252   17.00000   15.00000  11.8%   213 12969s
 128500 111913   15.22566  220  256   17.00000   15.00000  11.8%   213 13007s
 128783 112341   15.25182  250  260   17.00000   15.00000  11.8%   213 13043s
 129234 112864   15.27747  288  262   17.00000   15.00000  11.8%   213 13079s
 129771 113338   15.31882  360  250   17.00000   15.00000  11.8%   212 13118s
 130245 113689   15.33616  380  245   17.00000   15.00000  11.8%   212 13155s
 130596 113798   15.36123  411  239   17.00000   15.00000  11.8%   212 13191s
 130705 115028   15.36670  426  237   17.00000   15.00000  11.8%   211 13232s
 131935 115885   15.45055  522  257   17.00000   15.00000  11.8%   210 13271s
 132826 116627   15.51790  601  260   17.00000   15.00000  11.8%   210 13309s
 133608 117376   15.58137  670  258   17.00000   15.00000  11.8%   209 13364s
 134375 118669   15.63553  733  250   17.00000   15.00000  11.8%   209 13420s
 135678 119159   16.00000  911  211   17.00000   15.00000  11.8%   208 13463s
 136168 119980   16.00000  944  204   17.00000   15.00000  11.8%   207 13509s
 136989 120632   16.00000 1015  204   17.00000   15.00000  11.8%   207 13553s
 137659 121388   16.00000 1094  209   17.00000   15.00000  11.8%   207 13600s
 138431 122264   16.00000 1166  210   17.00000   15.00000  11.8%   207 13649s
 139317 123062   16.00000 1239  224   17.00000   15.00000  11.8%   206 13694s
 140117 124070   16.00000 1299  225   17.00000   15.00000  11.8%   206 13738s
 141151 124803   16.00000 1346  226   17.00000   15.00000  11.8%   206 13784s
 141922 125444     cutoff 1382        17.00000   15.00000  11.8%   205 13828s
 142725 126279   15.06493   65  246   17.00000   15.00000  11.8%   205 13871s
 143560 126746   15.17765  180  257   17.00000   15.00000  11.8%   205 13916s
 144027 128349   15.21848  220  254   17.00000   15.00000  11.8%   204 13965s
 145648 130045   15.30525  324  255   17.00000   15.00000  11.8%   203 14010s
 147344 130299   15.38584  499  244   17.00000   15.00000  11.8%   202 14047s
 147598 131087   15.39697  509  255   17.00000   15.00000  11.8%   201 14088s
 148408 132934   15.43717  572  255   17.00000   15.00000  11.8%   201 14140s
 150267 133093   15.57322  732  254   17.00000   15.00000  11.8%   199 14189s
 150426 133166   15.61895  797  245   17.00000   15.00000  11.8%   199 14219s
 150499 133307   15.63261  838  245   17.00000   15.00000  11.8%   199 14248s
 150640 133487   15.66841  888  249   17.00000   15.00000  11.8%   199 14281s
 150820 133701   15.67384  899  251   17.00000   15.00000  11.8%   199 14317s
 151034 134013   15.69489  919  244   17.00000   15.00000  11.8%   199 14357s
 151367 134077     cutoff  972        17.00000   15.00000  11.8%   199 14415s
 151441 134253   16.00000  990  212   17.00000   15.00000  11.8%   199 14466s
 151619 135034   16.00000 1061  216   17.00000   15.00000  11.8%   199 14518s
 152400 135993   16.00000 1140  220   17.00000   15.00000  11.8%   198 14570s
 153361 136914   16.00000 1220  213   17.00000   15.00000  11.8%   198 14626s
 154298 137240   16.00000 1290  204   17.00000   15.00000  11.8%   197 14677s
 154624 137442   16.00000 1333  220   17.00000   15.00000  11.8%   197 14726s
 154826 139497   16.00000 1334  215   17.00000   15.00000  11.8%   197 14781s
 156881 140374   16.00000 1387  209   17.00000   15.00000  11.8%   196 14825s
 157796 140516     cutoff 1395        17.00000   15.00000  11.8%   195 14867s
 157946 141393   15.28838   74  226   17.00000   15.00000  11.8%   195 14911s
 158823 142619   15.48174  163  224   17.00000   15.00000  11.8%   195 14954s
 160067 144183   15.63358  352  234   17.00000   15.00000  11.8%   194 14997s
 161649 145075   15.84831  625  236   17.00000   15.00000  11.8%   193 15037s
 162562 145673   15.00000   43  238   17.00000   15.00000  11.8%   192 15075s
 163162 145985   15.00000   58  221   17.00000   15.00000  11.8%   192 15133s
 163480 148873   15.00000   82  223   17.00000   15.00000  11.8%   192 15258s
 166420 149809   15.96885  563  212   17.00000   15.00000  11.8%   192 15296s
 167446 149894   15.38767   46  206   17.00000   15.00000  11.8%   191 15327s
 167557 150251   15.38767   48  207   17.00000   15.00000  11.8%   192 15361s
 168178 150553     cutoff  128        17.00000   15.00000  11.8%   192 15397s
 168646 151008     cutoff  196        17.00000   15.00000  11.8%   193 15435s
 169363 151329     cutoff  314        17.00000   15.00000  11.8%   193 15472s
 169790 151748   15.79396  111  205   17.00000   15.00000  11.8%   193 15510s
 170315 152078   15.58212   63  175   17.00000   15.00000  11.8%   194 15547s
 170809 152336   16.00000  112  149   17.00000   15.00000  11.8%   195 15585s
 171443 152828   15.38847   82  219   17.00000   15.00000  11.8%   195 15628s
 171991 153086   15.95552  227  195   17.00000   15.00000  11.8%   195 15684s
 172281 153224   15.97765  266  202   17.00000   15.00000  11.8%   195 15729s
 172559 153684   15.95595   91  187   17.00000   15.00000  11.8%   195 15771s
 173047 154190   15.07833   69  236   17.00000   15.00000  11.8%   195 15818s
 173575 154845   15.00000   32  219   17.00000   15.00000  11.8%   196 15863s
 174430 155289   15.00000   58  212   17.00000   15.00000  11.8%   196 15909s
 175098 155984   15.00000   77  206   17.00000   15.00000  11.8%   196 15955s
 175892 156461   15.00596   85  227   17.00000   15.00000  11.8%   195 16013s
 176387 157049   15.06686  156  235   17.00000   15.00000  11.8%   195 16064s
 177038 158167   15.57051  282  233   17.00000   15.00000  11.8%   195 16111s
 178156 159985   15.75039  427  241   17.00000   15.00000  11.8%   194 16166s
 179988 160140   15.97875  910  238   17.00000   15.00000  11.8%   193 16188s
 180159 160540   15.00000   30  200   17.00000   15.00000  11.8%   193 16214s
 180559 160967   15.00000   43  206   17.00000   15.00000  11.8%   193 16244s
 180986 161364   15.00000   51  223   17.00000   15.00000  11.8%   193 16276s
 181383 161730   15.00000   58  210   17.00000   15.00000  11.8%   193 16310s
 181749 162131   15.03631   64  240   17.00000   15.00000  11.8%   193 16347s
 182150 162282   15.08532  104  240   17.00000   15.00000  11.8%   193 16387s
 182301 163075   15.10889  128  244   17.00000   15.00000  11.8%   193 16431s
 183156 163936   15.24894  197  229   17.00000   15.00000  11.8%   193 16474s
 184107 164876   15.37316  279  247   17.00000   15.00000  11.8%   192 16513s
 185133 165394   15.45550  379  248   17.00000   15.00000  11.8%   192 16551s
 185651 165827   15.48851  463  253   17.00000   15.00000  11.8%   192 16589s
 186084 166604   15.52398  521  251   17.00000   15.00000  11.8%   192 16627s
 186861 167368   15.57401  599  254   17.00000   15.00000  11.8%   191 16669s
 187625 167926   15.63066  662  244   17.00000   15.00000  11.8%   191 16710s
 188213 167931   15.67101  740  249   17.00000   15.00000  11.8%   191 16784s
 188224 167996   15.67101  741  239   17.00000   15.00000  11.8%   191 16839s
 188289 168093   15.67114  742  244   17.00000   15.00000  11.8%   191 16934s
 188386 168151   15.67185  743  250   17.00000   15.00000  11.8%   191 17019s
 188444 168190   15.67185  744  248   17.00000   15.00000  11.8%   191 17143s
 188483 168288   15.67337  745  240   17.00000   15.00000  11.8%   191 17216s
 188581 168706   15.67496  746  243   17.00000   15.00000  11.8%   191 17266s
 189023 169293   15.68375  774  253   17.00000   15.00000  11.8%   191 17314s
 189610 169890   15.71833  886  251   17.00000   15.00000  11.8%   191 17360s
 190223 170413   15.77163  986  234   17.00000   15.00000  11.8%   191 17408s
 190762 170797   15.82875 1110  246   17.00000   15.00000  11.8%   191 17458s
 191146 171528   15.86257 1249  237   17.00000   15.00000  11.8%   191 17512s
 191879 172628   15.90738 1392  235   17.00000   15.00000  11.8%   191 17566s
 193013 173176   15.16861   59  243   17.00000   15.00000  11.8%   191 17620s
 193575 173715   15.37683  178  234   17.00000   15.00000  11.8%   191 17707s
 194114 174975   15.50040  264  241   17.00000   15.00000  11.8%   191 17803s
 195468 175877   15.72663  487  247   17.00000   15.00000  11.8%   191 17877s
 196370 176139   15.83148  646  233   17.00000   15.00000  11.8%   191 17946s
 196648 177027   15.85201  706  231   17.00000   15.00000  11.8%   192 18022s
 197586 177097   15.05490   31  213   17.00000   15.00000  11.8%   191 18091s
 197658 179262   15.10710   39  223   17.00000   15.00000  11.8%   192 18166s
 199833 180241   16.00000  164  164   17.00000   15.00000  11.8%   191 18220s
 200848 181080   16.00000  100  151   17.00000   15.00000  11.8%   191 18273s
 201739 181653   16.00000  190  171   17.00000   15.00000  11.8%   191 18326s
 202370 182113   16.00000  238  170   17.00000   15.00000  11.8%   192 18381s
 202848 183725   15.24963   65  182   17.00000   15.00000  11.8%   192 18435s
 204958 183991     cutoff  108        17.00000   15.00000  11.8%   191 18483s
 205276 185336   15.06167   40  238   17.00000   15.00000  11.8%   191 18534s
 206759 186172   15.06992   45  214   17.00000   15.00000  11.8%   190 18579s
 207723 186958   15.06452   30  230   17.00000   15.00000  11.8%   190 18633s
 208519 188040   15.22667  144  228   17.00000   15.00000  11.8%   190 18686s
 209601 189260   15.35524  326  236   17.00000   15.00000  11.8%   190 18730s
 210877 189752   15.48938  553  235   17.00000   15.00000  11.8%   189 18767s
 211435 190599   15.58273  656  226   17.00000   15.00000  11.8%   189 18806s
 212334 191487   16.00000  715  174   17.00000   15.00000  11.8%   189 18843s
 213282 191686   16.00000  782  158   17.00000   15.00000  11.8%   189 18886s
 213523 192070   16.00000  821  189   17.00000   15.00000  11.8%   189 18925s
 213931 193024   16.00000  833  186   17.00000   15.00000  11.8%   189 18966s
 214915 194595   16.00000  909  188   17.00000   15.00000  11.8%   189 19006s
 216536 195169   16.00000  975  182   17.00000   15.00000  11.8%   188 19042s
 217143 195703   16.00000 1034  193   17.00000   15.00000  11.8%   188 19082s
 217693 196307   16.00000 1096  171   17.00000   15.00000  11.8%   188 19118s
 218297 197053   16.00000 1147  181   17.00000   15.00000  11.8%   188 19155s
 219061 197803   16.00000 1183  208   17.00000   15.00000  11.8%   188 19193s
 219811 198344   16.00000 1246  198   17.00000   15.00000  11.8%   187 19231s
 220366 198703   16.00000 1309  197   17.00000   15.00000  11.8%   187 19269s
 220725 200214   16.00000 1365  202   17.00000   15.00000  11.8%   187 19313s
 222252 200956   16.00000 1433  200   17.00000   15.00000  11.8%   187 19369s
 223096 202350   16.00000 1513  208   17.00000   15.00000  11.8%   187 19416s
 224553 202595   16.00000 1585  183   17.00000   15.00000  11.8%   186 19451s
 224798 203203   16.00000 1628  193   17.00000   15.00000  11.8%   186 19489s
 225406 203685   16.00000 1684  199   17.00000   15.00000  11.8%   186 19530s
 225888 204328   16.00000 1744  209   17.00000   15.00000  11.8%   186 19574s
 226531 205083   16.00000 1809  200   17.00000   15.00000  11.8%   186 19620s
 227286 205440   16.00000 1868  201   17.00000   15.00000  11.8%   186 19667s
 227643 206118   16.00000 1905  192   17.00000   15.00000  11.8%   186 19716s
 228321 207861   16.00000 1920  190   17.00000   15.00000  11.8%   186 19762s
 230084 208717   16.00000 1991  198   17.00000   15.00000  11.8%   185 19802s
 230968 210195   16.00000 2052  197   17.00000   15.00000  11.8%   185 19848s
 232538 210981   16.00000 2108  194   17.00000   15.00000  11.8%   184 19885s
 233324 211698   16.00000 2160  189   17.00000   15.00000  11.8%   184 19923s
 234041 212492   16.00000 2211  203   17.00000   15.00000  11.8%   184 19959s
 234853 213147   16.00000 2255  209   17.00000   15.00000  11.8%   183 19997s
 235520 213417   16.00000 2299  212   17.00000   15.00000  11.8%   183 20035s
 235824 214409   16.00000 2346  201   17.00000   15.00000  11.8%   183 20075s
 236816 216509   16.00000 2383  211   17.00000   15.00000  11.8%   183 20129s
 238934 216694   16.00000 2452  202   17.00000   15.00000  11.8%   182 20149s
 239119 217094   16.00000 2463  201   17.00000   15.00000  11.8%   182 20171s
 239529 217424   16.00000 2490  204   17.00000   15.00000  11.8%   183 20195s
 239883 217688   16.00000 2519  209   17.00000   15.00000  11.8%   183 20222s
 240147 217974   16.00000 2549  211   17.00000   15.00000  11.8%   183 20251s
 240451 218429   16.00000 2583  207   17.00000   15.00000  11.8%   183 20284s
 240906 218929   16.00000 2621  214   17.00000   15.00000  11.8%   183 20318s
 241406 219563   16.00000 2633  218   17.00000   15.00000  11.8%   183 20355s
 242040 220744   16.00000 2669  198   17.00000   15.00000  11.8%   182 20390s
 243239 220895   16.00000 2711  205   17.00000   15.00000  11.8%   182 20439s
 243390 221273   16.00000 2712  216   17.00000   15.00000  11.8%   182 20480s
 243768 221406   16.00000 2713  215   17.00000   15.00000  11.8%   182 20524s
 243901 221530   16.00000 2739  210   17.00000   15.00000  11.8%   182 20566s
 244025 222322   16.00000 2740  207   17.00000   15.00000  11.8%   182 20605s
 244835 223007   16.00000 2754  211   17.00000   15.00000  11.8%   181 20649s
 245520 223361   16.00000 2796  215   17.00000   15.00000  11.8%   181 20689s
 245880 223815   16.00000 2820  210   17.00000   15.00000  11.8%   181 20736s
 246344 224455   16.00000 2854  215   17.00000   15.00000  11.8%   181 20780s
 247008 225221   16.00000 2895  215   17.00000   15.00000  11.8%   181 20824s
 247796 226065   16.00000 2933  219   17.00000   15.00000  11.8%   181 20868s
 248644 226506   16.00000 2973  220   17.00000   15.00000  11.8%   181 20919s
 249099 227204   16.00000 3012  222   17.00000   15.00000  11.8%   181 20966s
 249797 228155   16.00000 3052  216   17.00000   15.00000  11.8%   181 21012s
 250784 229717   16.00000 3065  214   17.00000   15.00000  11.8%   180 21057s
 252815 231209   16.00000 3102  220   17.00000   15.00000  11.8%   180 21112s
 254755 231540   16.00000 3145  225   17.00000   15.00000  11.8%   180 21135s
 255162 231835   16.00000 3158  228   17.00000   15.00000  11.8%   180 21159s
 255545 232115   16.00000 3175  227   17.00000   15.00000  11.8%   179 21188s
 256015 232226   16.00000 3192  223   17.00000   15.00000  11.8%   179 21239s
 256263 233369   16.00000 3210  222   17.00000   15.00000  11.8%   179 21273s
 257522 234719   16.00000 3231  225   17.00000   15.00000  11.8%   179 21304s
 258872 236189   16.00000 3251  226   17.00000   15.00000  11.8%   178 21333s
 260342 236714   16.00000 3269  221   17.00000   15.00000  11.8%   178 21357s
 260867 237880   16.00000 3279  214   17.00000   15.00000  11.8%   177 21383s
 262051 238585   16.00000 3294  229   17.00000   15.00000  11.8%   177 21406s
 262756 239618   16.00000 3306  221   17.00000   15.00000  11.8%   177 21431s
 263807 240152   16.00000 3317  225   17.00000   15.00000  11.8%   176 21454s
 264341 240455   16.00000 3333  226   17.00000   15.00000  11.8%   176 21478s
 264662 241064   16.00000 3340  231   17.00000   15.00000  11.8%   176 21502s
 265319 241509     cutoff 3347        17.00000   15.00000  11.8%   176 21529s
 265874 241785     cutoff 3351        17.00000   15.00000  11.8%   176 21562s
 266176 242886   15.19574   38  173   17.00000   15.00000  11.8%   176 21589s
 267555 245185   16.00000   79  134   17.00000   15.00000  11.8%   175 21641s
 270139 245282   16.00000   86  154   17.00000   15.00000  11.8%   174 21656s
 270244 245330   16.00000  111  160   17.00000   15.00000  11.8%   175 21672s
 270392 245408   15.00000   41  202   17.00000   15.00000  11.8%   175 21690s
 270549 245821   15.00000   42  205   17.00000   15.00000  11.8%   175 21710s
 271004 246099   15.00000   53  207   17.00000   15.00000  11.8%   175 21732s
 271300 246212   15.00000   58  208   17.00000   15.00000  11.8%   175 21758s
 271423 246438   15.01849   67  232   17.00000   15.00000  11.8%   175 21782s
 271691 246929   15.04837   90  234   17.00000   15.00000  11.8%   175 21815s
 272239 247740   15.07428  147  242   17.00000   15.00000  11.8%   175 21843s
 273096 248757   15.10406  246  245   17.00000   15.00000  11.8%   174 21871s
 274129 249150   15.14345  301  252   17.00000   15.00000  11.8%   174 21898s
 274540 249511   15.20525  339  254   17.00000   15.00000  11.8%   174 21925s
 274901 250112   15.23871  363  252   17.00000   15.00000  11.8%   174 21954s
 275502 251427   15.26592  423  239   17.00000   15.00000  11.8%   174 21986s
 276850 251831   15.30035  540  249   17.00000   15.00000  11.8%   173 22013s
 277264 251849   15.31408  555  247   17.00000   15.00000  11.8%   173 22069s
 277294 251917   15.31408  556  252   17.00000   15.00000  11.8%   173 22149s
 277370 252055   15.31424  557  252   17.00000   15.00000  11.8%   173 22204s
 277508 252074   15.31424  558  252   17.00000   15.00000  11.8%   173 22264s
 277529 252443   15.31424  559  252   17.00000   15.00000  11.8%   173 22297s
 277898 252606   15.31672  560  256   17.00000   15.00000  11.8%   173 22393s
 278063 252953   15.31731  561  255   17.00000   15.00000  11.8%   173 22444s
 278424 253562   15.31743  562  252   17.00000   15.00000  11.8%   173 22484s
 279087 253963   15.31760  563  250   17.00000   15.00000  11.8%   172 22516s
 279488 254621   15.32466  594  245   17.00000   15.00000  11.8%   172 22549s
 280184 255283   15.36489  665  255   17.00000   15.00000  11.8%   172 22581s
 280846 256067   15.39137  719  246   17.00000   15.00000  11.8%   172 22616s
 281630 256848   15.42200  790  244   17.00000   15.00000  11.8%   172 22650s
 282427 257894   15.46473  853  241   17.00000   15.00000  11.8%   171 22704s
 283477 258761   15.51940  992  238   17.00000   15.00000  11.8%   171 22743s
 284357 259093   15.56619 1100  232   17.00000   15.00000  11.8%   171 22780s
 284695 259777   15.60677 1144  240   17.00000   15.00000  11.8%   171 22823s
 285447 260649   15.62600 1246  224   17.00000   15.00000  11.8%   171 22867s
 286513 261303   15.65288 1372  229   17.00000   15.00000  11.8%   171 22907s
 287185 262165   15.71231 1499  237   17.00000   15.00000  11.8%   171 22948s
 288061 263349   15.74945 1565  246   17.00000   15.00000  11.8%   170 22986s
 289267 264199   15.79932 1734  245   17.00000   15.00000  11.8%   170 23024s
 290132 264811   15.88055 1908  226   17.00000   15.00000  11.8%   170 23062s
 290754 266022   15.95168 2077  251   17.00000   15.00000  11.8%   170 23100s
 291999 266712     cutoff  107        17.00000   15.00000  11.8%   170 23136s
 292711 266999   15.25647   99  239   17.00000   15.00000  11.8%   170 23171s
 292998 267676   15.27154  139  239   17.00000   15.00000  11.8%   170 23212s
 293675 268314   15.35581  232  232   17.00000   15.00000  11.8%   170 23250s
 294326 269671   15.44375  343  243   17.00000   15.00000  11.8%   170 23292s
 295713 270342   15.60137  518  238   17.00000   15.00000  11.8%   169 23329s
 296398 270807   15.67984  611  243   17.00000   15.00000  11.8%   170 23367s
 296877 271439   15.74038  711  231   17.00000   15.00000  11.8%   170 23422s
 298047 271837   15.81165  853  244   17.00000   15.00000  11.8%   170 23458s
 298557 272190   15.84323  916  246   17.00000   15.00000  11.8%   170 23497s
 298910 273214   15.92903 1026  233   17.00000   15.00000  11.8%   170 23542s
 299969 274423   15.18074   60  234   17.00000   15.00000  11.8%   170 23581s
 301178 275093   15.43057  196  246   17.00000   15.00000  11.8%   169 23617s
 301848 275844   15.51060  295  256   17.00000   15.00000  11.8%   169 23654s
 302599 277299   15.57327  413  244   17.00000   15.00000  11.8%   169 23697s
 304092 277750   15.70196  521  254   17.00000   15.00000  11.8%   169 23731s
 304557 279064   15.80567  577  248   17.00000   15.00000  11.8%   169 23768s
 305887 279512   15.11160   51  223   17.00000   15.00000  11.8%   168 23800s
 306335 280178   15.21561  107  218   17.00000   15.00000  11.8%   168 23834s
 307017 280767   16.00000  178  158   17.00000   15.00000  11.8%   168 23868s
 307626 281728     cutoff  238        17.00000   15.00000  11.8%   168 23901s
 308619 282108   15.24115   76  225   17.00000   15.00000  11.8%   168 23936s
 309009 282187   15.27603  129  220   17.00000   15.00000  11.8%   168 23970s
 309092 282577   15.27742  130  221   17.00000   15.00000  11.8%   168 24006s
 309488 284048   15.34394  229  218   17.00000   15.00000  11.8%   168 24042s
 310981 285506   15.42654  361  230   17.00000   15.00000  11.8%   167 24076s
 312463 287831   15.54608  506  229   17.00000   15.00000  11.8%   167 24133s
 314858 287918   15.65510  859  224   17.00000   15.00000  11.8%   166 24151s
 314945 288007   15.65935  868  220   17.00000   15.00000  11.8%   166 24169s
 315034 288564   15.67724  892  227   17.00000   15.00000  11.8%   166 24188s
 315591 288976   15.71343  960  227   17.00000   15.00000  11.8%   166 24208s
 316003 289737   15.72866 1012  222   17.00000   15.00000  11.8%   166 24230s
 316764 290143   16.00000 1060  194   17.00000   15.00000  11.8%   166 24253s
 317170 290787   16.00000 1101  182   17.00000   15.00000  11.8%   166 24277s
 317829 291156   16.00000 1145  178   17.00000   15.00000  11.8%   166 24302s
 318198 292078   16.00000 1188  184   17.00000   15.00000  11.8%   166 24328s
 319120 292437   16.00000 1232  179   17.00000   15.00000  11.8%   165 24354s
 319479 292735   16.00000 1277  187   17.00000   15.00000  11.8%   165 24380s
 319777 294088   16.00000 1301  192   17.00000   15.00000  11.8%   165 24411s
 321130 294621   16.00000 1351  188   17.00000   15.00000  11.8%   165 24437s
 321663 295389   16.00000 1396  183   17.00000   15.00000  11.8%   165 24466s
 322447 296707   16.00000 1442  193   17.00000   15.00000  11.8%   165 24494s
 323802 297303   16.00000 1484  196   17.00000   15.00000  11.8%   164 24521s
 324418 297908   16.00000 1523  186   17.00000   15.00000  11.8%   164 24548s
 325040 298368   16.00000 1551  179   17.00000   15.00000  11.8%   164 24574s
 325570 298492   16.00000 1590  187   17.00000   15.00000  11.8%   164 24641s
 325860 298610   16.00000 1591  181   17.00000   15.00000  11.8%   164 24679s
 325996 298672   16.00000 1592  187   17.00000   15.00000  11.8%   164 24713s
 326062 298834   16.00000 1593  184   17.00000   15.00000  11.8%   164 24746s
 326228 298973   16.00000 1594  178   17.00000   15.00000  11.8%   164 24825s
 326379 299064   16.00000 1595  198   17.00000   15.00000  11.8%   164 24874s
 326470 299262   16.00000 1596  192   17.00000   15.00000  11.8%   164 24911s
 326668 299503   16.00000 1599  192   17.00000   15.00000  11.8%   164 24946s
 326909 299756   16.00000 1650  192   17.00000   15.00000  11.8%   164 25006s
 327162 301430   16.00000 1695  200   17.00000   15.00000  11.8%   164 25161s
 328850 304141   16.00000 1882  198   17.00000   15.00000  11.8%   164 25247s
 331691 304178   16.00000 1942  180   17.00000   15.00000  11.8%   163 25284s
 331732 304731   16.00000 1949  196   17.00000   15.00000  11.8%   163 25322s
 332341 305629   16.00000 1996  196   17.00000   15.00000  11.8%   163 25362s
 333793 306269   16.00000 2051  202   17.00000   15.00000  11.8%   163 25397s
 334670 307024   16.00000 2100  207   17.00000   15.00000  11.8%   163 25434s
 335458 307763   16.00000 2138  186   17.00000   15.00000  11.8%   163 25470s
 336235 308404   16.00000 2185  194   17.00000   15.00000  11.8%   163 25503s
 336920 308785   16.00000 2230  193   17.00000   15.00000  11.8%   163 25537s
 337311 309402   16.00000 2271  205   17.00000   15.00000  11.8%   163 25573s
 337968 309664   16.00000 2306  206   17.00000   15.00000  11.8%   164 25608s
 338252 310581   16.00000 2328  202   17.00000   15.00000  11.8%   164 25644s
 339221 311374   16.00000 2362  200   17.00000   15.00000  11.8%   164 25683s
 340106 311536   16.00000 2408  195   17.00000   15.00000  11.8%   164 25721s
 340274 311627   16.00000 2430  203   17.00000   15.00000  11.8%   164 25763s
 340365 312863   16.00000 2431  203   17.00000   15.00000  11.8%   164 25801s
 341601 314704   16.00000 2471  214   17.00000   15.00000  11.8%   164 25849s
 343480 315248   16.00000 2524  219   17.00000   15.00000  11.8%   164 25871s
 344057 315272   16.00000 2537  211   17.00000   15.00000  11.8%   164 25892s
 344081 315501   16.00000 2539  217   17.00000   15.00000  11.8%   164 25913s
 344318 315837   16.00000 2564  207   17.00000   15.00000  11.8%   164 25936s
 344660 316269   16.00000 2586  209   17.00000   15.00000  11.8%   164 25969s
 345112 316531   16.00000 2608  213   17.00000   15.00000  11.8%   164 25998s
 345394 317019   16.00000 2632  216   17.00000   15.00000  11.8%   164 26028s
 345882 317543   16.00000 2658  222   17.00000   15.00000  11.8%   164 26061s
 346406 318178   16.00000 2685  225   17.00000   15.00000  11.8%   164 26095s
 347041 318729   16.00000 2710  224   17.00000   15.00000  11.8%   164 26130s
 347612 320135   15.10093   29  218   17.00000   15.00000  11.8%   164 26170s
 349066 320585   15.81819   54  183   17.00000   15.00000  11.8%   164 26203s
 349708 321210     cutoff  119        17.00000   15.00000  11.8%   164 26238s
 350529 321570   15.36456   40  216   17.00000   15.00000  11.8%   164 26272s
 350907 321696   16.00000   67  180   17.00000   15.00000  11.8%   164 26308s
 351055 321938   16.00000   79  183   17.00000   15.00000  11.8%   164 26344s
 351327 322290   15.00000   40  209   17.00000   15.00000  11.8%   164 26381s
 351687 322574   15.00000   54  215   17.00000   15.00000  11.8%   164 26419s
 351981 323057   15.00000   66  217   17.00000   15.00000  11.8%   165 26456s
 352464 323628   15.00000   86  212   17.00000   15.00000  11.8%   165 26497s
 353035 324226   15.00000   99  214   17.00000   15.00000  11.8%   165 26539s
 353661 324670   15.00000  117  220   17.00000   15.00000  11.8%   165 26579s
 354105 325256   15.00000  128  212   17.00000   15.00000  11.8%   165 26620s
 354691 325270   15.00000  146  219   17.00000   15.00000  11.8%   165 26690s
 354705 325306   15.00000  147  213   17.00000   15.00000  11.8%   165 26744s
 354741 325373   15.00000  148  220   17.00000   15.00000  11.8%   165 26808s
 354808 325411   15.00000  149  221   17.00000   15.00000  11.8%   165 26870s
 354846 325523   15.00000  150  214   17.00000   15.00000  11.8%   165 26921s
 354958 325552   15.00000  151  221   17.00000   15.00000  11.8%   165 26992s
 354987 325995   15.00000  152  216   17.00000   15.00000  11.8%   165 27069s
 355430 326335   15.00000  153  214   17.00000   15.00000  11.8%   165 27121s
 355770 326813   15.00000  163  217   17.00000   15.00000  11.8%   165 27171s
 356248 327183   15.00000  180  216   17.00000   15.00000  11.8%   165 27233s
 356618 328599   15.01471  218  232   17.00000   15.00000  11.8%   165 27357s
 358054 330058   15.11359  439  241   17.00000   15.00000  11.8%   165 27434s
 359513 331223   15.15293  514  250   17.00000   15.00000  11.8%   165 27490s
 360696 331723   15.17505  585  248   17.00000   15.00000  11.8%   164 27545s
 361196 331855   15.18951  651  240   17.00000   15.00000  11.8%   164 27600s
 361328 333832   15.20077  697  250   17.00000   15.00000  11.8%   164 27654s
 363366 335109   15.26016  898  245   17.00000   15.00000  11.8%   164 27695s
 364657 335453   15.29659 1054  243   17.00000   15.00000  11.8%   164 27743s
 365001 335503   15.30436 1100  237   17.00000   15.00000  11.8%   164 27784s
 365051 336320   15.30436 1101  237   17.00000   15.00000  11.8%   164 27825s
 365868 337408   15.30436 1102  237   17.00000   15.00000  11.8%   164 27868s
 366958 339180   15.32688 1185  248   17.00000   15.00000  11.8%   163 27910s
 368740 340550   15.37038 1370  249   17.00000   15.00000  11.8%   163 27945s
 370153 341162   15.39900 1470  246   17.00000   15.00000  11.8%   163 27977s
 371005 342363   15.42337 1605  243   17.00000   15.00000  11.8%   163 28028s
 372255 342657   15.46721 1801  241   17.00000   15.00000  11.8%   163 28061s
 372549 342783   15.47536 1837  243   17.00000   15.00000  11.8%   163 28108s
 372693 342791   15.47723 1855  241   17.00000   15.00000  11.8%   163 28162s
 372701 344101   15.47723 1856  242   17.00000   15.00000  11.8%   163 28209s
 374027 345405   15.51844 2056  246   17.00000   15.00000  11.8%   163 28244s
 375142 345405   15.02919   36  245   17.00000   15.00000  11.8%   162 28245s
 375347 345642   15.54051 2196  239   17.00000   15.00000  11.8%   162 28275s
 375584 347002   15.54895 2250  249   17.00000   15.00000  11.8%   162 28313s
 377028 347948   15.58183 2432  242   17.00000   15.00000  11.8%   162 28349s
 377992 348888   15.60992 2589  244   17.00000   15.00000  11.8%   162 28379s
 378942 349682   15.63500 2726  247   17.00000   15.00000  11.8%   162 28406s
 379760 350301   15.65667 2883  245   17.00000   15.00000  11.8%   162 28434s
 380381 350605   15.67343 2980  238   17.00000   15.00000  11.8%   162 28468s
 380699 350703   15.68831 3030  238   17.00000   15.00000  11.8%   162 28505s
 380799 351285   15.68831 3031  237   17.00000   15.00000  11.8%   162 28542s
 381395 352362   15.68831 3032  237   17.00000   15.00000  11.8%   162 28573s
 382488 353498   15.72194 3230  248   17.00000   15.00000  11.8%   162 28603s
 383634 354290   15.77343 3440  247   17.00000   15.00000  11.8%   161 28634s
 384456 355031   15.79446 3558  240   17.00000   15.00000  11.8%   161 28665s
 385213 355590   15.86126 3834  240   17.00000   15.00000  11.8%   161 28698s
 385776 356170   15.89751 3933  241   17.00000   15.00000  11.8%   161 28749s
 386386 357545   16.00000 4058  211   17.00000   15.00000  11.8%   161 28813s
 387938 358191   16.00000 4165  228   17.00000   15.00000  11.8%   161 28853s
 388654 358519     cutoff 4179        17.00000   15.00000  11.8%   162 28893s
 388984 359304   16.00000   51  162   17.00000   15.00000  11.8%   162 28938s
 389919 360041   15.69993  122  185   17.00000   15.00000  11.8%   162 28982s
 390970 361034   15.95648  281  189   17.00000   15.00000  11.8%   162 29024s
 391987 362170   15.33659  232  225   17.00000   15.00000  11.8%   161 29065s
 393141 362364   16.00000  297  175   17.00000   15.00000  11.8%   161 29106s
 393335 363396   16.00000  350  180   17.00000   15.00000  11.8%   161 29148s
 394367 364208   16.00000  403  185   17.00000   15.00000  11.8%   161 29189s
 395197 364783   16.00000  454  194   17.00000   15.00000  11.8%   161 29228s
 395780 365020   16.00000  498  196   17.00000   15.00000  11.8%   162 29266s
 396025 365438   16.00000  521  203   17.00000   15.00000  11.8%   162 29308s
 396467 365988   15.18985   55  217   17.00000   15.00000  11.8%   162 29350s
 397017 366503   15.23737  129  221   17.00000   15.00000  11.8%   162 29392s
 397550 367148   15.27859  205  226   17.00000   15.00000  11.8%   162 29436s
 398195 367843   15.32185  295  221   17.00000   15.00000  11.8%   162 29479s
 398926 368352   15.35476  401  212   17.00000   15.00000  11.8%   162 29523s
 399811 368814   15.38753  514  221   17.00000   15.00000  11.8%   162 29568s
 400503 369224   15.41854  639  222   17.00000   15.00000  11.8%   162 29618s
 401125 370016   15.42447  671  225   17.00000   15.00000  11.8%   162 29687s
 402129 370703   15.46764  840  224   17.00000   15.00000  11.8%   162 29772s
 402848 371359   15.49496 1012  224   17.00000   15.00000  11.8%   162 29892s
 403620 371592   15.52507 1204  220   17.00000   15.00000  11.8%   162 29988s
 403927 372024   15.53593 1260  227   17.00000   15.00000  11.8%   162 30068s
 404359 372508   15.55429 1356  230   17.00000   15.00000  11.8%   162 30149s
 404843 373412   15.56097 1395  227   17.00000   15.00000  11.8%   162 30239s
 405759 373617   15.58356 1558  228   17.00000   15.00000  11.8%   162 30318s
 405964 375835   15.58429 1560  228   17.00000   15.00000  11.8%   162 30395s
 408211 377136   15.64702 1996  220   17.00000   15.00000  11.8%   162 30460s
 409554 378227   15.67632 2164  222   17.00000   15.00000  11.8%   162 30514s
 410676 379220   15.70302 2343  223   17.00000   15.00000  11.8%   162 30571s
 411669 380824   15.72846 2554  225   17.00000   15.00000  11.8%   162 30623s
 413291 381890   15.78573 3012  220   17.00000   15.00000  11.8%   161 30672s
 414369 383091   15.80931 3237  206   17.00000   15.00000  11.8%   161 30721s
 415578 385474   15.85130 3674  212   17.00000   15.00000  11.8%   161 30775s
 418039 385587   15.91235 4157  213   17.00000   15.00000  11.8%   161 30806s
 418168 385603   15.91885 4209  220   17.00000   15.00000  11.8%   161 30825s
 418184 385898   15.91960 4213  223   17.00000   15.00000  11.8%   161 30844s
 418483 386265   15.93861 4360  216   17.00000   15.00000  11.8%   161 30865s
 418894 386634   15.95154 4485  214   17.00000   15.00000  11.8%   161 30888s
 419314 386881   15.97201 4633  213   17.00000   15.00000  11.8%   161 30912s
 419599 387079   15.98862 4752  211   17.00000   15.00000  11.8%   161 30938s
 419885 387429   15.99032 4783  217   17.00000   15.00000  11.8%   161 30964s
 420369 387802   15.16650   54  221   17.00000   15.00000  11.8%   161 30991s
 420758 388111   15.20961   88  222   17.00000   15.00000  11.8%   161 31020s
 421067 388662   15.23144  131  224   17.00000   15.00000  11.8%   161 31050s
 421618 389154   15.30097  207  223   17.00000   15.00000  11.8%   161 31086s
 422110 389673   15.33385  253  228   17.00000   15.00000  11.8%   161 31120s
 422629 390781   15.36190  336  228   17.00000   15.00000  11.8%   161 31154s
 423751 391461   15.41858  507  226   17.00000   15.00000  11.8%   161 31189s
 424452 391829   15.44312  579  231   17.00000   15.00000  11.8%   160 31222s
 424828 392217   15.47607  653  232   17.00000   15.00000  11.8%   161 31258s
 425216 392764   15.48667  690  234   17.00000   15.00000  11.8%   160 31294s
 425763 394038   15.52211  784  230   17.00000   15.00000  11.8%   160 31332s
 427057 394851   15.57184  972  230   17.00000   15.00000  11.8%   160 31367s
 427905 395937   15.60257 1074  231   17.00000   15.00000  11.8%   160 31400s
 429015 396493   15.66484 1270  228   17.00000   15.00000  11.8%   160 31434s
 429579 396509   15.68759 1361  232   17.00000   15.00000  11.8%   160 31473s
 429595 396598   15.68840 1363  234   17.00000   15.00000  11.8%   160 31507s
 429686 397854   15.69167 1385  234   17.00000   15.00000  11.8%   160 31543s
 431002 400056   15.74382 1602  232   17.00000   15.00000  11.8%   159 31597s
 433293 400449   15.86029 2057  224   17.00000   15.00000  11.8%   159 31616s
 433702 401015   15.89030 2237  230   17.00000   15.00000  11.8%   159 31637s
 434272 401545   15.94906 2466  227   17.00000   15.00000  11.8%   159 31658s
 434832 401683   15.06809   44  235   17.00000   15.00000  11.8%   159 31679s
 435168 401808   15.56180   48  179   17.00000   15.00000  11.8%   159 31702s
 435417 402059   15.19532   34  202   17.00000   15.00000  11.8%   159 31729s
 435752 402373   15.94270   92  171   17.00000   15.00000  11.8%   159 31757s
 436066 403145   15.94454   93  169   17.00000   15.00000  11.8%   159 31784s
 436868 403403   15.00000   39  218   17.00000   15.00000  11.8%   159 31812s
 437126 403593   15.00000   47  226   17.00000   15.00000  11.8%   159 31841s
 437316 403809   15.00000   53  226   17.00000   15.00000  11.8%   159 31881s
 437532 403848   15.00000   65  237   17.00000   15.00000  11.8%   159 31935s
 437571 403914   15.00000   76  232   17.00000   15.00000  11.8%   159 31986s
 437637 403957   15.00000   96  230   17.00000   15.00000  11.8%   159 32025s
 437724 403980   15.00000  107  237   17.00000   15.00000  11.8%   159 32066s
 437783 404030   15.00000  113  233   17.00000   15.00000  11.8%   159 32107s
 438107 404133   15.00000  131  235   17.00000   15.00000  11.8%   159 32158s
 438210 404366   15.00000  155  230   17.00000   15.00000  11.8%   159 32197s
 438443 404458   15.00000  178  236   17.00000   15.00000  11.8%   159 32235s
 438535 404977   15.00000  191  232   17.00000   15.00000  11.8%   159 32274s
 439054 405539   15.00000  211  241   17.00000   15.00000  11.8%   159 32313s
 439616 405979   15.00000  233  242   17.00000   15.00000  11.8%   159 32354s
 440056 406482   15.00000  255  230   17.00000   15.00000  11.8%   159 32397s
 440559 407019   15.00000  271  236   17.00000   15.00000  11.8%   159 32442s
 441096 407744   15.00000  282  233   17.00000   15.00000  11.8%   159 32488s
 441821 408338   15.00000  295  245   17.00000   15.00000  11.8%   159 32532s
 442433 408842   15.00000  307  236   17.00000   15.00000  11.8%   159 32577s
 442937 409555   15.00000  317  238   17.00000   15.00000  11.8%   159 32624s
 443650 409769   15.00000  333  235   17.00000   15.00000  11.8%   159 32671s
 443864 410345   15.00000  351  246   17.00000   15.00000  11.8%   159 32721s
 444450 410920   15.00000  371  241   17.00000   15.00000  11.8%   159 32773s
 445033 411484   15.00000  384  249   17.00000   15.00000  11.8%   159 32823s
 445599 412380   15.00000  395  248   17.00000   15.00000  11.8%   159 32877s
 446531 413746   15.00000  404  250   17.00000   15.00000  11.8%   159 32920s
 447953 414571   15.00523  411  266   17.00000   15.00000  11.8%   159 32954s
 448828 415245   15.04656  506  259   17.00000   15.00000  11.8%   159 32986s
 449562 415504   15.05766  536  260   17.00000   15.00000  11.8%   159 33016s
 449821 416058   15.06128  574  259   17.00000   15.00000  11.8%   159 33051s
 450375 416506   15.08816  644  266   17.00000   15.00000  11.8%   159 33084s
 450849 417528   15.10502  668  262   17.00000   15.00000  11.8%   159 33121s
 451905 418195   15.16131  775  273   17.00000   15.00000  11.8%   159 33156s
 452610 418636   15.18633  805  268   17.00000   15.00000  11.8%   159 33191s
 453065 420073   15.18984  840  266   17.00000   15.00000  11.8%   159 33232s
 454506 420452   15.23240  913  259   17.00000   15.00000  11.8%   159 33265s
 454919 421018   15.23497  962  266   17.00000   15.00000  11.8%   159 33301s
 455519 422088   15.26193 1036  253   17.00000   15.00000  11.8%   158 33336s
 456691 422594   15.29785 1130  265   17.00000   15.00000  11.8%   158 33370s
 457217 422966   15.32495 1217  261   17.00000   15.00000  11.8%   158 33402s
 457605 423312   15.33973 1263  264   17.00000   15.00000  11.8%   158 33438s
 458006 423521   15.35069 1285  283   17.00000   15.00000  11.8%   158 33472s
 458215 424097   15.36090 1294  276   17.00000   15.00000  11.8%   158 33508s
 458791 425536   15.38517 1352  271   17.00000   15.00000  11.8%   158 33545s
 460230 426600   15.46049 1489  293   17.00000   15.00000  11.8%   158 33596s
 461294 427452   15.50637 1612  264   17.00000   15.00000  11.8%   158 33633s
 462146 429039   15.52654 1694  267   17.00000   15.00000  11.8%   158 33671s
 463733 429707   15.57133 1830  257   17.00000   15.00000  11.8%   157 33704s
 464419 430580   15.59796 1898  267   17.00000   15.00000  11.8%   157 33733s
 465292 431513   15.62247 1966  283   17.00000   15.00000  11.8%   157 33759s
 466263 431641   15.65294 2075  277   17.00000   15.00000  11.8%   157 33785s
 466391 432143   15.65307 2096  278   17.00000   15.00000  11.8%   157 33812s
 466893 432445   15.68240 2165  287   17.00000   15.00000  11.8%   157 33842s
 467195 432547   15.70504 2207  286   17.00000   15.00000  11.8%   157 33876s
 467297 433629   15.71034 2221  290   17.00000   15.00000  11.8%   157 33907s
 468411 433637   15.76467 2346  272   17.00000   15.00000  11.8%   157 33990s
 468419 433645   15.76676 2347  272   17.00000   15.00000  11.8%   157 34046s
 468427 433653   15.77159 2348  269   17.00000   15.00000  11.8%   157 34130s
 468435 433661   15.77230 2349  270   17.00000   15.00000  11.8%   157 34217s
 468443 433669   15.77230 2350  274   17.00000   15.00000  11.8%   157 34269s
 468451 433678   15.77422 2351  274   17.00000   15.00000  11.8%   157 34303s
 468460 433697   15.77788 2352  277   17.00000   15.00000  11.8%   157 34345s
 468479 433711   15.77812 2353  274   17.00000   15.00000  11.8%   157 34377s
 468493 433940   15.77896 2354  283   17.00000   15.00000  11.8%   157 34409s
 468722 434574   15.77908 2355  274   17.00000   15.00000  11.8%   157 34466s
 469374 434928   15.77916 2356  278   17.00000   15.00000  11.8%   157 34501s
 469728 435594   15.79586 2372  270   17.00000   15.00000  11.8%   157 34534s
 470394 435956   15.84132 2455  261   17.00000   15.00000  11.8%   157 34568s
 470788 436509   15.86246 2516  257   17.00000   15.00000  11.8%   157 34605s
 471495 436671   15.91674 2595  252   17.00000   15.00000  11.8%   156 34648s
 471657 437378   15.91709 2596  253   17.00000   15.00000  11.8%   156 34685s
 472364 438109   15.91735 2597  255   17.00000   15.00000  11.8%   156 34724s
 473095 439078   15.99684 2728  245   17.00000   15.00000  11.8%   156 34761s
 474084 440894   15.37574  103  224   17.00000   15.00000  11.8%   156 34799s
 474902 440894   15.00000   25  209   17.00000   15.00000  11.8%   156 34800s
 475950 441837   16.00000  181  177   17.00000   15.00000  11.8%   156 34855s
 476915 442775   16.00000  246  191   17.00000   15.00000  11.8%   156 34898s
 477883 442930   15.26625   97  229   17.00000   15.00000  11.8%   156 34946s
 478038 443914   15.29045  139  247   17.00000   15.00000  11.8%   156 34991s
 479022 444721   15.41036  316  235   17.00000   15.00000  11.8%   156 35035s
 479845 445492   15.47171  382  237   17.00000   15.00000  11.8%   155 35077s
 480618 447101   15.55820  478  239   17.00000   15.00000  11.8%   155 35117s
 482245 447655   15.76252  767  229   17.00000   15.00000  11.8%   155 35151s
 482829 448296   15.86520  908  240   17.00000   15.00000  11.8%   155 35186s
 483470 449236   15.97832 1047  239   17.00000   15.00000  11.8%   155 35219s
 484426 449717   15.22072  129  237   17.00000   15.00000  11.8%   155 35252s
 484907 449732   15.27798  219  234   17.00000   15.00000  11.8%   155 35290s
 484922 450758   15.27923  221  235   17.00000   15.00000  11.8%   155 35325s
 485948 452044   15.32632  326  248   17.00000   15.00000  11.8%   155 35362s
 487249 452728   15.37675  419  247   17.00000   15.00000  11.8%   155 35395s
 487939 453442   15.42963  482  239   17.00000   15.00000  11.8%   155 35430s
 488675 453958   15.45865  555  240   17.00000   15.00000  11.8%   155 35465s
 489191 454764   15.47666  585  242   17.00000   15.00000  11.8%   154 35500s
 489997 455297   15.51443  667  232   17.00000   15.00000  11.8%   154 35536s
 490530 456891   15.52191  682  243   17.00000   15.00000  11.8%   154 35590s
 492169 457825   15.56718  753  245   17.00000   15.00000  11.8%   154 35620s
 493172 458798   15.59840  887  237   17.00000   15.00000  11.8%   154 35643s
 494175 459119   15.64113 1022  239   17.00000   15.00000  11.8%   154 35664s
 494498 459272   15.65443 1067  238   17.00000   15.00000  11.8%   154 35688s
 494653 460456   15.66685 1080  237   17.00000   15.00000  11.8%   154 35714s
 495877 461337   15.70350 1228  238   17.00000   15.00000  11.8%   154 35737s
 496802 461791   15.73217 1343  242   17.00000   15.00000  11.8%   153 35759s
 497277 463420   15.74803 1383  235   17.00000   15.00000  11.8%   153 35785s
 498914 464495   15.81265 1573  245   17.00000   15.00000  11.8%   153 35808s
 500029 464721   15.87897 1786  236   17.00000   15.00000  11.8%   153 35828s
 500285 465397   15.88417 1797  235   17.00000   15.00000  11.8%   153 35849s
 500987 466541   15.91023 1940  240   17.00000   15.00000  11.8%   153 35873s
 502241 466781   15.17209   67  209   17.00000   15.00000  11.8%   153 35892s
 502481 466862   15.21223   97  206   17.00000   15.00000  11.8%   153 35913s
 502562 467111   15.21898  108  212   17.00000   15.00000  11.8%   153 35931s
 502811 467986   15.22815  123  214   17.00000   15.00000  11.8%   152 35953s
 503686 468987   15.27792  268  223   17.00000   15.00000  11.8%   152 35974s
 504687 469240   15.32420  383  224   17.00000   15.00000  11.8%   152 35994s
 504940 470222   15.33641  422  223   17.00000   15.00000  11.8%   152 36017s
 505922 472037   15.37367  600  219   17.00000   15.00000  11.8%   152 36065s
 507781 472211   15.46240  887  221   17.00000   15.00000  11.8%   152 36086s
 507955 472615   15.46690  906  224   17.00000   15.00000  11.8%   152 36110s
 508359 473728   15.47435  952  216   17.00000   15.00000  11.8%   152 36135s
 509472 473778   15.50825 1128  221   17.00000   15.00000  11.8%   152 36159s
 509522 474049   15.50837 1130  222   17.00000   15.00000  11.8%   152 36184s
 509793 474924   15.51506 1156  222   17.00000   15.00000  11.8%   152 36214s
 510674 476188   15.52659 1203  225   17.00000   15.00000  11.8%   152 36242s
 511982 476753   15.56643 1371  223   17.00000   15.00000  11.8%   151 36266s
 512607 477149   15.57679 1457  223   17.00000   15.00000  11.8%   151 36290s
 513020 477768   15.58050 1494  219   17.00000   15.00000  11.8%   151 36316s
 513639 479308   15.59394 1595  220   17.00000   15.00000  11.8%   151 36345s
 515179 480139   15.62718 1806  225   17.00000   15.00000  11.8%   151 36369s
 516028 480453   15.64464 1907  220   17.00000   15.00000  11.8%   151 36395s
 516342 480693   15.65304 1947  223   17.00000   15.00000  11.8%   151 36427s
 516600 481658   15.67127 2038  225   17.00000   15.00000  11.8%   151 36454s
 517565 483395   15.68162 2140  221   17.00000   15.00000  11.8%   151 36481s
 519358 483966   15.70951 2350  224   17.00000   15.00000  11.8%   151 36503s
 519929 484600   15.71726 2432  214   17.00000   15.00000  11.8%   151 36526s
 520563 485258   15.72652 2520  224   17.00000   15.00000  11.8%   150 36587s
 521221 487633   15.75948 2746  221   17.00000   15.00000  11.8%   150 36649s
 523655 488657   15.82049 3226  219   17.00000   15.00000  11.8%   150 36678s
 524741 489834   15.85422 3472  215   17.00000   15.00000  11.8%   150 36704s
 525962 490321   15.90050 3798  205   17.00000   15.00000  11.8%   150 36726s
 526455 491000   15.91687 3893  222   17.00000   15.00000  11.8%   150 36750s
 527142 491827   15.94452 4045  214   17.00000   15.00000  11.8%   150 36774s
 527977 492997   15.96889 4249  208   17.00000   15.00000  11.8%   150 36798s
 529171 493638   15.33238   60  213   17.00000   15.00000  11.8%   149 36821s
 529818 493666   15.40217  126  209   17.00000   15.00000  11.8%   149 36843s
 529846 494616   15.40217  127  209   17.00000   15.00000  11.8%   149 36866s
 530811 495617   15.50517  210  220   17.00000   15.00000  11.8%   149 36895s
 531944 495750   15.62655  377  224   17.00000   15.00000  11.8%   149 36916s
 532141 495994   15.63500  386  220   17.00000   15.00000  11.8%   149 36937s
 532415 496500   15.67073  456  220   17.00000   15.00000  11.8%   149 36959s
 532953 497411   15.75905  647  212   17.00000   15.00000  11.8%   149 36984s
 533898 497573   15.98277 1095  221   17.00000   15.00000  11.8%   149 37006s
 534076 497796   15.08088   25  235   17.00000   15.00000  11.8%   149 37030s
 534299 498348   15.24509   43  207   17.00000   15.00000  11.8%   149 37054s
 534851 498704   15.34661  122  203   17.00000   15.00000  11.8%   149 37078s
 535207 500400   15.44168  231  196   17.00000   15.00000  11.8%   149 37128s
 536921 500840   15.63946  579  214   17.00000   15.00000  11.8%   149 37150s
 537369 501033   15.68778  723  217   17.00000   15.00000  11.8%   149 37175s
 537562 501314   15.72955  807  203   17.00000   15.00000  11.8%   149 37204s
 537843 502757   15.78390  936  208   17.00000   15.00000  11.8%   149 37237s
 539304 502923   15.47979   81  184   17.00000   15.00000  11.8%   149 37263s
 539470 503287   15.87478  100  167   17.00000   15.00000  11.8%   149 37291s
 539858 503710   15.05991   58  234   17.00000   15.00000  11.8%   149 37319s
 540303 504683   15.15782  107  247   17.00000   15.00000  11.8%   149 37350s
 541288 505137   15.26029  205  245   17.00000   15.00000  11.8%   149 37379s
 541754 505730   15.32168  273  256   17.00000   15.00000  11.8%   149 37409s
 542377 506096   15.39987  366  253   17.00000   15.00000  11.8%   149 37440s
 542743 506698   15.42780  406  254   17.00000   15.00000  11.8%   149 37472s
 543345 507242   15.46649  480  253   17.00000   15.00000  11.8%   149 37504s
 543989 507941   15.50576  567  259   17.00000   15.00000  11.8%   149 37536s
 544698 508419   15.58028  679  249   17.00000   15.00000  11.8%   149 37569s
 545176 509206   15.60153  738  259   17.00000   15.00000  11.8%   149 37604s
 545963 510026   15.63530  804  253   17.00000   15.00000  11.8%   149 37639s
 546783 510350   15.69449  927  264   17.00000   15.00000  11.8%   149 37673s
 547107 511052   15.70450  939  264   17.00000   15.00000  11.8%   149 37709s
 547809 512358   15.77053 1014  248   17.00000   15.00000  11.8%   149 37750s
 549147 513043   15.88766 1230  247   17.00000   15.00000  11.8%   149 37786s
 549832 513811   15.97713 1399  257   17.00000   15.00000  11.8%   149 37836s
 550631 514636   15.30970   58  201   17.00000   15.00000  11.8%   149 37885s
 551470 515913   15.00000   49  220   17.00000   15.00000  11.8%   149 37927s
 552816 516402   15.00000   50  198   17.00000   15.00000  11.8%   149 37962s
 553305 516662   15.00000   55  195   17.00000   15.00000  11.8%   149 38001s
 553573 517177   15.08776   89  208   17.00000   15.00000  11.8%   149 38044s
 554098 519010   15.17408  177  218   17.00000   15.00000  11.8%   149 38088s
 555949 519347   15.29956  418  232   17.00000   15.00000  11.8%   149 38130s
 556336 519445   15.29956  419  232   17.00000   15.00000  11.8%   149 38190s
 556446 519458   15.29956  420  232   17.00000   15.00000  11.8%   149 38234s
 556459 519775   15.29956  421  232   17.00000   15.00000  11.8%   149 38277s
 556804 520046   15.29956  422  232   17.00000   15.00000  11.8%   149 38321s
 557089 520403   15.29956  423  232   17.00000   15.00000  11.8%   149 38366s
 557446 520626   15.29956  424  232   17.00000   15.00000  11.8%   149 38412s
 557669 521314   15.33447  535  231   17.00000   15.00000  11.8%   149 38457s
 558357 522154   15.38982  667  229   17.00000   15.00000  11.8%   149 38503s
 559197 522842   15.44041  756  231   17.00000   15.00000  11.8%   149 38547s
 559885 523531   15.47774  866  229   17.00000   15.00000  11.8%   149 38592s
 560592 524035   15.50986  967  230   17.00000   15.00000  11.8%   149 38637s
 561096 524964   15.52560 1040  225   17.00000   15.00000  11.8%   149 38686s
 562045 525685   15.55352 1168  224   17.00000   15.00000  11.8%   149 38732s
 562784 526275   15.60649 1336  227   17.00000   15.00000  11.8%   149 38779s
 563394 527110   15.64121 1448  235   17.00000   15.00000  11.8%   149 38827s
 564251 527118   15.70101 1629  232   17.00000   15.00000  11.8%   149 38873s
 564259 528364   15.70108 1630  233   17.00000   15.00000  11.8%   149 38924s
 565505 529483   15.75917 1806  228   17.00000   15.00000  11.8%   149 38956s
 566624 529989   15.82503 2009  228   17.00000   15.00000  11.8%   149 38983s
 567130 530346   15.85773 2157  225   17.00000   15.00000  11.8%   149 39015s
 567487 530622   15.87606 2228  232   17.00000   15.00000  11.8%   149 39046s
 567763 530844   15.87608 2229  233   17.00000   15.00000  11.8%   149 39079s
 567985 532591   15.87643 2231  234   17.00000   15.00000  11.8%   149 39120s
 569752 533178   15.00000   53  222   17.00000   15.00000  11.8%   148 39150s
 570339 533546   15.00000   60  229   17.00000   15.00000  11.8%   148 39181s
 570707 534887   15.00000   65  235   17.00000   15.00000  11.8%   148 39214s
 572087 535078   15.01370   85  247   17.00000   15.00000  11.8%   148 39243s
 572282 535150   15.02941  109  260   17.00000   15.00000  11.8%   148 39274s
 572356 535448   15.03024  112  251   17.00000   15.00000  11.8%   148 39304s
 572682 536283   15.08423  154  257   17.00000   15.00000  11.8%   148 39335s
 573577 536981   15.13614  273  254   17.00000   15.00000  11.8%   148 39364s
 574451 537788   15.16642  340  247   17.00000   15.00000  11.8%   148 39393s
 575302 537980   15.22943  425  253   17.00000   15.00000  11.8%   148 39422s
 575542 538321   15.23438  435  254   17.00000   15.00000  11.8%   148 39453s
 575929 538777   15.24641  468  249   17.00000   15.00000  11.8%   149 39486s
 576393 539245   15.27534  530  266   17.00000   15.00000  11.8%   149 39517s
 576865 539891   15.30146  613  251   17.00000   15.00000  11.8%   149 39550s
 577529 540295   15.32346  702  255   17.00000   15.00000  11.8%   149 39584s
 578003 540374   15.32556  716  254   17.00000   15.00000  11.8%   149 39627s
 578086 540440   15.32607  727  257   17.00000   15.00000  11.8%   149 39680s
 578154 541502   15.32607  728  257   17.00000   15.00000  11.8%   149 39718s
 579238 543068   15.34607  864  253   17.00000   15.00000  11.8%   149 39765s
 580856 543726   15.41622 1072  265   17.00000   15.00000  11.8%   149 39788s
 581532 544219   15.44251 1159  261   17.00000   15.00000  11.8%   149 39812s
 582087 544564   15.46976 1253  257   17.00000   15.00000  11.8%   149 39839s
 582438 544885   15.48311 1307  249   17.00000   15.00000  11.8%   149 39867s
 582767 545040   15.53226 1359  251   17.00000   15.00000  11.8%   149 39897s
 582936 545885   15.54440 1373  249   17.00000   15.00000  11.8%   149 39929s
 583807 546289   15.60107 1488  242   17.00000   15.00000  11.8%   149 39963s
 584333 546634   15.62605 1593  246   17.00000   15.00000  11.8%   149 40007s
 584870 547244   15.62609 1594  246   17.00000   15.00000  11.8%   149 40044s
 585890 548718   15.72036 1692  256   17.00000   15.00000  11.8%   149 40080s
 587383 548824   15.90866 1914  256   17.00000   15.00000  11.8%   149 40111s
 587493 549137   15.93428 1932  250   17.00000   15.00000  11.8%   149 40143s
 587826 549227   15.19442   85  217   17.00000   15.00000  11.8%   149 40181s
 587932 549242   15.21523  103  220   17.00000   15.00000  11.8%   149 40221s
 587961 549727   15.21530  104  219   17.00000   15.00000  11.8%   149 40256s
 588454 550240   15.28856  180  225   17.00000   15.00000  11.8%   149 40289s
 588983 551143   15.30531  254  229   17.00000   15.00000  11.8%   149 40326s
 589898 551722   15.41691  383  230   17.00000   15.00000  11.8%   149 40362s
 590512 552184   15.47132  486  225   17.00000   15.00000  11.8%   149 40399s
 590974 552724   15.53812  612  231   17.00000   15.00000  11.8%   149 40438s
 591514 553217   15.58320  714  230   17.00000   15.00000  11.8%   149 40475s
 592007 553920   15.62494  808  234   17.00000   15.00000  11.8%   149 40515s
 592710 554264   15.66411  894  223   17.00000   15.00000  11.8%   149 40554s
 593054 554751   15.68263  943  226   17.00000   15.00000  11.8%   149 40595s
 593555 556195   15.69580  990  227   17.00000   15.00000  11.8%   148 40637s
 595043 557845   15.77299 1299  225   17.00000   15.00000  11.8%   148 40690s
 596693 558610   15.92170 1756  222   17.00000   15.00000  11.8%   148 40713s
 597476 558943   15.00000   40  212   17.00000   15.00000  11.8%   148 40735s
 597809 559097   15.09160   54  233   17.00000   15.00000  11.8%   148 40760s
 597975 559858   16.00000   81  176   17.00000   15.00000  11.8%   148 40788s
 598746 561200   15.11418   57  217   17.00000   15.00000  11.8%   148 40817s
 600088 561263   15.23822  212  228   17.00000   15.00000  11.8%   148 40868s
 600151 561290   15.23900  213  226   17.00000   15.00000  11.8%   148 40908s
 600178 561317   15.23956  214  226   17.00000   15.00000  11.8%   148 40956s
 600205 561339   15.24014  215  228   17.00000   15.00000  11.8%   148 40986s
 600227 561360   15.24110  216  225   17.00000   15.00000  11.8%   148 41017s
 600248 561420   15.24110  217  225   17.00000   15.00000  11.8%   148 41052s
 600308 561460   15.24191  218  223   17.00000   15.00000  11.8%   148 41085s
 600348 561539   15.24218  219  222   17.00000   15.00000  11.8%   148 41122s
 600427 561627   15.24327  220  227   17.00000   15.00000  11.8%   148 41174s
 600515 561721   15.24327  221  227   17.00000   15.00000  11.8%   148 41207s
 600609 561807   15.24517  222  228   17.00000   15.00000  11.8%   148 41243s
 600695 561816   15.25600  236  227   17.00000   15.00000  11.8%   148 41275s
 600704 562234   15.25600  237  226   17.00000   15.00000  11.8%   148 41314s
 601122 562762   15.30661  303  224   17.00000   15.00000  11.8%   148 41350s
 601650 563297   15.32608  376  224   17.00000   15.00000  11.8%   148 41387s
 602203 564103   15.35171  427  221   17.00000   15.00000  11.8%   148 41427s
 603028 564468   15.38408  525  226   17.00000   15.00000  11.8%   148 41464s
 603405 565172   15.40612  579  225   17.00000   15.00000  11.8%   148 41504s
 604142 565619   15.43125  667  225   17.00000   15.00000  11.8%   148 41544s
 604625 566565   15.44443  714  228   17.00000   15.00000  11.8%   148 41587s
 605867 566846   15.46296  792  229   17.00000   15.00000  11.8%   148 41630s
 606274 567663   15.49061  877  228   17.00000   15.00000  11.8%   148 41671s
 607133 568071   15.53034 1021  233   17.00000   15.00000  11.8%   148 41710s
 607541 568649   15.54369 1068  233   17.00000   15.00000  11.8%   148 41752s
 608119 569990   15.56527 1151  233   17.00000   15.00000  11.8%   148 41796s
 609460 570070   15.61289 1339  241   17.00000   15.00000  11.8%   148 41841s
 609540 570214   15.61530 1349  235   17.00000   15.00000  11.8%   148 41890s
 609684 573842   15.62226 1373  235   17.00000   15.00000  11.8%   148 42104s
 613326 574196   15.72362 1856  229   17.00000   15.00000  11.8%   147 42131s
 613680 575144   15.74535 1929  228   17.00000   15.00000  11.8%   147 42160s
 614628 575781   15.79523 2121  237   17.00000   15.00000  11.8%   147 42190s
 615265 577003   15.82058 2254  227   17.00000   15.00000  11.8%   147 42220s
 616503 577411   15.86797 2490  228   17.00000   15.00000  11.8%   147 42250s
 616929 578484   15.87998 2571  224   17.00000   15.00000  11.8%   147 42281s
 618004 578799   15.93408 2898  220   17.00000   15.00000  11.8%   147 42308s
 618319 579327   15.93804 2941  226   17.00000   15.00000  11.8%   147 42338s
 618873 579798   15.96179 3099  224   17.00000   15.00000  11.8%   147 42367s
 619356 580289   15.97481 3188  215   17.00000   15.00000  11.8%   147 42398s
 619975 580688   15.99316 3282  225   17.00000   15.00000  11.8%   147 42428s
 620398 581161   15.84829  100  206   17.00000   15.00000  11.8%   147 42459s
 620899 582363   15.96654  205  209   17.00000   15.00000  11.8%   147 42492s
 622121 582503   15.24291  175  207   17.00000   15.00000  11.8%   147 42523s
 622261 583644   15.24711  189  212   17.00000   15.00000  11.8%   147 42557s
 623404 584691   16.00000  273  151   17.00000   15.00000  11.8%   147 42590s
 624471 585765   16.00000  323  159   17.00000   15.00000  11.8%   147 42645s
 625565 586378   16.00000  414  163   17.00000   15.00000  11.8%   147 42681s
 626224 586932   16.00000  471  164   17.00000   15.00000  11.8%   147 42720s
 627140 588533   15.22424   87  227   17.00000   15.00000  11.8%   147 42759s
 628770 589045   15.42618  251  240   17.00000   15.00000  11.8%   146 42788s
 629290 589736   15.48921  337  234   17.00000   15.00000  11.8%   146 42818s
 629999 591197   15.50932  400  232   17.00000   15.00000  11.8%   146 42850s
 631520 591857   15.65655  536  237   17.00000   15.00000  11.8%   146 42877s
 632184 593777   15.70189  588  230   17.00000   15.00000  11.8%   146 42906s
 634118 594515   15.88788  770  240   17.00000   15.00000  11.8%   146 42930s
 634876 595081   15.97470  954  244   17.00000   15.00000  11.8%   146 42953s
 635496 595512   15.00000   41  229   17.00000   15.00000  11.8%   146 42977s
 635979 595740   15.00542   44  257   17.00000   15.00000  11.8%   146 43004s
 636235 595748   15.03726   76  253   17.00000   15.00000  11.8%   146 43034s
 636243 596048   15.03866   77  254   17.00000   15.00000  11.8%   146 43060s
 636543 597044   15.04454   86  269   17.00000   15.00000  11.8%   146 43085s
 637559 598076   15.13322  146  264   17.00000   15.00000  11.8%   146 43111s
 638591 598865   15.17339  234  264   17.00000   15.00000  11.8%   146 43135s
 639380 600907   15.18431  281  262   17.00000   15.00000  11.8%   145 43184s
 641508 601061   15.00000   55  221   17.00000   15.00000  11.8%   145 43200s

Cutting planes:
  MIR: 6
  Flow cover: 13

Explored 641682 nodes (93367201 simplex iterations) in 43200.10 seconds (164479.46 work units)
Thread count was 8 (of 56 available processors)

Solution count 10: 17 18 19 ... 32

Time limit reached
Best objective 1.700000000000e+01, best bound 1.500000000000e+01, gap 11.7647%

User-callback calls 12964356, time in user-callback 37.24 sec
Set parameter TimeLimit to value 1.7986606187820435e+03
Gurobi Optimizer version 12.0.3 build v12.0.3rc0 (linux64 - "Ubuntu 24.04.4 LTS")

CPU model: Intel(R) Xeon(R) Gold 6348 CPU @ 2.60GHz, instruction set [SSE2|AVX|AVX2|AVX512]
Thread count: 56 physical cores, 56 logical processors, using up to 8 threads

Non-default parameters:
TimeLimit  1.7986606187820435e+03
Heuristics  0.5
MIPFocus  1
NoRelHeurTime  1800
Threads  8

Optimize a model with 374 rows, 65833 columns and 1965895 nonzeros
Model fingerprint: 0x416393f6
Variable types: 0 continuous, 65833 integer (65833 binary)
Coefficient statistics:
  Matrix range     [1e+00, 1e+00]
  Objective range  [1e+01, 2e+02]
  Bounds range     [1e+00, 1e+00]
  RHS range        [1e+00, 2e+01]

Loaded user MIP start with objective 1287.94
MIP start from previous solve did not produce a new incumbent solution

Presolve removed 0 rows and 64 columns
Presolve time: 3.17s
Presolved: 374 rows, 65769 columns, 1964253 nonzeros
Variable types: 0 continuous, 65769 integer (65769 binary)
Starting NoRel heuristic
Found heuristic solution: objective 1232.7600000
Found heuristic solution: objective 1202.2160000
Elapsed time for NoRel heuristic: 6s (best bound 61.1013)
Elapsed time for NoRel heuristic: 12s (best bound 61.1013)
Elapsed time for NoRel heuristic: 21s (best bound 61.1013)
Elapsed time for NoRel heuristic: 32s (best bound 557.704)
Found heuristic solution: objective 1183.4160000
Elapsed time for NoRel heuristic: 41s (best bound 557.704)
Found heuristic solution: objective 1179.4480000
Elapsed time for NoRel heuristic: 49s (best bound 557.704)
Found heuristic solution: objective 1177.7120000
Found heuristic solution: objective 1175.9760000
Found heuristic solution: objective 1167.2960000
Elapsed time for NoRel heuristic: 58s (best bound 557.704)
Found heuristic solution: objective 1164.8160000
Found heuristic solution: objective 1105.5120000
Elapsed time for NoRel heuristic: 64s (best bound 557.704)
Found heuristic solution: objective 1103.0320000
Elapsed time for NoRel heuristic: 76s (best bound 557.704)
Elapsed time for NoRel heuristic: 91s (best bound 567.782)
Elapsed time for NoRel heuristic: 97s (best bound 567.782)
Elapsed time for NoRel heuristic: 102s (best bound 567.782)
Found heuristic solution: objective 1103.0319933
Elapsed time for NoRel heuristic: 127s (best bound 567.782)
Found heuristic solution: objective 1103.0319813
Elapsed time for NoRel heuristic: 136s (best bound 567.782)
Found heuristic solution: objective 1103.0319496
Elapsed time for NoRel heuristic: 144s (best bound 567.782)
Found heuristic solution: objective 1103.0319447
Elapsed time for NoRel heuristic: 157s (best bound 567.782)
Found heuristic solution: objective 1103.0319069
Elapsed time for NoRel heuristic: 165s (best bound 567.782)
Elapsed time for NoRel heuristic: 177s (best bound 570.299)
Elapsed time for NoRel heuristic: 187s (best bound 570.299)
Elapsed time for NoRel heuristic: 197s (best bound 570.299)
Found heuristic solution: objective 1103.0318964
Elapsed time for NoRel heuristic: 242s (best bound 570.299)
Elapsed time for NoRel heuristic: 266s (best bound 570.536)
Elapsed time for NoRel heuristic: 280s (best bound 570.536)
Elapsed time for NoRel heuristic: 296s (best bound 570.536)
Elapsed time for NoRel heuristic: 342s (best bound 570.536)
Elapsed time for NoRel heuristic: 398s (best bound 570.536)
Elapsed time for NoRel heuristic: 473s (best bound 570.536)
Elapsed time for NoRel heuristic: 548s (best bound 570.536)
Elapsed time for NoRel heuristic: 644s (best bound 570.536)
Elapsed time for NoRel heuristic: 751s (best bound 570.536)
Elapsed time for NoRel heuristic: 856s (best bound 570.536)
Elapsed time for NoRel heuristic: 969s (best bound 570.536)
Elapsed time for NoRel heuristic: 1119s (best bound 570.536)
Elapsed time for NoRel heuristic: 1364s (best bound 570.536)
Elapsed time for NoRel heuristic: 1632s (best bound 570.536)
Elapsed time for NoRel heuristic: 1798s (best bound 570.536)
NoRel heuristic complete

Explored 0 nodes (0 simplex iterations) in 1801.51 seconds (3383.46 work units)
Thread count was 8 (of 56 available processors)

Solution count 10: 1103.03 1103.03 1103.03 ... 1167.3

Time limit reached
Best objective 1.103031896427e+03, best bound 5.705356522585e+02, gap 48.2757%

User-callback calls 304905, time in user-callback 1.28 sec
