
Gurobi 12.0.3 (linux64) logging started Tue Sep 22 01:40:14 2026

Set parameter LogFile to value "/home/nc437/ladder-lite/mip_structure_20260922/results/c4_k08_fresh/focus1/729447_r0/gurobi.log"
Set parameter Threads to value 8
Set parameter Seed to value 0
Set parameter MIPGap to value 0.0001
Set parameter MIPFocus to value 1
Set parameter TimeLimit to value 1800
Gurobi Optimizer version 12.0.3 build v12.0.3rc0 (linux64 - "Ubuntu 24.04.4 LTS")

CPU model: Intel(R) Xeon(R) Gold 6426Y, instruction set [SSE2|AVX|AVX2|AVX512]
Thread count: 32 physical cores, 32 logical processors, using up to 8 threads

Non-default parameters:
TimeLimit  1800
MIPFocus  1
Threads  8

Optimize a model with 188 rows, 39668 columns and 1057136 nonzeros
Model fingerprint: 0xabb8f622
Variable types: 0 continuous, 39668 integer (39668 binary)
Coefficient statistics:
  Matrix range     [1e+00, 1e+00]
  Objective range  [1e+00, 1e+00]
  Bounds range     [1e+00, 1e+00]
  RHS range        [1e+00, 1e+00]

Loaded user MIP start with objective 59

Presolve removed 0 rows and 452 columns
Presolve time: 1.43s
Presolved: 188 rows, 39216 columns, 1048230 nonzeros
Variable types: 0 continuous, 39216 integer (39216 binary)

Starting sifting (using dual simplex for sub-problems)...

    Iter     Pivots    Primal Obj      Dual Obj        Time
       0          0     infinity      0.0000000e+00      2s
       1        408   9.8471826e+00   3.5796695e+00      2s
       2        991   9.7097226e+00   5.5900920e+00      2s
       3       1982   9.1698669e+00   6.6485132e+00      2s
       4       2939   8.7893718e+00   7.0709169e+00      2s
       5       4072   8.5331884e+00   7.3274430e+00      2s
       6       4966   8.2540328e+00   7.5340295e+00      2s
       7       6194   8.0387292e+00   7.6160160e+00      2s
       8       6856   8.0000000e+00   8.0000000e+00      2s

Sifting complete


Root relaxation: objective 8.000000e+00, 6856 iterations, 0.41 seconds (0.70 work units)

    Nodes    |    Current Node    |     Objective Bounds      |     Work
 Expl Unexpl |  Obj  Depth IntInf | Incumbent    BestBd   Gap | It/Node Time

     0     0    8.00000    0   88   59.00000    8.00000  86.4%     -    3s
H    0     0                      21.0000000    8.00000  61.9%     -    3s
H    0     0                      14.0000000    8.00000  42.9%     -    3s
H    0     0                      13.0000000    8.00000  38.5%     -    3s
H    0     0                      11.0000000    8.00000  27.3%     -    3s
H    0     0                      10.0000000    8.00000  20.0%     -    3s
     0     0    8.00000    0   88   10.00000    8.00000  20.0%     -    8s
     0     0    8.00000    0   90   10.00000    8.00000  20.0%     -   15s
     0     0    8.00000    0   84   10.00000    8.00000  20.0%     -   18s
     0     0    8.00000    0   94   10.00000    8.00000  20.0%     -   20s
     0     0    8.00000    0   72   10.00000    8.00000  20.0%     -   25s
     0     2    8.00000    0   72   10.00000    8.00000  20.0%     -   42s
     1     4    8.00000    1  105   10.00000    8.00000  20.0% 20119   45s
     7    16    8.00000    3   93   10.00000    8.00000  20.0%  3426   51s
    23    62    8.00000    5  118   10.00000    8.00000  20.0%  1641   58s
    61    74    8.00000    9  107   10.00000    8.00000  20.0%  3405   63s
    73    95    8.00000   12  109   10.00000    8.00000  20.0%  2924   67s
    94   103    8.00000   16  103   10.00000    8.00000  20.0%  2351   73s
   102   229    8.00000   17  110   10.00000    8.00000  20.0%  2191   81s
   390   428    8.00000   19   99   10.00000    8.00000  20.0%   610   86s
   557   614    8.00000   22  105   10.00000    8.00000  20.0%   442   90s
   613   661    8.00000   24  106   10.00000    8.00000  20.0%   406   95s
   708   771    8.00000   27  109   10.00000    8.00000  20.0%   358  101s
   877   886    8.00000   32  108   10.00000    8.00000  20.0%   297  106s
   885   961    8.00000   33   94   10.00000    8.00000  20.0%   296  112s
   970   988    8.00000   35  104   10.00000    8.00000  20.0%   275  118s
   987  1011    8.00000   37   99   10.00000    8.00000  20.0%   272  121s
  1047  1056    8.00000   42  100   10.00000    8.00000  20.0%   260  128s
  1055  1076    8.00000   43   99   10.00000    8.00000  20.0%   259  137s
  1075  1088    8.00000   44  105   10.00000    8.00000  20.0%   255  140s
  1095  1132    8.00000   46   96   10.00000    8.00000  20.0%   253  150s
  1215  1322    8.00000   48   99   10.00000    8.00000  20.0%   232  155s
  1321  1408    8.00000   49  100   10.00000    8.00000  20.0%   216  160s
  1530  1682    8.00000   51   98   10.00000    8.00000  20.0%   191  169s
  1681  1821    8.00000   52   98   10.00000    8.00000  20.0%   177  178s
  1820  1991    8.00000   53  104   10.00000    8.00000  20.0%   165  181s
  2086  2147    8.00000   55  106   10.00000    8.00000  20.0%   148  186s
  2343  2566    8.00000   57  106   10.00000    8.00000  20.0%   135  191s
  2565  2768    8.00000   58   99   10.00000    8.00000  20.0%   127  199s
  2767  2955    8.00000   59   96   10.00000    8.00000  20.0%   120  202s
  2954  2991    8.00000   61  105   10.00000    8.00000  20.0%   114  206s
  3000  3012    8.00000   65   95   10.00000    8.00000  20.0%   113  215s
  3019  3028    8.00000   70  101   10.00000    8.00000  20.0%   114  221s
  3027  3181    8.00000   71   94   10.00000    8.00000  20.0%   114  225s
  3250  3340    8.00000   76   97   10.00000    8.00000  20.0%   109  234s
  3339  3361    8.00000   77  102   10.00000    8.00000  20.0%   107  240s
  3446  3582    8.00000   79  104   10.00000    8.00000  20.0%   105  249s
  3581  3638    8.00000   80  102   10.00000    8.00000  20.0%   102  253s
  3637  3669    8.00000   81  109   10.00000    8.00000  20.0%   101  257s
  3668  3849    8.00000   82  105   10.00000    8.00000  20.0%   101  261s
  3848  4056    8.00000   83  100   10.00000    8.00000  20.0%  98.0  266s
  4055  4156    8.00000   84  104   10.00000    8.00000  20.0%  94.8  274s
  4155  4230    8.00000   85  103   10.00000    8.00000  20.0%  93.4  279s
  4229  4452    8.00175   86  121   10.00000    8.00000  20.0%  92.5  284s
  4457  4710    8.01750   87  139   10.00000    8.00000  20.0%  89.5  289s
  4715  4809    8.01768   88  134   10.00000    8.00000  20.0%  86.4  294s
  4814  5099    8.02156   90  131   10.00000    8.00000  20.0%  85.5  299s
  5104  5236    8.04527  107  130   10.00000    8.00000  20.0%  83.2  304s
  5241  5601    8.08554  129  125   10.00000    8.00000  20.0%  82.2  309s
  5606  5609    8.10049  155  121   10.00000    8.00000  20.0%  79.3  320s
  5614  5617    8.10049  156  121   10.00000    8.00000  20.0%  79.2  336s
  5622  5625    8.10067  157  119   10.00000    8.00000  20.0%  79.1  355s
  5630  5633    8.10067  158  121   10.00000    8.00000  20.0%  79.1  366s
  5638  5673    8.10420  159  116   10.00000    8.00000  20.0%  79.0  374s
  5678  5815    8.10535  160  125   10.00000    8.00000  20.0%  78.7  380s
  5820  5959    8.10705  161  125   10.00000    8.00000  20.0%  77.6  386s
  5964  6132    8.10723  165  122   10.00000    8.00000  20.0%  76.3  393s
  6137  6514    8.14882  185  132   10.00000    8.00000  20.0%  75.5  399s
  6519  7104    8.16784  222  130   10.00000    8.00000  20.0%  73.2  406s
  7109  7695    8.18824  280  141   10.00000    8.00000  20.0%  70.2  413s
  7701  7696    8.12609  205   72   10.00000    8.00000  20.0%  67.4  416s
H 7702  7312                       9.0000000    8.00000  11.1%  67.4  424s
  7706  7316    8.95723  810   72    9.00000    8.00000  11.1%  70.1  426s
  7708  7317    8.13143  203   87    9.00000    8.00000  11.1%  70.1  431s
  7710  7319    8.28746  302  101    9.00000    8.00000  11.1%  70.1  437s
  7712  7320    8.13943  234   98    9.00000    8.00000  11.1%  70.1  442s
  7713  7321    9.00000 1078   96    9.00000    8.00000  11.1%  70.0  446s
  7715  7322    8.30712  792   88    9.00000    8.00000  11.1%  70.0  450s
  7717  7323    8.62550  282   93    9.00000    8.00000  11.1%  70.0  455s
  7718  7324    8.03372   76   93    9.00000    8.00000  11.1%  70.0  460s
  7723  7326    8.00000   30  105    9.00000    8.00000  11.1%  12.0  465s
  7785  7336 infeasible   38         9.00000    8.00000  11.1%  16.0  470s
  7934  7348    8.00000   50   97    9.00000    8.00000  11.1%  23.4  477s
  7965  7370    8.00000   53  108    9.00000    8.00000  11.1%  25.6  480s
  8035  7584    8.00000   46  116    9.00000    8.00000  11.1%  27.8  485s
  8301  7568    8.00000   78  116    9.00000    8.00000  11.1%  47.4  493s
  8621  7362 infeasible  128         9.00000    8.00000  11.1%  85.3  502s
  9152  7283 infeasible  106         9.00000    8.00000  11.1%  99.4  510s
  9370  7195    8.00000  143   97    9.00000    8.00000  11.1%   120  519s
  9761  7072    8.00000  146  120    9.00000    8.00000  11.1%   133  529s
 10078  6852 infeasible  144         9.00000    8.00000  11.1%   159  547s
 10362  6777    8.00000   81   72    9.00000    8.00000  11.1%   167  555s
 10451  6886    8.00000   83   67    9.00000    8.00000  11.1%   170  565s
 10678  6490    8.00000  101   81    9.00000    8.00000  11.1%   173  578s
 11310  6235 infeasible  180         9.00000    8.00000  11.1%   181  583s
 11401  6196    8.00000   81   91    9.00000    8.00000  11.1%   183  588s
 11425  6224    8.00000   82   93    9.00000    8.00000  11.1%   184  593s
 11465  6235    8.00000   96  101    9.00000    8.00000  11.1%   185  612s
 11533  6175 infeasible  104         9.00000    8.00000  11.1%   186  616s
 11618  6197    8.00000  103   93    9.00000    8.00000  11.1%   188  621s
 11714  6187    8.00000  115   99    9.00000    8.00000  11.1%   189  633s
 11868  6066    8.00000  138  100    9.00000    8.00000  11.1%   192  649s
 11968  6105    8.00000  142  102    9.00000    8.00000  11.1%   194  654s
 12119  6005 infeasible  120         9.00000    8.00000  11.1%   196  659s
 12207  5978 infeasible  136         9.00000    8.00000  11.1%   197  666s
 12373  5816 infeasible  163         9.00000    8.00000  11.1%   199  671s
 12491  5743 infeasible   95         9.00000    8.00000  11.1%   201  679s
 12529  5739 infeasible  123         9.00000    8.00000  11.1%   202  685s
 12556  5730 infeasible  110         9.00000    8.00000  11.1%   202  690s
 12590  5704 infeasible  127         9.00000    8.00000  11.1%   203  696s
 12609  5694 infeasible  132         9.00000    8.00000  11.1%   203  700s

Cutting planes:
  Flow cover: 80
  Inf proof: 2

Explored 12619 nodes (3145252 simplex iterations) in 700.65 seconds (2232.84 work units)
Thread count was 8 (of 32 available processors)

Solution count 7: 9 10 11 ... 59

Optimal solution found (tolerance 1.00e-04)
Best objective 9.000000000000e+00, best bound 9.000000000000e+00, gap 0.0000%

User-callback calls 330472, time in user-callback 0.77 sec
