
Gurobi 12.0.3 (linux64) logging started Tue Sep 22 01:59:52 2026

Set parameter LogFile to value "/home/nc437/ladder-lite/mip_structure_20260922/results/c3_k15_fresh/focus2/730244_r0/gurobi.log"
Set parameter Threads to value 8
Set parameter Seed to value 0
Set parameter MIPGap to value 0.0001
Set parameter MIPFocus to value 2
Set parameter TimeLimit to value 1800
Gurobi Optimizer version 12.0.3 build v12.0.3rc0 (linux64 - "Ubuntu 24.04.4 LTS")

CPU model: Intel(R) Xeon(R) Gold 6230 CPU @ 2.10GHz, instruction set [SSE2|AVX|AVX2|AVX512]
Thread count: 40 physical cores, 40 logical processors, using up to 8 threads

Non-default parameters:
TimeLimit  1800
MIPFocus  2
Threads  8

Optimize a model with 302 rows, 38130 columns and 896915 nonzeros
Model fingerprint: 0x9a6d0205
Variable types: 0 continuous, 38130 integer (38130 binary)
Coefficient statistics:
  Matrix range     [1e+00, 1e+00]
  Objective range  [1e+00, 1e+00]
  Bounds range     [1e+00, 1e+00]
  RHS range        [1e+00, 1e+00]

Loaded user MIP start with objective 100

Presolve removed 0 rows and 2665 columns
Presolve time: 2.04s
Presolved: 302 rows, 35465 columns, 845322 nonzeros
Found heuristic solution: objective 94.0000000
Variable types: 0 continuous, 35465 integer (35465 binary)
Found heuristic solution: objective 82.0000000
Root relaxation presolved: 302 rows, 35465 columns, 845322 nonzeros


Starting sifting (using dual simplex for sub-problems)...

    Iter     Pivots    Primal Obj      Dual Obj        Time
       0          0     infinity      0.0000000e+00      3s
       1        651   1.6764739e+01   5.5695052e+00      3s
       2       2680   1.6485876e+01   1.0372243e+01      3s
       3       4524   1.5874511e+01   1.2221100e+01      3s
       4       6685   1.5256395e+01   1.3454184e+01      3s
       5       7766   1.5000000e+01   1.3644727e+01      3s
       6       8954   1.5000000e+01   1.3738127e+01      4s
       7      10194   1.5000000e+01   1.5000000e+01      4s

Sifting complete


Root relaxation: objective 1.500000e+01, 10194 iterations, 1.66 seconds (1.98 work units)
Total elapsed time = 6.78s (DegenMoves)

    Nodes    |    Current Node    |     Objective Bounds      |     Work
 Expl Unexpl |  Obj  Depth IntInf | Incumbent    BestBd   Gap | It/Node Time

     0     0   15.00000    0  157   82.00000   15.00000  81.7%     -    7s
H    0     0                      33.0000000   15.00000  54.5%     -    7s
H    0     0                      28.0000000   15.00000  46.4%     -    7s
H    0     0                      27.0000000   15.00000  44.4%     -    7s
H    0     0                      26.0000000   15.00000  42.3%     -    7s
H    0     0                      25.0000000   15.00000  40.0%     -    7s
H    0     0                      24.0000000   15.00000  37.5%     -    8s
H    0     0                      23.0000000   15.00000  34.8%     -    8s
H    0     0                      22.0000000   15.00000  31.8%     -    8s
H    0     0                      21.0000000   15.00000  28.6%     -    8s
H    0     0                      20.0000000   15.00000  25.0%     -    9s
     0     0   15.00000    0  154   20.00000   15.00000  25.0%     -   18s
     0     0   15.00000    0  147   20.00000   15.00000  25.0%     -   35s
     0     0   15.00000    0  146   20.00000   15.00000  25.0%     -   42s
     0     0   15.00000    0  143   20.00000   15.00000  25.0%     -   54s
     0     0   15.00000    0  143   20.00000   15.00000  25.0%     -   63s
     0     2   15.00000    0  143   20.00000   15.00000  25.0%     -   72s
     3     8   15.00000    2  155   20.00000   15.00000  25.0%  3069   76s
    11    16   15.00000    3  180   20.00000   15.00000  25.0%  1146   80s
    23   144   15.00000    5  193   20.00000   15.00000  25.0%   825   86s
   143   192   15.00000   20  201   20.00000   15.00000  25.0%   815   94s
   191   200   15.00000   25  195   20.00000   15.00000  25.0%   719  108s
   199   229   15.00000   26  211   20.00000   15.00000  25.0%   736  121s
   228   507   15.00000   27  223   20.00000   15.00000  25.0%   745  139s
   506   840   15.00000   68  199   20.00000   15.00000  25.0%   812  171s
H  711   840                      19.0000000   15.00000  21.1%   815  171s
   839  1822   15.00000   69  234   19.00000   15.00000  21.1%   804  207s
  1821  2309   15.00000  198  275   19.00000   15.00000  21.1%   873  228s
  2308  2873   15.00000  255  194   19.00000   15.00000  21.1%   896  247s
  2872  3284   15.00000  335  268   19.00000   15.00000  21.1%   864  266s
  3283  3701   15.00000  390  278   19.00000   15.00000  21.1%   914  285s
  3700  4239   15.00000  454  202   19.00000   15.00000  21.1%   968  305s
  4238  4465   15.00000  525  203   19.00000   15.00000  21.1%   933  319s
  4464  4841   15.00000  548  205   19.00000   15.00000  21.1%   901  337s
  4840  5222   15.00000  622  263   19.00000   15.00000  21.1%   960  356s
  5221  5528   15.00000  684  201   19.00000   15.00000  21.1%  1024  374s
  5527  5616   15.00000  715  186   19.00000   15.00000  21.1%   991  401s
  5615  6083   15.00000  716  180   19.00000   15.00000  21.1%   977  417s
  6082  6423   15.00000  740  177   19.00000   15.00000  21.1%   910  433s
  6422  7306   15.00000  742  186   19.00000   15.00000  21.1%   867  446s
  7306  7307   15.00000   72  143   19.00000   15.00000  21.1%   773  453s
  7308  7308   15.10504  819  157   19.00000   15.00000  21.1%   773  477s
  7309  7309   15.00000  233  150   19.00000   15.00000  21.1%   772  520s
H 7309  6943                      18.0000000   15.00000  16.7%   772  531s
  7311  6944   15.00000  509  147   18.00000   15.00000  16.7%   772  550s
  7312  6945   15.29237  632  141   18.00000   15.00000  16.7%   772  564s
  7313  6946   15.00000  312  147   18.00000   15.00000  16.7%   772  580s
  7314  6946   15.00000   61  144   18.00000   15.00000  16.7%   772  594s
  7315  6947   15.00000  521  142   18.00000   15.00000  16.7%   772  610s
  7316  6948   15.54619  936  142   18.00000   15.00000  16.7%   772  626s
  7317  6948   15.00000  281  142   18.00000   15.00000  16.7%   772  639s
  7318  6952   15.00000   16  160   18.00000   15.00000  16.7%   783  648s
  7320  6955   15.00000   17  134   18.00000   15.00000  16.7%   782  650s
  7340  6986   15.00000   20  184   18.00000   15.00000  16.7%   782  658s
  7361  6987   15.00000   23  198   18.00000   15.00000  16.7%   785  667s
  7369  6992   15.00000   23  199   18.00000   15.00000  16.7%   785  680s
  7377  6997   15.00000   24  191   18.00000   15.00000  16.7%   786  693s
  7385  7023   15.00000   24  197   18.00000   15.00000  16.7%   785  710s
  7413  7062   15.00000   25  172   18.00000   15.00000  16.7%   787  730s
  7462  7108   15.00000   28  191   18.00000   15.00000  16.7%   795  754s
  7524  7235   15.00000   30  201   18.00000   15.00000  16.7%   797  781s
  7672  7313   15.00000   37  173   18.00000   15.00000  16.7%   826  822s
  7799  7459   15.00000   44  177   18.00000   15.00000  16.7%   833  867s
  7987  7500   15.00000   53  146   18.00000   15.00000  16.7%   840  913s
  8091  7598   15.00000   59  174   18.00000   15.00000  16.7%   841  966s
  8224  7733   15.00000   60  169   18.00000   15.00000  16.7%   841 1013s
  8403  7834   15.00000   68  191   18.00000   15.00000  16.7%   842 1066s
  8564  7989   15.00000   73  139   18.00000   15.00000  16.7%   842 1114s
  8772  8139   15.00000   80  190   18.00000   15.00000  16.7%   842 1167s
  8992  8283   15.00000   89  192   18.00000   15.00000  16.7%   840 1221s
  9209  8410   15.00000   95  138   18.00000   15.00000  16.7%   836 1278s
  9408  8533   15.00000  102  129   18.00000   15.00000  16.7%   834 1333s
  9598  8601   15.00000  106  146   18.00000   15.00000  16.7%   833 1396s
  9729  8662   15.00000  114  137   18.00000   15.00000  16.7%   835 1466s
  9834  8675   15.00000  122  139   18.00000   15.00000  16.7%   835 1538s
  9882  8891   15.00000  125  144   18.00000   15.00000  16.7%   834 1604s
 10114  9193   15.00000  131  125   18.00000   15.00000  16.7%   830 1671s
 10493  9459   15.00000  140  132   18.00000   15.00000  16.7%   819 1739s
 10885  9666   15.00000  150  132   18.00000   15.00000  16.7%   808 1800s

Cutting planes:
  MIR: 1
  Flow cover: 21

Explored 11223 nodes (9007878 simplex iterations) in 1800.03 seconds (3276.44 work units)
Thread count was 8 (of 40 available processors)

Solution count 10: 18 19 20 ... 27

Time limit reached
Best objective 1.800000000000e+01, best bound 1.500000000000e+01, gap 16.6667%

User-callback calls 333163, time in user-callback 2.67 sec
