
Gurobi 12.0.3 (linux64) logging started Tue Sep 22 00:07:17 2026

Set parameter LogFile to value "/home/nc437/ladder-lite/integer_columns_k15_20260921/salvage_20260922/results/c1_k15/job_728184_r0/mip_gurobi.log"
Set parameter OutputFlag to value 1
Set parameter TimeLimit to value 1852
Set parameter MIPGap to value 0.0001
Set parameter Threads to value 8
Set parameter Seed to value 20260921
Set parameter TimeLimit to value 926
Gurobi Optimizer version 12.0.3 build v12.0.3rc0 (linux64 - "Ubuntu 24.04.4 LTS")

CPU model: Intel(R) Xeon(R) Gold 5218R CPU @ 2.10GHz, instruction set [SSE2|AVX|AVX2|AVX512]
Thread count: 40 physical cores, 40 logical processors, using up to 8 threads

Non-default parameters:
TimeLimit  926
Seed  20260921
Threads  8

Optimize a model with 364 rows, 97470 columns and 2840507 nonzeros
Model fingerprint: 0x7d6c10f3
Variable types: 0 continuous, 97470 integer (97470 binary)
Coefficient statistics:
  Matrix range     [1e+00, 1e+00]
  Objective range  [1e+00, 1e+00]
  Bounds range     [1e+00, 1e+00]
  RHS range        [1e+00, 1e+00]

Loaded user MIP start with objective 129

Presolve removed 0 rows and 46 columns (presolve time = 5s)...
Presolve removed 0 rows and 46 columns
Presolve time: 6.90s
Presolved: 364 rows, 97424 columns, 2839568 nonzeros
Variable types: 0 continuous, 97424 integer (97424 binary)

Root simplex log...

Iteration    Objective       Primal Inf.    Dual Inf.      Time
       0    0.0000000e+00   3.640000e+02   0.000000e+00      7s

Starting sifting (using dual simplex for sub-problems)...

    Iter     Pivots    Primal Obj      Dual Obj        Time
       0          0     infinity      0.0000000e+00      7s
       1        749   1.7648095e+01   5.0528481e+00      7s
       2       2370   1.7230857e+01   9.8743342e+00      8s
       3       4789   1.6489353e+01   1.1777978e+01      8s
       4       7582   1.5859300e+01   1.2475474e+01      8s
       5      10318   1.5446072e+01   1.3032498e+01      9s
       6      13176   1.5208690e+01   1.3624347e+01      9s
       7      14919   1.5000000e+01   1.3781659e+01      9s
       8      16844   1.5000000e+01   1.5000000e+01     10s

Sifting complete

   16844    1.5000000e+01   0.000000e+00   0.000000e+00     10s

Root relaxation: objective 1.500000e+01, 16844 iterations, 2.76 seconds (3.86 work units)

    Nodes    |    Current Node    |     Objective Bounds      |     Work
 Expl Unexpl |  Obj  Depth IntInf | Incumbent    BestBd   Gap | It/Node Time

     0     0   15.00000    0  182  129.00000   15.00000  88.4%     -   26s
H    0     0                      37.0000000   15.00000  59.5%     -   26s
H    0     0                      27.0000000   15.00000  44.4%     -   27s
H    0     0                      26.0000000   15.00000  42.3%     -   27s
H    0     0                      24.0000000   15.00000  37.5%     -   27s
H    0     0                      23.0000000   15.00000  34.8%     -   28s
H    0     0                      21.0000000   15.00000  28.6%     -   28s
H    0     0                      20.0000000   15.00000  25.0%     -   28s
     0     0   15.00000    0  188   20.00000   15.00000  25.0%     -   46s
     0     0   15.00000    0  170   20.00000   15.00000  25.0%     -   86s
     0     0   15.00000    0  170   20.00000   15.00000  25.0%     -  108s
     0     0   15.00000    0  183   20.00000   15.00000  25.0%     -  133s
     0     0   15.00000    0  183   20.00000   15.00000  25.0%     -  153s
     0     2   15.00000    0  183   20.00000   15.00000  25.0%     -  237s
     1     4   15.00000    1  226   20.00000   15.00000  25.0%  7379  241s
     7    16   15.00000    3  218   20.00000   15.00000  25.0%  1791  250s
    15    24   15.00000    4  242   20.00000   15.00000  25.0%  1399  256s
    23    64   15.00000    5  264   20.00000   15.00000  25.0%  1366  287s
    63    72   15.00000   10  297   20.00000   15.00000  25.0%  2084  331s
    71   171   15.00000   11  299   20.00000   15.00000  25.0%  2141  388s
H   89   171                      19.0000000   15.00000  21.1%  2177  388s
H  170   583                      18.0000000   15.00000  16.7%  2623  515s
   582  1941   15.00000   40  247   18.00000   15.00000  16.7%  1889  683s
  1940  2094   15.00000  205  255   18.00000   15.00000  16.7%  1966  744s
  2093  2840   15.00000  217  233   18.00000   15.00000  16.7%  1864  822s
  2839  3145   15.00000  299  268   18.00000   15.00000  16.7%  1765  876s
  3144  3538   15.00000  315  267   18.00000   15.00000  16.7%  1623  926s

Cutting planes:
  MIR: 10

Explored 3537 nodes (6259520 simplex iterations) in 926.08 seconds (1922.23 work units)
Thread count was 8 (of 40 available processors)

Solution count 10: 18 19 20 ... 129

Time limit reached
Best objective 1.800000000000e+01, best bound 1.500000000000e+01, gap 16.6667%

User-callback calls 119156, time in user-callback 0.81 sec
Set parameter TimeLimit to value 922.59397149086
Gurobi Optimizer version 12.0.3 build v12.0.3rc0 (linux64 - "Ubuntu 24.04.4 LTS")

CPU model: Intel(R) Xeon(R) Gold 5218R CPU @ 2.10GHz, instruction set [SSE2|AVX|AVX2|AVX512]
Thread count: 40 physical cores, 40 logical processors, using up to 8 threads

Non-default parameters:
TimeLimit  922.59397149086
Seed  20260921
Threads  8

Optimize a model with 365 rows, 97470 columns and 2937977 nonzeros
Model fingerprint: 0xddf95da0
Variable types: 0 continuous, 97470 integer (97470 binary)
Coefficient statistics:
  Matrix range     [1e+00, 1e+00]
  Objective range  [2e+01, 2e+02]
  Bounds range     [1e+00, 1e+00]
  RHS range        [1e+00, 2e+01]

Loaded user MIP start with objective 1129.39
MIP start from previous solve did not produce a new incumbent solution

Presolve removed 0 rows and 9 columns (presolve time = 5s)...
Presolve removed 0 rows and 9 columns
Presolve time: 5.56s
Presolved: 365 rows, 97461 columns, 2937764 nonzeros
Variable types: 0 continuous, 97461 integer (97461 binary)

Root simplex log...

Iteration    Objective       Primal Inf.    Dual Inf.      Time
       0    0.0000000e+00   3.640000e+02   0.000000e+00      6s

Starting sifting (using dual simplex for sub-problems)...

    Iter     Pivots    Primal Obj      Dual Obj        Time
       0          0     infinity      0.0000000e+00      6s
       1       1895   1.7124842e+06   2.9155731e+01      6s
       2       3881   1.0879346e+03   2.1028810e+02      6s
       3       6238   7.5678680e+02   4.1419041e+02      7s
       4       8363   7.0889311e+02   5.3026928e+02      8s
       5      10843   6.7695816e+02   6.0713545e+02      8s
       6      12964   6.7098521e+02   6.5618506e+02      9s
       7      14442   6.7041801e+02   6.6863338e+02     10s
       8      15199   6.7041800e+02   6.6973310e+02     10s
       9      15761   6.7041800e+02   6.7022378e+02     10s

Sifting complete

   16193    6.7041800e+02   0.000000e+00   0.000000e+00     10s

Root relaxation: objective 6.704180e+02, 16193 iterations, 4.61 seconds (6.81 work units)

    Nodes    |    Current Node    |     Objective Bounds      |     Work
 Expl Unexpl |  Obj  Depth IntInf | Incumbent    BestBd   Gap | It/Node Time

     0     0  670.41800    0  328 1129.39200  670.41800  40.6%     -   10s
H    0     0                    1115.2560000  670.41800  39.9%     -   17s
H    0     0                    1110.0480000  670.41800  39.6%     -   19s
H    0     0                    1095.6240000  670.41800  38.8%     -   20s
     0     0  670.98134    0  335 1095.62400  670.98134  38.8%     -   32s
H    0     0                    1095.3760000  670.98134  38.7%     -   46s
     0     0  671.44092    0  333 1095.37600  671.44092  38.7%     -   68s
     0     0  672.08859    0  338 1095.37600  672.08859  38.6%     -   78s
     0     0  672.27464    0  343 1095.37600  672.27464  38.6%     -   88s
     0     0  672.30829    0  344 1095.37600  672.30829  38.6%     -   89s
     0     0  672.52347    0  347 1095.37600  672.52347  38.6%     -   97s
     0     0  672.57444    0  347 1095.37600  672.57444  38.6%     -  107s
     0     0  672.68960    0  353 1095.37600  672.68960  38.6%     -  109s
     0     0  672.71989    0  354 1095.37600  672.71989  38.6%     -  118s
     0     0  672.71989    0  355 1095.37600  672.71989  38.6%     -  119s
     0     0  672.71989    0  356 1095.37600  672.71989  38.6%     -  128s
     0     0  672.75048    0  356 1095.37600  672.75048  38.6%     -  130s
     0     0  672.75334    0  356 1095.37600  672.75334  38.6%     -  137s
     0     0  672.78981    0  358 1095.37600  672.78981  38.6%     -  138s
     0     0  672.78981    0  359 1095.37600  672.78981  38.6%     -  138s
     0     0  672.80678    0  360 1095.37600  672.80678  38.6%     -  140s
     0     0  672.81515    0  365 1095.37600  672.81515  38.6%     -  149s
     0     0  672.81515    0  366 1095.37600  672.81515  38.6%     -  150s
     0     0  672.81768    0  363 1095.37600  672.81768  38.6%     -  152s
     0     2  672.81768    0  362 1095.37600  672.81768  38.6%     -  277s
     1     4  672.89616    1  358 1095.37600  672.83241  38.6%   234  291s
     3     8  672.90726    2  360 1095.37600  672.90726  38.6%   987  305s
     7    16  672.92534    3  359 1095.37600  672.90770  38.6%  1104  318s
    15    24  672.94157    4  358 1095.37600  672.94157  38.6%  1044  321s
    23    61  672.95591    5  358 1095.37600  672.94332  38.6%   770  332s
    60    78  673.16392   10  356 1095.37600  672.94332  38.6%   387  375s
H   63    78                    1095.1280000  672.94332  38.6%   373  375s
    77   110  673.32512   13  355 1095.12800  672.94332  38.6%   327  384s
H  109   133                    1091.1600000  672.94332  38.3%   260  391s
   132   160  673.51049   18  351 1091.16000  672.94332  38.3%   233  398s
   159   168  673.75050   20  354 1091.16000  672.94332  38.3%   221  402s
H  160   168                    1089.4240000  672.94332  38.2%   220  402s
   167   192  673.96632   21  349 1089.42400  672.94332  38.2%   217  405s
   212   241  674.06173   24  348 1089.42400  672.94332  38.2%   193  410s
   240   249  674.18685   27  353 1089.42400  672.94332  38.2%   181  418s
   248   258  674.21939   28  351 1089.42400  672.94332  38.2%   178  437s
H  254   258                    1053.3840000  672.94332  36.1%   177  437s
   257   288  674.33558   30  345 1053.38400  672.94332  36.1%   177  440s
   322   356  674.50066   34  349 1053.38400  672.94332  36.1%   157  445s
   385   419  674.67070   40  342 1053.38400  672.94332  36.1%   147  450s
   451   498  674.81610   45  343 1053.38400  672.94332  36.1%   139  456s
   532   567  674.92485   52  349 1053.38400  672.94332  36.1%   131  461s
   602   640  675.22245   59  350 1053.38400  672.94332  36.1%   128  467s
   639   677  675.27880   63  349 1053.38400  672.94332  36.1%   127  470s
   709   758  675.61190   68  343 1053.38400  672.94332  36.1%   126  476s
   803   864  675.68183   76  342 1053.38400  672.94332  36.1%   122  483s
   863   913  675.76375   82  345 1053.38400  672.94332  36.1%   119  487s
   912   951  675.81808   86  340 1053.38400  672.94332  36.1%   119  492s
   950   997  675.85387   89  344 1053.38400  672.94332  36.1%   120  496s
   996  1005  675.92689   92  344 1053.38400  672.94332  36.1%   120  509s
H  997  1005                    1028.7120000  672.94332  34.6%   120  509s
  1004  1052  676.01730   93  346 1028.71200  672.94332  34.6%   120  513s
  1051  1116  676.04294   94  347 1028.71200  672.94332  34.6%   120  518s
  1115  1176  676.09260  101  346 1028.71200  672.94332  34.6%   118  523s
  1175  1248  676.15747  106  346 1028.71200  672.94332  34.6%   117  529s
  1247  1304  676.21269  113  346 1028.71200  672.94332  34.6%   116  535s
  1303  1369  676.29485  118  343 1028.71200  672.94332  34.6%   117  543s
  1368  1458  676.57719  122  345 1028.71200  672.94332  34.6%   116  549s
  1457  1534  676.65417  128  348 1028.71200  672.94332  34.6%   114  555s
  1533  1629  676.76930  133  344 1028.71200  672.94332  34.6%   114  562s
  1628  1637  676.86033  139  340 1028.71200  672.94332  34.6%   112  568s
  1636  1667  676.86981  140  342 1028.71200  672.94332  34.6%   112  574s
  1666  1719  676.86981  141  342 1028.71200  672.94332  34.6%   111  581s
  1718  1801  676.87412  142  344 1028.71200  672.94332  34.6%   110  588s
  1800  1894  676.88736  143  343 1028.71200  672.94332  34.6%   109  595s
  1893  1979  676.90276  144  343 1028.71200  672.94332  34.6%   108  604s
  1978  2103  676.92152  146  343 1028.71200  672.94332  34.6%   108  614s
  2102  2225  676.98328  152  343 1028.71200  672.94332  34.6%   106  622s
  2224  2347  677.08991  158  339 1028.71200  672.94332  34.6%   104  630s
  2346  2415  677.20683  166  340 1028.71200  672.94332  34.6%   104  640s
  2414  2532  677.36968  173  337 1028.71200  672.94332  34.6%   103  650s
  2531  2674  677.54353  178  337 1028.71200  672.94332  34.6%   103  660s
  2673  2829  677.63557  187  337 1028.71200  672.94332  34.6%   102  669s
  2828  2956  677.78499  196  338 1028.71200  672.94332  34.6%   101  678s
  2955  2964  677.88883  202  340 1028.71200  672.94332  34.6%   101  691s
  2963  3012  677.89002  203  340 1028.71200  672.94332  34.6%   101  706s
  3011  3115  677.90369  204  338 1028.71200  672.94332  34.6%   101  715s
  3114  3251  677.95399  209  337 1028.71200  672.94332  34.6%   101  741s
  3250  3407  678.09485  221  338 1028.71200  672.94332  34.6%   101  752s
  3406  3573  678.30916  230  346 1028.71200  672.94332  34.6%   100  764s
  3572  3780  678.48641  242  340 1028.71200  672.94332  34.6%   100  780s
  3779  3973  678.65991  254  344 1028.71200  672.94332  34.6%  98.8  797s
  3972  4150  678.79395  267  342 1028.71200  672.94332  34.6%  98.7  809s
  4149  4184  678.93647  281  341 1028.71200  672.94332  34.6%  99.0  822s
  4183  4192  679.16791  282  344 1028.71200  672.94332  34.6%  99.0  848s
  4191  4205  679.29147  283  340 1028.71200  672.94332  34.6%  99.4  881s
  4204  4227  679.40690  289  336 1028.71200  672.94332  34.6%   100  911s
  4226  4248  679.60930  304  339 1028.71200  672.94332  34.6%   100  922s

Cutting planes:
  MIR: 45

Explored 4247 nodes (442262 simplex iterations) in 922.73 seconds (1987.34 work units)
Thread count was 8 (of 40 available processors)

Solution count 10: 1028.71 1053.38 1089.42 ... 1129.39

Time limit reached
Best objective 1.028711999997e+03, best bound 6.729433181407e+02, gap 34.5839%

User-callback calls 274785, time in user-callback 1.94 sec
