
Gurobi 12.0.3 (linux64) logging started Mon Sep 21 19:57:06 2026

Set parameter LogFile to value "/home/nc437/ladder-lite/integer_columns_k15_20260921/results/c5_k15/control_s20260921/704514_r0/mip_gurobi.log"
Set parameter OutputFlag to value 1
Set parameter TimeLimit to value 7200
Set parameter MIPGap to value 0.0001
Set parameter Threads to value 8
Set parameter Seed to value 20260921
Set parameter TimeLimit to value 3600
Gurobi Optimizer version 12.0.3 build v12.0.3rc0 (linux64 - "Ubuntu 24.04.4 LTS")

CPU model: Intel(R) Xeon(R) Gold 6230 CPU @ 2.10GHz, instruction set [SSE2|AVX|AVX2|AVX512]
Thread count: 40 physical cores, 40 logical processors, using up to 8 threads

Non-default parameters:
TimeLimit  3600
Seed  20260921
Threads  8

Optimize a model with 325 rows, 68670 columns and 1811671 nonzeros
Model fingerprint: 0x2cdcb544
Variable types: 0 continuous, 68670 integer (68670 binary)
Coefficient statistics:
  Matrix range     [1e+00, 1e+00]
  Objective range  [1e+00, 1e+00]
  Bounds range     [1e+00, 1e+00]
  RHS range        [1e+00, 1e+00]

Loaded user MIP start with objective 76

Presolve time: 2.72s
Presolved: 325 rows, 68670 columns, 1811671 nonzeros
Variable types: 0 continuous, 68670 integer (68670 binary)

Starting sifting (using dual simplex for sub-problems)...

    Iter     Pivots    Primal Obj      Dual Obj        Time
       0          0     infinity      0.0000000e+00      3s
       1        839   1.7936761e+01   5.1772390e+00      3s
       2       2210   1.7772088e+01   9.1399916e+00      3s
       3       4334   1.6920958e+01   1.1347830e+01      3s
       4       6347   1.6039684e+01   1.2492144e+01      4s
       5       8393   1.5496428e+01   1.3282207e+01      4s
       6      10801   1.5174895e+01   1.3697997e+01      4s
       7      12105   1.5000000e+01   1.5000000e+01      4s

Sifting complete


Root relaxation: objective 1.500000e+01, 12105 iterations, 1.57 seconds (1.91 work units)
Total elapsed time = 14.98s (DegenMoves)

    Nodes    |    Current Node    |     Objective Bounds      |     Work
 Expl Unexpl |  Obj  Depth IntInf | Incumbent    BestBd   Gap | It/Node Time

     0     0   15.00000    0  146   76.00000   15.00000  80.3%     -   17s
H    0     0                      32.0000000   15.00000  53.1%     -   17s
H    0     0                      27.0000000   15.00000  44.4%     -   17s
H    0     0                      26.0000000   15.00000  42.3%     -   17s
H    0     0                      24.0000000   15.00000  37.5%     -   17s
H    0     0                      23.0000000   15.00000  34.8%     -   17s
H    0     0                      22.0000000   15.00000  31.8%     -   17s
H    0     0                      21.0000000   15.00000  28.6%     -   18s
H    0     0                      20.0000000   15.00000  25.0%     -   18s
H    0     0                      18.0000000   15.00000  16.7%     -   21s
     0     0   15.00000    0  154   18.00000   15.00000  16.7%     -   31s
     0     0   15.00000    0  155   18.00000   15.00000  16.7%     -   62s
     0     0   15.00000    0  162   18.00000   15.00000  16.7%     -   77s
     0     0   15.00000    0  162   18.00000   15.00000  16.7%     -   92s
     0     2   15.00000    0  162   18.00000   15.00000  16.7%     -  124s
     1     4   15.00000    1  167   18.00000   15.00000  16.7% 23729  126s
     7    16   15.00000    3  188   18.00000   15.00000  16.7%  4114  132s
    15    24   15.00000    4  191   18.00000   15.00000  16.7%  2462  135s
    23    67   15.00000    5  213   18.00000   15.00000  16.7%  2069  151s
    66    75   15.00000   15  216   18.00000   15.00000  16.7%  3377  176s
    74   105   15.00000   16  242   18.00000   15.00000  16.7%  3114  203s
   104   141   15.00000   17  205   18.00000   15.00000  16.7%  3148  248s
   140   767   15.00000   18  195   18.00000   15.00000  16.7%  2990  329s
   766  1711   15.00000   85  206   18.00000   15.00000  16.7%  2555  386s
  1710  2416   15.00000  124  205   18.00000   15.00000  16.7%  1386  418s
  2415  2629   15.00000  142  202   18.00000   15.00000  16.7%  1024  454s
  2628  3106   15.00000  157  167   18.00000   15.00000  16.7%   955  489s
  3105  3831   15.00000  174  195   18.00000   15.00000  16.7%   827  516s
  3830  4499   15.00000  189  191   18.00000   15.00000  16.7%   694  540s
  4498  5063   15.00000  203  190   18.00000   15.00000  16.7%   608  568s
  5062  5956   15.00000  216  187   18.00000   15.00000  16.7%   556  589s
  5955  6852   15.00000  229  200   18.00000   15.00000  16.7%   483  609s
  6851  7489   15.00000  240  179   18.00000   15.00000  16.7%   429  628s
  7489  7490   15.41363  227  162   18.00000   15.00000  16.7%   398  640s
  7491  7491   15.22730  445  146   18.00000   15.00000  16.7%   398  679s
  7492  7492   15.41370  782  154   18.00000   15.00000  16.7%   398  740s
  7493  7493   15.18011  355  162   18.00000   15.00000  16.7%   398  761s
  7494  7493   15.15359  398  169   18.00000   15.00000  16.7%   398  779s
  7495  7494   15.01743  233  169   18.00000   15.00000  16.7%   398  784s
  7496  7495   15.70093  302  179   18.00000   15.00000  16.7%   398  800s
  7498  7496   15.43457  977  177   18.00000   15.00000  16.7%   398  849s
  7499  7497   15.45508 1066  177   18.00000   15.00000  16.7%   398  863s
  7500  7497   15.58051 1415  177   18.00000   15.00000  16.7%   398  875s
  7501  7501   15.00000   16  165   18.00000   15.00000  16.7%   413  903s
  7503  7504   15.00000   17  182   18.00000   15.00000  16.7%   413  912s
  7507  7511   15.00000   18  180   18.00000   15.00000  16.7%   414  917s
  7523  7541   15.00000   20  189   18.00000   15.00000  16.7%   414  929s
  7550  7541   15.00000   22  192   18.00000   15.00000  16.7%   447  937s
  7559  7543   15.00000   23  184   18.00000   15.00000  16.7%   447  947s
  7564  7551   15.00000   23  197   18.00000   15.00000  16.7%   447  981s
  7574  7558   15.00000   24  200   18.00000   15.00000  16.7%   450  994s
  7584  7574   15.07296   24  224   18.00000   15.00000  16.7%   456 1015s
  7604  7584   15.00000   25  170   18.00000   15.00000  16.7%   499 1041s
  7620  7608   15.00000   25  197   18.00000   15.00000  16.7%   501 1066s
  7650  7606   15.00000   26  197   18.00000   15.00000  16.7%   505 1102s
  7658  7612   15.00000   27  186   18.00000   15.00000  16.7%   513 1153s
  7666  7630   15.00000   27  218   18.00000   15.00000  16.7%   519 1199s
  7687  7675   15.00000   28  158   18.00000   15.00000  16.7%   553 1245s
  7739  7785   15.00000   29  176   18.00000   15.00000  16.7%   560 1302s
  7866  7774   15.00000   32  155   18.00000   15.00000  16.7%   760 1357s
  7898  7801   15.00000   32  199   18.00000   15.00000  16.7%   770 1417s
H 7922  7417                      16.0000000   15.00000  6.25%   799 1417s
  7936  7054   15.61702 1507  162   16.00000   15.00000  6.25%   822 1434s
  7938  7055   15.14644  308  172   16.00000   15.00000  6.25%   822 1465s
  7939  7056   15.80345 1811  168   16.00000   15.00000  6.25%   822 1517s
  7940  7057   15.21211  299  167   16.00000   15.00000  6.25%   822 1534s
  7941  7057   15.14296  299  164   16.00000   15.00000  6.25%   822 1555s
  7943  7059   15.58149  451  176   16.00000   15.00000  6.25%   822 1572s
  7945  7060   15.46322 1095  163   16.00000   15.00000  6.25%   821 1587s
  7946  7061   15.65514 1329  166   16.00000   15.00000  6.25%   821 1602s
  7948  7062   15.68871 1441  161   16.00000   15.00000  6.25%   821 1616s
  7950  7063   15.00000  104  167   16.00000   15.00000  6.25%   821 1630s
  7952  7065   15.00000   12  168   16.00000   15.00000  6.25%   821 1644s
  7953  7065   15.03829   68  168   16.00000   15.00000  6.25%   821 1655s
  7954  7066   15.00937  194  168   16.00000   15.00000  6.25%   820 1688s
  7955  7068   15.60339  488  162   16.00000   15.00000  6.25%   474 1697s
  7957  7069   15.33552  996  180   16.00000   15.00000  6.25%   474 1715s
  7958  7070   15.17320  530  174   16.00000   15.00000  6.25%   474 1741s
  7959  7071   15.02489  247  154   16.00000   15.00000  6.25%   474 1754s
  7960  7071   15.39658  745  163   16.00000   15.00000  6.25%   474 1760s
  7962  7073   15.32457  577  169   16.00000   15.00000  6.25%   474 1767s
  7964  7074   15.05802  331  154   16.00000   15.00000  6.25%   474 1774s
  7965  7075   15.06405   56  145   16.00000   15.00000  6.25%   474 1775s
  7966  7075   15.04369  293  157   16.00000   15.00000  6.25%   474 1780s
  7968  7077   16.00000  567  154   16.00000   15.00000  6.25%   474 1788s
  7970  7078   15.95863  404  153   16.00000   15.00000  6.25%   473 1794s
  7971  7079   15.44198  878  142   16.00000   15.00000  6.25%   473 1795s
  7972  7079   15.00000  145  152   16.00000   15.00000  6.25%   473 1800s
  7974  7081   15.26687  370  152   16.00000   15.00000  6.25%   473 1818s
  7975  7084   15.00000   39  180   16.00000   15.00000  6.25%   488 1827s
  7981  7088   15.00000   41  178   16.00000   15.00000  6.25%   488 1831s
  7995  7103   15.00000   43  164   16.00000   15.00000  6.25%   489 1835s
  8039  7109   15.00000   47  164   16.00000   15.00000  6.25%   491 1841s
  8083  7098 infeasible   49        16.00000   15.00000  6.25%   494 1845s
  8095  7096 infeasible   50        16.00000   15.00000  6.25%   494 1850s
  8109  7096 infeasible   51        16.00000   15.00000  6.25%   494 1856s
  8133  7091 infeasible   52        16.00000   15.00000  6.25%   494 1862s
  8164  7075   15.00000   53  178   16.00000   15.00000  6.25%   496 1869s
  8185  7072   15.00000   54  165   16.00000   15.00000  6.25%   497 1876s
  8197  7086 infeasible   54        16.00000   15.00000  6.25%   497 1885s
  8221  7154 infeasible   55        16.00000   15.00000  6.25%   498 1899s
  8337  7390   15.00000   57  184   16.00000   15.00000  6.25%   501 1922s
  8726  7912   15.00000   92  201   16.00000   15.00000  6.25%   505 1958s
  9530  8249   15.00000  111  215   16.00000   15.00000  6.25%   501 1982s
 10199  8395   15.00000  197  215   16.00000   15.00000  6.25%   492 2002s
 10732  8380 infeasible  268        16.00000   15.00000  6.25%   504 2021s
 11175  8333   15.00000   81  221   16.00000   15.00000  6.25%   525 2041s
 11561  8459   15.00000  156  227   16.00000   15.00000  6.25%   543 2061s
 12022  8600   15.00000  226  226   16.00000   15.00000  6.25%   556 2081s
 12361  8542   15.00000  288  224   16.00000   15.00000  6.25%   553 2101s
 12574  8642   15.00000  316  216   16.00000   15.00000  6.25%   562 2121s
 12979  8713 infeasible  101        16.00000   15.00000  6.25%   574 2141s
 13439  8721   15.00000   53  243   16.00000   15.00000  6.25%   586 2161s
 13780  8781   15.00000   84  252   16.00000   15.00000  6.25%   595 2182s
 14176  8574   15.00000  153  260   16.00000   15.00000  6.25%   603 2201s
 14325  8684   15.00000  154  260   16.00000   15.00000  6.25%   619 2222s
 14794  8945   15.00000  220  265   16.00000   15.00000  6.25%   629 2249s
 15412  8679   15.00000  291  268   16.00000   15.00000  6.25%   631 2264s
 15504  8712   15.00000  292  268   16.00000   15.00000  6.25%   641 2282s
 15759  8787   15.00000  309  228   16.00000   15.00000  6.25%   650 2303s
 16201  8947   15.00000  377  261   16.00000   15.00000  6.25%   659 2323s
 16715  8785   15.00000  444  274   16.00000   15.00000  6.25%   662 2344s
 16902  8818   15.00000  450  274   16.00000   15.00000  6.25%   669 2366s
 17105  8650   15.00000  493  275   16.00000   15.00000  6.25%   673 2388s
 17255  8738   15.00000  510  208   16.00000   15.00000  6.25%   687 2411s
 17643  8527 infeasible  558        16.00000   15.00000  6.25%   691 2434s
 17785  9010   15.00000  516  214   16.00000   15.00000  6.25%   690 2458s
 18375  9400   15.00000  590  228   16.00000   15.00000  6.25%   678 2484s
 19065  9564   15.00000  662  223   16.00000   15.00000  6.25%   670 2508s
 19601  9651   15.00000   58  188   16.00000   15.00000  6.25%   667 2532s
 20079  9529 infeasible  576        16.00000   15.00000  6.25%   666 2558s
 20212  9965 infeasible  125        16.00000   15.00000  6.25%   667 2584s
 20875 10176 infeasible   60        16.00000   15.00000  6.25%   661 2612s
 21477  9985   15.00000  605  236   16.00000   15.00000  6.25%   656 2639s
 21498 10284   15.00000  607  236   16.00000   15.00000  6.25%   656 2667s
 21878 10653   15.00000  711  229   16.00000   15.00000  6.25%   652 2696s
 22522 11000   15.00000   78  215   16.00000   15.00000  6.25%   645 2727s
 23220 11067   15.00000  175  225   16.00000   15.00000  6.25%   637 2758s
 23647 11020   15.00000  223  222   16.00000   15.00000  6.25%   634 2796s
 23823 11260   15.00000  293  220   16.00000   15.00000  6.25%   634 2832s
 24247 11562   15.00000  101  187   16.00000   15.00000  6.25%   633 2867s
 24871 11591 infeasible  163        16.00000   15.00000  6.25%   630 2905s
 25232 11936   15.00000  578  210   16.00000   15.00000  6.25%   630 2943s
 26069 12131 infeasible   75        16.00000   15.00000  6.25%   629 2983s
 26957 12265 infeasible  298        16.00000   15.00000  6.25%   630 3025s
 27857 11969 infeasible  141        16.00000   15.00000  6.25%   632 3067s
 28437 11761   15.00000   56  164   16.00000   15.00000  6.25%   641 3110s
 28973 11458   15.00000  136  179   16.00000   15.00000  6.25%   644 3152s
 29743 11481   15.00000  539  203   16.00000   15.00000  6.25%   641 3195s
 30357 11394   15.00000  638  204   16.00000   15.00000  6.25%   646 3239s
 31080 11702 infeasible  557        16.00000   15.00000  6.25%   658 3284s
 31738 11886   15.00000  597  193   16.00000   15.00000  6.25%   656 3594s
 32110 11883 infeasible  518        16.00000   15.00000  6.25%   654 3600s

Cutting planes:
  Flow cover: 27

Explored 32127 nodes (24074830 simplex iterations) in 3600.12 seconds (8135.47 work units)
Thread count was 8 (of 40 available processors)

Solution count 10: 16 18 20 ... 32

Time limit reached
Best objective 1.600000000000e+01, best bound 1.500000000000e+01, gap 6.2500%

User-callback calls 641124, time in user-callback 3.72 sec
Set parameter TimeLimit to value 3.5978339767456055e+03
Gurobi Optimizer version 12.0.3 build v12.0.3rc0 (linux64 - "Ubuntu 24.04.4 LTS")

CPU model: Intel(R) Xeon(R) Gold 6230 CPU @ 2.10GHz, instruction set [SSE2|AVX|AVX2|AVX512]
Thread count: 40 physical cores, 40 logical processors, using up to 8 threads

Non-default parameters:
TimeLimit  3.5978339767456055e+03
Seed  20260921
Threads  8

Optimize a model with 326 rows, 68670 columns and 1880341 nonzeros
Model fingerprint: 0x91f9d844
Variable types: 0 continuous, 68670 integer (68670 binary)
Coefficient statistics:
  Matrix range     [1e+00, 1e+00]
  Objective range  [2e+01, 2e+02]
  Bounds range     [1e+00, 1e+00]
  RHS range        [1e+00, 2e+01]

Loaded user MIP start with objective 1135.46
MIP start from previous solve did not produce a new incumbent solution

Presolve time: 2.74s
Presolved: 326 rows, 68670 columns, 1880341 nonzeros
Variable types: 0 continuous, 68670 integer (68670 binary)

Starting sifting (using dual simplex for sub-problems)...

    Iter     Pivots    Primal Obj      Dual Obj        Time
       0          0     infinity      0.0000000e+00      3s
       1       1496   3.0537386e+06   5.3098740e+01      3s
       2       3644   4.9571470e+05   7.3355160e+01      3s
       3       5435   8.2746216e+02   3.0207967e+02      4s
       4       7335   6.9404287e+02   4.7838894e+02      4s
       5       9317   6.6004746e+02   5.8077826e+02      5s
       6      11365   6.4239729e+02   6.0995436e+02      5s
       7      13132   6.3960408e+02   6.2943856e+02      6s
       8      14537   6.3947595e+02   6.3694683e+02      6s

Sifting complete


Root simplex log...

Iteration    Objective       Primal Inf.    Dual Inf.      Time
   15437    6.3947248e+02   0.000000e+00   0.000000e+00      7s

Root relaxation: objective 6.394725e+02, 15437 iterations, 3.87 seconds (5.29 work units)

    Nodes    |    Current Node    |     Objective Bounds      |     Work
 Expl Unexpl |  Obj  Depth IntInf | Incumbent    BestBd   Gap | It/Node Time

     0     0  639.47248    0  310 1135.45600  639.47248  43.7%     -    6s
H    0     0                    1133.4720000  639.47248  43.6%     -   14s
H    0     0                    1113.5920000  639.47248  42.6%     -   14s
     0     0  639.94458    0  316 1113.59200  639.94458  42.5%     -   19s
     0     0  640.04914    0  318 1113.59200  640.04914  42.5%     -   40s
     0     0  640.14602    0  322 1113.59200  640.14602  42.5%     -   44s
H    0     0                    1086.2720000  640.14602  41.1%     -   47s
     0     0  640.18262    0  327 1086.27200  640.18262  41.1%     -   48s
     0     0  640.27754    0  321 1086.27200  640.27754  41.1%     -   52s
     0     0  640.28385    0  328 1086.27200  640.28385  41.1%     -   55s
     0     0  640.28385    0  328 1086.27200  640.28385  41.1%     -   56s
     0     0  640.28838    0  327 1086.27200  640.28838  41.1%     -   57s
     0     0  640.29733    0  332 1086.27200  640.29733  41.1%     -   60s
     0     0  640.29759    0  332 1086.27200  640.29759  41.1%     -   63s
     0     0  640.34229    0  333 1086.27200  640.34229  41.1%     -   64s
     0     0  640.34229    0  334 1086.27200  640.34229  41.1%     -   64s
     0     0  640.35012    0  332 1086.27200  640.35012  41.1%     -   65s
H    0     0                    1052.7120000  640.35012  39.2%     -   70s
     0     0  640.35238    0  332 1052.71200  640.35238  39.2%     -   75s
H    0     2                    1051.9680000  640.35238  39.1%     -  138s
     0     2  640.35238    0  331 1051.96800  640.35238  39.1%     -  138s
     1     4  640.37178    1  331 1051.96800  640.35492  39.1%   163  145s
     3     8  640.38127    2  330 1051.96800  640.37378  39.1%   766  154s
     7    14  640.41337    3  332 1051.96800  640.38231  39.1%  1060  163s
    13    21  640.43443    4  335 1051.96800  640.38231  39.1%  1016  174s
    20    52  640.51108    5  331 1051.96800  640.38231  39.1%   911  184s
    51    60  641.26789   10  319 1051.96800  640.38231  39.1%   547  191s
    59    68  641.27596   11  320 1051.96800  640.38231  39.1%   582  203s
    67    76  641.28297   12  322 1051.96800  640.38231  39.1%   561  207s
H   71    76                    1036.3040000  640.38231  38.2%   551  207s
    75   107  641.35688   13  325 1036.30400  640.38231  38.2%   549  212s
   106   127  641.57423   17  323 1036.30400  640.38231  38.2%   459  215s
   150   172  641.86932   24  317 1036.30400  640.38231  38.2%   393  226s
H  155   172                    1028.9440000  640.38231  37.8%   384  226s
H  168   172                    1023.8640000  640.38231  37.5%   366  226s
   196   205  642.07188   31  320 1023.86400  640.38231  37.5%   337  235s
   204   213  642.21970   32  318 1023.86400  640.38231  37.5%   332  246s
H  206   213                    1021.8800000  640.38231  37.3%   329  246s
   238   247  642.31126   38  314 1021.88000  640.38231  37.3%   306  255s
   246   255  642.32989   39  317 1021.88000  640.38231  37.3%   300  276s
   254   262  642.39474   40  317 1021.88000  640.38231  37.3%   297  283s
   261   270  642.39735   41  316 1021.88000  640.38231  37.3%   294  288s
   269   278  642.40383   42  318 1021.88000  640.38231  37.3%   290  291s
   285   294  642.53514   44  318 1021.88000  640.38231  37.3%   285  298s
   293   301  642.54685   45  316 1021.88000  640.38231  37.3%   283  306s
   300   309  642.56409   46  317 1021.88000  640.38231  37.3%   280  310s
   308   317  642.56818   47  314 1021.88000  640.38231  37.3%   276  316s
   316   325  642.57578   48  315 1021.88000  640.38231  37.3%   272  321s
   332   341  642.65574   50  315 1021.88000  640.38231  37.3%   267  328s
   340   349  642.65938   51  316 1021.88000  640.38231  37.3%   263  331s
   348   357  642.66524   52  314 1021.88000  640.38231  37.3%   261  360s
   356   365  642.74274   53  316 1021.88000  640.38231  37.3%   258  368s
   364   373  642.75857   54  319 1021.88000  640.38231  37.3%   255  374s
   372   381  642.79463   55  319 1021.88000  640.38231  37.3%   253  384s
   380   388  642.79776   56  320 1021.88000  640.38231  37.3%   251  394s
   387   396  642.80150   57  319 1021.88000  640.38231  37.3%   249  402s
   395   403  642.80386   58  320 1021.88000  640.38231  37.3%   249  412s
   402   415  642.85043   59  320 1021.88000  640.38231  37.3%   247  419s
   414   428  642.85729   60  321 1021.88000  640.38231  37.3%   245  428s
   427   435  642.88558   61  318 1021.88000  640.38231  37.3%   248  439s
   434   441  642.89467   62  321 1021.88000  640.38231  37.3%   248  449s
   440   448  642.89773   63  318 1021.88000  640.38231  37.3%   247  460s
   447   460  642.89938   64  320 1021.88000  640.38231  37.3%   246  467s
   459   478  642.90027   65  321 1021.88000  640.38231  37.3%   243  474s
   477   507  642.99621   67  318 1021.88000  640.38231  37.3%   239  481s
H  506   515                    1002.7440000  640.38231  36.1%   232  492s
   514   594  643.25003   80  312 1002.74400  640.38231  36.1%   231  499s
   593   602  643.54897   89  324 1002.74400  640.38231  36.1%   222  516s
H  594   602                     994.0640000  640.38231  35.6%   222  516s
   601   634  643.58337   90  320  994.06400  640.38231  35.6%   221  533s
   633   713  643.78962   93  317  994.06400  640.38231  35.6%   220  540s
   712   807  644.11757  104  323  994.06400  640.38231  35.6%   217  548s
   806   871  644.29283  114  316  994.06400  640.38231  35.6%   209  560s
   870   944  644.45227  123  324  994.06400  640.38231  35.6%   210  571s
   943  1022  644.66832  134  325  994.06400  640.38231  35.6%   212  581s
  1021  1090  644.92740  145  314  994.06400  640.38231  35.6%   212  593s
  1089  1184  645.09063  158  317  994.06400  640.38231  35.6%   215  601s
  1183  1277  645.40480  170  317  994.06400  640.38231  35.6%   212  609s
  1276  1367  645.62090  184  316  994.06400  640.38231  35.6%   210  617s
  1366  1467  645.86073  195  314  994.06400  640.38231  35.6%   209  628s
  1466  1568  646.21588  211  322  994.06400  640.38231  35.6%   208  643s
  1567  1684  646.58652  229  315  994.06400  640.38231  35.6%   206  657s
  1683  1692  647.03825  242  316  994.06400  640.38231  35.6%   203  681s
  1691  1700  647.04691  243  316  994.06400  640.38231  35.6%   203  709s
  1699  1708  647.04956  244  311  994.06400  640.38231  35.6%   203  724s
  1707  1730  647.05108  245  316  994.06400  640.38231  35.6%   203  741s
  1729  1795  647.05590  246  313  994.06400  640.38231  35.6%   203  759s
  1794  1918  647.18690  257  319  994.06400  640.38231  35.6%   202  772s
  1917  2052  647.36679  283  310  994.06400  640.38231  35.6%   199  788s
  2051  2217  647.63907  309  316  994.06400  640.38231  35.6%   196  805s
  2216  2338  647.96725  330  315  994.06400  640.38231  35.6%   192  818s
  2337  2482  648.23547  350  317  994.06400  640.38231  35.6%   193  833s
  2481  2675  648.24732  351  319  994.06400  640.38231  35.6%   190  847s
  2674  2854  648.25546  352  317  994.06400  640.38231  35.6%   186  863s
  2853  3045  648.32649  353  315  994.06400  640.38231  35.6%   183  877s
  3044  3271  648.34045  354  310  994.06400  640.38231  35.6%   180  893s
  3270  3474  648.36913  355  312  994.06400  640.38231  35.6%   176  910s
  3473  3702  648.41647  356  316  994.06400  640.38231  35.6%   173  928s
  3701  4017  648.63179  376  311  994.06400  640.38231  35.6%   169  944s
  4016  4296  648.95891  416  312  994.06400  640.38231  35.6%   164  960s
  4295  4589  649.35142  454  313  994.06400  640.38231  35.6%   161  978s
  4588  4921  649.73710  496  314  994.06400  640.38231  35.6%   158  995s
  4920  5277  650.34241  530  313  994.06400  640.38231  35.6%   155 1013s
  5276  5663  650.84149  567  318  994.06400  640.38231  35.6%   151 1034s
  5662  5990  651.33873  613  311  994.06400  640.38231  35.6%   148 1055s
  5989  6355  651.80917  651  310  994.06400  640.38231  35.6%   146 1076s
  6354  6733  652.24529  711  320  994.06400  640.38231  35.6%   143 1098s
  6732  7068  652.93972  753  319  994.06400  640.38231  35.6%   141 1121s
  7067  7525  653.74303  807  308  994.06400  640.38231  35.6%   140 1148s
  7525  7526  695.85658  426  332  994.06400  640.38231  35.6%   138 1171s
  7527  7527  707.29489  785  310  994.06400  640.38231  35.6%   138 1206s
  7528  7528  668.80901  137  316  994.06400  640.38231  35.6%   138 1250s
  7529  7529  689.47792  354  322  994.06400  640.38231  35.6%   138 1257s
  7532  7531  673.50562  514  331  994.06400  640.68712  35.5%   138 1268s
  7533  7531  645.53285  178  327  994.06400  640.77957  35.5%   138 1287s
  7535  7533  652.16452  706  336  994.06400  641.07335  35.5%   138 1290s
  7537  7534  690.88839  660  339  994.06400  641.12621  35.5%   138 1299s
  7538  7535  692.59637  487  340  994.06400  641.29659  35.5%   138 1317s
  7541  7537  717.63987  616  345  994.06400  641.51527  35.5%   137 1321s
  7545  7539  668.36229   55  353  994.06400  641.58769  35.5%   137 1329s
  7546  7540  689.49475  596  352  994.06400  641.61443  35.5%   137 1340s
  7548  7541  684.30363  196  350  994.06400  641.63201  35.5%   137 1348s
  7551  7545  673.97167  537  332  994.06400  641.63201  35.5%   140 1352s
  7553  7546  649.05071  433  310  994.06400  641.63201  35.5%   140 1387s
  7554  7547  692.58219  780  316  994.06400  641.63201  35.5%   140 1431s
  7555  7548  676.90050  730  321  994.06400  641.63728  35.5%   140 1438s
  7556  7548  675.13470  623  327  994.06400  641.63728  35.5%   140 1440s
  7560  7551  712.46323 1021  339  994.06400  641.63728  35.5%   140 1453s
  7561  7552  697.88340  482  340  994.06400  641.63728  35.5%   140 1483s
  7562  7552  695.24723  653  340  994.06400  641.63728  35.5%   140 1490s
  7563  7553  689.02231  299  340  994.06400  641.90318  35.4%   140 2429s
  7564  7557  641.90318   27  342  994.06400  641.90318  35.4%   142 2565s
  7566  7560  641.90318   28  341  994.06400  641.90318  35.4%   142 2582s
  7570  7567  641.90318   29  341  994.06400  641.90318  35.4%   143 2597s
  7578  7572  641.90318   30  341  994.06400  641.90318  35.4%   144 2602s
  7586  7589  641.90318   31  343  994.06400  641.90318  35.4%   145 2615s
  7606  7596  641.90318   33  342  994.06400  641.90318  35.4%   147 2630s
  7619  7604  641.90318   34  339  994.06400  641.90318  35.4%   148 2644s
  7632  7612  641.91676   35  343  994.06400  641.90318  35.4%   149 2657s
  7644  7616  641.98353   36  339  994.06400  641.90318  35.4%   151 2671s
  7652  7621  651.08261   36  305  994.06400  641.90318  35.4%   151 2687s
  7660  7627  642.04362   37  340  994.06400  641.90318  35.4%   153 2696s
  7668  7629  657.95655   37  266  994.06400  641.90318  35.4%   154 2709s
  7673  7635  642.07941   38  340  994.06400  641.90318  35.4%   155 2719s
  7681  7641  653.32835   38  290  994.06400  641.90318  35.4%   156 2733s
  7689  7646  642.16329   39  336  994.06400  641.90318  35.4%   158 2750s
  7697  7652  662.57719   39  286  994.06400  641.90318  35.4%   158 2763s
  7706  7659  642.18131   40  338  994.06400  641.90318  35.4%   160 2776s
  7716  7663  694.65968   40  253  994.06400  641.90318  35.4%   161 2791s
  7723  7675  642.22814   41  338  994.06400  641.90318  35.4%   163 2804s
  7737  7681  654.79995   41  290  994.06400  641.90318  35.4%   164 2814s
  7748  7689  642.25421   42  340  994.06400  641.90318  35.4%   166 2831s
  7760  7693  661.76919   42  261  994.06400  641.90318  35.4%   167 2873s
  7768  7699  642.28664   43  338  994.06400  641.90318  35.4%   168 2886s
  7776  7710  654.79158   43  292  994.06400  641.90318  35.4%   171 2898s
  7790  7720  642.29457   44  337  994.06400  641.90318  35.4%   172 2915s
  7805  7728  642.32259   45  335  994.06400  641.90318  35.4%   174 2931s
  7818  7742  642.38174   46  341  994.06400  641.90318  35.4%   177 2948s
  7836  7755  642.42247   47  338  994.06400  641.90318  35.4%   179 2965s
  7855  7767  642.45846   48  338  994.06400  641.90318  35.4%   181 2982s
  7873  7781  642.57487   49  340  994.06400  641.90318  35.4%   183 3002s
  7893  7797  642.59171   50  338  994.06400  641.90318  35.4%   186 3023s
  7916  7797  653.72316   51  299  994.06400  641.90318  35.4%   189 3058s
  7924  7805  642.62797   52  333  994.06400  641.90318  35.4%   190 3082s
  7934  7809  652.92485   53  300  994.06400  641.90318  35.4%   192 3125s
  7942  7822  642.68099   54  337  994.06400  641.90318  35.4%   192 3148s
  7957  7840  653.98000   55  296  994.06400  641.90318  35.4%   194 3172s
  7980  7860  642.76572   57  340  994.06400  641.90318  35.4%   197 3195s
  8008  7882  642.81309   59  338  994.06400  641.90318  35.4%   200 3219s
  8039  7896  642.96534   61  339  994.06400  641.90318  35.4%   204 3244s
  8064  7926  642.97167   62  338  994.06400  641.90318  35.4%   208 3268s
  8102  7951  643.05258   64  341  994.06400  641.90318  35.4%   213 3292s
  8140  7977  643.09088   66  334  994.06400  641.90318  35.4%   217 3318s
  8178  8007  643.12818   68  333  994.06400  641.90318  35.4%   222 3344s
  8221  8035  643.20990   70  334  994.06400  641.90318  35.4%   227 3371s
  8263  8053  643.23987   72  337  994.06400  641.90318  35.4%   232 3406s
  8295  8081  657.66008   72  285  994.06400  641.90318  35.4%   235 3437s
  8334  8082  659.78657   73  282  994.06400  641.90318  35.4%   240 3475s
  8348  8113  643.26775   74  339  994.06400  641.90318  35.4%   242 3509s
  8384  8156  643.41414   75  333  994.06400  641.90318  35.4%   247 3543s
  8439  8191  655.25643   77  290  994.06400  641.90318  35.4%   253 3578s
  8492  8200  643.61311   80  331  994.06400  641.90318  35.4%   259 3597s

Cutting planes:
  MIR: 8
  Flow cover: 45

Explored 8519 nodes (2251177 simplex iterations) in 3597.87 seconds (7414.34 work units)
Thread count was 8 (of 40 available processors)

Solution count 10: 994.064 1002.74 1021.88 ... 1113.59

Time limit reached
Best objective 9.940639999968e+02, best bound 6.419031809993e+02, gap 35.4264%

User-callback calls 604114, time in user-callback 3.94 sec
