
Gurobi 12.0.3 (linux64) logging started Tue Sep 22 01:40:27 2026

Set parameter LogFile to value "/home/nc437/ladder-lite/mip_structure_20260922/results/c4_k08_fresh/presparsify1/729449_r0/gurobi.log"
Set parameter Threads to value 8
Set parameter Seed to value 0
Set parameter MIPGap to value 0.0001
Set parameter PreSparsify to value 1
Set parameter TimeLimit to value 1800
Gurobi Optimizer version 12.0.3 build v12.0.3rc0 (linux64 - "Ubuntu 24.04.4 LTS")

CPU model: AMD EPYC 7642 48-Core Processor, instruction set [SSE2|AVX|AVX2]
Thread count: 96 physical cores, 96 logical processors, using up to 8 threads

Non-default parameters:
TimeLimit  1800
PreSparsify  1
Threads  8

Optimize a model with 188 rows, 39668 columns and 1057136 nonzeros
Model fingerprint: 0xabb8f622
Variable types: 0 continuous, 39668 integer (39668 binary)
Coefficient statistics:
  Matrix range     [1e+00, 1e+00]
  Objective range  [1e+00, 1e+00]
  Bounds range     [1e+00, 1e+00]
  RHS range        [1e+00, 1e+00]

Loaded user MIP start with objective 59

Sparsify removed 160032 nonzeros (15%)
Presolve removed 0 rows and 414 columns
Presolve time: 2.63s
Presolved: 188 rows, 39254 columns, 888198 nonzeros
Variable types: 0 continuous, 39254 integer (39216 binary)

Starting sifting (using dual simplex for sub-problems)...

    Iter     Pivots    Primal Obj      Dual Obj        Time
       0          0     infinity      0.0000000e+00      3s
       1        395   9.6846168e+00   4.0636168e+00      3s
       2        815   9.1061353e+00   5.0912107e+00      3s
       3       1414   8.4636334e+00   6.3550244e+00      3s
       4       2293   8.2106106e+00   6.8105199e+00      3s
       5       3481   8.0610066e+00   7.2190117e+00      3s
       6       4303   8.0000000e+00   7.2952703e+00      3s
       7       5127   8.0000000e+00   8.0000000e+00      3s

Sifting complete


Root relaxation: objective 8.000000e+00, 5127 iterations, 0.35 seconds (0.52 work units)

    Nodes    |    Current Node    |     Objective Bounds      |     Work
 Expl Unexpl |  Obj  Depth IntInf | Incumbent    BestBd   Gap | It/Node Time

     0     0    8.00000    0   90   59.00000    8.00000  86.4%     -    5s
H    0     0                      21.0000000    8.00000  61.9%     -    5s
H    0     0                      19.0000000    8.00000  57.9%     -    5s
H    0     0                      15.0000000    8.00000  46.7%     -    5s
H    0     0                      14.0000000    8.00000  42.9%     -    6s
H    0     0                      13.0000000    8.00000  38.5%     -    6s
H    0     0                      12.0000000    8.00000  33.3%     -    6s
H    0     0                      11.0000000    8.00000  27.3%     -    6s
H    0     0                      10.0000000    8.00000  20.0%     -    9s
     0     0    8.00000    0  109   10.00000    8.00000  20.0%     -   17s
     0     0    8.00000    0  110   10.00000    8.00000  20.0%     -   24s
     0     0    8.00000    0  104   10.00000    8.00000  20.0%     -   33s
     0     0    8.00000    0  107   10.00000    8.00000  20.0%     -   39s
     0     0    8.00000    0  109   10.00000    8.00000  20.0%     -   43s
     0     0    8.00000    0  113   10.00000    8.00000  20.0%     -   44s
     0     0    8.00000    0   87   10.00000    8.00000  20.0%     -   52s
     0     0    8.00000    0   77   10.00000    8.00000  20.0%     -   57s
H    0     0                       9.0000000    8.00000  11.1%     -   62s
     0     0    8.00000    0  100    9.00000    8.00000  11.1%     -   76s
     0     0    8.00000    0  118    9.00000    8.00000  11.1%     -   81s
     0     0    8.00000    0  120    9.00000    8.00000  11.1%     -   89s
     0     0    8.00000    0   84    9.00000    8.00000  11.1%     -  101s
     0     0    8.00000    0  106    9.00000    8.00000  11.1%     -  103s
     0     0    8.00000    0  101    9.00000    8.00000  11.1%     -  111s
     0     0    8.00000    0  101    9.00000    8.00000  11.1%     -  117s
     0     2    8.00000    0   88    9.00000    8.00000  11.1%     -  129s
     1     3    8.00000    1  104    9.00000    8.00000  11.1% 20005  131s
    13     6    8.00000    5  109    9.00000    8.00000  11.1%  2552  135s
    62    26 infeasible   14         9.00000    8.00000  11.1%  1998  142s
    73    29 infeasible   15         9.00000    8.00000  11.1%  2164  145s
    92    32 infeasible   13         9.00000    8.00000  11.1%  2180  150s
   113    39 infeasible   19         9.00000    8.00000  11.1%  2160  157s
   132    82    8.00000   15  115    9.00000    8.00000  11.1%  2362  161s
   187    88    8.00000   19  132    9.00000    8.00000  11.1%  2275  168s
   247    76 infeasible   36         9.00000    8.00000  11.1%  2409  178s
   269    56 infeasible   23         9.00000    8.00000  11.1%  2490  188s
   309    80 infeasible   31         9.00000    8.00000  11.1%  2695  195s
   355    75 infeasible   40         9.00000    8.00000  11.1%  2576  206s
   374   101    8.00000   40  100    9.00000    8.00000  11.1%  2644  217s
   422   285    8.00000   41  102    9.00000    8.00000  11.1%  2605  230s
   666   436 infeasible  126         9.00000    8.00000  11.1%  2437  256s
   955   689 infeasible  160         9.00000    8.00000  11.1%  2392  295s
  1458   796 infeasible  138         9.00000    8.00000  11.1%  2431  329s
  1807   788 infeasible  111         9.00000    8.00000  11.1%  2606  362s
  2081   668 infeasible   39         9.00000    8.00000  11.1%  2679  400s
  2521   349 infeasible  262         9.00000    8.00000  11.1%  2777  438s
  2854   548 infeasible   89         9.00000    8.00000  11.1%  2979  476s
  3359   688 infeasible  474         9.00000    8.00000  11.1%  2831  517s
  4010   689    8.00000  395   77    9.00000    8.00000  11.1%  2709  534s
  4012   690    8.00000  147   97    9.00000    8.00000  11.1%  2708  540s
  4018   696    8.00000  273  122    9.00000    8.00000  11.1%  2710  547s
  4020   697    8.00000   79   96    9.00000    8.00000  11.1%  2708  552s
  4022   699    8.00000  302  108    9.00000    8.00000  11.1%  2707  557s
  4024   700    8.00000  172  106    9.00000    8.00000  11.1%  2706  561s
  4026   701    8.00000   82   97    9.00000    8.00000  11.1%  2704  569s
  4027   702    8.00000  135  102    9.00000    8.00000  11.1%  2704  571s
  4028   703    8.00000  182  104    9.00000    8.00000  11.1%  2703  588s
  4029   703    8.00000  387   93    9.00000    8.00000  11.1%  2702  591s
  4032   705    8.00000  506   91    9.00000    8.00000  11.1%  2700  599s
  4033   707    8.00000  407   77    9.00000    8.00000  11.1%  2740  600s
  4036   709    8.00000   92  112    9.00000    8.00000  11.1%  2738  605s
  4040   712    8.00000  235   98    9.00000    8.00000  11.1%  2735  611s
  4046   716    8.00000   90   96    9.00000    8.00000  11.1%  2731  615s
  4066   722    8.00000   47  113    9.00000    8.00000  11.1%  2732  620s
  4220   714    8.00000   63   99    9.00000    8.00000  11.1%  2645  626s
  4290   697    8.00000   67   87    9.00000    8.00000  11.1%  2610  630s
  4474   675 infeasible   68         9.00000    8.00000  11.1%  2516  637s
  4886   489    8.00000   72   83    9.00000    8.00000  11.1%  2338  641s
  5017   562 infeasible   93         9.00000    8.00000  11.1%  2284  646s
  5432   547 infeasible   76         9.00000    8.00000  11.1%  2131  652s
  5807   521    8.00000  104  126    9.00000    8.00000  11.1%  2016  656s
  6164   282 infeasible  145         9.00000    8.00000  11.1%  1917  668s
  6300   299    8.00000  110  110    9.00000    8.00000  11.1%  1895  672s
  6390   281    8.00000  111  116    9.00000    8.00000  11.1%  1873  682s
  6428   231    8.00000  112  116    9.00000    8.00000  11.1%  1866  686s
  6516   254    8.00000  113  120    9.00000    8.00000  11.1%  1849  690s
  6972   393    8.00000  115  117    9.00000    8.00000  11.1%  1743  701s
  7134   365    8.00000  140  121    9.00000    8.00000  11.1%  1712  707s
  7844   294 infeasible  174         9.00000    8.00000  11.1%  1593  715s
  7943   177    8.00000  118   90    9.00000    8.00000  11.1%  1584  720s
  8288   153    8.00000  227  105    9.00000    8.00000  11.1%  1541  725s
  8536   149 infeasible  155         9.00000    8.00000  11.1%  1510  732s
  8610   176    8.00000  133   97    9.00000    8.00000  11.1%  1504  735s
  8845   115 infeasible  189         9.00000    8.00000  11.1%  1474  742s
  8924   119 infeasible  138         9.00000    8.00000  11.1%  1469  746s
  9163    55 infeasible  166         9.00000    8.00000  11.1%  1442  752s
  9562     4 infeasible  170         9.00000    8.00000  11.1%  1401  755s

Cutting planes:
  MIR: 1
  Flow cover: 4
  Inf proof: 2

Explored 9623 nodes (13569335 simplex iterations) in 756.05 seconds (1675.61 work units)
Thread count was 8 (of 96 available processors)

Solution count 10: 9 10 11 ... 59

Optimal solution found (tolerance 1.00e-04)
Best objective 9.000000000000e+00, best bound 9.000000000000e+00, gap 0.0000%

User-callback calls 213356, time in user-callback 0.28 sec
