
Gurobi 12.0.3 (linux64) logging started Tue Sep 22 00:06:38 2026

Set parameter LogFile to value "/home/nc437/ladder-lite/integer_columns_k15_20260921/salvage_20260922/results/c5_k15/job_728185_r0/mip_gurobi.log"
Set parameter OutputFlag to value 1
Set parameter TimeLimit to value 3266
Set parameter MIPGap to value 0.0001
Set parameter Threads to value 8
Set parameter Seed to value 20260921
Set parameter TimeLimit to value 1633
Gurobi Optimizer version 12.0.3 build v12.0.3rc0 (linux64 - "Ubuntu 24.04.4 LTS")

CPU model: Intel(R) Xeon(R) Gold 5218R CPU @ 2.10GHz, instruction set [SSE2|AVX|AVX2|AVX512]
Thread count: 40 physical cores, 40 logical processors, using up to 8 threads

Non-default parameters:
TimeLimit  1633
Seed  20260921
Threads  8

Optimize a model with 325 rows, 88607 columns and 2385499 nonzeros
Model fingerprint: 0xc30d798b
Variable types: 0 continuous, 88607 integer (88607 binary)
Coefficient statistics:
  Matrix range     [1e+00, 1e+00]
  Objective range  [1e+00, 1e+00]
  Bounds range     [1e+00, 1e+00]
  RHS range        [1e+00, 1e+00]

Loaded user MIP start with objective 75

Presolve time: 3.83s
Presolved: 325 rows, 88607 columns, 2385499 nonzeros
Variable types: 0 continuous, 88607 integer (88607 binary)

Starting sifting (using dual simplex for sub-problems)...

    Iter     Pivots    Primal Obj      Dual Obj        Time
       0          0     infinity      0.0000000e+00      4s
       1        840   1.7922074e+01   6.0639394e+00      4s
       2       2793   1.7460344e+01   9.5002281e+00      4s
       3       4780   1.6753724e+01   1.1459098e+01      5s
       4       6657   1.5896278e+01   1.2399544e+01      5s
       5       8749   1.5439287e+01   1.3016844e+01      5s
       6      10811   1.5173953e+01   1.3577407e+01      5s
       7      12295   1.5000000e+01   1.3716518e+01      6s
       8      13691   1.5000000e+01   1.3910152e+01      6s
       9      14997   1.5000000e+01   1.5000000e+01      6s

Sifting complete


Root simplex log...

Iteration    Objective       Primal Inf.    Dual Inf.      Time
   14997    1.5000000e+01   0.000000e+00   0.000000e+00      6s

Root relaxation: objective 1.500000e+01, 14997 iterations, 1.95 seconds (2.50 work units)

    Nodes    |    Current Node    |     Objective Bounds      |     Work
 Expl Unexpl |  Obj  Depth IntInf | Incumbent    BestBd   Gap | It/Node Time

     0     0   15.00000    0  133   75.00000   15.00000  80.0%     -   18s
H    0     0                      34.0000000   15.00000  55.9%     -   18s
H    0     0                      26.0000000   15.00000  42.3%     -   18s
H    0     0                      25.0000000   15.00000  40.0%     -   18s
H    0     0                      23.0000000   15.00000  34.8%     -   18s
H    0     0                      22.0000000   15.00000  31.8%     -   18s
H    0     0                      21.0000000   15.00000  28.6%     -   19s
H    0     0                      19.0000000   15.00000  21.1%     -   19s
     0     0   15.00000    0  144   19.00000   15.00000  21.1%     -   24s
H    0     0                      18.0000000   15.00000  16.7%     -   30s
     0     0   15.00000    0  146   18.00000   15.00000  16.7%     -   65s
     0     0   15.00000    0  144   18.00000   15.00000  16.7%     -   83s
     0     0   15.00000    0  137   18.00000   15.00000  16.7%     -   85s
     0     0   15.00000    0  137   18.00000   15.00000  16.7%     -  100s
     0     0   15.00000    0  137   18.00000   15.00000  16.7%     -  102s
     0     0   15.00000    0  146   18.00000   15.00000  16.7%     -  116s
     0     0   15.00000    0  146   18.00000   15.00000  16.7%     -  132s
     0     2   15.00000    0  146   18.00000   15.00000  16.7%     -  199s
     1     4   15.00000    1  168   18.00000   15.00000  16.7%  6803  202s
     3     8   15.00000    2  175   18.00000   15.00000  16.7%  2945  205s
     7    15   15.00000    3  170   18.00000   15.00000  16.7%  1776  214s
    14    23   15.00000    4  199   18.00000   15.00000  16.7%  1360  223s
    22    63   15.00000    5  220   18.00000   15.00000  16.7%  1371  234s
    62    71   15.00000   10  214   18.00000   15.00000  16.7%  3217  246s
H   64    71                      17.0000000   15.00000  11.8%  3130  246s
    70   189   15.00000   11  232   17.00000   15.00000  11.8%  2947  260s
   188   197   15.00000   30  220   17.00000   15.00000  11.8%  3493  286s
   196   205   15.00000   31  200   17.00000   15.00000  11.8%  3374  320s
   204   243   15.00000   32  198   17.00000   15.00000  11.8%  3273  377s
   242   504   15.00000   33  220   17.00000   15.00000  11.8%  3297  441s
   503  1432   15.00000   64  266   17.00000   15.00000  11.8%  3916  560s
  1431  1999   15.00000  183  220   17.00000   15.00000  11.8%  3830  621s
  1998  2443   15.00000  227  206   17.00000   15.00000  11.8%  2975  681s
  2442  2988   15.00000  235  206   17.00000   15.00000  11.8%  2456  732s
  2987  3381   15.00000  252  201   17.00000   15.00000  11.8%  2037  784s
  3396  3840   15.00000  265  183   17.00000   15.00000  11.8%  1811  834s
  3855  4385   15.00000  282  173   17.00000   15.00000  11.8%  1620  883s
  4400  4995   15.00000  301  173   17.00000   15.00000  11.8%  1441  932s
  5010  5635   15.00000  320  196   17.00000   15.00000  11.8%  1283  976s
  5650  6052   15.00000  336  195   17.00000   15.00000  11.8%  1153 1013s
  6067  6626   15.00000  350  186   17.00000   15.00000  11.8%  1084 1050s
  6641  7165   15.00000  366  185   17.00000   15.00000  11.8%  1001 1089s
  7180  7429   15.00000  381  187   17.00000   15.00000  11.8%   935 1140s
  7445  7430   15.00164  166  146   17.00000   15.00000  11.8%   907 1156s
  7447  7431   15.00000   86  133   17.00000   15.00000  11.8%   907 1187s
  7448  7432   15.85485  791  153   17.00000   15.00000  11.8%   907 1243s
  7449  7433   15.00000  244  149   17.00000   15.00000  11.8%   907 1260s
  7450  7433   15.13875  198  147   17.00000   15.00000  11.8%   907 1281s
  7451  7434   15.19812  970  142   17.00000   15.00000  11.8%   907 1286s
  7452  7435   15.00000   77  133   17.00000   15.00000  11.8%   906 1306s
  7453  7435   15.00000  302  126   17.00000   15.00000  11.8%   906 1310s
  7454  7436   15.00000  121  134   17.00000   15.00000  11.8%   906 1327s
  7455  7437   15.27535 1444  142   17.00000   15.00000  11.8%   906 1331s
  7456  7437   15.02614  253  137   17.00000   15.00000  11.8%   906 1352s
  7457  7438   15.29013  611  131   17.00000   15.00000  11.8%   906 1376s
  7458  7439   15.14930  739  131   17.00000   15.00000  11.8%   906 1393s
  7459  7439   15.20991  991  131   17.00000   15.00000  11.8%   906 1444s
  7460  7443   15.00000   16  155   17.00000   15.00000  11.8%   920 1479s
  7462  7446   15.00000   17  163   17.00000   15.00000  11.8%   920 1483s
  7466  7453   15.00000   18  147   17.00000   15.00000  11.8%   920 1488s
  7474  7458   15.00000   19  160   17.00000   15.00000  11.8%   920 1492s
  7482  7488   15.00000   20  187   17.00000   15.00000  11.8%   920 1513s
  7514  7485   15.00000   22  206   17.00000   15.00000  11.8%   956 1536s
  7522  7492   15.00000   23  176   17.00000   15.00000  11.8%   957 1563s
  7532  7499   15.00000   23  179   17.00000   15.00000  11.8%   959 1609s
  7542  7504   15.00000   24  141   17.00000   15.00000  11.8%   959 1633s

Cutting planes:
  MIR: 1
  Flow cover: 6

Explored 7550 nodes (7363850 simplex iterations) in 1633.13 seconds (3477.96 work units)
Thread count was 8 (of 40 available processors)

Solution count 10: 17 18 19 ... 75

Time limit reached
Best objective 1.700000000000e+01, best bound 1.500000000000e+01, gap 11.7647%

User-callback calls 223427, time in user-callback 1.49 sec
Set parameter TimeLimit to value 1.6301733605861664e+03
Gurobi Optimizer version 12.0.3 build v12.0.3rc0 (linux64 - "Ubuntu 24.04.4 LTS")

CPU model: Intel(R) Xeon(R) Gold 5218R CPU @ 2.10GHz, instruction set [SSE2|AVX|AVX2|AVX512]
Thread count: 40 physical cores, 40 logical processors, using up to 8 threads

Non-default parameters:
TimeLimit  1.6301733605861664e+03
Seed  20260921
Threads  8

Optimize a model with 326 rows, 88607 columns and 2474106 nonzeros
Model fingerprint: 0xbeac90c5
Variable types: 0 continuous, 88607 integer (88607 binary)
Coefficient statistics:
  Matrix range     [1e+00, 1e+00]
  Objective range  [2e+01, 2e+02]
  Bounds range     [1e+00, 1e+00]
  RHS range        [1e+00, 2e+01]

Loaded user MIP start with objective 1112.19
MIP start from previous solve did not produce a new incumbent solution

Presolve time: 4.57s
Presolved: 326 rows, 88607 columns, 2474106 nonzeros
Variable types: 0 continuous, 88607 integer (88607 binary)

Starting sifting (using dual simplex for sub-problems)...

    Iter     Pivots    Primal Obj      Dual Obj        Time
       0          0     infinity      0.0000000e+00      5s
       1       1577   1.4579683e+06   2.7837549e+01      5s
       2       3460   9.3998972e+02   2.4091375e+02      5s
       3       5311   6.9372559e+02   4.4320049e+02      6s
       4       6949   6.5588191e+02   5.2624884e+02      6s
       5       8890   6.3487325e+02   5.7414350e+02      7s
       6      10849   6.2907838e+02   6.0215202e+02      7s
       7      12584   6.2823185e+02   6.2320557e+02      8s

Sifting complete


Root simplex log...

Iteration    Objective       Primal Inf.    Dual Inf.      Time
   13719    6.2817136e+02   0.000000e+00   0.000000e+00      8s

Root relaxation: objective 6.281714e+02, 13719 iterations, 3.49 seconds (4.71 work units)

    Nodes    |    Current Node    |     Objective Bounds      |     Work
 Expl Unexpl |  Obj  Depth IntInf | Incumbent    BestBd   Gap | It/Node Time

     0     0  628.17136    0  299 1112.19200  628.17136  43.5%     -    8s
H    0     0                    1110.2080000  628.17136  43.4%     -   10s
     0     0  628.46190    0  302 1110.20800  628.46190  43.4%     -   19s
H    0     0                    1088.8400000  628.46190  42.3%     -   37s
     0     0  628.56479    0  307 1088.84000  628.56479  42.3%     -   39s
     0     0  628.64288    0  319 1088.84000  628.64288  42.3%     -   45s
     0     0  628.66708    0  319 1088.84000  628.66708  42.3%     -   48s
     0     0  628.67799    0  320 1088.84000  628.67799  42.3%     -   49s
     0     0  628.79808    0  320 1088.84000  628.79808  42.3%     -   55s
     0     0  628.81973    0  319 1088.84000  628.81973  42.2%     -   59s
     0     0  628.83439    0  317 1088.84000  628.83439  42.2%     -   60s
     0     0  628.83558    0  320 1088.84000  628.83558  42.2%     -   61s
     0     0  628.83648    0  320 1088.84000  628.83648  42.2%     -   66s
     0     2  628.83648    0  319 1088.84000  628.83648  42.2%     -  130s
     1     4  628.83648    1  319 1088.84000  628.83648  42.2%  56.0  140s
     3     7  628.83648    2  320 1088.84000  628.83648  42.2%   667  150s
     6    14  629.13028    3  310 1088.84000  628.84136  42.2%   791  162s
    13    21  629.21916    4  314 1088.84000  629.13242  42.2%   973  174s
    20    50  629.24500    5  317 1088.84000  629.13242  42.2%   848  186s
    49    58  629.57486   10  312 1088.84000  629.13242  42.2%   526  196s
    57    67  629.59564   11  312 1088.84000  629.13242  42.2%   520  241s
    66    76  629.62479   12  312 1088.84000  629.13242  42.2%   490  254s
    75    87  629.64530   13  314 1088.84000  629.13242  42.2%   476  259s
    86    99  629.64911   14  314 1088.84000  629.13242  42.2%   451  266s
    98   111  629.64911   15  314 1088.84000  629.13242  42.2%   426  272s
   110   123  629.67674   16  315 1088.84000  629.13242  42.2%   403  277s
   122   135  629.71210   17  313 1088.84000  629.13242  42.2%   384  283s
   134   143  629.72685   18  315 1088.84000  629.13242  42.2%   371  333s
   142   155  629.74326   19  314 1088.84000  629.13242  42.2%   356  338s
   154   167  630.00354   24  315 1088.84000  629.13242  42.2%   345  343s
   166   176  630.22570   29  309 1088.84000  629.13242  42.2%   332  362s
H  167   176                    1083.3840000  629.13242  41.9%   330  362s
   175   211  630.31143   31  317 1083.38400  629.13242  41.9%   324  367s
   210   243  630.34132   36  311 1083.38400  629.13242  41.9%   300  371s
H  231   243                    1059.5360000  629.13242  40.6%   288  371s
   242   280  630.44865   42  305 1059.53600  629.13242  40.6%   283  375s
H  279   312                    1046.6400000  629.13242  39.9%   267  381s
   311   350  630.70534   55  309 1046.64000  629.13242  39.9%   255  386s
   349   357  630.89334   61  310 1046.64000  629.13242  39.9%   244  396s
H  350   357                    1024.7760000  629.13242  38.6%   243  396s
H  354   357                    1023.2880000  629.13242  38.5%   242  396s
   356   398  630.92311   62  316 1023.28800  629.13242  38.5%   241  401s
   397   406  630.96822   70  310 1023.28800  629.13242  38.5%   231  411s
   405   414  631.00766   71  313 1023.28800  629.13242  38.5%   230  440s
   413   422  631.01281   72  312 1023.28800  629.13242  38.5%   229  446s
   421   430  631.09246   73  307 1023.28800  629.13242  38.5%   228  451s
   429   438  631.11518   74  310 1023.28800  629.13242  38.5%   228  464s
   437   446  631.11974   75  310 1023.28800  629.13242  38.5%   227  479s
   445   454  631.12125   76  307 1023.28800  629.13242  38.5%   225  502s
   453   462  631.13804   77  310 1023.28800  629.13242  38.5%   223  519s
   461   472  631.13984   78  307 1023.28800  629.13242  38.5%   222  543s
   471   484  631.28940   81  316 1023.28800  629.13242  38.5%   222  569s
   483   498  631.31495   84  310 1023.28800  629.13242  38.5%   220  578s
   497   519  631.34130   85  309 1023.28800  629.13242  38.5%   219  615s
   518   552  631.39138   86  312 1023.28800  629.13242  38.5%   218  624s
   551   588  631.39916   87  312 1023.28800  629.13242  38.5%   215  636s
   587   635  631.47583   88  305 1023.28800  629.13242  38.5%   216  645s
   634   669  631.52367   89  309 1023.28800  629.13242  38.5%   214  657s
   668   711  631.52800   90  309 1023.28800  629.13242  38.5%   218  668s
   710   758  631.53249   91  307 1023.28800  629.13242  38.5%   219  679s
   757   832  631.56453   92  306 1023.28800  629.13242  38.5%   219  689s
   831   906  631.58029   93  308 1023.28800  629.13242  38.5%   211  699s
   905   971  631.61618   94  307 1023.28800  629.13242  38.5%   204  710s
   970  1069  631.63582   95  308 1023.28800  629.13242  38.5%   200  721s
  1068  1186  631.79588  100  309 1023.28800  629.13242  38.5%   192  732s
  1185  1295  632.03230  122  307 1023.28800  629.13242  38.5%   182  744s
  1294  1398  632.26964  141  315 1023.28800  629.13242  38.5%   176  756s
  1397  1515  632.70210  159  314 1023.28800  629.13242  38.5%   172  767s
  1514  1658  633.00392  180  310 1023.28800  629.13242  38.5%   167  778s
  1657  1809  633.27137  204  316 1023.28800  629.13242  38.5%   161  790s
  1808  1970  633.47797  227  321 1023.28800  629.13242  38.5%   156  802s
  1969  2086  633.82527  246  312 1023.28800  629.13242  38.5%   151  814s
  2085  2254  634.06395  270  321 1023.28800  629.13242  38.5%   150  827s
  2253  2426  634.37765  296  318 1023.28800  629.13242  38.5%   146  840s
  2425  2588  634.76952  320  319 1023.28800  629.13242  38.5%   142  854s
  2587  2793  635.28498  345  315 1023.28800  629.13242  38.5%   140  867s
  2792  2939  635.58995  367  316 1023.28800  629.13242  38.5%   136  881s
  2938  3117  635.61566  368  314 1023.28800  629.13242  38.5%   133  896s
  3116  3353  635.73151  384  312 1023.28800  629.13242  38.5%   131  911s
  3352  3591  636.15427  416  313 1023.28800  629.13242  38.5%   127  927s
  3590  3822  636.41576  453  314 1023.28800  629.13242  38.5%   124  943s
  3821  4099  636.85297  485  309 1023.28800  629.13242  38.5%   122  960s
  4098  4107  637.12639  524  316 1023.28800  629.13242  38.5%   119  987s
  4106  4115  637.19717  525  309 1023.28800  629.13242  38.5%   119 1029s
  4114  4123  637.27901  526  309 1023.28800  629.13242  38.5%   119 1097s
  4122  4131  637.32555  527  307 1023.28800  629.13242  38.5%   119 1117s
H 4129  4131                    1023.0400000  629.13242  38.5%   119 1117s
  4130  4396  637.33355  528  308 1023.04000  629.13242  38.5%   119 1135s
  4395  4668  637.75112  565  306 1023.04000  629.13242  38.5%   117 1158s
  4667  4978  638.05722  610  314 1023.04000  629.13242  38.5%   115 1177s
  4977  5205  638.61289  652  315 1023.04000  629.13242  38.5%   113 1196s
  5204  5523  639.18615  694  310 1023.04000  629.13242  38.5%   113 1223s
  5522  5880  639.71633  736  307 1023.04000  629.13242  38.5%   111 1245s
  5879  6112  640.49328  785  317 1023.04000  629.13242  38.5%   109 1282s
  6111  6120  641.65921  814  306 1023.04000  629.13242  38.5%   108 1318s
  6119  6128  641.67161  815  310 1023.04000  629.13242  38.5%   108 1377s
  6127  6136  641.67883  816  307 1023.04000  629.13242  38.5%   108 1437s
  6135  6144  641.69346  817  309 1023.04000  629.13242  38.5%   108 1482s
  6143  6185  641.69441  818  311 1023.04000  629.13242  38.5%   108 1507s
  6184  6359  641.69807  819  309 1023.04000  629.13242  38.5%   107 1532s
  6358  6752  642.22823  868  306 1023.04000  629.13242  38.5%   106 1556s
  6751  7212  643.00094  912  313 1023.04000  629.13242  38.5%   105 1582s
  7211  7765  643.58678  968  310 1023.04000  629.13242  38.5%   102 1608s

Cutting planes:
  MIR: 29

Explored 7764 nodes (787661 simplex iterations) in 1630.20 seconds (3691.56 work units)
Thread count was 8 (of 40 available processors)

Solution count 9: 1023.04 1023.29 1024.78 ... 1112.19

Time limit reached
Best objective 1.023039999997e+03, best bound 6.291324246510e+02, gap 38.5036%

User-callback calls 420759, time in user-callback 3.18 sec
