
Gurobi 12.0.3 (linux64) logging started Fri Sep 18 11:27:18 2026

Set parameter LogFile to value "/home/nc437/ladder-lite/review_fresh_k15_longmip_20260917/results/c2_k15__heur/gurobi.log"
Set parameter OutputFlag to value 1
Set parameter TimeLimit to value 45000
Set parameter MIPGap to value 0.0001
Set parameter Threads to value 8
Set parameter Seed to value 0
Set parameter TimeLimit to value 43200
Gurobi Optimizer version 12.0.3 build v12.0.3rc0 (linux64 - "Ubuntu 24.04.4 LTS")

CPU model: Intel(R) Xeon(R) Gold 6348 CPU @ 2.60GHz, instruction set [SSE2|AVX|AVX2|AVX512]
Thread count: 56 physical cores, 56 logical processors, using up to 8 threads

Non-default parameters:
TimeLimit  43200
Heuristics  0.5
MIPFocus  1
NoRelHeurTime  1800
Threads  8

Optimize a model with 385 rows, 69108 columns and 2013286 nonzeros
Model fingerprint: 0x0f3c3631
Variable types: 0 continuous, 69108 integer (69108 binary)
Coefficient statistics:
  Matrix range     [1e+00, 1e+00]
  Objective range  [1e+00, 1e+00]
  Bounds range     [1e+00, 1e+00]
  RHS range        [1e+00, 1e+00]

Loaded user MIP start with objective 89

Presolve removed 0 rows and 961 columns
Presolve time: 3.45s
Presolved: 385 rows, 68147 columns, 1991719 nonzeros
Found heuristic solution: objective 88.0000000
Variable types: 0 continuous, 68147 integer (68147 binary)
Found heuristic solution: objective 78.0000000
Starting NoRel heuristic
Found heuristic solution: objective 27.0000000
Found heuristic solution: objective 25.0000000
Found heuristic solution: objective 24.0000000
Found heuristic solution: objective 21.0000000
Found heuristic solution: objective 20.0000000
Found heuristic solution: objective 19.0000000
Elapsed time for NoRel heuristic: 6s (best bound 0)
Found heuristic solution: objective 18.0000000
Elapsed time for NoRel heuristic: 13s (best bound 0)
Elapsed time for NoRel heuristic: 22s (best bound 0)
Found heuristic solution: objective 17.0000000
Elapsed time for NoRel heuristic: 27s (best bound 0)
Elapsed time for NoRel heuristic: 34s (best bound 0)
Elapsed time for NoRel heuristic: 41s (best bound 0)
Elapsed time for NoRel heuristic: 50s (best bound 0)
Elapsed time for NoRel heuristic: 62s (best bound 0)
Elapsed time for NoRel heuristic: 74s (best bound 0)
Elapsed time for NoRel heuristic: 89s (best bound 0)
Elapsed time for NoRel heuristic: 108s (best bound 0)
Elapsed time for NoRel heuristic: 125s (best bound 0)
Elapsed time for NoRel heuristic: 147s (best bound 0)
Elapsed time for NoRel heuristic: 170s (best bound 0)
Elapsed time for NoRel heuristic: 196s (best bound 0)
Elapsed time for NoRel heuristic: 225s (best bound 0)
Elapsed time for NoRel heuristic: 261s (best bound 0)
Elapsed time for NoRel heuristic: 308s (best bound 0)
Elapsed time for NoRel heuristic: 371s (best bound 0)
Elapsed time for NoRel heuristic: 416s (best bound 0)
Elapsed time for NoRel heuristic: 481s (best bound 0)
Elapsed time for NoRel heuristic: 497s (best bound 0)
Elapsed time for NoRel heuristic: 529s (best bound 0)
Elapsed time for NoRel heuristic: 581s (best bound 0)
Elapsed time for NoRel heuristic: 620s (best bound 0)
Elapsed time for NoRel heuristic: 690s (best bound 0)
Elapsed time for NoRel heuristic: 933s (best bound 0)
Elapsed time for NoRel heuristic: 1261s (best bound 0)
Elapsed time for NoRel heuristic: 1698s (best bound 0)
Elapsed time for NoRel heuristic: 2217s (best bound 0)
NoRel heuristic complete

Root simplex log...

Iteration    Objective       Primal Inf.    Dual Inf.      Time
       0    0.0000000e+00   3.850000e+02   0.000000e+00   2221s

Starting sifting (using dual simplex for sub-problems)...

    Iter     Pivots    Primal Obj      Dual Obj        Time
       0          0     infinity      0.0000000e+00   2221s
       1        892   1.7384280e+01   5.3582001e+00   2221s
       2       3351   1.6880513e+01   9.4463466e+00   2221s
       3       5676   1.5780262e+01   1.1678465e+01   2221s
       4       8214   1.5177969e+01   1.2677399e+01   2222s
       5       9925   1.5000000e+01   1.5000000e+01   2222s

Sifting complete

    9925    1.5000000e+01   0.000000e+00   0.000000e+00   2222s

Root relaxation: objective 1.500000e+01, 9925 iterations, 1.04 seconds (2.00 work units)
Total elapsed time = 2228.69s (DegenMoves)

    Nodes    |    Current Node    |     Objective Bounds      |     Work
 Expl Unexpl |  Obj  Depth IntInf | Incumbent    BestBd   Gap | It/Node Time

     0     0   15.00000    0  165   17.00000   15.00000  11.8%     - 2230s
     0     0   15.00000    0  159   17.00000   15.00000  11.8%     - 2245s
     0     0   15.00000    0  168   17.00000   15.00000  11.8%     - 2312s
     0     0   15.00000    0  158   17.00000   15.00000  11.8%     - 2333s
     0     0   15.00000    0  149   17.00000   15.00000  11.8%     - 2372s
     0     0   15.00000    0  149   17.00000   15.00000  11.8%     - 2381s
     0     2   15.00000    0  149   17.00000   15.00000  11.8%     - 2533s
     1     4   15.00000    1  216   17.00000   15.00000  11.8% 18842 2546s
     3     8   15.00000    2  227   17.00000   15.00000  11.8%  6776 2559s
     7    16   15.00000    3  223   17.00000   15.00000  11.8%  3332 2574s
    15    24   15.00000    4  254   17.00000   15.00000  11.8%  2056 2590s
    23    48   15.00000    5  294   17.00000   15.00000  11.8%  1757 2633s
    47   231   15.00000    6  305   17.00000   15.00000  11.8%  1690 2698s
   230  1243   15.00000   25  218   17.00000   15.00000  11.8%  2926 2805s
  1242  1794   15.00000  156  269   17.00000   15.00000  11.8%  2256 2862s
  1793  2313   15.00000  191  312   17.00000   15.00000  11.8%  2480 2917s
  2312  2793   15.00000  211  317   17.00000   15.00000  11.8%  2703 2965s
  2792  3321   15.00000  238  320   17.00000   15.00000  11.8%  2896 3014s
  3320  3668   15.00000  251  321   17.00000   15.00000  11.8%  3062 3058s
  3667  4174   15.00000  266  321   17.00000   15.00000  11.8%  3115 3107s
  4173  4635   15.00000  291  320   17.00000   15.00000  11.8%  3134 3152s
  4634  5005   15.00000  301  321   17.00000   15.00000  11.8%  3128 3213s
  5004  5461   15.00000  302  321   17.00000   15.00000  11.8%  3113 3259s
  5460  6046   15.00000  303  321   17.00000   15.00000  11.8%  3089 3306s
  6045  6254   15.00000  323  319   17.00000   15.00000  11.8%  3107 3352s
  6253  6572   15.00000  324  319   17.00000   15.00000  11.8%  3101 3405s
  6571  6941   15.00000  325  319   17.00000   15.00000  11.8%  3080 3453s
  6940  7479   15.00000  326  320   17.00000   15.00000  11.8%  3062 3499s
  7485  7480   15.01889  132  149   17.00000   15.00000  11.8%  3036 3508s
  7487  7481   15.08589  534  165   17.00000   15.00000  11.8%  3035 3536s
  7488  7482   15.04569  361  178   17.00000   15.00000  11.8%  3035 3562s
  7489  7483   15.32716 1083  165   17.00000   15.00000  11.8%  3034 3573s
  7490  7483   15.13241  568  160   17.00000   15.00000  11.8%  3034 3596s
  7491  7484   15.00000  264  160   17.00000   15.00000  11.8%  3034 3605s
  7492  7485   15.04193  159  160   17.00000   15.00000  11.8%  3033 3705s
  7493  7488   15.00000   16  167   17.00000   15.00000  11.8%  3046 3738s
  7495  7492   15.00000   17  225   17.00000   15.00000  11.8%  3045 3750s
  7499  7498   15.00000   18  223   17.00000   15.00000  11.8%  3044 3764s
  7507  7504   15.00000   19  247   17.00000   15.00000  11.8%  3042 3771s
  7515  7533   15.00000   20  279   17.00000   15.00000  11.8%  3040 3797s
  7547  7530   15.00000   21  232   17.00000   15.00000  11.8%  3058 3822s
  7555  7551   15.00000   21  241   17.00000   15.00000  11.8%  3056 3864s
  7592  7590   15.12882   26  197   17.00000   15.00000  11.8%  3044 3882s
  7684  7576     cutoff   33        17.00000   15.00000  11.8%  3012 3898s
  7862  7609   15.01530   30  167   17.00000   15.00000  11.8%  2949 3911s
  7997  7717   15.03996   42  166   17.00000   15.00000  11.8%  2903 3925s
  8254  7653   15.03996   43  166   17.00000   15.00000  11.8%  2817 3941s
  8279  7752   15.03996   44  166   17.00000   15.00000  11.8%  2810 3965s
  8457  7937   15.03996   45  165   17.00000   15.00000  11.8%  2754 3983s
  8763  8231   15.07852   62  169   17.00000   15.00000  11.8%  2661 4002s
  9159  8167   15.16839   96  174   17.00000   15.00000  11.8%  2549 4018s
  9227  8235   15.17075   97  166   17.00000   15.00000  11.8%  2531 4032s
  9318  8453   15.17075   98  167   17.00000   15.00000  11.8%  2507 4047s
  9566  8579   15.17075   99  167   17.00000   15.00000  11.8%  2443 4062s
  9775  8766   15.17789  100  172   17.00000   15.00000  11.8%  2392 4087s
 10043  9097   15.18166  101  172   17.00000   15.00000  11.8%  2330 4101s
 10490  9270   15.18166  102  172   17.00000   15.00000  11.8%  2233 4118s
 10812  9222   15.18963  103  174   17.00000   15.00000  11.8%  2168 4132s
 10871  9268   15.19974  104  183   17.00000   15.00000  11.8%  2157 4141s
 10937  9296   15.26980  157  170   17.00000   15.00000  11.8%  2144 4165s
 10987  9372   15.29288  191  168   17.00000   15.00000  11.8%  2135 4178s
 11079  9413   15.38583  267  180   17.00000   15.00000  11.8%  2119 4191s
 11151  9970   15.49011  314  185   17.00000   15.00000  11.8%  2106 4204s
 11746 10431   15.65688  449  187   17.00000   15.00000  11.8%  2003 4218s
 12421 10686   15.83788  594  190   17.00000   15.00000  11.8%  1899 4231s
 12947 10822   15.00000   29  235   17.00000   15.00000  11.8%  1827 4245s
 13259 10883   15.00000   40  194   17.00000   15.00000  11.8%  1789 4261s
 13424 11126   15.00000   41  203   17.00000   15.00000  11.8%  1768 4280s
 13722 11199   15.00000   53  222   17.00000   15.00000  11.8%  1734 4299s
 13894 11154   15.00000   66  214   17.00000   15.00000  11.8%  1718 4325s
 13906 11164   15.00000   67  204   17.00000   15.00000  11.8%  1717 4355s
 13920 11296   15.00000   69  235   17.00000   15.00000  11.8%  1716 4376s
 14073 11444   15.00000   73  224   17.00000   15.00000  11.8%  1700 4395s
 14272 11695   15.00000   87  207   17.00000   15.00000  11.8%  1682 4417s
 14609 11946   15.00000  103  226   17.00000   15.00000  11.8%  1649 4452s
 15077 11915   15.00000  112  242   17.00000   15.00000  11.8%  1604 4477s
 15212 12168   15.00000  121  232   17.00000   15.00000  11.8%  1593 4512s
 15526 12601   15.00000  146  224   17.00000   15.00000  11.8%  1569 4554s
 16063 12547   15.00000  162  234   17.00000   15.00000  11.8%  1522 4589s
 16188 12734   15.00000  176  193   17.00000   15.00000  11.8%  1514 4628s
 16417 13224   15.00000  188  234   17.00000   15.00000  11.8%  1496 4669s
 17013 13033   15.00000  203  215   17.00000   15.00000  11.8%  1450 4723s
 17021 13038   15.00000  204  226   17.00000   15.00000  11.8%  1450 4777s
 17029 13091   15.00000  205  222   17.00000   15.00000  11.8%  1450 4823s
 17084 13213   15.00000  206  200   17.00000   15.00000  11.8%  1445 4868s
 17225 13306   15.00000  207  220   17.00000   15.00000  11.8%  1435 4916s
 17365 13496   15.00000  208  236   17.00000   15.00000  11.8%  1425 4960s
 17601 13609   15.00000  212  234   17.00000   15.00000  11.8%  1411 5004s
 17793 13831   15.00000  222  221   17.00000   15.00000  11.8%  1400 5051s
 18079 14202   15.00000  246  238   17.00000   15.00000  11.8%  1384 5101s
 18545 14623   15.00000  270  235   17.00000   15.00000  11.8%  1356 5153s
 19122 15127   15.00000  297  230   17.00000   15.00000  11.8%  1322 5205s
 19818 15249   15.00000  326  225   17.00000   15.00000  11.8%  1282 5256s
 20174 15290   15.00000  340  220   17.00000   15.00000  11.8%  1264 5312s
 20334 15943   15.00000  347  231   17.00000   15.00000  11.8%  1256 5371s
 21040 16452   15.00000  377  224   17.00000   15.00000  11.8%  1221 5431s
 21786 17108   15.00000  407  221   17.00000   15.00000  11.8%  1185 5497s
 22691 17666   15.00000  439  234   17.00000   15.00000  11.8%  1144 5561s
 23578 17563   15.00000  469  230   17.00000   15.00000  11.8%  1108 5643s
 23770 17936   15.00000  493  234   17.00000   15.00000  11.8%  1102 5712s
 24207 18640   15.00000  497  239   17.00000   15.00000  11.8%  1085 5784s
 25057 19256   15.00000  522  238   17.00000   15.00000  11.8%  1055 5859s
 25976 19521   15.00000  556  248   17.00000   15.00000  11.8%  1027 5937s
 26570 20044   15.00000  572  232   17.00000   15.00000  11.8%  1008 6014s
 27456 20149   15.00000  604  248   17.00000   15.00000  11.8%   984 6095s
 27874 20880   15.00000  638  252   17.00000   15.00000  11.8%   977 6181s
 28744 21454   15.00000  671  252   17.00000   15.00000  11.8%   955 6268s
 29650 22021   15.00000  703  247   17.00000   15.00000  11.8%   935 6361s
 30541 22128   15.00000  730  252   17.00000   15.00000  11.8%   917 6442s
 30747 22688   15.00000  750  254   17.00000   15.00000  11.8%   915 6540s
 31313 23132   15.00016  776  281   17.00000   15.00000  11.8%   908 6656s
 31767 23945   15.29613  862  271   17.00000   15.00000  11.8%   899 6802s
 32580 24876   15.41469 1003  280   17.00000   15.00000  11.8%   881 6921s
 33630 26157   15.52112 1160  277   17.00000   15.00000  11.8%   864 7033s
 34957 27677   15.64647 1384  280   17.00000   15.00000  11.8%   839 7141s
 36477 28571   15.72810 1628  272   17.00000   15.00000  11.8%   810 7229s
 37371 30188   15.78110 1820  278   17.00000   15.00000  11.8%   793 7317s
 39036 31352   15.91135 2061  275   17.00000   15.00000  11.8%   764 7395s
 40218 31885   15.22020   37  170   17.00000   15.00000  11.8%   745 7468s
 40763 32532   15.00000   68  198   17.00000   15.00000  11.8%   738 7542s
 41410 33525   15.00000   72  197   17.00000   15.00000  11.8%   728 7618s
 42403 34897   15.00000  120  206   17.00000   15.00000  11.8%   714 7694s
 43775 35727   15.00000  163  217   17.00000   15.00000  11.8%   694 7764s
 44525 35727   15.00000   23  209   17.00000   15.00000  11.8%   684 7765s
 44623 35735   15.04357  229  242   17.00000   15.00000  11.8%   683 7872s
 44631 39335   15.04415  230  241   17.00000   15.00000  11.8%   683 8514s
 48279 40765   15.22128  686  248   17.00000   15.00000  11.8%   645 8598s
 49709 41136   15.29288  841  239   17.00000   15.00000  11.8%   628 8666s
 50110 41371   15.34190  898  237   17.00000   15.00000  11.8%   624 8742s
 50385 42756   15.34508  931  238   17.00000   15.00000  11.8%   621 8827s
 51952 43540   15.45791 1088  246   17.00000   15.00000  11.8%   606 8897s
 52752 43974   15.55384 1241  248   17.00000   15.00000  11.8%   601 8964s
 53186 44846   15.59446 1359  247   17.00000   15.00000  11.8%   599 9035s
 54058 45016   15.61795 1447  248   17.00000   15.00000  11.8%   592 9112s
 54240 46325   15.62733 1487  244   17.00000   15.00000  11.8%   592 9187s
 55601 47473   15.71230 1712  250   17.00000   15.00000  11.8%   580 9256s
 56787 48280   15.81306 1947  247   17.00000   15.00000  11.8%   572 9322s
 57742 50154   15.85739 2007  243   17.00000   15.00000  11.8%   564 9392s
 59838 52460   15.03006   74  205   17.00000   15.00000  11.8%   547 9469s
 62254 52605   15.00000   58  196   17.00000   15.00000  11.8%   530 9494s
 62409 52897   15.00000   71  212   17.00000   15.00000  11.8%   530 9521s
 62713 53137   15.04995  120  231   17.00000   15.00000  11.8%   528 9553s
 62964 53730   15.08291  171  238   17.00000   15.00000  11.8%   527 9587s
 63565 54486   15.12485  247  237   17.00000   15.00000  11.8%   523 9624s
 64335 55451   15.17699  319  234   17.00000   15.00000  11.8%   518 9664s
 65332 56135   15.22274  417  241   17.00000   15.00000  11.8%   511 9699s
 66074 56709   15.25785  486  241   17.00000   15.00000  11.8%   507 9736s
 66667 57358   15.30737  571  242   17.00000   15.00000  11.8%   503 9771s
 67316 57845   15.33217  656  234   17.00000   15.00000  11.8%   499 9808s
 67803 57924   15.36668  751  242   17.00000   15.00000  11.8%   496 9844s
 67882 58974   15.37749  772  247   17.00000   15.00000  11.8%   495 9886s
 68950 59474   15.44339  954  241   17.00000   15.00000  11.8%   489 9922s
 69472 60036   15.51817 1073  236   17.00000   15.00000  11.8%   487 9961s
 70034 60665   15.56131 1155  238   17.00000   15.00000  11.8%   484 10002s
 70713 61768   15.59740 1257  231   17.00000   15.00000  11.8%   481 10041s
 71832 62569   15.69972 1444  238   17.00000   15.00000  11.8%   475 10080s
 72633 63226   15.80211 1582  241   17.00000   15.00000  11.8%   471 10119s
 73290 63707   15.84410 1701  234   17.00000   15.00000  11.8%   467 10158s
 73791 65074   15.90628 1797  233   17.00000   15.00000  11.8%   465 10198s
 75240 67158   15.00000   25  196   17.00000   15.00000  11.8%   458 10272s
 77372 67211   15.00000   45  185   17.00000   15.00000  11.8%   448 10297s
 77425 67876   15.00000   46  185   17.00000   15.00000  11.8%   448 10324s
 78114 68514   15.01834   54  213   17.00000   15.00000  11.8%   445 10354s
 78752 68673   15.13168  127  221   17.00000   15.00000  11.8%   442 10384s
 78911 69432   15.13689  142  226   17.00000   15.00000  11.8%   442 10418s
 79687 70715   15.17179  194  219   17.00000   15.00000  11.8%   438 10451s
 81006 71455   15.29298  308  232   17.00000   15.00000  11.8%   432 10481s
 81781 72066   15.36316  399  239   17.00000   15.00000  11.8%   429 10512s
 82392 72583   15.40604  491  238   17.00000   15.00000  11.8%   427 10544s
 82909 72662   15.43039  554  241   17.00000   15.00000  11.8%   426 10574s
 82988 73093   15.43056  555  242   17.00000   15.00000  11.8%   426 10606s
 83435 73597   15.44820  608  239   17.00000   15.00000  11.8%   424 10638s
 83947 73805   15.48430  695  255   17.00000   15.00000  11.8%   423 10672s
 84155 74133   15.50906  755  246   17.00000   15.00000  11.8%   423 10706s
 84523 74312   15.53268  801  251   17.00000   15.00000  11.8%   422 10742s
 84706 74331   15.54720  826  249   17.00000   15.00000  11.8%   422 10787s
 84725 74686   15.54745  827  246   17.00000   15.00000  11.8%   422 10837s
 85096 75066   15.54745  828  246   17.00000   15.00000  11.8%   421 10875s
 85488 75940   15.55680  866  248   17.00000   15.00000  11.8%   419 10912s
 86376 77015   15.59264 1001  247   17.00000   15.00000  11.8%   416 10951s
 87469 77217   15.65109 1126  248   17.00000   15.00000  11.8%   413 10993s
 87681 77272   15.66130 1154  250   17.00000   15.00000  11.8%   412 11031s
 87736 77952   15.66205 1155  250   17.00000   15.00000  11.8%   412 11072s
 88432 79129   15.69673 1220  247   17.00000   15.00000  11.8%   410 11111s
 89641 80029   15.87491 1517  233   17.00000   15.00000  11.8%   406 11146s
 90555 81292   15.65484  246  183   17.00000   15.00000  11.8%   403 11224s
 90910 81292   15.00000   42  199   17.00000   15.00000  11.8%   402 11225s
 91841 81633   16.00000  107  137   17.00000   15.00000  11.8%   400 11269s
 92194 81905   15.00000   37  183   17.00000   15.00000  11.8%   399 11332s
 92466 82440   15.00000   58  178   17.00000   15.00000  11.8%   399 11391s
 93001 83224   15.00000   87  177   17.00000   15.00000  11.8%   398 11456s
 93785 84011   15.00866  114  217   17.00000   15.00000  11.8%   396 11520s
 94602 84994   15.13055  230  217   17.00000   15.00000  11.8%   394 11584s
 95613 85274   15.18682  361  218   17.00000   15.00000  11.8%   390 11653s
 95911 85859   15.18893  363  223   17.00000   15.00000  11.8%   389 11729s
 96532 86597   15.28975  554  231   17.00000   15.00000  11.8%   388 11799s
 97294 86814   15.35648  736  232   17.00000   15.00000  11.8%   386 11870s
 97519 87227   15.36554  769  228   17.00000   15.00000  11.8%   386 11940s
 97936 89313   15.39137  844  229   17.00000   15.00000  11.8%   385 12007s
 100077 90721   15.55204 1192  235   17.00000   15.00000  11.8%   379 12065s
 101501 91177   15.61619 1416  238   17.00000   15.00000  11.8%   375 12116s
 102089 92146   15.64278 1496  234   17.00000   15.00000  11.8%   373 12179s
 103062 92948   15.72120 1649  231   17.00000   15.00000  11.8%   370 12234s
 103907 94672   15.78292 1780  236   17.00000   15.00000  11.8%   368 12288s
 105663 97521   15.20931   35  148   17.00000   15.00000  11.8%   363 12357s
 108560 97958   15.85666  491  175   17.00000   15.00000  11.8%   356 12380s
 109013 98134   15.01546   54  209   17.00000   15.00000  11.8%   355 12399s
 109189 98273   15.62778   88  189   17.00000   15.00000  11.8%   354 12418s
 109338 98736   15.00000   79  201   17.00000   15.00000  11.8%   354 12439s
 109801 98797   15.00000   91  198   17.00000   15.00000  11.8%   353 12461s
 109862 99084   15.00704   99  218   17.00000   15.00000  11.8%   353 12485s
 110165 99767   15.04104  143  223   17.00000   15.00000  11.8%   353 12510s
 110892 100825   15.13245  272  223   17.00000   15.00000  11.8%   351 12534s
 111958 101374   15.22097  381  225   17.00000   15.00000  11.8%   349 12560s
 112507 101423   15.28791  463  230   17.00000   15.00000  11.8%   348 12591s
 112556 102012   15.31908  481  233   17.00000   15.00000  11.8%   348 12618s
 113145 103225   15.39971  626  230   17.00000   15.00000  11.8%   346 12646s
 114462 103311   15.50119  764  236   17.00000   15.00000  11.8%   343 12671s
 114568 103609   15.50414  777  240   17.00000   15.00000  11.8%   344 12711s
 114888 103927   15.55161  868  237   17.00000   15.00000  11.8%   343 12737s
 115350 103935   15.58412  930  240   17.00000   15.00000  11.8%   343 12779s
 115358 103943   15.58472  931  237   17.00000   15.00000  11.8%   343 12828s
 115366 104022   15.58535  932  238   17.00000   15.00000  11.8%   343 12865s
 115445 104213   15.58596  933  238   17.00000   15.00000  11.8%   343 12907s
 115636 104441   15.58646  934  237   17.00000   15.00000  11.8%   342 12940s
 115864 104681   15.58788  940  237   17.00000   15.00000  11.8%   342 12970s
 116146 104971   15.62444  996  238   17.00000   15.00000  11.8%   342 13004s
 116436 105526   15.66033 1061  236   17.00000   15.00000  11.8%   341 13036s
 116991 105853   15.68905 1127  242   17.00000   15.00000  11.8%   340 13069s
 117332 106300   15.70135 1154  239   17.00000   15.00000  11.8%   339 13100s
 117779 107055   15.72544 1197  232   17.00000   15.00000  11.8%   339 13136s
 118534 107301   15.77782 1278  235   17.00000   15.00000  11.8%   337 13173s
 118780 107904   15.77989 1283  236   17.00000   15.00000  11.8%   337 13207s
 119383 108653   15.81369 1333  234   17.00000   15.00000  11.8%   336 13242s
 120132 109988   15.88280 1459  236   17.00000   15.00000  11.8%   334 13311s
 121517 110309   15.01580   23  177   17.00000   15.00000  11.8%   332 13346s
 121927 110396   15.20113  147  194   17.00000   15.00000  11.8%   331 13389s
 122170 111289   15.24756  174  196   17.00000   15.00000  11.8%   331 13437s
 123227 112372   15.48937  408  194   17.00000   15.00000  11.8%   329 13484s
 124310 113202   15.62731  667  199   17.00000   15.00000  11.8%   327 13528s
 125173 113971   15.75747  910  203   17.00000   15.00000  11.8%   326 13573s
 125958 114548   15.88976 1163  200   17.00000   15.00000  11.8%   325 13615s
 126555 114944   15.03776   32  207   17.00000   15.00000  11.8%   324 13658s
 126965 115396   15.41146   84  202   17.00000   15.00000  11.8%   324 13700s
 127417 115960   15.50759  194  220   17.00000   15.00000  11.8%   323 13744s
 127981 116643   15.54453  247  213   17.00000   15.00000  11.8%   323 13789s
 128688 117158   15.63104  356  224   17.00000   15.00000  11.8%   322 13835s
 129203 117232   15.68328  451  229   17.00000   15.00000  11.8%   321 13885s
 129277 117910   15.68380  452  230   17.00000   15.00000  11.8%   321 13936s
 129955 118666   15.71592  561  226   17.00000   15.00000  11.8%   320 13987s
 130711 118915   15.76569  688  230   17.00000   15.00000  11.8%   319 14037s
 130960 119267   15.77716  726  230   17.00000   15.00000  11.8%   319 14091s
 131330 120860   15.78379  753  230   17.00000   15.00000  11.8%   319 14142s
 132941 121313   15.99916 1209  197   17.00000   15.00000  11.8%   317 14190s
 133671 121502   15.21130   91  231   17.00000   15.00000  11.8%   316 14235s
 133860 121633   15.24005  118  233   17.00000   15.00000  11.8%   316 14284s
 133991 122616   15.24068  119  234   17.00000   15.00000  11.8%   316 14335s
 134988 124713   15.34733  238  244   17.00000   15.00000  11.8%   315 14395s
 137097 125193   16.00000  449  191   17.00000   15.00000  11.8%   312 14421s
 137591 125254   16.00000  478  192   17.00000   15.00000  11.8%   311 14445s
 137652 125678   16.00000  480  197   17.00000   15.00000  11.8%   311 14473s
 138076 125776   16.00000  515  190   17.00000   15.00000  11.8%   310 14506s
 138192 126279   16.00000  530  207   17.00000   15.00000  11.8%   310 14541s
 138717 127029   16.00000  562  201   17.00000   15.00000  11.8%   310 14578s
 139483 127246   16.00000  591  216   17.00000   15.00000  11.8%   309 14615s
 139718 127679   16.00000  615  224   17.00000   15.00000  11.8%   309 14652s
 140193 128298   15.00000   40  202   17.00000   15.00000  11.8%   308 14693s
 140812 128664   15.00000   55  207   17.00000   15.00000  11.8%   308 14735s
 141203 128798   15.06021   69  233   17.00000   15.00000  11.8%   307 14788s
 141339 128835   15.06556   88  234   17.00000   15.00000  11.8%   307 14843s
 141376 128938   15.06556   89  234   17.00000   15.00000  11.8%   307 14904s
 141479 129037   15.06578   90  236   17.00000   15.00000  11.8%   308 14952s
 141578 129248   15.06592   91  231   17.00000   15.00000  11.8%   308 15002s
 141789 129992   15.06592   94  231   17.00000   15.00000  11.8%   307 15058s
 142550 130614   15.10824  152  238   17.00000   15.00000  11.8%   307 15107s
 143222 131352   15.14963  182  236   17.00000   15.00000  11.8%   306 15155s
 143976 132022   15.17552  270  242   17.00000   15.00000  11.8%   305 15206s
 144650 132677   15.24502  344  242   17.00000   15.00000  11.8%   304 15254s
 145345 133120   15.29478  423  241   17.00000   15.00000  11.8%   304 15304s
 145788 133621   15.33102  492  246   17.00000   15.00000  11.8%   304 15355s
 146289 134298   15.41294  597  238   17.00000   15.00000  11.8%   304 15409s
 146966 134623   15.48214  686  240   17.00000   15.00000  11.8%   303 15460s
 147291 135237   15.49436  714  243   17.00000   15.00000  11.8%   303 15516s
 147905 135849   15.56657  843  239   17.00000   15.00000  11.8%   302 15573s
 148535 136291   15.61702  965  239   17.00000   15.00000  11.8%   302 15630s
 148977 137034   15.65519 1039  234   17.00000   15.00000  11.8%   301 15688s
 149720 137522   15.69229 1156  247   17.00000   15.00000  11.8%   300 15755s
 150224 138691   15.71604 1209  243   17.00000   15.00000  11.8%   300 15857s
 151421 139678   15.77611 1394  248   17.00000   15.00000  11.8%   299 15939s
 152408 140889   15.82948 1521  246   17.00000   15.00000  11.8%   297 16013s
 153619 142649   15.89256 1699  248   17.00000   15.00000  11.8%   296 16078s
 155379 143911   15.96710 1927  241   17.00000   15.00000  11.8%   293 16125s
 157047 144475   15.53136  129  187   17.00000   15.00000  11.8%   292 16167s
 157697 144722   15.70497  311  210   17.00000   15.00000  11.8%   292 16210s
 157944 145512   15.78717  438  211   17.00000   15.00000  11.8%   292 16257s
 158734 146087   15.88873  706  208   17.00000   15.00000  11.8%   291 16303s
 159309 146809   15.93031  873  209   17.00000   15.00000  11.8%   290 16349s
 160047 147169   15.12093   48  174   17.00000   15.00000  11.8%   290 16397s
 160407 147587   15.41881  203  193   17.00000   15.00000  11.8%   289 16449s
 160825 147765   15.58357  336  202   17.00000   15.00000  11.8%   289 16496s
 161003 148496   15.66177  397  201   17.00000   15.00000  11.8%   289 16549s
 161734 149446   15.83851  613  196   17.00000   15.00000  11.8%   288 16601s
 162718 150067   15.00000   29  189   17.00000   15.00000  11.8%   287 16651s
 163421 150551   15.00000   49  182   17.00000   15.00000  11.8%   287 16700s
 163972 150785   15.00000   74  212   17.00000   15.00000  11.8%   287 16758s
 164244 151285   15.00000   75  208   17.00000   15.00000  11.8%   287 16828s
 164821 152175   15.00000   85  210   17.00000   15.00000  11.8%   286 16914s
 165741 153519   15.00000  113  221   17.00000   15.00000  11.8%   286 16992s
 167095 153719   15.19113  211  234   17.00000   15.00000  11.8%   284 17057s
 167295 154250   15.23768  236  234   17.00000   15.00000  11.8%   284 17129s
 167826 157110   15.26194  258  247   17.00000   15.00000  11.8%   283 17200s
 170713 158090   15.49777  482  252   17.00000   15.00000  11.8%   280 17239s
 171816 158506   15.58918  591  250   17.00000   15.00000  11.8%   279 17274s
 172360 159019   15.67232  716  256   17.00000   15.00000  11.8%   279 17311s
 172955 159263   15.74318  812  252   17.00000   15.00000  11.8%   279 17350s
 173297 159504   15.77670  875  249   17.00000   15.00000  11.8%   279 17392s
 173600 159874   15.77708  876  250   17.00000   15.00000  11.8%   279 17449s
 173883 159874   15.84077 2849  256   17.00000   15.00000  11.8%   279 17450s
 174016 159882   15.82340  968  252   17.00000   15.00000  11.8%   279 17530s
 174024 160200   15.82438  969  251   17.00000   15.00000  11.8%   279 17584s
 174348 160797   15.82471  970  252   17.00000   15.00000  11.8%   279 17638s
 174972 160846   15.82526  971  254   17.00000   15.00000  11.8%   278 17712s
 175033 161163   15.82571  972  254   17.00000   15.00000  11.8%   278 17758s
 175412 161621   15.04166   26  170   17.00000   15.00000  11.8%   278 17804s
 175924 161853   15.00597   42  174   17.00000   15.00000  11.8%   277 17852s
 176176 162071   15.18196   85  189   17.00000   15.00000  11.8%   277 17900s
 176406 163446   15.18229   86  191   17.00000   15.00000  11.8%   277 17948s
 177789 164969   15.31059  168  194   17.00000   15.00000  11.8%   276 17993s
 179367 165880   15.73509  463  207   17.00000   15.00000  11.8%   275 18059s
 180294 167099   15.00000   83  205   17.00000   15.00000  11.8%   274 18111s
 181515 167381   16.00000  130  130   17.00000   15.00000  11.8%   273 18153s
 181825 167647   15.29928   69  161   17.00000   15.00000  11.8%   273 18216s
 182091 169548   15.37106  109  165   17.00000   15.00000  11.8%   272 18269s
 184016 170667   16.00000   48   89   17.00000   15.00000  11.8%   270 18310s
 185233 171143   15.96742  298  171   17.00000   15.00000  11.8%   269 18344s
 185768 171810   15.33910   41  172   17.00000   15.00000  11.8%   269 18379s
 186453 172544   15.42785   82  170   17.00000   15.00000  11.8%   268 18415s
 187187 173064   15.80357  349  166   17.00000   15.00000  11.8%   268 18453s
 187721 174469   15.00000   54  212   17.00000   15.00000  11.8%   267 18490s
 189156 175417   15.28571   74  196   17.00000   15.00000  11.8%   266 18524s
 190126 176474   15.02216   88  203   17.00000   15.00000  11.8%   265 18558s
 191183 177952   15.21205  196  226   17.00000   15.00000  11.8%   264 18594s
 192677 179382   15.31306  398  227   17.00000   15.00000  11.8%   262 18628s
 194138 180838   15.44788  546  218   17.00000   15.00000  11.8%   261 18694s
 195608 182640   15.60927  801  222   17.00000   15.00000  11.8%   259 18731s
 197462 182927   15.81948 1094  223   17.00000   15.00000  11.8%   258 18752s
 197757 183358   15.85263 1133  223   17.00000   15.00000  11.8%   257 18776s
 198208 183870   15.92668 1261  221   17.00000   15.00000  11.8%   257 18802s
 198754 183957   15.17067   74  204   17.00000   15.00000  11.8%   257 18827s
 198845 184460   15.17998   78  206   17.00000   15.00000  11.8%   257 18855s
 199372 184760   15.26263  138  212   17.00000   15.00000  11.8%   256 18884s
 199716 185624   15.28318  173  213   17.00000   15.00000  11.8%   256 18912s
 200598 186435   15.40759  289  213   17.00000   15.00000  11.8%   255 18941s
 201409 187336   15.52160  418  226   17.00000   15.00000  11.8%   255 18970s
 202336 187898   15.63482  534  229   17.00000   15.00000  11.8%   254 19005s
 202898 188975   15.63596  535  225   17.00000   15.00000  11.8%   254 19037s
 203975 190761   15.74689  682  229   17.00000   15.00000  11.8%   253 19070s
 205809 191508   15.00000   68  203   17.00000   15.00000  11.8%   251 19095s
 206570 192036   15.00000   77  198   17.00000   15.00000  11.8%   250 19121s
 207112 192628   15.00000   86  202   17.00000   15.00000  11.8%   250 19148s
 207716 193286   15.01532  104  219   17.00000   15.00000  11.8%   250 19175s
 208416 193940   15.07711  182  225   17.00000   15.00000  11.8%   249 19203s
 209070 196190   15.14626  278  225   17.00000   15.00000  11.8%   249 19261s
 211387 196530   15.43004  609  235   17.00000   15.00000  11.8%   247 19281s
 211727 196840   15.44963  687  237   17.00000   15.00000  11.8%   247 19304s
 212037 196963   15.46746  716  232   17.00000   15.00000  11.8%   246 19327s
 212160 197412   15.47438  726  235   17.00000   15.00000  11.8%   246 19352s
 212625 197916   15.52306  799  237   17.00000   15.00000  11.8%   246 19379s
 213129 198764   15.57422  889  239   17.00000   15.00000  11.8%   246 19412s
 213977 199194   15.62110  994  236   17.00000   15.00000  11.8%   245 19440s
 214407 200084   15.66111 1101  235   17.00000   15.00000  11.8%   245 19472s
 215330 201331   15.76452 1246  233   17.00000   15.00000  11.8%   244 19504s
 216633 201506   15.92894 1635  232   17.00000   15.00000  11.8%   243 19535s
 216808 201648   15.97501 1732  235   17.00000   15.00000  11.8%   243 19566s
 216968 201716   15.00000   46  174   17.00000   15.00000  11.8%   243 19598s
 217036 201954   15.00000   58  166   17.00000   15.00000  11.8%   243 19630s
 217274 202184   15.00000   78  177   17.00000   15.00000  11.8%   243 19666s
 217532 202679   15.00326   97  206   17.00000   15.00000  11.8%   243 19699s
 218181 203049   15.07524  207  199   17.00000   15.00000  11.8%   243 19731s
 218567 203107   15.10408  262  205   17.00000   15.00000  11.8%   242 19776s
 218625 203790   15.10847  263  207   17.00000   15.00000  11.8%   242 19810s
 219446 204591   15.11221  265  209   17.00000   15.00000  11.8%   242 19844s
 220247 205371   15.18668  362  212   17.00000   15.00000  11.8%   241 19880s
 221045 207424   15.24395  459  214   17.00000   15.00000  11.8%   241 19915s
 223188 207967   15.36503  622  220   17.00000   15.00000  11.8%   239 19942s
 223731 209104   15.46623  781  221   17.00000   15.00000  11.8%   239 20001s
 224868 209938   15.58399 1028  226   17.00000   15.00000  11.8%   238 20045s
 225702 210177   15.65966 1205  223   17.00000   15.00000  11.8%   238 20084s
 225941 211332   15.69466 1279  222   17.00000   15.00000  11.8%   237 20130s
 227096 213148   15.85839 1706  230   17.00000   15.00000  11.8%   237 20171s
 228982 213498   15.95138   99  151   17.00000   15.00000  11.8%   235 20202s
 229342 213780   15.24130   84  198   17.00000   15.00000  11.8%   235 20235s
 229624 214920   15.24614   85  196   17.00000   15.00000  11.8%   235 20270s
 230796 215591   15.53425  332  200   17.00000   15.00000  11.8%   235 20300s
 231547 215674   15.81701  582  213   17.00000   15.00000  11.8%   234 20343s
 231632 215839   15.84680  600  211   17.00000   15.00000  11.8%   234 20379s
 231817 215951   15.96048  709  207   17.00000   15.00000  11.8%   234 20413s
 231951 216015   15.00000   37  214   17.00000   15.00000  11.8%   234 20447s
 232029 216044   15.00000   46  209   17.00000   15.00000  11.8%   234 20480s
 232060 216300   15.00000   55  204   17.00000   15.00000  11.8%   234 20517s
 232580 216710   15.00000   70  214   17.00000   15.00000  11.8%   234 20552s
 233010 217323   15.03614   91  230   17.00000   15.00000  11.8%   234 20591s
 233689 218383   15.09819  165  249   17.00000   15.00000  11.8%   234 20630s
 234749 219303   15.17679  251  256   17.00000   15.00000  11.8%   233 20667s
 235669 219957   15.20175  314  256   17.00000   15.00000  11.8%   232 20705s
 236338 220608   15.25380  360  245   17.00000   15.00000  11.8%   232 20743s
 237024 220884   15.30774  416  254   17.00000   15.00000  11.8%   232 20778s
 237416 221305   15.32112  436  255   17.00000   15.00000  11.8%   232 20814s
 238064 222076   15.33513  486  251   17.00000   15.00000  11.8%   231 20853s
 238835 222428   15.36921  562  266   17.00000   15.00000  11.8%   231 20923s
 239187 224856   15.38938  606  252   17.00000   15.00000  11.8%   231 21056s
 241655 226455   15.46840  913  253   17.00000   15.00000  11.8%   229 21110s
 243254 228191   15.54653 1085  251   17.00000   15.00000  11.8%   228 21150s
 245024 230001   15.63588 1283  250   17.00000   15.00000  11.8%   227 21182s
 246868 231482   15.71327 1470  252   17.00000   15.00000  11.8%   226 21208s
 248397 232238   15.79111 1631  255   17.00000   15.00000  11.8%   225 21234s
 249153 233013   15.81158 1682  256   17.00000   15.00000  11.8%   225 21258s
 250044 233170   15.89515 1880  254   17.00000   15.00000  11.8%   224 21282s
 250455 233411   15.90331 1907  249   17.00000   15.00000  11.8%   224 21307s
 251204 233977   15.93248 1948  248   17.00000   15.00000  11.8%   224 21333s
 251798 234618   15.30754   32  184   17.00000   15.00000  11.8%   223 21358s
 252473 236074   15.40499  111  188   17.00000   15.00000  11.8%   223 21384s
 253961 237527   15.62145  275  208   17.00000   15.00000  11.8%   222 21443s
 255428 238353   15.74363  556  206   17.00000   15.00000  11.8%   221 21477s
 256254 238620   15.83275  718  208   17.00000   15.00000  11.8%   221 21508s
 256531 239400   15.83275  719  208   17.00000   15.00000  11.8%   221 21541s
 257331 240558   15.95637 1014  206   17.00000   15.00000  11.8%   221 21578s
 258605 240566   15.21208   28  174   17.00000   15.00000  11.8%   220 21621s
 258613 240574   15.21669   29  173   17.00000   15.00000  11.8%   220 21674s
 258621 240582   15.22091   30  173   17.00000   15.00000  11.8%   220 21711s
 258629 240636   15.22091   31  174   17.00000   15.00000  11.8%   220 21748s
 258683 240789   15.22091   32  174   17.00000   15.00000  11.8%   220 21784s
 258885 240821   15.22245   33  177   17.00000   15.00000  11.8%   220 21830s
 258917 241123   15.22245   34  178   17.00000   15.00000  11.8%   220 21867s
 259219 241332   15.34382  112  186   17.00000   15.00000  11.8%   220 21903s
 259436 241681   15.42893  159  191   17.00000   15.00000  11.8%   220 21943s
 259836 242431   15.51349  203  201   17.00000   15.00000  11.8%   220 21989s
 260662 243301   15.68834  332  203   17.00000   15.00000  11.8%   219 22030s
 261550 244236   15.82677  505  205   17.00000   15.00000  11.8%   219 22072s
 262515 245062   15.93893  666  210   17.00000   15.00000  11.8%   218 22111s
 263409 245382   15.61360   52  170   17.00000   15.00000  11.8%   218 22156s
 263769 245394   15.00000   47  209   17.00000   15.00000  11.8%   218 22197s
 263781 245915   15.00000   52  195   17.00000   15.00000  11.8%   218 22237s
 264344 247542   15.00000   67  217   17.00000   15.00000  11.8%   218 22278s
 266009 249263   15.00000   80  208   17.00000   15.00000  11.8%   217 22319s
 267746 250047   15.00000   93  223   17.00000   15.00000  11.8%   216 22354s
 268568 251622   15.00000  102  200   17.00000   15.00000  11.8%   216 22413s
 270289 251892   15.00000  124  228   17.00000   15.00000  11.8%   215 22440s
 270573 251942   15.00000  129  212   17.00000   15.00000  11.8%   215 22472s
 270633 252431   15.00000  130  228   17.00000   15.00000  11.8%   215 22502s
 271190 252968   15.00000  144  223   17.00000   15.00000  11.8%   215 22535s
 271741 253344   15.00000  153  224   17.00000   15.00000  11.8%   216 22571s
 272131 253728   15.00000  157  230   17.00000   15.00000  11.8%   216 22613s
 272537 254620   15.00000  169  229   17.00000   15.00000  11.8%   216 22658s
 273437 255267   15.00000  180  234   17.00000   15.00000  11.8%   216 22699s
 274124 255752   15.00000  191  226   17.00000   15.00000  11.8%   216 22743s
 274611 256128   15.00000  203  246   17.00000   15.00000  11.8%   215 22791s
 274999 256836   15.00000  207  233   17.00000   15.00000  11.8%   215 22838s
 275721 257739   15.00000  220  239   17.00000   15.00000  11.8%   215 22886s
 276674 259066   15.00000  237  251   17.00000   15.00000  11.8%   215 22936s
 278001 260558   15.00000  248  247   17.00000   15.00000  11.8%   214 22982s
 279517 261597   15.00000  256  249   17.00000   15.00000  11.8%   213 23025s
 280572 262335   15.01021  298  266   17.00000   15.00000  11.8%   213 23064s
 281322 263159   15.01937  317  264   17.00000   15.00000  11.8%   212 23104s
 282184 264137   15.07514  372  271   17.00000   15.00000  11.8%   212 23143s
 283182 265539   15.09804  463  268   17.00000   15.00000  11.8%   212 23197s
 284652 265828   15.15923  578  269   17.00000   15.00000  11.8%   211 23226s
 284941 266177   15.17601  626  267   17.00000   15.00000  11.8%   211 23260s
 285290 266945   15.18281  639  267   17.00000   15.00000  11.8%   211 23300s
 286058 266985   15.20809  728  272   17.00000   15.00000  11.8%   211 23344s
 286098 267210   15.20983  733  274   17.00000   15.00000  11.8%   211 23390s
 286323 268669   15.21618  748  269   17.00000   15.00000  11.8%   211 23438s
 287800 269091   15.27605  909  271   17.00000   15.00000  11.8%   210 23477s
 288222 270350   15.31214  941  274   17.00000   15.00000  11.8%   210 23517s
 289499 271869   15.39669 1017  274   17.00000   15.00000  11.8%   210 23554s
 291036 272766   15.46676 1169  273   17.00000   15.00000  11.8%   209 23584s
 291953 272824   15.52664 1263  268   17.00000   15.00000  11.8%   209 23621s
 292017 272849   15.53189 1271  274   17.00000   15.00000  11.8%   209 23654s
 292042 273720   15.53189 1272  273   17.00000   15.00000  11.8%   209 23686s
 292943 275145   15.56373 1397  276   17.00000   15.00000  11.8%   209 23720s
 294368 276461   15.60212 1541  262   17.00000   15.00000  11.8%   208 23752s
 295700 277594   15.64311 1629  269   17.00000   15.00000  11.8%   207 23782s
 296885 278207   15.69312 1727  281   17.00000   15.00000  11.8%   207 23809s
 297568 278579   15.74311 1858  268   17.00000   15.00000  11.8%   207 23837s
 297940 280063   15.74674 1891  261   17.00000   15.00000  11.8%   207 23893s
 299468 280405   16.00000 2061  228   17.00000   15.00000  11.8%   206 23920s
 299860 280515   16.00000 2062  222   17.00000   15.00000  11.8%   206 23950s
 299970 280663   16.00000 2067  238   17.00000   15.00000  11.8%   206 23992s
 300122 280987   16.00000 2088  224   17.00000   15.00000  11.8%   206 24035s
 300458 281372   16.00000 2129  229   17.00000   15.00000  11.8%   206 24082s
 300845 282103     cutoff 2165        17.00000   15.00000  11.8%   206 24134s
 301592 282984   15.00000   67  198   17.00000   15.00000  11.8%   206 24184s
 302489 284175   15.31342   59  180   17.00000   15.00000  11.8%   206 24234s
 303680 284728   15.67242  256  199   17.00000   15.00000  11.8%   205 24281s
 304233 285021   15.74205  333  211   17.00000   15.00000  11.8%   205 24330s
 304526 287250   15.74375  335  209   17.00000   15.00000  11.8%   205 24380s
 306902 288304     cutoff  128        17.00000   15.00000  11.8%   204 24419s
 308174 289146   15.23823   32  185   17.00000   15.00000  11.8%   204 24455s
 309066 289400   15.57941  184  194   17.00000   15.00000  11.8%   204 24489s
 309322 290298   15.69314  262  190   17.00000   15.00000  11.8%   204 24525s
 310266 291156   15.23711   74  211   17.00000   15.00000  11.8%   204 24558s
 311124 292626   15.36229  209  222   17.00000   15.00000  11.8%   203 24593s
 312596 292680   15.58029  421  218   17.00000   15.00000  11.8%   203 24648s
 312660 296301   15.58241  429  220   17.00000   15.00000  11.8%   203 24860s
 316308 297048   15.98439  885  217   17.00000   15.00000  11.8%   201 24894s
 317070 298975   15.31987  164  183   17.00000   15.00000  11.8%   201 24929s
 319031 299718   15.63155  497  198   17.00000   15.00000  11.8%   200 24957s
 319806 300617   15.77401  688  198   17.00000   15.00000  11.8%   200 24986s
 320875 301143   15.00000   36  164   17.00000   15.00000  11.8%   200 25012s
 321457 301344   15.00000   50  173   17.00000   15.00000  11.8%   199 25037s
 321690 302104   15.00000   59  179   17.00000   15.00000  11.8%   199 25063s
 322466 302810   15.62577  104  150   17.00000   15.00000  11.8%   199 25092s
 323230 303591     cutoff  318        17.00000   15.00000  11.8%   199 25120s
 324029 303598   15.55350  211  166   17.00000   15.00000  11.8%   199 25163s
 324038 303606   15.55350  212  166   17.00000   15.00000  11.8%   199 25210s
 324046 303613   15.55350  213  165   17.00000   15.00000  11.8%   199 25280s
 324055 303620   15.55350  214  165   17.00000   15.00000  11.8%   199 25313s
 324064 303664   15.55350  215  165   17.00000   15.00000  11.8%   199 25346s
 324108 303798   15.55350  216  165   17.00000   15.00000  11.8%   199 25383s
 324242 304073   15.63775  287  156   17.00000   15.00000  11.8%   199 25438s
 324533 304248   15.80780  445  171   17.00000   15.00000  11.8%   198 25469s
 324722 304390   15.80780  446  171   17.00000   15.00000  11.8%   198 25506s
 324870 305050   15.80780  447  172   17.00000   15.00000  11.8%   198 25537s
 325624 305526   15.06458   56  224   17.00000   15.00000  11.8%   198 25567s
 326120 306176   16.00000   86  138   17.00000   15.00000  11.8%   198 25598s
 326846 306656   15.18183   45  202   17.00000   15.00000  11.8%   198 25629s
 327388 307868   15.33035  102  200   17.00000   15.00000  11.8%   198 25685s
 328600 308370   15.57808  288  210   17.00000   15.00000  11.8%   198 25725s
 329102 309049   15.61150  329  202   17.00000   15.00000  11.8%   198 25764s
 329797 309666   15.69124  450  213   17.00000   15.00000  11.8%   197 25805s
 330414 310512   15.76237  555  213   17.00000   15.00000  11.8%   197 25851s
 331260 310677   15.86941  726  218   17.00000   15.00000  11.8%   197 25895s
 331425 310731   15.88032  747  217   17.00000   15.00000  11.8%   197 25939s
 331479 311283   15.88032  748  217   17.00000   15.00000  11.8%   197 25987s
 332047 313138   15.00000   30  194   17.00000   15.00000  11.8%   197 26037s
 333928 313570   15.35471   81  208   17.00000   15.00000  11.8%   196 26077s
 334372 314563   15.42944  152  208   17.00000   15.00000  11.8%   196 26117s
 335377 315536   15.45431   53  175   17.00000   15.00000  11.8%   196 26159s
 336427 317263   15.36983  123  174   17.00000   15.00000  11.8%   195 26200s
 338219 318009   15.78287  579  176   17.00000   15.00000  11.8%   195 26234s
 338981 318289   15.18373   61  203   17.00000   15.00000  11.8%   195 26267s
 339261 318651   15.33562  100  206   17.00000   15.00000  11.8%   195 26298s
 339645 319319   15.48290  199  207   17.00000   15.00000  11.8%   194 26331s
 340313 320506   15.70800  444  215   17.00000   15.00000  11.8%   194 26368s
 341516 321237   15.09368   90  201   17.00000   15.00000  11.8%   194 26402s
 342265 321851   15.27077  219  216   17.00000   15.00000  11.8%   194 26455s
 342879 322358   15.44363  369  221   17.00000   15.00000  11.8%   194 26523s
 343386 323662   15.50343  465  222   17.00000   15.00000  11.8%   194 26610s
 344692 324581   15.66232  755  215   17.00000   15.00000  11.8%   194 26679s
 345611 325379   15.80842 1000  217   17.00000   15.00000  11.8%   194 26743s
 346491 326398   15.28405   73  194   17.00000   15.00000  11.8%   194 26802s
 347572 327366   15.75077  372  209   17.00000   15.00000  11.8%   194 26860s
 348556 328250   15.26366   49  168   17.00000   15.00000  11.8%   193 26914s
 349456 328858   15.00000   33  163   17.00000   15.00000  11.8%   193 26969s
 350064 329551   15.00000   63  185   17.00000   15.00000  11.8%   193 27029s
 350775 330010   15.00000   94  188   17.00000   15.00000  11.8%   193 27083s
 351242 330901   15.00000  109  192   17.00000   15.00000  11.8%   193 27140s
 352133 332089   15.00048  132  215   17.00000   15.00000  11.8%   193 27200s
 353321 333227   15.11139  251  232   17.00000   15.00000  11.8%   193 27256s
 354474 333975   15.18977  403  240   17.00000   15.00000  11.8%   192 27308s
 355247 335195   15.20734  475  241   17.00000   15.00000  11.8%   192 27366s
 356467 336407   15.27032  627  241   17.00000   15.00000  11.8%   192 27421s
 357697 338482   15.30327  783  236   17.00000   15.00000  11.8%   192 27474s
 359774 338492   15.41463 1081  238   17.00000   15.00000  11.8%   191 27493s
 359794 338868   15.41618 1083  244   17.00000   15.00000  11.8%   191 27514s
 360202 339178   15.44620 1131  234   17.00000   15.00000  11.8%   191 27535s
 360528 339449   15.48172 1192  240   17.00000   15.00000  11.8%   191 27559s
 360799 339868   15.49787 1218  242   17.00000   15.00000  11.8%   191 27586s
 361218 340217   15.52632 1264  233   17.00000   15.00000  11.8%   191 27614s
 361567 340934   15.53790 1301  240   17.00000   15.00000  11.8%   191 27645s
 362310 342371   15.57418 1414  236   17.00000   15.00000  11.8%   191 27680s
 363783 342835   15.65406 1593  244   17.00000   15.00000  11.8%   190 27714s
 364247 342854   15.65409 1594  244   17.00000   15.00000  11.8%   190 27751s
 364266 343078   15.65409 1595  244   17.00000   15.00000  11.8%   190 27785s
 364490 343373   15.65590 1596  244   17.00000   15.00000  11.8%   190 27818s
 364785 343719   15.67566 1650  243   17.00000   15.00000  11.8%   190 27851s
 365131 344233   15.70039 1716  249   17.00000   15.00000  11.8%   190 27884s
 365645 344410   15.73270 1795  237   17.00000   15.00000  11.8%   190 27920s
 365822 344574   15.74916 1836  239   17.00000   15.00000  11.8%   190 27956s
 365986 345401   15.76188 1884  240   17.00000   15.00000  11.8%   190 27995s
 366855 346006   15.97931 2078  230   17.00000   15.00000  11.8%   189 28034s
 367510 347089   15.16121   37  197   17.00000   15.00000  11.8%   189 28071s
 368627 347146   15.37771  151  208   17.00000   15.00000  11.8%   189 28112s
 368684 347925   15.38466  159  207   17.00000   15.00000  11.8%   189 28152s
 369463 348964   15.48763  239  198   17.00000   15.00000  11.8%   189 28190s
 370534 350198   15.62006  385  210   17.00000   15.00000  11.8%   188 28224s
 371768 351806   15.76918  665  218   17.00000   15.00000  11.8%   188 28259s
 373392 352811   15.95630 1121  220   17.00000   15.00000  11.8%   188 28313s
 374569 353595   15.43031  134  176   17.00000   15.00000  11.8%   187 28350s
 375353 354516   15.95369  566  187   17.00000   15.00000  11.8%   187 28387s
 376313 355434   16.00000  113  114   17.00000   15.00000  11.8%   187 28421s
 377277 356235     cutoff  130        17.00000   15.00000  11.8%   187 28456s
 378210 356909     cutoff   57        17.00000   15.00000  11.8%   187 28489s
 379102 357550   15.24900  108  181   17.00000   15.00000  11.8%   187 28519s
 379769 358001   15.42446  281  186   17.00000   15.00000  11.8%   187 28553s
 380248 358552   15.51270  376  191   17.00000   15.00000  11.8%   187 28585s
 380848 358984   15.64639  487  182   17.00000   15.00000  11.8%   186 28621s
 381280 360393   15.80977  689  179   17.00000   15.00000  11.8%   186 28657s
 382785 360961   15.98286  194  173   17.00000   15.00000  11.8%   186 28688s
 383486 361268   15.00000   56  220   17.00000   15.00000  11.8%   186 28719s
 383827 361420   15.29213   63  249   17.00000   15.00000  11.8%   186 28751s
 383999 361428   15.89035   87  190   17.00000   15.00000  11.8%   186 28798s
 384007 361435     cutoff   88        17.00000   15.00000  11.8%   186 28846s
 384016 361443   15.89262   89  191   17.00000   15.00000  11.8%   186 28886s
 384024 361457   15.89756   90  188   17.00000   15.00000  11.8%   186 28926s
 384038 361595   15.89756   91  191   17.00000   15.00000  11.8%   186 28975s
 384192 361921   15.00000   47  172   17.00000   15.00000  11.8%   186 29014s
 384542 362421   15.00000   60  184   17.00000   15.00000  11.8%   186 29050s
 385042 362974   15.00000   71  191   17.00000   15.00000  11.8%   186 29087s
 385595 363649   15.00000   85  187   17.00000   15.00000  11.8%   186 29129s
 386284 363908   15.00000   99  190   17.00000   15.00000  11.8%   186 29169s
 386611 364358   15.00000  105  190   17.00000   15.00000  11.8%   186 29210s
 387061 365118   15.00000  116  208   17.00000   15.00000  11.8%   186 29254s
 387839 365949   15.03915  173  225   17.00000   15.00000  11.8%   186 29312s
 388700 366754   15.11071  242  230   17.00000   15.00000  11.8%   185 29363s
 389569 367702   15.14490  343  233   17.00000   15.00000  11.8%   185 29413s
 390531 368635   15.22515  438  227   17.00000   15.00000  11.8%   185 29459s
 391480 368722   15.27890  556  230   17.00000   15.00000  11.8%   185 29499s
 391567 369363   15.28707  573  224   17.00000   15.00000  11.8%   185 29543s
 392236 370355   15.31733  662  221   17.00000   15.00000  11.8%   185 29592s
 393242 371147   15.38246  791  214   17.00000   15.00000  11.8%   185 29637s
 394034 372164   15.44158  889  223   17.00000   15.00000  11.8%   184 29685s
 395051 373251   15.51072 1048  223   17.00000   15.00000  11.8%   184 29728s
 396154 375169   15.57365 1198  221   17.00000   15.00000  11.8%   184 29774s
 398192 376429   15.67968 1412  227   17.00000   15.00000  11.8%   183 29811s
 399506 377064   15.77540 1634  231   17.00000   15.00000  11.8%   183 29845s
 400153 377886   15.81996 1773  222   17.00000   15.00000  11.8%   183 29881s
 401001 378323   15.88443 1944  232   17.00000   15.00000  11.8%   183 29914s
 401448 378662   15.89979 1984  231   17.00000   15.00000  11.8%   183 29957s
 401807 379869   15.19552   59  201   17.00000   15.00000  11.8%   183 29997s
 403081 381570   15.41451  176  181   17.00000   15.00000  11.8%   183 30054s
 404782 382687   15.76562  632  186   17.00000   15.00000  11.8%   182 30082s
 405915 382958   15.18933   88  183   17.00000   15.00000  11.8%   182 30104s
 406186 383087   15.28860  125  177   17.00000   15.00000  11.8%   182 30126s
 406315 383560   15.38873  179  194   17.00000   15.00000  11.8%   182 30153s
 406788 384404   15.48553  273  191   17.00000   15.00000  11.8%   182 30183s
 407678 384898   15.59674  443  189   17.00000   15.00000  11.8%   181 30210s
 408188 385969   15.66267  549  197   17.00000   15.00000  11.8%   181 30242s
 409271 386611   15.83191  935  192   17.00000   15.00000  11.8%   181 30271s
 409945 387216   15.00000   43  190   17.00000   15.00000  11.8%   181 30299s
 410594 387633   15.64042  121  154   17.00000   15.00000  11.8%   181 30329s
 411103 388359   15.21760   62  199   17.00000   15.00000  11.8%   181 30358s
 411845 388643   15.39511  172  202   17.00000   15.00000  11.8%   181 30384s
 412129 389147   15.46548  294  212   17.00000   15.00000  11.8%   181 30413s
 412633 389730   15.57612  420  215   17.00000   15.00000  11.8%   181 30444s
 413234 390973   15.68985  527  216   17.00000   15.00000  11.8%   181 30475s
 414523 391916   15.89410  789  214   17.00000   15.00000  11.8%   180 30505s
 415466 392845   15.98428  949  209   17.00000   15.00000  11.8%   180 30539s
 416451 393819   15.51117   56  142   17.00000   15.00000  11.8%   180 30570s
 417477 393919   15.25496  115  179   17.00000   15.00000  11.8%   180 30596s
 417589 394208   15.29928  143  175   17.00000   15.00000  11.8%   180 30647s
 417878 396686   15.45377  241  191   17.00000   15.00000  11.8%   180 30782s
 420368 397836   15.69620  697  193   17.00000   15.00000  11.8%   180 30831s
 421548 398529   15.84601 1023  199   17.00000   15.00000  11.8%   179 30875s
 422272 398858   15.23142   85  194   17.00000   15.00000  11.8%   179 30921s
 422673 398980   15.72995   56  129   17.00000   15.00000  11.8%   179 30968s
 422815 399177   15.82730   81  138   17.00000   15.00000  11.8%   179 31020s
 423041 400515   16.00000  105   97   17.00000   15.00000  11.8%   179 31068s
 424441 402224   16.00000   78  155   17.00000   15.00000  11.8%   179 31110s
 426240 402673   15.44594   41  178   17.00000   15.00000  11.8%   179 31147s
 426731 403719   15.35926   80  131   17.00000   15.00000  11.8%   179 31186s
 427843 404299   15.22628   61  209   17.00000   15.00000  11.8%   179 31224s
 428439 404919   15.40298  169  216   17.00000   15.00000  11.8%   179 31260s
 429077 405537   15.49638  281  212   17.00000   15.00000  11.8%   179 31298s
 429695 405727   15.55846  345  210   17.00000   15.00000  11.8%   178 31336s
 429887 407054   15.58175  370  211   17.00000   15.00000  11.8%   178 31375s
 431230 407062   15.71310  584  220   17.00000   15.00000  11.8%   178 31421s
 431238 407070   15.71310  585  220   17.00000   15.00000  11.8%   178 31472s
 431246 407078   15.71310  586  220   17.00000   15.00000  11.8%   178 31536s
 431254 407086   15.71310  587  220   17.00000   15.00000  11.8%   178 31589s
 431262 407094   15.71319  588  219   17.00000   15.00000  11.8%   178 31630s
 431270 407106   15.71447  589  218   17.00000   15.00000  11.8%   178 31670s
 431282 407927   15.71501  590  218   17.00000   15.00000  11.8%   178 31712s
 432103 408891   15.80135  769  211   17.00000   15.00000  11.8%   178 31769s
 433083 409646   15.91952 1015  212   17.00000   15.00000  11.8%   178 31810s
 433888 410107   15.04857   34  165   17.00000   15.00000  11.8%   178 31851s
 434349 410897   15.32780   89  181   17.00000   15.00000  11.8%   178 31896s
 435139 411576   15.56454  236  182   17.00000   15.00000  11.8%   177 31943s
 435818 412629   15.71755  347  179   17.00000   15.00000  11.8%   177 31992s
 436871 413581   15.93449  646  187   17.00000   15.00000  11.8%   177 32037s
 437875 414589   15.16101   46  222   17.00000   15.00000  11.8%   177 32082s
 438883 415611   15.28776  145  231   17.00000   15.00000  11.8%   177 32126s
 439922 416580   15.34215  205  240   17.00000   15.00000  11.8%   176 32164s
 440979 417247   15.43463  369  248   17.00000   15.00000  11.8%   176 32202s
 441684 417708   15.49276  454  250   17.00000   15.00000  11.8%   176 32241s
 442151 418395   15.52214  513  252   17.00000   15.00000  11.8%   176 32282s
 442876 419242   15.56553  590  244   17.00000   15.00000  11.8%   176 32324s
 443739 420147   15.62634  678  248   17.00000   15.00000  11.8%   176 32365s
 444674 421040   15.69034  816  245   17.00000   15.00000  11.8%   176 32407s
 445597 421828   15.74525  956  251   17.00000   15.00000  11.8%   176 32447s
 446425 422618   15.86016 1176  253   17.00000   15.00000  11.8%   176 32485s
 447247 422825   15.91252 1334  246   17.00000   15.00000  11.8%   176 32545s
 447468 425727   15.92246 1362  244   17.00000   15.00000  11.8%   176 32704s
 450442 427930   15.66996  397  218   17.00000   15.00000  11.8%   175 32743s
 452663 428024   15.96825  853  210   17.00000   15.00000  11.8%   175 32768s
 452791 428474   15.03365   56  185   17.00000   15.00000  11.8%   175 32795s
 453241 429076   15.20740  133  191   17.00000   15.00000  11.8%   175 32822s
 453843 429762   15.36055  275  190   17.00000   15.00000  11.8%   175 32850s
 454561 431056   15.49561  376  200   17.00000   15.00000  11.8%   174 32879s
 455870 431714   15.68216  615  204   17.00000   15.00000  11.8%   174 32905s
 456528 432427   15.77873  747  202   17.00000   15.00000  11.8%   174 32932s
 457241 433843   15.83242  852  204   17.00000   15.00000  11.8%   174 32961s
 458725 434514   15.97307 1112  209   17.00000   15.00000  11.8%   173 32988s
 459604 434775   15.04102   65  196   17.00000   15.00000  11.8%   173 33013s
 459931 435822   15.08850   94  190   17.00000   15.00000  11.8%   173 33036s
 460978 436050   15.26836  264  207   17.00000   15.00000  11.8%   173 33061s
 461206 436251   15.32611  323  212   17.00000   15.00000  11.8%   173 33088s
 461407 436634   15.32611  324  214   17.00000   15.00000  11.8%   173 33126s
 461790 438749   15.32615  326  214   17.00000   15.00000  11.8%   173 33177s
 463905 439551   15.59180  651  215   17.00000   15.00000  11.8%   172 33195s
 464721 439692   15.68289  787  218   17.00000   15.00000  11.8%   172 33212s
 464862 440144   15.68652  798  218   17.00000   15.00000  11.8%   172 33232s
 465314 441279   15.72697  890  224   17.00000   15.00000  11.8%   172 33255s
 466449 441459   15.82857 1137  223   17.00000   15.00000  11.8%   172 33273s
 466629 441597   15.84010 1166  222   17.00000   15.00000  11.8%   172 33295s
 466785 442528   15.85216 1209  222   17.00000   15.00000  11.8%   172 33319s
 467748 443050   15.00000   24  165   17.00000   15.00000  11.8%   172 33340s
 468270 443430   15.11070   80  193   17.00000   15.00000  11.8%   172 33361s
 468668 443832   15.21134  131  212   17.00000   15.00000  11.8%   172 33382s
 469078 444296   15.28181  172  206   17.00000   15.00000  11.8%   172 33405s
 469550 444546   15.39671  248  218   17.00000   15.00000  11.8%   172 33431s
 469800 445367   15.45947  289  220   17.00000   15.00000  11.8%   172 33457s
 470621 445687   15.54933  383  215   17.00000   15.00000  11.8%   171 33483s
 470941 446186   15.59364  453  219   17.00000   15.00000  11.8%   171 33509s
 471440 446759   15.64759  536  219   17.00000   15.00000  11.8%   171 33536s
 472013 447368   15.71343  666  214   17.00000   15.00000  11.8%   171 33564s
 472656 447967   15.77413  804  217   17.00000   15.00000  11.8%   171 33592s
 473255 448984   15.84873  973  207   17.00000   15.00000  11.8%   171 33620s
 474308 449465   15.18505   49  177   17.00000   15.00000  11.8%   171 33647s
 474789 449540   15.50254  165  179   17.00000   15.00000  11.8%   171 33676s
 474864 449560   15.55706  175  188   17.00000   15.00000  11.8%   171 33708s
 474884 450186   15.55706  176  186   17.00000   15.00000  11.8%   171 33742s
 475510 450734   15.90129  504  201   17.00000   15.00000  11.8%   171 33771s
 476074 451627   15.07517   57  197   17.00000   15.00000  11.8%   171 33801s
 476983 452814   15.25887  219  215   17.00000   15.00000  11.8%   171 33852s
 478397 453019   15.49447  491  232   17.00000   15.00000  11.8%   171 33878s
 478716 453124   15.50738  518  221   17.00000   15.00000  11.8%   171 33914s
 478823 453198   15.51265  533  225   17.00000   15.00000  11.8%   171 33958s
 478897 453951   15.51265  534  225   17.00000   15.00000  11.8%   171 33998s
 479698 454723   15.51398  538  224   17.00000   15.00000  11.8%   171 34037s
 480492 455530   15.62117  676  225   17.00000   15.00000  11.8%   171 34076s
 481317 455995   15.80357  910  229   17.00000   15.00000  11.8%   171 34116s
 481782 456675   15.85602 1009  228   17.00000   15.00000  11.8%   171 34160s
 482462 457587   15.97372 1225  222   17.00000   15.00000  11.8%   171 34206s
 483400 458289   15.21426   75  174   17.00000   15.00000  11.8%   171 34248s
 484118 458566   15.21483   76  175   17.00000   15.00000  11.8%   171 34295s
 484395 459172   15.21483   77  175   17.00000   15.00000  11.8%   171 34342s
 485015 460014   15.49431  205  184   17.00000   15.00000  11.8%   170 34390s
 485857 460830   15.79098  456  194   17.00000   15.00000  11.8%   170 34438s
 486689 461509   15.18150   75  206   17.00000   15.00000  11.8%   170 34482s
 487495 462040   15.85146   54  174   17.00000   15.00000  11.8%   170 34525s
 488294 462048   15.35730  108  187   17.00000   15.00000  11.8%   170 34585s
 488302 462119   15.35730  109  187   17.00000   15.00000  11.8%   170 34653s
 488373 462341   15.36198  110  171   17.00000   15.00000  11.8%   170 34738s
 488613 462917   15.36198  111  172   17.00000   15.00000  11.8%   170 34794s
 489189 463258   15.38246  130  180   17.00000   15.00000  11.8%   170 34842s
 489530 463347   15.53793  214  187   17.00000   15.00000  11.8%   170 34893s
 489619 463930   15.54121  228  188   17.00000   15.00000  11.8%   170 34947s
 490202 465697   15.93172  655  179   17.00000   15.00000  11.8%   170 34999s
 492015 467514   15.47428  201  181   17.00000   15.00000  11.8%   170 35051s
 493846 468115   15.78074  657  190   17.00000   15.00000  11.8%   169 35074s
 494447 468211   15.84139  837  190   17.00000   15.00000  11.8%   169 35097s
 494543 468238   15.84489  849  189   17.00000   15.00000  11.8%   169 35121s
 494570 468701   15.84949  868  186   17.00000   15.00000  11.8%   169 35157s
 495051 469372   15.88692   77   85   17.00000   15.00000  11.8%   169 35185s
 495734 470448   15.00511   67  220   17.00000   15.00000  11.8%   169 35213s
 496852 471084   15.12279  165  219   17.00000   15.00000  11.8%   169 35240s
 497512 472010   15.21782  245  221   17.00000   15.00000  11.8%   169 35269s
 498458 472566   15.36031  384  240   17.00000   15.00000  11.8%   169 35294s
 499048 472713   15.45434  496  244   17.00000   15.00000  11.8%   169 35319s
 499245 472908   15.46061  518  242   17.00000   15.00000  11.8%   169 35347s
 499468 473154   15.47234  537  242   17.00000   15.00000  11.8%   169 35376s
 499736 474127   15.49188  570  247   17.00000   15.00000  11.8%   169 35407s
 500709 474680   15.53851  689  242   17.00000   15.00000  11.8%   169 35438s
 501262 476062   15.60742  781  237   17.00000   15.00000  11.8%   169 35471s
 502660 476793   15.71810  899  235   17.00000   15.00000  11.8%   169 35501s
 503409 477164   15.77011  961  235   17.00000   15.00000  11.8%   168 35530s
 503822 478255   15.81705 1031  238   17.00000   15.00000  11.8%   168 35559s
 505039 479813   15.90977 1199  241   17.00000   15.00000  11.8%   168 35589s
 506641 481881   15.12297   55  198   17.00000   15.00000  11.8%   168 35641s
 508783 482561   15.47056  244  211   17.00000   15.00000  11.8%   167 35659s
 509463 483711   15.55551  329  218   17.00000   15.00000  11.8%   167 35680s
 510613 483798   15.72433  489  214   17.00000   15.00000  11.8%   167 35696s
 510700 484121   15.78887  565  216   17.00000   15.00000  11.8%   167 35715s
 511023 485357   15.83001  672  212   17.00000   15.00000  11.8%   167 35736s
 512283 486036   15.98665  950  213   17.00000   15.00000  11.8%   167 35756s
 513030 486550     cutoff   75        17.00000   15.00000  11.8%   167 35776s
 513622 487316   15.05181   50  196   17.00000   15.00000  11.8%   167 35797s
 514418 488032   15.23741   54  176   17.00000   15.00000  11.8%   166 35816s
 515258 488288   15.06857   40  196   17.00000   15.00000  11.8%   166 35834s
 515526 488589   15.10920   66  196   17.00000   15.00000  11.8%   166 35852s
 515839 489064   16.00000  111  112   17.00000   15.00000  11.8%   166 35872s
 516346 489473   16.00000  158  122   17.00000   15.00000  11.8%   166 35891s
 516817 489630   15.04817   47  187   17.00000   15.00000  11.8%   166 35910s
 516976 489843   15.14491  112  199   17.00000   15.00000  11.8%   166 35930s
 517190 490118   15.22079  151  202   17.00000   15.00000  11.8%   166 35950s
 517479 491129   15.28969  211  208   17.00000   15.00000  11.8%   166 35972s
 518490 491834   15.39908  366  202   17.00000   15.00000  11.8%   166 35994s
 519195 492862   15.46548  472  204   17.00000   15.00000  11.8%   166 36016s
 520223 493775   15.57940  628  206   17.00000   15.00000  11.8%   166 36040s
 521152 496184   15.65484  762  204   17.00000   15.00000  11.8%   166 36094s
 523595 496293   15.88747 1218  212   17.00000   15.00000  11.8%   165 36110s
 523704 496307   15.92394 1260  215   17.00000   15.00000  11.8%   165 36127s
 523718 496658   15.92494 1264  216   17.00000   15.00000  11.8%   165 36144s
 524087 496821   15.00000   41  185   17.00000   15.00000  11.8%   165 36164s
 524254 497057   15.00000   43  183   17.00000   15.00000  11.8%   165 36185s
 524496 497456   15.00000   47  183   17.00000   15.00000  11.8%   165 36206s
 524917 497549   15.00000   51  189   17.00000   15.00000  11.8%   165 36230s
 525012 497651   15.25211   55  164   17.00000   15.00000  11.8%   165 36255s
 525128 498588   15.16554   52  183   17.00000   15.00000  11.8%   165 36287s
 526133 499856   15.44348  225  207   17.00000   15.00000  11.8%   165 36315s
 527499 500454   15.56385  360  209   17.00000   15.00000  11.8%   165 36338s
 528121 501353   15.65164  478  207   17.00000   15.00000  11.8%   165 36361s
 529042 501706   15.76971  676  207   17.00000   15.00000  11.8%   164 36385s
 529409 502094   15.83416  774  205   17.00000   15.00000  11.8%   164 36409s
 529799 503319   15.90844  893  206   17.00000   15.00000  11.8%   164 36434s
 531086 504185   15.91326  162  176   17.00000   15.00000  11.8%   164 36458s
 532057 504876   15.17603   97  188   17.00000   15.00000  11.8%   164 36481s
 532774 505000   15.38131  187  185   17.00000   15.00000  11.8%   164 36507s
 532898 505204   15.38359  195  186   17.00000   15.00000  11.8%   164 36530s
 533102 506429   15.47746  298  187   17.00000   15.00000  11.8%   164 36556s
 534343 507960   15.55143  414  189   17.00000   15.00000  11.8%   164 36580s
 535892 509229   15.68356  654  193   17.00000   15.00000  11.8%   164 36640s
 537187 510165   15.77805  886  201   17.00000   15.00000  11.8%   163 36673s
 538138 510595   15.92020 1157  190   17.00000   15.00000  11.8%   163 36703s
 538618 510759   15.98305 1277  195   17.00000   15.00000  11.8%   163 36741s
 538796 511114   15.99091 1305  194   17.00000   15.00000  11.8%   163 36778s
 539169 511610   16.00000  149  106   17.00000   15.00000  11.8%   163 36816s
 539683 512540   16.00000   93  129   17.00000   15.00000  11.8%   163 36859s
 540641 512692   15.28734  140  190   17.00000   15.00000  11.8%   163 36901s
 540793 513137   15.30474  159  185   17.00000   15.00000  11.8%   163 36941s
 541256 513947   15.34843  189  192   17.00000   15.00000  11.8%   163 36984s
 542097 516453   15.57752  374  186   17.00000   15.00000  11.8%   163 37027s
 544651 517975   15.94923  830  201   17.00000   15.00000  11.8%   162 37058s
 546267 519166   15.14994   38  200   17.00000   15.00000  11.8%   162 37085s
 547588 520058   15.00000   36  218   17.00000   15.00000  11.8%   162 37111s
 548506 521233   15.11752   39  246   17.00000   15.00000  11.8%   162 37138s
 549713 521885   16.00000  100  120   17.00000   15.00000  11.8%   162 37162s
 550375 522664   15.58419   44  125   17.00000   15.00000  11.8%   162 37215s
 551194 523736   15.35424  113  196   17.00000   15.00000  11.8%   162 37262s
 552294 525661   15.35424  114  195   17.00000   15.00000  11.8%   161 37306s
 554319 526620   15.44526  233  201   17.00000   15.00000  11.8%   161 37333s
 555458 526628   15.57929  415  207   17.00000   15.00000  11.8%   161 37366s
 555466 526636   15.58039  416  208   17.00000   15.00000  11.8%   161 37430s
 555474 526644   15.58105  417  210   17.00000   15.00000  11.8%   161 37482s
 555482 526652   15.58105  418  210   17.00000   15.00000  11.8%   161 37548s
 555490 526660   15.58138  419  206   17.00000   15.00000  11.8%   161 37607s
 555498 526705   15.58148  420  207   17.00000   15.00000  11.8%   161 37661s
 555543 526815   15.58507  421  210   17.00000   15.00000  11.8%   161 37686s
 555653 527029   15.59596  433  214   17.00000   15.00000  11.8%   161 37716s
 555883 527154   15.65668  498  210   17.00000   15.00000  11.8%   161 37753s
 556008 527358   15.66379  527  215   17.00000   15.00000  11.8%   161 37795s
 556218 527852   15.69493  571  204   17.00000   15.00000  11.8%   161 37828s
 556750 528335   15.77695  683  212   17.00000   15.00000  11.8%   161 37860s
 557233 528808   15.88173  834  207   17.00000   15.00000  11.8%   161 37894s
 557708 529574   15.92962  931  213   17.00000   15.00000  11.8%   161 37929s
 558532 529897     cutoff   48        17.00000   15.00000  11.8%   161 37962s
 559372 530243   15.48762   56  191   17.00000   15.00000  11.8%   161 37995s
 560178 530672   16.00000   70  156   17.00000   15.00000  11.8%   161 38030s
 560717 531169   16.00000   81  149   17.00000   15.00000  11.8%   161 38064s
 561325 531518   16.00000   94  145   17.00000   15.00000  11.8%   161 38098s
 561746 531800   16.00000  105  153   17.00000   15.00000  11.8%   161 38132s
 562088 532211     cutoff  114        17.00000   15.00000  11.8%   161 38170s
 562547 532940     cutoff  127        17.00000   15.00000  11.8%   162 38208s
 563310 533398     cutoff  141        17.00000   15.00000  11.8%   162 38244s
 563792 534293   16.00000  149  156   17.00000   15.00000  11.8%   162 38282s
 564755 535130     cutoff  162        17.00000   15.00000  11.8%   161 38320s
 565608 535793   16.00000  170  167   17.00000   15.00000  11.8%   161 38373s
 566319 537407   15.00000   51  165   17.00000   15.00000  11.8%   161 38431s
 568091 538012   15.09349  120  209   17.00000   15.00000  11.8%   161 38465s
 568696 538161   15.13435  174  210   17.00000   15.00000  11.8%   161 38504s
 568845 539089   15.19109  278  208   17.00000   15.00000  11.8%   161 38540s
 569773 539707   15.26753  418  209   17.00000   15.00000  11.8%   161 38574s
 570425 540554   15.29865  525  211   17.00000   15.00000  11.8%   161 38610s
 571272 540673   15.35655  601  213   17.00000   15.00000  11.8%   160 38644s
 571391 541748   15.36244  617  214   17.00000   15.00000  11.8%   160 38681s
 572466 542532   15.40539  727  201   17.00000   15.00000  11.8%   160 38716s
 573280 544155   15.47338  853  214   17.00000   15.00000  11.8%   160 38753s
 574919 546318   15.59685 1105  212   17.00000   15.00000  11.8%   160 38784s
 577190 546927   15.82984 1421  209   17.00000   15.00000  11.8%   159 38810s
 577799 547630   15.86897 1501  208   17.00000   15.00000  11.8%   159 38836s
 578530 549072   15.93425 1633  204   17.00000   15.00000  11.8%   159 38862s
 580014 549321   16.00000   68   72   17.00000   15.00000  11.8%   159 38886s
 580287 550312   15.00000   50  181   17.00000   15.00000  11.8%   159 38937s
 581363 550822   15.00000   77  195   17.00000   15.00000  11.8%   159 38972s
 581971 551603   15.14816  105  177   17.00000   15.00000  11.8%   159 39009s
 582855 552077   16.00000  216  110   17.00000   15.00000  11.8%   159 39046s
 583365 552766   15.08560   81  194   17.00000   15.00000  11.8%   159 39087s
 584118 553796   15.08574   82  188   17.00000   15.00000  11.8%   159 39128s
 585185 555337   16.00000  173  170   17.00000   15.00000  11.8%   159 39168s
 586728 556884   16.00000  244  163   17.00000   15.00000  11.8%   159 39204s
 588327 557968   16.00000  296  166   17.00000   15.00000  11.8%   159 39235s
 589533 558509   16.00000  340  164   17.00000   15.00000  11.8%   159 39263s
 590122 558996   16.00000  376  171   17.00000   15.00000  11.8%   159 39292s
 590660 559454     cutoff  401        17.00000   15.00000  11.8%   159 39319s
 591234 559680   15.00000   38  224   17.00000   15.00000  11.8%   159 39347s
 591536 560294   15.00000   39  223   17.00000   15.00000  11.8%   159 39377s
 592190 560734   15.00000   46  220   17.00000   15.00000  11.8%   158 39408s
 592630 561373   15.00000   65  233   17.00000   15.00000  11.8%   158 39440s
 593375 562551   15.65089  100  159   17.00000   15.00000  11.8%   158 39483s
 594585 564361   15.20889  104  199   17.00000   15.00000  11.8%   158 39515s
 596395 566380   15.41677  270  194   17.00000   15.00000  11.8%   158 39567s
 598446 567454   15.67866  527  205   17.00000   15.00000  11.8%   158 39586s
 599536 567499   15.87771  782  195   17.00000   15.00000  11.8%   157 39602s
 599581 567844   15.90212  807  202   17.00000   15.00000  11.8%   157 39621s
 599926 568159   15.95479  866  201   17.00000   15.00000  11.8%   157 39642s
 600259 568853   15.95479  867  201   17.00000   15.00000  11.8%   157 39662s
 600961 569717   15.95479  868  198   17.00000   15.00000  11.8%   157 39689s
 601875 570108   15.95479  869  199   17.00000   15.00000  11.8%   157 39709s
 602562 570250   16.00000   81  114   17.00000   15.00000  11.8%   157 39732s
 602710 570745   16.00000  105  125   17.00000   15.00000  11.8%   157 39751s
 603371 571080   16.00000  106  114   17.00000   15.00000  11.8%   157 39775s
 603903 572014   16.00000  107  111   17.00000   15.00000  11.8%   157 39799s
 604871 572892   15.00000   26  194   17.00000   15.00000  11.8%   157 39822s
 605773 573265   15.00000   36  189   17.00000   15.00000  11.8%   157 39844s
 606298 573658   15.19792   43  168   17.00000   15.00000  11.8%   157 39865s
 606695 574150   16.00000  117  139   17.00000   15.00000  11.8%   157 39887s
 607189 574408   16.00000  171  151   17.00000   15.00000  11.8%   157 39910s
 607447 574785   16.00000  205  152   17.00000   15.00000  11.8%   157 39936s
 607824 575028   16.00000  259  158   17.00000   15.00000  11.8%   157 39959s
 608081 575651     cutoff  298        17.00000   15.00000  11.8%   157 39985s
 608736 577335   15.17112   80  209   17.00000   15.00000  11.8%   157 40013s
 610456 578223   15.38255  213  223   17.00000   15.00000  11.8%   157 40035s
 611454 579305   15.47371  346  229   17.00000   15.00000  11.8%   157 40084s
 612610 581000   15.55355  482  224   17.00000   15.00000  11.8%   156 40119s
 613736 581000     cutoff  166        17.00000   15.00000  11.8%   156 40120s
 614449 581252   15.65162  701  226   17.00000   15.00000  11.8%   156 40138s
 614717 581933   15.65192  702  226   17.00000   15.00000  11.8%   156 40160s
 615448 582238   15.71547  776  223   17.00000   15.00000  11.8%   156 40182s
 615777 582979   15.72936  798  223   17.00000   15.00000  11.8%   156 40209s
 616557 583793   15.77564  901  231   17.00000   15.00000  11.8%   156 40239s
 617397 583801   15.83148 1033  232   17.00000   15.00000  11.8%   156 40267s
 617405 583809   15.83148 1034  232   17.00000   15.00000  11.8%   156 40316s
 617413 583902   15.83149 1035  232   17.00000   15.00000  11.8%   156 40357s
 617506 583943   15.83149 1036  233   17.00000   15.00000  11.8%   156 40386s
 617547 584024   15.83154 1037  234   17.00000   15.00000  11.8%   156 40422s
 617628 584268   15.83187 1038  232   17.00000   15.00000  11.8%   156 40454s
 617872 584585   15.83221 1039  236   17.00000   15.00000  11.8%   156 40505s
 618189 584920   15.83221 1040  236   17.00000   15.00000  11.8%   156 40537s
 618540 585382   15.83221 1041  236   17.00000   15.00000  11.8%   156 40569s
 619002 585574   15.87722 1172  237   17.00000   15.00000  11.8%   156 40601s
 619196 586088   15.87796 1173  238   17.00000   15.00000  11.8%   156 40638s
 619710 586341   15.89435 1230  236   17.00000   15.00000  11.8%   156 40682s
 619977 587126   15.93108 1351  233   17.00000   15.00000  11.8%   156 40719s
 620788 587790   15.98163 1500  230   17.00000   15.00000  11.8%   156 40754s
 621487 588613     cutoff 1561        17.00000   15.00000  11.8%   156 40791s
 622452 589251   16.00000  116  161   17.00000   15.00000  11.8%   156 40827s
 623196 589456   15.11063   53  226   17.00000   15.00000  11.8%   156 40861s
 623401 589831   15.17567   77  226   17.00000   15.00000  11.8%   156 40898s
 623838 590249   15.28726  149  233   17.00000   15.00000  11.8%   156 40933s
 624288 590702   15.36721  212  237   17.00000   15.00000  11.8%   156 40971s
 624753 591266   15.42536  278  246   17.00000   15.00000  11.8%   156 41010s
 625317 592203   15.44445  323  247   17.00000   15.00000  11.8%   156 41053s
 626254 593451   15.51056  436  248   17.00000   15.00000  11.8%   155 41109s
 627518 594128   15.61902  580  250   17.00000   15.00000  11.8%   155 41142s
 628237 594729   15.65297  677  254   17.00000   15.00000  11.8%   155 41176s
 628838 596287   15.68873  741  253   17.00000   15.00000  11.8%   155 41213s
 630412 596985   15.77225  983  245   17.00000   15.00000  11.8%   155 41241s
 631122 597672   15.81495 1076  244   17.00000   15.00000  11.8%   155 41269s
 631815 598149   15.85160 1138  248   17.00000   15.00000  11.8%   155 41297s
 632302 598911   15.87133 1186  255   17.00000   15.00000  11.8%   155 41330s
 633096 599433   15.15313   31  224   17.00000   15.00000  11.8%   155 41359s
 633634 600646   16.00000   56  142   17.00000   15.00000  11.8%   155 41392s
 634871 600829     cutoff  110        17.00000   15.00000  11.8%   155 41420s
 635064 601149   16.00000  134  143   17.00000   15.00000  11.8%   155 41450s
 635419 601740   16.00000  174  138   17.00000   15.00000  11.8%   155 41480s
 636024 602272   15.18616   92  174   17.00000   15.00000  11.8%   155 41511s
 636556 603045   15.35081  169  176   17.00000   15.00000  11.8%   155 41546s
 637377 604510   15.66906  456  194   17.00000   15.00000  11.8%   154 41578s
 638904 604873   15.00000   92  193   17.00000   15.00000  11.8%   154 41610s
 639267 605007   15.00000  113  189   17.00000   15.00000  11.8%   154 41648s
 639401 606209   15.00000  122  188   17.00000   15.00000  11.8%   154 41679s
 640621 607840   15.00000  140  193   17.00000   15.00000  11.8%   154 41708s
 642270 609667   15.00000  155  205   17.00000   15.00000  11.8%   154 41756s
 644298 610073   15.01653  186  230   17.00000   15.00000  11.8%   154 41775s
 644760 610087   15.01885  189  225   17.00000   15.00000  11.8%   154 41794s
 644774 610525   15.01936  190  226   17.00000   15.00000  11.8%   154 41820s
 645222 610641   15.05696  216  219   17.00000   15.00000  11.8%   154 41850s
 645338 610883   15.08250  243  220   17.00000   15.00000  11.8%   154 41874s
 645590 612243   15.10651  277  223   17.00000   15.00000  11.8%   154 41900s
 646982 613174   15.15635  382  233   17.00000   15.00000  11.8%   153 41926s
 648079 613719   15.19815  454  223   17.00000   15.00000  11.8%   153 41946s
 648634 614161   15.24406  525  227   17.00000   15.00000  11.8%   153 41968s
 649090 614982   15.27103  592  232   17.00000   15.00000  11.8%   153 41990s
 649923 615714   15.31542  651  226   17.00000   15.00000  11.8%   153 42013s
 650665 616096   15.34136  730  225   17.00000   15.00000  11.8%   153 42039s
 651047 616797   15.35643  746  237   17.00000   15.00000  11.8%   153 42064s
 651748 617917   15.40829  845  236   17.00000   15.00000  11.8%   153 42090s
 652886 618624   15.45624  953  232   17.00000   15.00000  11.8%   153 42113s
 653632 619689   15.48902 1026  239   17.00000   15.00000  11.8%   153 42136s
 654745 620380   15.53422 1128  230   17.00000   15.00000  11.8%   153 42158s
 655446 620746   15.60092 1244  240   17.00000   15.00000  11.8%   153 42185s
 655822 621167   15.60154 1245  238   17.00000   15.00000  11.8%   153 42212s
 656257 621446   15.60180 1246  238   17.00000   15.00000  11.8%   153 42241s
 656560 621852   15.60234 1247  239   17.00000   15.00000  11.8%   153 42269s
 656966 622198   15.60300 1248  234   17.00000   15.00000  11.8%   153 42318s
 657312 625760   15.60300 1249  234   17.00000   15.00000  11.8%   153 42414s
 660951 626000   15.78117 1705  239   17.00000   15.00000  11.8%   152 42433s
 661191 626015   15.78522 1717  242   17.00000   15.00000  11.8%   152 42453s
 661206 626486   15.78721 1718  237   17.00000   15.00000  11.8%   152 42473s
 661677 626905   15.81876 1766  238   17.00000   15.00000  11.8%   152 42495s
 662096 627482   15.82961 1790  238   17.00000   15.00000  11.8%   152 42518s
 662689 628897   15.87454 1911  242   17.00000   15.00000  11.8%   152 42544s
 664138 630236   15.97194 2125  232   17.00000   15.00000  11.8%   152 42566s
 665511 631043   15.33404  135  195   17.00000   15.00000  11.8%   152 42586s
 666318 632628   15.44336  191  204   17.00000   15.00000  11.8%   151 42608s
 667935 634069   15.60325  322  209   17.00000   15.00000  11.8%   151 42628s
 669376 634364   15.77134  463  214   17.00000   15.00000  11.8%   151 42646s
 669671 634576   15.78824  489  213   17.00000   15.00000  11.8%   151 42662s
 669883 635373   15.80350  531  211   17.00000   15.00000  11.8%   151 42684s
 670698 636405   15.99164  818  220   17.00000   15.00000  11.8%   151 42703s
 671830 637128   15.95064  155  156   17.00000   15.00000  11.8%   151 42760s
 672603 637431   15.95064  156  156   17.00000   15.00000  11.8%   151 42817s
 672916 638175   15.95064  157  156   17.00000   15.00000  11.8%   151 42882s
 673710 639224   15.96446  158  152   17.00000   15.00000  11.8%   150 42946s
 674767 639747   15.96446  159  152   17.00000   15.00000  11.8%   150 42998s
 675304 639945     cutoff   92        17.00000   15.00000  11.8%   150 43057s
 675514 640964   15.05378   48  176   17.00000   15.00000  11.8%   150 43116s
 676575 643032   15.35614  241  202   17.00000   15.00000  11.8%   150 43174s
 678661 644267   15.82278  640  199   17.00000   15.00000  11.8%   150 43200s

Cutting planes:
  MIR: 5
  Flow cover: 18

Explored 679987 nodes (102080494 simplex iterations) in 43200.14 seconds (157832.14 work units)
Thread count was 8 (of 56 available processors)

Solution count 10: 17 18 19 ... 88

Time limit reached
Best objective 1.700000000000e+01, best bound 1.500000000000e+01, gap 11.7647%

User-callback calls 12919065, time in user-callback 57.69 sec
Set parameter TimeLimit to value 1.7980786297321320e+03
Gurobi Optimizer version 12.0.3 build v12.0.3rc0 (linux64 - "Ubuntu 24.04.4 LTS")

CPU model: Intel(R) Xeon(R) Gold 6348 CPU @ 2.60GHz, instruction set [SSE2|AVX|AVX2|AVX512]
Thread count: 56 physical cores, 56 logical processors, using up to 8 threads

Non-default parameters:
TimeLimit  1.7980786297321320e+03
Heuristics  0.5
MIPFocus  1
NoRelHeurTime  1800
Threads  8

Optimize a model with 386 rows, 69108 columns and 2082394 nonzeros
Model fingerprint: 0x3bcf6bc5
Variable types: 0 continuous, 69108 integer (69108 binary)
Coefficient statistics:
  Matrix range     [1e+00, 1e+00]
  Objective range  [1e+01, 2e+02]
  Bounds range     [1e+00, 1e+00]
  RHS range        [1e+00, 2e+01]

Loaded user MIP start with objective 1200.99
MIP start from previous solve did not produce a new incumbent solution

Presolve removed 0 rows and 73 columns
Presolve time: 3.29s
Presolved: 386 rows, 69035 columns, 2080621 nonzeros
Variable types: 0 continuous, 69035 integer (69035 binary)
Starting NoRel heuristic
Found heuristic solution: objective 1182.8480000
Found heuristic solution: objective 1182.1040000
Found heuristic solution: objective 1174.8720000
Found heuristic solution: objective 1172.8880000
Found heuristic solution: objective 1166.6480000
Elapsed time for NoRel heuristic: 7s (best bound 47.544)
Elapsed time for NoRel heuristic: 14s (best bound 47.544)
Elapsed time for NoRel heuristic: 20s (best bound 47.544)
Elapsed time for NoRel heuristic: 26s (best bound 47.544)
Elapsed time for NoRel heuristic: 40s (best bound 561.64)
Elapsed time for NoRel heuristic: 51s (best bound 561.64)
Elapsed time for NoRel heuristic: 63s (best bound 561.64)
Elapsed time for NoRel heuristic: 78s (best bound 561.64)
Elapsed time for NoRel heuristic: 97s (best bound 561.64)
Elapsed time for NoRel heuristic: 120s (best bound 570.599)
Elapsed time for NoRel heuristic: 153s (best bound 570.599)
Elapsed time for NoRel heuristic: 213s (best bound 572.982)
Elapsed time for NoRel heuristic: 252s (best bound 572.982)
Elapsed time for NoRel heuristic: 289s (best bound 572.982)
Found heuristic solution: objective 1134.9040000
Elapsed time for NoRel heuristic: 354s (best bound 573.015)
Found heuristic solution: objective 1117.4640000
Elapsed time for NoRel heuristic: 371s (best bound 573.015)
Elapsed time for NoRel heuristic: 388s (best bound 573.015)
Elapsed time for NoRel heuristic: 422s (best bound 573.015)
Found heuristic solution: objective 1072.1680000
Elapsed time for NoRel heuristic: 443s (best bound 573.015)
Found heuristic solution: objective 1072.1679965
Elapsed time for NoRel heuristic: 460s (best bound 573.015)
Found heuristic solution: objective 1072.1679892
Elapsed time for NoRel heuristic: 484s (best bound 573.015)
Elapsed time for NoRel heuristic: 528s (best bound 573.015)
Elapsed time for NoRel heuristic: 551s (best bound 573.015)
Elapsed time for NoRel heuristic: 578s (best bound 573.015)
Found heuristic solution: objective 1072.1679712
Elapsed time for NoRel heuristic: 673s (best bound 573.015)
Found heuristic solution: objective 1072.1679441
Elapsed time for NoRel heuristic: 698s (best bound 573.015)
Found heuristic solution: objective 1072.1679235
Found heuristic solution: objective 1072.1679098
Elapsed time for NoRel heuristic: 757s (best bound 573.015)
Elapsed time for NoRel heuristic: 793s (best bound 573.015)
Elapsed time for NoRel heuristic: 860s (best bound 573.015)
Elapsed time for NoRel heuristic: 903s (best bound 573.015)
Found heuristic solution: objective 1072.1679054
Found heuristic solution: objective 1072.1678050
Elapsed time for NoRel heuristic: 1104s (best bound 573.015)
Elapsed time for NoRel heuristic: 1150s (best bound 573.015)
Elapsed time for NoRel heuristic: 1194s (best bound 573.015)
Elapsed time for NoRel heuristic: 1204s (best bound 573.015)
Elapsed time for NoRel heuristic: 1433s (best bound 573.015)
Elapsed time for NoRel heuristic: 1669s (best bound 573.015)
Elapsed time for NoRel heuristic: 1795s (best bound 573.015)
NoRel heuristic complete

Explored 0 nodes (0 simplex iterations) in 1798.46 seconds (2876.73 work units)
Thread count was 8 (of 56 available processors)

Solution count 10: 1072.17 1072.17 1072.17 ... 1117.46

Time limit reached
Best objective 1.072167805059e+03, best bound 5.730146233221e+02, gap 46.5555%

User-callback calls 303511, time in user-callback 2.22 sec
