
Gurobi 12.0.3 (linux64) logging started Mon Sep 21 16:00:55 2026

Set parameter LogFile to value "/home/nc437/ladder-lite/integer_columns_20260921/results/c3_k08/control_s20260921/668460_r0/mip_gurobi.log"
Set parameter OutputFlag to value 1
Set parameter TimeLimit to value 3600
Set parameter MIPGap to value 0.0001
Set parameter Threads to value 8
Set parameter Seed to value 20260921
Set parameter TimeLimit to value 1800
Gurobi Optimizer version 12.0.3 build v12.0.3rc0 (linux64 - "Ubuntu 24.04.4 LTS")

CPU model: Intel(R) Xeon(R) Gold 6230 CPU @ 2.10GHz, instruction set [SSE2|AVX|AVX2|AVX512]
Thread count: 40 physical cores, 40 logical processors, using up to 8 threads

Non-default parameters:
TimeLimit  1800
Seed  20260921
Threads  8

Optimize a model with 154 rows, 16931 columns and 343503 nonzeros
Model fingerprint: 0xb4063d10
Variable types: 0 continuous, 16931 integer (16931 binary)
Coefficient statistics:
  Matrix range     [1e+00, 1e+00]
  Objective range  [1e+00, 1e+00]
  Bounds range     [1e+00, 1e+00]
  RHS range        [1e+00, 1e+00]

Loaded user MIP start with objective 51

Presolve removed 0 rows and 1803 columns
Presolve time: 0.69s
Presolved: 154 rows, 15128 columns, 310823 nonzeros
Found heuristic solution: objective 49.0000000
Variable types: 0 continuous, 15128 integer (15128 binary)
Found heuristic solution: objective 48.0000000

Root relaxation: objective 8.000000e+00, 707 iterations, 0.24 seconds (0.39 work units)

    Nodes    |    Current Node    |     Objective Bounds      |     Work
 Expl Unexpl |  Obj  Depth IntInf | Incumbent    BestBd   Gap | It/Node Time

     0     0    8.00000    0   65   48.00000    8.00000  83.3%     -    2s
H    0     0                      16.0000000    8.00000  50.0%     -    2s
H    0     0                      14.0000000    8.00000  42.9%     -    2s
H    0     0                      13.0000000    8.00000  38.5%     -    2s
H    0     0                      12.0000000    8.00000  33.3%     -    2s
H    0     0                      11.0000000    8.00000  27.3%     -    2s
H    0     0                      10.0000000    8.00000  20.0%     -    2s
     0     0    8.00000    0   62   10.00000    8.00000  20.0%     -    3s
H    0     0                       9.0000000    8.00000  11.1%     -    4s
     0     0    8.00000    0   54    9.00000    8.00000  11.1%     -    6s
     0     0    8.00000    0   61    9.00000    8.00000  11.1%     -    7s
     0     0    8.00000    0   52    9.00000    8.00000  11.1%     -    8s
     0     0    8.00000    0   48    9.00000    8.00000  11.1%     -    9s
     0     0    8.00000    0   54    9.00000    8.00000  11.1%     -   10s
     0     0    8.00000    0   50    9.00000    8.00000  11.1%     -   10s
     0     0    8.00000    0   62    9.00000    8.00000  11.1%     -   11s
     0     0    8.00000    0   50    9.00000    8.00000  11.1%     -   11s
     0     0    8.00000    0   64    9.00000    8.00000  11.1%     -   12s
     0     0    8.00000    0   64    9.00000    8.00000  11.1%     -   13s
     0     0    8.00000    0   69    9.00000    8.00000  11.1%     -   15s
     0     0    8.00000    0   54    9.00000    8.00000  11.1%     -   15s
     0     0    8.00000    0   51    9.00000    8.00000  11.1%     -   17s
     0     0    8.00000    0   52    9.00000    8.00000  11.1%     -   18s
     0     0    8.00000    0   50    9.00000    8.00000  11.1%     -   18s
     0     0    8.00000    0   61    9.00000    8.00000  11.1%     -   19s
     0     0    8.00000    0   55    9.00000    8.00000  11.1%     -   19s
     0     0    8.00000    0   53    9.00000    8.00000  11.1%     -   19s
     0     0    8.00000    0   52    9.00000    8.00000  11.1%     -   19s
     0     0    8.00000    0   56    9.00000    8.00000  11.1%     -   20s
     0     0    8.00000    0   56    9.00000    8.00000  11.1%     -   20s
     0     2    8.00000    0   56    9.00000    8.00000  11.1%     -   21s
   321   338    8.00000   51  118    9.00000    8.00000  11.1%   128   26s
  1035   844    8.00000  173   94    9.00000    8.00000  11.1%   121   30s
  2575  1773    8.00000  238   69    9.00000    8.00000  11.1%   119   35s
  2582  1778    8.00000   78   64    9.00000    8.00000  11.1%   119   40s
  2595  1787    8.00000  380   62    9.00000    8.00000  11.1%   118   45s
  2726  1826 infeasible   23         9.00000    8.00000  11.1%   151   50s
  3011  1945    8.00000   32   70    9.00000    8.00000  11.1%   152   56s
  3724  2073    8.00000   32   56    9.00000    8.00000  11.1%   156   64s
  4218  2027    8.00000   51   36    9.00000    8.00000  11.1%   162   67s
  5068  1667    8.00000  148   43    9.00000    8.00000  11.1%   155   70s
  6596  1330 infeasible   90         9.00000    8.00000  11.1%   140   75s
  7262  1259    8.00000   72   65    9.00000    8.00000  11.1%   136   80s
  8838  1202    8.00000   61   61    9.00000    8.00000  11.1%   137   87s
 10455  1645 infeasible  110         9.00000    8.00000  11.1%   134   92s
 10854  2561    8.00000   56   83    9.00000    8.00000  11.1%   134   96s
 12412  3140    8.00000  164   79    9.00000    8.00000  11.1%   134  101s
 12714  3115    8.00000  169   76    9.00000    8.00000  11.1%   135  106s
 13370  3590 infeasible  105         9.00000    8.00000  11.1%   138  111s
 14326  3856    8.00000   39   41    9.00000    8.00000  11.1%   142  116s
 14978  3754 infeasible   68         9.00000    8.00000  11.1%   140  120s
 16788  3675    8.00000   65   51    9.00000    8.00000  11.1%   143  125s
 18257  4052    8.00000  257   69    9.00000    8.00000  11.1%   146  131s
 19832  3883    8.00000  454   59    9.00000    8.00000  11.1%   150  136s
 21968  3924 infeasible  118         9.00000    8.00000  11.1%   156  140s
 23446  3891 infeasible  113         9.00000    8.00000  11.1%   158  145s
 24500  3799    8.00000  128   57    9.00000    8.00000  11.1%   163  150s
 25489  3491 infeasible  182         9.00000    8.00000  11.1%   166  155s
 26217  3492    8.00000   61   73    9.00000    8.00000  11.1%   170  160s
 26991  3205 infeasible  140         9.00000    8.00000  11.1%   171  166s
 27801  2964    8.00000  194   68    9.00000    8.00000  11.1%   173  171s
 28706  2762    8.00000  207   57    9.00000    8.00000  11.1%   174  177s
 29051  2807 infeasible   50         9.00000    8.00000  11.1%   175  180s
 30458  2614 infeasible  156         9.00000    8.00000  11.1%   176  186s
 31284  2273 infeasible   58         9.00000    8.00000  11.1%   179  192s
 31968  2299 infeasible   60         9.00000    8.00000  11.1%   178  195s
 33122  2046 infeasible  131         9.00000    8.00000  11.1%   183  202s
 33966  1794 infeasible   63         9.00000    8.00000  11.1%   181  206s
 34755  1950    8.00000   90   50    9.00000    8.00000  11.1%   182  213s
 35115  1477    8.00000   41   61    9.00000    8.00000  11.1%   182  252s
 35984  1692    8.00000   33   69    9.00000    8.00000  11.1%   186  255s
 37689  1455    8.00000  192   57    9.00000    8.00000  11.1%   183  262s
 38832  1486    8.00000   63   70    9.00000    8.00000  11.1%   181  265s
 40780  1125    8.00000   50   55    9.00000    8.00000  11.1%   179  270s
 42682  1112    8.00000  159   58    9.00000    8.00000  11.1%   176  275s
 43819   944 infeasible   74         9.00000    8.00000  11.1%   175  281s
 45494   732 infeasible   78         9.00000    8.00000  11.1%   174  286s
 46564   745    8.00000   57   52    9.00000    8.00000  11.1%   174  291s
 47860   873    8.00000   95   55    9.00000    8.00000  11.1%   173  297s
 48705   594 infeasible  323         9.00000    8.00000  11.1%   173  300s
 50336  1099 infeasible  177         9.00000    8.00000  11.1%   172  308s
 50506  3268    8.00000   72   63    9.00000    8.00000  11.1%   172  325s
 54082  3723 infeasible  149         9.00000    8.00000  11.1%   166  330s
 56087  4624    8.00000  135   59    9.00000    8.00000  11.1%   164  337s
 57334  5086    8.00000  385   77    9.00000    8.00000  11.1%   163  340s
 58925  5778    8.00000   85   85    9.00000    8.00000  11.1%   162  347s
 59640  6497 infeasible  203         9.00000    8.00000  11.1%   162  351s
 61774  8163    8.00000  397   97    9.00000    8.00000  11.1%   160  358s
 63075  8166 infeasible  179         9.00000    8.00000  11.1%   159  361s
 64234  9679 infeasible  330         9.00000    8.00000  11.1%   158  367s
 65488 10654 infeasible  263         9.00000    8.00000  11.1%   157  372s
 67253 12007    8.00000  282  111    9.00000    8.00000  11.1%   155  377s
 69469 12810 infeasible  182         9.00000    8.00000  11.1%   154  381s
 70244 14791 infeasible   83         9.00000    8.00000  11.1%   153  385s
 74037 17358 infeasible  459         9.00000    8.00000  11.1%   149  390s
 76080 17795 infeasible  252         9.00000    8.00000  11.1%   148  395s
 77162 18389    8.00000   38   91    9.00000    8.00000  11.1%   148  400s
 79357 20796 infeasible   80         9.00000    8.00000  11.1%   146  405s
 80295 21455 infeasible  120         9.00000    8.00000  11.1%   146  410s
 83404 24763    8.00000  265  108    9.00000    8.00000  11.1%   144  416s
 85222 24755 infeasible  554         9.00000    8.00000  11.1%   142  420s
 86511 25684    8.00000  210   90    9.00000    8.00000  11.1%   141  425s
 87523 26915    8.00000  149   84    9.00000    8.00000  11.1%   141  431s
 90859 29049 infeasible  107         9.00000    8.00000  11.1%   139  436s
 92375 30579 infeasible  134         9.00000    8.00000  11.1%   138  440s
 93157 30671 infeasible  205         9.00000    8.00000  11.1%   138  446s
 94286 31801    8.00000  412  106    9.00000    8.00000  11.1%   137  450s
 95362 32997 infeasible  369         9.00000    8.00000  11.1%   137  457s
 96819 34455 infeasible  134         9.00000    8.00000  11.1%   137  461s
 99433 35911    8.00000  376   97    9.00000    8.00000  11.1%   136  465s
 101225 36202    8.00000  456  114    9.00000    8.00000  11.1%   135  470s
 102643 36926 infeasible  279         9.00000    8.00000  11.1%   135  476s
 103171 37367    8.00000   95   82    9.00000    8.00000  11.1%   135  480s
 105171 38006 infeasible  280         9.00000    8.00000  11.1%   135  486s
 106231 38227 infeasible   63         9.00000    8.00000  11.1%   135  490s
 106861 38316 infeasible  148         9.00000    8.00000  11.1%   136  495s
 107983 38290 infeasible  214         9.00000    8.00000  11.1%   136  500s
 109620 37999    8.00000   48   64    9.00000    8.00000  11.1%   136  507s
 110155 38422 infeasible  153         9.00000    8.00000  11.1%   136  510s
 112132 37942 infeasible  137         9.00000    8.00000  11.1%   136  516s
 112516 37562 infeasible  158         9.00000    8.00000  11.1%   137  520s
 113085 37705 infeasible  233         9.00000    8.00000  11.1%   137  529s
 114393 38396 infeasible  188         9.00000    8.00000  11.1%   137  533s
 115658 39000    8.00000  296   65    9.00000    8.00000  11.1%   137  536s
 116980 38939 infeasible  280         9.00000    8.00000  11.1%   137  540s
 117969 38466    8.00000   75   69    9.00000    8.00000  11.1%   137  547s
 118524 37716 infeasible  382         9.00000    8.00000  11.1%   138  551s
 119484 37391 infeasible   73         9.00000    8.00000  11.1%   138  555s
 119957 37010 infeasible  101         9.00000    8.00000  11.1%   138  563s
 120662 36484    8.00000   79   48    9.00000    8.00000  11.1%   138  567s
 121832 36128 infeasible  229         9.00000    8.00000  11.1%   138  572s
 122228 35576    8.00000  129   44    9.00000    8.00000  11.1%   139  576s
 123439 35102    8.00000   77   51    9.00000    8.00000  11.1%   139  581s
 124922 34549    8.00000  124   51    9.00000    8.00000  11.1%   139  585s
 126723 34128    8.00000  115   62    9.00000    8.00000  11.1%   139  594s
 127591 34183    8.00000   91   58    9.00000    8.00000  11.1%   140  599s
 128120 33459 infeasible  216         9.00000    8.00000  11.1%   140  603s
 129532 33201 infeasible  164         9.00000    8.00000  11.1%   140  607s
 130486 32900 infeasible  124         9.00000    8.00000  11.1%   140  611s
 131695 32653 infeasible  225         9.00000    8.00000  11.1%   140  616s
 132244 32704 infeasible  371         9.00000    8.00000  11.1%   141  621s
 133335 32530 infeasible  281         9.00000    8.00000  11.1%   141  626s
 134599 32380    8.00000  252   74    9.00000    8.00000  11.1%   141  630s
 134765 32557    8.00000  253   77    9.00000    8.00000  11.1%   141  635s
 135336 32685 infeasible  491         9.00000    8.00000  11.1%   141  640s
 138366 32654    8.00000  147   69    9.00000    8.00000  11.1%   141  648s
 138875 32343 infeasible  370         9.00000    8.00000  11.1%   141  653s
 139586 32544 infeasible  203         9.00000    8.00000  11.1%   141  657s
 140485 32449    8.00000  141   97    9.00000    8.00000  11.1%   141  662s
 141492 32105 infeasible  386         9.00000    8.00000  11.1%   142  666s
 142344 32176    8.00000   83   47    9.00000    8.00000  11.1%   142  671s
 142865 31937 infeasible  240         9.00000    8.00000  11.1%   142  675s
 144224 32566 infeasible  343         9.00000    8.00000  11.1%   142  680s
 146899 32334    8.00000   70   67    9.00000    8.00000  11.1%   142  689s
 146985 32562 infeasible  162         9.00000    8.00000  11.1%   142  693s
 147727 32475 infeasible  168         9.00000    8.00000  11.1%   142  697s
 148780 32540 infeasible   95         9.00000    8.00000  11.1%   143  702s
 149163 32072 infeasible  288         9.00000    8.00000  11.1%   143  713s
 152003 32027    8.00000  293   61    9.00000    8.00000  11.1%   143  717s
 152272 32218    8.00000  320   80    9.00000    8.00000  11.1%   143  723s
 153069 32360    8.00000  440   91    9.00000    8.00000  11.1%   143  728s
 155129 32381 infeasible  219         9.00000    8.00000  11.1%   143  732s
 156152 32301 infeasible  295         9.00000    8.00000  11.1%   143  737s
 156806 32364    8.00000  148   51    9.00000    8.00000  11.1%   143  742s
 158389 31759    8.00000  175   46    9.00000    8.00000  11.1%   143  746s
 159540 31650 infeasible  190         9.00000    8.00000  11.1%   144  752s
 159687 31603    8.00000  216   57    9.00000    8.00000  11.1%   144  757s
 160172 31672    8.00000  217   68    9.00000    8.00000  11.1%   144  763s
 160593 32176    8.00000  218   70    9.00000    8.00000  11.1%   144  768s
 162367 31707 infeasible  347         9.00000    8.00000  11.1%   144  772s
 162920 31526 infeasible  263         9.00000    8.00000  11.1%   145  777s
 163293 31805 infeasible  164         9.00000    8.00000  11.1%   145  782s
 164930 31502    8.00000  273   51    9.00000    8.00000  11.1%   145  787s
 165941 31033 infeasible  125         9.00000    8.00000  11.1%   145  792s
 167512 30932    8.00000  137   45    9.00000    8.00000  11.1%   145  796s
 168519 31284    8.00000   67   67    9.00000    8.00000  11.1%   145  801s
 169407 31153 infeasible  126         9.00000    8.00000  11.1%   145  805s
 170312 32362    8.00000   70   60    9.00000    8.00000  11.1%   145  810s
 173477 31677 infeasible  523         9.00000    8.00000  11.1%   145  817s
 173776 30984 infeasible  328         9.00000    8.00000  11.1%   146  820s
 175405 30830    8.00000  137   57    9.00000    8.00000  11.1%   146  828s
 175865 30942 infeasible  137         9.00000    8.00000  11.1%   146  832s
 176811 31245    8.00000   71   72    9.00000    8.00000  11.1%   146  837s
 177882 30988 infeasible  328         9.00000    8.00000  11.1%   146  842s
 178741 30463 infeasible  257         9.00000    8.00000  11.1%   147  846s
 179282 30852    8.00000  173   56    9.00000    8.00000  11.1%   147  851s
 180491 31547    8.00000   99   87    9.00000    8.00000  11.1%   147  857s
 182020 31514    8.00000  490   81    9.00000    8.00000  11.1%   147  860s
 183488 30904 infeasible  337         9.00000    8.00000  11.1%   147  868s
 184245 30663    8.00000  148   57    9.00000    8.00000  11.1%   147  872s
 185198 30595 infeasible  315         9.00000    8.00000  11.1%   147  877s
 185552 31016 infeasible  204         9.00000    8.00000  11.1%   147  882s
 187113 31434 infeasible  154         9.00000    8.00000  11.1%   147  886s
 188259 31064    8.00000   88   66    9.00000    8.00000  11.1%   147  890s
 189586 30816    8.00000  149   41    9.00000    8.00000  11.1%   148  899s
 190663 31104    8.00000   58   57    9.00000    8.00000  11.1%   148  904s
 191246 31119    8.00000  107   51    9.00000    8.00000  11.1%   148  909s
 191265 31395    8.00000  108   58    9.00000    8.00000  11.1%   148  915s
 191691 31506    8.00000  236   59    9.00000    8.00000  11.1%   148  920s
 191868 33653    8.00000  262   68    9.00000    8.00000  11.1%   148  926s
 194905 33727 infeasible  424         9.00000    8.00000  11.1%   147  930s
 196131 33194 infeasible  265         9.00000    8.00000  11.1%   148  935s
 197088 32597 infeasible   82         9.00000    8.00000  11.1%   148  940s
 197765 31758    8.00000  160   56    9.00000    8.00000  11.1%   149  946s
 199304 31581 infeasible  393         9.00000    8.00000  11.1%   149  951s
 200197 31281 infeasible  244         9.00000    8.00000  11.1%   149  957s
 200931 31606 infeasible  445         9.00000    8.00000  11.1%   150  963s
 202674 32128 infeasible  296         9.00000    8.00000  11.1%   150  969s
 203970 31188 infeasible  366         9.00000    8.00000  11.1%   150  974s
 205401 30938 infeasible  420         9.00000    8.00000  11.1%   150  980s
 206243 30826 infeasible  713         9.00000    8.00000  11.1%   150  986s
 207399 30963 infeasible  249         9.00000    8.00000  11.1%   150  993s
 208670 30420    8.00000  220   63    9.00000    8.00000  11.1%   150  999s
 210451 30145    8.00000  135   70    9.00000    8.00000  11.1%   151 1005s
 211572 30422 infeasible  139         9.00000    8.00000  11.1%   151 1011s
 212683 29959 infeasible  242         9.00000    8.00000  11.1%   151 1018s
 213598 29509    8.00000   71   69    9.00000    8.00000  11.1%   151 1025s
 215458 30047 infeasible  386         9.00000    8.00000  11.1%   151 1030s
 217512 30016 infeasible  256         9.00000    8.00000  11.1%   151 1036s
 217559 29994    8.00000  227   60    9.00000    8.00000  11.1%   151 1042s
 217597 30114    8.00000  228   62    9.00000    8.00000  11.1%   151 1048s
 217923 29871 infeasible  368         9.00000    8.00000  11.1%   151 1053s
 218962 29286 infeasible  502         9.00000    8.00000  11.1%   151 1059s
 220739 29373 infeasible  430         9.00000    8.00000  11.1%   151 1064s
 222012 28960    8.00000   68   51    9.00000    8.00000  11.1%   152 1070s
 222989 29382 infeasible   97         9.00000    8.00000  11.1%   152 1076s
 224605 29001    8.00000   77   64    9.00000    8.00000  11.1%   152 1081s
 225644 28596 infeasible  153         9.00000    8.00000  11.1%   152 1086s
 226353 27978 infeasible  564         9.00000    8.00000  11.1%   152 1092s
 227737 27947 infeasible  208         9.00000    8.00000  11.1%   153 1098s
 228298 27893 infeasible  280         9.00000    8.00000  11.1%   153 1103s
 229902 27988 infeasible  358         9.00000    8.00000  11.1%   153 1110s
 231123 28148    8.00000   67   68    9.00000    8.00000  11.1%   153 1116s
 232545 27519 infeasible  930         9.00000    8.00000  11.1%   153 1122s
 233206 27303 infeasible  670         9.00000    8.00000  11.1%   154 1132s
 234474 27509    8.00000  355   70    9.00000    8.00000  11.1%   154 1142s
 237666 28262 infeasible   95         9.00000    8.00000  11.1%   154 1148s
 239117 28080 infeasible  570         9.00000    8.00000  11.1%   154 1154s
 241189 27708    8.00000  150   60    9.00000    8.00000  11.1%   153 1159s
 242419 26821    8.00000   81   65    9.00000    8.00000  11.1%   153 1164s
 244074 26726 infeasible   85         9.00000    8.00000  11.1%   154 1169s
 244365 27036    8.00000  165   66    9.00000    8.00000  11.1%   154 1174s
 245971 27250    8.00000  100   55    9.00000    8.00000  11.1%   154 1179s
 247761 27346 infeasible  115         9.00000    8.00000  11.1%   153 1186s
 248545 27582 infeasible  378         9.00000    8.00000  11.1%   153 1195s
 251248 27386    8.00000  260   70    9.00000    8.00000  11.1%   153 1201s
 251460 27226    8.00000  261   76    9.00000    8.00000  11.1%   153 1207s
 251748 26806    8.00000  263   74    9.00000    8.00000  11.1%   153 1213s
 253294 26597 infeasible  192         9.00000    8.00000  11.1%   153 1219s
 254063 26620    8.00000   82   57    9.00000    8.00000  11.1%   153 1225s
 255836 26266 infeasible   89         9.00000    8.00000  11.1%   153 1230s
 257528 26397    8.00000  211   51    9.00000    8.00000  11.1%   153 1236s
 257887 26921    8.00000  239   55    9.00000    8.00000  11.1%   154 1242s
 259859 26391 infeasible  246         9.00000    8.00000  11.1%   153 1247s
 261805 26067 infeasible  579         9.00000    8.00000  11.1%   153 1253s
 262613 25846    8.00000  138   58    9.00000    8.00000  11.1%   153 1258s
 264326 25794    8.00000  178   62    9.00000    8.00000  11.1%   153 1264s
 265266 25823    8.00000  289   60    9.00000    8.00000  11.1%   153 1270s
 266183 25526 infeasible  186         9.00000    8.00000  11.1%   153 1276s
 267830 25775    8.00000   58   64    9.00000    8.00000  11.1%   153 1282s
 269775 25876    8.00000   93   68    9.00000    8.00000  11.1%   153 1287s
 270778 25153 infeasible  284         9.00000    8.00000  11.1%   153 1294s
 272689 25149    8.00000  127   63    9.00000    8.00000  11.1%   153 1300s
 272709 25204    8.00000  128   61    9.00000    8.00000  11.1%   153 1305s
 272796 25315    8.00000  129   65    9.00000    8.00000  11.1%   153 1310s
 273159 25477    8.00000   89   56    9.00000    8.00000  11.1%   153 1317s
 275033 25150    8.00000  150   71    9.00000    8.00000  11.1%   153 1321s
 276166 25021 infeasible  355         9.00000    8.00000  11.1%   153 1328s
 276927 25045    8.00000  119   66    9.00000    8.00000  11.1%   153 1334s
 278764 24595 infeasible   90         9.00000    8.00000  11.1%   153 1339s
 280508 24344 infeasible  605         9.00000    8.00000  11.1%   154 1345s
 280953 25148    8.00000  125   61    9.00000    8.00000  11.1%   154 1351s
 282657 25409 infeasible  216         9.00000    8.00000  11.1%   153 1357s
 284458 25462 infeasible  244         9.00000    8.00000  11.1%   153 1362s
 285513 24922    8.00000  225   48    9.00000    8.00000  11.1%   153 1368s
 287525 24346 infeasible  156         9.00000    8.00000  11.1%   153 1373s
 288379 24291    8.00000  111   60    9.00000    8.00000  11.1%   153 1378s
 289278 25234    8.00000  187   61    9.00000    8.00000  11.1%   154 1384s
 291065 25774    8.00000  186   54    9.00000    8.00000  11.1%   153 1391s
 293333 25666    8.00000  120   50    9.00000    8.00000  11.1%   153 1395s
 293871 25082 infeasible  105         9.00000    8.00000  11.1%   153 1400s
 296375 24065 infeasible  169         9.00000    8.00000  11.1%   153 1408s
 297532 24254 infeasible  103         9.00000    8.00000  11.1%   153 1413s
 298169 24755    8.00000  119   57    9.00000    8.00000  11.1%   153 1418s
 299860 24735    8.00000  308   58    9.00000    8.00000  11.1%   153 1423s
 301654 24231    8.00000  556   69    9.00000    8.00000  11.1%   153 1428s
 302986 24228 infeasible  388         9.00000    8.00000  11.1%   153 1433s
 303005 24236    8.00000  106   46    9.00000    8.00000  11.1%   153 1439s
 303013 24266    8.00000  107   46    9.00000    8.00000  11.1%   153 1444s
 303073 24990    8.00000  114   59    9.00000    8.00000  11.1%   153 1449s
 304665 25076    8.00000  343   63    9.00000    8.00000  11.1%   153 1454s
 305571 24981    8.00000  139   58    9.00000    8.00000  11.1%   153 1461s
 306892 24812    8.00000   71   73    9.00000    8.00000  11.1%   153 1468s
 308731 24376 infeasible  143         9.00000    8.00000  11.1%   153 1472s
 310303 24065    8.00000   98   45    9.00000    8.00000  11.1%   153 1478s
 310990 23800    8.00000  186   54    9.00000    8.00000  11.1%   153 1483s
 312181 24779    8.00000   98   67    9.00000    8.00000  11.1%   153 1488s
 314122 24987    8.00000  257   66    9.00000    8.00000  11.1%   153 1493s
 315808 24941    8.00000  417   59    9.00000    8.00000  11.1%   153 1498s
 316845 24290    8.00000  550   73    9.00000    8.00000  11.1%   153 1503s
 318366 23732 infeasible  294         9.00000    8.00000  11.1%   153 1507s
 319434 23562    8.00000  280   67    9.00000    8.00000  11.1%   153 1513s
 320060 24010 infeasible  380         9.00000    8.00000  11.1%   153 1518s
 321530 24934    8.00000  267   45    9.00000    8.00000  11.1%   153 1526s
 323400 24695    8.00000  524   56    9.00000    8.00000  11.1%   153 1531s
 324187 24111 infeasible  326         9.00000    8.00000  11.1%   153 1536s
 326153 23303 infeasible  176         9.00000    8.00000  11.1%   152 1540s
 328371 23416    8.00000  279   60    9.00000    8.00000  11.1%   152 1548s
 329134 23539    8.00000  439   75    9.00000    8.00000  11.1%   152 1553s
 330398 23307    8.00000  136   72    9.00000    8.00000  11.1%   152 1557s
 331708 23213    8.00000  205   63    9.00000    8.00000  11.1%   153 1562s
 332348 23332 infeasible   99         9.00000    8.00000  11.1%   153 1567s
 333795 23932    8.00000  119   67    9.00000    8.00000  11.1%   153 1571s
 335253 24072    8.00000  295   63    9.00000    8.00000  11.1%   153 1576s
 336903 24376 infeasible  187         9.00000    8.00000  11.1%   153 1581s
 337473 25425    8.00000  168   71    9.00000    8.00000  11.1%   153 1588s
 339449 25358    8.00000  314   71    9.00000    8.00000  11.1%   153 1592s
 339532 25365 infeasible  315         9.00000    8.00000  11.1%   153 1597s
 339621 25529    8.00000  166   50    9.00000    8.00000  11.1%   153 1603s
 340087 25278    8.00000  225   66    9.00000    8.00000  11.1%   153 1609s
 341462 24430 infeasible  306         9.00000    8.00000  11.1%   153 1614s
 343028 23907    8.00000  210   59    9.00000    8.00000  11.1%   153 1621s
 343781 22875 infeasible  307         9.00000    8.00000  11.1%   153 1628s
 345763 23363 infeasible  112         9.00000    8.00000  11.1%   153 1634s
 347365 24119    8.00000  235   74    9.00000    8.00000  11.1%   153 1641s
 348829 24874    8.00000  403   66    9.00000    8.00000  11.1%   153 1646s
 351070 24602    8.00000  623   66    9.00000    8.00000  11.1%   153 1652s
 353478 24443 infeasible  278         9.00000    8.00000  11.1%   152 1658s
 353823 23971    8.00000  110   45    9.00000    8.00000  11.1%   152 1664s
 355482 23173    8.00000  225   65    9.00000    8.00000  11.1%   153 1670s
 357404 22780    8.00000  311   53    9.00000    8.00000  11.1%   153 1675s
 359089 23210 infeasible  295         9.00000    8.00000  11.1%   153 1680s
 360011 23837 infeasible  241         9.00000    8.00000  11.1%   153 1687s
 362331 23295    8.00000  128   47    9.00000    8.00000  11.1%   152 1691s
 363619 23034    8.00000  206   45    9.00000    8.00000  11.1%   152 1696s
 364210 22752    8.00000  214   63    9.00000    8.00000  11.1%   152 1700s
 365306 22510    8.00000  159   65    9.00000    8.00000  11.1%   152 1705s
 366630 22963    8.00000  144   34    9.00000    8.00000  11.1%   152 1710s
 368089 22960    8.00000  270   54    9.00000    8.00000  11.1%   152 1716s
 368108 23190    8.00000  271   42    9.00000    8.00000  11.1%   152 1722s
 368678 23004    8.00000  471   50    9.00000    8.00000  11.1%   152 1727s
 369925 22147 infeasible  304         9.00000    8.00000  11.1%   152 1733s
 372205 22180 infeasible  206         9.00000    8.00000  11.1%   152 1739s
 373080 22879    8.00000   82   59    9.00000    8.00000  11.1%   152 1744s
 374901 23352 infeasible  425         9.00000    8.00000  11.1%   152 1751s
 376892 23335 infeasible  593         9.00000    8.00000  11.1%   152 1756s
 377501 22176    8.00000  157   47    9.00000    8.00000  11.1%   152 1761s
 379044 21706 infeasible  490         9.00000    8.00000  11.1%   152 1767s
 379592 22156    8.00000  150   57    9.00000    8.00000  11.1%   152 1772s
 381364 22450    8.00000  319   65    9.00000    8.00000  11.1%   152 1778s
 382592 22527 infeasible  261         9.00000    8.00000  11.1%   152 1784s
 384701 22024    8.00000  252   64    9.00000    8.00000  11.1%   152 1790s
 385562 21393 infeasible  588         9.00000    8.00000  11.1%   152 1795s
 386967 21706    8.00000  178   67    9.00000    8.00000  11.1%   152 1800s

Cutting planes:
  Flow cover: 11

Explored 387984 nodes (59174027 simplex iterations) in 1800.03 seconds (3642.70 work units)
Thread count was 8 (of 40 available processors)

Solution count 10: 9 10 11 ... 51

Time limit reached
Best objective 9.000000000000e+00, best bound 8.000000000000e+00, gap 11.1111%

User-callback calls 1125522, time in user-callback 1.98 sec
Set parameter TimeLimit to value 1.7995657038688660e+03
Gurobi Optimizer version 12.0.3 build v12.0.3rc0 (linux64 - "Ubuntu 24.04.4 LTS")

CPU model: Intel(R) Xeon(R) Gold 6230 CPU @ 2.10GHz, instruction set [SSE2|AVX|AVX2|AVX512]
Thread count: 40 physical cores, 40 logical processors, using up to 8 threads

Non-default parameters:
TimeLimit  1.7995657038688660e+03
Seed  20260921
Threads  8

Optimize a model with 155 rows, 16931 columns and 360434 nonzeros
Model fingerprint: 0xd78b2761
Variable types: 0 continuous, 16931 integer (16931 binary)
Coefficient statistics:
  Matrix range     [1e+00, 1e+00]
  Objective range  [1e-11, 2e+02]
  Bounds range     [1e+00, 1e+00]
  RHS range        [1e+00, 9e+00]

Loaded user MIP start with objective 464.624
MIP start from previous solve did not produce a new incumbent solution

Presolve removed 0 rows and 155 columns
Presolve time: 0.61s
Presolved: 155 rows, 16776 columns, 357322 nonzeros
Variable types: 0 continuous, 16776 integer (16776 binary)

Root relaxation: objective 1.816048e+02, 1372 iterations, 0.70 seconds (1.37 work units)

    Nodes    |    Current Node    |     Objective Bounds      |     Work
 Expl Unexpl |  Obj  Depth IntInf | Incumbent    BestBd   Gap | It/Node Time

     0     0  181.60480    0  129  464.62400  181.60480  60.9%     -    1s
H    0     0                     451.1920000  181.60480  59.7%     -    3s
     0     0  183.10734    0  132  451.19200  183.10734  59.4%     -    4s
H    0     0                     450.9440000  183.10734  59.4%     -    7s
H    0     0                     449.2080000  184.01076  59.0%     -    8s
     0     0  184.01076    0  128  449.20800  184.01076  59.0%     -    8s
     0     0  184.01076    0  131  449.20800  184.01076  59.0%     -    9s
     0     0  184.01076    0  130  449.20800  184.01076  59.0%     -    9s
     0     0  184.01076    0  132  449.20800  184.01076  59.0%     -    9s
     0     0  184.01076    0  134  449.20800  184.01076  59.0%     -    9s
     0     0  184.01076    0  136  449.20800  184.01076  59.0%     -    9s
     0     0  184.01076    0  135  449.20800  184.01076  59.0%     -    9s
     0     0  186.56154    0  143  449.20800  186.56154  58.5%     -   10s
     0     0  186.69452    0  149  449.20800  186.69452  58.4%     -   10s
     0     0  187.32099    0  149  449.20800  187.32099  58.3%     -   11s
     0     0  187.57978    0  147  449.20800  187.57978  58.2%     -   11s
     0     0  187.64412    0  146  449.20800  187.64412  58.2%     -   11s
     0     0  187.90503    0  147  449.20800  187.90503  58.2%     -   11s
     0     0  188.20101    0  150  449.20800  188.20101  58.1%     -   12s
     0     0  188.24637    0  154  449.20800  188.24637  58.1%     -   12s
     0     0  188.25698    0  152  449.20800  188.25698  58.1%     -   12s
     0     0  188.29031    0  155  449.20800  188.29031  58.1%     -   12s
     0     0  188.34814    0  155  449.20800  188.34814  58.1%     -   13s
     0     0  188.37735    0  153  449.20800  188.37735  58.1%     -   13s
     0     0  188.38010    0  154  449.20800  188.38010  58.1%     -   14s
     0     0  188.38583    0  154  449.20800  188.38583  58.1%     -   14s
     0     2  188.48716    0  154  449.20800  188.48716  58.0%     -   17s
    23    52  189.12728    5  153  449.20800  188.86417  58.0%   279   20s
H   28    52                     442.0160000  188.86417  57.3%   241   20s
   154   163  190.12230   17  134  442.01600  188.86417  57.3%   109   25s
H  239   241                     441.2720000  188.86417  57.2%  88.0   28s
   279   288  190.44200   31  137  441.27200  188.86417  57.2%  83.8   32s
H  284   288                     438.7520000  188.86417  57.0%  82.8   32s
   810   856  192.24305   70  135  438.75200  188.86417  57.0%  54.8   35s
H 1381  1482                     409.1200000  188.86417  53.8%  46.4   37s
  2032  2199  194.21795  165  148  409.12000  188.86417  53.8%  40.9   40s
  2728  2847  195.55597  266  152  409.12000  188.86417  53.8%  37.2   45s
H 2846  2898                     406.8880000  188.86417  53.6%  36.8   45s
H 4219  4351                     394.9040000  188.86417  52.2%  32.0   51s
  5460  5868  197.57403  443  147  394.90400  188.86417  52.2%  29.4   55s
  7427  7428  227.79285   13  154  394.90400  188.86417  52.2%  26.4   62s
  7429  7429  237.40170  758  129  394.90400  188.86417  52.2%  26.4   70s
  7430  7430  217.87151  595  125  394.90400  188.86417  52.2%  26.4   76s
H 7430  7058                     394.1600000  188.86417  52.1%  26.4   77s
  7437  7063  231.77555  570  145  394.16000  188.86417  52.1%  26.4   81s
H 7440  6711                     377.0480000  188.86417  49.9%  26.4   82s
  7442  6712  232.52007  540  154  377.04800  188.86417  49.9%  26.4   86s
  7444  6713  223.78524  302  156  377.04800  188.86417  49.9%  26.4   91s
H 7444  6377                     354.4400000  188.86417  46.7%  26.4   93s
H 7444  6058                     352.2080000  188.86417  46.4%  26.4   93s
  7448  6061  222.31925  925  155  352.20800  188.86417  46.4%  26.3   95s
  7450  6062  216.87963  577  157  352.20800  188.86417  46.4%  26.3  100s
  7455  6066  197.40968  544  154  352.20800  189.19375  46.3%  26.3  113s
  7458  6073  189.19375   16  153  352.20800  189.19375  46.3%  26.9  115s
  7509  6108  189.19375   21  149  352.20800  189.19375  46.3%  28.3  120s
H 7529  5807                     347.7440000  189.19375  45.6%  29.0  121s
H 7535  5528                     345.5120000  189.19375  45.2%  29.4  122s
H 7540  5252                     343.7760000  189.19375  45.0%  29.8  122s
H 7551  4995                     341.5440000  189.19375  44.6%  29.9  124s
  7568  5015  189.21925   24  148  341.54400  189.19375  44.6%  30.5  125s
  7631  5036  189.30814   27  140  341.54400  189.19375  44.6%  32.4  131s
  7671  5056  189.59039   29  140  341.54400  189.19375  44.6%  33.4  135s
  7712  5070  190.17506   31  137  341.54400  189.19375  44.6%  34.6  140s
H 7744  4832                     286.2160000  189.19375  33.9%  35.4  142s
  7828  4879  190.33682   35  140  286.21600  189.19375  33.9%  37.7  146s
  7967  4920  190.52350   39  136  286.21600  189.19375  33.9%  40.8  150s
  8167  4960  190.71820   43  141  286.21600  189.19375  33.9%  44.4  156s
  8202  4979  207.93151   44  104  286.21600  189.19375  33.9%  45.0  160s
  8315  5006  190.78325   46  140  286.21600  189.19375  33.9%  46.2  166s
  8493  5087  202.42911   47   89  286.21600  189.19375  33.9%  48.4  171s
  8543  5081  190.93498   49  144  286.21600  189.19375  33.9%  49.5  175s
H 8553  4843                     285.9680000  189.19375  33.8%  49.8  175s
  8663  4967  191.06090   54  143  285.96800  189.19375  33.8%  52.1  180s
  8773  5034  191.13298   58  142  285.96800  189.19375  33.8%  54.3  185s
  8893  5103  191.23268   62  140  285.96800  189.19375  33.8%  56.5  191s
  9021  5192  210.34868   65  100  285.96800  189.19375  33.8%  59.0  195s
  9197  5284  191.37992   69  141  285.96800  189.19375  33.8%  62.1  201s
  9375  5407  203.79133   73   99  285.96800  189.19375  33.8%  65.3  206s
  9473  5395  201.33217   75   91  285.96800  189.19375  33.8%  66.7  211s
  9495  5431  191.67259   76  139  285.96800  189.19375  33.8%  67.0  215s
  9605  5477  191.70670   77  136  285.96800  189.19375  33.8%  69.1  223s
  9630  5559  201.05340   78  103  285.96800  189.19375  33.8%  69.5  226s
  9873  5769  191.84825   82  141  285.96800  189.19375  33.8%  72.7  233s
 10036  5852  192.01892   86  135  285.96800  189.19375  33.8%  74.5  236s
 10190  5937  204.31224   88  103  285.96800  189.19375  33.8%  76.3  240s
 10542  6138  192.36724   94  135  285.96800  189.19375  33.8%  79.6  248s
 10728  6246  199.00884   97  108  285.96800  189.19375  33.8%  81.4  252s
 10933  6340  192.95751  101  143  285.96800  189.19375  33.8%  83.1  256s
 11151  6456  193.06593  105  143  285.96800  189.19375  33.8%  85.0  260s
 11417  6542  193.19285  109  141  285.96800  189.19375  33.8%  86.6  265s
 11685  6630  206.60721  113   98  285.96800  189.19375  33.8%  88.4  270s
 11974  6688  193.49460  118  142  285.96800  189.19375  33.8%  90.1  275s
 12243  6810  193.59761  123  142  285.96800  189.19375  33.8%  91.9  280s
 12537  6926  193.67604  128  142  285.96800  189.19375  33.8%  93.4  286s
 12887  6936  193.82811  133  140  285.96800  189.19375  33.8%  94.5  292s
 13038  7112  193.93481  138  143  285.96800  189.19375  33.8%  95.7  297s
 13414  7121  194.01896  144  140  285.96800  189.19375  33.8%  96.6  306s
H13424  6875                     282.2480000  189.19375  33.0%  96.8  306s
 13700  7040  194.06971  149  143  282.24800  189.19375  33.0%  96.3  312s
 14132  7315  194.17948  155  137  282.24800  189.48343  32.9%  97.1  318s
 14574  7605  194.27441  162  141  282.24800  189.48343  32.9%  97.8  325s
 15038  8039  194.49697  169  138  282.24800  189.48343  32.9%  98.6  333s
 15659  8145  194.68711  178  139  282.24800  189.48343  32.9%  99.2  337s
 15986  8195  194.77438  182  138  282.24800  189.48343  32.9%  99.4  342s
 16170  8349  194.83385  187  132  282.24800  189.48343  32.9%   100  347s
H16369  8033                     276.7920000  189.48343  31.5%   102  347s
 16434  8435  194.90669  192  137  276.79200  189.48343  31.5%   101  353s
H16956  8249                     276.0480000  189.48343  31.4%   101  361s
H16961  8021                     273.8160000  189.48343  30.8%   101  361s
 17160  8503  202.81394  198  104  273.81600  189.48343  30.8%   100  368s
 17889  8483  195.19484  205  137  273.81600  189.48343  30.8%   100  382s
 18402  8949  202.92694  210  102  273.81600  189.48343  30.8%   100  388s
 19320  9452  195.37793  216  130  273.81600  189.49289  30.8%  97.8  394s
 19840 10079  195.49273  221  137  273.81600  189.49289  30.8%  97.4  401s
 20503 10716  207.01754  226  106  273.81600  189.49289  30.8%  96.5  406s
 21207 11151  195.76175  232  135  273.81600  189.49289  30.8%  95.6  413s
 21690 11322  209.31838  237   90  273.81600  189.49289  30.8%  95.8  419s
 21895 11703  208.22809  242   96  273.81600  189.49289  30.8%  96.2  425s
 22341 12124  195.97265  249  136  273.81600  189.49289  30.8%  96.5  431s
 22849 12794  196.03461  256  136  273.81600  189.49289  30.8%  96.8  439s
 23627 12883  196.10396  262  135  273.81600  189.49289  30.8%  96.2  451s
 23778 13105  212.22391  262   91  273.81600  189.49289  30.8%  96.2  464s
 24127 13254  196.17755  265  135  273.81600  189.49289  30.8%  96.4  472s
 24343 13714  210.91235  271  102  273.81600  189.49289  30.8%  96.9  480s
 25019 14122  196.48069  280  137  273.81600  189.49289  30.8%  97.0  489s
 25747 14425  196.60988  288  134  273.81600  189.49289  30.8%  96.7  498s
 26412 15024  196.94549  297  135  273.81600  189.49289  30.8%  96.5  506s
 27262 15939  197.19337  306  142  273.81600  190.28569  30.5%  95.7  514s
 28210 16831  197.37719  316  137  273.81600  190.34208  30.5%  95.0  522s
 29102 17761  197.51335  326  134  273.81600  190.34208  30.5%  94.4  530s
 30033 17762  222.42951  650  154  273.81600  190.34208  30.5%  93.7  619s
 30035 17763  200.35896  387  129  273.81600  190.34208  30.5%  93.7  626s
 30036 17764  221.04385  104  132  273.81600  190.34208  30.5%  93.7  632s
 30048 17772  220.24363  210  161  273.81600  190.34208  30.5%  93.7  635s
 30050 17773  255.43214 1473  164  273.81600  190.34208  30.5%  93.7  641s
 30052 17775  215.49686  110  153  273.81600  190.34208  30.5%  93.7  646s
 30053 17775  238.09345 1212  151  273.81600  190.34208  30.5%  93.7  651s
 30057 17778  244.57444 1483  162  273.81600  190.34208  30.5%  93.7  655s
 30058 17779  197.89102  249  162  273.81600  190.34208  30.5%  93.7  660s
 30059 17779  227.07816  363  162  273.81600  190.34208  30.5%  93.7  669s
 30060 17783  190.34208   24  155  273.81600  190.34208  30.5%  93.8  671s
 30074 17798  190.34208   27  155  273.81600  190.34208  30.5%  93.9  675s
 30110 17824  201.32722   29  107  273.81600  190.34208  30.5%  94.1  680s
 30141 17842  190.34208   31  152  273.81600  190.34208  30.5%  94.4  685s
 30213 17885  207.29566   33  101  273.81600  190.34208  30.5%  95.0  691s
 30289 17925  195.76020   35  115  273.81600  190.34208  30.5%  95.5  695s
 30354 17951  190.34208   38  147  273.81600  190.34208  30.5%  95.9  702s
 30378 17964  200.16403   39   93  273.81600  190.34208  30.5%  96.0  707s
H30385 17072                     272.8240000  190.34208  30.2%  96.1  707s
 30449 17120  190.45887   42  151  272.82400  190.34208  30.2%  96.4  710s
 30588 17179  190.71853   46  143  272.82400  190.34208  30.2%  97.1  716s
 30754 17212  190.92884   50  144  272.82400  190.34208  30.2%  97.8  721s
 30777 17226  190.97221   51  146  272.82400  190.34208  30.2%  97.9  725s
 30851 17239  190.97574   52  146  272.82400  190.34208  30.2%  98.1  731s
 30945 17257  191.00402   53  146  272.82400  190.34208  30.2%  98.3  735s
 31066 17281  191.22439   57  143  272.82400  190.34208  30.2%  98.5  741s
 31199 17311  191.51950   61  145  272.82400  190.34208  30.2%  98.9  745s
 31364 17419  191.70896   67  139  272.82400  190.34208  30.2%   100  751s
 31488 17500  191.85812   71  148  272.82400  190.34208  30.2%   100  756s
 31624 17587  191.95985   75  147  272.82400  190.34208  30.2%   101  762s
 31776 17680  192.11644   80  145  272.82400  190.34208  30.2%   102  767s
 31856 17720  197.91013   82   99  272.82400  190.34208  30.2%   102  770s
 32021 17832  192.26335   88  145  272.82400  190.34208  30.2%   103  777s
 32114 17890  192.30481   91  145  272.82400  190.34208  30.2%   103  780s
 32302 17957  204.31614   96   90  272.82400  190.34208  30.2%   104  789s
 32369 17994  208.07966   98  102  272.82400  190.34208  30.2%   104  793s
 32449 18064  192.44707   99  141  272.82400  190.34208  30.2%   104  797s
 32572 18099  192.52838  102  138  272.82400  190.34208  30.2%   105  803s
H32587 17249                     272.5760000  190.34208  30.2%   105  803s
H32641 16428                     272.3280000  190.34208  30.1%   105  803s
 32663 16527  192.60002  105  143  272.32800  190.34208  30.1%   105  807s
 32801 16575  210.93253  109   94  272.32800  190.34208  30.1%   106  812s
 32931 16637  192.77987  113  146  272.32800  190.34208  30.1%   106  817s
 33079 16694  206.57076  117  115  272.32800  190.34208  30.1%   106  823s
 33240 16733  193.05977  122  140  272.32800  190.34208  30.1%   107  829s
 33404 16767  193.15343  126  140  272.32800  190.34208  30.1%   107  835s
 33574 16815  214.63343  130  102  272.32800  190.34208  30.1%   108  841s
 33765 16862  201.74698  134  104  272.32800  190.34208  30.1%   108  846s
 33971 16914  193.55681  140  136  272.32800  190.34208  30.1%   109  852s
 34193 16983  193.86561  146  140  272.32800  190.34208  30.1%   109  858s
 34443 16951  202.87088  151  114  272.32800  190.34208  30.1%   109  866s
H34591 16043                     262.9040000  190.34208  27.6%   109  866s
 34595 16199  221.94226  153   96  262.90400  190.34208  27.6%   110  872s
 34771 16328  212.98421  157   87  262.90400  190.59861  27.5%   110  879s
 34966 16476  194.19014  164  139  262.90400  190.59861  27.5%   111  886s
 35196 16560  207.82732  170  106  262.90400  190.59861  27.5%   111  895s
 35382 16745  194.56949  177  137  262.90400  190.59861  27.5%   112  903s
 35660 16982  194.71392  185  139  262.90400  190.59861  27.5%   112  911s
 36045 17234  194.85463  193  137  262.90400  190.59861  27.5%   113  920s
 36489 17424  194.96317  202  133  262.90400  190.59861  27.5%   114  929s
 36918 17585  195.39897  212  134  262.90400  190.59861  27.5%   114  938s
 37309 17887  195.73789  222  134  262.90400  190.59861  27.5%   115  949s
 37946 18080  195.98344  232  136  262.90400  190.59861  27.5%   115  959s
 38629 18164  196.15188  243  130  262.90400  190.59861  27.5%   115  969s
 39159 18423  196.35767  254  137  262.90400  190.59861  27.5%   116  980s
 39975 18320  196.58470  265  138  262.90400  190.59861  27.5%   116  994s
H39976 17577                     262.4080000  190.59861  27.4%   116  994s
 40582 17723  196.77042  276  140  262.40800  190.59861  27.4%   116 1004s
 41365 17859  196.95263  285  139  262.40800  190.67270  27.3%   116 1016s
 42044 18446  197.17230  297  141  262.40800  190.67270  27.3%   115 1029s
 42990 18980  197.37559  309  137  262.40800  191.23768  27.1%   114 1042s
 43839 19694  197.55130  323  134  262.40800  191.23768  27.1%   114 1055s
 44841 19671  197.79428  336  136  262.40800  191.23768  27.1%   113 1139s
 45188 21843  208.16092  348   87  262.40800  191.23768  27.1%   113 1196s
H45320 20944                     260.1760000  191.23768  26.5%   114 1196s
 47476 22005  210.43922  420  110  260.17600  191.23768  26.5%   114 1210s
 49256 23042  199.45755  439  143  260.17600  191.23768  26.5%   113 1223s
 50888 23721  199.75802  453  139  260.17600  191.23768  26.5%   111 1234s
H52130 22688                     253.6880000  191.23768  24.6%   110 1246s
 53029 23758  200.08565  472  138  253.68800  191.23768  24.6%   109 1257s
 54443 24458  208.74771  483   94  253.68800  191.23768  24.6%   108 1267s
 55680 25256  200.55746  493  137  253.68800  191.48882  24.5%   107 1278s
 56894 25971  200.68389  502  140  253.68800  191.48882  24.5%   106 1288s
 58054 26302  200.86950  511  139  253.68800  191.48882  24.5%   105 1296s
 58799 26317  201.03154  521  144  253.68800  191.48882  24.5%   105 1306s
H58854 24643                     249.4720000  191.48882  23.2%   105 1306s
 59074 25434  214.21298  521  101  249.47200  191.48882  23.2%   105 1315s
 59960 26997  201.15793  532  145  249.47200  191.48882  23.2%   105 1332s
 61920 26835  201.39664  550  141  249.47200  191.77015  23.1%   104 1338s
 62462 27501  201.52862  556  146  249.47200  191.77015  23.1%   104 1346s
 63424 27754  201.68229  563  140  249.47200  191.77015  23.1%   103 1352s
 64172 28513  201.85397  570  141  249.47200  192.27332  22.9%   103 1361s
 65224 28923  201.97711  579  138  249.47200  192.28660  22.9%   102 1367s
 66155 29518  202.15379  587  141  249.47200  192.28660  22.9%   102 1373s
 66832 30329  202.36751  596  143  249.47200  192.28660  22.9%   101 1379s
 67651 31318  202.56873  604  143  249.47200  192.28660  22.9%   101 1386s
 68661 32500  224.54517  612   95  249.47200  192.28660  22.9%   101 1393s
 69857 34075  202.84561  620  145  249.47200  192.28660  22.9%   100 1402s
 71494 34791  203.00654  628  144  249.47200  192.28660  22.9%  98.5 1408s
 72309 34852  203.13665  635  144  249.47200  192.28660  22.9%  98.2 1414s
 72378 35578  203.21392  638  143  249.47200  192.28660  22.9%  98.2 1420s
 73216 36292  203.40138  645  142  249.47200  192.28660  22.9%  97.9 1426s
 73946 36732  203.68811  652  140  249.47200  192.28660  22.9%  97.7 1432s
 74419 38160  203.83722  658  144  249.47200  192.28660  22.9%  97.6 1444s
 75917 38677  204.12196  674  140  249.47200  192.28660  22.9%  97.2 1451s
 76462 40120  204.39264  682  144  249.47200  192.28660  22.9%  97.2 1461s
 77976 40597  204.63572  692  143  249.47200  192.28660  22.9%  96.4 1467s
 78534 41198  204.80915  698  145  249.47200  192.28660  22.9%  96.4 1474s
 79277 42194  205.06632  705  144  249.47200  192.28660  22.9%  96.3 1482s
 80453 42664  205.34974  712  141  249.47200  192.28660  22.9%  95.9 1488s
 81057 43129  205.79583  719  140  249.47200  192.28660  22.9%  95.8 1494s
 81869 43933  206.01073  723  142  249.47200  192.28660  22.9%  95.5 1502s
 82789 44575  206.54734  731  145  249.47200  193.08249  22.6%  95.2 1508s
 83468 45193  216.78379  737  102  249.47200  193.08249  22.6%  95.0 1513s
 84094 45824  207.49905  744  144  249.47200  193.08249  22.6%  94.9 1519s
 84733 46609  208.05595  752  143  249.47200  193.08249  22.6%  94.7 1525s
 85524 47528  208.25027  757  142  249.47200  193.08249  22.6%  94.5 1531s
 86468 48563  208.77304  764  139  249.47200  193.08249  22.6%  94.1 1538s
 87589 49578  209.67498  771  143  249.47200  193.13083  22.6%  93.7 1545s
 88734 50307  209.96892  778  142  249.47200  193.33995  22.5%  93.2 1551s
 89567 51635  210.45998  785  145  249.47200  193.46423  22.5%  93.0 1564s
 90991 52233  211.30335  797  141  249.47200  193.46423  22.5%  92.7 1570s
 91675 53115  211.59844  805  142  249.47200  193.57164  22.4%  92.7 1577s
 92626 54275  211.86212  813  144  249.47200  193.63649  22.4%  92.4 1584s
 93802 55286  212.24324  821  144  249.47200  193.63649  22.4%  92.0 1591s
 94900 56145  212.41414  828  142  249.47200  193.63649  22.4%  91.6 1597s
 95835 56950  222.06226  834  113  249.47200  193.63649  22.4%  91.3 1604s
 96647 57438  213.41765  840  150  249.47200  193.63649  22.4%  91.0 1609s
 97167 57968  213.75940  846  154  249.47200  193.63649  22.4%  91.0 1614s
 97711 58692  214.09468  852  153  249.47200  193.63649  22.4%  91.0 1620s
 98446 59355  214.51705  858  151  249.47200  193.63649  22.4%  90.9 1626s
 99159 59955  214.77276  864  152  249.47200  193.63649  22.4%  90.8 1632s
 99808 60716  215.15469  870  150  249.47200  194.17187  22.2%  90.7 1639s
 100603 61235  215.39220  877  152  249.47200  194.17187  22.2%  90.6 1645s
 101149 61806  229.58367  883  117  249.47200  194.18357  22.2%  90.6 1651s
 101748 62642  216.53706  890  153  249.47200  194.18357  22.2%  90.6 1657s
 102606 63729  216.99098  897  157  249.47200  194.18357  22.2%  90.5 1664s
 103771 64463  217.34671  904  154  249.47200  194.33680  22.1%  90.1 1671s
 104630 65619  217.49781  910  151  249.47200  194.43914  22.1%  90.0 1682s
 105962 65980  218.26370  920  147  249.47200  194.53171  22.0%  89.9 1688s
 106430 66327  232.80492  926  115  249.47200  194.53171  22.0%  90.1 1694s
 106936 66866  219.37606  935  152  249.47200  194.53171  22.0%  90.4 1702s
 107712 67601  219.73397  944  145  249.47200  194.70696  22.0%  90.5 1709s
 108458 68449  220.27346  954  142  249.47200  194.70696  22.0%  90.6 1717s
 109340 69332  220.84817  963  142  249.47200  194.74123  21.9%  90.6 1725s
 110317 70194  221.15445  970  147  249.47200  194.74123  21.9%  90.5 1732s
 111211 71251  221.62118  980  149  249.47200  194.74123  21.9%  90.5 1741s
 112306 72063  221.89961  988  140  249.47200  194.74123  21.9%  90.3 1748s
 113216 72923  222.44628  998  149  249.47200  194.74123  21.9%  90.3 1756s
 114186 73918  222.62574 1006  148  249.47200  194.74123  21.9%  90.2 1764s
 115237 74880  223.04966 1015  148  249.47200  194.74123  21.9%  90.0 1771s
 116317 75940  223.28388 1023  151  249.47200  194.74123  21.9%  89.8 1780s
 117484 76722  223.72989 1031  150  249.47200  194.74123  21.9%  89.6 1788s
 118398 77484  223.98834 1039  148  249.47200  194.74123  21.9%  89.6 1796s

Cutting planes:
  MIR: 21
  Flow cover: 46
  Zero half: 2

Explored 119452 nodes (10700915 simplex iterations) in 1799.60 seconds (4132.90 work units)
Thread count was 8 (of 40 available processors)

Solution count 10: 249.472 253.688 260.176 ... 276.048

Time limit reached
Best objective 2.494720000000e+02, best bound 1.947412349578e+02, gap 21.9386%

User-callback calls 534847, time in user-callback 1.98 sec
