
Gurobi 12.0.3 (linux64) logging started Mon Sep 21 16:01:23 2026

Set parameter LogFile to value "/home/nc437/ladder-lite/integer_columns_20260921/results/c5_k08/control_s20260922/668470_r0/mip_gurobi.log"
Set parameter OutputFlag to value 1
Set parameter TimeLimit to value 3600
Set parameter MIPGap to value 0.0001
Set parameter Threads to value 8
Set parameter Seed to value 20260922
Set parameter TimeLimit to value 1800
Gurobi Optimizer version 12.0.3 build v12.0.3rc0 (linux64 - "Ubuntu 24.04.4 LTS")

CPU model: Intel(R) Xeon(R) Gold 6230 CPU @ 2.10GHz, instruction set [SSE2|AVX|AVX2|AVX512]
Thread count: 40 physical cores, 40 logical processors, using up to 8 threads

Non-default parameters:
TimeLimit  1800
Seed  20260922
Threads  8

Optimize a model with 167 rows, 26942 columns and 613255 nonzeros
Model fingerprint: 0xd986cbf4
Variable types: 0 continuous, 26942 integer (26942 binary)
Coefficient statistics:
  Matrix range     [1e+00, 1e+00]
  Objective range  [1e+00, 1e+00]
  Bounds range     [1e+00, 1e+00]
  RHS range        [1e+00, 1e+00]

Loaded user MIP start with objective 42

Presolve removed 0 rows and 329 columns
Presolve time: 1.19s
Presolved: 167 rows, 26613 columns, 607815 nonzeros
Variable types: 0 continuous, 26613 integer (26613 binary)

Starting sifting (using dual simplex for sub-problems)...

    Iter     Pivots    Primal Obj      Dual Obj        Time
       0          0     infinity      0.0000000e+00      1s
       1        338   9.2767177e+00   3.8908886e+00      1s
       2        965   9.1086468e+00   5.5966702e+00      1s
       3       1976   8.8478571e+00   6.6329636e+00      1s
       4       2914   8.4971134e+00   6.9212719e+00      1s
       5       3874   8.1959192e+00   7.1589733e+00      2s
       6       4625   8.0000000e+00   8.0000000e+00      2s

Sifting complete


Root relaxation: objective 8.000000e+00, 4625 iterations, 0.37 seconds (0.37 work units)

    Nodes    |    Current Node    |     Objective Bounds      |     Work
 Expl Unexpl |  Obj  Depth IntInf | Incumbent    BestBd   Gap | It/Node Time

     0     0    8.00000    0   75   42.00000    8.00000  81.0%     -    2s
H    0     0                      21.0000000    8.00000  61.9%     -    2s
H    0     0                      15.0000000    8.00000  46.7%     -    2s
H    0     0                      14.0000000    8.00000  42.9%     -    2s
H    0     0                      13.0000000    8.00000  38.5%     -    2s
H    0     0                      12.0000000    8.00000  33.3%     -    2s
H    0     0                      11.0000000    8.00000  27.3%     -    2s
H    0     0                      10.0000000    8.00000  20.0%     -    2s
     0     0    8.00000    0   89   10.00000    8.00000  20.0%     -    4s
H    0     0                       9.0000000    8.00000  11.1%     -    7s
     0     0    8.00000    0   92    9.00000    8.00000  11.1%     -    7s
     0     0    8.00000    0   85    9.00000    8.00000  11.1%     -   10s
     0     0    8.00000    0   97    9.00000    8.00000  11.1%     -   13s
     0     0    8.00000    0   73    9.00000    8.00000  11.1%     -   16s
     0     0    8.00000    0   85    9.00000    8.00000  11.1%     -   16s
     0     0    8.00000    0   88    9.00000    8.00000  11.1%     -   19s
     0     0    8.00000    0   80    9.00000    8.00000  11.1%     -   21s
     0     0    8.00000    0   74    9.00000    8.00000  11.1%     -   27s
     0     0    8.00000    0   66    9.00000    8.00000  11.1%     -   28s
     0     0    8.00000    0   67    9.00000    8.00000  11.1%     -   32s
     0     0    8.00000    0   72    9.00000    8.00000  11.1%     -   34s
     0     0    8.00000    0   75    9.00000    8.00000  11.1%     -   35s
     0     0    8.00000    0   76    9.00000    8.00000  11.1%     -   37s
     0     0    8.00000    0   75    9.00000    8.00000  11.1%     -   37s
     0     0    8.00000    0   83    9.00000    8.00000  11.1%     -   38s
     0     0    8.00000    0   82    9.00000    8.00000  11.1%     -   38s
     0     0    8.00000    0   87    9.00000    8.00000  11.1%     -   40s
     0     0    8.00000    0   78    9.00000    8.00000  11.1%     -   41s
     0     2    8.00000    0   70    9.00000    8.00000  11.1%     -   43s
    21    26    8.00000    5  110    9.00000    8.00000  11.1%   771   45s
   135    82    8.00000   17  119    9.00000    8.00000  11.1%   527   50s
   315   259    8.00000   22  101    9.00000    8.00000  11.1%   560   57s
   562   371 infeasible   68         9.00000    8.00000  11.1%   604   61s
   800   512 infeasible  101         9.00000    8.00000  11.1%   625   67s
  1137   770    8.00000   44   84    9.00000    8.00000  11.1%   517   74s
  1623   753 infeasible   98         9.00000    8.00000  11.1%   571   81s
  1858   812    8.00000  115  108    9.00000    8.00000  11.1%   578   88s
  2321   671 infeasible   53         9.00000    8.00000  11.1%   577   95s
  2494   640 infeasible  184         9.00000    8.00000  11.1%   619  103s
  2765   723 infeasible  363         9.00000    8.00000  11.1%   588  111s
  2958   735    8.00000  155   87    9.00000    8.00000  11.1%   565  120s
  3076   589    8.00000  159   94    9.00000    8.00000  11.1%   553  129s
  3622   538    8.00000    8   95    9.00000    8.00000  11.1%   505  136s
  3977   567    8.00000   37   77    9.00000    8.00000  11.1%   487  143s
  4532   455 infeasible  256         9.00000    8.00000  11.1%   456  151s
  4874   399    8.00000   12   90    9.00000    8.00000  11.1%   444  160s
  5224   467 infeasible   98         9.00000    8.00000  11.1%   434  168s
  5650   519 infeasible  184         9.00000    8.00000  11.1%   418  176s
  5994   805    8.00000   95   97    9.00000    8.00000  11.1%   408  183s
  6561   806    8.00000  115   80    9.00000    8.00000  11.1%   391  185s
  6563   807    8.00000  311   78    9.00000    8.00000  11.1%   391  191s
  6565   809    8.00000  261   88    9.00000    8.00000  11.1%   391  197s
  6567   810    8.00000  154   77    9.00000    8.00000  11.1%   391  200s
  6572   813    8.00000  226   71    9.00000    8.00000  11.1%   390  205s
  6577   817    8.00000  112   78    9.00000    8.00000  11.1%   390  210s
  6587   822    8.00000   18   88    9.00000    8.00000  11.1%   415  215s
  6650   829    8.00000   24   84    9.00000    8.00000  11.1%   418  220s
  6772   864    8.00000   43   67    9.00000    8.00000  11.1%   417  225s
  6976   942    8.00000   28   78    9.00000    8.00000  11.1%   424  232s
  7130   929    8.00000   44   84    9.00000    8.00000  11.1%   418  239s
  7177  1046    8.00000   46   91    9.00000    8.00000  11.1%   417  247s
  7387  1231    8.00000   74   77    9.00000    8.00000  11.1%   410  259s
  7478  1200 infeasible   62         9.00000    8.00000  11.1%   406  260s
  8217  1213    8.00000  161  104    9.00000    8.00000  11.1%   387  269s
  8822  1180    8.00000  231  116    9.00000    8.00000  11.1%   379  280s
  9043  1299    8.00000  266  115    9.00000    8.00000  11.1%   379  291s
  9421  1319 infeasible  291         9.00000    8.00000  11.1%   386  301s
  9871  1398    8.00000   94   86    9.00000    8.00000  11.1%   400  312s
 10142  1443    8.00000  139   84    9.00000    8.00000  11.1%   394  322s
 10679  1645    8.00000  212   91    9.00000    8.00000  11.1%   385  332s
 11297  1554    8.00000  275   98    9.00000    8.00000  11.1%   374  343s
 11484  1462    8.00000  299  100    9.00000    8.00000  11.1%   372  354s
 12118  1570    8.00000   85   96    9.00000    8.00000  11.1%   363  366s
 12330  1670    8.00000  116   97    9.00000    8.00000  11.1%   360  377s
 13079  1790    8.00000  154   74    9.00000    8.00000  11.1%   350  388s
 13461  1896    8.00000  195   85    9.00000    8.00000  11.1%   345  399s
 13595  1701    8.00000  204   86    9.00000    8.00000  11.1%   343  410s
 14220  1448 infeasible  224         9.00000    8.00000  11.1%   339  421s
 14603  1649    8.00000   26   81    9.00000    8.00000  11.1%   338  435s
 15103  1901    8.00000  120   80    9.00000    8.00000  11.1%   333  450s
 15527  1948    8.00000  179   91    9.00000    8.00000  11.1%   328  466s
 16008  1916    8.00000  190   99    9.00000    8.00000  11.1%   324  484s
 16801  1528    8.00000  148   75    9.00000    8.00000  11.1%   320  499s
 17501  1736 infeasible  405         9.00000    8.00000  11.1%   317  514s
 18594  1488    8.00000  240   92    9.00000    8.00000  11.1%   309  528s
 19199  1357    8.00000  302  100    9.00000    8.00000  11.1%   309  543s
 19950  1595    8.00000  391  103    9.00000    8.00000  11.1%   307  562s
 20822  1494 infeasible  448         9.00000    8.00000  11.1%   312  582s
 21235  1298    8.00000  146   80    9.00000    8.00000  11.1%   324  600s
 22037  1268    8.00000  218   79    9.00000    8.00000  11.1%   321  621s
 22789  1102 infeasible  283         9.00000    8.00000  11.1%   318  643s
 24010   777 infeasible  348         9.00000    8.00000  11.1%   312  663s
 25308   378    8.00000   42   93    9.00000    8.00000  11.1%   310  679s
 25811   287 infeasible   74         9.00000    8.00000  11.1%   316  696s
 26276   675    8.00000  222   98    9.00000    8.00000  11.1%   315  712s
 27500   851    8.00000  356   85    9.00000    8.00000  11.1%   308  730s
 28266   938 infeasible  416         9.00000    8.00000  11.1%   306  747s
 29111   691 infeasible  418         9.00000    8.00000  11.1%   303  764s
 30254   692    8.00000  379   80    9.00000    8.00000  11.1%   302  791s
 30259   695    8.00000  254   80    9.00000    8.00000  11.1%   302  795s
 30269   702    8.00000  495   70    9.00000    8.00000  11.1%   302  800s
 30332   699    8.00000   32   83    9.00000    8.00000  11.1%   303  805s
 30502   689 infeasible   51         9.00000    8.00000  11.1%   302  810s
 30883   676    8.00000   59   77    9.00000    8.00000  11.1%   300  815s
 31515   528 infeasible  110         9.00000    8.00000  11.1%   297  820s
 31995   384 infeasible  107         9.00000    8.00000  11.1%   295  825s
 32191   505    8.00000  107   75    9.00000    8.00000  11.1%   294  830s
 32738   417    8.00000  109   93    9.00000    8.00000  11.1%   291  838s
 33674   408    8.00000  176   80    9.00000    8.00000  11.1%   287  842s
 34197   422    8.00000  237   83    9.00000    8.00000  11.1%   286  845s
 34915   218 infeasible   94         9.00000    8.00000  11.1%   283  852s
 35632   215 infeasible  250         9.00000    8.00000  11.1%   281  856s
 36013   204    8.00000  163   93    9.00000    8.00000  11.1%   280  862s
 36650   326    8.00000  118   56    9.00000    8.00000  11.1%   277  866s
 37412   264 infeasible  416         9.00000    8.00000  11.1%   275  870s
 38298    66 infeasible  363         9.00000    8.00000  11.1%   272  876s
 38689    40 infeasible  210         9.00000    8.00000  11.1%   270  882s
 38892    30 infeasible  142         9.00000    8.00000  11.1%   270  887s
 39052   101 infeasible  177         9.00000    8.00000  11.1%   270  891s
 39318    18 infeasible  559         9.00000    8.00000  11.1%   269  897s
 39464    10 infeasible  642         9.00000    8.00000  11.1%   269  902s
 39551    15 infeasible  684         9.00000    8.00000  11.1%   269  907s
 39650    50 infeasible  736         9.00000    8.00000  11.1%   269  911s
 39800    31 infeasible  805         9.00000    8.00000  11.1%   268  916s

Cutting planes:
  Flow cover: 15

Explored 39891 nodes (10760847 simplex iterations) in 916.73 seconds (2110.61 work units)
Thread count was 8 (of 40 available processors)

Solution count 9: 9 10 11 ... 42

Optimal solution found (tolerance 1.00e-04)
Best objective 9.000000000000e+00, best bound 9.000000000000e+00, gap 0.0000%

User-callback calls 247361, time in user-callback 0.97 sec
Set parameter TimeLimit to value 2.6826268124580383e+03
Gurobi Optimizer version 12.0.3 build v12.0.3rc0 (linux64 - "Ubuntu 24.04.4 LTS")

CPU model: Intel(R) Xeon(R) Gold 6230 CPU @ 2.10GHz, instruction set [SSE2|AVX|AVX2|AVX512]
Thread count: 40 physical cores, 40 logical processors, using up to 8 threads

Non-default parameters:
TimeLimit  2.6826268124580383e+03
Seed  20260922
Threads  8

Optimize a model with 168 rows, 26942 columns and 640197 nonzeros
Model fingerprint: 0xff06c994
Variable types: 0 continuous, 26942 integer (26942 binary)
Coefficient statistics:
  Matrix range     [1e+00, 1e+00]
  Objective range  [1e+01, 2e+02]
  Bounds range     [1e+00, 1e+00]
  RHS range        [1e+00, 9e+00]

Loaded user MIP start with objective 543.128
MIP start from previous solve did not produce a new incumbent solution

Presolve removed 0 rows and 8 columns
Presolve time: 1.16s
Presolved: 168 rows, 26934 columns, 640030 nonzeros
Variable types: 0 continuous, 26934 integer (26934 binary)

Starting sifting (using dual simplex for sub-problems)...

    Iter     Pivots    Primal Obj      Dual Obj        Time
       0          0     infinity      0.0000000e+00      1s
       1        789   1.2626328e+06   3.6219519e+01      1s
       2       1495   5.3480649e+02   2.0656214e+02      1s
       3       2223   4.4584951e+02   3.0979388e+02      1s
       4       2976   4.1062925e+02   3.6734793e+02      1s
       5       3720   4.0719709e+02   3.9595518e+02      2s
       6       4262   4.0693288e+02   4.0679483e+02      2s

Sifting complete


Root relaxation: objective 4.069329e+02, 4453 iterations, 0.47 seconds (0.56 work units)

    Nodes    |    Current Node    |     Objective Bounds      |     Work
 Expl Unexpl |  Obj  Depth IntInf | Incumbent    BestBd   Gap | It/Node Time

     0     0  406.93288    0  139  543.12800  406.93288  25.1%     -    1s
H    0     0                     503.6160000  406.93288  19.2%     -    2s
     0     0  407.20983    0  142  503.61600  407.20983  19.1%     -    3s
     0     0  407.44652    0  142  503.61600  407.44652  19.1%     -    6s
     0     0  407.81593    0  139  503.61600  407.81593  19.0%     -    8s
     0     0  408.08700    0  144  503.61600  408.08700  19.0%     -    8s
     0     0  408.26664    0  149  503.61600  408.26664  18.9%     -    8s
     0     0  408.35692    0  147  503.61600  408.35692  18.9%     -    9s
     0     0  408.66778    0  149  503.61600  408.66778  18.9%     -    9s
     0     0  408.88867    0  146  503.61600  408.88867  18.8%     -    9s
     0     0  409.05449    0  151  503.61600  409.05449  18.8%     -    9s
     0     0  409.14037    0  153  503.61600  409.14037  18.8%     -    9s
     0     0  409.17821    0  157  503.61600  409.17821  18.8%     -   10s
     0     0  409.24364    0  155  503.61600  409.24364  18.7%     -   10s
     0     0  409.56540    0  153  503.61600  409.56540  18.7%     -   11s
     0     0  409.64447    0  156  503.61600  409.64447  18.7%     -   11s
     0     0  409.84507    0  156  503.61600  409.84507  18.6%     -   12s
     0     0  409.92436    0  160  503.61600  409.92436  18.6%     -   12s
     0     0  410.00720    0  159  503.61600  410.00720  18.6%     -   12s
     0     0  410.06939    0  169  503.61600  410.06939  18.6%     -   13s
     0     0  410.12863    0  164  503.61600  410.12863  18.6%     -   14s
     0     0  410.20271    0  164  503.61600  410.20271  18.5%     -   14s
     0     0  410.25277    0  165  503.61600  410.25277  18.5%     -   14s
     0     0  410.33909    0  168  503.61600  410.33909  18.5%     -   14s
     0     0  410.39848    0  168  503.61600  410.39848  18.5%     -   15s
H    0     0                     499.6480000  410.45099  17.9%     -   16s
     0     0  410.45099    0  170  499.64800  410.45099  17.9%     -   16s
     0     0  410.48601    0  171  499.64800  410.48601  17.8%     -   16s
     0     0  410.50131    0  171  499.64800  410.50131  17.8%     -   16s
     0     0  410.51106    0  168  499.64800  410.51106  17.8%     -   17s
     0     0  410.57475    0  176  499.64800  410.57475  17.8%     -   19s
     0     0  410.59694    0  176  499.64800  410.59694  17.8%     -   20s
     0     0  410.59823    0  178  499.64800  410.59823  17.8%     -   20s
     0     0  410.59880    0  178  499.64800  410.59880  17.8%     -   21s
H    0     0                     493.1600000  410.59880  16.7%     -   22s
H    0     0                     483.2400000  410.59880  15.0%     -   23s
H    0     0                     482.9920000  410.59880  15.0%     -   23s
     0     2  410.59880    0  178  482.99200  410.59880  15.0%     -   25s
    15    24  410.96499    4  177  482.99200  410.84176  14.9%   524   30s
H   57    62                     481.0080000  410.84176  14.6%   199   32s
   126   135  411.46961   16  165  481.00800  410.84176  14.6%   122   35s
H  205   207                     474.8080000  410.84176  13.5%  93.7   39s
   241   251  411.76365   28  168  474.80800  410.84176  13.5%  86.0   40s
H  338   371                     472.0800000  410.84176  13.0%  76.9   43s
   610   680  412.50174   58  167  472.08000  410.84176  13.0%  59.4   45s
  1272  1307  413.24875   93  168  472.08000  411.02084  12.9%  47.2   50s
  1686  1678  414.02280  130  165  472.08000  411.03045  12.9%  46.9   57s
  1716  1722  414.07226  132  167  472.08000  411.03045  12.9%  46.7   61s
H 1739  1238                     460.3840000  411.03045  10.7%  46.4   61s
  2084  1588  414.64743  161  172  460.38400  411.03045  10.7%  44.9   65s
  2195  1720  414.72888  166  167  460.38400  411.03045  10.7%  44.0   70s
  2710  2427  414.80053  171  169  460.38400  411.03045  10.7%  41.5   75s
  3520  3293  415.69049  204  168  460.38400  411.03045  10.7%  38.5   80s
  4714  4385  416.84074  260  163  460.38400  411.03045  10.7%  35.3   85s
  5272  5029  417.49745  309  170  460.38400  411.03045  10.7%  34.3   90s
  6271  6258  418.32741  364  164  460.38400  411.03045  10.7%  32.6   95s
  7420  6886  453.45036  825  178  460.38400  411.03045  10.7%  30.7  102s
  7422  6887  411.70280   26  139  460.38400  411.03045  10.7%  30.7  108s
  7423  6888  440.06934  253  140  460.38400  411.03045  10.7%  30.7  124s
  7424  6889  447.75192  564  141  460.38400  411.03045  10.7%  30.7  126s
  7438  6898  436.11344   18  169  460.38400  411.03045  10.7%  30.6  130s
  7440  6899  455.95344  408  165  460.38400  411.03045  10.7%  30.6  138s
  7441  6900  440.00470  487  172  460.38400  411.03045  10.7%  30.6  140s
  7447  6904  436.07380  157  178  460.38400  411.03045  10.7%  30.6  146s
  7451  6907  450.49448  575  187  460.38400  411.07940  10.7%  30.6  150s
  7456  6910  441.34515  289  191  460.38400  411.25084  10.7%  30.6  155s
H 7456  6563                     458.6480000  411.25395  10.3%  30.6  155s
  7458  6564  437.17116  348  183  458.64800  411.45918  10.3%  30.6  162s
  7460  6566  453.20538  806  187  458.64800  411.57269  10.3%  30.6  166s
  7461  6566  433.08752  180  188  458.64800  411.61271  10.3%  30.6  171s
  7463  6568  439.13544  250  188  458.64800  411.61271  10.3%  30.5  179s
  7464  6571  411.61271   10  189  458.64800  411.61271  10.3%  31.7  181s
  7470  6579  411.61271   12  187  458.64800  411.61271  10.3%  32.1  185s
  7521  6600  411.62627   16  182  458.64800  411.61271  10.3%  33.4  191s
  7556  6604  411.85194   18  188  458.64800  411.61271  10.3%  34.8  195s
  7567  6604  427.87584   18  125  458.64800  411.61271  10.3%  35.0  200s
  7618  6604  419.60231   20  128  458.64800  411.61271  10.3%  36.0  205s
  7687  6598  418.59422   22  145  458.64800  411.61271  10.3%  37.0  210s
  7744  6594  412.19060   24  192  458.64800  411.61271  10.3%  37.8  218s
  7753  6597  423.91535   24  136  458.64800  411.61271  10.3%  37.9  221s
  7787  6597  436.86426   25  119  458.64800  411.61271  10.3%  38.5  227s
  7806  6595  412.24851   26  187  458.64800  411.61271  10.3%  38.8  231s
  7871  6605  421.77460   27  122  458.64800  412.25849  10.1%  40.2  235s
  7954  6618  412.35858   29  187  458.64800  412.31117  10.1%  41.6  240s
  8083  6639  412.43086   31  189  458.64800  412.39105  10.1%  43.6  248s
  8133  6647  431.34280   31  141  458.64800  412.43138  10.1%  44.0  250s
  8271  6686  412.57331   33  187  458.64800  412.56465  10.0%  45.4  255s
  8426  6789  412.64403   35  189  458.64800  412.64403  10.0%  47.3  261s
  8530  6854  412.77497   37  188  458.64800  412.77497  10.0%  48.6  266s
  8651  6926  432.83701   39  124  458.64800  412.89281  10.0%  50.2  271s
  8806  7078  412.98398   42  186  458.64800  412.98398  10.0%  51.7  276s
  9116  7227  413.02746   45  185  458.64800  413.02746  9.95%  53.3  282s
  9235  7377  413.04322   46  188  458.64800  413.04322  9.94%  53.9  285s
  9649  7592  413.10220   50  187  458.64800  413.10220  9.93%  55.4  291s
 10068  7888  413.25403   53  186  458.64800  413.25403  9.90%  56.5  297s
 10294  7979  431.96442   54  129  458.64800  413.29183  9.89%  57.1  301s
 10580  8115  413.35647   57  182  458.64800  413.35647  9.88%  58.0  307s
 10734  8371  413.40990   59  186  458.64800  413.40990  9.86%  58.7  310s
 11396  8742  413.55227   63  185  458.64800  413.55227  9.83%  59.6  317s
 11794  8764  413.61667   65  185  458.64800  413.61667  9.82%  59.9  320s
 12462  9346  413.76657   69  186  458.64800  413.76657  9.79%  60.7  328s
 12896  9449  413.79531   71  185  458.64800  413.79531  9.78%  60.9  332s
 13177  9825  413.84653   73  183  458.64800  413.84653  9.77%  61.4  336s
 13701  9864  413.88849   75  177  458.64800  413.88849  9.76%  61.5  341s
 13998 10053  413.91961   77  176  458.64800  413.91961  9.75%  62.1  345s
 14342 10225  430.20768   79  141  458.64800  413.99702  9.74%  62.6  350s
 14696 10411  436.92577   81  130  458.64800  414.04536  9.72%  62.9  358s
 15108 10714  414.10873   84  179  458.64800  414.10873  9.71%  63.5  363s
 15610 11280  430.33320   86  116  458.64800  414.16620  9.70%  63.8  368s
 16443 11224  418.99046   88  139  458.64800  414.23654  9.68%  62.8  371s
 17292 11425  414.33971   92  171  458.64800  414.33971  9.66%  63.2  378s
 17664 11656  414.42287   94  173  458.64800  414.42287  9.64%  63.6  381s
 18130 11801  414.53102   96  180  458.64800  414.53102  9.62%  63.7  385s
 19000 11995  414.67960  100  185  458.64800  414.67960  9.59%  64.1  392s
 19335 12150  414.72826  102  185  458.64800  414.72826  9.58%  64.7  396s
 19778 12310  414.75297  104  186  458.64800  414.75297  9.57%  65.1  400s
 20294 12673  430.44615  106  135  458.64800  414.85100  9.55%  65.5  405s
 21057 12439  414.86646  109  187  458.64800  414.86646  9.55%  65.3  410s
 21099 12990  414.87553  110  187  458.64800  414.87553  9.54%  65.5  415s
 21964 12980  414.97384  112  188  458.64800  414.97384  9.52%  64.9  420s
 23078 13497  415.23282  117  177  458.64800  415.23282  9.47%  64.8  429s
 23691 13979  415.42732  120  185  458.64800  415.42732  9.42%  64.7  434s
 24517 14439  415.46394  123  182  458.64800  415.46394  9.42%  64.2  440s
 25359 14593  415.51245  126  183  458.64800  415.51245  9.40%  63.8  446s
 25868 15123  415.61436  129  185  458.64800  415.61436  9.38%  63.8  452s
 26662 15502  415.71975  132  186  458.64800  415.71975  9.36%  63.5  459s
 27456 15803  415.81067  135  186  458.64800  415.81067  9.34%  63.4  466s
 28147 16260  415.90919  138  186  458.64800  415.90919  9.32%  63.7  473s
 28907 16841  416.00060  142  184  458.64800  416.00060  9.30%  64.0  481s
 29872 16842  456.88825  754  178  458.64800  416.06279  9.28%  63.9  689s
 29874 16843  448.96884  564  139  458.64800  416.06279  9.28%  63.9  695s
 29875 16844  445.75304   67  138  458.64800  416.06279  9.28%  63.9  711s
 29880 16847  453.47051  254  152  458.64800  416.06279  9.28%  63.9  715s
 29899 16860  452.45761  196  183  458.64800  416.06279  9.28%  63.8  722s
 29900 16861  442.74104  472  185  458.64800  416.06279  9.28%  63.8  738s
 29902 16862  445.10847   23  184  458.64800  416.06279  9.28%  63.8  746s
 29903 16863  440.25766  205  184  458.64800  416.06279  9.28%  63.8  754s
 29904 16863  450.37942  191  184  458.64800  416.06279  9.28%  63.8  761s
 29905 16864  453.75896  793  185  458.64800  416.06279  9.28%  63.8  777s
 29906 16865  447.84136  264  185  458.64800  416.06279  9.28%  63.8  785s
 29907 16865  445.90201   61  185  458.64800  416.06279  9.28%  63.8  805s
 29908 16869  416.06279   20  183  458.64800  416.06279  9.28%  64.1  836s
 29914 16877  416.06279   22  182  458.64800  416.06279  9.28%  64.2  840s
 29995 16903  427.95200   26  123  458.64800  416.06279  9.28%  64.6  846s
 30030 16908  419.48614   27  145  458.64800  416.06279  9.28%  64.8  850s
 30116 16917  416.06279   30  177  458.64800  416.06279  9.28%  65.2  855s
 30192 16924  416.06279   32  180  458.64800  416.06279  9.28%  65.5  860s
 30327 16934  434.53172   34  115  458.64800  416.06279  9.28%  66.1  866s
 30434 16938  416.06279   37  176  458.64800  416.06279  9.28%  66.4  871s
 30519 16938  416.06279   39  177  458.64800  416.06279  9.28%  66.5  875s
 30664 16927  416.06279   42  178  458.64800  416.06279  9.28%  66.8  881s
 30816 16924  416.06279   44  180  458.64800  416.06279  9.28%  67.1  886s
 30907 16938  416.06279   46  177  458.64800  416.06279  9.28%  67.3  890s
 31029 16998  416.06279   49  175  458.64800  416.06279  9.28%  67.7  896s
 31122 17046  416.06279   51  173  458.64800  416.06279  9.28%  68.0  900s
 31271 17143  416.06279   54  179  458.64800  416.06279  9.28%  68.4  906s
 31400 17192  416.06279   56  176  458.64800  416.06279  9.28%  68.6  910s
 31532 17248  416.06279   58  180  458.64800  416.06279  9.28%  68.9  915s
 31766 17338  425.73552   61  139  458.64800  416.06279  9.28%  69.3  923s
 31840 17383  416.06279   63  176  458.64800  416.06279  9.28%  69.5  926s
 32020 17508  416.06279   66  179  458.64800  416.06279  9.28%  69.8  932s
 32133 17569  437.66625   67  121  458.64800  416.06279  9.28%  70.0  936s
 32389 17644  416.06279   71  177  458.64800  416.06279  9.28%  70.3  943s
 32507 17636  416.06279   73  179  458.64800  416.06279  9.28%  70.5  948s
H32509 16783                     457.9040000  416.06279  9.14%  70.5  948s
 32589 16880  416.06279   74  179  457.90400  416.06279  9.14%  70.7  952s
 32741 17008  416.06279   76  180  457.90400  416.06279  9.14%  70.9  956s
 32940 17138  416.06279   78  181  457.90400  416.06279  9.14%  71.1  962s
 33150 17242  431.39186   79  131  457.90400  416.06279  9.14%  71.2  967s
 33381 17310  416.06279   81  185  457.90400  416.06279  9.14%  71.3  972s
 33559 17273  416.06279   83  181  457.90400  416.06279  9.14%  71.6  977s
 33586 17429  422.96119   83  130  457.90400  416.06279  9.14%  71.7  983s
 33801 17558  416.06279   85  179  457.90400  416.06279  9.14%  71.9  987s
 34048 17540  429.20223   87  119  457.90400  416.06279  9.14%  72.2  994s
 34138 17730  416.06279   88  181  457.90400  416.06279  9.14%  72.3 1001s
 34459 17903  416.06279   90  184  457.90400  416.06279  9.14%  72.5 1006s
 34836 18021  416.06279   93  180  457.90400  416.06279  9.14%  72.7 1012s
 35150 18258  416.06279   96  177  457.90400  416.06279  9.14%  73.1 1018s
 35626 18464  416.06279   99  181  457.90400  416.06279  9.14%  73.2 1024s
 36100 18733  416.06279  102  182  457.90400  416.06279  9.14%  73.4 1031s
 36659 19053  416.06279  106  179  457.90400  416.06279  9.14%  73.5 1037s
 37317 19080  416.06279  109  180  457.90400  416.06279  9.14%  73.5 1044s
 37685 19216  416.06279  113  176  457.90400  416.06279  9.14%  73.6 1052s
 38030 19607  416.06279  117  181  457.90400  416.06279  9.14%  73.8 1059s
 38771 19806  416.06279  121  179  457.90400  416.06279  9.14%  73.8 1066s
 39559 19923  416.06279  125  181  457.90400  416.06279  9.14%  74.0 1073s
 40384 20118  416.06279  129  180  457.90400  416.06279  9.14%  74.1 1080s
 41227 20682  416.06279  133  182  457.90400  416.06279  9.14%  74.1 1088s
 42336 21043  416.07884  137  178  457.90400  416.07884  9.13%  73.7 1096s
 43252 21724  416.14300  141  179  457.90400  416.14300  9.12%  73.6 1105s
 44529 22580  416.17981  145  179  457.90400  416.17981  9.11%  73.1 1117s
 46082 22562  416.27667  151  177  457.90400  416.27667  9.09%  72.7 1122s
 46906 22542  416.36100  154  177  457.90400  416.36100  9.07%  72.4 1128s
 47240 22850  416.36230  155  178  457.90400  416.36230  9.07%  72.3 1133s
 47859 23142  416.41676  158  182  457.90400  416.41676  9.06%  72.3 1138s
 48567 23536  416.45078  161  185  457.90400  416.45078  9.05%  72.1 1144s
 49417 24148  416.55326  164  180  457.90400  416.55326  9.03%  71.9 1150s
 50641 24473  416.60674  168  186  457.90400  416.60674  9.02%  71.5 1157s
 51811 24833  416.71265  171  181  457.90400  416.71265  9.00%  71.1 1163s
 53095 25033  416.89030  174  182  457.90400  416.89030  8.96%  70.5 1169s
 54046 25295  416.94111  177  179  457.90400  416.94111  8.95%  70.3 1174s
 55002 25770  417.04074  180  177  457.90400  417.04074  8.92%  70.0 1179s
 55990 26029  417.09456  183  180  457.90400  417.09456  8.91%  69.7 1183s
 56716 26344  417.27844  186  176  457.90400  417.27844  8.87%  69.6 1188s
 57475 26848  417.30732  189  181  457.90400  417.30732  8.87%  69.4 1194s
 58479 27141  417.35132  192  171  457.90400  417.35132  8.86%  69.1 1199s
 59328 28366  417.39280  195  169  457.90400  417.39280  8.85%  68.9 1211s
 61270 28577  417.58170  200  174  457.90400  417.58170  8.81%  68.4 1216s
 62273 28924  432.99158  202  123  457.90400  417.62745  8.80%  68.0 1220s
 64111 29627  417.68036  207  173  457.90400  417.68036  8.78%  67.4 1228s
 64840 30154  417.71881  209  171  457.90400  417.71881  8.78%  67.3 1233s
 65863 30738  417.86545  212  175  457.90400  417.86545  8.74%  66.8 1237s
 66940 31047  436.63763  214  119  457.90400  417.90726  8.73%  66.4 1241s
 67775 31396  417.90726  216  173  457.90400  417.90726  8.73%  66.1 1245s
 68501 31828  418.03332  218  176  457.90400  418.03332  8.71%  65.9 1250s
 69995 32559  418.16331  223  179  457.90400  418.16331  8.68%  65.5 1258s
 70756 33269  418.18998  225  182  457.90400  418.18998  8.67%  65.4 1262s
 71826 33861  418.21339  227  180  457.90400  418.21339  8.67%  64.9 1267s
 72882 34328  418.23012  229  179  457.90400  418.23012  8.66%  64.5 1271s
 73860 35230  418.24393  231  178  457.90400  418.24393  8.66%  64.2 1281s
 75457 35301  418.33921  235  178  457.90400  418.33921  8.64%  63.9 1286s
 76136 35649  418.39158  238  181  457.90400  418.39158  8.63%  63.8 1291s
 76881 36062  418.44488  241  180  457.90400  418.44488  8.62%  63.8 1296s
 77784 36459  418.48696  244  175  457.90400  418.48696  8.61%  63.7 1301s
 78802 37208  418.59245  247  179  457.90400  418.59245  8.59%  63.5 1306s
 79884 37756  434.08693  249  125  457.90400  418.68198  8.57%  63.2 1311s
 80644 38342  418.74515  252  180  457.90400  418.74515  8.55%  63.2 1316s
 81456 38736  418.77851  254  182  457.90400  418.77851  8.54%  63.1 1320s
 83025 39106  418.92806  260  180  457.90400  418.92806  8.51%  63.3 1328s
 83900 39809  418.99225  263  181  457.90400  418.99225  8.50%  63.2 1333s
 85025 40400  419.01040  266  181  457.90400  419.01040  8.49%  63.0 1337s
 85783 41107  419.23925  269  175  457.90400  419.23925  8.44%  62.8 1342s
 86574 42152  419.26446  271  173  457.90400  419.26446  8.44%  62.7 1347s
 87628 43326  419.36466  274  177  457.90400  419.36466  8.42%  62.4 1351s
 88852 45411  419.40121  276  174  457.90400  419.40121  8.41%  62.0 1361s
 91795 46814  419.51857  282  178  457.90400  419.51857  8.38%  61.2 1368s
 92674 47038  419.54783  284  182  457.90400  419.53347  8.38%  61.0 1372s
 93009 47526  441.19169  284  125  457.90400  419.56945  8.37%  61.0 1375s
 94444 49062  419.64121  288  180  457.90400  419.64121  8.36%  60.8 1383s
 95336 49931  419.67370  290  180  457.90400  419.67370  8.35%  60.6 1387s
 96361 50532  419.74532  292  179  457.90400  419.74532  8.33%  60.4 1391s
 97018 51161  419.77921  294  172  457.90400  419.77921  8.33%  60.2 1395s
 98297 52148  419.83296  298  176  457.90400  419.83296  8.31%  60.0 1403s
 98814 52677  419.89172  300  176  457.90400  419.89172  8.30%  60.0 1406s
 99429 53152  419.90930  302  173  457.90400  419.90930  8.30%  59.9 1410s
 100758 54356  419.95324  307  173  457.90400  419.95324  8.29%  59.7 1417s
 101288 55100  420.04744  309  170  457.90400  420.04744  8.27%  59.6 1421s
 102164 55676  420.06719  311  173  457.90400  420.06719  8.26%  59.4 1425s
 102907 56185  420.15874  313  171  457.90400  420.15874  8.24%  59.3 1430s
 103618 57015  420.18233  315  176  457.90400  420.18233  8.24%  59.3 1438s
 104897 57671  420.26815  318  175  457.90400  420.26815  8.22%  59.0 1442s
 105812 58405  420.31567  321  172  457.90400  420.31567  8.21%  58.9 1446s
 106609 59104  420.42175  324  172  457.90400  420.42175  8.19%  58.8 1451s
 107486 59930  420.44066  326  176  457.90400  420.44066  8.18%  58.8 1456s
 108383 60679  420.48550  328  175  457.90400  420.48550  8.17%  58.6 1461s
 109183 61208  420.50503  330  174  457.90400  420.50503  8.17%  58.5 1465s
 109832 61838  420.55110  333  177  457.90400  420.55110  8.16%  58.5 1470s
 110534 62660  420.57331  335  175  457.90400  420.57331  8.15%  58.4 1475s
 111412 63470  457.03625  337  114  457.90400  420.73794  8.12%  58.3 1480s
 112355 64403  420.77583  339  176  457.90400  420.77583  8.11%  58.2 1485s
 113469 65265  420.82276  342  176  457.90400  420.82276  8.10%  58.1 1491s
 114482 65896  438.14217  344  119  457.90400  420.87975  8.09%  58.0 1495s
 115376 66425  420.91709  347  177  457.90400  420.91709  8.08%  57.9 1500s
 116149 66945  445.51932  349  133  457.90400  420.94894  8.07%  58.0 1505s
 116892 67576  420.97885  351  176  457.90400  420.97885  8.06%  58.0 1510s
 118821 69358  421.06559  355  181  457.90400  421.06559  8.05%  57.8 1523s
 120527 69679  421.11658  358  176  457.90400  421.11658  8.03%  57.7 1527s
 120981 70188  421.18846  360  176  457.90400  421.18846  8.02%  57.7 1531s
 121704 70998  421.20112  362  178  457.90400  421.20112  8.02%  57.7 1535s
 123696 72502  421.26042  366  178  457.90400  421.26042  8.00%  57.5 1543s
 124402 73128  421.28158  367  182  457.90400  421.28158  8.00%  57.4 1547s
 125163 73782  421.31771  369  183  457.90400  421.31771  7.99%  57.4 1551s
 125944 74184  421.32870  371  183  457.90400  421.32870  7.99%  57.4 1555s
 126469 74754  421.39079  373  179  457.90400  421.39079  7.97%  57.4 1560s
 127996 76228  421.46877  377  174  457.90400  421.46877  7.96%  57.3 1568s
 128788 76922  438.33623  379  133  457.90400  421.63481  7.92%  57.2 1573s
 129505 77385  421.67480  381  182  457.90400  421.67480  7.91%  57.1 1577s
 130001 77971  421.74926  383  181  457.90400  421.74926  7.90%  57.1 1581s
 130676 78580  421.77041  385  179  457.90400  421.77041  7.89%  57.0 1585s
 131315 79242  421.81846  387  173  457.90400  421.81846  7.88%  57.0 1590s
 132025 79728  421.83254  389  176  457.90400  421.83254  7.88%  56.9 1595s
 133333 81485  426.48847  393  148  457.90400  421.91854  7.86%  56.9 1607s
 134573 82129  421.96512  397  176  457.90400  421.96512  7.85%  56.8 1612s
 135320 82194  421.98421  399  175  457.90400  421.98421  7.84%  56.8 1617s
 135521 82780  422.00064  400  177  457.90400  422.00064  7.84%  56.8 1622s
 136300 83245  422.01516  403  174  457.90400  422.01516  7.84%  56.8 1627s
 136961 83997  422.05412  406  172  457.90400  422.05412  7.83%  56.8 1632s
 137822 84706  422.12083  409  176  457.90400  422.12083  7.81%  56.8 1638s
 138725 85189  422.17781  412  173  457.90400  422.17781  7.80%  56.8 1644s
 139615 85405  422.26142  415  173  457.90400  422.26142  7.78%  56.9 1649s
 139851 85724  422.30570  417  175  457.90400  422.30570  7.77%  56.9 1654s
 140432 86097  422.32803  419  180  457.90400  422.32803  7.77%  56.9 1662s
 141186 86521  422.40370  422  173  457.90400  422.40370  7.75%  57.0 1668s
 142036 87213  422.49822  425  179  457.90400  422.49822  7.73%  57.0 1673s
 142940 88126  422.57474  428  176  457.90400  422.57474  7.72%  57.0 1679s
 143991 89056  422.60187  431  174  457.90400  422.60187  7.71%  56.9 1685s
 145012 89151  422.62659  434  180  457.90400  422.62659  7.70%  56.9 1691s
 145185 89528  422.63291  436  180  457.90400  422.63291  7.70%  56.9 1696s
 145721 90218  423.01113  439  180  457.90400  423.01113  7.62%  56.9 1702s
 146476 90992  423.04966  442  179  457.90400  423.04966  7.61%  56.9 1708s
 147398 91834  423.07732  445  179  457.90400  423.07732  7.61%  56.9 1714s
 148385 92869  423.17437  448  177  457.90400  423.17437  7.58%  56.9 1721s
 149570 93713  423.21298  451  174  457.90400  423.21298  7.58%  56.8 1726s
 150495 94459  423.26654  453  181  457.90400  423.26654  7.56%  56.7 1730s
 151319 95529  423.29832  456  177  457.90400  423.29832  7.56%  56.7 1735s
 152455 96809  423.33002  458  179  457.90400  423.33002  7.55%  56.5 1741s
 153806 97614  423.37720  460  179  457.90400  423.37720  7.54%  56.4 1745s
 155382 98935  423.42916  464  180  457.90400  423.42916  7.53%  56.3 1753s
 156129 99453  423.46059  466  175  457.90400  423.46059  7.52%  56.2 1757s
 156753 99986  423.53912  468  176  457.90400  423.53912  7.50%  56.3 1761s
 157321 100566  423.56339  470  175  457.90400  423.56339  7.50%  56.3 1766s
 157955 101113  423.58933  472  174  457.90400  423.58933  7.49%  56.3 1770s
 158644 101417  423.62545  474  168  457.90400  423.62545  7.49%  56.3 1775s
 159968 102538  423.67683  478  173  457.90400  423.67683  7.47%  56.3 1784s
 160636 102879  423.69873  481  169  457.90400  423.69873  7.47%  56.4 1788s
 161184 103401  423.72163  483  171  457.90400  423.72163  7.46%  56.5 1792s
 161909 103915  423.73812  485  173  457.90400  423.73812  7.46%  56.5 1798s
 162752 104478  423.89045  488  165  457.90400  423.89045  7.43%  56.5 1802s
 163382 105224  423.93748  491  175  457.90400  423.93748  7.42%  56.5 1810s
 164331 105973  423.99910  494  173  457.90400  423.99910  7.40%  56.6 1816s
 165308 106488  424.06539  497  168  457.90400  424.06539  7.39%  56.6 1820s
 165974 106920  424.15578  500  174  457.90400  424.15578  7.37%  56.6 1825s
 166710 107431  424.19757  503  172  457.90400  424.19757  7.36%  56.7 1831s
 167429 108283  424.21462  506  171  457.90400  424.21462  7.36%  56.8 1837s
 168450 109042  424.23680  509  171  457.90400  424.23325  7.35%  56.8 1843s
 169398 109746  424.30269  511  175  457.90400  424.30269  7.34%  56.7 1848s
 170323 110410  424.33458  514  171  457.90400  424.33458  7.33%  56.7 1853s
 171230 111057  424.34943  516  176  457.90400  424.34943  7.33%  56.7 1858s
*172061 111055             200     457.8640000  424.35708  7.32%  56.8 1858s
 172297 111156  424.37010  519  173  457.86400  424.37010  7.32%  56.8 1863s
 172713 111409  424.39948  520  169  457.86400  424.39948  7.31%  56.8 1867s
 173111 111840  424.45061  523  175  457.86400  424.41860  7.30%  56.9 1872s
 173827 112252  424.48718  526  168  457.86400  424.41860  7.30%  57.0 1876s
 174543 112935  424.53611  528  171  457.86400  424.41860  7.30%  57.1 1882s
 175612 113234  424.60757  531  170  457.86400  424.45341  7.30%  57.1 1887s
 176261 113661  424.63927  534  168  457.86400  424.48919  7.29%  57.1 1892s
 176880 114150  424.66258  535  170  457.86400  424.52101  7.28%  57.2 1897s
 177588 114812  424.74099  538  176  457.86400  424.52101  7.28%  57.2 1902s
 178320 115521  424.79127  541  174  457.86400  424.52101  7.28%  57.2 1910s
 179292 116199  424.83449  544  169  457.86400  424.52101  7.28%  57.2 1915s
 180131 116827  424.90506  547  175  457.86400  424.52101  7.28%  57.2 1920s
 180932 117559  424.93150  550  172  457.86400  424.52101  7.28%  57.2 1925s
 181801 118456  424.95473  553  173  457.86400  424.57851  7.27%  57.2 1930s
 182875 119336  424.99781  556  173  457.86400  424.57851  7.27%  57.2 1936s
 184015 119950  425.01875  559  176  457.86400  424.57851  7.27%  57.1 1941s
 184823 120592  425.05173  562  170  457.86400  424.57851  7.27%  57.1 1945s
 185735 120876  425.09667  565  174  457.86400  424.57851  7.27%  57.1 1950s
 186209 121445  425.12335  568  171  457.86400  424.72332  7.24%  57.1 1955s
 186997 122089  447.09516  568  121  457.86400  424.75405  7.23%  57.1 1960s
 187875 122949  425.19016  571  171  457.86400  424.75405  7.23%  57.1 1965s
 189110 123934  425.26281  574  174  457.86400  424.75405  7.23%  57.0 1970s
 190218 125020  442.11151  576  109  457.86400  424.82711  7.22%  57.0 1975s
 191454 125601  425.28297  579  172  457.86400  424.83211  7.21%  56.9 1980s
 193154 127471  425.39368  584  169  457.86400  424.83211  7.21%  56.9 1992s
 194305 128329  425.43967  587  169  457.86400  424.87980  7.20%  56.8 1996s
 195234 129422  425.46110  590  172  457.86400  424.94703  7.19%  56.8 2002s
 196507 129768  425.47293  592  173  457.86400  424.99744  7.18%  56.7 2005s
 198046 130969  425.50700  596  167  457.86400  425.04606  7.17%  56.7 2013s
 198965 131567  425.53620  598  165  457.86400  425.08269  7.16%  56.7 2017s
 199705 131984  425.54418  600  166  457.86400  425.10598  7.15%  56.7 2021s
 200200 132625  425.55705  602  162  457.86400  425.10598  7.15%  56.7 2025s
 201806 133797  425.61126  607  163  457.86400  425.18196  7.14%  56.7 2033s
 202598 134492  425.64257  610  166  457.86400  425.22913  7.13%  56.7 2037s
 203425 135169  425.66207  612  168  457.86400  425.23094  7.13%  56.7 2041s
 204319 135885  425.67879  614  163  457.86400  425.26158  7.12%  56.7 2046s
 205152 136113  425.71964  616  172  457.86400  425.27533  7.12%  56.6 2050s
 205829 136915  425.80540  621  167  457.86400  425.29342  7.11%  56.7 2058s
 206533 137751  425.82954  624  167  457.86400  425.30158  7.11%  56.7 2063s
 207554 138523  425.86161  627  171  457.86400  425.34571  7.10%  56.7 2068s
 208491 139351  425.89696  630  169  457.86400  425.41682  7.09%  56.7 2075s
 209537 140141  425.94257  634  169  457.86400  425.42544  7.08%  56.7 2080s
 211355 141312  426.00524  640  167  457.86400  425.47469  7.07%  56.7 2089s
 212126 141966  426.04334  642  172  457.86400  425.47469  7.07%  56.7 2094s
 212976 142431  426.06542  645  167  457.86400  425.53179  7.06%  56.7 2098s
 213614 143105  426.07999  648  166  457.86400  425.54853  7.06%  56.7 2103s
 214366 144263  426.09632  650  169  457.86400  425.54853  7.06%  56.7 2108s
 215638 145012  426.12542  653  167  457.86400  425.59335  7.05%  56.7 2113s
 216554 145876  426.14690  656  166  457.86400  425.61836  7.04%  56.7 2117s
 217522 147044  426.17719  658  165  457.86400  425.64571  7.04%  56.6 2123s
 218800 147827  426.23858  660  166  457.86400  425.68847  7.03%  56.6 2128s
 219739 148921  426.26645  662  167  457.86400  425.68847  7.03%  56.5 2133s
 220947 149405  426.31357  664  171  457.86400  425.69993  7.02%  56.4 2136s
 221484 149716  444.61899  666  128  457.86400  425.69993  7.02%  56.4 2140s
 222394 150375  426.39065  670  172  457.86400  425.74330  7.02%  56.5 2147s
 222891 150892  426.42645  673  166  457.86400  425.74330  7.02%  56.5 2152s
 223592 151610  426.48196  676  170  457.86400  425.74330  7.02%  56.5 2159s
 224495 151960  426.52330  679  176  457.86400  425.77062  7.01%  56.5 2164s
 225084 152456  426.53554  682  170  457.86400  425.77062  7.01%  56.6 2169s
 225754 153170  426.57749  686  169  457.86400  425.77741  7.01%  56.6 2176s
 226714 153860  426.62679  689  169  457.86400  425.77741  7.01%  56.6 2182s
 227804 154656  426.70032  692  171  457.86400  425.77741  7.01%  56.6 2187s
 228806 155346  426.75563  695  172  457.86400  425.84338  6.99%  56.6 2193s
 229684 155990  426.79975  698  169  457.86400  425.84680  6.99%  56.6 2198s
 230480 156897  426.89338  701  175  457.86400  425.84680  6.99%  56.6 2204s
 231649 157594  426.93835  705  171  457.86400  425.84680  6.99%  56.6 2210s
 232671 158420  441.64419  708  125  457.86400  425.84680  6.99%  56.6 2216s
 233591 159234  427.06900  711  170  457.86400  425.90455  6.98%  56.6 2221s
 234488 159909  427.13443  714  171  457.86400  425.90455  6.98%  56.5 2226s
 235270 160671  427.15206  716  173  457.86400  425.93704  6.97%  56.5 2231s
 236305 161125  427.17393  719  175  457.86400  425.94592  6.97%  56.5 2236s
 237174 161989  427.19052  722  175  457.86400  425.98192  6.96%  56.5 2241s
 238193 163229  427.20879  725  175  457.86400  425.99215  6.96%  56.5 2249s
 239557 163745  427.27454  728  174  457.86400  426.00443  6.96%  56.4 2253s
 240115 164590  427.27961  729  174  457.86400  426.00443  6.96%  56.4 2257s
 241049 165448  427.29448  731  172  457.86400  426.00493  6.96%  56.4 2262s
 242090 166085  427.31436  734  176  457.86400  426.02119  6.95%  56.3 2265s
 242897 166661  427.32585  736  172  457.86400  426.05445  6.95%  56.3 2270s
 244040 167346  427.38041  741  172  457.86400  426.11942  6.93%  56.4 2278s
 244457 167956  427.42576  744  174  457.86400  426.12414  6.93%  56.4 2282s
 245186 168982  427.47760  746  178  457.86400  426.15820  6.92%  56.4 2286s
 246258 169864  427.49967  749  178  457.86400  426.16863  6.92%  56.3 2292s
 247306 170573  427.59439  751  176  457.86400  426.16987  6.92%  56.3 2296s
 248204 171222  427.61803  753  180  457.86400  426.16987  6.92%  56.3 2301s
 249052 171833  447.29239  755  139  457.86400  426.16987  6.92%  56.3 2305s
 250685 173103  427.74989  760  175  457.86400  426.23353  6.91%  56.3 2313s
 251416 173905  427.78543  762  176  457.86400  426.25184  6.90%  56.3 2318s
 252355 174841  427.80309  764  180  457.86400  426.25184  6.90%  56.2 2323s
 253421 175792  427.83054  766  177  457.86400  426.25184  6.90%  56.2 2331s
 254734 176125  427.87595  769  181  457.86400  426.26916  6.90%  56.2 2335s
 255854 177073  427.98342  773  175  457.86400  426.32370  6.89%  56.2 2343s
 256521 178026  428.01949  776  178  457.86400  426.32370  6.89%  56.2 2349s
 257592 178776  428.06749  779  179  457.86400  426.34608  6.88%  56.2 2354s
 258646 179277  428.08912  782  181  457.86400  426.36354  6.88%  56.2 2359s
 259345 179783  428.14192  785  179  457.86400  426.36354  6.88%  56.2 2365s
 260389 180321  428.20050  790  177  457.86400  426.39696  6.87%  56.3 2374s
 260707 180795  428.24080  793  175  457.86400  426.41228  6.87%  56.3 2378s
 261345 181535  428.25403  796  177  457.86400  426.42134  6.87%  56.4 2384s
 262198 181910  428.28054  799  177  457.86400  426.42134  6.87%  56.4 2389s
 262722 182378  428.33330  801  182  457.86400  426.43137  6.87%  56.4 2395s
 263320 182977  428.35648  804  179  457.86400  426.44697  6.86%  56.4 2401s
 264008 183344  440.57553  807  133  457.86400  426.46198  6.86%  56.5 2406s
 264661 183568  428.43772  810  180  457.86400  426.46198  6.86%  56.6 2412s
 265245 183743  428.47029  812  183  457.86400  426.47626  6.86%  56.6 2417s
 265497 183986  428.49506  815  181  457.86400  426.48434  6.85%  56.7 2422s
 265781 184361  428.53093  818  179  457.86400  426.48434  6.85%  56.8 2427s
 266201 184931  428.55845  821  177  457.86400  426.48434  6.85%  56.8 2434s
 266824 185278  428.58640  825  174  457.86400  426.48434  6.85%  56.8 2440s
 267305 185577  428.66703  829  175  457.86400  426.48516  6.85%  56.9 2446s
 267720 185865  428.72201  832  177  457.86400  426.49175  6.85%  57.0 2453s
 268124 186261  444.63726  834  137  457.86400  426.49241  6.85%  57.0 2460s
 268584 187189  428.76187  836  176  457.86400  426.49241  6.85%  57.0 2469s
 269692 187915  428.82174  841  178  457.86400  426.49241  6.85%  57.1 2478s
 270550 188467  428.86203  844  179  457.86400  426.49241  6.85%  57.1 2486s
 271384 188938  428.98780  848  175  457.86400  426.49241  6.85%  57.1 2494s
 272008 189442  429.03540  853  180  457.86400  426.53909  6.84%  57.2 2503s
 272791 189881  429.06101  858  176  457.86400  426.55016  6.84%  57.3 2511s
 273671 190486  429.08305  863  176  457.86400  426.57096  6.83%  57.4 2519s
 274627 191347  429.13711  869  176  457.86400  426.59056  6.83%  57.5 2527s
 275845 192003     cutoff  873       457.86400  426.59056  6.83%  57.6 2535s
 276782 192856  429.20880  878  176  457.86400  426.59056  6.83%  57.6 2543s
 277945 193253  429.23552  882  174  457.86400  426.59056  6.83%  57.7 2550s
 278623 193754  429.30754  887  178  457.86400  426.63625  6.82%  57.8 2557s
 279449 194261  429.36763  891  173  457.86400  426.63625  6.82%  57.8 2565s
 280478 194974  429.41984  895  171  457.86400  426.66078  6.81%  57.9 2573s
 281612 195278  429.45530  899  178  457.86400  426.70181  6.81%  58.0 2581s
 282193 195559  429.49056  902  167  457.86400  426.72154  6.80%  58.0 2588s
 283103 195907  429.53137  906  170  457.86400  426.72154  6.80%  58.1 2595s
 283672 196310  429.57074  909  175  457.86400  426.76534  6.79%  58.1 2604s
 284360 197284  429.60372  913  174  457.86400  426.79364  6.79%  58.2 2613s
 285628 198023  429.67289  919  173  457.86400  426.80090  6.78%  58.3 2621s
 286677 198715  429.70329  923  172  457.86400  426.80283  6.78%  58.3 2628s
 287744 199219  429.74256  927  172  457.86400  426.80283  6.78%  58.4 2634s
 288602 199583  447.86982  931  117  457.86400  426.87920  6.77%  58.4 2640s
 289211 200424  429.77682  935  169  457.86400  426.89793  6.76%  58.5 2647s
 290281 201195  429.82378  940  168  457.86400  426.91455  6.76%  58.5 2654s
 291259 201995  429.86308  944  174  457.86400  426.91755  6.76%  58.6 2661s
 292234 202607  429.90497  948  172  457.86400  426.98200  6.74%  58.6 2668s
 293070 203063  429.93045  952  175  457.86400  427.00862  6.74%  58.6 2674s
 293827 203530  429.99596  957  175  457.86400  427.01941  6.74%  58.7 2680s

Cutting planes:
  MIR: 21
  Flow cover: 122

Explored 295034 nodes (17340680 simplex iterations) in 2682.68 seconds (6083.15 work units)
Thread count was 8 (of 40 available processors)

Solution count 10: 457.864 457.904 458.648 ... 493.16

Time limit reached
Best objective 4.578640000000e+02, best bound 4.270652068823e+02, gap 6.7266%

User-callback calls 969575, time in user-callback 3.02 sec
