usage: exact_pricer_expanded.py [-h]
                                [--inherit-max-columns INHERIT_MAX_COLUMNS]
                                [--inherit-time-limit-s INHERIT_TIME_LIMIT_S]
                                --csv CSV [--prices_csv PRICES_CSV]
                                [--soc-step SOC_STEP] [--block-min BLOCK_MIN]
                                [--time-model {uniform,event}]
                                [--event-arc-mode {lazy,explicit}]
                                [--fixed-sequence-index]
                                [--event-network-cache EVENT_NETWORK_CACHE]
                                [--event-network-cache-mode {build-or-load,require}]
                                [--event-network-cache-only]
                                [--skip-gurobi-incidence]
                                [--max-iters MAX_ITERS]
                                [--columns_per_iter COLUMNS_PER_ITER]
                                [--column-selection {reduced_cost,complementary}]
                                [--column-diversity-weight COLUMN_DIVERSITY_WEIGHT]
                                [--column-candidate-multiplier COLUMN_CANDIDATE_MULTIPLIER]
                                [--rc-eps RC_EPS]
                                [--master-sense {partition,cover}]
                                [--master-backend {gurobi,scipy}]
                                [--gurobi-log GUROBI_LOG]
                                [--initial-pool {singletons,artificial}]
                                [--validated-seed-routes VALIDATED_SEED_ROUTES]
                                [--inherit-event-pool-from INHERIT_EVENT_POOL_FROM]
                                [--inherit-event-pool-workers INHERIT_EVENT_POOL_WORKERS]
                                [--augmentation-label {GIRO-AUGMENTED,GIRO40-AUGMENTED}]
                                [--strict-tariff-coverage]
                                [--stall-window-min STALL_WINDOW_MIN]
                                [--stall-rc-frac STALL_RC_FRAC]
                                [--stall-obj-frac STALL_OBJ_FRAC]
                                [--wall-limit-s WALL_LIMIT_S]
                                [--checkpoint-every CHECKPOINT_EVERY]
                                [--g-kwh G_KWH] [--charge-kw CHARGE_KW]
                                [--min-soc-frac MIN_SOC_FRAC]
                                [--diversify-rounds DIVERSIFY_ROUNDS]
                                [--diversify-delta DIVERSIFY_DELTA]
                                [--snapshot-at-minutes SNAPSHOT_AT_MINUTES]
                                [--phase-telemetry PHASE_TELEMETRY] [--resume]
                                [--out OUT]
exact_pricer_expanded.py: error: --event-network-cache-only does not use --out
