
Gurobi 12.0.3 (linux64) logging started Tue Sep 22 00:35:44 2026

Set parameter LogFile to value "/home/nc437/ladder-lite/strict_packed_successors_20260921/w5_k19_18E2/mip/668434_r0/result.json.gurobi.log"
Set parameter Threads to value 8
Set parameter MIPGap to value 0.0001
Set parameter TimeLimit to value 1800
Gurobi Optimizer version 12.0.3 build v12.0.3rc0 (linux64 - "Ubuntu 24.04.4 LTS")

CPU model: Intel(R) Xeon(R) CPU           E5440  @ 2.83GHz, instruction set [SSE2]
Thread count: 8 physical cores, 8 logical processors, using up to 8 threads

Non-default parameters:
TimeLimit  1800
Threads  8

Optimize a model with 331 rows, 8397 columns and 246671 nonzeros
Model fingerprint: 0x015f264b
Variable types: 0 continuous, 8397 integer (8397 binary)
Coefficient statistics:
  Matrix range     [1e+00, 1e+00]
  Objective range  [1e+00, 1e+00]
  Bounds range     [1e+00, 1e+00]
  RHS range        [1e+00, 1e+00]
Found heuristic solution: objective 81.0000000
Presolve removed 54 rows and 645 columns
Presolve time: 0.62s
Presolved: 277 rows, 7752 columns, 239436 nonzeros
Variable types: 0 continuous, 7752 integer (7752 binary)

Root relaxation: objective 6.400000e+01, 1806 iterations, 0.85 seconds (0.83 work units)

    Nodes    |    Current Node    |     Objective Bounds      |     Work
 Expl Unexpl |  Obj  Depth IntInf | Incumbent    BestBd   Gap | It/Node Time

     0     0   64.00000    0  104   81.00000   64.00000  21.0%     -    3s
H    0     0                      77.0000000   64.00000  16.9%     -    3s
H    0     0                      75.0000000   64.00000  14.7%     -    3s
H    0     0                      70.0000000   64.00000  8.57%     -    3s
H    0     0                      69.0000000   64.00000  7.25%     -    3s
H    0     0                      68.0000000   64.00000  5.88%     -    3s
     0     0   64.00000    0  115   68.00000   64.00000  5.88%     -    7s
     0     0   64.00000    0  107   68.00000   64.00000  5.88%     -   15s
     0     0   64.00000    0  100   68.00000   64.00000  5.88%     -   17s
     0     0   64.00000    0   90   68.00000   64.00000  5.88%     -   18s
     0     0   64.00000    0   98   68.00000   64.00000  5.88%     -   21s
     0     0   64.00000    0   97   68.00000   64.00000  5.88%     -   22s
     0     0   64.00000    0   99   68.00000   64.00000  5.88%     -   25s
     0     0   64.00000    0   99   68.00000   64.00000  5.88%     -   27s
     0     2   64.00000    0   99   68.00000   64.00000  5.88%     -   33s
    23    44   64.00000    5  168   68.00000   64.00000  5.88%   555   37s
   122   131   64.00000   16  139   68.00000   64.00000  5.88%   432   43s
H  127   131                      67.0000000   64.00000  4.48%   426   43s
   130   175   64.00000   17  139   67.00000   64.00000  4.48%   425   47s
   174   328   64.00000   18  123   67.00000   64.00000  4.48%   357   51s
   327   462   64.00000   19  126   67.00000   64.00000  4.48%   274   56s
   461   897   64.00000   32  158   67.00000   64.00000  4.48%   260   67s
   896  1195   64.00000   60  137   67.00000   64.00000  4.48%   207   77s
  1194  2248   64.00000   61  134   67.00000   64.00000  4.48%   171   89s
  2247  3104   64.00000   86  109   67.00000   64.00000  4.48%   134   97s
  3103  3844   64.00000  124  133   67.00000   64.00000  4.48%   125  104s
  3843  4548   64.00000  156  140   67.00000   64.00000  4.48%   119  109s
  4547  4743   64.00000  185  133   67.00000   64.00000  4.48%   115  115s
  4748  5124   64.00000  202  130   67.00000   64.00000  4.48%   117  120s
  5129  5132   64.00000  216  146   67.00000   64.00000  4.48%   117  127s
H 5135  4110                      66.0000000   64.00000  3.03%   117  127s
  5137  4795   64.00000  217  144   66.00000   64.00000  3.03%   117  133s
  5834  5533   64.00000  241  131   66.00000   64.00000  3.03%   113  138s
  6572  6269   64.00000  267  140   66.00000   64.00000  3.03%   108  143s
  7323  6270   64.54732  501   99   66.00000   64.00000  3.03%   104  145s
  7325  6271   64.50170  445  104   66.00000   64.00000  3.03%   104  151s
  7326  6272   64.38598  265  116   66.00000   64.00000  3.03%   104  160s
  7328  6273   64.68299  888   93   66.00000   64.00000  3.03%   104  167s
  7330  6275   64.35362  236   96   66.00000   64.00000  3.03%   104  171s
H 7331  5961                      65.0000000   64.00000  1.54%   104  174s
  7332  5962   64.31405  256  100   65.00000   64.00000  1.54%   104  175s
  7336  5965   64.09538  159  102   65.00000   64.00000  1.54%   104  180s
  7340  5967   64.78251  207   97   65.00000   64.00000  1.54%   104  186s
  7343  5971   64.61856  673   99   65.00000   64.00000  1.54%   107  191s
  7345  5972   64.47500   50  132   65.00000   64.00000  1.54%   107  196s
  7346  5973   64.95512  318  130   65.00000   64.00000  1.54%   107  206s
  7349  5975   64.68823  151  111   65.00000   64.00000  1.54%   107  211s
  7353  5979   64.01948  302   99   65.00000   64.00000  1.54%   5.8  215s
  7356  5981   64.24638  335  106   65.00000   64.00000  1.54%   5.8  224s
  7357  5982   64.57301  739  117   65.00000   64.00000  1.54%   5.8  226s
  7362  5985   64.00000  252  102   65.00000   64.00000  1.54%   5.8  230s
  7367  5991   64.00000   40  113   65.00000   64.00000  1.54%   7.7  235s
  7440  6006   64.00000   47  129   65.00000   64.00000  1.54%  10.7  241s
  7599  6025   64.00000   50  115   65.00000   64.00000  1.54%  16.1  246s
  7878  6024   64.00000   62  120   65.00000   64.00000  1.54%  26.2  251s
  8065  6083   64.00000   72  146   65.00000   64.00000  1.54%  31.3  255s
  8374  6148   64.00000   86  135   65.00000   64.00000  1.54%  37.9  261s
  8792  6022   64.00000  104  151   65.00000   64.00000  1.54%  45.7  267s
  9338  5810 infeasible  129        65.00000   64.00000  1.54%  56.9  274s
  9446  5821   64.00000  134  120   65.00000   64.00000  1.54%  59.5  282s
  9821  5635   64.00000  161  128   65.00000   64.00000  1.54%  64.7  288s
 10092  5527   64.00000  173  142   65.00000   64.00000  1.54%  69.1  295s
 10774  5303   64.00000   81  110   65.00000   64.00000  1.54%  77.5  301s
 11360  5192 infeasible  159        65.00000   64.00000  1.54%  86.6  308s
 11837  5104   64.00000   45  123   65.00000   64.00000  1.54%  93.5  314s
 12002  5125   64.00000   88  131   65.00000   64.00000  1.54%  95.4  321s
 12495  4953   64.00000  110  131   65.00000   64.00000  1.54%   102  327s
 12981  4867 infeasible  233        65.00000   64.00000  1.54%   110  334s
 13268  4711 infeasible  336        65.00000   64.00000  1.54%   113  341s
 13694  4915 infeasible  356        65.00000   64.00000  1.54%   119  347s
 14144  5149   64.00000  135  106   65.00000   64.00000  1.54%   121  355s
 15160  4965 infeasible  382        65.00000   64.00000  1.54%   128  366s
 15821  4840 infeasible  227        65.00000   64.00000  1.54%   135  372s
 16579  4442 infeasible  167        65.00000   64.00000  1.54%   141  377s
 17091  4147 infeasible  118        65.00000   64.00000  1.54%   147  382s
 17419  3976   64.00000  230  121   65.00000   64.00000  1.54%   152  388s
 18145  3392 infeasible  161        65.00000   64.00000  1.54%   158  395s
 18781  3045   64.00000  100  121   65.00000   64.00000  1.54%   165  402s
 19205  2551 infeasible  273        65.00000   64.00000  1.54%   169  408s
 19711  2406 infeasible  334        65.00000   64.00000  1.54%   175  413s
 20146  2161 infeasible  140        65.00000   64.00000  1.54%   178  418s
 20260  2114 infeasible   90        65.00000   64.00000  1.54%   180  423s
 20624  1740 infeasible  171        65.00000   64.00000  1.54%   182  428s
 21006  1674 infeasible  199        65.00000   64.00000  1.54%   187  434s
 21121  2052 infeasible  210        65.00000   64.00000  1.54%   187  440s
 21590  2159   64.00000   88   98   65.00000   64.00000  1.54%   186  447s
 21868  2444   64.00000   89  113   65.00000   64.00000  1.54%   185  454s
 22251  3501   64.00000  104  109   65.00000   64.00000  1.54%   183  462s
 23582  3402 infeasible  256        65.00000   64.00000  1.54%   180  469s
 24027  3921   64.00000   71  125   65.00000   64.00000  1.54%   181  476s
 24892  3998 infeasible  119        65.00000   64.00000  1.54%   182  483s
 25593  4710   64.00000  197  126   65.00000   64.00000  1.54%   185  490s
 26555  4708   64.00000  341  123   65.00000   64.00000  1.54%   184  497s
 26641  5508   64.00000  354  156   65.00000   64.00000  1.54%   185  506s
 27691  5955 infeasible  530        65.00000   64.00000  1.54%   186  515s
 28354  6519 infeasible  254        65.00000   64.00000  1.54%   188  525s
 29305  7186   64.00000  214  140   65.00000   64.00000  1.54%   191  533s
 30040  8691   64.00000  337  130   65.00000   64.00000  1.54%   190  614s
 31775  8972   64.00000  586  135   65.00000   64.00000  1.54%   189  619s
 32170  9449 infeasible  636        65.00000   64.00000  1.54%   189  624s
 32837  9455   64.00000  695  160   65.00000   64.00000  1.54%   190  630s
 32949  9647   64.00000  712  170   65.00000   64.00000  1.54%   191  637s
 33257 10063   64.00000  133  122   65.00000   64.00000  1.54%   191  645s
 33853 10575   64.00000  222  101   65.00000   64.00000  1.54%   192  651s
 34580 11210   64.00000  316  141   65.00000   64.00000  1.54%   193  659s
 35473 11460   64.00000  479  138   65.00000   64.00000  1.54%   194  665s
 35809 11803   64.00000  519  149   65.00000   64.00000  1.54%   194  673s
 36504 12477   64.00000  641  138   65.00000   64.00000  1.54%   197  680s
 37454 13285 infeasible  758        65.00000   64.00000  1.54%   198  688s
 38522 14372   64.00000  288  121   65.00000   64.00000  1.54%   198  695s
 39737 14452   64.00000  448  126   65.00000   64.00000  1.54%   198  702s
 39825 15046   64.00000  487  127   65.00000   64.00000  1.54%   198  709s
 40523 15666 infeasible   87        65.00000   64.00000  1.54%   197  716s
 41415 16148   64.00000  333  114   65.00000   64.00000  1.54%   198  722s
 42052 16993   64.00000  440  144   65.00000   64.00000  1.54%   198  730s
 43095 17137   64.00000  598  137   65.00000   64.00000  1.54%   198  736s
 43367 17651   64.00000  285  130   65.00000   64.00000  1.54%   199  743s
 44083 18226   64.00000  369  133   65.00000   64.00000  1.54%   199  751s
 44850 19229   64.00000  515  143   65.00000   64.00000  1.54%   199  765s
 45947 19849   64.00000  620  154   65.00000   64.00000  1.54%   199  771s
 46809 20193   64.00000   78  122   65.00000   64.00000  1.54%   199  778s
 47521 20390   64.00000  326  122   65.00000   64.00000  1.54%   200  785s
 47878 20968   64.00000  395  120   65.00000   64.00000  1.54%   201  792s
 48534 21715 infeasible  350        65.00000   64.00000  1.54%   201  800s
 49525 22366   64.00000  263  120   65.00000   64.00000  1.54%   201  808s
 50434 22624   64.00000  403  143   65.00000   64.00000  1.54%   202  815s
 51124 22590 infeasible  201        65.00000   64.00000  1.54%   205  822s
 51236 23096 infeasible  137        65.00000   64.00000  1.54%   205  830s
 51960 23620   64.00000  444  145   65.00000   64.00000  1.54%   206  838s
 52548 23800   64.00000  593  136   65.00000   64.00000  1.54%   206  846s
 52789 23882   64.00000  594  151   65.00000   64.00000  1.54%   206  854s
 52929 24658   64.00000  603  142   65.00000   64.00000  1.54%   206  863s
 53871 25150   64.00000  382  132   65.00000   64.00000  1.54%   206  871s
 54587 26043 infeasible  372        65.00000   64.00000  1.54%   206  882s
 55828 26334 infeasible  401        65.00000   64.00000  1.54%   207  891s
 56343 27415   64.00000  118  122   65.00000   64.00000  1.54%   207  899s
 57496 28285 infeasible  345        65.00000   64.00000  1.54%   206  908s
 58666 28592   64.00000  335  118   65.00000   64.00000  1.54%   207  916s
 59453 28899   64.00000  499  101   65.00000   64.00000  1.54%   208  928s
 60016 29646   64.00000  601  126   65.00000   64.00000  1.54%   209  941s
 61441 30474 infeasible  460        65.00000   64.00000  1.54%   211  950s
 62543 30524 infeasible  330        65.00000   64.00000  1.54%   212  958s
 62677 30969   64.00000   94  127   65.00000   64.00000  1.54%   212  966s
 63384 31208   64.00000  196  103   65.00000   64.00000  1.54%   213  977s
 63853 31408   64.00000  285  128   65.00000   64.00000  1.54%   214  984s
 64099 32741   64.00000  316  128   65.00000   64.00000  1.54%   214  996s
 65570 33124   64.00000  209  135   65.00000   64.00000  1.54%   213 1005s
 65987 33648 infeasible  273        65.00000   64.00000  1.54%   213 1014s
 66946 33927   64.00000  466  108   65.00000   64.00000  1.54%   214 1023s
 67535 34653   64.00000  653  117   65.00000   64.00000  1.54%   215 1031s
 68581 35063   64.00000  845  138   65.00000   64.00000  1.54%   215 1040s
 69057 35692 infeasible  286        65.00000   64.00000  1.54%   215 1049s
 70068 36235   64.00000  424  144   65.00000   64.00000  1.54%   216 1057s
 70885 36826   64.00000  588  123   65.00000   64.00000  1.54%   217 1066s
 71798 36900 infeasible  249        65.00000   64.00000  1.54%   218 1075s
 72160 36995   64.00000  309  123   65.00000   64.00000  1.54%   219 1083s
 72435 37802   64.00000  353  144   65.00000   64.00000  1.54%   219 1092s
 73384 38693   64.00000  466  149   65.00000   64.00000  1.54%   220 1101s
 74547 39389 infeasible  357        65.00000   64.00000  1.54%   220 1115s
 75625 39541 infeasible  366        65.00000   64.00000  1.54%   220 1123s
 76019 39629   64.00000  272  141   65.00000   64.00000  1.54%   221 1131s
 76243 40371 infeasible  285        65.00000   64.00000  1.54%   221 1141s
 77383 40626 infeasible  475        65.00000   64.00000  1.54%   222 1150s
 78108 40759   64.00000  347  135   65.00000   64.00000  1.54%   223 1159s
 78495 41425   64.00000  372  138   65.00000   64.00000  1.54%   223 1168s
 79475 41703   64.00000  527  123   65.00000   64.00000  1.54%   224 1177s
 79869 42360   64.00000  532  122   65.00000   64.00000  1.54%   224 1187s
 80914 43455 infeasible  216        65.00000   64.00000  1.54%   224 1196s
 82307 43883   64.00000  300  125   65.00000   64.00000  1.54%   224 1205s
 83240 43975 infeasible  479        65.00000   64.00000  1.54%   225 1213s
 83550 44046 infeasible  337        65.00000   64.00000  1.54%   226 1222s
 83971 44368   64.00000  270  115   65.00000   64.00000  1.54%   227 1231s
 84733 45040   64.00000  372  142   65.00000   64.00000  1.54%   228 1242s
 85661 45053 infeasible  359        65.00000   64.00000  1.54%   229 1250s
 85868 45482   64.00000  267  120   65.00000   64.00000  1.54%   229 1260s
 86707 45872 infeasible  229        65.00000   64.00000  1.54%   230 1269s
 87661 46543   64.00000  149  145   65.00000   64.00000  1.54%   231 1278s
 88676 47337   64.00000  139  133   65.00000   64.00000  1.54%   230 1287s
 89618 47841   64.00000  197  107   65.00000   64.00000  1.54%   230 1299s
 90224 48481   64.00000  259  134   65.00000   64.00000  1.54%   229 1311s
 91546 49008 infeasible  232        65.00000   64.00000  1.54%   229 1320s
 92587 49669   64.00000  268  141   65.00000   64.00000  1.54%   229 1328s
 93710 49598 infeasible  541        65.00000   64.00000  1.54%   229 1336s
 94005 49756 infeasible  304        65.00000   64.00000  1.54%   230 1344s
 94601 49789   64.00000  365  107   65.00000   64.00000  1.54%   230 1354s
 95116 50347   64.00000  493  122   65.00000   64.00000  1.54%   232 1364s
 96110 50961 infeasible  281        65.00000   64.00000  1.54%   232 1372s
 96908 50878   64.00000  226  124   65.00000   64.00000  1.54%   231 1380s
 97029 51148   64.00000  227  126   65.00000   64.00000  1.54%   232 1389s
 97883 51261 infeasible  312        65.00000   64.00000  1.54%   232 1398s
 98554 51871   64.00000  370  124   65.00000   64.00000  1.54%   233 1407s
 99594 52518   64.00000  639  124   65.00000   64.00000  1.54%   233 1415s
 100531 53192 infeasible  335        65.00000   64.00000  1.54%   233 1424s
 101627 53318 infeasible  204        65.00000   64.00000  1.54%   232 1431s
 102003 54115 infeasible  498        65.00000   64.00000  1.54%   233 1440s
 103128 54567 infeasible  439        65.00000   64.00000  1.54%   232 1448s
 103946 54807   64.00000  163  126   65.00000   64.00000  1.54%   232 1456s
 104790 54648 infeasible  238        65.00000   64.00000  1.54%   232 1468s
 105249 55609   64.00000  459  128   65.00000   64.00000  1.54%   233 1486s
 107086 55873 infeasible  469        65.00000   64.00000  1.54%   233 1494s
 107852 55840 infeasible  159        65.00000   64.00000  1.54%   234 1503s
 107929 55702   64.00000  134  132   65.00000   64.00000  1.54%   234 1511s
 108357 55748   64.00000  142  134   65.00000   64.00000  1.54%   235 1521s
 109011 56802 infeasible  383        65.00000   64.00000  1.54%   236 1532s
 110423 57464   64.00000  437  136   65.00000   64.00000  1.54%   236 1541s
 111423 57436 infeasible  373        65.00000   64.00000  1.54%   235 1549s
 111641 57382   64.00000   74  130   65.00000   64.00000  1.54%   236 1557s
 112115 57641   64.00000  107  120   65.00000   64.00000  1.54%   237 1566s
 112800 58300   64.00000  294  120   65.00000   64.00000  1.54%   237 1575s
 113851 59122 infeasible  122        65.00000   64.00000  1.54%   237 1584s
 115077 59213 infeasible  159        65.00000   64.00000  1.54%   236 1593s
 115336 59441 infeasible  278        65.00000   64.00000  1.54%   236 1602s
 116068 59650 infeasible  353        65.00000   64.00000  1.54%   237 1611s
 116825 59650   64.00000  145  130   65.00000   64.00000  1.54%   238 1620s
 117267 59702 infeasible  247        65.00000   64.00000  1.54%   239 1629s
 117983 59664 infeasible  130        65.00000   64.00000  1.54%   239 1637s
 118175 60180   64.00000  129  135   65.00000   64.00000  1.54%   240 1646s
 118869 61481   64.00000  128  113   65.00000   64.00000  1.54%   240 1656s
 120306 61917 infeasible  348        65.00000   64.00000  1.54%   239 1668s
 121446 61967 infeasible  137        65.00000   64.00000  1.54%   239 1676s
 121824 62071   64.00000  390  142   65.00000   64.00000  1.54%   239 1683s
 122052 62713   64.00000  391  127   65.00000   64.00000  1.54%   239 1693s
 123128 63158   64.00000  588  150   65.00000   64.00000  1.54%   239 1701s
 124107 63401   64.00000  436  124   65.00000   64.00000  1.54%   239 1710s
 124894 63374   64.00000  593  132   65.00000   64.00000  1.54%   240 1719s
 125289 63467   64.00000  646  142   65.00000   64.00000  1.54%   240 1728s
 125902 63718 infeasible  792        65.00000   64.00000  1.54%   241 1737s
 126749 63907 infeasible  389        65.00000   64.00000  1.54%   242 1746s
 127458 64314 infeasible  620        65.00000   64.00000  1.54%   243 1754s
 127975 65605 infeasible  226        65.00000   64.00000  1.54%   242 1764s
 129538 65938 infeasible  345        65.00000   64.00000  1.54%   241 1772s
 130417 65809 infeasible  205        65.00000   64.00000  1.54%   241 1780s
 130986 65711 infeasible  244        65.00000   64.00000  1.54%   242 1788s
 131496 65571   64.00000  195  136   65.00000   64.00000  1.54%   243 1797s
 131698 65530 infeasible  276        65.00000   64.00000  1.54%   243 1800s

Cutting planes:
  Flow cover: 40

Explored 131753 nodes (32875049 simplex iterations) in 1800.07 seconds (2500.26 work units)
Thread count was 8 (of 8 available processors)

Solution count 9: 65 66 67 ... 81

Time limit reached
Best objective 6.500000000000e+01, best bound 6.400000000000e+01, gap 1.5385%
Set parameter TimeLimit to value 1.7998898912137374e+03
Gurobi Optimizer version 12.0.3 build v12.0.3rc0 (linux64 - "Ubuntu 24.04.4 LTS")

CPU model: Intel(R) Xeon(R) CPU           E5440  @ 2.83GHz, instruction set [SSE2]
Thread count: 8 physical cores, 8 logical processors, using up to 8 threads

Non-default parameters:
TimeLimit  1.7998898912137374e+03
Threads  8

Optimize a model with 332 rows, 8397 columns and 255068 nonzeros
Model fingerprint: 0x228ca0a5
Variable types: 0 continuous, 8397 integer (8397 binary)
Coefficient statistics:
  Matrix range     [1e+00, 1e+00]
  Objective range  [5e+00, 1e+02]
  Bounds range     [1e+00, 1e+00]
  RHS range        [1e+00, 6e+01]

Loaded user MIP start with objective 836.288
MIP start from previous solve did not produce a new incumbent solution

Presolve removed 54 rows and 174 columns
Presolve time: 0.75s
Presolved: 278 rows, 8223 columns, 253083 nonzeros
Variable types: 0 continuous, 8223 integer (8223 binary)

Root relaxation: objective 3.716067e+02, 2529 iterations, 2.18 seconds (2.30 work units)

    Nodes    |    Current Node    |     Objective Bounds      |     Work
 Expl Unexpl |  Obj  Depth IntInf | Incumbent    BestBd   Gap | It/Node Time

     0     0  371.60665    0  247  836.28800  371.60665  55.6%     -    3s
     0     0  371.75212    0  258  836.28800  371.75212  55.5%     -    5s
H    0     0                     811.4480000  371.75212  54.2%     -    8s
     0     0  372.17660    0  258  811.44800  372.17660  54.1%     -   14s
     0     2  372.17660    0  257  811.44800  372.17660  54.1%     -   27s
     3     8  372.17660    2  259  811.44800  372.17660  54.1%   470   30s
    65    75  372.62757   10  256  811.44800  372.19716  54.1%   210   36s
   122   131  372.89428   16  252  811.44800  372.19716  54.1%   154   40s
   170   181  373.16844   22  260  811.44800  372.19716  54.1%   132   45s
   272   281  373.45999   31  260  811.44800  372.19716  54.1%   107   50s
   304   313  373.58659   35  258  811.44800  372.19716  54.1%   103   55s
   336   345  373.84610   39  261  811.44800  372.19716  54.1%  98.8   60s
   360   369  373.99234   42  260  811.44800  372.19716  54.1%  96.4   65s
   490   549  374.12917   47  260  811.44800  372.19716  54.1%  92.5   70s
   676   695  374.32480   50  261  811.44800  372.19716  54.1%  88.8   75s
   732   758  374.38974   53  261  811.44800  372.19716  54.1%  87.9   80s
   832   871  374.42187   56  261  811.44800  372.19716  54.1%  85.2   85s
   915   988  374.60367   65  261  811.44800  372.19716  54.1%  83.0   92s
  1071  1181  375.55507   85  257  811.44800  372.19716  54.1%  82.6   95s
  1659  1856  376.80241  153  254  811.44800  372.19716  54.1%  76.9  101s
  2043  2203  377.36277  182  253  811.44800  372.19716  54.1%  73.9  105s
  2596  2788  378.33995  222  251  811.44800  372.19716  54.1%  70.8  110s
  3035  3212  379.18500  277  250  811.44800  372.19716  54.1%  68.1  115s
  3682  3958  380.30284  328  252  811.44800  372.19716  54.1%  66.3  121s
  4280  4579  381.00673  375  250  811.44800  372.19716  54.1%  64.3  125s
  4865  5126  381.96053  425  246  811.44800  372.19716  54.1%  63.5  130s
  5502  5888  383.56367  463  247  811.44800  372.19716  54.1%  62.7  135s
  6214  6535  384.89260  516  244  811.44800  372.30773  54.1%  62.0  141s
  6987  7376  386.17010  583  246  811.44800  372.30773  54.1%  60.9  147s
  7396  7377  408.86304  316  258  811.44800  372.30773  54.1%  60.6  152s
  7398  7378  481.88840  816  247  811.44800  372.30773  54.1%  60.6  159s
  7399  7379  429.64888   47  258  811.44800  372.30773  54.1%  60.6  167s
  7401  7380  435.22565  100  258  811.44800  372.74523  54.1%  60.6  193s
  7402  7384  372.74523   15  259  811.44800  372.74523  54.1%  60.9  198s
  7408  7394  372.74523   17  257  811.44800  372.74523  54.1%  61.4  201s
  7447  7420  372.74523   21  259  811.44800  372.74523  54.1%  63.3  206s
  7463  7431  372.74523   22  257  811.44800  372.74523  54.1%  64.2  211s
  7487  7447  381.26992   23  240  811.44800  372.74523  54.1%  65.7  217s
  7503  7457  382.80534   24  232  811.44800  372.74523  54.1%  66.8  220s
  7527  7473  372.97856   26  254  811.44800  372.74523  54.1%  68.3  225s
  7552  7488  386.12036   27  225  811.44800  372.74523  54.1%  70.0  231s
  7568  7499  380.66328   28  242  811.44800  372.74523  54.1%  70.9  235s
  7597  7509  373.36361   30  257  811.44800  372.74523  54.1%  72.6  241s
  7619  7519  373.54180   31  252  811.44800  372.74523  54.1%  73.7  245s
  7656  7535  387.22736   32  213  811.44800  372.74523  54.1%  76.0  250s
  7685  7543  387.29003   33  234  811.44800  372.74523  54.1%  77.6  255s
  7704  7556  382.89088   34  234  811.44800  372.74523  54.1%  78.4  260s
H 7726  7194                     790.7840000  372.74523  52.9%  79.6  262s
  7734  7216  395.75734   35  214  790.78400  372.74523  52.9%  80.1  265s
  7791  7244  373.97138   37  255  790.78400  372.74523  52.9%  83.4  272s
  7826  7260  374.06330   39  252  790.78400  372.74523  52.9%  85.2  275s
  7896  7279  390.04523   41  226  790.78400  372.74523  52.9%  88.7  283s
  7908  7288  383.54974   42  224  790.78400  372.74523  52.9%  89.1  287s
  7923  7301  374.40288   44  255  790.78400  372.74523  52.9%  89.8  291s
H 7937  6947                     774.8720000  372.74523  51.9%  90.5  291s
  7943  6980  374.48737   46  255  774.87200  372.74523  51.9%  90.8  295s
  7988  6998  374.54196   48  257  774.87200  372.74523  51.9%  93.0  300s
  8031  7010  374.71853   50  259  774.87200  372.74523  51.9%  95.4  327s
  8058  7040  374.77462   51  257  774.87200  372.74523  51.9%  96.6  331s
  8109  7062  374.89995   53  259  774.87200  372.74523  51.9%  98.7  335s
  8211  7112  375.04782   57  261  774.87200  372.74523  51.9%   103  343s
  8266  7138  375.14225   59  260  774.87200  372.74523  51.9%   105  347s
  8322  7162  375.23697   61  256  774.87200  372.74523  51.9%   108  351s
  8379  7190  375.37411   63  260  774.87200  372.74523  51.9%   110  356s
  8440  7210  375.53065   66  259  774.87200  372.74523  51.9%   112  361s
  8492  7240  375.54403   68  260  774.87200  372.74523  51.9%   114  366s
  8553  7273  375.56363   69  260  774.87200  372.74523  51.9%   116  372s
  8621  7263  375.70774   72  259  774.87200  372.74523  51.9%   119  378s
  8635  7276  375.93296   75  260  774.87200  372.74523  51.9%   119  384s
  8663  7301  390.02998   76  230  774.87200  372.74523  51.9%   120  391s
  8717  7342  376.06275   78  260  774.87200  372.74523  51.9%   122  397s
  8798  7349  376.19993   81  260  774.87200  372.74523  51.9%   125  403s
  8854  7398  376.20503   82  260  774.87200  372.74523  51.9%   126  410s
  8954  7432  376.29509   85  260  774.87200  372.74523  51.9%   129  416s
  9051  7469  376.41127   88  257  774.87200  372.74523  51.9%   132  422s
  9163  7511  376.51638   91  258  774.87200  372.74523  51.9%   134  429s
  9275  7482  376.62482   94  259  774.87200  372.74523  51.9%   137  435s
  9283  7506  391.01726   94  211  774.87200  372.74523  51.9%   137  444s
  9310  7534  376.65667   95  255  774.87200  372.74523  51.9%   138  450s
  9347  7613  376.66988   96  259  774.87200  372.74523  51.9%   139  457s
  9438  7692  383.96918   99  236  774.87200  372.74523  51.9%   141  465s
  9548  7773  377.00952  103  256  774.87200  372.74523  51.9%   144  473s
  9667  7859  377.21377  107  256  774.87200  372.74523  51.9%   147  481s
  9793  7887  377.30006  111  254  774.87200  372.74523  51.9%   150  491s
  9863  7980  377.35008  113  253  774.87200  372.74523  51.9%   152  500s
  9979  8112  377.50650  118  259  774.87200  372.74523  51.9%   155  510s
 10153  8070  377.63234  123  256  774.87200  372.74523  51.9%   157  525s
 10169  8105  401.25725  123  210  774.87200  372.74523  51.9%   158  540s
 10209  8225  377.64811  124  258  774.87200  372.74523  51.9%   159  552s
 10343  8333  392.59720  124  205  774.87200  372.74523  51.9%   160  563s
 10499  8328  391.44374  126  233  774.87200  372.74523  51.9%   163  574s
 10548  8478  377.74716  128  256  774.87200  372.74523  51.9%   165  585s
 10719  8605  378.10673  134  257  774.87200  372.74523  51.9%   168  597s
 10907  8755  378.24885  140  259  774.87200  372.74523  51.9%   172  610s
 11126  8878  378.51046  147  257  774.87200  372.74523  51.9%   176  622s
 11328  8887  378.96410  154  257  774.87200  372.74523  51.9%   180  636s
 11417  9133  379.02189  158  257  774.87200  372.74523  51.9%   182  651s
 11704  9255  379.27293  166  253  774.87200  372.74523  51.9%   186  664s
 11944  9463  379.46347  174  252  774.87200  372.74523  51.9%   190  679s
 12262  9505  379.75469  182  255  774.87200  372.74523  51.9%   193  694s
 12432  9706  379.90792  188  256  774.87200  372.74523  51.9%   195  709s
 12746  9899  380.18131  197  254  774.87200  372.74523  51.9%   199  726s
 13085 10121  380.31265  207  255  774.87200  372.74523  51.9%   202  744s
 13424 10217  380.65576  217  259  774.87200  372.74523  51.9%   204  763s
 13695 10489  380.76857  223  256  774.87200  372.74523  51.9%   206  781s
 14164 10593  381.08472  234  254  774.87200  372.74523  51.9%   208  799s
 14562 10929  381.26530  240  251  774.87200  372.74523  51.9%   208  818s
 15141 11369  381.57848  252  256  774.87200  380.66337  50.9%   209  840s
 15810 11619  394.83250  266  236  774.87200  380.66337  50.9%   210  851s
 16293 11923  382.14054  273  255  774.87200  380.66337  50.9%   208  862s
 16768 12236  382.33723  279  254  774.87200  380.66337  50.9%   207  873s
 17255 12550  382.54709  286  254  774.87200  380.66337  50.9%   205  884s
 17742 12810  382.72286  292  251  774.87200  380.66337  50.9%   203  895s
 18194 13074  382.83794  299  251  774.87200  380.66337  50.9%   202  905s
 18631 13410  383.09790  306  251  774.87200  380.66337  50.9%   202  915s
 19137 13805  383.25282  313  250  774.87200  380.66337  50.9%   201  926s
 19719 14158  383.57781  320  250  774.87200  380.66337  50.9%   199  938s
 20294 14358  383.86348  326  251  774.87200  380.66337  50.9%   198  949s
 20709 14566  383.98259  332  250  774.87200  380.66337  50.9%   197  961s
 21096 14446  384.34139  340  249  774.87200  380.66337  50.9%   197  973s
 21107 14995  384.36429  341  253  774.87200  380.66337  50.9%   197  987s
 21705 15138  384.53231  349  249  774.87200  380.66337  50.9%   195 1002s
 22112 15558  384.72972  356  248  774.87200  380.66337  50.9%   195 1016s
 22723 15630  384.99765  365  250  774.87200  380.66337  50.9%   195 1031s
 23067 16005  385.22369  373  248  774.87200  380.66337  50.9%   196 1046s
 23658 16349  385.50822  382  252  774.87200  380.66337  50.9%   196 1062s
 24343 16803  417.33946  389  212  774.87200  380.66337  50.9%   194 1078s
 25108 17738  385.72421  394  247  774.87200  380.66520  50.9%   192 1096s
 26312 18484  386.03789  405  245  774.87200  380.66520  50.9%   188 1115s
 27496 19094  386.24170  417  246  774.87200  380.66520  50.9%   185 1134s
 28511 19693  386.38748  429  245  774.87200  380.66520  50.9%   183 1150s
 29141 20941  386.57633  435  248  774.87200  380.66520  50.9%   182 1167s
 30412 20942  480.55204 2568  258  774.87200  380.66520  50.9%   179 1489s
 30414 20943  395.93298  294  247  774.87200  380.66520  50.9%   179 1497s
 30415 20944  420.92598  331  249  774.87200  380.66520  50.9%   179 1508s
 30418 20946  433.02053  178  265  774.87200  380.66520  50.9%   179 1511s
 30419 20947  389.75355  182  266  774.87200  380.66520  50.9%   179 1526s
 30422 20949  462.60118 1642  269  774.87200  380.66520  50.9%   179 1540s
 30424 20950  391.51993  253  273  774.87200  380.66520  50.9%   179 1551s
 30426 20951  403.45316  158  266  774.87200  380.66520  50.9%   179 1561s
 30428 20953  420.55201 1333  273  774.87200  380.66520  50.9%   179 1572s
 30429 20953  407.79911  876  270  774.87200  380.66520  50.9%   179 1582s
 30430 20954  506.74618 2416  274  774.87200  380.66520  50.9%   179 1585s
 30431 20955  412.55823 1080  273  774.87200  380.66520  50.9%   179 1593s
 30432 20955  503.71096 2351  274  774.87200  380.66520  50.9%   179 1596s
 30434 20957  480.87616 2087  278  774.87200  380.66520  50.9%   179 1605s
 30436 20958  446.27919 1233  277  774.87200  380.66520  50.9%   179 1614s
 30437 20959  406.20753  214  276  774.87200  380.66520  50.9%   179 1624s
 30438 20959  398.29372  235  282  774.87200  380.66520  50.9%   179 1643s
 30439 20960  425.62077  580  276  774.87200  380.66520  50.9%   179 1653s
 30440 20961  434.80036 1747  276  774.87200  380.66520  50.9%   179 1661s
 30441 20961  458.67399   65  276  774.87200  380.66520  50.9%   179 1673s
 30442 20965  380.66520   29  278  774.87200  380.66520  50.9%   179 1679s
 30444 20968  380.66520   30  278  774.87200  380.66520  50.9%   179 1682s
 30448 20975  380.66520   31  279  774.87200  380.66520  50.9%   179 1687s
 30456 20980  380.66520   32  277  774.87200  380.66520  50.9%   179 1691s
 30487 20997  380.66520   34  269  774.87200  380.66520  50.9%   179 1697s
 30503 21008  380.66520   35  269  774.87200  380.66520  50.9%   180 1703s
 30511 21012  388.32873   35  237  774.87200  380.66520  50.9%   180 1707s
 30520 21016  380.66520   36  268  774.87200  380.66520  50.9%   180 1710s
 30529 21020  381.53965   36  240  774.87200  380.66520  50.9%   180 1717s
 30538 21027  380.66520   37  269  774.87200  380.66520  50.9%   180 1720s
 30562 21039  380.66520   38  268  774.87200  380.66520  50.9%   180 1726s
 30586 21051  380.66520   39  264  774.87200  380.66520  50.9%   181 1731s
 30610 21065  380.66520   40  266  774.87200  380.66520  50.9%   181 1737s
 30642 21089  380.66520   41  268  774.87200  380.66520  50.9%   181 1742s
 30663 21103  380.66520   42  270  774.87200  380.66520  50.9%   181 1745s
 30710 21126  380.66520   44  270  774.87200  380.66520  50.9%   182 1750s
 30755 21161  380.66520   46  274  774.87200  380.66520  50.9%   183 1756s
 30809 21191  380.66520   48  263  774.87200  380.66520  50.9%   183 1763s
 30838 21207  380.66520   49  264  774.87200  380.66520  50.9%   184 1766s
 30900 21231  380.66520   51  268  774.87200  380.66520  50.9%   184 1772s
 30933 21251  380.66520   52  268  774.87200  380.66520  50.9%   184 1775s
 31011 21288  380.66520   55  263  774.87200  380.66520  50.9%   185 1784s
 31053 21310  380.66520   57  266  774.87200  380.66520  50.9%   185 1789s
 31099 21332  398.30094   58  213  774.87200  380.66520  50.9%   186 1794s
 31146 21352  380.66520   60  269  774.87200  380.66520  50.9%   186 1799s

Cutting planes:
  Gomory: 8
  MIR: 5
  Flow cover: 29

Explored 31201 nodes (5822037 simplex iterations) in 1799.97 seconds (2451.82 work units)
Thread count was 8 (of 8 available processors)

Solution count 4: 774.872 790.784 811.448 836.288 

Time limit reached
Best objective 7.748720000000e+02, best bound 3.806652013512e+02, gap 50.8738%
