{
  "base": {
    "all_18E1_capacity_sensitivity": {
      "routes": 259,
      "failed_routes": 101,
      "solutions": 24,
      "failed_solutions": 23,
      "min_soc_kwh": -3.560000000000059,
      "over_capacity_routes": 0,
      "mixed_routes": 67,
      "unmapped_routes": 0,
      "unique_route_schedules": 257,
      "unique_failed_route_schedules": 99,
      "failed_route_deficit_median_kwh": 1.5599999999999739,
      "failed_route_deficit_p90_nearest_lower_kwh": 3.08899930000004,
      "failed_route_deficit_p95_nearest_lower_kwh": 3.0899994999999763,
      "failed_route_deficit_max_kwh": 3.560000000000059
    },
    "all_18E2_capacity_sensitivity": {
      "routes": 259,
      "failed_routes": 13,
      "solutions": 24,
      "failed_solutions": 12,
      "min_soc_kwh": -0.9900000000000659,
      "over_capacity_routes": 0,
      "mixed_routes": 67,
      "unmapped_routes": 0,
      "unique_route_schedules": 257,
      "unique_failed_route_schedules": 13,
      "failed_route_deficit_median_kwh": 0.5199994999999831,
      "failed_route_deficit_p90_nearest_lower_kwh": 0.5199995000000115,
      "failed_route_deficit_p95_nearest_lower_kwh": 0.6929990999999802,
      "failed_route_deficit_max_kwh": 0.9900000000000659
    },
    "saved_240_control": {
      "routes": 259,
      "failed_routes": 0,
      "solutions": 24,
      "failed_solutions": 0,
      "min_soc_kwh": -5.684341886080802e-14,
      "over_capacity_routes": 0,
      "mixed_routes": 67,
      "unmapped_routes": 0,
      "unique_route_schedules": 257,
      "unique_failed_route_schedules": 0,
      "failed_route_deficit_median_kwh": 0,
      "failed_route_deficit_p90_nearest_lower_kwh": 0.0,
      "failed_route_deficit_p95_nearest_lower_kwh": 0.0,
      "failed_route_deficit_max_kwh": 0
    },
    "source_group_or_conservative_mixed": {
      "routes": 259,
      "failed_routes": 98,
      "solutions": 24,
      "failed_solutions": 23,
      "min_soc_kwh": -3.560000000000059,
      "over_capacity_routes": 0,
      "mixed_routes": 67,
      "unmapped_routes": 0,
      "unique_route_schedules": 257,
      "unique_failed_route_schedules": 96,
      "failed_route_deficit_median_kwh": 1.549998500000001,
      "failed_route_deficit_p90_nearest_lower_kwh": 2.7899994999999933,
      "failed_route_deficit_p95_nearest_lower_kwh": 3.0899994999999763,
      "failed_route_deficit_max_kwh": 3.560000000000059
    }
  },
  "warm": {
    "all_18E1_capacity_sensitivity": {
      "routes": 228,
      "failed_routes": 94,
      "solutions": 24,
      "failed_solutions": 23,
      "min_soc_kwh": -3.5600000000000023,
      "over_capacity_routes": 0,
      "mixed_routes": 49,
      "unmapped_routes": 0,
      "unique_route_schedules": 213,
      "unique_failed_route_schedules": 85,
      "failed_route_deficit_median_kwh": 2.0199989999999843,
      "failed_route_deficit_p90_nearest_lower_kwh": 3.0899995000000047,
      "failed_route_deficit_p95_nearest_lower_kwh": 3.559999999999974,
      "failed_route_deficit_max_kwh": 3.5600000000000023
    },
    "all_18E2_capacity_sensitivity": {
      "routes": 228,
      "failed_routes": 27,
      "solutions": 24,
      "failed_solutions": 17,
      "min_soc_kwh": -0.9900000000000091,
      "over_capacity_routes": 0,
      "mixed_routes": 49,
      "unmapped_routes": 0,
      "unique_route_schedules": 213,
      "unique_failed_route_schedules": 25,
      "failed_route_deficit_median_kwh": 0.5199994999999831,
      "failed_route_deficit_p90_nearest_lower_kwh": 0.9900000000000091,
      "failed_route_deficit_p95_nearest_lower_kwh": 0.9900000000000091,
      "failed_route_deficit_max_kwh": 0.9900000000000091
    },
    "saved_240_control": {
      "routes": 228,
      "failed_routes": 0,
      "solutions": 24,
      "failed_solutions": 0,
      "min_soc_kwh": 0.0,
      "over_capacity_routes": 0,
      "mixed_routes": 49,
      "unmapped_routes": 0,
      "unique_route_schedules": 213,
      "unique_failed_route_schedules": 0,
      "failed_route_deficit_median_kwh": 0,
      "failed_route_deficit_p90_nearest_lower_kwh": 0.0,
      "failed_route_deficit_p95_nearest_lower_kwh": 0.0,
      "failed_route_deficit_max_kwh": 0
    },
    "source_group_or_conservative_mixed": {
      "routes": 228,
      "failed_routes": 86,
      "solutions": 24,
      "failed_solutions": 23,
      "min_soc_kwh": -3.5600000000000023,
      "over_capacity_routes": 0,
      "mixed_routes": 49,
      "unmapped_routes": 0,
      "unique_route_schedules": 213,
      "unique_failed_route_schedules": 77,
      "failed_route_deficit_median_kwh": 2.0199989999999843,
      "failed_route_deficit_p90_nearest_lower_kwh": 3.0899995000000047,
      "failed_route_deficit_p95_nearest_lower_kwh": 3.559999999999974,
      "failed_route_deficit_max_kwh": 3.5600000000000023
    }
  },
  "all": {
    "all_18E1_capacity_sensitivity": {
      "routes": 487,
      "failed_routes": 195,
      "solutions": 48,
      "failed_solutions": 46,
      "min_soc_kwh": -3.560000000000059,
      "over_capacity_routes": 0,
      "mixed_routes": 116,
      "unmapped_routes": 0,
      "unique_route_schedules": 463,
      "unique_failed_route_schedules": 180,
      "failed_route_deficit_median_kwh": 2.019998999999956,
      "failed_route_deficit_p90_nearest_lower_kwh": 3.0899994999999763,
      "failed_route_deficit_p95_nearest_lower_kwh": 3.089999500000033,
      "failed_route_deficit_max_kwh": 3.560000000000059
    },
    "all_18E2_capacity_sensitivity": {
      "routes": 487,
      "failed_routes": 40,
      "solutions": 48,
      "failed_solutions": 29,
      "min_soc_kwh": -0.9900000000000659,
      "over_capacity_routes": 0,
      "mixed_routes": 116,
      "unmapped_routes": 0,
      "unique_route_schedules": 463,
      "unique_failed_route_schedules": 37,
      "failed_route_deficit_median_kwh": 0.5199994999999831,
      "failed_route_deficit_p90_nearest_lower_kwh": 0.9900000000000091,
      "failed_route_deficit_p95_nearest_lower_kwh": 0.9900000000000091,
      "failed_route_deficit_max_kwh": 0.9900000000000659
    },
    "saved_240_control": {
      "routes": 487,
      "failed_routes": 0,
      "solutions": 48,
      "failed_solutions": 0,
      "min_soc_kwh": -5.684341886080802e-14,
      "over_capacity_routes": 0,
      "mixed_routes": 116,
      "unmapped_routes": 0,
      "unique_route_schedules": 463,
      "unique_failed_route_schedules": 0,
      "failed_route_deficit_median_kwh": 0,
      "failed_route_deficit_p90_nearest_lower_kwh": 0.0,
      "failed_route_deficit_p95_nearest_lower_kwh": 0.0,
      "failed_route_deficit_max_kwh": 0
    },
    "source_group_or_conservative_mixed": {
      "routes": 487,
      "failed_routes": 184,
      "solutions": 48,
      "failed_solutions": 46,
      "min_soc_kwh": -3.560000000000059,
      "over_capacity_routes": 0,
      "mixed_routes": 116,
      "unmapped_routes": 0,
      "unique_route_schedules": 463,
      "unique_failed_route_schedules": 169,
      "failed_route_deficit_median_kwh": 2.019998999999956,
      "failed_route_deficit_p90_nearest_lower_kwh": 3.0899994999999763,
      "failed_route_deficit_p95_nearest_lower_kwh": 3.0899995000000047,
      "failed_route_deficit_max_kwh": 3.560000000000059
    }
  },
  "matched_physics": {
    "routes": 10,
    "failed_routes": 0
  }
}
