[MIP] physical pool preparation: 39948 valid recorded, 0 repaired, 0 rejected, 34.369s
[MIP] pool: 39948 columns over 194 trips (instance scale_ladder/instances/nested_probability_k2_15_20260908/Practice_Custom_DutyUnion_k08_p01_20260908.csv, soc_step=2.5, certified=True)
[MIP] coverage: min 775 / median 6086 / max 10953 columns per trip
[MIP] strict-feasibility seed: 194 exact singleton columns (one per trip)
[MIP] greedy feasible MIP start: 63 buses
Set parameter LicenseID to value 2674428
Set parameter GURO_PAR_SPECIAL
Set parameter TokenServer to value "en-cc-unicorn-data-dirs.coecis.cornell.edu"
Set parameter LogFile to value "/home/nc437/ladder-lite/review_witness_columns_20260917/results/c1_k08/augmented/391805_r0/gurobi.log"
Set parameter OutputFlag to value 1
Set parameter TimeLimit to value 3600
Set parameter MIPGap to value 0.0001
Set parameter Threads to value 8
Set parameter TimeLimit to value 1800
Gurobi Optimizer version 12.0.3 build v12.0.3rc0 (linux64 - "Ubuntu 24.04.4 LTS")

CPU model: Intel(R) Xeon(R) Gold 6348 CPU @ 2.60GHz, instruction set [SSE2|AVX|AVX2|AVX512]
Thread count: 56 physical cores, 56 logical processors, using up to 8 threads

Non-default parameters:
TimeLimit  1800
Threads  8

Optimize a model with 194 rows, 39948 columns and 1092850 nonzeros
Model fingerprint: 0xa9b48063
Variable types: 0 continuous, 39948 integer (39948 binary)
Coefficient statistics:
  Matrix range     [1e+00, 1e+00]
  Objective range  [1e+00, 1e+00]
  Bounds range     [1e+00, 1e+00]
  RHS range        [1e+00, 1e+00]

Loaded user MIP start with objective 63

Presolve removed 0 rows and 198 columns
Presolve time: 1.34s
Presolved: 194 rows, 39750 columns, 1088628 nonzeros
Variable types: 0 continuous, 39750 integer (39750 binary)
Found heuristic solution: objective 57.0000000

Starting sifting (using dual simplex for sub-problems)...

    Iter     Pivots    Primal Obj      Dual Obj        Time
       0          0     infinity      0.0000000e+00      1s
       1        221   9.3241206e+00   3.1670578e+00      1s
       2       1020   8.9660596e+00   5.4448490e+00      2s
       3       1853   8.8286992e+00   6.2920371e+00      2s
       4       2711   8.5923736e+00   6.7037365e+00      2s
       5       3917   8.1839508e+00   7.0460488e+00      2s
       6       4715   8.0000000e+00   7.1261122e+00      2s
       7       5628   8.0000000e+00   8.0000000e+00      2s

Sifting complete


Root relaxation: objective 8.000000e+00, 5628 iterations, 0.37 seconds (0.57 work units)

    Nodes    |    Current Node    |     Objective Bounds      |     Work
 Expl Unexpl |  Obj  Depth IntInf | Incumbent    BestBd   Gap | It/Node Time

     0     0    8.00000    0   87   57.00000    8.00000  86.0%     -    4s
H    0     0                      18.0000000    8.00000  55.6%     -    4s
H    0     0                      15.0000000    8.00000  46.7%     -    4s
H    0     0                      14.0000000    8.00000  42.9%     -    4s
H    0     0                      13.0000000    8.00000  38.5%     -    4s
H    0     0                      12.0000000    8.00000  33.3%     -    4s
H    0     0                      11.0000000    8.00000  27.3%     -    4s
H    0     0                      10.0000000    8.00000  20.0%     -    4s
     0     0    8.00000    0   96   10.00000    8.00000  20.0%     -   11s
H    0     0                       9.0000000    8.00000  11.1%     -   19s
     0     0    8.00000    0   96    9.00000    8.00000  11.1%     -   20s
     0     0    8.00000    0   96    9.00000    8.00000  11.1%     -   23s
     0     0    8.00000    0   93    9.00000    8.00000  11.1%     -   23s
     0     0    8.00000    0   98    9.00000    8.00000  11.1%     -   26s
     0     0    8.00000    0   97    9.00000    8.00000  11.1%     -   26s
     0     0    8.00000    0   86    9.00000    8.00000  11.1%     -   30s
     0     0    8.00000    0   90    9.00000    8.00000  11.1%     -   33s
     0     0    8.00000    0   90    9.00000    8.00000  11.1%     -   35s
     0     0    8.00000    0   80    9.00000    8.00000  11.1%     -   42s
     0     0    8.00000    0   77    9.00000    8.00000  11.1%     -   44s
     0     0    8.00000    0   66    9.00000    8.00000  11.1%     -   49s
     0     0    8.00000    0   68    9.00000    8.00000  11.1%     -   51s
     0     0    8.00000    0   69    9.00000    8.00000  11.1%     -   53s
     0     0    8.00000    0   75    9.00000    8.00000  11.1%     -   55s
     0     0    8.00000    0   75    9.00000    8.00000  11.1%     -   57s
     0     0    8.00000    0   66    9.00000    8.00000  11.1%     -   58s
     0     0    8.00000    0   67    9.00000    8.00000  11.1%     -   59s
     0     0    8.00000    0   69    9.00000    8.00000  11.1%     -   60s
     0     0    8.00000    0   69    9.00000    8.00000  11.1%     -   61s
     0     0    8.00000    0   79    9.00000    8.00000  11.1%     -   66s
     0     0    8.00000    0  100    9.00000    8.00000  11.1%     -   67s
     0     0    8.00000    0   89    9.00000    8.00000  11.1%     -   69s
     0     0    8.00000    0   84    9.00000    8.00000  11.1%     -   70s
     0     0    8.00000    0   75    9.00000    8.00000  11.1%     -   70s
     0     0    8.00000    0   90    9.00000    8.00000  11.1%     -   72s
     0     0    8.00000    0   83    9.00000    8.00000  11.1%     -   72s
     0     0    8.00000    0   80    9.00000    8.00000  11.1%     -   73s
     0     0    8.00000    0   66    9.00000    8.00000  11.1%     -   74s
     0     0    8.00000    0   86    9.00000    8.00000  11.1%     -   74s
     0     0    8.00000    0   86    9.00000    8.00000  11.1%     -   75s
     0     2    8.00000    0   86    9.00000    8.00000  11.1%     -   76s
    23    15    8.00000    6  112    9.00000    8.00000  11.1%   496   80s
   136    72    8.00000   15  110    9.00000    8.00000  11.1%   352   85s
   289   488    8.00000   40  152    9.00000    8.00000  11.1%   270   92s
H  348   488                       8.0000000    8.00000  0.00%   248   92s

Cutting planes:
  Cover: 2
  MIR: 6

Explored 675 nodes (436484 simplex iterations) in 92.38 seconds (178.97 work units)
Thread count was 8 (of 56 available processors)

Solution count 10: 8 9 10 ... 57

Optimal solution found (tolerance 1.00e-04)
Best objective 8.000000000000e+00, best bound 8.000000000000e+00, gap 0.0000%

User-callback calls 20086, time in user-callback 0.05 sec
[MIP] stage 1: fleet=8 (bound 8.0, gap 0.0, proven=True, limit=1800.0s, remaining=3506.9s)
Set parameter TimeLimit to value 3.5068910467624664e+03
Gurobi Optimizer version 12.0.3 build v12.0.3rc0 (linux64 - "Ubuntu 24.04.4 LTS")

CPU model: Intel(R) Xeon(R) Gold 6348 CPU @ 2.60GHz, instruction set [SSE2|AVX|AVX2|AVX512]
Thread count: 56 physical cores, 56 logical processors, using up to 8 threads

Non-default parameters:
TimeLimit  3.5068910467624664e+03
Threads  8

Optimize a model with 195 rows, 39948 columns and 1132798 nonzeros
Model fingerprint: 0xe0103dbd
Variable types: 0 continuous, 39948 integer (39948 binary)
Coefficient statistics:
  Matrix range     [1e+00, 1e+00]
  Objective range  [9e+00, 2e+02]
  Bounds range     [1e+00, 1e+00]
  RHS range        [1e+00, 8e+00]

Loaded user MIP start with objective 479.96
MIP start from previous solve did not produce a new incumbent solution

Presolve removed 0 rows and 11 columns
Presolve time: 1.51s
Presolved: 195 rows, 39937 columns, 1132542 nonzeros
Variable types: 0 continuous, 39937 integer (39937 binary)

Starting sifting (using dual simplex for sub-problems)...

    Iter     Pivots    Primal Obj      Dual Obj        Time
       0          0     infinity      0.0000000e+00      2s
       1        709   1.8006990e+06   3.3929746e+01      2s
       2       1840   9.4832178e+05   8.5544778e+01      2s
       3       2980   3.0461450e+05   1.1394817e+02      2s
       4       4280   1.2999216e+05   1.3258455e+02      2s
       5       5057   4.4837042e+02   2.5334237e+02      2s
       6       6194   3.9726588e+02   3.0902942e+02      2s
       7       7478   3.8441266e+02   3.5133599e+02      2s
       8       8958   3.8378046e+02   3.6391950e+02      2s
       9      10188   3.8368845e+02   3.6746763e+02      2s
      10      11339   3.8368845e+02   3.7051170e+02      3s
      11      12206   3.8368845e+02   3.7917027e+02      3s
      12      13277   3.8368798e+02   3.8039460e+02      3s
      13      14185   3.8368798e+02   3.8134716e+02      3s
      14      14917   3.8368798e+02   3.8186343e+02      3s
      15      15607   3.8368798e+02   3.8244073e+02      3s

Sifting complete


Root relaxation: objective 3.836880e+02, 16379 iterations, 1.50 seconds (3.09 work units)

    Nodes    |    Current Node    |     Objective Bounds      |     Work
 Expl Unexpl |  Obj  Depth IntInf | Incumbent    BestBd   Gap | It/Node Time

     0     0  383.68798    0   98  479.96000  383.68798  20.1%     -    3s
     0     0  383.69264    0  102  479.96000  383.69264  20.1%     -    7s
     0     0  383.77569    0  103  479.96000  383.77569  20.0%     -   14s
     0     0  383.89427    0  120  479.96000  383.89427  20.0%     -   15s
     0     0  383.94998    0  118  479.96000  383.94998  20.0%     -   16s
     0     0  383.96096    0  121  479.96000  383.96096  20.0%     -   17s
     0     0  383.96810    0  123  479.96000  383.96810  20.0%     -   17s
     0     0  384.04666    0  125  479.96000  384.04666  20.0%     -   17s
     0     0  384.08901    0  126  479.96000  384.08901  20.0%     -   18s
     0     0  384.15918    0  123  479.96000  384.15918  20.0%     -   19s
     0     0  384.17339    0  128  479.96000  384.17339  20.0%     -   19s
     0     0  384.21732    0  121  479.96000  384.21732  19.9%     -   19s
     0     0  384.23182    0  129  479.96000  384.23182  19.9%     -   20s
     0     0  384.24623    0  130  479.96000  384.24623  19.9%     -   20s
     0     0  384.25900    0  134  479.96000  384.25900  19.9%     -   21s
     0     0  384.27518    0  133  479.96000  384.27518  19.9%     -   21s
     0     0  384.29879    0  133  479.96000  384.29879  19.9%     -   22s
     0     0  384.29879    0   98  479.96000  384.29879  19.9%     -   26s
     0     0  384.29879    0  115  479.96000  384.29879  19.9%     -   27s
     0     0  384.29879    0  115  479.96000  384.29879  19.9%     -   29s
     0     0  384.29879    0  118  479.96000  384.29879  19.9%     -   29s
     0     0  384.29879    0  127  479.96000  384.29879  19.9%     -   30s
     0     0  384.29879    0  131  479.96000  384.29879  19.9%     -   30s
     0     0  384.29879    0  134  479.96000  384.29879  19.9%     -   30s
     0     0  384.29879    0  136  479.96000  384.29879  19.9%     -   30s
     0     0  384.30705    0  136  479.96000  384.30705  19.9%     -   30s
     0     0  386.06744    0  137  479.96000  386.06744  19.6%     -   31s
     0     0  386.16202    0  134  479.96000  386.16202  19.5%     -   32s
     0     0  386.16202    0  134  479.96000  386.16202  19.5%     -   32s
     0     0  386.43620    0  144  479.96000  386.43620  19.5%     -   32s
     0     0  386.54957    0  146  479.96000  386.54957  19.5%     -   33s
     0     0  386.60947    0  148  479.96000  386.60947  19.4%     -   33s
     0     0  386.69488    0  158  479.96000  386.69488  19.4%     -   33s
     0     0  387.05289    0  152  479.96000  387.05289  19.4%     -   33s
     0     0  387.09658    0  157  479.96000  387.09658  19.3%     -   34s
     0     0  387.10706    0  154  479.96000  387.10706  19.3%     -   34s
     0     0  387.11253    0  160  479.96000  387.11253  19.3%     -   34s
     0     0  387.23119    0  165  479.96000  387.23119  19.3%     -   34s
     0     0  387.25675    0  164  479.96000  387.25675  19.3%     -   35s
     0     0  387.35044    0  159  479.96000  387.35044  19.3%     -   35s
     0     0  387.36120    0  164  479.96000  387.36120  19.3%     -   35s
     0     0  387.38065    0  164  479.96000  387.38065  19.3%     -   35s
     0     0  387.44200    0  167  479.96000  387.44200  19.3%     -   35s
     0     0  387.44200    0  168  479.96000  387.44200  19.3%     -   36s
     0     0  387.44941    0  165  479.96000  387.44941  19.3%     -   36s
     0     0  387.45706    0  164  479.96000  387.45706  19.3%     -   36s
     0     2  388.72822    0  164  479.96000  388.72822  19.0%     -   38s
     5     4  388.72822    3  167  479.96000  388.72822  19.0%   954   40s
    50    42  418.78532   10  126  479.96000  388.72822  19.0%   516   45s
   260   220  425.94211   37  126  479.96000  388.72822  19.0%   205   50s
   561   468  431.86567   99  119  479.96000  388.72822  19.0%   151   55s
   812   631  435.37255  161  122  479.96000  388.72822  19.0%   149   60s
  1193   926  450.36406  306  113  479.96000  388.72822  19.0%   147   66s
  1487  1183  417.02195   46  116  479.96000  388.74228  19.0%   144   70s
  1901  1352  444.01445   74  133  479.96000  388.76985  19.0%   133   75s
  1904  1354  434.47605  139  123  479.96000  388.76985  19.0%   133   81s
  1917  1363  446.47078  290  167  479.96000  388.76985  19.0%   132   86s
  1923  1367  429.52101   43  172  479.96000  388.76985  19.0%   132   98s
  1926  1370  388.76985   12  170  479.96000  388.76985  19.0%   136  100s
  1962  1367     cutoff   17       479.96000  388.76985  19.0%   144  105s
  2039  1347  401.81790   24  144  479.96000  388.76985  19.0%   148  110s
  2117  1341  403.18472   30  138  479.96000  388.76985  19.0%   153  115s
  2276  1340  406.13122   43  141  479.96000  388.76985  19.0%   156  120s
  2403  1373  408.17479   55  149  479.96000  388.76985  19.0%   157  125s
  2562  1485  409.30523   75  140  479.96000  388.76985  19.0%   155  130s
  2805  1629  410.34559   98  138  479.96000  388.76985  19.0%   149  135s
  3031  1717  414.22674  117  143  479.96000  388.76985  19.0%   144  141s
  3105  1806  414.82122  125  148  479.96000  388.76985  19.0%   143  146s
  3334  1876  416.37253  156  146  479.96000  388.76985  19.0%   139  151s
  3470  1955  418.02905  194  141  479.96000  388.76985  19.0%   141  155s
  3795  2123  420.47900  261  142  479.96000  388.76985  19.0%   141  160s
  4235  2387  427.13927  313  139  479.96000  388.90656  19.0%   138  166s
  4473  2650  429.12428  373  139  479.96000  388.90656  19.0%   135  171s
  4987  2960  433.78399  451  136  479.96000  388.98566  19.0%   128  176s
  5599  3242  438.50019  583  136  479.96000  389.20862  18.9%   124  181s
  6037  3344  440.42185  640  137  479.96000  389.90361  18.8%   122  187s
  6689  4154  449.23373  743  136  479.96000  390.08775  18.7%   117  192s
  7530  4987  404.39024  136  150  479.96000  390.16327  18.7%   110  197s
  7973  5715  405.86504  152  148  479.96000  390.16327  18.7%   107  200s
  9356  6726  415.71991  198  155  479.96000  390.21790  18.7%  99.2  206s
 10493  7602  427.54573  323  147  479.96000  390.78127  18.6%  96.5  212s
 11186  7849  435.37452  478  141  479.96000  390.88023  18.6%  95.5  216s
 11888  8129     cutoff   37       479.96000  391.39650  18.5%   100  222s
 12191  8394     cutoff   83       479.96000  391.93850  18.3%   101  226s
 12597  8637     cutoff  221       479.96000  392.07716  18.3%   102  230s
 13014  8673  433.48603  234  132  479.96000  392.19853  18.3%   105  237s
 13182  8862     cutoff  158       479.96000  393.55577  18.0%   107  241s
 13533  9128     cutoff  167       479.96000  393.78437  18.0%   109  245s
 14425  9716  434.05688  353  116  479.96000  395.42830  17.6%   110  255s
 15304  9918     cutoff   45       479.96000  397.31035  17.2%   114  265s
 15672 10012  451.34238  122  128  479.96000  398.18135  17.0%   117  271s
 16226 10117  470.04326  149  123  479.96000  399.43061  16.8%   119  277s
 16697 10166     cutoff  169       479.96000  401.40123  16.4%   122  285s
 17331 10607     cutoff  229       479.96000  405.18089  15.6%   125  292s
 18198 10670     cutoff   66       479.96000  406.72986  15.3%   126  300s
 18831 10962  447.27202  221  122  479.96000  409.81942  14.6%   130  307s
 19728 11241  467.82199  217  142  479.96000  411.26658  14.3%   133  315s
 20816 11326  462.82177  214  125  479.96000  413.50280  13.8%   134  323s
 21804 11060     cutoff  379       479.96000  415.17837  13.5%   137  331s
 22533 10604     cutoff  180       479.96000  418.15886  12.9%   141  338s
 23240 10058     cutoff  250       479.96000  419.98931  12.5%   145  346s
 24016  9466     cutoff  288       479.96000  424.13564  11.6%   147  351s
 24609  8815     cutoff  135       479.96000  427.15965  11.0%   150  357s
 25330  8100     cutoff  362       479.96000  430.35929  10.3%   151  361s
 26045  7314     cutoff  299       479.96000  433.86827  9.60%   152  366s
 26872  6451     cutoff  559       479.96000  437.65674  8.81%   153  370s
 28685  4459     cutoff  639       479.96000  446.12388  7.05%   152  377s
 29732  3312     cutoff  248       479.96000  451.15163  6.00%   150  382s
 31058  2051     cutoff  317       479.96000  456.05568  4.98%   148  387s
 32481   665     cutoff  839       479.96000  460.93366  3.96%   144  390s

Cutting planes:
  Cover: 1
  MIR: 44
  Flow cover: 22
  Zero half: 5

Explored 34620 nodes (4794335 simplex iterations) in 392.34 seconds (1254.62 work units)
Thread count was 8 (of 56 available processors)

Solution count 1: 479.96 

Optimal solution found (tolerance 1.00e-04)
Best objective 4.799600000000e+02, best bound 4.799600000000e+02, gap 0.0000%

User-callback calls 137449, time in user-callback 0.30 sec
[MIP] status=OPTIMAL(2) buses=8 obj=800479.96 gap=0.0 -> /home/nc437/ladder-lite/review_witness_columns_20260917/results/c1_k08/augmented/391805_r0/result.json
