[MIP] physical pool preparation: 20807 valid recorded, 0 repaired, 0 rejected, 17.637s
[MIP] pool: 20807 columns over 173 trips (instance scale_ladder/instances/nested_probability_k2_15_20260908/Practice_Custom_DutyUnion_k08_p02_20260908.csv, soc_step=2.5, certified=True)
[MIP] coverage: min 502 / median 2747 / max 5033 columns per trip
[MIP] strict-feasibility seed: 173 exact singleton columns (one per trip)
[MIP] greedy feasible MIP start: 46 buses
Set parameter LicenseID to value 2674428
Set parameter GURO_PAR_SPECIAL
Set parameter TokenServer to value "en-cc-unicorn-data-dirs.coecis.cornell.edu"
Set parameter LogFile to value "/home/nc437/ladder-lite/review_witness_columns_20260917/results/c2_k08/augmented/391811_r0/gurobi.log"
Set parameter OutputFlag to value 1
Set parameter TimeLimit to value 3600
Set parameter MIPGap to value 0.0001
Set parameter Threads to value 8
Set parameter TimeLimit to value 1800
Gurobi Optimizer version 12.0.3 build v12.0.3rc0 (linux64 - "Ubuntu 24.04.4 LTS")

CPU model: Intel(R) Xeon(R) Gold 6348 CPU @ 2.60GHz, instruction set [SSE2|AVX|AVX2|AVX512]
Thread count: 56 physical cores, 56 logical processors, using up to 8 threads

Non-default parameters:
TimeLimit  1800
Threads  8

Optimize a model with 173 rows, 20807 columns and 467978 nonzeros
Model fingerprint: 0x52318ef6
Variable types: 0 continuous, 20807 integer (20807 binary)
Coefficient statistics:
  Matrix range     [1e+00, 1e+00]
  Objective range  [1e+00, 1e+00]
  Bounds range     [1e+00, 1e+00]
  RHS range        [1e+00, 1e+00]

Loaded user MIP start with objective 46

Presolve removed 0 rows and 1129 columns
Presolve time: 0.48s
Presolved: 173 rows, 19678 columns, 445337 nonzeros
Found heuristic solution: objective 41.0000000
Variable types: 0 continuous, 19678 integer (19678 binary)
Found heuristic solution: objective 39.0000000

Root relaxation: objective 8.000000e+00, 927 iterations, 0.30 seconds (0.72 work units)

    Nodes    |    Current Node    |     Objective Bounds      |     Work
 Expl Unexpl |  Obj  Depth IntInf | Incumbent    BestBd   Gap | It/Node Time

     0     0    8.00000    0   55   39.00000    8.00000  79.5%     -    2s
H    0     0                      18.0000000    8.00000  55.6%     -    2s
H    0     0                      13.0000000    8.00000  38.5%     -    2s
H    0     0                      12.0000000    8.00000  33.3%     -    2s
H    0     0                      11.0000000    8.00000  27.3%     -    2s
H    0     0                      10.0000000    8.00000  20.0%     -    2s
     0     0    8.00000    0   47   10.00000    8.00000  20.0%     -    4s
H    0     0                       9.0000000    8.00000  11.1%     -    7s
     0     0    8.00000    0   44    9.00000    8.00000  11.1%     -   10s
     0     0    8.00000    0   37    9.00000    8.00000  11.1%     -   11s
     0     0    8.00000    0   50    9.00000    8.00000  11.1%     -   12s
     0     0    8.00000    0   47    9.00000    8.00000  11.1%     -   13s
     0     0    8.00000    0   57    9.00000    8.00000  11.1%     -   14s
     0     0    8.00000    0   60    9.00000    8.00000  11.1%     -   15s
     0     0    8.00000    0   53    9.00000    8.00000  11.1%     -   15s
     0     0    8.00000    0   53    9.00000    8.00000  11.1%     -   16s
     0     2    8.00000    0   53    9.00000    8.00000  11.1%     -   17s
     2     3    8.00000    1   53    9.00000    8.00000  11.1%  5404   20s
     5     5    8.00000    1   48    9.00000    8.00000  11.1%  2162   26s
    10     8    8.00000    1   42    9.00000    8.00000  11.1%  1081   30s
    20    15    8.00000    1   53    9.00000    8.00000  11.1%   540   35s
    29    22    8.00000    1   59    9.00000    8.00000  11.1%  3774   41s
    36    27    8.00000    1   47    9.00000    8.00000  11.1%  3040   45s
    93    60    8.00000   32   55    9.00000    8.00000  11.1%  1913   50s
   190   107 infeasible   43         9.00000    8.00000  11.1%  1104   56s
H  193   107                       8.0000000    8.00000  0.00%  1100   56s

Cutting planes:
  Flow cover: 4

Explored 242 nodes (311785 simplex iterations) in 56.03 seconds (100.84 work units)
Thread count was 8 (of 56 available processors)

Solution count 10: 8 9 10 ... 46

Optimal solution found (tolerance 1.00e-04)
Best objective 8.000000000000e+00, best bound 8.000000000000e+00, gap 0.0000%

User-callback calls 14498, time in user-callback 0.04 sec
[MIP] stage 1: fleet=8 (bound 8.0, gap 0.0, proven=True, limit=1800.0s, remaining=3543.6s)
Set parameter TimeLimit to value 3.5436441848278046e+03
Gurobi Optimizer version 12.0.3 build v12.0.3rc0 (linux64 - "Ubuntu 24.04.4 LTS")

CPU model: Intel(R) Xeon(R) Gold 6348 CPU @ 2.60GHz, instruction set [SSE2|AVX|AVX2|AVX512]
Thread count: 56 physical cores, 56 logical processors, using up to 8 threads

Non-default parameters:
TimeLimit  3.5436441848278046e+03
Threads  8

Optimize a model with 174 rows, 20807 columns and 488785 nonzeros
Model fingerprint: 0xfd33564a
Variable types: 0 continuous, 20807 integer (20807 binary)
Coefficient statistics:
  Matrix range     [1e+00, 1e+00]
  Objective range  [1e-11, 1e+02]
  Bounds range     [1e+00, 1e+00]
  RHS range        [1e+00, 8e+00]

Loaded user MIP start with objective 418.096
MIP start from previous solve did not produce a new incumbent solution

Presolve removed 0 rows and 176 columns
Presolve time: 0.69s
Presolved: 174 rows, 20631 columns, 484614 nonzeros
Variable types: 0 continuous, 20631 integer (20631 binary)

Starting sifting (using dual simplex for sub-problems)...

    Iter     Pivots    Primal Obj      Dual Obj        Time
       0          0     infinity     -1.1641532e-10      1s
       1        769   2.0004349e+06   2.0131582e+01      1s
       2       1590   1.4551744e+06   4.5880832e+01      1s
       3       2808   5.2937309e+05   7.5135381e+01      1s
       4       3863   2.9841897e+02   1.1679324e+02      1s
       5       4747   2.5665722e+02   1.8222724e+02      1s
       6       5729   2.3948229e+02   1.9815973e+02      1s
       7       6657   2.3664765e+02   2.0895375e+02      1s
       8       7558   2.3628342e+02   2.1768218e+02      1s
       9       8520   2.3601997e+02   2.2339097e+02      1s
      10       9923   2.3592701e+02   2.2597169e+02      1s
      11      11602   2.3592084e+02   2.3061941e+02      2s
      12      12967   2.3592084e+02   2.3227074e+02      2s
      13      14079   2.3591607e+02   2.3299146e+02      2s
      14      15252   2.3591447e+02   2.3317839e+02      2s
      15      16317   2.3591447e+02   2.3348972e+02      2s
      16      17660   2.3591447e+02   2.3367249e+02      2s

Sifting complete


Root relaxation: objective 2.359145e+02, 19248 iterations, 1.61 seconds (3.48 work units)

    Nodes    |    Current Node    |     Objective Bounds      |     Work
 Expl Unexpl |  Obj  Depth IntInf | Incumbent    BestBd   Gap | It/Node Time

     0     0  235.91447    0  101  418.09600  235.91447  43.6%     -    2s
     0     0  235.99372    0  108  418.09600  235.99372  43.6%     -    5s
     0     0  236.12795    0  110  418.09600  236.12795  43.5%     -   12s
     0     0  236.14152    0  111  418.09600  236.14152  43.5%     -   12s
     0     0  236.16349    0  117  418.09600  236.16349  43.5%     -   12s
     0     0  236.16798    0  117  418.09600  236.16798  43.5%     -   13s
     0     0  236.18026    0  116  418.09600  236.18026  43.5%     -   13s
     0     0  236.20000    0  122  418.09600  236.20000  43.5%     -   13s
     0     0  236.20761    0  121  418.09600  236.20761  43.5%     -   14s
     0     0  236.21512    0  122  418.09600  236.21512  43.5%     -   14s
     0     0  236.21712    0  125  418.09600  236.21712  43.5%     -   14s
     0     0  236.21741    0  129  418.09600  236.21741  43.5%     -   14s
     0     0  236.21761    0  130  418.09600  236.21761  43.5%     -   14s
     0     0  236.23612    0  127  418.09600  236.23612  43.5%     -   15s
     0     0  236.23684    0  127  418.09600  236.23684  43.5%     -   15s
     0     0  236.23955    0  130  418.09600  236.23955  43.5%     -   15s
     0     0  236.23998    0  131  418.09600  236.23998  43.5%     -   15s
     0     0  236.24007    0  131  418.09600  236.24007  43.5%     -   15s
     0     0  236.50598    0  101  418.09600  236.50598  43.4%     -   18s
     0     0  236.50598    0  107  418.09600  236.50598  43.4%     -   20s
     0     0  236.50598    0  115  418.09600  236.50598  43.4%     -   23s
     0     0  236.50598    0  116  418.09600  236.50598  43.4%     -   23s
     0     0  236.50598    0  120  418.09600  236.50598  43.4%     -   23s
     0     0  236.50598    0  123  418.09600  236.50598  43.4%     -   23s
     0     0  236.50598    0  127  418.09600  236.50598  43.4%     -   23s
     0     0  236.50598    0  127  418.09600  236.50598  43.4%     -   23s
     0     0  236.50598    0  130  418.09600  236.50598  43.4%     -   23s
H    0     0                     411.1520000  236.50598  42.5%     -   24s
     0     0  236.50598    0  132  411.15200  236.50598  42.5%     -   24s
     0     0  236.50598    0  131  411.15200  236.50598  42.5%     -   24s
     0     0  236.50598    0  134  411.15200  236.50598  42.5%     -   24s
     0     0  236.50598    0  137  411.15200  236.50598  42.5%     -   24s
     0     0  236.50598    0  140  411.15200  236.50598  42.5%     -   24s
     0     0  236.50598    0  135  411.15200  236.50598  42.5%     -   24s
     0     0  236.50598    0  139  411.15200  236.50598  42.5%     -   24s
     0     0  236.50598    0  139  411.15200  236.50598  42.5%     -   24s
     0     0  236.50598    0  135  411.15200  236.50598  42.5%     -   24s
H    0     0                     401.4400000  236.50598  41.1%     -   25s
     0     0  236.50598    0  134  401.44000  236.50598  41.1%     -   25s
     0     0  236.50598    0  134  401.44000  236.50598  41.1%     -   25s
     0     0  236.50598    0  134  401.44000  236.50598  41.1%     -   25s
     0     2  236.51686    0  134  401.44000  236.51686  41.1%     -   27s
H   33    55                     397.9680000  236.51686  40.6%   429   29s
H   38    55                     392.0160000  236.51686  39.7%   379   29s
H   53    55                     387.8000000  236.51686  39.0%   298   29s
    58    74  236.51686    8  133  387.80000  236.51686  39.0%   291   30s
H   84    84                     381.1040000  236.51686  37.9%   227   30s
   438   458  236.55734   36  136  381.10400  236.51686  37.9%  88.5   35s
H  843   853                     365.6880000  236.51686  35.3%  65.4   36s
  1503  1528  236.66700   59  135  365.68800  236.51686  35.3%  58.9   40s
  2002  1950  236.81348   81  136  365.68800  236.51686  35.3%  56.6   45s
  3646  3877  237.21779  193  143  365.68800  236.51686  35.3%  48.1   50s
  5765  5632  238.08287  298  141  365.68800  236.51686  35.3%  41.2   55s
  7457  7280  268.72085  864  131  365.68800  236.51686  35.3%  37.5   61s
  7460  7282  237.72594  284  112  365.68800  236.51686  35.3%  37.5   66s
  7472  7290  236.73105   71  137  365.68800  236.51686  35.3%  37.4   73s
  7473  7294  236.51686   10  135  365.68800  236.51686  35.3%  38.3   75s
  7602  7320  236.51686   18  133  365.68800  236.51686  35.3%  42.1   80s
  7790  7341  236.51686   24  135  365.68800  236.51686  35.3%  46.8   85s
  8072  7392  245.87679   29  114  365.68800  236.55149  35.3%  51.5   90s
  8544  7454  236.63322   34  132  365.68800  236.63150  35.3%  56.7   95s
  9124  7719  247.41503   39  106  365.68800  236.66921  35.3%  60.9  100s
  9530  7892  248.37291   43  105  365.68800  236.74969  35.3%  63.1  105s
H10389  7867                     361.7200000  236.81753  34.5%  66.3  109s
 10404  8128  236.82522   52  131  361.72000  236.82522  34.5%  66.3  110s
 11673  8831  237.00932   60  130  361.72000  237.00932  34.5%  66.7  115s
 12647  9518  239.18782   67  126  361.72000  237.04843  34.5%  69.0  120s
 13525 10243  237.16426   76  132  361.72000  237.16426  34.4%  70.6  125s
 14932 10835  237.21940   83  131  361.72000  237.21940  34.4%  70.3  132s
 15933 11294  237.28255   91  133  361.72000  237.28255  34.4%  72.4  136s
 17069 12144  237.47702   98  135  361.72000  237.47702  34.3%  74.5  140s
 18107 12186  237.59632  107  138  361.72000  237.59632  34.3%  78.1  145s
 19578 13031  237.67874  114  144  361.72000  237.67874  34.3%  79.0  151s
 21137 13691  237.83240  124  145  361.72000  237.83240  34.2%  80.1  156s
 22462 13887  237.92146  133  151  361.72000  237.92146  34.2%  81.2  160s
 23414 13748  237.98272  141  151  361.72000  237.98272  34.2%  83.6  165s
 24691 14969  238.03799  152  150  361.72000  238.03799  34.2%  84.4  171s
 25963 15734  238.11703  162  148  361.72000  238.10211  34.2%  84.8  177s
 26872 16524  238.14218  168  146  361.72000  238.10211  34.2%  84.8  180s
 29028 17331  238.27741  180  147  361.72000  238.27741  34.1%  84.7  185s
 30041 17332  276.74796  417  131  361.72000  238.29974  34.1%  85.1  258s
 30043 17333  284.28159  434  101  361.72000  238.29974  34.1%  85.1  260s
 30047 17336  247.15595   16  123  361.72000  238.29974  34.1%  85.1  265s
 30062 17346  300.24772 1392  161  361.72000  238.29974  34.1%  85.1  270s
 30067 17349  252.84743  156  165  361.72000  238.29974  34.1%  85.0  278s
 30071 17352  253.37444  189  166  361.72000  238.29974  34.1%  85.0  282s
 30077 17356  333.41988  290  177  361.72000  238.29974  34.1%  85.0  288s
 30078 17357  298.18074   96  180  361.72000  238.29974  34.1%  85.0  290s
 30080 17358  269.29104   71  180  361.72000  238.29974  34.1%  85.0  297s
 30087 17368  238.29974   21  162  361.72000  238.29974  34.1%  85.5  300s
 30181 17414  253.38151   26   98  361.72000  238.29974  34.1%  86.2  305s
 30336 17476  258.01816   31  126  361.72000  238.29974  34.1%  86.9  310s
 30490 17567  238.29974   37  160  361.72000  238.29974  34.1%  87.8  315s
 30786 17697  238.29974   44  152  361.72000  238.29974  34.1%  89.0  320s
 31138 17843  238.29974   51  152  361.72000  238.29974  34.1%  90.4  325s
 31439 17977  243.50357   58  117  361.72000  238.29974  34.1%  91.9  330s
 31667 18043  248.68852   63  114  361.72000  238.29974  34.1%  92.8  335s
 31927 18145  256.57365   66   97  361.72000  238.29974  34.1%  93.9  341s
 32162 18236  238.29974   71  159  361.72000  238.29974  34.1%  94.7  345s
 32598 18409  254.95849   79  102  361.72000  238.29974  34.1%  96.4  350s
 33017 18541  255.85229   86  107  361.72000  238.29974  34.1%  97.6  355s
 33513 18646  238.29974   95  153  361.72000  238.29974  34.1%  99.2  360s
 34081 18742  238.43611  104  155  361.72000  238.36061  34.1%   101  367s
 34274 18847  238.54517  106  157  361.72000  238.36061  34.1%   101  372s
 34887 18846  238.71844  113  162  361.72000  238.44591  34.1%   103  377s
 35589 18888  248.10021  122  126  361.72000  238.44591  34.1%   104  382s
 35932 19105  239.04890  127  168  361.72000  238.44591  34.1%   104  385s
 36527 19603  255.88823  134  123  361.72000  238.49373  34.1%   105  391s
 37151 19609  239.18111  136  163  361.72000  238.49373  34.1%   104  395s
 37907 20324  239.48309  145  162  361.72000  238.49373  34.1%   105  402s
 38503 20575  266.56674  151   92  361.72000  238.49373  34.1%   105  407s
 39096 21090  239.63046  156  165  361.72000  238.49373  34.1%   105  411s
 39983 21510  239.81295  162  162  361.72000  238.49373  34.1%   105  415s
 41938 22684  239.93938  171  168  361.72000  238.49373  34.1%   104  422s
 43310 23392  240.23198  179  158  361.72000  238.61081  34.0%   103  426s
 44638 24741  240.28407  185  167  361.72000  238.74330  34.0%   101  432s
 47205 24935  240.48334  194  168  361.72000  238.74330  34.0%  98.6  435s
 49157 25297  240.65496  203  175  361.72000  238.74330  34.0%  97.5  442s
 49945 26380  240.69428  206  170  361.72000  238.74330  34.0%  97.1  446s
 51862 27472  240.80591  214  166  361.72000  238.88058  34.0%  95.8  450s
 53551 27961  267.49302  220  111  361.72000  238.88058  34.0%  94.8  455s
 55148 29178  241.04972  230  167  361.72000  238.88058  34.0%  94.3  460s
 57682 30684  241.13205  239  169  361.72000  238.88058  34.0%  92.6  466s
 59184 31007  241.23551  247  163  361.72000  238.88058  34.0%  92.2  473s
 60091 31130  241.33802  255  164  361.72000  239.08558  33.9%  92.7  477s
 60830 31609  241.46708  263  163  361.72000  239.08558  33.9%  93.5  481s
 61923 32752  241.56463  268  169  361.72000  239.08558  33.9%  93.5  485s
 64298 32673  267.29574  278  101  361.72000  239.08558  33.9%  92.7  490s
 66192 33653  257.52889  289  105  361.72000  239.13110  33.9%  92.3  496s
 67732 34103  241.93307  300  162  361.72000  239.13110  33.9%  92.4  502s
 68308 34513  242.05127  306  163  361.72000  239.13110  33.9%  92.9  505s
 70075 35221  242.25905  316  162  361.72000  239.13110  33.9%  92.9  511s
 71110 35325  266.52504  322   99  361.72000  239.28786  33.8%  93.3  517s
 71633 35534  242.37720  324  163  361.72000  239.28786  33.8%  93.4  521s
 72954 36617  242.54408  335  157  361.72000  239.28786  33.8%  94.1  527s
 74230 37533  242.62510  338  158  361.72000  239.28786  33.8%  93.8  533s
 76117 37045  242.77308  346  159  361.72000  239.32487  33.8%  93.3  535s
 76889 38024  242.90660  354  160  361.72000  239.32622  33.8%  93.8  540s
 78448 39048  243.04443  365  161  361.72000  239.32622  33.8%  94.0  547s
 79718 39496  243.12673  371  161  361.72000  239.32622  33.8%  93.6  550s
 81958 40106  243.22870  381  154  361.72000  239.32622  33.8%  93.1  555s
 84477 41919  243.35701  394  162  361.72000  239.43112  33.8%  92.9  561s
 86010 43035  243.47213  403  166  361.72000  239.47700  33.8%  92.8  566s
 87188 44258  243.52177  408  162  361.72000  239.52334  33.8%  92.6  571s
 89281 46382  243.58311  417  168  361.72000  239.52433  33.8%  91.7  579s
 90706 47023  243.61919  425  163  361.72000  239.52433  33.8%  91.7  581s
 91872 47844  243.83926  434  161  361.72000  239.52433  33.8%  91.8  585s
 93451 48871  243.91050  444  162  361.72000  239.52433  33.8%  91.9  590s
 94255 49965  243.95064  450  163  361.72000  239.52433  33.8%  92.1  596s
 96108 51299  244.05750  461  168  361.72000  239.52433  33.8%  92.1  602s
 96978 51663  244.09417  466  169  361.72000  239.63596  33.8%  92.4  605s
 98253 52328  251.53063  475  120  361.72000  239.63596  33.8%  93.0  611s
 99502 52613  244.33413  486  162  361.72000  239.63596  33.8%  93.6  617s
 99518 52625  244.37299  490  166  361.72000  239.63596  33.8%  93.6  621s
 100211 53095  244.41264  498  167  361.72000  239.63596  33.8%  93.7  628s
 100465 53334  244.41571  499  168  361.72000  239.63596  33.8%  93.8  631s
 100941 53466  244.44466  506  168  361.72000  239.63596  33.8%  94.1  635s
 102137 55064  244.58013  520  170  361.72000  239.63596  33.8%  94.8  641s
 103703 56201  244.61350  527  168  361.72000  239.63596  33.8%  94.3  645s
 105215 57859  244.66719  534  172  361.72000  239.63596  33.8%  93.9  650s
 108815 59478  244.75923  547  165  361.72000  239.78942  33.7%  92.6  656s
 111079 61264  244.81372  557  162  361.72000  239.89736  33.7%  92.0  661s
 113605 63909  244.83129  563  162  361.72000  239.92264  33.7%  90.8  666s
 115568 65590  244.85431  568  160  361.72000  239.97692  33.7%  89.9  670s
 117609 66380  245.03510  575  166  361.72000  240.05532  33.6%  89.0  690s
 118529 68282  245.08712  580  168  361.72000  240.10469  33.6%  88.8  695s
 119699 69649  245.09552  583  167  361.72000  240.10469  33.6%  88.3  700s
 123139 71767  245.14591  597  169  361.72000  240.12319  33.6%  87.4  705s
 125685 73743  245.25179  606  164  361.72000  240.21697  33.6%  86.7  711s
 127752 75917  245.37814  616  169  361.72000  240.24817  33.6%  86.3  716s
 130419 78257  245.48509  622  175  361.72000  240.30447  33.6%  85.1  720s
 133745 80913  245.81829  634  164  361.72000  240.33614  33.6%  84.1  726s
 134691 81889  245.87944  637  166  361.72000  240.33614  33.6%  83.8  730s
 136211 84134  245.92940  645  168  361.72000  240.42352  33.5%  83.4  736s
 139554 86256  246.00493  655  166  361.72000  240.48204  33.5%  82.3  740s
 142306 88574  246.07632  666  161  361.72000  240.57233  33.5%  81.6  746s
 145083 91244  246.19829  678  165  361.72000  240.68031  33.5%  81.0  751s
 147841 92857  246.29548  688  163  361.72000  240.69238  33.5%  80.2  756s
 149042 94670  246.35159  692  164  361.72000  240.74943  33.4%  79.9  761s
 149855 95806  246.39977  696  165  361.72000  240.76086  33.4%  79.8  765s
 151265 96531  298.88341  703  100  361.72000  240.76086  33.4%  79.7  770s
 153976 98299  246.58052  712  167  361.72000  240.77296  33.4%  79.3  776s
 155443 99722  272.50348  721  109  361.72000  240.78941  33.4%  79.1  780s
 157074 101181  246.85401  729  167  361.72000  240.78941  33.4%  79.0  785s
 159927 103091  246.94261  740  169  361.72000  240.87835  33.4%  78.6  791s
 161913 104477  247.03493  751  167  361.72000  240.87835  33.4%  78.7  796s
 163469 105230  247.08112  759  163  361.72000  240.90314  33.4%  78.7  801s
 165229 106482  247.13114  766  171  361.72000  240.90314  33.4%  78.5  807s
 166114 106542  247.20403  771  169  361.72000  241.02033  33.4%  78.6  810s
 167027 107169  247.31436  781  166  361.72000  241.05004  33.4%  78.8  817s
 167343 107879  247.34373  787  169  361.72000  241.05004  33.4%  78.8  822s
 168317 108827  247.40270  794  170  361.72000  241.05004  33.4%  78.9  826s
 171654 111840  247.49594  806  167  361.72000  241.14504  33.3%  78.5  832s
 173144 113066  247.56421  810  173  361.72000  241.14504  33.3%  78.2  835s
 176953 116047  247.64160  824  164  361.72000  241.14504  33.3%  77.5  841s
 179411 117459  247.73592  833  164  361.72000  241.30066  33.3%  77.1  846s
 180946 120168  247.76597  838  164  361.72000  241.30066  33.3%  76.7  853s
 182389 121339  247.79936  844  163  361.72000  241.30870  33.3%  76.4  855s
 185065 123212  247.84686  854  167  361.72000  241.30870  33.3%  76.0  860s
 187793 125483  248.17354  865  170  361.72000  241.43963  33.3%  75.6  865s
 190050 127038  248.40205  876  170  361.72000  241.47379  33.2%  75.4  870s
 191642 128348  248.50714  888  170  361.72000  241.51669  33.2%  75.5  875s
 194402 130253  248.55367  899  169  361.72000  241.61461  33.2%  75.1  881s
 196362 132744  248.61522  907  171  361.72000  241.64401  33.2%  74.9  886s
 199914 135099  248.82811  917  170  361.72000  241.72960  33.2%  74.3  891s
 201674 136396  248.89805  923  170  361.72000  241.72960  33.2%  74.0  896s
 203429 137779  248.94844  934  165  361.72000  241.72960  33.2%  74.0  901s
 204804 138897  249.29848  941  164  361.72000  241.78980  33.2%  74.0  905s
 207065 140889  249.38497  951  162  361.72000  241.83036  33.1%  73.9  911s
 209847 142929  249.44540  963  165  361.72000  241.85243  33.1%  73.6  916s
 211160 144944  249.47172  969  161  361.72000  241.95111  33.1%  73.5  922s
 213333 145649  249.55479  977  167  361.72000  241.95111  33.1%  73.3  926s
 214612 146635  249.60388  984  161  361.72000  241.95111  33.1%  73.4  930s
 216460 148072  292.24033  992  111  361.72000  241.95111  33.1%  73.3  936s
 218365 149757  250.02115 1000  158  361.72000  242.04850  33.1%  73.1  940s
 221428 151683  250.12943 1013  157  361.72000  242.10974  33.1%  72.7  945s
 223123 153572  250.18907 1021  158  361.72000  242.10974  33.1%  72.6  950s
 226615 157052  250.38996 1033  155  361.72000  242.26529  33.0%  72.0  958s
 227892 157631  250.42061 1037  155  361.72000  242.26529  33.0%  71.8  960s
 230949 160537  251.13612 1049  161  361.72000  242.26529  33.0%  71.4  966s
 232653 161747  251.28291 1055  164  361.72000  242.34550  33.0%  71.2  971s
 233245 161756  279.54913 1058  122  361.72000  242.36928  33.0%  71.1  976s
 233268 161822  292.50928 1059  115  361.72000  242.36928  33.0%  71.1  981s
 233557 161982  251.43121 1065  164  361.72000  242.38132  33.0%  71.2  986s
 234388 163076  251.65838 1070  161  361.72000  242.40757  33.0%  71.2  991s
 236062 164422  251.86980 1078  161  361.72000  242.40757  33.0%  71.0  996s
 237516 165290  252.08074 1084  155  361.72000  242.40757  33.0%  70.9 1001s
 238619 166675  252.10743 1087  157  361.72000  242.44098  33.0%  70.8 1006s
 240147 168251  252.19816 1095  160  361.72000  242.44098  33.0%  70.7 1011s
 241269 169528  252.21245 1098  155  361.72000  242.44098  33.0%  70.5 1016s
 243571 171059  252.30607 1107  156  361.72000  242.52888  33.0%  70.2 1020s
 244806 171553  252.42226 1115  160  361.72000  242.52888  33.0%  70.2 1026s
 246053 172794  252.50557 1121  161  361.72000  242.55042  32.9%  70.3 1031s
 247800 174269  252.58245 1130  155  361.72000  242.55042  32.9%  70.1 1036s
 249360 175292  252.70653 1139  156  361.72000  242.55042  32.9%  70.0 1042s
 250801 175785  253.02405 1147  155  361.72000  242.59592  32.9%  70.1 1047s
 251268 176050  253.10142 1152  153  361.72000  242.59592  32.9%  70.1 1050s
 253495 177965  253.35540 1163  160  361.72000  242.65597  32.9%  70.0 1057s
 254391 178562  253.43323 1168  156  361.72000  242.65597  32.9%  70.0 1060s
 256128 180635  302.45655 1174   98  361.72000  242.66695  32.9%  69.9 1068s
 257587 181352  253.67077 1181  154  361.72000  242.71160  32.9%  69.7 1070s
 259906 182603  253.72018 1191  156  361.72000  242.74657  32.9%  69.6 1077s
 260971 184578  253.73910 1193  158  361.72000  242.79371  32.9%  69.5 1082s
 263256 186349  253.84063 1201  157  361.72000  242.79371  32.9%  69.2 1087s
 265197 187879  253.98663 1208  152  361.72000  242.83178  32.9%  69.0 1091s
 266802 189449  254.04246 1215  155  361.72000  242.88767  32.9%  68.9 1095s
 268476 190842  254.08794 1221  156  361.72000  242.92656  32.8%  68.7 1100s
 270328 192633  254.14748 1229  154  361.72000  242.96067  32.8%  68.5 1105s
 272520 194560  254.16449 1233  151  361.72000  242.98111  32.8%  68.3 1111s
 274657 196207  254.21413 1237  151  361.72000  242.99299  32.8%  68.1 1115s
 276430 198107  321.31563 1244   95  361.72000  242.99299  32.8%  67.9 1121s
 278381 199601  254.75209 1251  158  361.72000  243.13923  32.8%  67.7 1125s
 280801 201650  254.82972 1262  158  361.72000  243.19187  32.8%  67.5 1131s
 282200 202966  254.96245 1270  159  361.72000  243.19187  32.8%  67.5 1135s
 284565 204076  255.12674 1281  156  361.72000  243.25386  32.8%  67.4 1141s
 286016 205851  255.24731 1290  158  361.72000  243.26381  32.7%  67.4 1147s
 288058 206877  255.32986 1300  160  361.72000  243.26381  32.7%  67.3 1151s
 289477 208032  255.43435 1309  153  361.72000  243.37950  32.7%  67.3 1155s
 291502 209632  255.52944 1317  153  361.72000  243.37950  32.7%  67.2 1160s
 293687 210780  255.62780 1329  154  361.72000  243.40850  32.7%  67.3 1166s
 295103 211656  255.70469 1338  156  361.72000  243.40850  32.7%  67.4 1170s
 297193 213508  255.89952 1351  156  361.72000  243.47030  32.7%  67.5 1176s
 299875 215400  256.02966 1365  156  361.72000  243.48272  32.7%  67.4 1181s
 300743 215725  256.06446 1371  154  361.72000  243.48272  32.7%  67.5 1185s
 301203 216353  256.22861 1377  155  361.72000  243.48272  32.7%  67.5 1190s
 303990 217946  256.57420 1398  155  361.72000  243.54436  32.7%  67.6 1196s
 306329 219524  256.67879 1412  154  361.72000  243.54436  32.7%  67.6 1201s
 308572 221148  256.84633 1424  155  361.72000  243.64711  32.6%  67.6 1206s
 310594 222002  256.97352 1434  154  361.72000  243.71365  32.6%  67.5 1211s
 313068 223732  257.21647 1450  155  361.72000  243.76154  32.6%  67.7 1217s
 314449 224610  258.60673 1455  148  361.72000  243.76154  32.6%  67.6 1220s
 317099 226323  258.84891 1465  148  361.72000  243.78500  32.6%  67.5 1225s
 319120 227919  259.29705 1476  150  361.72000  243.85515  32.6%  67.4 1231s
 322161 230711  260.36243 1489  154  361.72000  243.87934  32.6%  67.2 1236s
 324976 232995  260.58835 1499  150  361.72000  243.92740  32.6%  67.0 1241s
 327346 234743  265.66999 1509  151  361.72000  244.00386  32.5%  66.8 1246s
 328930 235716  266.89836 1521  148  361.72000  244.01551  32.5%  66.9 1251s
 330465 236720  268.15213 1531  143  361.72000  244.01551  32.5%  66.9 1256s
 332201 238289     cutoff 1543       361.72000  244.03845  32.5%  66.9 1261s
 334106 239420  268.97901 1557  144  361.72000  244.03845  32.5%  66.9 1266s
 336019 240457  269.46273 1572  144  361.72000  244.11616  32.5%  66.9 1270s
 336880 241212  274.86745 1582  138  361.72000  244.12419  32.5%  66.9 1275s
 338768 242508  276.54623 1598  142  361.72000  244.12419  32.5%  66.9 1280s
 340910 243504  277.36755 1616  138  361.72000  244.24540  32.5%  66.9 1285s
 342934 245440  278.27733 1633  138  361.72000  244.26689  32.5%  66.8 1290s
 345462 246919  280.25934 1658  133  361.72000  244.26689  32.5%  66.8 1298s
 346196 247406  280.75029 1673  134  361.72000  244.26689  32.5%  66.8 1300s
 347967 248068  283.26205 1707  138  361.72000  244.26689  32.5%  67.0 1305s
 348178 248563     cutoff 1720       361.72000  244.26689  32.5%  67.0 1311s
 350108 249872  289.27776 1763  133  361.72000  244.26689  32.5%  67.1 1317s
 351189 250651     cutoff 1797       361.72000  244.26689  32.5%  67.1 1320s
 353895 252757  276.95174  185   96  361.72000  244.39448  32.4%  67.0 1325s
 357072 255264     cutoff  483       361.72000  244.41466  32.4%  67.0 1332s
 359105 256372  286.24486  144   91  361.72000  244.43402  32.4%  67.0 1336s
 360383 257149  282.11041  193   81  361.72000  244.44989  32.4%  67.0 1342s
 361194 257656  271.36763  479   90  361.72000  244.44989  32.4%  67.1 1345s
 363044 258786  270.80872  361  100  361.72000  244.46845  32.4%  67.2 1351s
 365101 259767  279.72628  216   85  361.72000  244.51870  32.4%  67.3 1355s
 367298 261281  254.60061  540  121  361.72000  244.57516  32.4%  67.2 1360s
 369927 263893  264.54864  716  117  361.72000  244.62276  32.4%  67.1 1367s
 372068 265335     cutoff  196       361.72000  244.65116  32.4%  67.0 1371s
 374181 267135  278.65250  692   97  361.72000  244.66199  32.4%  66.9 1376s
 375182 268329  287.73870  944   95  361.72000  244.66849  32.4%  66.8 1380s
 377411 269776  276.92848  555   95  361.72000  244.68058  32.4%  66.7 1385s
 379846 271395  296.79182  838   96  361.72000  244.68058  32.4%  66.7 1391s
 381691 272780  279.47111  678   93  361.72000  244.68058  32.4%  66.6 1395s
 384482 275055  292.83328  234   78  361.72000  244.74806  32.3%  66.5 1401s
 386209 276509  270.53958  666  102  361.72000  244.74806  32.3%  66.4 1405s
 388364 277706  277.63356  138   85  361.72000  244.80019  32.3%  66.3 1410s
 389697 278954     cutoff  188       361.72000  244.80019  32.3%  66.3 1416s
 391676 280306  253.51438  239  122  361.72000  244.82681  32.3%  66.3 1420s
 394338 282266  272.22902  593  114  361.72000  244.82865  32.3%  66.2 1426s
 396019 283822  249.15898  219  121  361.72000  244.84634  32.3%  66.2 1430s
 398464 285476  258.69700  571  119  361.72000  244.89516  32.3%  66.1 1436s
 400229 286671  268.87820  435  104  361.72000  244.89795  32.3%  66.0 1440s
 402617 288628  285.52496  730  101  361.72000  244.92078  32.3%  65.9 1445s
 404197 290567  277.76957  155   84  361.72000  244.93767  32.3%  65.9 1452s
 406322 291486  273.76676  300  100  361.72000  244.99437  32.3%  65.8 1456s
 408807 293107  271.19094   85   69  361.72000  245.01854  32.3%  65.8 1461s
 410366 294117  267.21563  164   80  361.72000  245.01854  32.3%  65.7 1465s
 412462 295253  295.85718  737   94  361.72000  245.05297  32.3%  65.8 1471s
 413500 295955  275.05860  151   81  361.72000  245.05297  32.3%  65.8 1475s
 416143 297474  262.90467  159   88  361.72000  245.13515  32.2%  65.8 1482s
 417541 297611  272.18254  173   89  361.72000  245.16671  32.2%  65.9 1485s
 419042 298563  278.97814  215   88  361.72000  245.16671  32.2%  66.0 1493s
 420157 298692  283.29174  252   89  361.72000  245.16671  32.2%  66.0 1495s
 421662 299968  295.80077  336   90  361.72000  245.17650  32.2%  66.1 1500s
 423322 301339  268.38662  170   97  361.72000  245.17650  32.2%  66.0 1506s
 425589 302463  253.00037  133  127  361.72000  245.26096  32.2%  65.9 1510s
 427668 304156     cutoff  521       361.72000  245.27926  32.2%  65.9 1517s
 429203 305319  279.75459  272  105  361.72000  245.29942  32.2%  65.9 1521s
 430889 306749  266.84636  247   92  361.72000  245.34306  32.2%  65.9 1525s
 433187 308219  282.55208   58   72  361.72000  245.34784  32.2%  65.9 1532s
 433827 309299  271.50268  543  102  361.72000  245.36441  32.2%  65.9 1536s
 436246 310383  324.16113  593   55  361.72000  245.42195  32.2%  65.8 1540s
 437898 311529  290.36008  287   94  361.72000  245.43821  32.1%  65.8 1546s
 439261 312720  273.53201  659  101  361.72000  245.43821  32.1%  65.8 1550s
 441641 314017     cutoff  110       361.72000  245.50265  32.1%  65.8 1556s
 443463 315540  284.77957  353   98  361.72000  245.50265  32.1%  65.8 1560s
 445663 317698  269.75871  548  101  361.72000  245.60486  32.1%  65.7 1565s
 448862 320604  293.62537  857   97  361.72000  245.61249  32.1%  65.5 1573s
 450501 321224  271.27877  112   86  361.72000  245.64000  32.1%  65.4 1575s
 453124 323498  289.12680  809   93  361.72000  245.66663  32.1%  65.2 1580s
 454942 324665  278.65320  652   98  361.72000  245.69011  32.1%  65.2 1585s
 457157 326503  282.24706  228   85  361.72000  245.70406  32.1%  65.1 1590s
 458964 327541  260.93283  198  110  361.72000  245.72909  32.1%  65.2 1595s
 461298 329181  262.90005  232  115  361.72000  245.75999  32.1%  65.2 1600s
 463585 330268  266.38957  282  105  361.72000  245.75999  32.1%  65.2 1608s
 464126 331697  267.85285  305  108  361.72000  245.76644  32.1%  65.3 1611s
 466900 332655     cutoff  362       361.72000  245.79884  32.0%  65.3 1616s
 469407 334389  277.45202  444  100  361.72000  245.85235  32.0%  65.3 1621s
 471423 335502  289.71546  526   97  361.72000  245.87015  32.0%  65.3 1626s
 473507 337326     cutoff  291       361.72000  245.91015  32.0%  65.2 1630s
 476315 339145  290.82503  255   84  361.72000  245.94755  32.0%  65.1 1635s
 478377 341052  290.98529  258   83  361.72000  245.95418  32.0%  65.0 1643s
 479520 341569  263.10469  215  102  361.72000  245.96730  32.0%  65.0 1645s
 482326 344141  260.08170  162  102  361.72000  246.03305  32.0%  65.0 1651s
 485415 346647  269.76505  367  105  361.72000  246.03305  32.0%  64.8 1656s
 488507 349211  290.35617  238   87  361.72000  246.07970  32.0%  64.6 1661s
 491222 351627  267.71322  653  105  361.72000  246.11766  32.0%  64.5 1665s
 492945 353352  262.56665  658  102  361.72000  246.12875  32.0%  64.4 1670s
 496290 355487  268.69800  247   99  361.72000  246.16170  31.9%  64.3 1675s
 499230 357908  288.44059  251   86  361.72000  246.18334  31.9%  64.1 1680s
 501571 359909  314.09258  398   91  361.72000  246.18793  31.9%  64.0 1686s
 503760 361336  299.39799  180   88  361.72000  246.22255  31.9%  64.0 1690s
 505705 363143  259.14285  124   98  361.72000  246.22651  31.9%  63.9 1695s
 507519 364508  284.30649  122   83  361.72000  246.24040  31.9%  63.9 1700s
 510424 366211  280.71567  720  104  361.72000  246.25819  31.9%  63.9 1706s
 512303 367420  261.89169  255  105  361.72000  246.29593  31.9%  64.0 1711s
 514460 368905  284.86553  962   95  361.72000  246.29598  31.9%  63.9 1715s
 517114 370933  270.67140  129   86  361.72000  246.29598  31.9%  63.8 1720s
 520078 373554  263.99841  211   98  361.72000  246.36240  31.9%  63.7 1726s
 522867 375962     cutoff  587       361.72000  246.39237  31.9%  63.6 1733s
 523631 376525  247.95298  344  132  361.72000  246.39522  31.9%  63.5 1735s
 525320 378976  251.39616  504  139  361.72000  246.39695  31.9%  63.5 1741s
 528023 380695  258.42859  745  123  361.72000  246.41429  31.9%  63.4 1745s
 530737 382351  275.05088  252   98  361.72000  246.46014  31.9%  63.3 1751s
 532862 384121  271.75619  257   96  361.72000  246.48227  31.9%  63.3 1756s
 535250 385555  291.00820  295   88  361.72000  246.49633  31.9%  63.3 1761s
 536835 386539  285.35491  160   84  361.72000  246.52532  31.8%  63.3 1765s
 539721 388452  262.55285  306  105  361.72000  246.53910  31.8%  63.2 1771s
 541832 390828  276.21450  213   93  361.72000  246.55481  31.8%  63.1 1776s
 543836 392632  309.82375  507   89  361.72000  246.55481  31.8%  63.1 1780s
 545911 394364  268.51693  227   97  361.72000  246.58037  31.8%  63.0 1785s
 548699 396161  298.94628  714   77  361.72000  246.61055  31.8%  63.0 1791s
 550397 397214  285.13994  447   88  361.72000  246.62404  31.8%  63.0 1796s
 551894 397765  286.21990  258   95  361.72000  246.62404  31.8%  63.1 1800s
 553595 398827     cutoff   84       361.72000  246.66015  31.8%  63.1 1805s
 555538 399808  287.83545  437   96  361.72000  246.68781  31.8%  63.1 1810s
 557860 400835  279.92252  160   78  361.72000  246.71257  31.8%  63.2 1816s
 559352 401506  286.15493  363   96  361.72000  246.71728  31.8%  63.3 1820s
 561017 403028  272.79025  180   87  361.72000  246.73298  31.8%  63.3 1825s
 563474 404564  284.43044  302   94  361.72000  246.76064  31.8%  63.3 1831s
 565391 405612  279.85498  145   80  361.72000  246.79048  31.8%  63.3 1835s
 567441 407773  286.88046   49   72  361.72000  246.80074  31.8%  63.2 1843s
 568465 408643  279.24974  754   95  361.72000  246.81167  31.8%  63.2 1845s
 571329 410435  288.30266  368   92  361.72000  246.82887  31.8%  63.2 1850s
 573647 412909  298.30200  472  100  361.72000  246.86614  31.8%  63.2 1855s
 576435 414839  266.28790  810  102  361.72000  246.86769  31.8%  63.1 1860s
 578885 416916  276.70502  355  102  361.72000  246.90299  31.7%  63.0 1866s
 581309 418622  259.41361  166  123  361.72000  246.90966  31.7%  63.0 1871s
 582888 419380  291.66650  772  103  361.72000  246.90966  31.7%  63.0 1875s
 585140 421477  274.30524  306   96  361.72000  246.96330  31.7%  62.9 1880s
 587742 423172     cutoff  403       361.72000  246.97531  31.7%  62.9 1885s
 589905 424709     cutoff  240       361.72000  246.99867  31.7%  62.9 1890s
 591955 425853 infeasible  679       361.72000  247.00508  31.7%  62.9 1895s
 594617 427734  283.12056  981   96  361.72000  247.02940  31.7%  62.9 1901s
 596647 429382  275.02451  860  105  361.72000  247.02940  31.7%  62.9 1907s
 598485 430070  288.28809  915   91  361.72000  247.02940  31.7%  62.9 1910s
 600150 432041  283.28418  450   98  361.72000  247.07166  31.7%  62.9 1915s
 602906 432950     cutoff  252       361.72000  247.08763  31.7%  63.0 1920s
 605123 433969  287.54943   95   87  361.72000  247.08763  31.7%  63.1 1926s
 606895 434631  275.34279  766   99  361.72000  247.11250  31.7%  63.2 1931s
 609345 436254  273.82654  279  106  361.72000  247.11538  31.7%  63.3 1936s
 610907 436767  293.09215  588   96  361.72000  247.13513  31.7%  63.3 1941s
 612608 438055  276.80700  176   78  361.72000  247.15363  31.7%  63.3 1946s
 613901 438648  273.64870  765  108  361.72000  247.17671  31.7%  63.3 1950s
 615343 439902  272.41317  148  102  361.72000  247.19080  31.7%  63.3 1955s
 616939 441741  289.97220  343   72  361.72000  247.21723  31.7%  63.3 1960s
 620760 444484  293.20494  221   71  361.72000  247.25397  31.6%  63.2 1966s
 623417 447141  271.16456  416   98  361.72000  247.26610  31.6%  63.1 1971s
 625424 448288  279.32262  257   90  361.72000  247.27040  31.6%  63.0 1975s
 627386 448995     cutoff  210       361.72000  247.27438  31.6%  63.0 1980s
 629042 450200  273.56435  690  113  361.72000  247.29480  31.6%  63.1 1985s
 632229 452427  272.57910  241   90  361.72000  247.32602  31.6%  63.0 1991s
 634339 453596  289.32927  327   97  361.72000  247.32602  31.6%  63.1 1996s
 636005 454437  300.31329  310   85  361.72000  247.34639  31.6%  63.1 2000s
 638251 455883  267.63587  289  113  361.72000  247.35479  31.6%  63.2 2005s
 641220 457941  252.26015   65  111  361.72000  247.40262  31.6%  63.1 2012s
 642986 458637  280.95154  774   88  361.72000  247.41174  31.6%  63.1 2015s
 645023 459462  264.60641  199  104  361.72000  247.41174  31.6%  63.3 2021s
 647282 460781  274.85917  202   89  361.72000  247.44283  31.6%  63.3 2025s
 650056 463499  270.12902  173   73  361.72000  247.48724  31.6%  63.2 2031s
 651689 464248  249.05307  209  124  361.72000  247.49979  31.6%  63.2 2035s
 654393 466097  271.53368  564  111  361.72000  247.49979  31.6%  63.1 2040s
 656142 467539  271.28505  781   94  361.72000  247.52447  31.6%  63.1 2046s
 658157 468426  268.07165  238   92  361.72000  247.53986  31.6%  63.1 2050s
 661156 470174  279.47793  178   75  361.72000  247.58386  31.6%  63.1 2056s
 662744 471658  285.85768  266   81  361.72000  247.59507  31.6%  63.1 2060s
 665726 473973  259.12712  354  116  361.72000  247.61718  31.5%  63.0 2065s
 667863 476134  264.48209  443  120  361.72000  247.62201  31.5%  63.0 2070s
 670484 477305  248.38155   92  114  361.72000  247.65258  31.5%  62.9 2075s
 672113 478262  290.00253  348  100  361.72000  247.65258  31.5%  62.9 2081s
 673488 479074  291.42677  402  107  361.72000  247.65258  31.5%  63.0 2085s
 675799 480344  293.41217  340   85  361.72000  247.65258  31.5%  63.0 2092s
 677650 481516  282.06748  255   85  361.72000  247.70251  31.5%  63.0 2096s
 679780 483564  250.99257  260  111  361.72000  247.72750  31.5%  63.0 2101s
 681838 484714  261.49911  432  109  361.72000  247.73052  31.5%  62.9 2106s
 683535 486489  274.25236   73   88  361.72000  247.74257  31.5%  62.9 2110s
 686568 489008  298.59829  334   88  361.72000  247.77981  31.5%  62.8 2117s
 688515 490103     cutoff  338       361.72000  247.79530  31.5%  62.7 2121s
 689997 490457  273.42904  372  102  361.72000  247.79764  31.5%  62.8 2125s
 692337 492134     cutoff  441       361.72000  247.79764  31.5%  62.8 2131s
 694022 493075     cutoff  524       361.72000  247.81226  31.5%  62.8 2135s
 696748 495245  298.04285 1013   92  361.72000  247.83511  31.5%  62.7 2140s
 699343 497390  283.62198  518   96  361.72000  247.85452  31.5%  62.7 2146s
 701408 499203 infeasible  723       361.72000  247.86959  31.5%  62.6 2152s
 703507 500373  272.14289  187   88  361.72000  247.88559  31.5%  62.6 2155s
 705480 501601  289.39995  400   98  361.72000  247.89146  31.5%  62.6 2160s
 707810 503348  275.95924  880  102  361.72000  247.90496  31.5%  62.6 2166s
 709563 505273  274.34093  899   93  361.72000  247.92228  31.5%  62.5 2170s
 712482 507417     cutoff  384       361.72000  247.93319  31.5%  62.4 2175s
 715066 509028  255.02949  189  118  361.72000  247.94388  31.5%  62.4 2181s
 715910 510249  257.32220  261  121  361.72000  247.95132  31.5%  62.4 2186s
 718964 512734  281.80072  158   89  361.72000  247.95859  31.5%  62.3 2191s
 720738 513679  277.89779  227   99  361.72000  247.95859  31.5%  62.2 2195s
 722722 515247     cutoff  169       361.72000  247.97622  31.4%  62.2 2200s
 724602 516746  295.10556  347   87  361.72000  247.99394  31.4%  62.3 2205s
 726956 518545  271.03456  175   82  361.72000  248.01112  31.4%  62.3 2212s
 728626 519445     cutoff  905       361.72000  248.01666  31.4%  62.2 2215s
 730665 520826  264.95073  290  104  361.72000  248.02490  31.4%  62.3 2223s
 731399 521296  282.55822  384   93  361.72000  248.02490  31.4%  62.3 2226s
 732221 521468  290.55028  822   91  361.72000  248.02500  31.4%  62.4 2231s
 733284 522055  297.20810  856   92  361.72000  248.02500  31.4%  62.5 2238s
 734349 522980     cutoff  918       361.72000  248.02500  31.4%  62.5 2241s
 736653 524428  270.66633  354  105  361.72000  248.03959  31.4%  62.5 2246s
 738660 526009  278.97406  411   98  361.72000  248.03959  31.4%  62.5 2251s
 740408 526638     cutoff  498       361.72000  248.06868  31.4%  62.5 2256s
 742019 527829  287.97919  232   90  361.72000  248.08233  31.4%  62.5 2261s
 744008 529165  291.48423  335   86  361.72000  248.08233  31.4%  62.6 2265s
 745671 530590  280.20665  937  101  361.72000  248.11559  31.4%  62.6 2270s
 748529 532619  289.27398  521   92  361.72000  248.11564  31.4%  62.5 2275s
 750559 533960  286.38653 1011  101  361.72000  248.14418  31.4%  62.5 2280s
 752852 535762  250.72438  148  113  361.72000  248.16806  31.4%  62.5 2286s
 755716 537767  271.27170  728  108  361.72000  248.16806  31.4%  62.5 2291s
 757220 539203  303.33952  146   77  361.72000  248.16806  31.4%  62.5 2295s
 759747 541039  273.73751  301   78  361.72000  248.21822  31.4%  62.4 2300s
 761791 542318  278.19024  892   97  361.72000  248.21822  31.4%  62.4 2305s
 764070 543870  283.87753  928   98  361.72000  248.24541  31.4%  62.4 2310s
 766067 545171  291.14848  988   94  361.72000  248.24822  31.4%  62.4 2315s
 768652 546920  292.18268  306   80  361.72000  248.27685  31.4%  62.4 2321s
 770399 548653  269.31559  306   94  361.72000  248.28742  31.4%  62.4 2325s
 773048 550047  282.70067  375   89  361.72000  248.29994  31.4%  62.3 2331s
 775522 551974  274.10437  920  110  361.72000  248.31469  31.4%  62.3 2338s
 776673 552474  271.22590  334   97  361.72000  248.31469  31.4%  62.3 2340s
 778647 553808  297.04289 1018   97  361.72000  248.33392  31.3%  62.3 2345s
 781134 556189  300.48499  285   73  361.72000  248.35508  31.3%  62.2 2350s
 782816 556789     cutoff  312       361.72000  248.36873  31.3%  62.2 2355s
 784980 559474  293.94431  363  102  361.72000  248.36992  31.3%  62.1 2361s
 787336 560927  326.55857  338   75  361.72000  248.38614  31.3%  62.1 2365s
 789990 562724  303.99041  418   87  361.72000  248.39274  31.3%  62.1 2372s
 791959 564182  272.91906  461  102  361.72000  248.42060  31.3%  62.0 2375s
 794515 565918  273.45615  366  101  361.72000  248.42739  31.3%  62.0 2380s
 796238 566956     cutoff   55       361.72000  248.44262  31.3%  62.0 2386s
 797637 568057  276.59442  781  104  361.72000  248.45141  31.3%  62.0 2391s
 799338 569079  273.54470  195  102  361.72000  248.45223  31.3%  62.1 2395s
 801987 570990  286.21733  268   79  361.72000  248.48426  31.3%  62.1 2400s
 805117 573561  283.20875  388   94  361.72000  248.50393  31.3%  62.0 2407s
 806358 574479  277.71792  258  101  361.72000  248.51973  31.3%  62.0 2410s
 808996 576460  278.00384  209   79  361.72000  248.54402  31.3%  62.0 2415s
 811776 578292  283.24311  312   88  361.72000  248.55209  31.3%  61.9 2420s
 813681 579084  288.39707 1062   96  361.72000  248.56260  31.3%  61.9 2425s
 813962 579510  289.75249 1065   99  361.72000  248.56260  31.3%  61.9 2431s
 815392 580683  279.80113  284   86  361.72000  248.58314  31.3%  61.9 2436s
 816308 581260  300.92971   67   90  361.72000  248.58777  31.3%  61.9 2440s
 818693 583133     cutoff  341       361.72000  248.58913  31.3%  61.9 2446s
 820975 584322     cutoff  480       361.72000  248.60304  31.3%  61.9 2450s
 823269 586074  302.29399  386   95  361.72000  248.62025  31.3%  61.9 2455s
 825887 588357     cutoff  390       361.72000  248.64457  31.3%  61.8 2460s
 828642 589768  281.55258  121   84  361.72000  248.65727  31.3%  61.8 2465s
 830551 591845  278.84891  310  101  361.72000  248.66332  31.3%  61.8 2471s
 832531 593327  284.49361   89   70  361.72000  248.68030  31.3%  61.7 2475s
 834175 594905     cutoff  411       361.72000  248.68794  31.2%  61.7 2480s
 837670 596846  279.60278  333   92  361.72000  248.70062  31.2%  61.7 2486s
 839960 598330  287.28109  403   88  361.72000  248.70798  31.2%  61.7 2490s
 842011 599864  270.19564  786   96  361.72000  248.73077  31.2%  61.7 2495s
 844364 601377  266.91294  910  109  361.72000  248.74912  31.2%  61.7 2500s
 846521 602961  271.99581  940  101  361.72000  248.75788  31.2%  61.7 2505s
 849002 604883  276.61016  982  105  361.72000  248.77337  31.2%  61.7 2512s
 850806 605693  281.64733 1016  106  361.72000  248.78106  31.2%  61.7 2516s
 853324 608098  286.94995 1060  100  361.72000  248.80101  31.2%  61.7 2521s
 855451 609621  301.94078  207   73  361.72000  248.81415  31.2%  61.6 2525s
 857554 611588  284.29064  378   92  361.72000  248.82022  31.2%  61.6 2530s
 860344 613311  271.61341  286   97  361.72000  248.83503  31.2%  61.6 2535s
 862333 614820  293.51487 1033  100  361.72000  248.83503  31.2%  61.6 2540s
 863552 615663  290.65597  166   95  361.72000  248.84965  31.2%  61.6 2548s
 864133 616630  249.65432  215  129  361.72000  248.84965  31.2%  61.6 2551s
 866670 618010  294.91423  306   74  361.72000  248.86789  31.2%  61.6 2555s
 868977 619746  290.22023  373   83  361.72000  248.89638  31.2%  61.6 2561s
 871958 621678  288.12021  455   94  361.72000  248.90361  31.2%  61.6 2566s
 874234 623029     cutoff  350       361.72000  248.90921  31.2%  61.7 2572s
 876056 624259  296.33344 1097   94  361.72000  248.90921  31.2%  61.7 2575s
 878733 625760  253.47204   87  101  361.72000  248.91415  31.2%  61.7 2582s
 880343 626688  255.33587  110  100  361.72000  248.91886  31.2%  61.7 2586s
 882190 627941     cutoff  132       361.72000  248.94762  31.2%  61.7 2590s
 884981 629726  260.35246  167   98  361.72000  248.94762  31.2%  61.7 2596s
 887381 631324     cutoff  191       361.72000  248.97383  31.2%  61.7 2601s
 889837 633244  264.68488  227  101  361.72000  248.98320  31.2%  61.7 2606s
 891410 634533  266.60374  255   98  361.72000  249.00595  31.2%  61.7 2610s
 894397 636164  271.35238  304  102  361.72000  249.02978  31.2%  61.7 2616s
 896648 637631  279.88587  364   99  361.72000  249.05235  31.1%  61.7 2621s
 899066 639536     cutoff  418       361.72000  249.07507  31.1%  61.7 2626s
 900963 641007  306.01312  930   65  361.72000  249.09824  31.1%  61.7 2630s
 903826 642517  274.37798  287  101  361.72000  249.10006  31.1%  61.6 2635s
 905885 643851  279.57448  424   91  361.72000  249.11540  31.1%  61.7 2640s
 907864 644842  288.94910  347   70  361.72000  249.12140  31.1%  61.7 2646s
 909112 645211  272.22239  180  118  361.72000  249.13310  31.1%  61.8 2651s
 910782 646011  278.89325  222  111  361.72000  249.13310  31.1%  61.9 2657s
 912407 646832  285.77959  286  111  361.72000  249.13310  31.1%  62.0 2662s
 913306 647009     cutoff  326       361.72000  249.13310  31.1%  62.1 2665s
 915118 648252  256.81641  270  116  361.72000  249.15484  31.1%  62.1 2671s
 917313 649723  258.37335  299  116  361.72000  249.17493  31.1%  62.1 2676s
 919625 651144  259.76260  328  119  361.72000  249.18467  31.1%  62.1 2681s
 921562 652572     cutoff  356       361.72000  249.18467  31.1%  62.2 2686s
 923744 653887  262.65917  381  118  361.72000  249.18467  31.1%  62.2 2691s
 925214 654649  263.63109  403  113  361.72000  249.22624  31.1%  62.2 2695s
 927566 656110  265.71698  439  118  361.72000  249.23552  31.1%  62.2 2700s
 929753 658098  268.59385  477  117  361.72000  249.23552  31.1%  62.2 2706s
 931451 659416  270.68791  503  109  361.72000  249.26616  31.1%  62.2 2710s
 933792 661231     cutoff  546       361.72000  249.28255  31.1%  62.2 2716s
 935732 662648  279.88620  575  106  361.72000  249.28719  31.1%  62.2 2720s
 937310 663457     cutoff  611       361.72000  249.28719  31.1%  62.2 2726s
 938984 664537  279.55225   96   64  361.72000  249.30446  31.1%  62.2 2731s
 940848 665611  306.48236  429   87  361.72000  249.31273  31.1%  62.2 2735s
 942760 667213  284.11581  997  102  361.72000  249.33324  31.1%  62.2 2740s
 944819 668539  305.91053  314   83  361.72000  249.35071  31.1%  62.2 2746s
 945627 669181  291.37309  388  102  361.72000  249.35071  31.1%  62.2 2751s
 947638 670201  279.89398  128   97  361.72000  249.36307  31.1%  62.2 2756s
 949530 671497     cutoff  428       361.72000  249.36307  31.1%  62.2 2761s
 951458 672975  296.98494  418   95  361.72000  249.36762  31.1%  62.2 2766s
 952442 674177  295.24197  410   94  361.72000  249.36762  31.1%  62.2 2770s
 955374 676257 infeasible  160       361.72000  249.39353  31.1%  62.1 2775s
 958620 678799     cutoff  199       361.72000  249.40957  31.0%  62.0 2781s
 959974 679584  302.82876  655   99  361.72000  249.40957  31.0%  62.0 2785s
 962348 681337  280.92400  307   77  361.72000  249.42933  31.0%  62.0 2790s
 964176 682545  278.36215  389   93  361.72000  249.44690  31.0%  62.0 2795s
 966505 684219  270.57214  296  102  361.72000  249.45140  31.0%  62.0 2800s
 967873 684778  284.20930  187   78  361.72000  249.45638  31.0%  62.0 2807s
 969960 686009  262.17334  217   96  361.72000  249.46811  31.0%  62.1 2811s
 971861 687475  286.23334  230   72  361.72000  249.47384  31.0%  62.1 2816s
 973787 688933  282.28375  529  101  361.72000  249.48685  31.0%  62.1 2820s
 975547 690374  252.61576  328  139  361.72000  249.49961  31.0%  62.0 2825s
 978114 691672  272.62527  669  124  361.72000  249.50882  31.0%  62.1 2831s
 979710 692803  281.46746  363   83  361.72000  249.52399  31.0%  62.1 2835s
 982100 694545  274.32101  988  107  361.72000  249.54120  31.0%  62.1 2843s
 983001 695208  301.80268 1113   96  361.72000  249.54287  31.0%  62.1 2845s
 985637 697307  294.44846  441   94  361.72000  249.56442  31.0%  62.1 2851s
 987436 698430  274.84145  381   89  361.72000  249.57620  31.0%  62.1 2855s
 989594 700109     cutoff  479       361.72000  249.57964  31.0%  62.1 2861s
 991564 701331  283.82487  236  101  361.72000  249.58826  31.0%  62.1 2865s
 993887 703052  275.19684  967   97  361.72000  249.60336  31.0%  62.1 2871s
 995790 704457     cutoff 1432       361.72000  249.60336  31.0%  62.0 2875s
 997363 705873  255.83116  444  133  361.72000  249.62348  31.0%  62.0 2880s
 998947 707065  264.42848  670  132  361.72000  249.64100  31.0%  62.0 2885s
 1001433 708154     cutoff  980       361.72000  249.65536  31.0%  62.1 2891s
 1002521 708549  271.53491  318  100  361.72000  249.66178  31.0%  62.1 2895s
 1004275 709575  282.58794  436   89  361.72000  249.66178  31.0%  62.2 2900s
 1007077 711187  277.53248  202   76  361.72000  249.67396  31.0%  62.2 2906s
 1009213 712726  275.27772  169   82  361.72000  249.67834  31.0%  62.2 2911s
 1010938 713655  293.65386  229   69  361.72000  249.70061  31.0%  62.2 2916s
 1012691 715253  291.00870  297   76  361.72000  249.71411  31.0%  62.2 2922s
 1014517 716644  280.94812  288   88  361.72000  249.73419  31.0%  62.2 2925s
 1017202 718500  276.81641  439   90  361.72000  249.74669  31.0%  62.1 2931s
 1018961 719790  280.62848  279   80  361.72000  249.75997  31.0%  62.1 2935s
 1020916 721127  297.00032  369  100  361.72000  249.77504  30.9%  62.1 2940s
 1022250 722222  299.07074  232   72  361.72000  249.78516  30.9%  62.2 2945s
 1024588 723763  272.46579  190   95  361.72000  249.79341  30.9%  62.2 2951s
 1025936 724889  295.76714  426   90  361.72000  249.79341  30.9%  62.2 2955s
 1027487 725663     cutoff  230       361.72000  249.81819  30.9%  62.2 2961s
 1029374 726876  304.83405  274   90  361.72000  249.82510  30.9%  62.2 2966s
 1030898 728023     cutoff  178       361.72000  249.84749  30.9%  62.2 2971s
 1032835 729185  268.20007   56   77  361.72000  249.85496  30.9%  62.3 2976s
 1034564 730288     cutoff  190       361.72000  249.85718  30.9%  62.3 2981s
 1036468 731631     cutoff  247       361.72000  249.88631  30.9%  62.3 2986s
 1038276 733038  273.87006  121   85  361.72000  249.90224  30.9%  62.3 2990s
 1041051 734675  279.18477  117   81  361.72000  249.91854  30.9%  62.3 2997s
 1042052 735735  289.70386  417   89  361.72000  249.92346  30.9%  62.3 3000s
 1044778 737164     cutoff  439       361.72000  249.93078  30.9%  62.3 3006s
 1046286 738199     cutoff   79       361.72000  249.93848  30.9%  62.3 3010s
 1049032 740015  291.57846  327   76  361.72000  249.95697  30.9%  62.2 3015s
 1051520 741661  304.12287   78   75  361.72000  249.96859  30.9%  62.2 3021s
 1052895 742410  276.26187  140   66  361.72000  249.97840  30.9%  62.2 3025s
 1054909 743564  317.74785  450   75  361.72000  249.99200  30.9%  62.2 3030s
 1056828 745303  279.15665  234   84  361.72000  250.01224  30.9%  62.2 3038s
 1058773 746373  289.30882  176   96  361.72000  250.02010  30.9%  62.2 3041s
 1060256 747068  275.20531  307  108  361.72000  250.02403  30.9%  62.2 3045s
 1062005 748445  266.45869  540  122  361.72000  250.03770  30.9%  62.3 3051s
 1063731 749615  285.77382  746  112  361.72000  250.04041  30.9%  62.3 3055s
 1065269 751166  281.87267  111   75  361.72000  250.05478  30.9%  62.3 3060s
 1067473 752471  275.41204  103   82  361.72000  250.07199  30.9%  62.3 3065s
 1069498 753719  302.69280  501   93  361.72000  250.07418  30.9%  62.2 3071s
 1071130 755053  287.16542  398   85  361.72000  250.08249  30.9%  62.2 3076s
 1072047 755844  276.25383  447  101  361.72000  250.08633  30.9%  62.2 3080s
 1073815 756308 infeasible  332       361.72000  250.08633  30.9%  62.2 3086s
 1074599 757534  285.72925  449   92  361.72000  250.11316  30.9%  62.2 3091s
 1076591 758939     cutoff  338       361.72000  250.12749  30.9%  62.2 3096s
 1078627 760408  276.09313  265   98  361.72000  250.13771  30.8%  62.2 3100s
 1080985 761836  310.09862  447   91  361.72000  250.14995  30.8%  62.2 3106s
 1083444 763742     cutoff  239       361.72000  250.16142  30.8%  62.2 3112s
 1085349 765250  277.43168  393   95  361.72000  250.17485  30.8%  62.1 3116s
 1086980 766401  287.56420  487   93  361.72000  250.17731  30.8%  62.1 3121s
 1088755 767779  298.42061  408   87  361.72000  250.18670  30.8%  62.1 3126s
 1090543 768954  295.98697  404   83  361.72000  250.19996  30.8%  62.1 3130s
 1092947 770135  284.30238  495   92  361.72000  250.20422  30.8%  62.1 3136s
 1094469 770866     cutoff  202       361.72000  250.21887  30.8%  62.2 3140s
 1096694 772256  264.41731  212   90  361.72000  250.22919  30.8%  62.2 3147s
 1098265 773385  312.78486  284   88  361.72000  250.24388  30.8%  62.2 3151s
 1099780 774230  292.13412 1075   99  361.72000  250.26986  30.8%  62.2 3155s
 1101482 775541  255.16693  240  120  361.72000  250.28968  30.8%  62.2 3161s
 1103331 776778  268.72133  494  123  361.72000  250.30594  30.8%  62.2 3165s
 1105847 778266  280.63119  197   92  361.72000  250.31778  30.8%  62.2 3172s
 1107356 779209  317.52296  489   93  361.72000  250.32386  30.8%  62.2 3176s
 1108966 779990  286.83864  373   74  361.72000  250.34305  30.8%  62.2 3180s
 1110647 780727     cutoff  124       361.72000  250.35507  30.8%  62.3 3185s
 1112833 782170  273.49097  908  104  361.72000  250.36482  30.8%  62.3 3191s
 1114578 783131  284.55209  244   72  361.72000  250.37955  30.8%  62.3 3196s
 1116258 784508  290.80672  384   86  361.72000  250.39280  30.8%  62.3 3202s
 1118109 785493  288.67261  448   97  361.72000  250.39674  30.8%  62.3 3206s
 1119833 786201     cutoff  399       361.72000  250.40928  30.8%  62.3 3210s
 1122050 787367  299.50163  491   95  361.72000  250.41756  30.8%  62.4 3216s
 1123714 788487  251.83929 1036  132  361.72000  250.42432  30.8%  62.3 3220s
 1126041 789824  267.40149 1257  118  361.72000  250.43786  30.8%  62.4 3227s
 1127689 790877  291.22204 1514   98  361.72000  250.44755  30.8%  62.4 3231s
 1129022 791710  296.66447  287   69  361.72000  250.45673  30.8%  62.4 3235s
 1130915 793139  292.97924  325   88  361.72000  250.46206  30.8%  62.4 3241s
 1132752 794203  295.79783  200   80  361.72000  250.47552  30.8%  62.4 3245s
 1134814 794868  292.21321  410   98  361.72000  250.48678  30.8%  62.4 3251s
 1136258 796155  271.43804  374  105  361.72000  250.49557  30.7%  62.4 3255s
 1138182 797711  322.43592  116   82  361.72000  250.51048  30.7%  62.4 3260s
 1140800 799872  272.97549  308  103  361.72000  250.52509  30.7%  62.4 3266s
 1142691 800952  300.91751  213   76  361.72000  250.53663  30.7%  62.4 3270s
 1144107 801826  270.18555  409   94  361.72000  250.54931  30.7%  62.4 3275s
 1145490 802517     cutoff  465       361.72000  250.55540  30.7%  62.4 3281s
 1147210 803517  291.28689  253   80  361.72000  250.57224  30.7%  62.5 3285s
 1148807 804677     cutoff  179       361.72000  250.58143  30.7%  62.5 3290s
 1150613 805290  277.09125 1044   91  361.72000  250.59366  30.7%  62.5 3295s
 1152968 806775  290.41230 1186   94  361.72000  250.60507  30.7%  62.5 3301s
 1154606 807888  277.64148  358   96  361.72000  250.61695  30.7%  62.5 3306s
 1156339 809259  287.75162  515  100  361.72000  250.63266  30.7%  62.5 3311s
 1158385 810906  268.08066  250  107  361.72000  250.64626  30.7%  62.5 3315s
 1160149 812049  283.95868  433   96  361.72000  250.65809  30.7%  62.5 3321s
 1162106 812891     cutoff  110       361.72000  250.66818  30.7%  62.5 3325s
 1164615 814860     cutoff  249       361.72000  250.67849  30.7%  62.5 3331s
 1166313 816193  284.36098  227   97  361.72000  250.70342  30.7%  62.5 3335s
 1168801 817856  304.13863  509   98  361.72000  250.71224  30.7%  62.5 3340s
 1171317 819836  277.81621  372   91  361.72000  250.72937  30.7%  62.4 3346s
 1173964 821820  283.42008  277   82  361.72000  250.74716  30.7%  62.4 3351s
 1174881 822730  292.04538  262   82  361.72000  250.75316  30.7%  62.4 3355s
 1177564 823698  292.29218  200   69  361.72000  250.76567  30.7%  62.4 3360s
 1179359 825366  266.20200  155  110  361.72000  250.76567  30.7%  62.4 3367s
 1180982 826483  278.70336  278  114  361.72000  250.77839  30.7%  62.4 3371s
 1182823 827219  292.42545  107   77  361.72000  250.80268  30.7%  62.4 3375s
 1184894 828943  293.60950  130   80  361.72000  250.81334  30.7%  62.4 3381s
 1186649 830161  279.83798  234   94  361.72000  250.83254  30.7%  62.4 3385s
 1189765 831987  283.45414  435   95  361.72000  250.84081  30.7%  62.4 3393s
 1190706 832497     cutoff  478       361.72000  250.84081  30.7%  62.4 3395s
 1193554 833814 infeasible  271       361.72000  250.87605  30.6%  62.4 3401s
 1194945 834940  290.68398  353   94  361.72000  250.89280  30.6%  62.4 3405s
 1197641 836755  275.80956  232   85  361.72000  250.90615  30.6%  62.4 3411s
 1199209 837456  283.79200  223   92  361.72000  250.92059  30.6%  62.4 3415s
 1201342 838424  281.07630  111   81  361.72000  250.92970  30.6%  62.4 3422s
 1202585 839029  315.95255  269   73  361.72000  250.93660  30.6%  62.4 3426s
 1204185 840003  274.97773  158   80  361.72000  250.95093  30.6%  62.5 3431s
 1204996 840456  304.03049  294   92  361.72000  250.95166  30.6%  62.5 3435s
 1206839 841942  303.71199  305   71  361.72000  250.96624  30.6%  62.5 3440s
 1208587 843088  303.79800  214   82  361.72000  250.97745  30.6%  62.5 3445s
 1210378 844491     cutoff  491       361.72000  250.98520  30.6%  62.5 3450s
 1212696 846227  288.32572  111   84  361.72000  251.01244  30.6%  62.5 3457s
 1214443 846993  265.12897  366  107  361.72000  251.01752  30.6%  62.5 3461s
 1215885 848188  269.61418  413  106  361.72000  251.02698  30.6%  62.5 3466s
 1217634 849326  275.90848  479   98  361.72000  251.02698  30.6%  62.5 3471s
 1219626 850633  293.47556  154   86  361.72000  251.04957  30.6%  62.5 3477s
 1220516 851170  284.24518  494   91  361.72000  251.05204  30.6%  62.5 3480s
 1222260 852373  297.33721  139   91  361.72000  251.06726  30.6%  62.5 3485s
 1224824 853964  272.49775  122   97  361.72000  251.08490  30.6%  62.5 3491s
 1226769 855190  282.60671  515   92  361.72000  251.09226  30.6%  62.5 3496s
 1228238 856184 infeasible  587       361.72000  251.09226  30.6%  62.5 3500s
 1230174 857555  281.95565  394   92  361.72000  251.11300  30.6%  62.5 3505s
 1232597 859107  293.75372  241   93  361.72000  251.12412  30.6%  62.5 3512s
 1234001 859848  284.56290  267   81  361.72000  251.13265  30.6%  62.5 3516s
 1234653 860660  270.01231  469  105  361.72000  251.13533  30.6%  62.6 3520s
 1236453 862020  251.49102  161  123  361.72000  251.14613  30.6%  62.5 3525s
 1238601 863694  267.85121  486  115  361.72000  251.16170  30.6%  62.5 3531s
 1240295 864641  283.62258  179   90  361.72000  251.17427  30.6%  62.5 3535s
 1241828 865360  275.08977  193  100  361.72000  251.17975  30.6%  62.6 3540s

Cutting planes:
  Cover: 1
  MIR: 42
  Flow cover: 208
  Mod-K: 3

Explored 1244021 nodes (77876377 simplex iterations) in 3543.68 seconds (9998.37 work units)
Thread count was 8 (of 56 available processors)

Solution count 9: 361.72 365.688 381.104 ... 418.096

Time limit reached
Best objective 3.617200000000e+02, best bound 2.511980454672e+02, gap 30.5546%

User-callback calls 2821148, time in user-callback 3.21 sec
[MIP] status=TIME_LIMIT(9) buses=8 obj=800361.72 gap=0.30554560027865507 -> /home/nc437/ladder-lite/review_witness_columns_20260917/results/c2_k08/augmented/391811_r0/result.json
