
Gurobi 12.0.3 (linux64) logging started Mon Sep 21 16:28:18 2026

Set parameter LogFile to value "/home/nc437/ladder-lite/integer_columns_20260921/results/c1_k08/treatment_s20260922/668459_r0/mip_gurobi.log"
Set parameter OutputFlag to value 1
Set parameter TimeLimit to value 2017
Set parameter MIPGap to value 0.0001
Set parameter Threads to value 8
Set parameter Seed to value 20260922
Set parameter TimeLimit to value 1008.5
Gurobi Optimizer version 12.0.3 build v12.0.3rc0 (linux64 - "Ubuntu 24.04.4 LTS")

CPU model: Intel(R) Xeon(R) Gold 6230 CPU @ 2.10GHz, instruction set [SSE2|AVX|AVX2|AVX512]
Thread count: 40 physical cores, 40 logical processors, using up to 8 threads

Non-default parameters:
TimeLimit  1008.5
Seed  20260922
Threads  8

Optimize a model with 194 rows, 58197 columns and 1601887 nonzeros
Model fingerprint: 0x62143e4f
Variable types: 0 continuous, 58197 integer (58197 binary)
Coefficient statistics:
  Matrix range     [1e+00, 1e+00]
  Objective range  [1e+00, 1e+00]
  Bounds range     [1e+00, 1e+00]
  RHS range        [1e+00, 1e+00]

Loaded user MIP start with objective 8

Presolve removed 0 rows and 8 columns
Presolve time: 3.78s
Presolved: 194 rows, 58189 columns, 1601691 nonzeros
Variable types: 0 continuous, 58189 integer (58189 binary)

Starting sifting (using dual simplex for sub-problems)...

    Iter     Pivots    Primal Obj      Dual Obj        Time
       0          0     infinity      0.0000000e+00      4s
       1        261   9.2974383e+00   2.4080354e+00      4s
       2        976   9.0688943e+00   5.2234181e+00      4s
       3       1932   8.8191732e+00   6.0885682e+00      4s
       4       2932   8.4828712e+00   6.7717698e+00      4s
       5       3858   8.2592177e+00   7.0716953e+00      4s

Sifting complete


Root relaxation: cutoff, 3858 iterations, 0.40 seconds (0.37 work units)

    Nodes    |    Current Node    |     Objective Bounds      |     Work
 Expl Unexpl |  Obj  Depth IntInf | Incumbent    BestBd   Gap | It/Node Time

     0     0     cutoff    0         8.00000    8.00000  0.00%     -    4s

Explored 1 nodes (3858 simplex iterations) in 4.43 seconds (2.97 work units)
Thread count was 8 (of 40 available processors)

Solution count 1: 8 

Optimal solution found (tolerance 1.00e-04)
Best objective 8.000000000000e+00, best bound 8.000000000000e+00, gap 0.0000%

User-callback calls 496, time in user-callback 0.00 sec
Set parameter TimeLimit to value 2.0107347717285156e+03
Gurobi Optimizer version 12.0.3 build v12.0.3rc0 (linux64 - "Ubuntu 24.04.4 LTS")

CPU model: Intel(R) Xeon(R) Gold 6230 CPU @ 2.10GHz, instruction set [SSE2|AVX|AVX2|AVX512]
Thread count: 40 physical cores, 40 logical processors, using up to 8 threads

Non-default parameters:
TimeLimit  2.0107347717285156e+03
Seed  20260922
Threads  8

Optimize a model with 195 rows, 58197 columns and 1660084 nonzeros
Model fingerprint: 0x0eca79c0
Variable types: 0 continuous, 58197 integer (58197 binary)
Coefficient statistics:
  Matrix range     [1e+00, 1e+00]
  Objective range  [9e+00, 2e+02]
  Bounds range     [1e+00, 1e+00]
  RHS range        [1e+00, 8e+00]

Loaded user MIP start with objective 416.488
MIP start from previous solve did not produce a new incumbent solution

Presolve removed 0 rows and 8 columns
Presolve time: 3.89s
Presolved: 195 rows, 58189 columns, 1659880 nonzeros
Variable types: 0 continuous, 58189 integer (58189 binary)

Starting sifting (using dual simplex for sub-problems)...

    Iter     Pivots    Primal Obj      Dual Obj        Time
       0          0     infinity      0.0000000e+00      4s
       1        776   1.8006990e+06   4.9986458e+01      4s
       2       1971   8.4162721e+05   9.6473819e+01      4s
       3       3159   3.8937616e+05   1.3202255e+02      4s
       4       4534   9.1875294e+04   1.4441478e+02      5s
       5       5532   4.2463417e+02   2.8809210e+02      5s
       6       6574   3.9493080e+02   3.2579235e+02      5s
       7       7686   3.8419122e+02   3.5001802e+02      5s
       8       8713   3.8378251e+02   3.6153620e+02      5s
       9      10101   3.8375785e+02   3.7092270e+02      5s
      10      11123   3.8369625e+02   3.7378694e+02      6s
      11      12133   3.8368798e+02   3.7731432e+02      6s
      12      13083   3.8368798e+02   3.7785410e+02      6s
      13      14059   3.8368798e+02   3.8091398e+02      6s
      14      14819   3.8368798e+02   3.8139378e+02      6s

Sifting complete


Root simplex log...

Iteration    Objective       Primal Inf.    Dual Inf.      Time
   15885    3.8368798e+02   0.000000e+00   1.388592e+02      6s
   16205    3.8368798e+02   0.000000e+00   0.000000e+00      6s

Root relaxation: objective 3.836880e+02, 16205 iterations, 2.46 seconds (3.26 work units)

    Nodes    |    Current Node    |     Objective Bounds      |     Work
 Expl Unexpl |  Obj  Depth IntInf | Incumbent    BestBd   Gap | It/Node Time

     0     0  383.68798    0   95  416.48800  383.68798  7.88%     -    6s
     0     0  384.14463    0  112  416.48800  384.14463  7.77%     -   10s
     0     0  384.14463    0   97  416.48800  384.14463  7.77%     -   14s
     0     0  384.14463    0  106  416.48800  384.14463  7.77%     -   17s
     0     0  384.22653    0  114  416.48800  384.22653  7.75%     -   24s
     0     0  384.28735    0  112  416.48800  384.28735  7.73%     -   26s
     0     0  384.41391    0  114  416.48800  384.41391  7.70%     -   35s
     0     0  384.51715    0  121  416.48800  384.51715  7.68%     -   36s
     0     0  384.57395    0  122  416.48800  384.57395  7.66%     -   36s
     0     0  384.60890    0  131  416.48800  384.60890  7.65%     -   38s
     0     0  384.68798    0  125  416.48800  384.68798  7.64%     -   38s
     0     0  384.71095    0  126  416.48800  384.71095  7.63%     -   39s
     0     0  384.74178    0  128  416.48800  384.74178  7.62%     -   39s
     0     0  384.79949    0  137  416.48800  384.79949  7.61%     -   40s
     0     0  384.83534    0  140  416.48800  384.83534  7.60%     -   40s
     0     0  384.88811    0  139  416.48800  384.88811  7.59%     -   41s
     0     0  384.90108    0  140  416.48800  384.90108  7.58%     -   42s
     0     0  384.91874    0  139  416.48800  384.91874  7.58%     -   42s
     0     0  384.91949    0  139  416.48800  384.91949  7.58%     -   43s
     0     0  385.49310    0   98  416.48800  385.49310  7.44%     -   52s
     0     0  385.49310    0  112  416.48800  385.49310  7.44%     -   55s
     0     0  385.49310    0  115  416.48800  385.49310  7.44%     -   60s
     0     0  385.49310    0  118  416.48800  385.49310  7.44%     -   61s
     0     0  385.49310    0  120  416.48800  385.49310  7.44%     -   64s
     0     0  385.49310    0  131  416.48800  385.49310  7.44%     -   65s
     0     0  385.49310    0  123  416.48800  385.49310  7.44%     -   65s
     0     0  385.49310    0  128  416.48800  385.49310  7.44%     -   66s
     0     0  385.49310    0  131  416.48800  385.49310  7.44%     -   66s
     0     0  385.49310    0  136  416.48800  385.49310  7.44%     -   66s
     0     0  385.49310    0  140  416.48800  385.49310  7.44%     -   66s
     0     0  385.49310    0  150  416.48800  385.49310  7.44%     -   67s
     0     0  385.49310    0  149  416.48800  385.49310  7.44%     -   67s
     0     0  385.49310    0  151  416.48800  385.49310  7.44%     -   67s
     0     0  385.49310    0  152  416.48800  385.49310  7.44%     -   68s
     0     0  385.49310    0  151  416.48800  385.49310  7.44%     -   68s
     0     0  385.49310    0  153  416.48800  385.49310  7.44%     -   68s
     0     0  385.49310    0  153  416.48800  385.49310  7.44%     -   68s
     0     0  385.49310    0  160  416.48800  385.49310  7.44%     -   69s
     0     0  385.49310    0  164  416.48800  385.49310  7.44%     -   69s
     0     0  385.49310    0  164  416.48800  385.49310  7.44%     -   70s
     0     0  385.49310    0  164  416.48800  385.49310  7.44%     -   70s
     0     2  386.49185    0  164  416.48800  386.49185  7.20%     -   74s
     1     5  386.49185    1  159  416.48800  386.49185  7.20%   271   75s
    23    29  386.49185    5  145  416.48800  386.49185  7.20%   558   81s
   132   106  386.52555   19  142  416.48800  386.49185  7.20%   221   85s
   253   204  387.08981   30  145  416.48800  386.49185  7.20%   175   90s
   347   253  387.35898   37  142  416.48800  386.49185  7.20%   169   96s
   408   282  387.39667   40  142  416.48800  386.49185  7.20%   184  100s
   536   372  387.65371   46  143  416.48800  386.52555  7.19%   177  105s
   621   445  387.66970   49  146  416.48800  386.72467  7.15%   173  110s
   923   754  387.77543   55  149  416.48800  387.40871  6.98%   150  115s
  1408  1167  388.43019   99  160  416.48800  387.71172  6.91%   120  120s
  1740  1352  395.79410   54  112  416.48800  387.83509  6.88%   114  128s
  1742  1353  410.53840   34   97  416.48800  387.83509  6.88%   114  134s
  1743  1354  408.79712   52  116  416.48800  387.83509  6.88%   114  141s
  1750  1359  390.47286  129  152  416.48800  387.83509  6.88%   114  145s
  1755  1362  388.96782   12  158  416.48800  387.83509  6.88%   113  150s
  1758  1364  397.76484  132  162  416.48800  387.83509  6.88%   113  160s
  1765  1368  387.83509   15  157  416.48800  387.83509  6.88%   120  166s
  1798  1365  387.83509   19  164  416.48800  387.83509  6.88%   123  171s
  1869  1341  387.83509   23  159  416.48800  387.83509  6.88%   128  176s
  1904  1338  397.96854   26  126  416.48800  387.83509  6.88%   133  181s
  1946  1340     cutoff   28       416.48800  387.83509  6.88%   137  185s
  2087  1383     cutoff   35       416.48800  387.83509  6.88%   138  190s
  2260  1394     cutoff   44       416.48800  387.83509  6.88%   135  195s
  2406  1386     cutoff   51       416.48800  387.83509  6.88%   137  200s
  2499  1380     cutoff   60       416.48800  387.83509  6.88%   139  206s
  2653  1392     cutoff   72       416.48800  387.83509  6.88%   142  210s
  2989  1333     cutoff   87       416.48800  387.95710  6.85%   142  216s
  3232  1243  389.15849   33  105  416.48800  388.14718  6.80%   144  220s
  3486  1346  389.57509   47  113  416.48800  388.19355  6.79%   140  225s
  3825  1373  390.07958   82  113  416.48800  388.23016  6.78%   136  231s
  3857  1399  390.10950   84  114  416.48800  388.29565  6.77%   138  235s
  4090  1498  390.84676  122  118  416.48800  388.50784  6.72%   136  242s
  4373  1683  391.72016  156  114  416.48800  388.50784  6.72%   133  246s
  4785  1907  392.81826  205  125  416.48800  388.50784  6.72%   127  251s
  5517  2034  394.27184  306  118  416.48800  388.53195  6.71%   117  256s
  6029  2216  395.24302  341  125  416.48800  388.71533  6.67%   114  262s
  6264  2293  395.24607  342  127  416.48800  389.17726  6.56%   113  265s
  6834  3008  396.30785  420  121  416.48800  389.47149  6.49%   109  272s
  7277  3291  397.29676  495  129  416.48800  389.47149  6.49%   106  275s
  8392  4109  399.72154  651  126  416.48800  389.61297  6.45%  98.8  281s
  8901  4848  400.56733  727  123  416.48800  389.63939  6.45%  96.1  285s
 10162  5463  404.55517  984  118  416.48800  389.83057  6.40%  90.8  291s
 11015  5961  406.07246 1082  115  416.48800  390.08814  6.34%  88.1  297s
 11452  6286  406.57949 1124  112  416.48800  390.32395  6.28%  87.4  300s
 12289  6727     cutoff  268       416.48800  390.62282  6.21%  87.5  307s
 12638  6968  409.11891  149   99  416.48800  390.72766  6.19%  88.0  311s
 13090  6963     cutoff  273       416.48800  391.01092  6.12%  87.9  315s
 13581  7401     cutoff  178       416.48800  391.14365  6.09%  89.7  323s
 14007  7565     cutoff  286       416.48800  391.35735  6.03%  90.8  327s
 14474  7483     cutoff  183       416.48800  391.79371  5.93%  92.7  335s
 14749  7552  412.30661  169  112  416.48800  392.27883  5.81%  97.7  345s
 15953  7702     cutoff  215       416.48800  392.71041  5.71%   101  350s
 16599  8171     cutoff  230       416.48800  393.31481  5.56%   101  357s
 17713  8250     cutoff  282       416.48800  393.48126  5.52%   100  362s
 18163  8379     cutoff  347       416.48800  393.74107  5.46%   101  367s
 18715  8804     cutoff  454       416.48800  394.35680  5.31%   103  373s
 19633  8990     cutoff  343       416.48800  395.06116  5.14%   103  379s
 20519  8991  404.77382  100   83  416.48800  395.46268  5.05%   104  385s
 21278  8801  403.93995  267  143  416.48800  395.92214  4.94%   105  391s
 21982  8569  413.67064  117  108  416.48800  397.16122  4.64%   107  398s
 22781  8039     cutoff  108       416.48800  398.01370  4.44%   109  404s
 23539  7536     cutoff  525       416.48800  400.98334  3.72%   111  410s
 24280  7071     cutoff  123       416.48800  401.47794  3.60%   112  416s
 25005  6959     cutoff   93       416.48800  401.55042  3.59%   112  422s
 25648  6689     cutoff  129       416.48800  401.80720  3.52%   112  429s
 26709  6174  411.69685  107   77  416.48800  402.21044  3.43%   111  434s
 27695  5393     cutoff  255       416.48800  403.21064  3.19%   110  439s
 28043  5393  410.74756  139   95  416.48800  403.44379  3.13%   109  440s
 30249  2863     cutoff  651       416.48800  407.84174  2.08%   107  447s
 31573  1350  410.16281  118  107  416.48800  408.60915  1.89%   105  450s

Cutting planes:
  MIR: 32
  Flow cover: 37
  Zero half: 5

Explored 34534 nodes (3455730 simplex iterations) in 454.03 seconds (948.87 work units)
Thread count was 8 (of 40 available processors)

Solution count 1: 416.488 

Optimal solution found (tolerance 1.00e-04)
Best objective 4.164880000000e+02, best bound 4.164880000000e+02, gap 0.0000%

User-callback calls 139445, time in user-callback 0.51 sec
