[MIP] physical pool preparation: 39940 valid recorded, 0 repaired, 0 rejected, 34.690s
[MIP] pool: 39940 columns over 194 trips (instance scale_ladder/instances/nested_probability_k2_15_20260908/Practice_Custom_DutyUnion_k08_p01_20260908.csv, soc_step=2.5, certified=True)
[MIP] coverage: min 774 / median 6085 / max 10952 columns per trip
[MIP] strict-feasibility seed: 194 exact singleton columns (one per trip)
[MIP] greedy feasible MIP start: 63 buses
Set parameter LicenseID to value 2674428
Set parameter GURO_PAR_SPECIAL
Set parameter TokenServer to value "en-cc-unicorn-data-dirs.coecis.cornell.edu"
Set parameter LogFile to value "/home/nc437/ladder-lite/review_witness_columns_20260917/results/c1_k08/control/391804_r0/gurobi.log"
Set parameter OutputFlag to value 1
Set parameter TimeLimit to value 3600
Set parameter MIPGap to value 0.0001
Set parameter Threads to value 8
Set parameter TimeLimit to value 1800
Gurobi Optimizer version 12.0.3 build v12.0.3rc0 (linux64 - "Ubuntu 24.04.4 LTS")

CPU model: Intel(R) Xeon(R) Gold 6348 CPU @ 2.60GHz, instruction set [SSE2|AVX|AVX2|AVX512]
Thread count: 56 physical cores, 56 logical processors, using up to 8 threads

Non-default parameters:
TimeLimit  1800
Threads  8

Optimize a model with 194 rows, 39940 columns and 1092654 nonzeros
Model fingerprint: 0x8fae06be
Variable types: 0 continuous, 39940 integer (39940 binary)
Coefficient statistics:
  Matrix range     [1e+00, 1e+00]
  Objective range  [1e+00, 1e+00]
  Bounds range     [1e+00, 1e+00]
  RHS range        [1e+00, 1e+00]

Loaded user MIP start with objective 63

Presolve removed 0 rows and 198 columns
Presolve time: 1.37s
Presolved: 194 rows, 39742 columns, 1088432 nonzeros
Variable types: 0 continuous, 39742 integer (39742 binary)
Found heuristic solution: objective 57.0000000

Starting sifting (using dual simplex for sub-problems)...

    Iter     Pivots    Primal Obj      Dual Obj        Time
       0          0     infinity      0.0000000e+00      2s
       1        221   9.3241206e+00   3.1670578e+00      2s
       2       1083   8.9660596e+00   5.4448490e+00      2s
       3       1835   8.8262877e+00   6.1645969e+00      2s
       4       2682   8.4900636e+00   6.6099746e+00      2s
       5       3803   8.2684436e+00   6.9184187e+00      2s
       6       4837   8.0888254e+00   7.2259837e+00      2s
       7       5537   8.0000000e+00   7.2801886e+00      2s
       8       6237   8.0000000e+00   7.3190154e+00      2s
       9       6965   8.0000000e+00   8.0000000e+00      2s

Sifting complete


Root relaxation: objective 8.000000e+00, 6965 iterations, 0.45 seconds (0.72 work units)

    Nodes    |    Current Node    |     Objective Bounds      |     Work
 Expl Unexpl |  Obj  Depth IntInf | Incumbent    BestBd   Gap | It/Node Time

     0     0    8.00000    0   78   57.00000    8.00000  86.0%     -    3s
H    0     0                      18.0000000    8.00000  55.6%     -    3s
H    0     0                      14.0000000    8.00000  42.9%     -    3s
H    0     0                      13.0000000    8.00000  38.5%     -    3s
H    0     0                      11.0000000    8.00000  27.3%     -    3s
H    0     0                      10.0000000    8.00000  20.0%     -    3s
     0     0    8.00000    0   76   10.00000    8.00000  20.0%     -    7s
     0     0    8.00000    0   86   10.00000    8.00000  20.0%     -   14s
     0     0    8.00000    0   97   10.00000    8.00000  20.0%     -   17s
     0     0    8.00000    0   83   10.00000    8.00000  20.0%     -   20s
     0     0    8.00000    0   85   10.00000    8.00000  20.0%     -   21s
     0     0    8.00000    0   90   10.00000    8.00000  20.0%     -   23s
     0     0    8.00000    0   89   10.00000    8.00000  20.0%     -   24s
     0     0    8.00000    0   94   10.00000    8.00000  20.0%     -   27s
     0     0    8.00000    0   94   10.00000    8.00000  20.0%     -   29s
     0     2    8.00000    0   94   10.00000    8.00000  20.0%     -   37s
     7    16    8.00000    3  108   10.00000    8.00000  20.0%  3574   41s
H   40    61                       9.0000000    8.00000  11.1%  1579   44s
    61    46    8.00000    6   94    9.00000    8.00000  11.1%  1774   50s
    64    48    8.00000    8  110    9.00000    8.00000  11.1%  1691   57s
    67    50    8.00000    9   93    9.00000    8.00000  11.1%  1615   60s
    72    53    8.00000    4   92    9.00000    8.00000  11.1%  1503   65s
    79    59    8.00000   12   88    9.00000    8.00000  11.1%   803   70s
   154    72    8.00000   20  125    9.00000    8.00000  11.1%   599   76s
   222    69 infeasible   26         9.00000    8.00000  11.1%   544   82s
   273   104 infeasible   29         9.00000    8.00000  11.1%   550   85s
   546   128 infeasible   44         9.00000    8.00000  11.1%   486   95s
   708   300    8.00000   24  110    9.00000    8.00000  11.1%   465  103s
  1101   421 infeasible   85         9.00000    8.00000  11.1%   456  109s
  1639   428 infeasible  187         9.00000    8.00000  11.1%   419  119s
  1688   570    8.00000  146  118    9.00000    8.00000  11.1%   428  127s
  2170   582    8.00000   29  129    9.00000    8.00000  11.1%   425  136s
  2228   668    8.00000   38  131    9.00000    8.00000  11.1%   432  144s
  2800   658    8.00000   59  110    9.00000    8.00000  11.1%   438  156s
  2984   715 infeasible  121         9.00000    8.00000  11.1%   446  164s
  3389   665 infeasible  124         9.00000    8.00000  11.1%   454  171s
  4017   623    8.00000   34   96    9.00000    8.00000  11.1%   473  182s
  4137   651    8.00000   46   98    9.00000    8.00000  11.1%   470  190s
  4729   704    8.00000   69  119    9.00000    8.00000  11.1%   473  207s
  4786   879    8.00000   70  113    9.00000    8.00000  11.1%   470  215s
  5501   604 infeasible   29         9.00000    8.00000  11.1%   460  225s
  5802   538    8.00000  119  111    9.00000    8.00000  11.1%   488  235s
  6030   452 infeasible  165         9.00000    8.00000  11.1%   492  243s
  6498   318    8.00000   48   96    9.00000    8.00000  11.1%   494  255s
  6696   211 infeasible  172         9.00000    8.00000  11.1%   503  261s
  6947   194 infeasible   40         9.00000    8.00000  11.1%   495  268s
  7102   214    8.00000   33  108    9.00000    8.00000  11.1%   499  273s
  7484   232 infeasible   43         9.00000    8.00000  11.1%   501  279s
  7698   273    8.00000   57  114    9.00000    8.00000  11.1%   498  286s
  7841   431    8.00000   80  117    9.00000    8.00000  11.1%   494  292s
  8121   393    8.00000  113  141    9.00000    8.00000  11.1%   489  300s
  8435   386 infeasible  153         9.00000    8.00000  11.1%   496  314s
  8650   425 infeasible  186         9.00000    8.00000  11.1%   497  322s
  9013   398    8.00000   50   92    9.00000    8.00000  11.1%   499  330s
  9548   336 infeasible  175         9.00000    8.00000  11.1%   491  348s
  9656   369    8.00000  110   82    9.00000    8.00000  11.1%   490  366s
  9853   276 infeasible  210         9.00000    8.00000  11.1%   485  375s
 10196   345 infeasible   75         9.00000    8.00000  11.1%   476  384s
 10779   222    8.00000   59  106    9.00000    8.00000  11.1%   460  393s
 11210   228 infeasible   97         9.00000    8.00000  11.1%   451  403s
 11396   426    8.00000   63  102    9.00000    8.00000  11.1%   447  413s
 11966   583    8.00000   76  100    9.00000    8.00000  11.1%   435  421s
 12784   473 infeasible  117         9.00000    8.00000  11.1%   418  431s
 13110   432 infeasible  128         9.00000    8.00000  11.1%   414  447s
 13187   454    8.00000   60   74    9.00000    8.00000  11.1%   414  476s
 13283   511    8.00000   67   83    9.00000    8.00000  11.1%   413  488s
 13742   374    8.00000   89   94    9.00000    8.00000  11.1%   405  498s
 14550   362 infeasible  117         9.00000    8.00000  11.1%   394  527s
 14665   407    8.00000   62   89    9.00000    8.00000  11.1%   393  538s
 15468   439    8.00000   87  100    9.00000    8.00000  11.1%   382  560s
 15985   296    8.00000   71   98    9.00000    8.00000  11.1%   376  577s
 16675   417 infeasible  114         9.00000    8.00000  11.1%   368  591s
 17174   504 infeasible  123         9.00000    8.00000  11.1%   363  608s
 17413  1011    8.00000  127  109    9.00000    8.00000  11.1%   363  624s
 18572  1305 infeasible  117         9.00000    8.00000  11.1%   363  639s
 19481  1148 infeasible  145         9.00000    8.00000  11.1%   365  654s
 20089  1000 infeasible  153         9.00000    8.00000  11.1%   373  669s
 20931   774    8.00000   89   91    9.00000    8.00000  11.1%   382  687s
 21755   752    8.00000   90   96    9.00000    8.00000  11.1%   377  704s
 22552   597 infeasible  266         9.00000    8.00000  11.1%   377  721s
 22825   632    8.00000  178  118    9.00000    8.00000  11.1%   377  737s
 23611   708 infeasible  344         9.00000    8.00000  11.1%   379  752s
 24287   521    8.00000  229  111    9.00000    8.00000  11.1%   375  766s
 25758   586    8.00000   86   98    9.00000    8.00000  11.1%   365  781s
 26615   349 infeasible  238         9.00000    8.00000  11.1%   370  795s
 27699    79    8.00000  238  120    9.00000    8.00000  11.1%   365  809s
 28397     0 infeasible  343         9.00000    8.00000  11.1%   372  822s

Cutting planes:
  MIR: 2
  Flow cover: 9

Explored 28694 nodes (10867636 simplex iterations) in 822.12 seconds (2773.96 work units)
Thread count was 8 (of 56 available processors)

Solution count 8: 9 10 11 ... 63

Optimal solution found (tolerance 1.00e-04)
Best objective 9.000000000000e+00, best bound 9.000000000000e+00, gap 0.0000%

User-callback calls 284137, time in user-callback 0.81 sec
[MIP] stage 1: fleet=9 (bound 9.0, gap 0.0, proven=True, limit=1800.0s, remaining=2777.1s)
Set parameter TimeLimit to value 2.7771387259960175e+03
Gurobi Optimizer version 12.0.3 build v12.0.3rc0 (linux64 - "Ubuntu 24.04.4 LTS")

CPU model: Intel(R) Xeon(R) Gold 6348 CPU @ 2.60GHz, instruction set [SSE2|AVX|AVX2|AVX512]
Thread count: 56 physical cores, 56 logical processors, using up to 8 threads

Non-default parameters:
TimeLimit  2.7771387259960175e+03
Threads  8

Optimize a model with 195 rows, 39940 columns and 1132594 nonzeros
Model fingerprint: 0x791c19c2
Variable types: 0 continuous, 39940 integer (39940 binary)
Coefficient statistics:
  Matrix range     [1e+00, 1e+00]
  Objective range  [9e+00, 2e+02]
  Bounds range     [1e+00, 1e+00]
  RHS range        [1e+00, 9e+00]

Loaded user MIP start with objective 607.84
MIP start from previous solve did not produce a new incumbent solution

Presolve removed 0 rows and 11 columns
Presolve time: 1.57s
Presolved: 195 rows, 39929 columns, 1132338 nonzeros
Variable types: 0 continuous, 39929 integer (39929 binary)

Starting sifting (using dual simplex for sub-problems)...

    Iter     Pivots    Primal Obj      Dual Obj        Time
       0          0     infinity      0.0000000e+00      2s
       1        825   8.0069904e+05   2.3714817e+01      2s
       2       1490   5.4053623e+02   1.7166623e+02      2s
       3       2278   4.4596458e+02   2.4395804e+02      2s
       4       3331   3.8478690e+02   3.0047590e+02      2s
       5       4129   3.6734369e+02   3.3436055e+02      2s
       6       5000   3.6187543e+02   3.5319478e+02      2s
       7       5650   3.6169341e+02   3.5777408e+02      2s
       8       6108   3.6169333e+02   3.6159864e+02      2s

Sifting complete


Root relaxation: objective 3.616933e+02, 6336 iterations, 0.57 seconds (1.12 work units)

    Nodes    |    Current Node    |     Objective Bounds      |     Work
 Expl Unexpl |  Obj  Depth IntInf | Incumbent    BestBd   Gap | It/Node Time

     0     0  361.69328    0  166  607.84000  361.69328  40.5%     -    2s
H    0     0                     596.9280000  361.69328  39.4%     -    3s
H    0     0                     574.8160000  361.69328  37.1%     -    3s
     0     0  362.11641    0  168  574.81600  362.11641  37.0%     -    4s
H    0     0                     560.6400000  362.11641  35.4%     -    5s
     0     0  362.26224    0  170  560.64000  362.26224  35.4%     -    9s
     0     0  362.52416    0  174  560.64000  362.52416  35.3%     -   10s
     0     0  362.61877    0  176  560.64000  362.61877  35.3%     -   11s
     0     0  362.65064    0  176  560.64000  362.65064  35.3%     -   11s
     0     0  362.73334    0  178  560.64000  362.73334  35.3%     -   11s
     0     0  362.82197    0  177  560.64000  362.82197  35.3%     -   12s
     0     0  362.85748    0  179  560.64000  362.85748  35.3%     -   13s
     0     0  362.90432    0  176  560.64000  362.90432  35.3%     -   13s
     0     0  362.90432    0  176  560.64000  362.90432  35.3%     -   13s
     0     0  363.06793    0  180  560.64000  363.06793  35.2%     -   14s
     0     0  363.16200    0  186  560.64000  363.16200  35.2%     -   15s
     0     0  363.16247    0  185  560.64000  363.16247  35.2%     -   15s
H    0     2                     549.8160000  363.16247  33.9%     -   32s
     0     2  363.16247    0  185  549.81600  363.16247  33.9%     -   32s
     3     8  363.62900    2  181  549.81600  363.32894  33.9%   393   35s
    23    62  363.88684    5  182  549.81600  363.70953  33.8%   457   40s
    61    73  364.16708   10  188  549.81600  363.70953  33.8%   233   47s
H   68    73                     549.5680000  363.70953  33.8%   224   47s
H   72    93                     549.0720000  363.70953  33.8%   217   49s
H   74    93                     548.5760000  363.70953  33.7%   213   49s
H   78    93                     511.7120000  363.70953  28.9%   206   49s
H  120   139                     491.5840000  363.70953  26.0%   170   50s
   269   281  364.76401   30  190  491.58400  363.70953  26.0%   108   56s
H  270   281                     486.8720000  363.70953  25.3%   108   56s
H  271   281                     463.6080000  363.70953  21.5%   108   56s
   569   624  365.97189   54  181  463.60800  363.70953  21.5%  76.3   60s
   670   679  366.12333   63  189  463.60800  363.70953  21.5%  71.2   68s
   702   711  366.21120   67  188  463.60800  363.70953  21.5%  70.0   74s
   710   719  366.23423   68  186  463.60800  363.70953  21.5%  70.2   75s
H  723   727                     440.7920000  363.70953  17.5%  69.7   75s
H 1043  1090                     440.5440000  363.70953  17.4%  60.5   79s
  1091  1166  367.47651   95  180  440.54400  363.70953  17.4%  59.4   80s
H 1451  1491                     438.5600000  363.70953  17.1%  54.7   84s
H 1452  1297                     427.3200000  363.70953  14.9%  54.7   84s
  1494  1330  368.28643  119  179  427.32000  363.70953  14.9%  54.0   85s
  2003  1914  369.45097  154  178  427.32000  363.70953  14.9%  51.3   90s
  2602  2503  370.11814  195  187  427.32000  363.70953  14.9%  47.0   95s
  3025  2872  370.69006  235  179  427.32000  363.70953  14.9%  45.8  100s
  3519  3504  371.43822  271  183  427.32000  363.70953  14.9%  44.3  105s
  4215  3986  372.90666  319  174  427.32000  363.70953  14.9%  42.8  112s
  4223  4027  372.95215  320  174  427.32000  363.70953  14.9%  42.8  119s
  4264  4149  373.08754  321  176  427.32000  363.70953  14.9%  42.7  121s
  4567  4581  373.28075  323  176  427.32000  363.70953  14.9%  41.7  126s
  5021  4890  373.56169  325  181  427.32000  363.70953  14.9%  40.4  130s
  5313  5421  374.30908  347  170  427.32000  363.70953  14.9%  40.1  135s
  6099  5870  375.46009  385  173  427.32000  363.70953  14.9%  38.7  142s
  6115  5886  375.65427  387  176  427.32000  363.70953  14.9%  38.7  146s
  6123  5894  375.65427  388  176  427.32000  363.70953  14.9%  38.7  150s
  6227  6202  375.71374  390  179  427.32000  363.70953  14.9%  38.5  156s
  6439  6730  375.73731  391  178  427.32000  363.70953  14.9%  38.1  160s
  7562  7325  393.14474  210  185  427.32000  363.70953  14.9%  36.1  169s
  7564  7326  401.69229  567  166  427.32000  363.70953  14.9%  36.1  178s
  7565  7327  375.24748  371  165  427.32000  363.70953  14.9%  36.1  189s
  7566  7328  393.07807  543  174  427.32000  363.70953  14.9%  36.1  190s
  7571  7331  400.22021  627  183  427.32000  363.70953  14.9%  36.1  205s
  7576  7334  426.62683  164  195  427.32000  364.02550  14.8%  36.0  213s
  7579  7336  385.93440  109  196  427.32000  364.17050  14.8%  36.0  216s
  7580  7337  406.74634  909  199  427.32000  364.49727  14.7%  36.0  220s
  7582  7338  396.81621  116  200  427.32000  364.56253  14.7%  36.0  227s
  7583  7339  416.34740  951  201  427.32000  364.68741  14.7%  36.0  231s
  7585  7340  401.39052  519  201  427.32000  365.35311  14.5%  36.0  250s
  7592  7354  365.35311   12  191  427.32000  365.35311  14.5%  37.5  257s
  7608  7376  365.35311   14  197  427.32000  365.35311  14.5%  38.4  260s
  7652  7398  365.35311   17  193  427.32000  365.35311  14.5%  40.5  267s
  7669  7399  365.35311   18  196  427.32000  365.35311  14.5%  41.7  270s
  7678  7402  377.03278   18  144  427.32000  365.35311  14.5%  41.9  275s
  7697  7411  381.13100   19  114  427.32000  365.35311  14.5%  43.0  281s
  7713  7421  372.35978   20  161  427.32000  365.35311  14.5%  43.8  285s
  7739  7435  365.51875   22  196  427.32000  365.35311  14.5%  45.5  291s
  7778  7448  374.39504   23  140  427.32000  365.35311  14.5%  47.6  296s
  7806  7463  379.14571   24  158  427.32000  365.35311  14.5%  49.4  300s
  7852  7476  365.99556   26  191  427.32000  365.35311  14.5%  51.6  307s
  7872  7484  382.63733   26  133  427.32000  365.35311  14.5%  52.5  310s
  7915  7492  381.72435   27  154  427.32000  365.35311  14.5%  54.9  315s
  7928  7497  366.24062   28  189  427.32000  365.35311  14.5%  55.1  322s
  7963  7506  366.28440   29  189  427.32000  365.35311  14.5%  56.7  327s
  7985  7515  379.14690   29  151  427.32000  365.35311  14.5%  57.6  331s
  8010  7515  366.29385   30  192  427.32000  365.35311  14.5%  58.5  335s
  8071  7531  366.31869   31  190  427.32000  365.35311  14.5%  61.1  343s
  8112  7539  366.39350   32  190  427.32000  365.35311  14.5%  62.7  346s
  8199  7549  389.31331   34  140  427.32000  365.35311  14.5%  65.9  352s
  8244  7554  383.09970   35  143  427.32000  365.35311  14.5%  67.6  357s
  8282  7557  366.90406   37  190  427.32000  365.35311  14.5%  69.2  361s
  8374  7570  383.25017   39  139  427.32000  365.35311  14.5%  72.8  367s
  8431  7571  367.02981   41  186  427.32000  365.35311  14.5%  74.3  371s
  8489  7560  380.92665   42  128  427.32000  365.35311  14.5%  76.4  375s
  8607  7574  367.30209   44  184  427.32000  365.35311  14.5%  79.6  382s
  8654  7592  367.38852   45  186  427.32000  365.35311  14.5%  81.7  389s
  8704  7609  367.44841   47  187  427.32000  365.35311  14.5%  83.6  393s
  8761  7622  367.62934   49  184  427.32000  365.35311  14.5%  85.6  397s
  8819  7642  367.82132   51  184  427.32000  365.35311  14.5%  87.6  402s
  8889  7655  367.89104   53  185  427.32000  365.35311  14.5%  89.7  407s
  8963  7675  367.96511   55  185  427.32000  365.35311  14.5%  91.5  412s
  9040  7692  368.05754   57  183  427.32000  365.35311  14.5%  93.4  417s
  9124  7702  368.34870   59  183  427.32000  365.35311  14.5%  95.3  423s
  9207  7720  381.12075   61  140  427.32000  365.35311  14.5%  97.2  428s
  9300  7737  382.74544   63  138  427.32000  365.35311  14.5%  99.2  433s
  9400  7753  395.62668   65  143  427.32000  365.35311  14.5%   101  439s
  9508  7737  385.46133   67  132  427.32000  365.35311  14.5%   104  445s
  9579  7745  369.48831   69  185  427.32000  365.35311  14.5%   105  452s
  9671  7782  369.91984   72  186  427.32000  365.35311  14.5%   106  459s
  9810  7793  370.05120   75  189  427.32000  365.35311  14.5%   108  465s
  9946  7783  370.16149   78  189  427.32000  365.35311  14.5%   110  474s
H10045  7374                     426.8240000  365.35311  14.4%   110  474s
 10046  7459  370.58514   81  186  426.82400  365.35311  14.4%   111  481s
 10192  7516  370.80270   84  178  426.82400  370.30181  13.2%   113  489s
 10330  7619  370.91739   88  187  426.82400  370.30181  13.2%   115  496s
 10510  7713  371.11903   92  185  426.82400  370.30181  13.2%   118  503s
 10699  7814  371.32138   96  194  426.82400  370.30181  13.2%   120  510s
 10903  7932  371.39932  100  186  426.82400  370.30181  13.2%   122  519s
 11125  7979  371.55608  104  184  426.82400  370.30181  13.2%   124  534s
 11289  8116  371.83779  108  183  426.82400  370.30181  13.2%   127  544s
 11529  8235  371.96980  112  187  426.82400  370.30181  13.2%   129  553s
 11778  8432  372.16235  117  180  426.82400  370.30181  13.2%   131  562s
 12120  8592  372.37317  122  187  426.82400  370.30181  13.2%   132  572s
 12474  8621  372.53387  127  188  426.82400  370.30181  13.2%   134  582s
 12701  8837  386.51883  132  155  426.82400  370.30181  13.2%   137  593s
 13086  9016  373.17959  137  182  426.82400  370.30181  13.2%   138  604s
 13481  9072  373.46269  143  182  426.82400  370.30181  13.2%   140  615s
 13705  9365  381.86589  146  163  426.82400  370.30181  13.2%   140  627s
 14198  9614  388.02197  149  143  426.82400  370.30181  13.2%   141  638s
 14748  9872  374.39072  156  180  426.82400  370.30181  13.2%   141  650s
 15354 10143  374.56228  162  180  426.82400  370.30181  13.2%   142  665s
 16076 10050  374.83488  170  182  426.82400  370.30181  13.2%   142  676s
 16349 10254  375.02558  174  180  426.82400  370.30181  13.2%   143  685s
 16859 10316  392.29634  177  144  426.82400  370.30181  13.2%   142  693s
 17247 10506  375.42955  181  178  426.82400  370.30181  13.2%   141  701s
 17768 10642  375.68664  186  176  426.82400  370.30181  13.2%   141  710s
 18372 10691  375.74769  190  178  426.82400  370.30181  13.2%   139  718s
 18710 11060  375.92090  194  176  426.82400  371.06523  13.1%   138  727s
 19246 11574  376.16300  199  179  426.82400  371.06523  13.1%   137  737s
 19998 11978  376.25892  203  179  426.82400  371.06523  13.1%   135  747s
 20735 12434  376.46349  208  177  426.82400  371.06523  13.1%   133  757s
 21516 13027  376.62633  213  179  426.82400  371.06523  13.1%   130  768s
 22458 13640  376.68803  217  183  426.82400  371.06523  13.1%   127  779s
 23467 13357  376.95051  221  172  426.82400  371.06523  13.1%   124  790s
 23543 14183  376.98815  223  168  426.82400  371.06523  13.1%   125  801s
 24530 14623  377.21529  228  172  426.82400  371.06523  13.1%   122  813s
 25431 15241  377.34986  233  173  426.82400  371.67009  12.9%   120  825s
 26440 15963  377.70419  238  172  426.82400  371.67009  12.9%   118  837s
 27621 16832  377.94108  243  169  426.82400  371.67009  12.9%   115  851s
 29063 17224  378.51428  248  176  426.82400  371.67009  12.9%   112  861s
 29935 17225  398.76719  673  185  426.82400  371.67009  12.9%   111 1118s
 29937 17226  400.43766 1372  166  426.82400  371.67009  12.9%   111 1126s
 29938 17227  401.32753 1521  166  426.82400  371.67009  12.9%   111 1137s
 29943 17230  392.34105  201  183  426.82400  371.67009  12.9%   111 1140s
 29946 17232  416.77543 1087  189  426.82400  371.67009  12.9%   111 1154s
 29947 17233  407.37418 2907  189  426.82400  371.67009  12.9%   111 1199s
 29948 17237  371.67009   24  186  426.82400  371.67009  12.9%   111 1204s
 29950 17240  371.67009   25  186  426.82400  371.67009  12.9%   111 1207s
 29954 17247  371.67009   26  184  426.82400  371.67009  12.9%   111 1214s
 29962 17252  371.67009   27  186  426.82400  371.67009  12.9%   111 1217s
 29970 17273  371.67009   28  182  426.82400  371.67009  12.9%   111 1221s
 30012 17290  379.16548   29  158  426.82400  371.67009  12.9%   112 1226s
 30046 17306  371.67009   30  150  426.82400  371.67009  12.9%   112 1230s
 30098 17321  371.67009   32  190  426.82400  371.67009  12.9%   113 1236s
 30135 17329  371.67009   33  186  426.82400  371.67009  12.9%   113 1240s
 30171 17335  371.67009   34  181  426.82400  371.67009  12.9%   114 1245s
 30222 17355  371.67009   36  182  426.82400  371.67009  12.9%   114 1251s
 30265 17373  371.67009   38  185  426.82400  371.67009  12.9%   115 1257s
 30313 17383  371.67009   40  180  426.82400  371.67009  12.9%   115 1262s
 30369 17389  371.67009   42  180  426.82400  371.67009  12.9%   116 1266s
 30400 17384  371.67009   43  182  426.82400  371.67009  12.9%   116 1272s
 30453 17376  371.67009   45  176  426.82400  371.67009  12.9%   117 1278s
 30480 17375  371.67009   46  180  426.82400  371.67009  12.9%   117 1280s
 30538 17378  371.67009   48  184  426.82400  371.67009  12.9%   117 1286s
 30612 17377  371.67009   50  183  426.82400  371.67009  12.9%   118 1292s
 30660 17376  371.67009   51  186  426.82400  371.67009  12.9%   118 1295s
 30769 17378  371.67009   53  188  426.82400  371.67009  12.9%   119 1302s
 30828 17380  371.67009   54  183  426.82400  371.67009  12.9%   119 1305s
 30960 17367  371.67009   57  187  426.82400  371.67009  12.9%   120 1312s
 31026 17367  371.67009   58  187  426.82400  371.67009  12.9%   120 1316s
 31102 17352  371.67009   60  182  426.82400  371.67009  12.9%   120 1321s
H31123 16476                     423.8480000  371.67009  12.3%   120 1321s
 31126 16496  382.09586   61  154  423.84800  371.67009  12.3%   120 1325s
 31270 16506  384.45797   64  158  423.84800  371.67009  12.3%   121 1333s
 31339 16517  371.67009   66  186  423.84800  371.67009  12.3%   122 1337s
 31417 16524  371.67009   68  192  423.84800  371.67009  12.3%   122 1341s
 31500 16527  371.67009   70  188  423.84800  371.67009  12.3%   122 1346s
 31602 16530  371.67009   72  185  423.84800  371.67009  12.3%   123 1351s
 31704 16539  371.67009   74  185  423.84800  371.67009  12.3%   123 1357s
 31811 16547  371.67009   76  188  423.84800  371.67009  12.3%   123 1361s
 31926 16553  371.67009   78  187  423.84800  371.67009  12.3%   124 1366s
 32028 16567  371.67009   80  188  423.84800  371.67009  12.3%   124 1371s
 32119 16591  379.61236   82  137  423.84800  371.67009  12.3%   125 1377s
 32209 16618  371.67009   85  190  423.84800  371.67009  12.3%   125 1383s
 32315 16645  371.67009   87  182  423.84800  371.67009  12.3%   126 1389s
 32433 16665  371.67009   90  186  423.84800  371.67009  12.3%   126 1395s
 32562 16693  381.71090   92  133  423.84800  371.67009  12.3%   126 1402s
 32703 16713  371.67009   95  185  423.84800  371.67009  12.3%   127 1408s
 32854 16741  371.67009   98  183  423.84800  371.67009  12.3%   127 1415s
 33012 16766  371.67009  101  181  423.84800  371.67009  12.3%   127 1422s
 33177 16813  371.67009  103  186  423.84800  371.67009  12.3%   128 1428s
 33306 16880  371.67009  106  183  423.84800  371.67009  12.3%   128 1436s
 33431 16972  371.67009  109  181  423.84800  371.67009  12.3%   128 1443s
 33587 17072  390.16809  112  127  423.84800  371.67009  12.3%   129 1452s
 33772 17114  379.49668  115  112  423.84800  371.67009  12.3%   129 1460s
 33898 17170  371.67009  118  183  423.84800  371.67009  12.3%   130 1472s
 34012 17215  371.67009  122  184  423.84800  371.67009  12.3%   130 1483s
H34017 16374                     422.3600000  371.67009  12.0%   130 1483s
 34115 16488  371.67009  125  177  422.36000  371.67009  12.0%   130 1492s
 34289 16609  371.67009  129  178  422.36000  371.67009  12.0%   131 1501s
 34502 16687  371.67009  133  182  422.36000  371.67009  12.0%   131 1511s
 34711 16775  371.67009  138  181  422.36000  371.67009  12.0%   132 1521s
 34919 16798  371.67009  143  183  422.36000  371.67009  12.0%   132 1533s
 35050 16946  371.73191  147  181  422.36000  371.67009  12.0%   133 1544s
 35296 17085  386.28088  152  150  422.36000  371.67009  12.0%   133 1558s
 35608 17242  372.13315  153  179  422.36000  371.67009  12.0%   133 1571s
 36021 17422  372.30050  157  176  422.36000  371.67009  12.0%   133 1583s
 36450 17506  378.37594  162  160  422.36000  371.67009  12.0%   133 1599s
 36684 17900  372.93914  164  179  422.36000  371.67009  12.0%   133 1613s
 37169 18250  373.48259  171  179  422.36000  371.67009  12.0%   133 1627s
 37685 18671  389.23854  178  148  422.36000  371.67009  12.0%   133 1642s
 38306 19214  374.42505  186  175  422.36000  371.67009  12.0%   132 1657s
 39073 19856  375.11104  194  185  422.36000  371.67009  12.0%   132 1673s
 39985 20540  375.62092  203  179  422.36000  371.67009  12.0%   131 1689s
 41021 21365  376.10152  212  184  422.36000  371.67009  12.0%   129 1705s
 42237 22209  376.56248  220  181  422.36000  371.67009  12.0%   128 1720s
 43582 22901  377.04494  229  176  422.36000  371.67009  12.0%   126 1734s
 44850 23685  377.54654  238  174  422.36000  371.67009  12.0%   124 1755s
 46165 23639  378.11712  248  176  422.36000  371.67009  12.0%   123 1764s
 46617 23720  378.33931  253  172  422.36000  371.67009  12.0%   123 1774s
 46885 24059  378.50482  259  171  422.36000  371.67009  12.0%   124 1786s
 47344 24611  378.86246  264  180  422.36000  371.67009  12.0%   124 1798s
 48140 24931  379.32081  272  179  422.36000  371.67009  12.0%   124 1812s
 48847 25183  379.54919  280  173  422.36000  371.67009  12.0%   124 1825s
 49653 25514  379.90015  289  174  422.36000  371.67009  12.0%   124 1838s
 50466 25960  380.49603  298  174  422.36000  371.67009  12.0%   124 1853s
 51475 26338  380.95482  307  179  422.36000  371.80105  12.0%   124 1869s
 52448 26203  381.37077  315  179  422.36000  371.80105  12.0%   124 1882s
 52928 26849  382.27007  324  175  422.36000  371.80105  12.0%   125 1897s
 54188 27313  383.01725  332  176  422.36000  371.80105  12.0%   124 1911s
 55212 28188  392.54976  340  143  422.36000  372.39876  11.8%   124 1925s
 56507 29142  383.60645  349  175  422.36000  372.39876  11.8%   122 1941s
 57996 28728  384.10193  358  174  422.36000  372.91862  11.7%   121 1958s
 58084 28706  390.14511  363  142  422.36000  372.91862  11.7%   121 1971s
 58092 29431  384.41949  364  176  422.36000  372.91862  11.7%   121 1984s
 58875 30003  393.77031  364  134  422.36000  372.94440  11.7%   121 1997s
 59759 31849  384.90431  372  174  422.36000  372.94440  11.7%   120 2023s
 61985 32072  385.49659  386  172  422.36000  373.30180  11.6%   118 2032s
 63005 32499  385.64639  392  174  422.36000  373.36868  11.6%   117 2041s
 63850 33083  385.81007  396  177  422.36000  373.68685  11.5%   116 2050s
 64788 33518  386.20773  401  174  422.36000  373.70443  11.5%   116 2059s
 65672 33967  386.48242  406  174  422.36000  373.96396  11.5%   115 2068s
 66440 34734  386.63539  411  171  422.36000  373.96396  11.5%   114 2078s
 67655 35129  386.80582  415  175  422.36000  374.13863  11.4%   113 2087s
 68461 35679  386.98992  420  179  422.36000  374.13863  11.4%   113 2095s
 69348 36222  387.21968  425  179  422.36000  374.13863  11.4%   112 2103s
 70211 36586  387.45452  430  178  422.36000  374.13863  11.4%   111 2110s
 70945 37128  387.65911  435  179  422.36000  374.31746  11.4%   111 2120s
 71869 37549  387.85006  440  181  422.36000  374.39926  11.4%   111 2128s
 72703 38122  388.00971  445  174  422.36000  374.39936  11.4%   110 2138s
 73626 38634  388.39151  450  177  422.36000  374.39936  11.4%   110 2147s
 74745 39155  388.63121  455  175  422.36000  374.54003  11.3%   109 2166s
 76056 39216  389.05405  467  177  422.36000  374.54003  11.3%   109 2176s
 76643 39534  389.21227  474  173  422.36000  374.54003  11.3%   109 2189s
 77309 40053  389.39692  480  179  422.36000  374.54003  11.3%   110 2205s
 78070 40578  409.42233  480  125  422.36000  374.54003  11.3%   109 2219s
 78660 41624  389.65992  486  173  422.36000  374.54003  11.3%   109 2234s
 79836 42261  410.05859  494  132  422.36000  374.54003  11.3%   109 2244s
 80603 43148  390.10981  502  183  422.36000  374.54003  11.3%   109 2257s
 81772 43624  390.33393  510  176  422.36000  374.54003  11.3%   109 2268s
 82739 44553  390.59160  516  179  422.36000  374.81649  11.3%   109 2282s
 83821 45756  390.79411  524  174  422.36000  374.85924  11.2%   109 2296s
 85316 47034  391.08438  531  179  422.36000  374.88354  11.2%   108 2309s
 86798 47862  391.21753  537  177  422.36000  374.99500  11.2%   108 2320s
 87899 48888  391.69766  543  173  422.36000  374.99500  11.2%   107 2331s
 89428 49727  391.89252  549  171  422.36000  374.99500  11.2%   106 2347s
 90372 50498  392.20273  557  173  422.36000  375.01350  11.2%   106 2360s
 91250 51126  392.47259  565  172  422.36000  375.01350  11.2%   106 2373s
 92180 51799  392.86487  575  169  422.36000  375.25221  11.2%   106 2386s
 92930 52853  393.53367  584  174  422.36000  375.25221  11.2%   106 2400s
 94094 54099  394.11226  593  170  422.36000  375.26386  11.2%   106 2413s
 95419 55541  406.26411  600  147  422.36000  375.26386  11.2%   106 2426s
 97059 56260  410.69941  607  140  422.36000  375.29105  11.1%   105 2437s
 97976 57304  410.05355  613  146  422.36000  375.46143  11.1%   104 2449s
 99091 58024  395.68253  619  173  422.36000  375.46143  11.1%   104 2458s
 99937 58741  396.32331  625  170  422.36000  375.46143  11.1%   104 2469s
 100731 59514  396.55222  631  171  422.36000  375.46143  11.1%   104 2479s
 101600 60259  396.88634  637  176  422.36000  375.46143  11.1%   103 2488s
 102431 60658  397.26429  643  172  422.36000  375.46143  11.1%   103 2497s
 102912 61035  397.46685  648  174  422.36000  375.46143  11.1%   103 2505s
 103413 61497  397.87561  655  173  422.36000  375.46143  11.1%   103 2514s
 104019 62427  398.23167  661  177  422.36000  375.46143  11.1%   103 2530s
 105154 63078  398.72328  671  170  422.36000  375.46143  11.1%   103 2540s
 105995 63866  399.41142  679  170  422.36000  375.46143  11.1%   103 2552s
 107088 64808  400.01698  687  168  422.36000  375.46143  11.1%   103 2562s
 108168 65717  400.70596  695  172  422.36000  375.46143  11.1%   103 2572s
 109283 66542  401.17420  703  173  422.36000  375.46143  11.1%   102 2581s
 110233 67122  401.71415  713  173  422.36000  375.46143  11.1%   102 2589s
 110908 67987  402.09974  720  175  422.36000  375.46143  11.1%   102 2599s
 111882 68774  402.54110  728  175  422.36000  375.46143  11.1%   102 2608s
 112808 69680  402.86788  736  171  422.36000  375.46143  11.1%   102 2617s
 113923 70196     cutoff  743       422.36000  375.46143  11.1%   101 2626s
 114587 70412  403.71010  750  174  422.36000  375.46143  11.1%   101 2645s
 114856 71057 infeasible  750       422.36000  375.46143  11.1%   101 2654s
 115660 71715  404.04218  760  168  422.36000  375.46143  11.1%   101 2663s
 116499 72204  404.33626  769  171  422.36000  375.46143  11.1%   101 2671s
 117330 72551  404.93993  779  173  422.36000  375.46143  11.1%   101 2679s
 118049 72863  405.84692  791  175  422.36000  375.46143  11.1%   101 2688s
 118873 73899  406.72474  801  173  422.36000  375.46143  11.1%   101 2703s
 120250 74518  408.59581  825  168  422.36000  375.46143  11.1%   101 2712s
 121128 75114  409.80127  842  175  422.36000  375.46143  11.1%   101 2719s
 122018 75725     cutoff  860       422.36000  375.46143  11.1%   101 2728s
 122855 76493  411.49625  871  170  422.36000  375.46143  11.1%   101 2737s
 124053 76937  413.39806  893  178  422.36000  375.46143  11.1%   101 2744s
 125000 77483  415.76912  921  173  422.36000  375.46143  11.1%   100 2751s
 125796 78315  389.13249  120  132  422.36000  376.38976  10.9%   100 2758s
 126637 79314  401.55893  226  130  422.36000  376.38976  10.9%   100 2766s
 127644 80516  412.93582  371  132  422.36000  376.38976  10.9%   100 2774s
 128939 80947  416.88027  112  100  422.36000  376.38976  10.9%  99.0 2777s

Cutting planes:
  MIR: 11
  Flow cover: 40
  Mod-K: 1

Explored 129401 nodes (12798388 simplex iterations) in 2777.19 seconds (10014.39 work units)
Thread count was 8 (of 56 available processors)

Solution count 10: 422.36 423.848 426.824 ... 491.584

Time limit reached
Best objective 4.223600000000e+02, best bound 3.765025839712e+02, gap 10.8574%

User-callback calls 716439, time in user-callback 1.83 sec
[MIP] status=TIME_LIMIT(9) buses=9 obj=900422.36 gap=0.10857424005306014 -> /home/nc437/ladder-lite/review_witness_columns_20260917/results/c1_k08/control/391804_r0/result.json
