
Gurobi 12.0.3 (linux64) logging started Fri Sep 18 11:26:32 2026

Set parameter LogFile to value "/home/nc437/ladder-lite/review_fresh_k15_longmip_20260917/results/c2_k15__plain/gurobi.log"
Set parameter OutputFlag to value 1
Set parameter TimeLimit to value 45000
Set parameter MIPGap to value 0.0001
Set parameter Threads to value 8
Set parameter Seed to value 0
Set parameter TimeLimit to value 43200
Gurobi Optimizer version 12.0.3 build v12.0.3rc0 (linux64 - "Ubuntu 24.04.4 LTS")

CPU model: Intel(R) Xeon(R) Gold 6348 CPU @ 2.60GHz, instruction set [SSE2|AVX|AVX2|AVX512]
Thread count: 56 physical cores, 56 logical processors, using up to 8 threads

Non-default parameters:
TimeLimit  43200
Threads  8

Optimize a model with 385 rows, 69108 columns and 2013286 nonzeros
Model fingerprint: 0x0f3c3631
Variable types: 0 continuous, 69108 integer (69108 binary)
Coefficient statistics:
  Matrix range     [1e+00, 1e+00]
  Objective range  [1e+00, 1e+00]
  Bounds range     [1e+00, 1e+00]
  RHS range        [1e+00, 1e+00]

Loaded user MIP start with objective 89

Presolve removed 0 rows and 961 columns
Presolve time: 3.29s
Presolved: 385 rows, 68147 columns, 1991719 nonzeros
Found heuristic solution: objective 88.0000000
Variable types: 0 continuous, 68147 integer (68147 binary)
Found heuristic solution: objective 78.0000000

Starting sifting (using dual simplex for sub-problems)...

    Iter     Pivots    Primal Obj      Dual Obj        Time
       0          0     infinity      0.0000000e+00      4s
       1        892   1.7384280e+01   5.3582001e+00      4s
       2       3351   1.6880513e+01   9.4463466e+00      4s
       3       5676   1.5780262e+01   1.1678465e+01      4s
       4       8214   1.5177969e+01   1.2677399e+01      4s
       5       9925   1.5000000e+01   1.5000000e+01      4s

Sifting complete


Root relaxation: objective 1.500000e+01, 9925 iterations, 1.04 seconds (2.00 work units)
Total elapsed time = 11.30s (DegenMoves)

    Nodes    |    Current Node    |     Objective Bounds      |     Work
 Expl Unexpl |  Obj  Depth IntInf | Incumbent    BestBd   Gap | It/Node Time

     0     0   15.00000    0  165   78.00000   15.00000  80.8%     -   13s
H    0     0                      35.0000000   15.00000  57.1%     -   13s
H    0     0                      29.0000000   15.00000  48.3%     -   13s
H    0     0                      28.0000000   15.00000  46.4%     -   13s
H    0     0                      27.0000000   15.00000  44.4%     -   13s
H    0     0                      26.0000000   15.00000  42.3%     -   13s
H    0     0                      25.0000000   15.00000  40.0%     -   13s
H    0     0                      24.0000000   15.00000  37.5%     -   13s
H    0     0                      23.0000000   15.00000  34.8%     -   13s
H    0     0                      22.0000000   15.00000  31.8%     -   13s
H    0     0                      21.0000000   15.00000  28.6%     -   13s
H    0     0                      20.0000000   15.00000  25.0%     -   14s
     0     0   15.00000    0  159   20.00000   15.00000  25.0%     -   32s
     0     0   15.00000    0  168   20.00000   15.00000  25.0%     -   70s
     0     0   15.00000    0  158   20.00000   15.00000  25.0%     -   82s
     0     0   15.00000    0  149   20.00000   15.00000  25.0%     -   83s
     0     0   15.00000    0  149   20.00000   15.00000  25.0%     -   93s
     0     2   15.00000    0  149   20.00000   15.00000  25.0%     -  135s
     7    16   15.00000    3  223   20.00000   15.00000  25.0%  3332  140s
    23   135   15.00000    5  294   20.00000   15.00000  25.0%  1757  153s
   134   196   15.00000   11  229   20.00000   15.00000  25.0%  1606  161s
   195   204   15.00000   20  294   20.00000   15.00000  25.0%  1325  181s
H  200   204                      19.0000000   15.00000  21.1%  1329  181s
   203   489   15.00000   21  303   19.00000   15.00000  21.1%  1340  210s
   488   761   15.00000   31  241   19.00000   15.00000  21.1%  2083  256s
H  644   761                      18.0000000   15.00000  16.7%  2139  256s
   760  1275   15.00000   41  220   18.00000   15.00000  16.7%  2082  312s
  1274  1737   15.00000   71  264   18.00000   15.00000  16.7%  2299  360s
  1736  2282   15.00000  101  206   18.00000   15.00000  16.7%  2419  416s
  2281  2339   15.04626  144  236   18.00000   15.00000  16.7%  2617  471s
  2338  2718   15.04738  145  235   18.00000   15.00000  16.7%  2640  530s
  2717  3792   15.08797  201  243   18.00000   15.00000  16.7%  2807  585s
  3791  4735   15.20364  360  243   18.00000   15.00000  16.7%  2086  614s
  4734  5489   15.27894  483  252   18.00000   15.00000  16.7%  1691  639s
  5488  5764   15.35184  585  248   18.00000   15.00000  16.7%  1474  676s
  5763  6560   15.36674  625  249   18.00000   15.00000  16.7%  1408  700s
  6559  7259   15.42290  771  246   18.00000   15.00000  16.7%  1248  725s
  7259  7260   15.00000  213  149   18.00000   15.00000  16.7%  1138  735s
  7261  7261   15.09326  572  165   18.00000   15.00000  16.7%  1137  782s
  7262  7262   16.00000  552  171   18.00000   15.00000  16.7%  1137  849s
H 7262  6898                      17.0000000   15.00000  11.8%  1137  875s
  7264  6899   15.28569  738  167   17.00000   15.00000  11.8%  1137  905s
  7265  6900   15.03925  401  152   17.00000   15.00000  11.8%  1137  910s
  7266  6901   15.00000   71  140   17.00000   15.00000  11.8%  1137  930s
  7267  6901   15.14111  274  140   17.00000   15.00000  11.8%  1136  944s
  7268  6902   15.35427  593  140   17.00000   15.00000  11.8%  1136  993s
  7269  6906   15.00000   16  167   17.00000   15.00000  11.8%  1155 1013s
  7271  6909   15.00000   17  222   17.00000   15.00000  11.8%  1154 1015s
  7283  6921   15.00000   19  202   17.00000   15.00000  11.8%  1154 1020s
  7291  6941   15.00000   20  238   17.00000   15.00000  11.8%  1153 1032s
  7314  6960   15.00000   22  257   17.00000   15.00000  11.8%  1159 1046s
  7340  6959   15.00000   24  244   17.00000   15.00000  11.8%  1160 1067s
  7348  6968   15.00000   24  186   17.00000   15.00000  11.8%  1160 1095s
  7360  6992   15.00000   25  204   17.00000   15.00000  11.8%  1161 1133s
  7388  7040   15.00000   25  290   17.00000   15.00000  11.8%  1167 1176s
  7445  7059   15.00000   26  206   17.00000   15.00000  11.8%  1184 1233s
  7483  7127   15.00000   29  237   17.00000   15.00000  11.8%  1188 1309s
  7564  7221   15.00000   36  181   17.00000   15.00000  11.8%  1208 1366s
  7685  7280   15.02621   43  216   17.00000   15.00000  11.8%  1218 1425s
  7784  7365   15.00000   48  155   17.00000   15.00000  11.8%  1274 1487s
  7902  7440   15.00000   55  161   17.00000   15.00000  11.8%  1283 1560s
  8016  7516   15.00000   61  183   17.00000   15.00000  11.8%  1292 1625s
  8130  7545   15.00000   67  186   17.00000   15.00000  11.8%  1299 1694s
  8197  7637   15.00000   70  201   17.00000   15.00000  11.8%  1306 1756s
  8312  7705   15.09398   77  214   17.00000   15.00000  11.8%  1313 1827s
  8418  7713   15.00000   83  161   17.00000   15.00000  11.8%  1320 1909s
  8461  7770   15.00000   87  155   17.00000   15.00000  11.8%  1324 1984s
  8533  7849   15.14532   91  218   17.00000   15.00000  11.8%  1330 2054s
  8636  7909   15.00000   98  173   17.00000   15.00000  11.8%  1338 2119s
  8730  8001   15.00000  102  153   17.00000   15.00000  11.8%  1343 2195s
  8853  7992   15.00000  109  148   17.00000   15.00000  11.8%  1350 2278s
  8885  8036   15.00000  111  152   17.00000   15.00000  11.8%  1352 2358s
  8940  8136   15.00000  116  155   17.00000   15.00000  11.8%  1357 2424s
  9058  8226   15.00000  122  145   17.00000   15.00000  11.8%  1363 2501s
  9188  8310   15.00000  130  160   17.00000   15.00000  11.8%  1370 2586s
  9315  8353   15.00000  137  141   17.00000   15.00000  11.8%  1377 2674s
  9400  8396   15.00000  144  153   17.00000   15.00000  11.8%  1384 2750s
  9472  8497   15.00000  151  164   17.00000   15.00000  11.8%  1389 2830s
  9597  8576   15.00000  158  160   17.00000   15.00000  11.8%  1394 2912s
  9717  8672   15.26186  164  220   17.00000   15.00000  11.8%  1399 2987s
  9853  8753   15.00000  171  151   17.00000   15.00000  11.8%  1404 3056s
  9980  8851   15.09307  177  221   17.00000   15.00000  11.8%  1410 3134s
 10120  8939   15.00000  184  156   17.00000   15.00000  11.8%  1416 3223s
 10255  9044   15.00000  190  150   17.00000   15.00000  11.8%  1421 3311s
 10405  9139   15.00000  198  134   17.00000   15.00000  11.8%  1427 3396s
 10550  9247   15.00000  205  143   17.00000   15.00000  11.8%  1433 3491s
 10706  9345   15.00000  213  169   17.00000   15.00000  11.8%  1439 3588s
 10856  9418   15.00000  221  148   17.00000   15.00000  11.8%  1446 3706s
 10979  9533   15.00000  230  144   17.00000   15.00000  11.8%  1451 3798s
 11135  9651   15.00000  240  153   17.00000   15.00000  11.8%  1456 3911s
 11305  9791   15.00000  247  138   17.00000   15.00000  11.8%  1462 4028s
 11502  9931   15.00000  257  134   17.00000   15.00000  11.8%  1468 4134s
 11707 10041   15.00000  268  134   17.00000   15.00000  11.8%  1475 4259s
 11886 10208   15.00000  276  150   17.00000   15.00000  11.8%  1480 4389s
 12112 10341   15.00000  287  142   17.00000   15.00000  11.8%  1486 4504s
 12321 10487   15.14632  296  223   17.00000   15.00000  11.8%  1492 4651s
 12536 10604   15.00000  307  157   17.00000   15.00000  11.8%  1498 4803s
 12725 10782   15.35411  315  227   17.00000   15.00000  11.8%  1500 4964s
 12966 10971   15.00000  325  141   17.00000   15.00000  11.8%  1499 5117s
 13235 11299   15.00000  337  157   17.00000   15.00000  11.8%  1499 5280s
 13653 11621   15.00000  352  137   17.00000   15.00000  11.8%  1489 5451s
 14114 11882   15.00000  366  145   17.00000   15.00000  11.8%  1476 5631s
 14529 12170   15.00000  380  148   17.00000   15.00000  11.8%  1467 5813s
 14955 12275   15.00000  393  145   17.00000   15.00000  11.8%  1457 5962s
 15202 12381   15.00000  397  141   17.00000   15.00000  11.8%  1453 6125s
 15391 12729   15.00000  399  149   17.00000   15.00000  11.8%  1447 6298s
 15802 12998   15.11389  415  216   17.00000   15.00000  11.8%  1440 6466s
 16208 13306   15.00000  430  149   17.00000   15.00000  11.8%  1434 6639s
 16651 13544   15.00000  445  139   17.00000   15.00000  11.8%  1429 6811s
 17037 13786   15.00000  461  133   17.00000   15.00000  11.8%  1426 6998s
 17407 14104   15.00000  477  127   17.00000   15.00000  11.8%  1425 7176s
 17849 14391   15.00000  495  151   17.00000   15.00000  11.8%  1422 7370s
 18283 14713   15.00000  511  150   17.00000   15.00000  11.8%  1419 7555s
 18750 15026   15.00000  529  144   17.00000   15.00000  11.8%  1416 7779s
 19218 15156   15.00000  547  140   17.00000   15.00000  11.8%  1414 8014s
 19504 15607   15.00000  556  157   17.00000   15.00000  11.8%  1410 8233s
 20051 16022   15.00000  576  164   17.00000   15.00000  11.8%  1406 8476s
 20648 15943   15.00000  598  176   17.00000   15.00000  11.8%  1401 8741s
 20768 16535   15.00000  603  160   17.00000   15.00000  11.8%  1400 8981s
 21400 16974   15.00000  627  138   17.00000   15.00000  11.8%  1396 9235s
 22050 17463   15.00000  648  159   17.00000   15.00000  11.8%  1390 9512s
 22755 17946   15.00000  671  153   17.00000   15.00000  11.8%  1384 9799s
 23473 18125   15.00000  696  146   17.00000   15.00000  11.8%  1378 10116s
 23892 18646   15.00000  705  175   17.00000   15.00000  11.8%  1373 10427s
 24552 19045   15.20253  726  225   17.00000   15.00000  11.8%  1370 10749s
 25171 19815   15.00000  746  155   17.00000   15.00000  11.8%  1364 11081s
 26152 20461   15.00000  777  174   17.00000   15.00000  11.8%  1352 11409s
 27162 21085   15.00000  806  173   17.00000   15.00000  11.8%  1339 11747s
 28188 21542   15.00000  836  186   17.00000   15.00000  11.8%  1328 12100s
 28969 22757   15.02124  858  228   17.00000   15.00000  11.8%  1319 12780s
 30288 23425   15.00000  895  180   17.00000   15.00000  11.8%  1304 13027s
 31078 24046   15.00078  922  230   17.00000   15.00000  11.8%  1296 13297s
 31845 24594   15.00508  989  233   17.00000   15.00000  11.8%  1285 13564s
 32632 25261   15.01115 1038  231   17.00000   15.00000  11.8%  1276 13835s
 33646 25522   15.02271 1099  238   17.00000   15.00000  11.8%  1260 14102s
 34233 26119   15.02530 1110  237   17.00000   15.00000  11.8%  1250 14373s
 35373 26632   15.03234 1160  239   17.00000   15.00000  11.8%  1232 14604s
 36467 27111   15.04605 1205  245   17.00000   15.00000  11.8%  1213 14830s
 37555 27743   15.05257 1250  245   17.00000   15.00000  11.8%  1195 15035s
 38352 28333   16.00000 1291  190   17.00000   15.00000  11.8%  1187 15252s
 39098 28848   15.11343 1332  241   17.00000   15.00000  11.8%  1180 15481s
 39658 29462   15.12306 1371  239   17.00000   15.00000  11.8%  1175 15696s
 40429 30011   15.15592 1413  237   17.00000   15.00000  11.8%  1169 15931s
 41153 30521   15.17248 1455  241   17.00000   15.00000  11.8%  1163 16176s
 41803 30715   15.17857 1494  246   17.00000   15.00000  11.8%  1160 16415s
 41997 31552   16.00000 1494  204   17.00000   15.00000  11.8%  1157 16655s
 42952 32491   15.20392 1531  245   17.00000   15.00000  11.8%  1144 16896s
 44162 33477   15.21215 1576  245   17.00000   15.00000  11.8%  1128 17254s
 45580 34307   16.00000 1618  189   17.00000   15.00000  11.8%  1110 17431s
 46723 35081   15.22883 1652  249   17.00000   15.00000  11.8%  1093 17606s
 47820 35777   15.23456 1679  251   17.00000   15.00000  11.8%  1078 17742s
 48830 36499   15.24197 1704  246   17.00000   15.00000  11.8%  1064 17895s
 49918 37219   15.24705 1726  245   17.00000   15.00000  11.8%  1049 18025s
 51034 37921   15.25303 1748  244   17.00000   15.00000  11.8%  1033 18157s
 52120 38598   15.25661 1768  241   17.00000   15.00000  11.8%  1019 18287s
 53189 39241   15.25930 1786  243   17.00000   15.00000  11.8%  1005 18397s
 54268 39900   15.26233 1801  245   17.00000   15.00000  11.8%   990 18513s
 55393 40476   15.26966 1820  240   17.00000   15.00000  11.8%   976 18614s
 56429 41126   15.27547 1839  243   17.00000   15.00000  11.8%   964 18702s
 57547 41778   15.27812 1856  238   17.00000   15.00000  11.8%   950 18791s
 58661 42753   15.28049 1873  244   17.00000   15.00000  11.8%   937 19045s
 60110 42959   15.28755 1921  242   17.00000   15.00000  11.8%   925 19198s
 60774 43505   15.28992 1937  240   17.00000   15.00000  11.8%   919 19336s
 61789 44149   15.29546 1965  244   17.00000   15.00000  11.8%   910 19458s
 62586 44838   15.29654 1980  241   17.00000   15.00000  11.8%   902 19580s
 63759 45508   15.30050 2003  239   17.00000   15.00000  11.8%   890 19675s
 64899 46206   15.30217 2021  241   17.00000   15.00000  11.8%   879 19771s
 65912 46333   15.30229 2036  238   17.00000   15.00000  11.8%   870 19891s
 66039 46976   15.30244 2042  238   17.00000   15.00000  11.8%   869 19995s
 66685 47657   15.30839 2061  239   17.00000   15.00000  11.8%   864 20089s
 67383 48382   15.31209 2079  240   17.00000   15.00000  11.8%   859 20193s
 68122 49108   15.31519 2099  241   17.00000   15.00000  11.8%   853 20291s
 68856 49791   15.31747 2118  240   17.00000   15.00000  11.8%   848 20381s
 69555 50530   15.31879 2133  241   17.00000   15.00000  11.8%   843 20481s
 70300 51233   15.32024 2152  244   17.00000   15.00000  11.8%   838 20584s
 71030 51938   15.32348 2171  236   17.00000   15.00000  11.8%   833 20674s
 71755 52048   15.32490 2191  241   17.00000   15.00000  11.8%   828 20778s
 71867 52689   15.32548 2198  242   17.00000   15.00000  11.8%   828 20894s
 72518 53402   15.32749 2211  241   17.00000   15.00000  11.8%   823 20993s
 73260 54443   15.32942 2232  238   17.00000   15.00000  11.8%   819 21205s
 74385 55256   15.33960 2278  237   17.00000   15.00000  11.8%   816 21335s
 75254 55283   15.35049 2302  236   17.00000   15.00000  11.8%   812 21489s
 75294 55943   15.67937 2302  220   17.00000   15.00000  11.8%   812 21647s
 75997 56760   15.35226 2310  238   17.00000   15.00000  11.8%   808 21785s
 76877 57546   15.35725 2335  233   17.00000   15.00000  11.8%   804 21925s
 77722 58721   15.35924 2360  236   17.00000   15.00000  11.8%   800 22054s
 78964 59850   15.36205 2385  228   17.00000   15.00000  11.8%   792 22177s
 80172 60860   15.36596 2409  231   17.00000   15.00000  11.8%   785 22284s
 81252 61579   15.36807 2423  230   17.00000   15.00000  11.8%   777 22389s
 82152 62216   15.36954 2443  228   17.00000   15.00000  11.8%   773 22498s
 82840 62939   16.00000 2462  184   17.00000   15.00000  11.8%   770 22607s
 83627 63654   15.37542 2482  229   17.00000   15.00000  11.8%   767 22709s
 84412 64344   15.38583 2501  231   17.00000   15.00000  11.8%   764 22822s
 85218 64970   15.38953 2522  234   17.00000   15.00000  11.8%   760 22934s
 85930 65432   15.39175 2543  238   17.00000   15.00000  11.8%   758 23037s
 86471 65916   15.39432 2558  232   17.00000   15.00000  11.8%   756 23162s
 87050 66613   15.40080 2578  228   17.00000   15.00000  11.8%   755 23283s
 87868 67491   15.40181 2597  230   17.00000   15.00000  11.8%   752 23512s
 89060 68160   15.41229 2631  236   17.00000   15.00000  11.8%   749 23658s
 89910 68412   15.42060 2653  233   17.00000   15.00000  11.8%   747 23797s
 90386 69146   15.42240 2679  235   17.00000   15.00000  11.8%   747 23950s
 91407 69818   15.42405 2704  234   17.00000   15.00000  11.8%   744 24087s
 92430 70481   15.42731 2725  234   17.00000   15.00000  11.8%   741 24233s
 93447 71000   15.45407 2745  237   17.00000   15.00000  11.8%   737 24356s
 94091 71625   15.45463 2749  237   17.00000   15.00000  11.8%   733 24498s
 94891 72278   15.46255 2772  241   17.00000   15.00000  11.8%   730 24625s
 96028 72889   15.46688 2794  241   17.00000   15.00000  11.8%   725 24737s
 97145 73515   15.46775 2811  236   17.00000   15.00000  11.8%   721 24865s
 98448 74113   15.47219 2829  240   17.00000   15.00000  11.8%   715 24972s
 99760 74714   15.48234 2847  237   17.00000   15.00000  11.8%   710 25060s
 101186 74904   15.48772 2862  239   17.00000   15.00000  11.8%   703 25168s
 101557 75510   15.49316 2876  238   17.00000   15.00000  11.8%   702 25271s
 102498 76342   15.50514 2891  232   17.00000   15.00000  11.8%   698 25461s
 103869 76933   15.51893 2929  223   17.00000   15.00000  11.8%   694 25560s
 104987 77204   15.52457 2948  236   17.00000   15.00000  11.8%   690 25635s
 105760 77405   15.52659 2963  226   17.00000   15.00000  11.8%   687 25706s
 105998 77514   15.53575 2978  224   17.00000   15.00000  11.8%   687 25809s
 106134 77800   15.54392 2993  226   17.00000   15.00000  11.8%   687 25913s
 106454 78210   15.54704 3011  216   17.00000   15.00000  11.8%   687 26013s
 106909 78587   15.55094 3031  212   17.00000   15.00000  11.8%   685 26105s
 107326 79211     cutoff 3049        17.00000   15.00000  11.8%   685 26216s
 108016 80334   15.56171 3074  221   17.00000   15.00000  11.8%   683 26323s
 109212 81641   15.92490 3097  237   17.00000   15.00000  11.8%   678 26421s
 110590 82454   15.57345 3120  221   17.00000   15.00000  11.8%   672 26520s
 111500 83652   15.57712 3148  216   17.00000   15.00000  11.8%   668 26614s
 112792 84499   15.58351 3177  218   17.00000   15.00000  11.8%   663 26700s
 113764 85611   15.58724 3205  218   17.00000   15.00000  11.8%   659 26787s
 114951 85898   15.59108 3229  218   17.00000   15.00000  11.8%   654 26887s
 115335 86531   15.60097 3247  217   17.00000   15.00000  11.8%   654 26976s
 116056 87798   15.60388 3271  217   17.00000   15.00000  11.8%   651 27056s
 117449 89367   15.60600 3300  208   17.00000   15.00000  11.8%   645 27242s
 119284 89375   15.61777 3377  212   17.00000   15.00000  11.8%   639 27338s
 119292 89378     cutoff 3377        17.00000   15.00000  11.8%   639 27436s
 119308 89722   15.61897 3381  210   17.00000   15.00000  11.8%   639 27517s
 119704 91033   15.62562 3407  219   17.00000   15.00000  11.8%   638 27603s
 121117 92110     cutoff 3434        17.00000   15.00000  11.8%   631 27665s
 122394 92901   15.62950 3463  219   17.00000   15.00000  11.8%   626 27721s
 123270 93836   15.64274 3486  214   17.00000   15.00000  11.8%   623 27778s
 124270 94420   15.65192 3509  216   17.00000   15.00000  11.8%   619 27841s
 124945 95351     cutoff 3532        17.00000   15.00000  11.8%   617 27899s
 125969 96087   15.66525 3557  217   17.00000   15.00000  11.8%   613 27954s
 126768 97020     cutoff 3576        17.00000   15.00000  11.8%   610 28008s
 127782 97709   15.67306 3594  216   17.00000   15.00000  11.8%   606 28056s
 128521 98427   15.68136 3614  217   17.00000   15.00000  11.8%   603 28112s
 129275 99292   15.69169 3624  219   17.00000   15.00000  11.8%   601 28179s
 130307 99787     cutoff 3650        17.00000   15.00000  11.8%   597 28232s
 130922 100170   15.70067 3679  214   17.00000   15.00000  11.8%   595 28285s
 131388 100701   15.70846 3707  218   17.00000   15.00000  11.8%   594 28340s
 132012 101798   15.71296 3737  216   17.00000   15.00000  11.8%   592 28525s
 133458 102536   15.72956 3862  210   17.00000   15.00000  11.8%   589 28625s
 134324 103577   15.73605 3914  204   17.00000   15.00000  11.8%   587 28714s
 135556 104458   15.74692 3987  214   17.00000   15.00000  11.8%   583 28800s
 136594 105232   15.75348 4042  213   17.00000   15.00000  11.8%   581 28880s
 137598 106083   15.80829 4132  205   17.00000   15.00000  11.8%   578 28953s
 138730 106705   15.82422 4246  206   17.00000   15.00000  11.8%   575 29023s
 139694 107669   15.86923 4385  196   17.00000   15.00000  11.8%   572 29088s
 141192 108413   15.91943 4613  198   17.00000   15.00000  11.8%   568 29157s
 142476 109413   15.95163 4844  186   17.00000   15.00000  11.8%   564 29222s
 143721 110263   15.00000   51  179   17.00000   15.00000  11.8%   560 29279s
 144625 111406   16.00000   82  128   17.00000   15.00000  11.8%   557 29327s
 145834 112548   16.00000  148  154   17.00000   15.00000  11.8%   553 29374s
 147044 114119   15.00000   42  199   17.00000   15.00000  11.8%   549 29543s
 148740 115220   15.00000  114  223   17.00000   15.00000  11.8%   545 29603s
 149960 115991   15.00000  132  207   17.00000   15.00000  11.8%   542 29650s
 150811 116656   15.00000  147  230   17.00000   15.00000  11.8%   539 29694s
 151521 117202   15.00000  165  220   17.00000   15.00000  11.8%   538 29753s
 152108 117941   15.00000  178  212   17.00000   15.00000  11.8%   536 29804s
 152900 118591   15.00000  190  223   17.00000   15.00000  11.8%   534 29859s
 153611 119244   15.00000  211  216   17.00000   15.00000  11.8%   533 29916s
 154313 119402   15.00000  222  226   17.00000   15.00000  11.8%   531 29988s
 154526 119965   15.00000  236  227   17.00000   15.00000  11.8%   531 30048s
 155128 120628   15.00000  257  229   17.00000   15.00000  11.8%   530 30108s
 155848 121542   15.00000  266  227   17.00000   15.00000  11.8%   528 30168s
 156835 122635   15.00000  279  233   17.00000   15.00000  11.8%   526 30224s
 158022 123569   15.00000  299  228   17.00000   15.00000  11.8%   522 30279s
 159124 124420   15.00000  306  226   17.00000   15.00000  11.8%   520 30330s
 160018 125147   15.00000  317  234   17.00000   15.00000  11.8%   517 30380s
 160805 126300   15.00000  336  228   17.00000   15.00000  11.8%   516 30431s
 162019 127816   15.00000  347  231   17.00000   15.00000  11.8%   513 30595s
 163721 128955   15.00000  397  250   17.00000   15.00000  11.8%   510 30663s
 164952 129119   15.00000  413  245   17.00000   15.00000  11.8%   507 30724s
 165139 129463   15.00000  419  244   17.00000   15.00000  11.8%   506 30789s
 165546 129954   15.00135  434  259   17.00000   15.00000  11.8%   506 30868s
 166106 130897   15.00135  435  265   17.00000   15.00000  11.8%   505 30962s
 167108 132304   15.00135  436  264   17.00000   15.00000  11.8%   502 31026s
 168582 133713   15.00533  464  258   17.00000   15.00000  11.8%   498 31079s
 170063 135232   15.02522  631  261   17.00000   15.00000  11.8%   495 31130s
 171650 136551   15.06214  757  258   17.00000   15.00000  11.8%   491 31178s
 173034 137637   15.08294  896  247   17.00000   15.00000  11.8%   488 31225s
 174175 138757   15.09823 1040  251   17.00000   15.00000  11.8%   485 31268s
 175343 139933   15.12498 1192  257   17.00000   15.00000  11.8%   482 31309s
 176592 141525   15.15436 1287  263   17.00000   15.00000  11.8%   479 31452s
 178449 142191   15.20227 1743  272   17.00000   15.00000  11.8%   476 31536s
 179161 143101   15.21579 1803  264   17.00000   15.00000  11.8%   475 31600s
 180084 144119   15.21583 1804  263   17.00000   15.00000  11.8%   473 31654s
 181157 145351   15.22570 1890  263   17.00000   15.00000  11.8%   470 31700s
 182461 146381   15.25895 2186  261   17.00000   15.00000  11.8%   467 31743s
 183554 147338   15.27626 2520  267   17.00000   15.00000  11.8%   465 31789s
 184582 148481   15.30276 2866  260   17.00000   15.00000  11.8%   463 31835s
 185799 149535   15.32127 3244  259   17.00000   15.00000  11.8%   461 31883s
 186919 150888   15.33668 3564  259   17.00000   15.00000  11.8%   459 31928s
 188373 151696   15.35118 3904  256   17.00000   15.00000  11.8%   456 31964s
 189224 152684   15.36417 4220  258   17.00000   15.00000  11.8%   454 32001s
 190376 153052   15.37486 4558  247   17.00000   15.00000  11.8%   452 32030s
 190792 153642   15.39775 4842  263   17.00000   15.00000  11.8%   451 32065s
 191437 154821   15.41191 5146  258   17.00000   15.00000  11.8%   450 32200s
 192860 155909   15.42539 5602  257   17.00000   15.00000  11.8%   449 32275s
 194067 156996   15.44140 6058  256   17.00000   15.00000  11.8%   447 32330s
 195238 158063   15.45913 6514  250   17.00000   15.00000  11.8%   445 32376s
 196381 158670   15.46940 6970  255   17.00000   15.00000  11.8%   443 32425s
 197059 159196   15.47200 7213  258   17.00000   15.00000  11.8%   442 32482s
 197630 159727   15.48491 7597  251   17.00000   15.00000  11.8%   441 32534s
 198228 160588   15.49475 8053  246   17.00000   15.00000  11.8%   440 32587s
 199188 161316   15.51409 8509  243   17.00000   15.00000  11.8%   439 32638s
 199987 162107   15.52896 8965  241   17.00000   15.00000  11.8%   438 32687s
 200860 162917   15.53497 9421  240   17.00000   15.00000  11.8%   437 32735s
 201741 162925   15.54410 9877  245   17.00000   15.00000  11.8%   435 32817s
 201749 162931   15.54410 9878  245   17.00000   15.00000  11.8%   435 32907s
 201758 162938   15.57335 9879  244   17.00000   15.00000  11.8%   435 32991s
 201767 162965   15.57349 9880  244   17.00000   15.00000  11.8%   435 33043s
 201836 163001   15.57349 9881  243   17.00000   15.00000  11.8%   435 33094s
 201933 163386   15.57349 9882  245   17.00000   15.00000  11.8%   435 33145s
 202392 164000   15.58008 10070  237   17.00000   15.00000  11.8%   435 33201s
 203072 165064   15.58511 10319  240   17.00000   15.00000  11.8%   434 33255s
 204226 166065   15.59680 10775  240   17.00000   15.00000  11.8%   432 33309s
 205310 167076   15.61658 11231  234   17.00000   15.00000  11.8%   431 33359s
 206416 168509   15.62518 11687  230   17.00000   15.00000  11.8%   429 33484s
 208146 169797   15.63576 12143  236   17.00000   15.00000  11.8%   427 33544s
 209544 170254   15.65751 12599  222   17.00000   15.00000  11.8%   425 33591s
 210095 171484   15.66302 12774  227   17.00000   15.00000  11.8%   425 33637s
 211423 172642   15.67936 13230  227   17.00000   15.00000  11.8%   422 33682s
 212674 173728   15.70128 13686  229   17.00000   15.00000  11.8%   421 33718s
 213844 174363   15.71968 14142  232   17.00000   15.00000  11.8%   419 33753s
 214543 175420   15.72527 14433  231   17.00000   15.00000  11.8%   418 33793s
 215699 176654   15.75324 14857  222   17.00000   15.00000  11.8%   416 33830s
 217008 177775   15.76812 15313  230   17.00000   15.00000  11.8%   414 33868s
 218206 177907   15.77834 15769  226   17.00000   15.00000  11.8%   412 33902s
 218402 177928   15.77854 15799  227   17.00000   15.00000  11.8%   412 33936s
 218492 177942   15.77856 15800  224   17.00000   15.00000  11.8%   412 33970s
 218576 178018   15.77858 15801  228   17.00000   15.00000  11.8%   412 34009s
 218740 178687   15.77858 15802  228   17.00000   15.00000  11.8%   412 34044s
 219496 179773   15.79356 16049  232   17.00000   15.00000  11.8%   411 34082s
 220677 180960   15.84978 16485  235   17.00000   15.00000  11.8%   409 34119s
 222002 182600   15.90144 16941  230   17.00000   15.00000  11.8%   407 34245s
 224039 184169   15.92279 17397  222   17.00000   15.00000  11.8%   405 34294s
 225806 184929   15.97973 17853  213   17.00000   15.00000  11.8%   402 34325s
 226666 185763   15.00000   28  238   17.00000   15.00000  11.8%   401 34356s
 227555 186598   15.00000   29  230   17.00000   15.00000  11.8%   400 34385s
 228451 187355   15.00000   35  238   17.00000   15.00000  11.8%   399 34414s
 229285 188330   15.00000   36  233   17.00000   15.00000  11.8%   398 34444s
 230346 189365   15.00194   41  253   17.00000   15.00000  11.8%   396 34472s
 231475 190422   15.09860   53  256   17.00000   15.00000  11.8%   394 34499s
 232608 191382   15.05229   60  254   17.00000   15.00000  11.8%   393 34525s
 233662 192313   15.08022   70  256   17.00000   15.00000  11.8%   391 34548s
 234690 192768   15.10988  100  254   17.00000   15.00000  11.8%   390 34573s
 235354 192844   15.12277  112  259   17.00000   15.00000  11.8%   389 34595s
 235491 192884   15.14812  134  266   17.00000   15.00000  11.8%   389 34616s
 235591 192970   15.15908  150  256   17.00000   15.00000  11.8%   389 34638s
 235744 193047   15.17911  180  258   17.00000   15.00000  11.8%   389 34663s
 235888 193140   15.20063  209  263   17.00000   15.00000  11.8%   389 34688s
 236057 193249   15.22399  238  259   17.00000   15.00000  11.8%   389 34713s
 236244 193363   15.24775  273  258   17.00000   15.00000  11.8%   389 34736s
 236446 194628   15.26789  309  254   17.00000   15.00000  11.8%   389 34854s
 238251 195239   15.46514  622  243   17.00000   15.00000  11.8%   388 34915s
 239104 195897   15.56584  805  234   17.00000   15.00000  11.8%   388 34978s
 240031 196188   15.64608 1012  232   17.00000   15.00000  11.8%   387 35025s
 240501 196686   15.73671 1220  236   17.00000   15.00000  11.8%   387 35072s
 241243 196936   15.92894 1671  236   17.00000   15.00000  11.8%   387 35123s
 241868 197011   16.00000   66  179   17.00000   15.00000  11.8%   387 35182s
 242349 197088   16.00000   94  208   17.00000   15.00000  11.8%   387 35244s
 242976 197200   16.00000  115  185   17.00000   15.00000  11.8%   387 35306s
 243612 197310   16.00000  141  207   17.00000   15.00000  11.8%   387 35367s
 244264 197446   15.27768   51  236   17.00000   15.00000  11.8%   387 35422s
 244550 197718   15.29935   59  233   17.00000   15.00000  11.8%   386 35489s
 244995 197975   16.00000   94  177   17.00000   15.00000  11.8%   386 35563s
 245352 198371     cutoff  143        17.00000   15.00000  11.8%   387 35635s
 245851 198625   16.00000  205  162   17.00000   15.00000  11.8%   387 35706s
 246186 198892   16.00000  259  190   17.00000   15.00000  11.8%   387 35771s
 246515 199168   16.00000  314  188   17.00000   15.00000  11.8%   388 35846s
 246875 199427   16.00000  367  174   17.00000   15.00000  11.8%   388 35926s
 247237 199652   16.00000  411  200   17.00000   15.00000  11.8%   388 36005s
 247524 200070   16.00000  458  190   17.00000   15.00000  11.8%   388 36079s
 248033 200639   16.00000  521  200   17.00000   15.00000  11.8%   389 36159s
 248696 201235   15.00000   35  196   17.00000   15.00000  11.8%   389 36249s
 249403 202084   15.17736   37  257   17.00000   15.00000  11.8%   389 36336s
 250343 203170   15.29267  241  251   17.00000   15.00000  11.8%   388 36417s
 251519 203885   15.40046  587  256   17.00000   15.00000  11.8%   387 36562s
 252311 204775   15.47646  916  251   17.00000   15.00000  11.8%   387 36687s
 253337 205663   15.56402 1372  260   17.00000   15.00000  11.8%   386 36801s
 254283 206711   15.61339 1663  255   17.00000   15.00000  11.8%   385 36927s
 255375 208090   15.66337 2119  249   17.00000   15.00000  11.8%   384 37011s
 256833 209452   15.71424 2575  255   17.00000   15.00000  11.8%   383 37084s
 258306 210557   15.75304 3031  253   17.00000   15.00000  11.8%   381 37145s
 259487 211788   15.78556 3487  243   17.00000   15.00000  11.8%   380 37206s
 260797 212981   15.83150 3943  244   17.00000   15.00000  11.8%   379 37262s
 262057 214166   15.86046 4399  244   17.00000   15.00000  11.8%   378 37313s
 263315 215487   15.88235 4855  246   17.00000   15.00000  11.8%   376 37359s
 264716 216882   15.91216 5311  245   17.00000   15.00000  11.8%   375 37404s
 266189 218425   15.93776 5767  247   17.00000   15.00000  11.8%   373 37515s
 267909 219472   15.96699 6223  244   17.00000   15.00000  11.8%   372 37566s
 269052 220170   15.40062   40  243   17.00000   15.00000  11.8%   371 37607s
 269826 220862   16.00000   79  161   17.00000   15.00000  11.8%   370 37645s
 270599 221571     cutoff  107        17.00000   15.00000  11.8%   369 37680s
 271394 221949   16.00000  127  180   17.00000   15.00000  11.8%   369 37715s
 271894 222291   15.00000   29  232   17.00000   15.00000  11.8%   369 37755s
 272315 222733   15.00000   49  199   17.00000   15.00000  11.8%   368 37802s
 272842 223139   15.00000   62  220   17.00000   15.00000  11.8%   368 37849s
 273336 223509   15.00000   71  226   17.00000   15.00000  11.8%   368 37896s
 273772 224175   15.00000   85  212   17.00000   15.00000  11.8%   368 37943s
 274518 224825   15.00000   98  197   17.00000   15.00000  11.8%   367 37991s
 275268 225588   15.00000  120  224   17.00000   15.00000  11.8%   367 38035s
 276129 226316   15.00000  131  221   17.00000   15.00000  11.8%   366 38087s
 276956 227151   15.00000  142  230   17.00000   15.00000  11.8%   366 38136s
 277891 227753   15.00000  158  223   17.00000   15.00000  11.8%   365 38191s
 278572 228692   15.00000  174  221   17.00000   15.00000  11.8%   364 38243s
 279597 229641   15.00000  188  221   17.00000   15.00000  11.8%   363 38290s
 280648 230631   15.00000  202  232   17.00000   15.00000  11.8%   363 38395s
 281877 231582   15.00000  232  241   17.00000   15.00000  11.8%   362 38464s
 282949 232526   15.00000  245  230   17.00000   15.00000  11.8%   361 38520s
 284005 233443   15.00000  253  249   17.00000   15.00000  11.8%   361 38575s
 285045 233480   15.00000  265  256   17.00000   15.00000  11.8%   360 38620s
 285115 234228   15.00000  266  257   17.00000   15.00000  11.8%   360 38670s
 285923 235197   15.00044  268  275   17.00000   15.00000  11.8%   359 38716s
 286972 236226   15.01318  290  278   17.00000   15.00000  11.8%   358 38767s
 288075 237683   15.02378  339  269   17.00000   15.00000  11.8%   357 38810s
 289608 238698   15.03654  414  282   17.00000   15.00000  11.8%   356 38848s
 290697 238706   15.05145  463  277   17.00000   15.00000  11.8%   355 38914s
 290705 238711   15.05145  464  279   17.00000   15.00000  11.8%   355 38979s
 290716 238717   15.05153  465  278   17.00000   15.00000  11.8%   355 39026s
 290750 238723   15.05160  466  276   17.00000   15.00000  11.8%   355 39094s
 290786 238745   15.05167  467  279   17.00000   15.00000  11.8%   355 39140s
 290830 238959   15.05171  468  279   17.00000   15.00000  11.8%   355 39184s
 291070 239147   15.05222  483  278   17.00000   15.00000  11.8%   355 39230s
 291305 239581   15.05679  515  267   17.00000   15.00000  11.8%   355 39272s
 291804 240120   15.06788  553  270   17.00000   15.00000  11.8%   354 39310s
 292413 241129   15.09148  603  282   17.00000   15.00000  11.8%   354 39346s
 293492 242128   15.11629  666  278   17.00000   15.00000  11.8%   353 39388s
 294568 243039   15.13935  720  265   17.00000   15.00000  11.8%   352 39426s
 295602 244227   15.15916  787  263   17.00000   15.00000  11.8%   351 39540s
 296980 245111   15.28682 1172  266   17.00000   15.00000  11.8%   351 39598s
 297959 246080   15.36223 1413  263   17.00000   15.00000  11.8%   350 39650s
 299004 247190   15.43734 1634  250   17.00000   15.00000  11.8%   349 39698s
 300215 248249   15.49517 1866  250   17.00000   15.00000  11.8%   348 39746s
 301362 248954   15.52396 2058  254   17.00000   15.00000  11.8%   347 39794s
 302149 249837   15.54624 2168  250   17.00000   15.00000  11.8%   347 39841s
 303190 250563   15.57683 2344  249   17.00000   15.00000  11.8%   346 39886s
 304004 251346   15.59859 2552  247   17.00000   15.00000  11.8%   346 39925s
 304861 251962   15.62783 2826  250   17.00000   15.00000  11.8%   345 39967s
 305555 252817   15.67020 2997  249   17.00000   15.00000  11.8%   344 40005s
 306504 253791   15.70197 3341  254   17.00000   15.00000  11.8%   344 40043s
 307553 254748   15.74185 3797  246   17.00000   15.00000  11.8%   343 40081s
 308584 255704   15.78618 4253  241   17.00000   15.00000  11.8%   342 40121s
 309611 256229   15.81669 4709  241   17.00000   15.00000  11.8%   341 40165s
 310215 257288   15.84147 5165  240   17.00000   15.00000  11.8%   341 40269s
 311550 258268   15.86475 5621  239   17.00000   15.00000  11.8%   341 40319s
 312641 258868   15.88319 6077  236   17.00000   15.00000  11.8%   340 40360s
 313352 259833   15.90165 6533  235   17.00000   15.00000  11.8%   339 40404s
 314448 260786   15.92788 6989  239   17.00000   15.00000  11.8%   339 40444s
 315483 261745   15.94442 7445  230   17.00000   15.00000  11.8%   338 40487s
 316540 262110   15.96770 7901  228   17.00000   15.00000  11.8%   337 40529s
 317044 262613   15.00000   40  199   17.00000   15.00000  11.8%   337 40568s
 317641 263204   15.00000   51  180   17.00000   15.00000  11.8%   337 40604s
 318344 263801   15.00000   33  174   17.00000   15.00000  11.8%   336 40637s
 319040 264231   15.00000   53  182   17.00000   15.00000  11.8%   336 40672s
 319603 264371   15.00000   75  175   17.00000   15.00000  11.8%   336 40709s
 319853 264534   15.00000   98  195   17.00000   15.00000  11.8%   336 40751s
 320140 264621   15.00000  124  177   17.00000   15.00000  11.8%   336 40795s
 320321 264824   15.00000  137  185   17.00000   15.00000  11.8%   336 40840s
 320660 264957   15.00000  162  199   17.00000   15.00000  11.8%   336 40889s
 320897 265243   15.00000  182  192   17.00000   15.00000  11.8%   336 40937s
 321337 265596   15.00000  205  172   17.00000   15.00000  11.8%   336 40981s
 321840 266003   15.00000  230  199   17.00000   15.00000  11.8%   336 41025s
 322405 266308   15.00000  256  171   17.00000   15.00000  11.8%   336 41072s
 322794 266809   15.00000  281  193   17.00000   15.00000  11.8%   336 41142s
 323329 267470   15.00000  308  198   17.00000   15.00000  11.8%   336 41203s
 324026 268120   15.00000  333  199   17.00000   15.00000  11.8%   335 41278s
 324712 269157   15.00000  355  197   17.00000   15.00000  11.8%   335 41383s
 326163 270147   15.00000  399  214   17.00000   15.00000  11.8%   335 41441s
 327427 271221   15.02948  439  229   17.00000   15.00000  11.8%   334 41490s
 328679 272080   15.06008  571  232   17.00000   15.00000  11.8%   333 41532s
 329762 272421   15.10306  661  229   17.00000   15.00000  11.8%   333 41570s
 330341 272619   15.14441  738  232   17.00000   15.00000  11.8%   332 41607s
 330747 272928   15.21626  839  224   17.00000   15.00000  11.8%   332 41644s
 331351 273195   15.26832 1072  219   17.00000   15.00000  11.8%   332 41682s
 332016 273502   15.34516 1237  216   17.00000   15.00000  11.8%   332 41716s
 332828 274001   15.41508 1397  217   17.00000   15.00000  11.8%   332 41754s
 333387 274537   15.50093 1664  219   17.00000   15.00000  11.8%   331 41796s
 333979 275117   15.58976 2017  223   17.00000   15.00000  11.8%   331 41843s
 334613 275765   15.67602 2443  219   17.00000   15.00000  11.8%   331 41887s
 335317 276437   15.76510 2899  215   17.00000   15.00000  11.8%   331 41931s
 336065 277134   15.82669 3355  219   17.00000   15.00000  11.8%   330 41971s
 336856 277595   15.93766 3811  218   17.00000   15.00000  11.8%   330 42010s
 337405 277952   15.51662   51  231   17.00000   15.00000  11.8%   330 42049s
 337847 278318   15.91061  151  220   17.00000   15.00000  11.8%   330 42092s
 338348 278609   15.00000   36  177   17.00000   15.00000  11.8%   330 42140s
 338711 278862   15.00000   60  182   17.00000   15.00000  11.8%   330 42186s
 339030 278979   15.00000   80  191   17.00000   15.00000  11.8%   330 42234s
 339199 279658   15.00000   91  184   17.00000   15.00000  11.8%   330 42334s
 340040 280402   15.00000  140  188   17.00000   15.00000  11.8%   330 42426s
 340898 281143   15.00000  154  196   17.00000   15.00000  11.8%   330 42513s
 341811 281928   15.00000  196  201   17.00000   15.00000  11.8%   330 42604s
 342742 282788   15.00000  240  191   17.00000   15.00000  11.8%   329 42682s
 343721 283731   15.00000  282  193   17.00000   15.00000  11.8%   329 42765s
 344672 284749   15.00000  283  200   17.00000   15.00000  11.8%   328 42843s
 345698 285758   15.00000  309  203   17.00000   15.00000  11.8%   328 42918s
 346823 286765   15.00000  344  199   17.00000   15.00000  11.8%   327 42984s
 347922 287748   15.00000  380  211   17.00000   15.00000  11.8%   327 43045s
 349017 288741   15.00000  403  200   17.00000   15.00000  11.8%   326 43112s
 350122 289738   15.00000  426  219   17.00000   15.00000  11.8%   326 43174s
 351229 290582   15.00000  447  230   17.00000   15.00000  11.8%   325 43200s

Cutting planes:
  MIR: 1
  Flow cover: 5

Explored 352135 nodes (114370685 simplex iterations) in 43200.14 seconds (132927.99 work units)
Thread count was 8 (of 56 available processors)

Solution count 10: 17 18 19 ... 26

Time limit reached
Best objective 1.700000000000e+01, best bound 1.500000000000e+01, gap 11.7647%

User-callback calls 6987054, time in user-callback 33.74 sec
Set parameter TimeLimit to value 1.7982893044948578e+03
Gurobi Optimizer version 12.0.3 build v12.0.3rc0 (linux64 - "Ubuntu 24.04.4 LTS")

CPU model: Intel(R) Xeon(R) Gold 6348 CPU @ 2.60GHz, instruction set [SSE2|AVX|AVX2|AVX512]
Thread count: 56 physical cores, 56 logical processors, using up to 8 threads

Non-default parameters:
TimeLimit  1.7982893044948578e+03
Threads  8

Optimize a model with 386 rows, 69108 columns and 2082394 nonzeros
Model fingerprint: 0x54553645
Variable types: 0 continuous, 69108 integer (69108 binary)
Coefficient statistics:
  Matrix range     [1e+00, 1e+00]
  Objective range  [1e+01, 2e+02]
  Bounds range     [1e+00, 1e+00]
  RHS range        [1e+00, 2e+01]

Loaded user MIP start with objective 1150.9
MIP start from previous solve did not produce a new incumbent solution

Presolve removed 0 rows and 73 columns
Presolve time: 3.90s
Presolved: 386 rows, 69035 columns, 2080621 nonzeros
Variable types: 0 continuous, 69035 integer (69035 binary)

Starting sifting (using dual simplex for sub-problems)...

    Iter     Pivots    Primal Obj      Dual Obj        Time
       0          0     infinity      0.0000000e+00      4s
       1       2472   1.0936235e+06   1.9441506e+01      4s
       2       4797   9.5439456e+02   1.9054350e+02      5s
       3       7468   7.0619217e+02   3.5018202e+02      5s
       4       9800   6.1597992e+02   4.7401935e+02      6s
       5      12142   5.8523847e+02   5.2636486e+02      6s
       6      14246   5.7493722e+02   5.4688988e+02      7s
       7      16161   5.7304711e+02   5.6700313e+02      8s
       8      17388   5.7301462e+02   5.7294230e+02      8s

Sifting complete


Root simplex log...

Iteration    Objective       Primal Inf.    Dual Inf.      Time
   17819    5.7301462e+02   0.000000e+00   0.000000e+00      9s

Root relaxation: objective 5.730146e+02, 17819 iterations, 4.58 seconds (8.50 work units)

    Nodes    |    Current Node    |     Objective Bounds      |     Work
 Expl Unexpl |  Obj  Depth IntInf | Incumbent    BestBd   Gap | It/Node Time

     0     0  573.01462    0  346 1150.90400  573.01462  50.2%     -    8s
H    0     0                    1093.3360000  573.01462  47.6%     -   11s
     0     0  573.93610    0  344 1093.33600  573.93610  47.5%     -   16s
     0     0  574.19344    0  352 1093.33600  574.19344  47.5%     -   34s
     0     0  574.24511    0  352 1093.33600  574.24511  47.5%     -   35s
     0     0  574.62105    0  357 1093.33600  574.62105  47.4%     -   39s
     0     0  574.66083    0  359 1093.33600  574.66083  47.4%     -   42s
     0     0  574.86074    0  371 1093.33600  574.86074  47.4%     -   46s
     0     0  574.96180    0  370 1093.33600  574.96180  47.4%     -   50s
     0     0  575.03142    0  375 1093.33600  575.03142  47.4%     -   51s
     0     0  575.03142    0  376 1093.33600  575.03142  47.4%     -   51s
     0     0  575.03160    0  375 1093.33600  575.03160  47.4%     -   52s
     0     2  575.12739    0  375 1093.33600  575.12739  47.4%     -   73s
     1     3  575.12739    1  375 1093.33600  575.12739  47.4%   265   77s
     2     5  575.20101    2  369 1093.33600  575.12739  47.4%   219   81s
     4    10  575.31519    3  368 1093.33600  575.12739  47.4%   410   87s
     9    18  575.33384    4  368 1093.33600  575.31705  47.4%   731   94s
    17    50  575.41072    5  370 1093.33600  575.33626  47.4%   831   97s
    49    58  575.66105    9  370 1093.33600  575.33626  47.4%   422  103s
    57    66  575.67061   10  372 1093.33600  575.33626  47.4%   385  121s
    73    82  575.94752   12  367 1093.33600  575.33626  47.4%   332  126s
    89    98  576.03620   14  370 1093.33600  575.33626  47.4%   304  131s
   105   114  576.21589   16  367 1093.33600  575.33626  47.4%   280  137s
   113   122  576.38640   17  365 1093.33600  575.33626  47.4%   272  144s
   121   130  576.48633   18  365 1093.33600  575.33626  47.4%   263  149s
   129   138  576.65824   19  361 1093.33600  575.33626  47.4%   254  160s
   137   146  576.76920   20  360 1093.33600  575.33626  47.4%   248  165s
   153   164  577.00864   22  365 1093.33600  575.33626  47.4%   237  174s
   163   176  577.03311   23  362 1093.33600  575.33626  47.4%   230  186s
   175   188  577.04521   24  364 1093.33600  575.33626  47.4%   224  190s
   187   196  577.06037   25  366 1093.33600  575.33626  47.4%   218  205s
   195   208  577.08563   26  364 1093.33600  575.33626  47.4%   214  228s
   207   224  577.17158   27  367 1093.33600  575.33626  47.4%   209  243s
   223   247  577.18263   28  365 1093.33600  575.33626  47.4%   203  261s
   281   295  577.20876   30  366 1093.33600  575.33626  47.4%   194  270s
   332   341  577.31810   32  366 1093.33600  575.33626  47.4%   180  280s
   340   356  577.36498   33  365 1093.33600  575.33626  47.4%   178  337s
H  345   356                    1092.5920000  575.33626  47.3%   177  337s
   355   421  577.58609   37  366 1092.59200  575.33626  47.3%   176  341s
   490   562  578.16945   49  361 1092.59200  575.33626  47.3%   156  348s
   561   624  578.33650   56  365 1092.59200  575.33626  47.3%   148  352s
   623   685  578.70072   60  363 1092.59200  575.33626  47.3%   146  356s
   684   708  578.82274   66  363 1092.59200  575.33626  47.3%   143  361s
   707   730  579.47547   69  368 1092.59200  575.33626  47.3%   146  365s
   729   750  579.63036   77  367 1092.59200  575.33626  47.3%   145  370s
   749   770  579.85479   85  361 1092.59200  575.33626  47.3%   145  375s
   786   805  579.99583  101  368 1092.59200  575.33626  47.3%   146  384s
   804   827  580.17486  107  371 1092.59200  575.33626  47.3%   146  389s
   826   862  580.32920  112  372 1092.59200  575.33626  47.3%   147  394s
   861   901  580.39543  120  368 1092.59200  575.33626  47.3%   146  399s
   900   959  580.54714  125  373 1092.59200  575.33626  47.3%   148  405s
   958  1028  581.01388  128  368 1092.59200  575.33626  47.3%   150  411s
  1027  1107  581.37087  132  367 1092.59200  575.33626  47.3%   151  417s
  1106  1198  581.49834  139  364 1092.59200  575.33626  47.3%   150  423s
  1197  1283  581.72102  146  364 1092.59200  575.33626  47.3%   149  431s
  1282  1374  581.88519  154  367 1092.59200  575.33626  47.3%   150  437s
H 1373  1491                    1085.3600000  575.33626  47.0%   150  444s
  1490  1603  582.23632  170  363 1085.36000  575.33626  47.0%   147  452s
  1602  1706  582.42311  176  366 1085.36000  575.33626  47.0%   146  458s
  1705  1842  582.82629  182  365 1085.36000  575.33626  47.0%   145  466s
  1841  1991  583.03298  191  360 1085.36000  575.33626  47.0%   143  474s
  1990  2131  583.17017  203  362 1085.36000  575.33626  47.0%   140  482s
  2130  2269  583.32640  218  360 1085.36000  575.33626  47.0%   138  489s
  2268  2413  583.47306  228  359 1085.36000  575.33626  47.0%   137  497s
  2412  2540  583.62436  241  362 1085.36000  575.33626  47.0%   136  505s
  2539  2658  584.40426  248  364 1085.36000  575.33626  47.0%   136  516s
  2657  2790  584.74796  259  363 1085.36000  575.33626  47.0%   135  526s
  2789  2976  585.13984  268  357 1085.36000  575.33626  47.0%   134  537s
H 2853  2976                    1076.1840000  575.33626  46.5%   133  537s
  2975  3197  585.35163  281  362 1076.18400  575.33626  46.5%   131  546s
  3196  3373  585.59602  299  357 1076.18400  575.33626  46.5%   128  555s
  3372  3566  586.05217  311  362 1076.18400  575.33626  46.5%   128  565s
  3565  3820  586.40142  324  359 1076.18400  575.33626  46.5%   127  575s
  3819  4068  586.80594  341  362 1076.18400  575.33626  46.5%   125  586s
  4067  4273  587.00250  361  364 1076.18400  575.33626  46.5%   123  601s
H 4090  4273                    1074.9440000  575.33626  46.5%   123  601s
  4272  4543  587.24041  383  361 1074.94400  575.33626  46.5%   121  613s
  4542  4831  587.44632  408  360 1074.94400  575.33626  46.5%   120  624s
  4830  5010  587.71683  430  359 1074.94400  575.33626  46.5%   118  640s
  5009  5018  587.95161  441  358 1074.94400  575.33626  46.5%   117  746s
  5017  5026  587.95729  442  361 1074.94400  575.33626  46.5%   117  764s
  5025  5111  587.96304  443  359 1074.94400  575.33626  46.5%   117  778s
  5110  5315  587.97884  444  358 1074.94400  575.33626  46.5%   116  792s
  5314  5407  588.02014  445  352 1074.94400  575.33626  46.5%   115  806s
  5406  5693  588.03417  446  353 1074.94400  575.33626  46.5%   114  819s
  5692  6022  588.07853  447  358 1074.94400  575.33626  46.5%   113  833s
  6021  6452  588.77419  467  357 1074.94400  575.33626  46.5%   112  846s
  6451  6621  589.10033  497  361 1074.94400  575.33626  46.5%   110  860s
  6620  7041  589.33313  500  359 1074.94400  575.33626  46.5%   109  874s
  7040  7487  589.69981  525  357 1074.94400  575.33626  46.5%   108  889s
  7487  7488  624.57959  698  375 1074.94400  575.33626  46.5%   106  916s
  7489  7489  611.50754  292  346 1074.94400  575.33626  46.5%   106  945s
  7490  7490  594.38234  473  347 1074.94400  575.33626  46.5%   106  987s
  7491  7491  622.27471  584  365 1074.94400  575.33626  46.5%   106  994s
  7492  7491  605.27288  938  360 1074.94400  575.33626  46.5%   106  995s
  7493  7492  622.79706  892  359 1074.94400  575.39857  46.5%   106 1004s
  7494  7493  620.24640  398  369 1074.94400  575.48751  46.5%   106 1035s
  7496  7494  599.08282  512  370 1074.94400  575.51301  46.5%   106 1045s
  7497  7495  616.07884  448  372 1074.94400  575.55768  46.5%   106 1053s
  7498  7495  631.25879  969  379 1074.94400  575.66689  46.4%   106 1055s
  7499  7496  629.11495  982  378 1074.94400  575.74460  46.4%   106 1062s
  7500  7497  631.72807 1184  378 1074.94400  575.74460  46.4%   106 1068s
  7501  7497  600.48957  619  378 1074.94400  576.46518  46.4%   106 1124s
  7502  7500  576.46518   10  375 1074.94400  576.46518  46.4%   109 1130s
  7503  7502  576.46518   11  375 1074.94400  576.46518  46.4%   109 1137s
  7505  7506  576.46518   12  372 1074.94400  576.46518  46.4%   109 1148s
  7510  7512  576.46518   13  372 1074.94400  576.46518  46.4%   110 1157s
  7518  7531  576.46518   14  371 1074.94400  576.46518  46.4%   110 1167s
  7539  7532  576.46518   16  370 1074.94400  576.46518  46.4%   111 1179s
  7547  7537  586.24173   16  318 1074.94400  576.46518  46.4%   112 1198s
  7555  7542  576.46518   17  368 1074.94400  576.46518  46.4%   113 1205s
  7563  7546  599.76650   16  276 1074.94400  576.46518  46.4%   113 1215s
  7569  7552  576.46518   18  371 1074.94400  576.46518  46.4%   115 1225s
  7577  7557  587.09610   18  329 1074.94400  576.46518  46.4%   115 1245s
  7585  7562  576.46518   19  371 1074.94400  576.46518  46.4%   117 1265s
  7593  7567  599.26231   19  303 1074.94400  576.46518  46.4%   117 1278s
  7600  7572  576.46518   20  368 1074.94400  576.46518  46.4%   119 1288s
  7608  7584  584.14088   20  330 1074.94400  576.46518  46.4%   119 1298s
  7622  7594  576.46518   21  374 1074.94400  576.46518  46.4%   120 1316s
  7637  7604  594.19639   21  342 1074.94400  576.46518  46.4%   121 1324s
  7652  7615  576.46518   22  373 1074.94400  576.46518  46.4%   123 1337s
  7668  7626  587.20431   22  342 1074.94400  576.46518  46.4%   124 1345s
  7684  7636  576.55768   23  370 1074.94400  576.46518  46.4%   125 1356s
  7700  7648  591.18562   23  341 1074.94400  576.46518  46.4%   127 1366s
  7717  7650  576.74120   24  367 1074.94400  576.46518  46.4%   128 1379s
  7725  7656  584.20121   24  331 1074.94400  576.46518  46.4%   129 1394s
  7733  7662  576.84638   25  370 1074.94400  576.46518  46.4%   130 1407s
  7742  7668  577.05532   26  363 1074.94400  576.46518  46.4%   131 1416s
  7751  7676  577.08621   27  364 1074.94400  576.46518  46.4%   132 1428s
  7762  7687  577.21892   28  364 1074.94400  576.46518  46.4%   133 1440s
  7777  7703  577.28992   29  365 1074.94400  576.46518  46.4%   135 1459s
  7798  7716  577.28992   30  365 1074.94400  576.46518  46.4%   136 1473s
  7818  7736  577.32524   31  366 1074.94400  576.46518  46.4%   139 1486s
  7844  7755  577.36768   32  360 1074.94400  576.46518  46.4%   141 1498s
  7872  7754  577.39821   33  359 1074.94400  576.46518  46.4%   143 1528s
  7880  7783  586.39576   33  333 1074.94400  576.46518  46.4%   144 1543s
  7912  7806  586.63089   34  326 1074.94400  576.46518  46.4%   146 1558s
  7946  7834  577.84287   36  369 1074.94400  576.46518  46.4%   148 1574s
  7985  7858  586.36475   37  335 1074.94400  576.46518  46.4%   151 1593s
  8022  7883  577.99809   39  371 1074.94400  576.46518  46.4%   154 1611s
  8059  7910  578.04516   40  370 1074.94400  576.46518  46.4%   156 1629s
  8099  7936  590.20053   41  337 1074.94400  576.46518  46.4%   159 1647s
  8138  7936  578.36829   43  367 1074.94400  576.46518  46.4%   162 1667s
  8151  7947  594.07642   43  352 1074.94400  576.46518  46.4%   162 1686s
  8166  7965  592.81954   44  316 1074.94400  576.46518  46.4%   164 1709s
  8189  7991  578.42096   45  368 1074.94400  576.46518  46.4%   165 1730s
  8223  8025  588.98243   45  322 1074.94400  576.46518  46.4%   167 1751s
  8268  8038  578.43551   46  368 1074.94400  576.46518  46.4%   169 1776s
  8296  8038  588.03394   46  327 1074.94400  576.46518  46.4%   172 1798s

Cutting planes:
  MIR: 23
  Flow cover: 15

Explored 8306 nodes (1451606 simplex iterations) in 1798.33 seconds (5040.58 work units)
Thread count was 8 (of 56 available processors)

Solution count 6: 1074.94 1076.18 1085.36 ... 1150.9

Time limit reached
Best objective 1.074943999998e+03, best bound 5.764651830951e+02, gap 46.3725%

User-callback calls 497512, time in user-callback 2.02 sec
