
Gurobi 12.0.3 (linux64) logging started Mon Sep 21 16:41:17 2026

Set parameter LogFile to value "/home/nc437/ladder-lite/integer_columns_20260921/results/c4_k08/treatment_s20260921/668465_r0/mip_gurobi.log"
Set parameter OutputFlag to value 1
Set parameter TimeLimit to value 1254
Set parameter MIPGap to value 0.0001
Set parameter Threads to value 8
Set parameter Seed to value 20260921
Set parameter TimeLimit to value 627
Gurobi Optimizer version 12.0.3 build v12.0.3rc0 (linux64 - "Ubuntu 24.04.4 LTS")

CPU model: Intel(R) Xeon(R) Gold 6230 CPU @ 2.10GHz, instruction set [SSE2|AVX|AVX2|AVX512]
Thread count: 40 physical cores, 40 logical processors, using up to 8 threads

Non-default parameters:
TimeLimit  627
Seed  20260921
Threads  8

Optimize a model with 188 rows, 62976 columns and 1704701 nonzeros
Model fingerprint: 0xf417f025
Variable types: 0 continuous, 62976 integer (62976 binary)
Coefficient statistics:
  Matrix range     [1e+00, 1e+00]
  Objective range  [1e+00, 1e+00]
  Bounds range     [1e+00, 1e+00]
  RHS range        [1e+00, 1e+00]

Loaded user MIP start with objective 59

Presolve removed 0 rows and 459 columns
Presolve time: 3.74s
Presolved: 188 rows, 62517 columns, 1695702 nonzeros
Variable types: 0 continuous, 62517 integer (62517 binary)

Starting sifting (using dual simplex for sub-problems)...

    Iter     Pivots    Primal Obj      Dual Obj        Time
       0          0     infinity      0.0000000e+00      4s
       1        487   9.7844529e+00   3.5088780e+00      4s
       2       1061   9.7142600e+00   5.7462781e+00      4s
       3       1967   9.1684473e+00   6.6555855e+00      4s
       4       2792   8.8877637e+00   6.9605264e+00      4s
       5       3707   8.7059190e+00   7.2988796e+00      4s
       6       4824   8.2949385e+00   7.4153936e+00      4s
       7       6193   8.0351315e+00   7.4988268e+00      5s
       8       6842   8.0000000e+00   7.5218082e+00      5s
       9       7535   8.0000000e+00   7.5472600e+00      5s
      10       8272   8.0000000e+00   7.5815139e+00      5s
      11       9011   8.0000000e+00   8.0000000e+00      5s

Sifting complete


Root relaxation: objective 8.000000e+00, 9011 iterations, 1.02 seconds (1.00 work units)
Total elapsed time = 6.39s (DegenMoves)

    Nodes    |    Current Node    |     Objective Bounds      |     Work
 Expl Unexpl |  Obj  Depth IntInf | Incumbent    BestBd   Gap | It/Node Time

     0     0    8.00000    0   63   59.00000    8.00000  86.4%     -    7s
H    0     0                      18.0000000    8.00000  55.6%     -    7s
H    0     0                      13.0000000    8.00000  38.5%     -    7s
H    0     0                      11.0000000    8.00000  27.3%     -    7s
H    0     0                      10.0000000    8.00000  20.0%     -    7s
     0     0    8.00000    0   60   10.00000    8.00000  20.0%     -   10s
     0     0    8.00000    0   61   10.00000    8.00000  20.0%     -   24s
     0     0    8.00000    0   67   10.00000    8.00000  20.0%     -   30s
     0     0    8.00000    0   64   10.00000    8.00000  20.0%     -   35s
     0     0    8.00000    0   67   10.00000    8.00000  20.0%     -   36s
     0     0    8.00000    0   58   10.00000    8.00000  20.0%     -   44s
     0     0    8.00000    0   55   10.00000    8.00000  20.0%     -   49s
     0     0    8.00000    0   53   10.00000    8.00000  20.0%     -   56s
     0     0    8.00000    0   63   10.00000    8.00000  20.0%     -   62s
H    0     0                       9.0000000    8.00000  11.1%     -   69s
     0     0    8.00000    0   71    9.00000    8.00000  11.1%     -   70s
     0     0    8.00000    0   61    9.00000    8.00000  11.1%     -   76s
     0     0    8.00000    0   62    9.00000    8.00000  11.1%     -   95s
     0     0    8.00000    0   52    9.00000    8.00000  11.1%     -   97s
     0     0    8.00000    0   64    9.00000    8.00000  11.1%     -  107s
     0     0    8.00000    0   63    9.00000    8.00000  11.1%     -  111s
     0     0    8.00000    0   57    9.00000    8.00000  11.1%     -  112s
     0     0    8.00000    0   68    9.00000    8.00000  11.1%     -  114s
     0     0    8.00000    0   68    9.00000    8.00000  11.1%     -  115s
     0     0    8.00000    0   61    9.00000    8.00000  11.1%     -  119s
     0     0    8.00000    0   56    9.00000    8.00000  11.1%     -  120s
     0     0    8.00000    0   66    9.00000    8.00000  11.1%     -  123s
     0     0    8.00000    0   66    9.00000    8.00000  11.1%     -  125s
     0     2    8.00000    0   66    9.00000    8.00000  11.1%     -  131s
     7     6    8.00000    4   95    9.00000    8.00000  11.1%  3520  135s
    38    20    8.00000    9   64    9.00000    8.00000  11.1%  1618  141s
    68    49    8.00000   15   67    9.00000    8.00000  11.1%  1059  146s
   166   118 infeasible   36         9.00000    8.00000  11.1%   931  155s
   253   185 infeasible   57         9.00000    8.00000  11.1%  1037  163s
   382   207 infeasible   84         9.00000    8.00000  11.1%  1048  173s
   510   239    8.00000   22   84    9.00000    8.00000  11.1%  1115  183s
   606   248 infeasible   27         9.00000    8.00000  11.1%  1100  196s
   779   399 infeasible   24         9.00000    8.00000  11.1%  1224  217s
  1150   622 infeasible   74         9.00000    8.00000  11.1%  1176  242s
  1819   744 infeasible  211         9.00000    8.00000  11.1%  1165  262s
  2417   659 infeasible  114         9.00000    8.00000  11.1%  1182  280s
  2754   601 infeasible  201         9.00000    8.00000  11.1%  1277  301s
  3024   619    8.00000   35  107    9.00000    8.00000  11.1%  1338  317s
  3394   438 infeasible   92         9.00000    8.00000  11.1%  1373  331s
  3679   231 infeasible  250         9.00000    8.00000  11.1%  1436  349s
  3888   136 infeasible   58         9.00000    8.00000  11.1%  1535  358s
  3989    71 infeasible   35         9.00000    8.00000  11.1%  1580  366s
  4058    30 infeasible   36         9.00000    8.00000  11.1%  1605  374s
  4107    95    8.00000   18  126    9.00000    8.00000  11.1%  1610  383s
  4196   147    8.00000   19  126    9.00000    8.00000  11.1%  1588  393s
  4304   193    8.00000   27  127    9.00000    8.00000  11.1%  1575  402s
  4410   341    8.00000   42  126    9.00000    8.00000  11.1%  1563  411s
  4593   342    8.00000   97   61    9.00000    8.00000  11.1%  1521  417s
  4595   343    8.00000   25   93    9.00000    8.00000  11.1%  1521  427s
  4596   344    8.00000   26   96    9.00000    8.00000  11.1%  1520  438s
  4597   345    8.00000  134   90    9.00000    8.00000  11.1%  1520  443s
  4598   345    8.00000   88   56    9.00000    8.00000  11.1%  1520  451s
  4600   347    8.00000   33   65    9.00000    8.00000  11.1%  1519  457s
  4602   348    8.00000  170   55    9.00000    8.00000  11.1%  1518  460s
  4605   350    8.00000   22   68    9.00000    8.00000  11.1%  1517  465s
  4607   351    8.00000   27   87    9.00000    8.00000  11.1%  1517  470s
  4608   352    8.00000   42   88    9.00000    8.00000  11.1%  1516  475s
  4610   353    8.00000  122   87    9.00000    8.00000  11.1%  1516  481s
  4612   355    8.00000  109   96    9.00000    8.00000  11.1%  1515  486s
  4613   355    8.00000   29   83    9.00000    8.00000  11.1%  1515  490s
  4614   356    8.00000   39   83    9.00000    8.00000  11.1%  1514  501s
  4615   360    8.00000   13   93    9.00000    8.00000  11.1%  1571  507s
  4627   364    8.00000   16   89    9.00000    8.00000  11.1%  1568  510s
  4661   365    8.00000   19  100    9.00000    8.00000  11.1%  1566  516s
  4684   375    8.00000   20  121    9.00000    8.00000  11.1%  1560  523s
  4701   379    8.00000   21   93    9.00000    8.00000  11.1%  1558  528s
  4725   378 infeasible   23         9.00000    8.00000  11.1%  1553  533s
  4778   365    8.00000   26   93    9.00000    8.00000  11.1%  1550  539s
  4815   368 infeasible   27         9.00000    8.00000  11.1%  1541  546s
  4874   406    8.00000   31  100    9.00000    8.00000  11.1%  1536  555s
  5058   337 infeasible   41         9.00000    8.00000  11.1%  1514  563s
  5304   302    8.00000   54   94    9.00000    8.00000  11.1%  1494  569s
  5471   315    8.00000   32   68    9.00000    8.00000  11.1%  1475  577s
  5682   244    8.00000   56   61    9.00000    8.00000  11.1%  1452  588s
  5819   337 infeasible   97         9.00000    8.00000  11.1%  1442  598s
  6118   540    8.00000   24  129    9.00000    8.00000  11.1%  1415  612s
  6475   637    8.00000   58  119    9.00000    8.00000  11.1%  1376  627s

Explored 6866 nodes (9472254 simplex iterations) in 627.05 seconds (1096.85 work units)
Thread count was 8 (of 40 available processors)

Solution count 6: 9 10 11 ... 59

Time limit reached
Best objective 9.000000000000e+00, best bound 8.000000000000e+00, gap 11.1111%

User-callback calls 129929, time in user-callback 0.87 sec
Set parameter TimeLimit to value 6.2452132320404053e+02
Gurobi Optimizer version 12.0.3 build v12.0.3rc0 (linux64 - "Ubuntu 24.04.4 LTS")

CPU model: Intel(R) Xeon(R) Gold 6230 CPU @ 2.10GHz, instruction set [SSE2|AVX|AVX2|AVX512]
Thread count: 40 physical cores, 40 logical processors, using up to 8 threads

Non-default parameters:
TimeLimit  6.2452132320404053e+02
Seed  20260921
Threads  8

Optimize a model with 189 rows, 62976 columns and 1767677 nonzeros
Model fingerprint: 0x3363f078
Variable types: 0 continuous, 62976 integer (62976 binary)
Coefficient statistics:
  Matrix range     [1e+00, 1e+00]
  Objective range  [6e+00, 2e+02]
  Bounds range     [1e+00, 1e+00]
  RHS range        [1e+00, 9e+00]

Loaded user MIP start with objective 509.184
MIP start from previous solve did not produce a new incumbent solution

Presolve removed 0 rows and 69 columns
Presolve time: 4.17s
Presolved: 189 rows, 62907 columns, 1766101 nonzeros
Variable types: 0 continuous, 62907 integer (62907 binary)

Starting sifting (using dual simplex for sub-problems)...

    Iter     Pivots    Primal Obj      Dual Obj        Time
       0          0     infinity      0.0000000e+00      4s
       1        829   9.8348912e+05   2.8926184e+01      4s
       2       1780   4.7260523e+02   1.5251298e+02      5s
       3       2776   3.7975359e+02   2.4622425e+02      5s
       4       3662   3.3847543e+02   2.9935598e+02      5s
       5       4506   3.3202303e+02   3.2311468e+02      5s
       6       5197   3.3161950e+02   3.2962896e+02      5s

Sifting complete


Root simplex log...

Iteration    Objective       Primal Inf.    Dual Inf.      Time
    5556    3.3160373e+02   0.000000e+00   0.000000e+00      5s

Root relaxation: objective 3.316037e+02, 5556 iterations, 0.83 seconds (1.03 work units)

    Nodes    |    Current Node    |     Objective Bounds      |     Work
 Expl Unexpl |  Obj  Depth IntInf | Incumbent    BestBd   Gap | It/Node Time

     0     0  331.60373    0  159  509.18400  331.60373  34.9%     -    5s
H    0     0                     508.6880000  331.60373  34.8%     -   10s
H    0     0                     490.5440000  331.60373  32.4%     -   10s
H    0     0                     460.6240000  331.60373  28.0%     -   10s
H    0     0                     456.4480000  331.60373  27.4%     -   10s
H    0     0                     440.7440000  331.60373  24.8%     -   10s
H    0     0                     439.5840000  331.60373  24.6%     -   11s
     0     0  332.06037    0  168  439.58400  332.06037  24.5%     -   13s
     0     0  332.28178    0  165  439.58400  332.28178  24.4%     -   28s
     0     0  332.92324    0  168  439.58400  332.92324  24.3%     -   32s
     0     0  332.96378    0  169  439.58400  332.96378  24.3%     -   33s
     0     0  333.02206    0  170  439.58400  333.02206  24.2%     -   34s
     0     0  333.03012    0  170  439.58400  333.03012  24.2%     -   36s
     0     2  333.05263    0  170  439.58400  333.05263  24.2%     -   60s
     3     8  333.23615    2  165  439.58400  333.10483  24.2%   355   66s
     7    16  333.41499    3  169  439.58400  333.23718  24.2%   391   70s
    45    54  336.49510    8  169  439.58400  333.42523  24.1%   286   77s
    53    66  336.65006    9  165  439.58400  333.42523  24.1%   273   83s
    65    78  337.06881   10  170  439.58400  333.42523  24.1%   245   86s
    90   100  337.18049   12  164  439.58400  333.42523  24.1%   214   91s
   107   116  337.21120   14  167  439.58400  333.42523  24.1%   220   98s
   115   125  337.72983   15  166  439.58400  333.42523  24.1%   212  105s
H  118   125                     424.0480000  333.42523  21.4%   207  105s
   157   190  338.16547   19  169  424.04800  333.42523  21.4%   179  110s
H  225   250                     419.8320000  333.42523  20.6%   144  113s
   293   331  338.74968   35  172  419.83200  333.42523  20.6%   120  115s
   409   424  339.98768   42  166  419.83200  333.42523  20.6%   101  120s
H  412   424                     391.1120000  333.42523  14.7%   100  120s
   528   535  340.26478   50  167  391.11200  333.42523  14.7%  90.0  125s
   729   743  340.81205   61  170  391.11200  333.42523  14.7%  76.3  130s
   863   869  341.03679   68  164  391.11200  333.42523  14.7%  71.1  135s
  1120  1143  341.62860   87  163  391.11200  333.42523  14.7%  65.8  140s
H 1365  1302                     388.1360000  333.42523  14.1%  61.5  145s
  1515  1517  342.14862  114  167  388.13600  333.42523  14.1%  59.5  150s
  1743  1764  342.42945  127  168  388.13600  333.42523  14.1%  56.5  155s
  2163  2229  342.80555  155  167  388.13600  333.42523  14.1%  52.1  162s
H 2334  2241                     387.8880000  333.42523  14.0%  50.6  170s
  2530  2596  343.20056  176  163  387.88800  333.42523  14.0%  49.2  176s
  2897  2953  343.76364  191  166  387.88800  333.42523  14.0%  47.3  182s
  3289  3428  344.22731  206  169  387.88800  333.42523  14.0%  45.5  187s
  3541  3679  344.37978  218  164  387.88800  333.42523  14.0%  44.4  190s
  3984  4093  344.87252  238  166  387.88800  333.42523  14.0%  42.7  195s
  4206  4101  345.04679  253  171  387.88800  333.42523  14.0%  42.0  203s
H 4210  4057                     385.6560000  333.42523  13.5%  42.0  203s
  4214  4410  345.16208  254  168  385.65600  333.42523  13.5%  42.0  209s
  4574  4724  345.46667  262  171  385.65600  333.42523  13.5%  41.1  214s
  4888  5044  345.76505  275  171  385.65600  333.42523  13.5%  40.3  218s
  5208  5256  346.03517  288  173  385.65600  333.42523  13.5%  39.9  223s
  5420  5340  346.20902  304  166  385.65600  333.42523  13.5%  39.6  228s
  5504  5500  346.38102  324  170  385.65600  333.42523  13.5%  39.6  232s
  5664  5784  346.52071  337  168  385.65600  333.42523  13.5%  39.4  237s
  5954  6153  346.76016  356  174  385.65600  333.42523  13.5%  39.1  243s
  6328  6352  346.96799  378  172  385.65600  333.42523  13.5%  38.7  247s
  6527  6360  346.98851  379  174  385.65600  333.42523  13.5%  38.7  253s
  6535  6369  346.99992  380  173  385.65600  333.42523  13.5%  38.7  259s
  6544  6392  347.00706  381  172  385.65600  333.42523  13.5%  38.7  266s
  6567  6420  347.05907  382  173  385.65600  333.42523  13.5%  38.8  270s
  6632  6612  347.08075  384  173  385.65600  333.42523  13.5%  38.9  283s
  6787  6930  347.09026  385  172  385.65600  333.42523  13.5%  38.7  289s
  7105  7301  347.09463  386  171  385.65600  333.42523  13.5%  38.3  297s
  7482  7302  367.57812  243  170  385.65600  333.42523  13.5%  38.2  311s
  7484  7303  371.37334  907  159  385.65600  333.42523  13.5%  38.2  335s
  7485  7304  383.63523 1312  162  385.65600  333.42523  13.5%  38.2  367s
  7487  7305  367.95407  259  165  385.65600  333.42523  13.5%  38.2  373s
  7488  7306  371.68893  418  168  385.65600  333.45741  13.5%  38.2  380s
  7491  7308  377.01203  477  171  385.65600  333.59698  13.5%  38.2  387s
  7492  7309  371.34205  403  171  385.65600  333.65697  13.5%  38.2  397s
  7493  7309  368.45195  209  169  385.65600  335.28979  13.1%  38.2  402s
  7494  7310  377.25144  757  178  385.65600  335.79355  12.9%  38.2  408s
  7496  7311  369.65424  335  175  385.65600  335.83324  12.9%  38.2  414s
  7497  7312  383.57367  889  181  385.65600  336.20667  12.8%  38.1  420s
  7499  7313  378.60600  627  176  385.65600  336.40892  12.8%  38.1  426s
  7500  7314  356.15833  116  181  385.65600  336.58627  12.7%  38.1  454s
  7502  7315  365.80793  173  189  385.65600  336.83003  12.7%  38.1  460s
  7503  7316  385.22716   88  188  385.65600  336.84833  12.7%  38.1  471s
  7504  7317  372.68523  557  190  385.65600  336.90123  12.6%  38.1  476s
  7505  7317  357.63949  206  185  385.65600  336.96534  12.6%  38.1  482s
  7507  7319  367.42156  135  189  385.65600  336.97376  12.6%  38.1  489s
  7508  7319  374.26988  575  189  385.65600  336.97376  12.6%  38.1  495s

Cutting planes:
  MIR: 6
  Flow cover: 22
  Mod-K: 1

Explored 7508 nodes (300286 simplex iterations) in 625.01 seconds (859.76 work units)
Thread count was 8 (of 40 available processors)

Solution count 10: 385.656 387.888 388.136 ... 460.624

Time limit reached
Best objective 3.856560000000e+02, best bound 3.369737597389e+02, gap 12.6232%

User-callback calls 133899, time in user-callback 0.90 sec
