Set parameter LicenseID to value 2674428
Set parameter GURO_PAR_SPECIAL
Set parameter TokenServer to value "en-cc-unicorn-data-dirs.coecis.cornell.edu"
Set parameter OutputFlag to value 1
Set parameter LogFile to value "/home/nc437/ladder-lite/strict_packed_successors_20260921/w5_k17_18E2/mip/668432_r0/result.json.gurobi.log"
Set parameter Threads to value 8
Set parameter MIPGap to value 0.0001
Set parameter TimeLimit to value 1800
Gurobi Optimizer version 12.0.3 build v12.0.3rc0 (linux64 - "Ubuntu 24.04.4 LTS")

CPU model: Intel(R) Xeon(R) CPU           X5355  @ 2.66GHz, instruction set [SSE2]
Thread count: 8 physical cores, 8 logical processors, using up to 8 threads

Non-default parameters:
TimeLimit  1800
Threads  8

Optimize a model with 277 rows, 8343 columns and 246617 nonzeros
Model fingerprint: 0x803c2d0a
Variable types: 0 continuous, 8343 integer (8343 binary)
Coefficient statistics:
  Matrix range     [1e+00, 1e+00]
  Objective range  [1e+00, 1e+00]
  Bounds range     [1e+00, 1e+00]
  RHS range        [1e+00, 1e+00]
Found heuristic solution: objective 27.0000000
Presolve removed 0 rows and 591 columns
Presolve time: 0.72s
Presolved: 277 rows, 7752 columns, 239436 nonzeros
Variable types: 0 continuous, 7752 integer (7752 binary)

Root relaxation: objective 1.000000e+01, 1806 iterations, 0.95 seconds (0.83 work units)

    Nodes    |    Current Node    |     Objective Bounds      |     Work
 Expl Unexpl |  Obj  Depth IntInf | Incumbent    BestBd   Gap | It/Node Time

     0     0   10.00000    0  104   27.00000   10.00000  63.0%     -    3s
H    0     0                      23.0000000   10.00000  56.5%     -    3s
H    0     0                      21.0000000   10.00000  52.4%     -    3s
H    0     0                      16.0000000   10.00000  37.5%     -    3s
H    0     0                      15.0000000   10.00000  33.3%     -    3s
H    0     0                      14.0000000   10.00000  28.6%     -    4s
     0     0   10.00000    0  115   14.00000   10.00000  28.6%     -    8s
     0     0   10.00000    0  107   14.00000   10.00000  28.6%     -   18s
     0     0   10.00000    0  100   14.00000   10.00000  28.6%     -   20s
H    0     0                      12.0000000   10.00000  16.7%     -   21s
     0     0   10.00000    0   90   12.00000   10.00000  16.7%     -   21s
     0     0   10.00000    0  100   12.00000   10.00000  16.7%     -   23s
H    0     0                      11.0000000   10.00000  9.09%     -   24s
     0     0   10.00000    0   88   11.00000   10.00000  9.09%     -   24s
     0     0   10.00000    0   96   11.00000   10.00000  9.09%     -   28s
     0     0   10.00000    0   96   11.00000   10.00000  9.09%     -   30s
     0     0   10.00000    0  124   11.00000   10.00000  9.09%     -   38s
     0     0   10.00000    0  111   11.00000   10.00000  9.09%     -   39s
     0     0   10.00000    0  107   11.00000   10.00000  9.09%     -   47s
     0     0   10.00000    0   99   11.00000   10.00000  9.09%     -   50s
     0     0   10.00000    0   96   11.00000   10.00000  9.09%     -   51s
     0     0   10.00000    0   92   11.00000   10.00000  9.09%     -   53s
     0     0   10.00000    0   88   11.00000   10.00000  9.09%     -   54s
     0     0   10.00000    0  107   11.00000   10.00000  9.09%     -   55s
     0     0   10.00000    0  102   11.00000   10.00000  9.09%     -   55s
     0     0   10.00000    0   92   11.00000   10.00000  9.09%     -   58s
     0     0   10.00000    0   91   11.00000   10.00000  9.09%     -   58s
     0     0   10.00000    0   93   11.00000   10.00000  9.09%     -   60s
     0     0   10.00000    0   93   11.00000   10.00000  9.09%     -   62s
     0     2   10.00000    0   93   11.00000   10.00000  9.09%     -   66s
    52    91   10.00000   10  135   11.00000   10.00000  9.09%   370   70s
   211   186   10.00000   34  151   11.00000   10.00000  9.09%   243   75s
   239   301   10.00000   36  143   11.00000   10.00000  9.09%   247   83s
   372   478   10.00000   38  124   11.00000   10.00000  9.09%   233   93s
   597   918   10.00000   81  132   11.00000   10.00000  9.09%   239  109s
  1111  1468   10.00000  133  178   11.00000   10.00000  9.09%   251  125s
  1812  1470   10.00000   12  124   11.00000   10.00000  9.09%   260  136s
  1813  1471   10.00000  164  122   11.00000   10.00000  9.09%   260  141s
  1814  1472   10.00000  219  107   11.00000   10.00000  9.09%   259  145s
  1818  1474   10.00000   71  102   11.00000   10.00000  9.09%   259  150s
  1821  1476   10.00000  168   97   11.00000   10.00000  9.09%   258  155s
  1826  1480   10.00000  113   97   11.00000   10.00000  9.09%   258  160s
  1829  1482   10.00000   63   92   11.00000   10.00000  9.09%   257  165s
  1836  1493   10.00000   14  111   11.00000   10.00000  9.09%   280  170s
  1887  1499   10.00000   18  122   11.00000   10.00000  9.09%   284  176s
  1919  1493   10.00000   19  114   11.00000   10.00000  9.09%   286  181s
  2014  1490   10.00000   29  130   11.00000   10.00000  9.09%   287  186s
  2250  1505 infeasible   45        11.00000   10.00000  9.09%   286  192s
  2410  1566   10.00000   31  109   11.00000   10.00000  9.09%   283  197s
  2620  1628 infeasible   45        11.00000   10.00000  9.09%   277  203s
  2902  1658 infeasible   30        11.00000   10.00000  9.09%   272  214s
  3365  1498   10.00000   31  121   11.00000   10.00000  9.09%   270  224s
  3421  1478 infeasible   63        11.00000   10.00000  9.09%   271  234s
  3530  1685   10.00000   25  140   11.00000   10.00000  9.09%   272  246s
  4155  1479   10.00000   38  144   11.00000   10.00000  9.09%   265  256s
  4682  1262 infeasible  104        11.00000   10.00000  9.09%   269  267s
  4774  1418   10.00000   22  108   11.00000   10.00000  9.09%   272  277s
  5152  1414   10.00000   36  106   11.00000   10.00000  9.09%   266  290s
  5726  1433 infeasible   71        11.00000   10.00000  9.09%   264  301s
  6311  1275   10.00000   67  126   11.00000   10.00000  9.09%   260  310s
  6496  1168 infeasible   84        11.00000   10.00000  9.09%   261  320s
  7000  1099   10.00000   97  123   11.00000   10.00000  9.09%   265  331s
  7522  1209   10.00000   48  123   11.00000   10.00000  9.09%   270  343s
  8158  1591 infeasible  101        11.00000   10.00000  9.09%   271  355s
  8936  1859 infeasible  157        11.00000   10.00000  9.09%   265  366s
  9284  2532   10.00000  109  145   11.00000   10.00000  9.09%   263  379s
 10235  2780   10.00000  206  141   11.00000   10.00000  9.09%   255  391s
 10523  3199   10.00000  303  147   11.00000   10.00000  9.09%   254  404s
 11030  3710   10.00000  366  166   11.00000   10.00000  9.09%   251  418s
 11723  4296   10.00000   64  120   11.00000   10.00000  9.09%   247  430s
 12683  4654 infeasible   26        11.00000   10.00000  9.09%   245  440s
 13179  4646   10.00000  125  127   11.00000   10.00000  9.09%   242  451s
 13221  5046   10.00000   85  123   11.00000   10.00000  9.09%   243  461s
 13899  5361 infeasible  163        11.00000   10.00000  9.09%   241  472s
 14497  5949 infeasible  100        11.00000   10.00000  9.09%   241  488s
 15441  5959   10.00000   47  113   11.00000   10.00000  9.09%   240  494s
 15475  6296   10.00000   48  107   11.00000   10.00000  9.09%   240  503s
 15950  6783 infeasible   67        11.00000   10.00000  9.09%   239  512s
 16601  7389 infeasible   52        11.00000   10.00000  9.09%   237  521s
 17401  7579 infeasible   35        11.00000   10.00000  9.09%   234  531s
 17943  7848 infeasible  108        11.00000   10.00000  9.09%   235  541s
 18510  7954   10.00000  114  115   11.00000   10.00000  9.09%   236  550s
 18738  8467   10.00000  169  126   11.00000   10.00000  9.09%   236  561s
 19597  8954 infeasible   78        11.00000   10.00000  9.09%   235  572s
 20234  9105   10.00000  122  119   11.00000   10.00000  9.09%   234  582s
 20509  9661 infeasible   85        11.00000   10.00000  9.09%   234  594s
 21375  9759   10.00000  126  127   11.00000   10.00000  9.09%   233  605s
 21577  9919 infeasible  144        11.00000   10.00000  9.09%   233  619s
 22089 10048   10.00000   57  114   11.00000   10.00000  9.09%   235  631s
 22697 10719 infeasible  144        11.00000   10.00000  9.09%   237  646s
 23740 11222   10.00000  184  139   11.00000   10.00000  9.09%   234  661s
 24595 11465   10.00000   52  141   11.00000   10.00000  9.09%   234  673s
 25070 11449 infeasible  120        11.00000   10.00000  9.09%   235  688s
 25802 11680   10.00000   90  125   11.00000   10.00000  9.09%   238  701s
 26715 12025   10.00000  183  139   11.00000   10.00000  9.09%   240  715s
 27668 12461 infeasible   49        11.00000   10.00000  9.09%   241  727s
 28228 13690 infeasible  208        11.00000   10.00000  9.09%   240  741s
 29641 14483 infeasible  203        11.00000   10.00000  9.09%   236  853s
 30730 15100   10.00000  438  145   11.00000   10.00000  9.09%   234  865s
 31459 15143   10.00000  558  150   11.00000   10.00000  9.09%   233  877s
 31540 15331   10.00000  565  154   11.00000   10.00000  9.09%   233  892s
 31812 15952   10.00000  579  148   11.00000   10.00000  9.09%   233  908s
 32704 16854   10.00000  175  121   11.00000   10.00000  9.09%   233  923s
 33960 16847   10.00000  186   96   11.00000   10.00000  9.09%   232  937s
 33989 17169   10.00000  187  107   11.00000   10.00000  9.09%   232  951s
 34597 18162   10.00000  341  114   11.00000   10.00000  9.09%   233  965s
 35808 18749 infeasible  147        11.00000   10.00000  9.09%   231  978s
 36769 19613 infeasible  208        11.00000   10.00000  9.09%   231  991s
 37841 19706   10.00000  227  119   11.00000   10.00000  9.09%   230 1003s
 38086 20250   10.00000  274  140   11.00000   10.00000  9.09%   231 1022s
 38913 20888   10.00000  303  126   11.00000   10.00000  9.09%   231 1035s
 39829 21178   10.00000  462  142   11.00000   10.00000  9.09%   231 1049s
 40167 21448   10.00000  463  152   11.00000   10.00000  9.09%   230 1062s
 40518 22121 infeasible  250        11.00000   10.00000  9.09%   230 1075s
 41469 22591   10.00000  153  124   11.00000   10.00000  9.09%   230 1088s
 42165 23527   10.00000  255  131   11.00000   10.00000  9.09%   230 1101s
 43375 23811   10.00000  148  139   11.00000   10.00000  9.09%   229 1114s
 44117 23914   10.00000  114  131   11.00000   10.00000  9.09%   230 1134s
 44540 25469 infeasible  163        11.00000   10.00000  9.09%   231 1165s
 46935 26034   10.00000  115  116   11.00000   10.00000  9.09%   231 1176s
 47796 26246   10.00000  264  144   11.00000   10.00000  9.09%   230 1187s
 48142 26424   10.00000  150  125   11.00000   10.00000  9.09%   230 1200s
 48518 26711   10.00000  205  135   11.00000   10.00000  9.09%   231 1213s
 49101 27273   10.00000  231  129   11.00000   10.00000  9.09%   231 1227s
 50006 27600 infeasible  168        11.00000   10.00000  9.09%   231 1240s
 50461 27906 infeasible  262        11.00000   10.00000  9.09%   231 1259s
 50935 28164   10.00000  194  137   11.00000   10.00000  9.09%   231 1273s
 51641 28399 infeasible  161        11.00000   10.00000  9.09%   232 1288s
 52448 28869 infeasible  245        11.00000   10.00000  9.09%   234 1302s
 53401 28811   10.00000  227  111   11.00000   10.00000  9.09%   235 1316s
 53713 28993   10.00000  279  140   11.00000   10.00000  9.09%   236 1330s
 54370 29724   10.00000  419  145   11.00000   10.00000  9.09%   237 1346s
 55531 29961   10.00000  178  127   11.00000   10.00000  9.09%   237 1360s
 55918 30363 infeasible  124        11.00000   10.00000  9.09%   237 1377s
 56858 30522 infeasible  185        11.00000   10.00000  9.09%   238 1392s
 57621 31271   10.00000  319  124   11.00000   10.00000  9.09%   239 1407s
 58756 31541   10.00000  482  144   11.00000   10.00000  9.09%   239 1425s
 59212 31832 infeasible  394        11.00000   10.00000  9.09%   239 1452s
 60553 31891   10.00000  442  137   11.00000   10.00000  9.09%   242 1471s
 61446 32158 infeasible   95        11.00000   10.00000  9.09%   244 1490s
 61899 32380   10.00000  158  104   11.00000   10.00000  9.09%   244 1511s
 62459 33150   10.00000  211  122   11.00000   10.00000  9.09%   244 1531s
 63991 33330   10.00000  422  119   11.00000   10.00000  9.09%   245 1548s
 64477 33652   10.00000  456  145   11.00000   10.00000  9.09%   245 1566s
 65637 33423 infeasible   40        11.00000   10.00000  9.09%   246 1584s
 66470 33342   10.00000  118  133   11.00000   10.00000  9.09%   248 1599s
 66830 33328   10.00000  187  129   11.00000   10.00000  9.09%   249 1619s
 67392 33948 infeasible  156        11.00000   10.00000  9.09%   250 1637s
 68570 34013 infeasible  329        11.00000   10.00000  9.09%   250 1654s
 68901 33853   10.00000  166  131   11.00000   10.00000  9.09%   251 1671s
 69621 34196 infeasible  236        11.00000   10.00000  9.09%   253 1690s
 70424 34753   10.00000  133  138   11.00000   10.00000  9.09%   254 1708s
 71212 35111   10.00000  103  120   11.00000   10.00000  9.09%   253 1726s
 71810 35578   10.00000  243  120   11.00000   10.00000  9.09%   254 1746s
 72895 35896   10.00000   91  130   11.00000   10.00000  9.09%   254 1763s
 73975 36024   10.00000  164  139   11.00000   10.00000  9.09%   255 1782s
 74485 36419 infeasible  199        11.00000   10.00000  9.09%   256 1800s

Cutting planes:
  Flow cover: 36

Explored 75550 nodes (19357388 simplex iterations) in 1800.06 seconds (2281.83 work units)
Thread count was 8 (of 8 available processors)

Solution count 8: 11 12 14 ... 27

Time limit reached
Best objective 1.100000000000e+01, best bound 1.000000000000e+01, gap 9.0909%
Set parameter TimeLimit to value 1.7998546180389822e+03
Gurobi Optimizer version 12.0.3 build v12.0.3rc0 (linux64 - "Ubuntu 24.04.4 LTS")

CPU model: Intel(R) Xeon(R) CPU           X5355  @ 2.66GHz, instruction set [SSE2]
Thread count: 8 physical cores, 8 logical processors, using up to 8 threads

Non-default parameters:
TimeLimit  1.7998546180389822e+03
Threads  8

Optimize a model with 278 rows, 8343 columns and 254960 nonzeros
Model fingerprint: 0x45220a46
Variable types: 0 continuous, 8343 integer (8343 binary)
Coefficient statistics:
  Matrix range     [1e+00, 1e+00]
  Objective range  [5e+00, 1e+02]
  Bounds range     [1e+00, 1e+00]
  RHS range        [1e+00, 1e+01]

Loaded user MIP start with objective 858.512
MIP start from previous solve did not produce a new incumbent solution

Presolve removed 0 rows and 120 columns
Presolve time: 0.80s
Presolved: 278 rows, 8223 columns, 253083 nonzeros
Variable types: 0 continuous, 8223 integer (8223 binary)

Root relaxation: objective 3.716067e+02, 2529 iterations, 2.46 seconds (2.30 work units)

    Nodes    |    Current Node    |     Objective Bounds      |     Work
 Expl Unexpl |  Obj  Depth IntInf | Incumbent    BestBd   Gap | It/Node Time

     0     0  371.60665    0  247  858.51200  371.60665  56.7%     -    3s
     0     0  371.75212    0  258  858.51200  371.75212  56.7%     -    6s
     0     0  372.17660    0  258  858.51200  372.17660  56.6%     -   16s
     0     2  372.17660    0  257  858.51200  372.17660  56.6%     -   31s
     7    16  372.18578    3  258  858.51200  372.17660  56.6%   575   36s
H   38    59                     847.0240000  372.19716  56.1%   285   37s
H   65    67                     817.3120000  372.19716  54.5%   208   39s
    88   108  372.62033   12  259  817.31200  372.19716  54.5%   183   40s
H   90   108                     809.8320000  372.19716  54.0%   180   40s
   199   213  372.93396   22  259  809.83200  372.19716  54.0%   124   46s
   298   307  373.12891   28  260  809.83200  372.19716  54.0%   107   51s
   362   373  373.77687   43  258  809.83200  372.19716  54.0%   100   55s
   421   433  374.47886   60  263  809.83200  372.19716  54.0%  98.9   61s
   475   484  375.21400   79  255  809.83200  372.19716  54.0%  94.9   65s
   507   516  375.26786   83  258  809.83200  372.19716  54.0%  94.6   70s
   555   564  375.41515   89  260  809.83200  372.19716  54.0%  96.4   75s
   606   631  375.52197   95  256  809.83200  372.19716  54.0%  93.8   80s
   701   743  376.20374  120  260  809.83200  372.19716  54.0%  91.6   85s
   803   854  376.89237  139  255  809.83200  372.19716  54.0%  88.6   90s
   867   893  377.02984  148  258  809.83200  372.19716  54.0%  86.8   95s
H  871   893                     777.1840000  372.19716  52.1%  86.6   95s
  1161  1304  377.82906  174  256  777.18400  372.19716  52.1%  81.7  100s
  1457  1604  378.48830  202  252  777.18400  372.19716  52.1%  77.6  105s
  1881  2031  379.51773  244  254  777.18400  372.19716  52.1%  74.8  110s
  2348  2517  380.47040  281  257  777.18400  372.19716  52.1%  72.3  116s
  2696  2870  381.19344  309  252  777.18400  372.19716  52.1%  70.9  120s
  3079  3284  381.72753  343  255  777.18400  372.19716  52.1%  69.2  125s
  3434  3519  382.27808  384  256  777.18400  372.19716  52.1%  67.7  130s
  3694  3900  382.43993  386  249  777.18400  372.19716  52.1%  66.7  135s
  4154  4433  382.64043  393  253  777.18400  372.19716  52.1%  65.1  141s
  4766  5116  383.44127  438  252  777.18400  372.19716  52.1%  63.2  147s
  5121  5474  383.83450  467  255  777.18400  372.19716  52.1%  62.4  152s
  5485  5818  384.39314  494  249  777.18400  372.19716  52.1%  62.0  156s
  6187  6520  385.42771  563  244  777.18400  372.19716  52.1%  60.8  163s
  6531  6920  385.97729  598  248  777.18400  372.19716  52.1%  60.5  168s
  6931  7326  386.63320  631  244  777.18400  372.19716  52.1%  59.7  173s
  7338  7327  403.13648  404  258  777.18400  372.19716  52.1%  59.1  180s
  7340  7328  459.71256  526  247  777.18400  372.19716  52.1%  59.1  188s
  7341  7329  401.86714  149  258  777.18400  372.19716  52.1%  59.1  200s
  7343  7330  404.73777  466  258  777.18400  372.67992  52.0%  59.0  231s
  7344  7334  372.67992   15  259  777.18400  372.67992  52.0%  59.4  235s
  7350  7344  372.67992   17  257  777.18400  372.67992  52.0%  59.9  240s
  7389  7370  386.53904   20  211  777.18400  372.67992  52.0%  61.9  245s
  7407  7380  372.67992   22  258  777.18400  372.67992  52.0%  63.0  251s
  7426  7391  372.79823   24  258  777.18400  372.67992  52.0%  64.3  255s
  7442  7402  372.84474   25  253  777.18400  372.67992  52.0%  65.6  260s
  7460  7414  373.18438   27  255  777.18400  372.67992  52.0%  66.6  265s
  7479  7425  373.37547   29  256  777.18400  372.67992  52.0%  68.2  271s
  7497  7437  373.69115   31  255  777.18400  372.67992  52.0%  69.2  276s
  7515  7449  373.79100   33  259  777.18400  372.67992  52.0%  70.3  282s
  7524  7455  373.80501   34  257  777.18400  372.67992  52.0%  70.7  285s
  7542  7466  373.88141   36  260  777.18400  372.67992  52.0%  71.9  292s
  7550  7470  394.91101   36  217  777.18400  372.67992  52.0%  73.1  295s
  7568  7478  388.14076   37  214  777.18400  372.67992  52.0%  74.1  300s
  7587  7490  400.29331   38  209  777.18400  372.67992  52.0%  75.1  305s
  7615  7501  396.10150   39  220  777.18400  372.67992  52.0%  76.5  310s
  7644  7516  381.33540   40  236  777.18400  372.67992  52.0%  78.0  315s
  7681  7543  374.28669   42  257  777.18400  372.67992  52.0%  80.1  322s
  7705  7543  374.30285   43  257  777.18400  372.67992  52.0%  81.2  327s
  7715  7549  395.59768   43  216  777.18400  372.67992  52.0%  82.0  334s
  7727  7556  374.43404   44  256  777.18400  372.67992  52.0%  82.6  337s
  7740  7567  393.60404   44  207  777.18400  372.67992  52.0%  83.6  341s
  7757  7579  374.44131   45  260  777.18400  372.67992  52.0%  84.8  346s
  7777  7587  394.24665   45  218  777.18400  372.67992  52.0%  86.0  380s
  7793  7599  374.47106   46  255  777.18400  372.67992  52.0%  86.5  386s
  7813  7619  387.99000   46  239  777.18400  372.67992  52.0%  87.7  391s
  7841  7639  374.54929   48  256  777.18400  372.67992  52.0%  89.1  396s
  7871  7659  390.03995   49  214  777.18400  372.67992  52.0%  91.0  401s
  7901  7689  374.68230   51  258  777.18400  372.67992  52.0%  92.5  406s
  7943  7713  374.80885   53  251  777.18400  372.67992  52.0%  94.5  413s
  7983  7735  374.89588   55  256  777.18400  372.67992  52.0%  96.6  419s
  8020  7765  374.99253   57  256  777.18400  372.67992  52.0%  99.1  425s
  8066  7794  375.06954   59  256  777.18400  372.67992  52.0%   101  432s
  8123  7818  375.17877   61  256  777.18400  372.67992  52.0%   104  437s
  8178  7845  375.25769   63  259  777.18400  372.67992  52.0%   106  443s
  8235  7873  375.33326   65  256  777.18400  372.67992  52.0%   109  449s
  8296  7899  375.37791   67  254  777.18400  372.67992  52.0%   111  455s
  8358  7928  391.11852   69  210  777.18400  372.67992  52.0%   114  462s
  8424  7959  375.66689   72  260  777.18400  372.67992  52.0%   116  469s
  8493  7995  375.82239   75  262  777.18400  372.67992  52.0%   119  477s
  8570  8027  375.95069   78  257  777.18400  372.67992  52.0%   121  485s
  8648  8062  376.03853   81  261  777.18400  372.67992  52.0%   124  493s
  8731  8067  376.27805   84  256  777.18400  372.67992  52.0%   127  500s
  8775  8118  393.35772   85  212  777.18400  372.67992  52.0%   129  508s
  8867  8154  388.03886   88  220  777.18400  372.67992  52.0%   132  517s
  8964  8187  376.53236   92  259  777.18400  372.67992  52.0%   134  538s
  9045  8229  376.65986   96  257  777.18400  372.67992  52.0%   137  547s
  9146  8255  376.74929   99  256  777.18400  372.67992  52.0%   140  558s
H 9154  7886                     774.8720000  372.67992  51.9%   140  558s
  9252  7898  376.91928  103  258  774.87200  372.67992  51.9%   142  566s
  9345  7964  376.93866  105  258  774.87200  372.67992  51.9%   143  577s
  9462  7968  377.09321  109  257  774.87200  372.67992  51.9%   146  588s
  9505  8018  377.10729  110  259  774.87200  372.67992  51.9%   147  599s
  9569  8106  377.26871  113  258  774.87200  372.67992  51.9%   150  610s
  9679  8125  398.90919  116  221  774.87200  372.67992  51.9%   152  621s
  9734  8225  377.32350  117  260  774.87200  372.67992  51.9%   154  633s
  9853  8322  377.41762  121  257  774.87200  372.67992  51.9%   157  647s
  9989  8344  377.51972  126  258  774.87200  372.67992  51.9%   160  661s
 10057  8330  400.68340  129  218  774.87200  372.67992  51.9%   162  674s
 10065  8376  377.64744  130  253  774.87200  372.67992  51.9%   162  699s
 10114  8456  377.71787  132  254  774.87200  372.67992  51.9%   162  713s
 10210  8554  402.89145  136  207  774.87200  372.67992  51.9%   163  727s
 10340  8720  377.94897  140  255  774.87200  372.67992  51.9%   165  743s
 10550  8828  378.03063  146  256  774.87200  372.67992  51.9%   168  759s
 10728  9009  378.15843  151  258  774.87200  372.67992  51.9%   171  778s
 10968  8957  378.35352  158  255  774.87200  372.67992  51.9%   174  794s
 10996  9149  396.38575  159  202  774.87200  372.67992  51.9%   175  810s
 11197  9295  378.53574  162  253  774.87200  372.67992  51.9%   177  827s
 11410  9502  378.58999  168  255  774.87200  372.67992  51.9%   180  847s
 11688  9657  378.77729  176  256  774.87200  372.67992  51.9%   183  865s
 11936  9882  378.94518  181  249  774.87200  372.67992  51.9%   186  886s
 12244 10062  379.29559  190  255  774.87200  372.67992  51.9%   189  908s
 12528 10255  400.48895  197  211  774.87200  372.67992  51.9%   192  928s
 12820 10510  397.07849  204  206  774.87200  372.67992  51.9%   194  951s
 13172 10728  379.98482  214  252  774.87200  372.67992  51.9%   197  974s
 13508 10965  380.43482  223  255  774.87200  372.67992  51.9%   199  997s
 13861 11215  380.71438  232  255  774.87200  372.67992  51.9%   202 1022s
 14234 11515  381.06209  240  250  774.87200  372.67992  51.9%   204 1048s
 14669 11811  381.19963  251  252  774.87200  372.67992  51.9%   207 1078s
 15116 11992  381.49301  263  254  774.87200  372.67992  51.9%   210 1097s
 15446 12282  381.55101  267  250  774.87200  372.67992  51.9%   210 1117s
 15868 12443  381.70628  277  255  774.87200  372.67992  51.9%   212 1138s
 16177 12696  381.88162  283  255  774.87200  372.67992  51.9%   213 1160s
 16547 12873  382.15051  293  253  774.87200  372.67992  51.9%   214 1182s
 16891 12987  382.56127  301  252  774.87200  380.33744  50.9%   215 1204s
 17148 13280  382.77861  312  255  774.87200  380.33744  50.9%   219 1229s
 17556 13658  383.02123  324  253  774.87200  380.33744  50.9%   223 1258s
 18097 13789  383.35090  337  253  774.87200  380.33744  50.9%   225 1284s
 18438 14207  383.62173  347  251  774.87200  380.33744  50.9%   226 1312s
 19028 14349  383.91982  361  257  774.87200  380.33744  50.9%   228 1340s
 19423 14748  384.33931  372  255  774.87200  380.33744  50.9%   230 1370s
 20032 14978  384.57233  386  250  774.87200  380.33744  50.9%   232 1402s
 20565 15098  384.75517  398  248  774.87200  380.33744  50.9%   233 1432s
 20961 15224  385.01664  412  255  774.87200  380.33744  50.9%   236 1465s
 21367 15647  385.25662  427  253  774.87200  380.33744  50.9%   240 1502s
 22186 16294  385.47484  443  249  774.87200  380.33891  50.9%   240 1538s
 23154 16024  385.59851  460  250  774.87200  380.33891  50.9%   238 1568s
 23213 17073  398.31527  463  228  774.87200  380.33891  50.9%   239 1607s
 24328 17723  386.21464  481  253  774.87200  380.33891  50.9%   236 1648s
 25433 18383  386.68778  499  252  774.87200  380.33891  50.9%   234 1686s
 26557 19232  386.92899  519  254  774.87200  380.33891  50.9%   232 1723s
 27887 20325  387.47822  538  244  774.87200  380.33891  50.9%   228 1767s

Cutting planes:
  MIR: 6

Explored 29543 nodes (6569688 simplex iterations) in 1800.00 seconds (2114.60 work units)
Thread count was 8 (of 8 available processors)

Solution count 6: 774.872 777.184 809.832 ... 858.512

Time limit reached
Best objective 7.748720000000e+02, best bound 3.803389106431e+02, gap 50.9159%
{"arm": "parx60", "mode": "mip", "out": "/home/nc437/ladder-lite/strict_packed_successors_20260921/w5_k17_18E2/mip/668432_r0/result.json", "status": "TIME_LIMIT"}
