
Gurobi 12.0.3 (linux64) logging started Sun Sep 13 19:13:49 2026

Set parameter LogFile to value "/share/scaglione/nc437/evsp-dr/cumulative_budget_20260913/cases/c1_k15/mip_base/135605_r0/gurobi.log"
Set parameter OutputFlag to value 1
Set parameter TimeLimit to value 3600
Set parameter MIPGap to value 0.0001
Set parameter Threads to value 8
Set parameter TimeLimit to value 1800
Gurobi Optimizer version 12.0.3 build v12.0.3rc0 (linux64 - "Ubuntu 24.04.4 LTS")

CPU model: Intel(R) Xeon(R) CPU E5-2630 v3 @ 2.40GHz, instruction set [SSE2|AVX|AVX2]
Thread count: 16 physical cores, 32 logical processors, using up to 8 threads

Non-default parameters:
TimeLimit  1800
Threads  8

Optimize a model with 364 rows, 79611 columns and 2322459 nonzeros
Model fingerprint: 0x7becc3ce
Variable types: 0 continuous, 79611 integer (79611 binary)
Coefficient statistics:
  Matrix range     [1e+00, 1e+00]
  Objective range  [1e+00, 1e+00]
  Bounds range     [1e+00, 1e+00]
  RHS range        [1e+00, 1e+00]

Loaded user MIP start with objective 129

Presolve removed 0 rows and 45 columns (presolve time = 5s)...
Presolve removed 0 rows and 45 columns
Presolve time: 5.81s
Presolved: 364 rows, 79566 columns, 2321553 nonzeros
Variable types: 0 continuous, 79566 integer (79566 binary)

Root simplex log...

Iteration    Objective       Primal Inf.    Dual Inf.      Time
       0    0.0000000e+00   3.640000e+02   0.000000e+00      6s

Starting sifting (using dual simplex for sub-problems)...

    Iter     Pivots    Primal Obj      Dual Obj        Time
       0          0     infinity      0.0000000e+00      6s
       1       1021   1.7648095e+01   5.0528481e+00      6s
       2       2958   1.7193349e+01   9.7012987e+00      6s
       3       5309   1.6469659e+01   1.1689160e+01      7s
       4       7345   1.6099698e+01   1.2509201e+01      7s
       5       9821   1.5677656e+01   1.3231067e+01      8s
       6      13319   1.5210032e+01   1.3679474e+01      8s
       7      15870   1.5020223e+01   1.3837145e+01      9s
       8      17565   1.5000000e+01   1.3895540e+01      9s
       9      19099   1.5000000e+01   1.3947938e+01      9s
      10      20636   1.5000000e+01   1.5000000e+01     10s

Sifting complete

   20636    1.5000000e+01   0.000000e+00   0.000000e+00     10s

Root relaxation: objective 1.500000e+01, 20636 iterations, 3.77 seconds (4.79 work units)
Total elapsed time = 24.92s (DegenMoves)

    Nodes    |    Current Node    |     Objective Bounds      |     Work
 Expl Unexpl |  Obj  Depth IntInf | Incumbent    BestBd   Gap | It/Node Time

     0     0   15.00000    0  171  129.00000   15.00000  88.4%     -   30s
H    0     0                      37.0000000   15.00000  59.5%     -   30s
H    0     0                      32.0000000   15.00000  53.1%     -   30s
H    0     0                      31.0000000   15.00000  51.6%     -   30s
H    0     0                      27.0000000   15.00000  44.4%     -   30s
H    0     0                      25.0000000   15.00000  40.0%     -   30s
H    0     0                      24.0000000   15.00000  37.5%     -   31s
H    0     0                      23.0000000   15.00000  34.8%     -   31s
H    0     0                      22.0000000   15.00000  31.8%     -   32s
H    0     0                      21.0000000   15.00000  28.6%     -   32s
H    0     0                      20.0000000   15.00000  25.0%     -   36s
     0     0   15.00000    0  178   20.00000   15.00000  25.0%     -   81s
     0     0   15.00000    0  174   20.00000   15.00000  25.0%     -  152s
     0     0   15.00000    0  171   20.00000   15.00000  25.0%     -  183s
     0     0   15.00000    0  176   20.00000   15.00000  25.0%     -  211s
H    0     0                      19.0000000   15.00000  21.1%     -  236s
     0     0   15.00000    0  166   19.00000   15.00000  21.1%     -  246s
     0     0   15.00000    0  167   19.00000   15.00000  21.1%     -  271s
     0     0   15.00000    0  164   19.00000   15.00000  21.1%     -  274s
     0     0   15.00000    0  160   19.00000   15.00000  21.1%     -  299s
     0     0   15.00000    0  160   19.00000   15.00000  21.1%     -  322s
     0     2   15.00000    0  160   19.00000   15.00000  21.1%     -  383s
     1     4   15.00000    1  224   19.00000   15.00000  21.1% 23293  387s
     3     8   15.00000    2  243   19.00000   15.00000  21.1%  8457  392s
     7    16   15.00000    3  226   19.00000   15.00000  21.1%  4244  406s
    15    24   15.00000    4  230   19.00000   15.00000  21.1%  2601  424s
    23   103   15.00000    5  260   19.00000   15.00000  21.1%  2254  449s
   102   184   15.00000   15  234   19.00000   15.00000  21.1%  2861  478s
   183   192   15.00000   25  300   19.00000   15.00000  21.1%  2150  532s
   191   200   15.00000   26  303   19.00000   15.00000  21.1%  2172  596s
   199   210   15.00000   27  303   19.00000   15.00000  21.1%  2200  671s
   209   279   15.00000   28  306   19.00000   15.00000  21.1%  2229  737s
   278   307   15.00000   29  307   19.00000   15.00000  21.1%  2516  840s
   306   873   15.00000   34  318   19.00000   15.00000  21.1%  2539 1000s
H  377   873                      18.0000000   15.00000  16.7%  2393 1000s
   872  1058   15.00000  105  267   18.00000   15.00000  16.7%  2571 1140s
  1057  1526   15.00000  106  295   18.00000   15.00000  16.7%  2543 1317s
  1525  2295   15.00000  137  269   18.00000   15.00000  16.7%  2661 1476s
  2294  2786   15.00000  191  233   18.00000   15.00000  16.7%  2113 1603s
  2785  3321   15.00000  204  238   18.00000   15.00000  16.7%  1776 1732s
  3320  3604   15.00000  219  251   18.00000   15.00000  16.7%  1525 1800s

Cutting planes:
  MIR: 10

Explored 3603 nodes (5284633 simplex iterations) in 1800.07 seconds (2161.01 work units)
Thread count was 8 (of 32 available processors)

Solution count 10: 18 19 20 ... 31

Time limit reached
Best objective 1.800000000000e+01, best bound 1.500000000000e+01, gap 16.6667%

User-callback calls 387406, time in user-callback 2.85 sec
Set parameter TimeLimit to value 1.7971089141368866e+03
Gurobi Optimizer version 12.0.3 build v12.0.3rc0 (linux64 - "Ubuntu 24.04.4 LTS")

CPU model: Intel(R) Xeon(R) CPU E5-2630 v3 @ 2.40GHz, instruction set [SSE2|AVX|AVX2]
Thread count: 16 physical cores, 32 logical processors, using up to 8 threads

Non-default parameters:
TimeLimit  1.7971089141368866e+03
Threads  8

Optimize a model with 365 rows, 79611 columns and 2402070 nonzeros
Model fingerprint: 0x872c729e
Variable types: 0 continuous, 79611 integer (79611 binary)
Coefficient statistics:
  Matrix range     [1e+00, 1e+00]
  Objective range  [2e+01, 2e+02]
  Bounds range     [1e+00, 1e+00]
  RHS range        [1e+00, 2e+01]

Loaded user MIP start with objective 1403.66
MIP start from previous solve did not produce a new incumbent solution

Presolve removed 0 rows and 9 columns (presolve time = 5s)...
Presolve removed 0 rows and 9 columns
Presolve time: 7.52s
Presolved: 365 rows, 79602 columns, 2401857 nonzeros
Variable types: 0 continuous, 79602 integer (79602 binary)

Root simplex log...

Iteration    Objective       Primal Inf.    Dual Inf.      Time
       0    0.0000000e+00   3.640000e+02   0.000000e+00      8s

Starting sifting (using dual simplex for sub-problems)...

    Iter     Pivots    Primal Obj      Dual Obj        Time
       0          0     infinity      0.0000000e+00      8s
       1       1730   1.7135645e+06   2.9350916e+01      8s
       2       3538   1.0827877e+03   2.1866342e+02      8s
       3       5864   7.9961833e+02   4.0712137e+02      9s
       4       7751   7.3031297e+02   4.9275061e+02      9s
       5      10008   6.8530713e+02   5.9596853e+02     10s
       6      12218   6.7196041e+02   6.4459420e+02     11s
       7      14161   6.7076385e+02   6.6480844e+02     12s

Sifting complete

   15267    6.7075004e+02   0.000000e+00   0.000000e+00     13s

Root relaxation: objective 6.707500e+02, 15267 iterations, 4.89 seconds (6.29 work units)

    Nodes    |    Current Node    |     Objective Bounds      |     Work
 Expl Unexpl |  Obj  Depth IntInf | Incumbent    BestBd   Gap | It/Node Time

     0     0  670.75004    0  324 1403.66400  670.75004  52.2%     -   12s
H    0     0                    1395.9360000  670.75004  51.9%     -   23s
H    0     0                    1376.0560000  670.75004  51.3%     -   24s
H    0     0                    1366.9200000  670.75004  50.9%     -   26s
     0     0  672.04957    0  335 1366.92000  672.04957  50.8%     -   35s
H    0     0                    1344.7680000  672.04957  50.0%     -   55s
     0     0  672.63180    0  343 1344.76800  672.63180  50.0%     -   82s
     0     0  672.70065    0  340 1344.76800  672.70065  50.0%     -   83s
     0     0  672.92908    0  348 1344.76800  672.92908  50.0%     -   90s
H    0     0                    1343.0720000  672.92908  49.9%     -  102s
     0     0  672.95358    0  350 1343.07200  672.95358  49.9%     -  103s
     0     0  673.00580    0  353 1343.07200  673.00580  49.9%     -  110s
     0     0  673.07762    0  354 1343.07200  673.07762  49.9%     -  124s
     0     0  673.08607    0  356 1343.07200  673.08607  49.9%     -  125s
     0     0  673.09472    0  354 1343.07200  673.09472  49.9%     -  126s
     0     0  673.15319    0  356 1343.07200  673.15319  49.9%     -  128s
H    0     0                    1332.8640000  673.15319  49.5%     -  141s
     0     0  673.20515    0  353 1332.86400  673.20515  49.5%     -  144s
     0     0  673.21581    0  355 1332.86400  673.21581  49.5%     -  145s
     0     0  673.22567    0  356 1332.86400  673.22567  49.5%     -  147s
     0     0  673.22638    0  356 1332.86400  673.22638  49.5%     -  164s
     0     2  673.24343    0  356 1332.86400  673.24343  49.5%     -  322s
     1     3  673.29472    1  359 1332.86400  673.25298  49.5%   271  330s
     2     5  673.34801    2  357 1332.86400  673.25298  49.5%   206  339s
     4     9  673.36811    3  358 1332.86400  673.29502  49.5%   486  351s
     8    16  673.39987    4  357 1332.86400  673.35521  49.5%   545  366s
    15    23  673.47153    5  359 1332.86400  673.35521  49.5%   679  380s
    22    55  673.47153    6  359 1332.86400  673.35521  49.5%   518  399s
H   26    55                    1268.8480000  673.35521  46.9%   452  399s
    54    63  673.67455   11  356 1268.84800  673.35521  46.9%   368  417s
H   59    63                    1265.1280000  673.35521  46.8%   359  417s
    62    93  673.81496   12  352 1265.12800  673.35521  46.8%   354  426s
H   81    93                    1263.1440000  673.35521  46.7%   300  426s
    92   122  673.88472   14  353 1263.14400  673.35521  46.7%   278  432s
   121   139  674.06777   16  351 1263.14400  673.35521  46.7%   246  440s
   138   164  674.22447   18  353 1263.14400  673.35521  46.7%   239  446s
   163   177  674.35289   20  353 1263.14400  673.35521  46.7%   216  450s
H  164   177                    1249.0080000  673.35521  46.1%   214  450s
   176   204  674.41399   21  353 1249.00800  673.35521  46.1%   206  455s
   203   212  674.59604   23  353 1249.00800  673.35521  46.1%   193  462s
   211   220  674.63891   24  353 1249.00800  673.35521  46.1%   188  477s
H  214   220                    1239.5440000  673.35521  45.7%   186  477s
   219   228  674.66252   25  356 1239.54400  673.35521  45.7%   185  493s
   227   238  674.67673   26  354 1239.54400  673.35521  45.7%   184  600s
   237   246  674.68465   27  355 1239.54400  673.35521  45.7%   183  607s
   245   254  674.73014   28  352 1239.54400  673.35521  45.7%   180  612s
   253   262  674.74541   29  353 1239.54400  673.35521  45.7%   177  617s
   261   270  674.76561   30  349 1239.54400  673.35521  45.7%   174  622s
   269   278  674.78568   31  349 1239.54400  673.35521  45.7%   171  686s
   277   292  674.79468   32  350 1239.54400  673.35521  45.7%   169  697s
   291   300  674.85959   33  351 1239.54400  673.35521  45.7%   165  703s
H  298   300                    1222.1440000  673.35521  44.9%   164  703s
   299   345  674.93639   34  354 1222.14400  673.35521  44.9%   165  713s
   344   360  675.12860   36  349 1222.14400  673.35521  44.9%   155  727s
H  354   360                    1189.4960000  673.35521  43.4%   151  727s
   359   408  675.15887   37  348 1189.49600  673.35521  43.4%   152  734s
   407   454  675.60894   40  347 1189.49600  673.35521  43.4%   147  741s
   453   513  675.68561   43  341 1189.49600  673.35521  43.4%   142  748s
   512   572  675.80188   47  343 1189.49600  673.35521  43.4%   134  759s
   571   627  675.90026   52  339 1189.49600  673.35521  43.4%   131  766s
   626   690  676.01219   55  345 1189.49600  673.35521  43.4%   126  774s
   689   760  676.21794   59  338 1189.49600  673.35521  43.4%   122  782s
   759   846  676.26834   65  339 1189.49600  673.35521  43.4%   117  789s
   845   919  676.34814   72  343 1189.49600  673.35521  43.4%   111  803s
   918   980  676.44369   76  341 1189.49600  673.35521  43.4%   109  811s
   979  1071  676.58089   81  341 1189.49600  673.35521  43.4%   108  819s
  1070  1148  676.68616   86  345 1189.49600  673.35521  43.4%   104  828s
  1147  1242  676.83488   92  338 1189.49600  673.35521  43.4%   102  836s
  1241  1339  676.99783   98  339 1189.49600  673.35521  43.4%  99.3  845s
  1338  1431  677.14805  105  338 1189.49600  673.35521  43.4%  96.8  857s
  1430  1458  677.29137  111  338 1189.49600  673.35521  43.4%  95.5  874s
H 1434  1458                    1189.4959707  673.35521  43.4%  95.3  874s
H 1438  1458                    1187.0160000  673.35521  43.3%  95.4  874s
  1457  1561  677.31034  112  343 1187.01600  673.35521  43.3%  94.8  884s
  1560  1666  677.41311  119  350 1187.01600  673.35521  43.3%  92.9  895s
  1665  1782  677.54394  126  345 1187.01600  673.35521  43.3%  91.2  907s
  1781  1912  677.70156  135  349 1187.01600  673.35521  43.3%  89.3  917s
  1911  2024  677.86376  141  352 1187.01600  673.35521  43.3%  87.0  930s
  2023  2139  678.02214  148  347 1187.01600  673.35521  43.3%  86.5  942s
  2138  2282  678.19203  154  347 1187.01600  673.35521  43.3%  85.5  954s
  2281  2450  678.31030  164  344 1187.01600  673.35521  43.3%  83.8  966s
  2449  2615  678.47623  173  348 1187.01600  673.35521  43.3%  81.5  978s
H 2459  2615                    1175.5680000  673.35521  42.7%  81.5  978s
  2614  2783  678.67206  183  342 1175.56800  673.35521  42.7%  79.7  992s
  2782  2943  678.83391  191  348 1175.56800  673.35521  42.7%  78.1 1006s
  2942  2951  678.93599  202  348 1175.56800  673.35521  42.7%  77.0 1034s
H 2948  2951                    1163.6240000  673.35521  42.1%  76.9 1034s
  2950  3162  678.94025  203  348 1163.62400  673.35521  42.1%  76.9 1048s
  3161  3365  679.11520  216  343 1163.62400  673.35521  42.1%  74.9 1062s
  3364  3561  679.36286  225  347 1163.62400  673.35521  42.1%  73.5 1079s
  3560  3769  679.50752  241  339 1163.62400  673.35521  42.1%  72.6 1094s
  3768  4013  679.65303  254  348 1163.62400  673.35521  42.1%  71.4 1110s
  4012  4267  679.79258  269  346 1163.62400  673.35521  42.1%  70.1 1129s
  4266  4546  679.99218  280  345 1163.62400  673.35521  42.1%  68.8 1146s
  4545  4819  680.14541  294  347 1163.62400  673.35521  42.1%  67.3 1164s
  4818  5133  680.26754  308  345 1163.62400  673.35521  42.1%  66.0 1182s
  5132  5445  680.44724  324  345 1163.62400  673.35521  42.1%  64.6 1202s
  5444  5787  680.58531  346  348 1163.62400  673.35521  42.1%  63.5 1221s
  5786  6130  680.77045  366  349 1163.62400  673.35521  42.1%  62.3 1241s
  6129  6470  681.03253  383  342 1163.62400  673.35521  42.1%  61.2 1263s
  6469  6778  681.24353  398  345 1163.62400  673.35521  42.1%  60.2 1286s
  6777  7190  681.88455  407  345 1163.62400  673.35521  42.1%  60.0 1308s
  7189  7576  682.12337  425  342 1163.62400  673.35521  42.1%  58.9 1331s
  7576  7577  715.85636  375  356 1163.62400  673.35521  42.1%  58.3 1393s
  7578  7578  696.76806  453  324 1163.62400  673.35521  42.1%  58.3 1460s
  7579  7579  739.24044  555  329 1163.62400  673.35521  42.1%  58.3 1566s
  7580  7580  696.02358  385  343 1163.62400  673.35521  42.1%  58.3 1582s
  7581  7580  716.27108  331  348 1163.62400  673.35521  42.1%  58.3 1586s
  7582  7581  785.40105 1346  349 1163.62400  673.35521  42.1%  58.3 1591s
  7584  7582  742.50630  704  352 1163.62400  673.37241  42.1%  58.2 1615s
  7585  7583  717.83111  472  356 1163.62400  673.55954  42.1%  58.2 1654s
  7586  7584  773.94088  890  357 1163.62400  673.66607  42.1%  58.2 1676s
  7587  7584  705.92262   53  359 1163.62400  673.78851  42.1%  58.2 1707s
  7588  7585  756.06980  285  363 1163.62400  673.89482  42.1%  58.2 1710s
  7590  7586  696.61324   49  364 1163.62400  673.90090  42.1%  58.2 1722s
  7591  7587  704.89487  606  366 1163.62400  673.95303  42.1%  58.2 1745s
  7592  7588  719.95172  591  365 1163.62400  674.03519  42.1%  58.2 1758s
  7595  7591  726.10293  893  356 1163.62400  674.03519  42.1%  60.7 1764s

Explored 7596 nodes (494555 simplex iterations) in 1797.17 seconds (2213.09 work units)
Thread count was 8 (of 32 available processors)

Solution count 10: 1163.62 1175.57 1187.02 ... 1265.13

Time limit reached
Best objective 1.163623999996e+03, best bound 6.740351942333e+02, gap 42.0745%

User-callback calls 292603, time in user-callback 1.61 sec
