
Gurobi 12.0.3 (linux64) logging started Sun Sep 13 14:19:46 2026

Set parameter LogFile to value "/share/scaglione/nc437/evsp-dr/cumulative_budget_20260913/cases/c1_k05/mip_warm/135589_r0/gurobi.log"
Set parameter OutputFlag to value 1
Set parameter TimeLimit to value 3600
Set parameter MIPGap to value 0.0001
Set parameter Threads to value 8
Set parameter TimeLimit to value 1800
Gurobi Optimizer version 12.0.3 build v12.0.3rc0 (linux64 - "Ubuntu 24.04.4 LTS")

CPU model: Intel(R) Xeon(R) CPU E5-2690 v2 @ 3.00GHz, instruction set [SSE2|AVX]
Thread count: 20 physical cores, 20 logical processors, using up to 8 threads

Non-default parameters:
TimeLimit  1800
Threads  8

Optimize a model with 104 rows, 27340 columns and 623626 nonzeros
Model fingerprint: 0xc941a9d7
Variable types: 0 continuous, 27340 integer (27340 binary)
Coefficient statistics:
  Matrix range     [1e+00, 1e+00]
  Objective range  [1e+00, 1e+00]
  Bounds range     [1e+00, 1e+00]
  RHS range        [1e+00, 1e+00]

Loaded user MIP start with objective 23

Presolve removed 0 rows and 4051 columns
Presolve time: 0.84s
Presolved: 104 rows, 23289 columns, 549937 nonzeros
Variable types: 0 continuous, 23289 integer (23289 binary)

Starting sifting (using dual simplex for sub-problems)...

    Iter     Pivots    Primal Obj      Dual Obj        Time
       0          0     infinity      0.0000000e+00      1s
       1        208   2.1555556e+01   1.2597403e+00      1s
       2        457   5.5217391e+00   2.6396745e+00      1s
       3        842   5.3357706e+00   3.6992220e+00      1s
       4       1249   5.2565598e+00   3.9866080e+00      1s
       5       1538   5.1142857e+00   4.3533402e+00      1s
       6       1703   5.0000000e+00   4.4057818e+00      1s
       7       1913   5.0000000e+00   4.4640652e+00      1s

Sifting complete


Root relaxation: objective 5.000000e+00, 2097 iterations, 0.13 seconds (0.09 work units)

    Nodes    |    Current Node    |     Objective Bounds      |     Work
 Expl Unexpl |  Obj  Depth IntInf | Incumbent    BestBd   Gap | It/Node Time

*    0     0               0       5.0000000    5.00000  0.00%     -    1s

Explored 1 nodes (2097 simplex iterations) in 1.14 seconds (0.96 work units)
Thread count was 8 (of 20 available processors)

Solution count 2: 5 23 

Optimal solution found (tolerance 1.00e-04)
Best objective 5.000000000000e+00, best bound 5.000000000000e+00, gap 0.0000%

User-callback calls 326, time in user-callback 0.00 sec
Set parameter TimeLimit to value 3.5982784824371338e+03
Gurobi Optimizer version 12.0.3 build v12.0.3rc0 (linux64 - "Ubuntu 24.04.4 LTS")

CPU model: Intel(R) Xeon(R) CPU E5-2690 v2 @ 3.00GHz, instruction set [SSE2|AVX]
Thread count: 20 physical cores, 20 logical processors, using up to 8 threads

Non-default parameters:
TimeLimit  3.5982784824371338e+03
Threads  8

Optimize a model with 105 rows, 27340 columns and 650966 nonzeros
Model fingerprint: 0x3b086cb1
Variable types: 0 continuous, 27340 integer (27340 binary)
Coefficient statistics:
  Matrix range     [1e+00, 1e+00]
  Objective range  [5e+00, 1e+02]
  Bounds range     [1e+00, 1e+00]
  RHS range        [1e+00, 5e+00]

Loaded user MIP start with objective 348.648
MIP start from previous solve did not produce a new incumbent solution

Presolve removed 0 rows and 24 columns
Presolve time: 0.96s
Presolved: 105 rows, 27316 columns, 650525 nonzeros
Variable types: 0 continuous, 27316 integer (27316 binary)

Starting sifting (using dual simplex for sub-problems)...

    Iter     Pivots    Primal Obj      Dual Obj        Time
       0          0     infinity      0.0000000e+00      1s
       1        168   1.4516348e+07   6.9446208e+01      1s
       2        582   8.8181989e+05   9.8674159e+01      1s
       3       1110   3.4830481e+05   1.2552745e+02      1s
       4       1677   9.6717141e+04   1.3606684e+02      1s
       5       2081   2.6039400e+02   1.5887539e+02      1s
       6       2418   2.5161200e+02   1.9078075e+02      1s
       7       2806   2.5103822e+02   2.0680500e+02      1s
       8       3115   2.3797600e+02   2.1995262e+02      1s
       9       3356   2.3750600e+02   2.3087474e+02      1s
      10       3588   2.3750600e+02   2.3614987e+02      1s
      11       3729   2.3750600e+02   2.3696510e+02      1s

Sifting complete


Root relaxation: objective 2.375060e+02, 3848 iterations, 0.24 seconds (0.24 work units)

    Nodes    |    Current Node    |     Objective Bounds      |     Work
 Expl Unexpl |  Obj  Depth IntInf | Incumbent    BestBd   Gap | It/Node Time

     0     0  237.50600    0   17  348.64800  237.50600  31.9%     -    1s
H    0     0                     269.8000000  237.50600  12.0%     -    1s
H    0     0                     249.9200000  237.50600  4.97%     -    1s
H    0     0                     238.4720000  237.50600  0.41%     -    1s
H    0     0                     237.9760000  237.50600  0.20%     -    1s

Cutting planes:
  Zero half: 1

Explored 1 nodes (3881 simplex iterations) in 1.75 seconds (1.67 work units)
Thread count was 8 (of 20 available processors)

Solution count 5: 237.976 238.472 249.92 ... 348.648

Optimal solution found (tolerance 1.00e-04)
Best objective 2.379760000000e+02, best bound 2.379760000000e+02, gap 0.0000%

User-callback calls 462, time in user-callback 0.00 sec
