
Gurobi 12.0.3 (linux64) logging started Sun Sep 13 14:21:50 2026

Set parameter LogFile to value "/share/scaglione/nc437/evsp-dr/cumulative_budget_20260913/cases/c1_k15/mip_warm/135604_r0/gurobi.log"
Set parameter OutputFlag to value 1
Set parameter TimeLimit to value 3600
Set parameter MIPGap to value 0.0001
Set parameter Threads to value 8
Set parameter TimeLimit to value 1800
Gurobi Optimizer version 12.0.3 build v12.0.3rc0 (linux64 - "Ubuntu 24.04.4 LTS")

CPU model: Intel(R) Xeon(R) Gold 6230 CPU @ 2.10GHz, instruction set [SSE2|AVX|AVX2|AVX512]
Thread count: 40 physical cores, 40 logical processors, using up to 8 threads

Non-default parameters:
TimeLimit  1800
Threads  8

Optimize a model with 364 rows, 130468 columns and 3541122 nonzeros
Model fingerprint: 0x900c7b58
Variable types: 0 continuous, 130468 integer (130468 binary)
Coefficient statistics:
  Matrix range     [1e+00, 1e+00]
  Objective range  [1e+00, 1e+00]
  Bounds range     [1e+00, 1e+00]
  RHS range        [1e+00, 1e+00]

Loaded user MIP start with objective 87

Presolve removed 0 rows and 572 columns (presolve time = 5s)...
Presolve removed 0 rows and 572 columns
Presolve time: 8.76s
Presolved: 364 rows, 129896 columns, 3531601 nonzeros
Variable types: 0 continuous, 129896 integer (129896 binary)

Root simplex log...

Iteration    Objective       Primal Inf.    Dual Inf.      Time
       0    0.0000000e+00   3.640000e+02   0.000000e+00      9s

Starting sifting (using dual simplex for sub-problems)...

    Iter     Pivots    Primal Obj      Dual Obj        Time
       0          0     infinity      0.0000000e+00      9s
       1        607   2.7025410e+02   5.0047055e+00      9s
       2       1955   6.5652321e+01   7.5854551e+00     10s
       3       4013   1.5449513e+01   9.4468689e+00     10s
       4       6861   1.5024125e+01   1.0832310e+01     10s
       5       8457   1.5000000e+01   1.5000000e+01     11s

Sifting complete

    8457    1.5000000e+01   0.000000e+00   0.000000e+00     11s

Root relaxation: objective 1.500000e+01, 8457 iterations, 1.56 seconds (1.70 work units)
Total elapsed time = 19.61s (DegenMoves)
Total elapsed time = 23.94s (DegenMoves)
Total elapsed time = 26.96s (DegenMoves)

    Nodes    |    Current Node    |     Objective Bounds      |     Work
 Expl Unexpl |  Obj  Depth IntInf | Incumbent    BestBd   Gap | It/Node Time

     0     0   15.00000    0   70   87.00000   15.00000  82.8%     -   29s
H    0     0                      20.0000000   15.00000  25.0%     -   29s
H    0     0                      19.0000000   15.00000  21.1%     -   30s
H    0     0                      17.0000000   15.00000  11.8%     -   30s
H    0     0                      16.0000000   15.00000  6.25%     -   32s
     0     0   15.00000    0   66   16.00000   15.00000  6.25%     -   36s
     0     0   15.00000    0   37   16.00000   15.00000  6.25%     -   92s
H    0     0                      15.0000000   15.00000  0.00%     -  105s
     0     0   15.00000    0   37   15.00000   15.00000  0.00%     -  105s

Cutting planes:
  MIR: 1

Explored 1 nodes (111054 simplex iterations) in 105.53 seconds (131.53 work units)
Thread count was 8 (of 40 available processors)

Solution count 6: 15 16 17 ... 87

Optimal solution found (tolerance 1.00e-04)
Best objective 1.500000000000e+01, best bound 1.500000000000e+01, gap 0.0000%

User-callback calls 13822, time in user-callback 0.09 sec
Set parameter TimeLimit to value 3.4899942712783813e+03
Gurobi Optimizer version 12.0.3 build v12.0.3rc0 (linux64 - "Ubuntu 24.04.4 LTS")

CPU model: Intel(R) Xeon(R) Gold 6230 CPU @ 2.10GHz, instruction set [SSE2|AVX|AVX2|AVX512]
Thread count: 40 physical cores, 40 logical processors, using up to 8 threads

Non-default parameters:
TimeLimit  3.4899942712783813e+03
Threads  8

Optimize a model with 365 rows, 130468 columns and 3671590 nonzeros
Model fingerprint: 0x3b878602
Variable types: 0 continuous, 130468 integer (130468 binary)
Coefficient statistics:
  Matrix range     [1e+00, 1e+00]
  Objective range  [5e+00, 1e+02]
  Bounds range     [1e+00, 1e+00]
  RHS range        [1e+00, 2e+01]

Loaded user MIP start with objective 1187.67
MIP start from previous solve did not produce a new incumbent solution

Presolve removed 0 rows and 13 columns (presolve time = 5s)...
Presolve removed 0 rows and 13 columns
Presolve time: 6.23s
Presolved: 365 rows, 130455 columns, 3671141 nonzeros
Variable types: 0 continuous, 130455 integer (130455 binary)

Root simplex log...

Iteration    Objective       Primal Inf.    Dual Inf.      Time
       0    0.0000000e+00   3.640000e+02   0.000000e+00      7s

Starting sifting (using dual simplex for sub-problems)...

    Iter     Pivots    Primal Obj      Dual Obj        Time
       0          0     infinity      0.0000000e+00      7s
       1        979   6.0460884e+07   1.6119486e+02      7s
       2       2272   2.0760287e+07   2.6454295e+02      7s
       3       4995   3.0844248e+06   3.1310294e+02      7s
       4       8227   6.8129375e+05   3.4206932e+02      8s
       5      12112   1.1208724e+05   3.5357623e+02      9s
       6      14593   8.1657220e+02   4.7121767e+02     10s
       7      17281   7.4779203e+02   5.9572985e+02     11s
       8      20096   7.2484855e+02   6.4060528e+02     12s
       9      23088   7.1896309e+02   6.6826812e+02     13s
      10      26968   7.1756323e+02   6.7629189e+02     15s
      11      31172   7.1743712e+02   6.8428284e+02     16s
      12      35265   7.1738685e+02   6.9072955e+02     18s
      13      38650   7.1738685e+02   6.9568194e+02     19s
      14      42458   7.1738685e+02   6.9809819e+02     20s
      15      46796   7.1738685e+02   6.9972522e+02     22s

Sifting complete

   51199    7.1738230e+02   0.000000e+00   4.542766e+03     24s
   54394    7.1737333e+02   0.000000e+00   0.000000e+00     25s

Root relaxation: objective 7.173733e+02, 54394 iterations, 18.39 seconds (25.89 work units)
Total elapsed time = 25.31s (DegenMoves)

    Nodes    |    Current Node    |     Objective Bounds      |     Work
 Expl Unexpl |  Obj  Depth IntInf | Incumbent    BestBd   Gap | It/Node Time

     0     0  717.37333    0  213 1187.67200  717.37333  39.6%     -   25s
H    0     0                    1112.1600000  717.37333  35.5%     -   37s
     0     0  717.45540    0  229 1112.16000  717.45540  35.5%     -   57s
     0     0  717.50136    0  228 1112.16000  717.50136  35.5%     -  121s
     0     0  717.50136    0  230 1112.16000  717.50136  35.5%     -  121s
     0     0  717.58747    0  237 1112.16000  717.58747  35.5%     -  136s
H    0     0                    1111.1680000  717.58747  35.4%     -  150s
     0     0  717.61307    0  234 1111.16800  717.61307  35.4%     -  155s
     0     0  717.61369    0  235 1111.16800  717.61369  35.4%     -  157s
     0     0  717.61369    0  236 1111.16800  717.61369  35.4%     -  157s
     0     0  717.63043    0  239 1111.16800  717.63043  35.4%     -  166s
     0     0  717.64911    0  239 1111.16800  717.64911  35.4%     -  184s
     0     0  717.65130    0  240 1111.16800  717.65130  35.4%     -  186s
     0     0  717.65259    0  252 1111.16800  717.65259  35.4%     -  187s
     0     0  717.67265    0  252 1111.16800  717.67265  35.4%     -  193s
     0     0  717.67297    0  252 1111.16800  717.67297  35.4%     -  219s
     0     0  717.67297    0  253 1111.16800  717.67297  35.4%     -  219s
     0     0  717.67624    0  255 1111.16800  717.67624  35.4%     -  223s
     0     0  717.67912    0  255 1111.16800  717.67912  35.4%     -  225s
     0     0  717.67953    0  256 1111.16800  717.67953  35.4%     -  226s
     0     0  717.67957    0  256 1111.16800  717.67957  35.4%     -  228s
H    0     0                    1098.9360000  717.85570  34.7%     -  317s
H    0     0                    1096.7040000  717.85570  34.5%     -  317s
H    0     0                    1096.2080000  717.85570  34.5%     -  327s
H    0     0                    1094.4720000  717.85570  34.4%     -  333s
H    0     0                    1091.9520000  717.85570  34.3%     -  336s
H    0     0                    1087.2000000  717.85570  34.0%     -  343s
     0     0  717.85570    0  214 1087.20000  717.85570  34.0%     -  380s
     0     0  717.85570    0  231 1087.20000  717.85570  34.0%     -  406s
     0     0  717.85570    0  235 1087.20000  717.85570  34.0%     -  460s
     0     0  717.85570    0  239 1087.20000  717.85570  34.0%     -  464s
     0     0  717.85570    0  248 1087.20000  717.85570  34.0%     -  464s
     0     0  717.85570    0  252 1087.20000  717.85570  34.0%     -  470s
     0     0  717.85570    0  253 1087.20000  717.85570  34.0%     -  472s
     0     0  717.85570    0  251 1087.20000  717.85570  34.0%     -  473s
     0     0  717.85570    0  267 1087.20000  717.85570  34.0%     -  480s
     0     0  717.85570    0  260 1087.20000  717.85570  34.0%     -  482s
     0     0  717.85570    0  260 1087.20000  717.85570  34.0%     -  483s
     0     0  717.85570    0  269 1087.20000  717.85570  34.0%     -  485s
     0     0  717.85570    0  269 1087.20000  717.85570  34.0%     -  492s
     0     0  717.85570    0  276 1087.20000  717.85570  34.0%     -  493s
     0     0  717.85570    0  273 1087.20000  717.85570  34.0%     -  494s
     0     0  717.85570    0  213 1087.20000  717.85570  34.0%     -  591s
     0     0  717.85570    0  231 1087.20000  717.85570  34.0%     -  617s
     0     0  717.85570    0  237 1087.20000  717.85570  34.0%     -  670s
     0     0  717.85570    0  246 1087.20000  717.85570  34.0%     -  675s
     0     0  717.85570    0  256 1087.20000  717.85570  34.0%     -  680s
     0     0  717.85570    0  262 1087.20000  717.85570  34.0%     -  682s
     0     0  717.85570    0  264 1087.20000  717.85570  34.0%     -  683s
     0     0  717.85570    0  262 1087.20000  717.85570  34.0%     -  686s
H    0     0                    1074.0160000  717.85570  33.2%     -  688s
     0     0  717.85570    0  264 1074.01600  717.85570  33.2%     -  691s
     0     0  717.85570    0  264 1074.01600  717.85570  33.2%     -  693s
     0     0  717.85570    0  264 1074.01600  717.85570  33.2%     -  693s
     0     0  717.85570    0  263 1074.01600  717.85570  33.2%     -  694s
     0     0  717.85570    0  262 1074.01600  717.85570  33.2%     -  695s
     0     2  718.08329    0  262 1074.01600  718.08329  33.1%     -  840s
     1     3  718.08329    1  269 1074.01600  718.08329  33.1%   613  847s
     2     5  718.08329    2  261 1074.01600  718.08329  33.1%   451  855s
     4    10  718.08329    3  265 1074.01600  718.08329  33.1%   435  867s
     9    17  718.08329    4  266 1074.01600  718.08329  33.1%  1148  880s
    16    24  718.08329    5  264 1074.01600  718.08329  33.1%  1069  890s
    23    54  718.08329    6  263 1074.01600  718.08329  33.1%   805  904s
    53    64  718.08329   10  262 1074.01600  718.08329  33.1%   449  918s
    65    87  718.08329   11  262 1074.01600  718.08329  33.1%   499  925s
    88    93  718.08329   15  264 1074.01600  718.08329  33.1%   424  934s
    96   100  718.08329   16  261 1074.01600  718.08329  33.1%   418  952s
   105   109  718.08329   17  262 1074.01600  718.08329  33.1%   404  959s
   116   119  718.08329   18  262 1074.01600  718.08329  33.1%   385  965s
   140   138  718.08329   20  261 1074.01600  718.08329  33.1%   361  976s
   149   150  718.08329   21  266 1074.01600  718.08329  33.1%   369  980s
   179   197  718.08329   23  266 1074.01600  718.08329  33.1%   334  994s
   212   228  718.08329   24  266 1074.01600  718.08329  33.1%   309 1002s
   245   262  718.08329   25  264 1074.01600  718.08329  33.1%   286 1008s
   279   293  718.08329   26  265 1074.01600  718.08329  33.1%   262 1013s
   312   320  718.08329   27  262 1074.01600  718.08329  33.1%   247 1019s
   341   349  718.08329   28  264 1074.01600  718.08329  33.1%   237 1024s
   372   386  718.08329   29  265 1074.01600  718.08329  33.1%   228 1028s
   409   424  718.08329   30  264 1074.01600  718.08329  33.1%   214 1033s
   449   477  718.08329   31  264 1074.01600  718.08329  33.1%   205 1040s
   504   485  718.08329   32  261 1074.01600  718.08329  33.1%   197 1051s
   512   496  718.08329   33  262 1074.01600  718.08329  33.1%   195 1073s
   523   513  718.08329   37  267 1074.01600  718.08329  33.1%   193 1079s
   540   535  718.08329   41  273 1074.01600  718.08329  33.1%   190 1086s
   562   561  718.08329   47  271 1074.01600  718.08329  33.1%   186 1094s
   588   588  718.08329   55  266 1074.01600  718.08329  33.1%   181 1100s
   615   625  718.08329   60  264 1074.01600  718.08329  33.1%   178 1109s
H  651   625                    1068.9760000  718.08329  32.8%   172 1109s
   652   723  718.08329   68  266 1068.97600  718.08329  32.8%   172 1117s
   754   827  718.09522   74  275 1068.97600  718.08329  32.8%   162 1124s
   860   922  718.10883   80  265 1068.97600  718.08329  32.8%   153 1132s
   961  1033  718.12531   89  272 1068.97600  718.08329  32.8%   148 1140s
  1076  1145  718.14000   96  272 1068.97600  718.08329  32.8%   141 1148s
  1192  1254  718.15827  103  271 1068.97600  718.08329  32.8%   136 1158s
  1309  1367  718.18817  110  273 1068.97600  718.08329  32.8%   134 1166s
  1426  1491  718.21094  117  275 1068.97600  718.08329  32.8%   131 1176s
  1552  1639  718.23922  126  275 1068.97600  718.08329  32.8%   129 1185s
  1704  1789  718.25931  138  275 1068.97600  718.08329  32.8%   124 1192s
  1858  1919  718.28278  151  278 1068.97600  718.08329  32.8%   119 1199s
  2000  2070  718.31719  159  278 1068.97600  718.08329  32.8%   118 1206s
  2161  2232  718.34201  167  274 1068.97600  718.08329  32.8%   115 1217s
  2333  2433  718.38154  175  275 1068.97600  718.08329  32.8%   113 1228s
  2554  2672  718.41049  187  279 1068.97600  718.08329  32.8%   110 1236s
  2815  2807  718.46503  197  275 1068.97600  718.08329  32.8%   105 1245s
  2980  2996  718.49585  209  277 1068.97600  718.08329  32.8%   104 1255s
  3171  3205  718.52443  221  278 1068.97600  718.08329  32.8%   102 1266s
  3384  3413  718.56266  234  278 1068.97600  718.08329  32.8%  99.1 1275s
  3600  3638  718.60675  245  277 1068.97600  718.08329  32.8%  96.8 1284s
  3835  3865  718.65597  259  278 1068.97600  718.08329  32.8%  95.0 1294s
  4066  4149  718.71096  272  276 1068.97600  718.08329  32.8%  93.3 1304s
  4354  4418  718.79132  286  281 1068.97600  718.08329  32.8%  90.5 1313s
  4635  4728  718.83940  297  276 1068.97600  718.08329  32.8%  89.1 1328s
  4975  4932  718.87641  309  284 1068.97600  718.08329  32.8%  87.6 1344s
  5217  5137  718.93116  326  283 1068.97600  718.08329  32.8%  87.6 1353s
  5423  5138  733.36007  277  256 1068.97600  718.08329  32.8%  87.5 1402s
H 5424  4882                    1065.0480000  718.08329  32.6%  87.5 1443s
  5425  4882  764.65600  175  213 1065.04800  718.08329  32.6%  87.5 1451s
  5426  4883  741.67996  423  237 1065.04800  718.08329  32.6%  87.5 1522s
  5427  4884  815.15629  278  240 1065.04800  718.08329  32.6%  87.5 1534s
  5428  4884  882.24114  329  259 1065.04800  718.08329  32.6%  87.4 1537s
  5429  4885  718.08329   14  262 1065.04800  718.08329  32.6%  87.4 1540s
H 5431  4641                    1064.0560000  718.08329  32.5%  87.4 1549s
  5432  4642  829.07400  343  269 1064.05600  718.08329  32.5%  87.4 1550s
  5434  4643  830.93207  360  277 1064.05600  718.08329  32.5%  87.4 1559s
  5435  4644  785.36270  190  272 1064.05600  718.08329  32.5%  87.3 1561s
  5436  4645  718.89690  313  268 1064.05600  718.08329  32.5%  87.3 1566s
  5438  4646  736.33791  563  270 1064.05600  718.08329  32.5%  87.3 1574s
  5439  4647  725.76752   26  270 1064.05600  718.22917  32.5%  87.3 1767s
  5440  4649  718.22917   12  270 1064.05600  718.22917  32.5%   101 1777s
  5441  4651  718.22917   13  266 1064.05600  718.22917  32.5%   101 1788s
  5443  4655  718.22917   14  271 1064.05600  718.22917  32.5%   101 1802s
  5448  4662  718.22917   15  270 1064.05600  718.22917  32.5%   102 1819s
  5456  4681  718.22917   16  277 1064.05600  718.22917  32.5%   104 1844s
  5480  4681  718.22917   18  273 1064.05600  718.22917  32.5%   108 1861s
  5488  4685  733.99361   18  251 1064.05600  718.22917  32.5%   109 1878s
  5495  4691  718.22917   19  269 1064.05600  718.22917  32.5%   111 1894s
  5503  4693  721.53045   19  255 1064.05600  718.22917  32.5%   112 1912s
  5512  4698  718.22917   20  269 1064.05600  718.22917  32.5%   114 1928s
  5520  4703  739.47739   20  222 1064.05600  718.22917  32.5%   115 1945s
  5527  4708  718.22917   21  264 1064.05600  718.22917  32.5%   117 1962s
  5535  4713  751.19715   21  226 1064.05600  718.22917  32.5%   118 1978s
  5542  4718  718.22917   22  266 1064.05600  718.22917  32.5%   120 1993s
  5550  4727  726.54098   22  269 1064.05600  718.22917  32.5%   121 2010s
  5561  4735  718.22917   23  272 1064.05600  718.22917  32.5%   123 2023s
  5573  4741  753.08866   23  229 1064.05600  718.22917  32.5%   124 2040s
  5585  4746  718.22917   24  268 1064.05600  718.22917  32.5%   127 2057s
  5598  4752  718.22917   25  268 1064.05600  718.22917  32.5%   129 2077s
  5610  4762  728.52216   25  277 1064.05600  718.22917  32.5%   131 2092s
  5624  4772  718.22917   26  272 1064.05600  718.22917  32.5%   132 2108s
  5641  4775  718.22917   27  273 1064.05600  718.22917  32.5%   135 2122s
  5650  4781  738.39836   26  248 1064.05600  718.22917  32.5%   138 2139s
H 5658  4546                    1063.8080000  718.22917  32.5%   140 2139s
  5659  4561  718.22917   28  270 1063.80800  718.22917  32.5%   140 2155s
  5677  4574  718.22917   29  265 1063.80800  718.22917  32.5%   142 2172s
  5698  4584  718.22917   30  270 1063.80800  718.22917  32.5%   144 2189s
  5719  4588  718.22917   31  267 1063.80800  718.22917  32.5%   148 2210s
  5730  4603  718.22917   32  273 1063.80800  718.22917  32.5%   150 2250s
  5748  4610  718.22917   33  272 1063.80800  718.22917  32.5%   153 2268s
  5763  4628  718.22917   34  270 1063.80800  718.22917  32.5%   156 2284s
  5788  4644  718.22917   35  267 1063.80800  718.22917  32.5%   159 2303s
  5819  4666  718.22917   36  271 1063.80800  718.22917  32.5%   163 2318s
  5853  4687  718.22917   37  269 1063.80800  718.22917  32.5%   168 2336s
  5887  4707  718.22917   38  271 1063.80800  718.22917  32.5%   171 2357s
  5925  4731  718.22917   39  268 1063.80800  718.22917  32.5%   176 2388s
  5963  4743  718.22917   40  268 1063.80800  718.22917  32.5%   180 2409s
  6002  4761  718.22917   41  273 1063.80800  718.22917  32.5%   186 2429s
  6047  4792  718.22917   42  272 1063.80800  718.22917  32.5%   191 2449s
  6099  4816  718.22917   43  268 1063.80800  718.22917  32.5%   196 2471s
  6146  4847  718.22917   44  279 1063.80800  718.22917  32.5%   201 2494s
  6195  4856  718.22917   45  276 1063.80800  718.22917  32.5%   205 2519s
  6222  4888  727.07470   45  272 1063.80800  718.22917  32.5%   206 2546s
  6267  4914  718.22917   46  268 1063.80800  718.22917  32.5%   209 2574s
  6312  4946  718.22917   47  270 1063.80800  718.22917  32.5%   212 2606s
  6365  4953  718.22917   48  271 1063.80800  718.22917  32.5%   217 2636s
  6420  4986  718.22917   49  272 1063.80800  718.22917  32.5%   224 2666s
  6475  5022  718.22917   51  273 1063.80800  718.22917  32.5%   229 2700s
  6538  5058  734.78633   52  288 1063.80800  718.22917  32.5%   237 2737s
  6603  5062  718.22917   54  268 1063.80800  718.22917  32.5%   243 2783s
  6630  5095  729.03279   54  290 1063.80800  718.22917  32.5%   245 2817s
  6678  5124  718.22917   55  272 1063.80800  718.22917  32.5%   249 2859s
  6737  5158  718.22917   56  274 1063.80800  718.22917  32.5%   254 2894s
  6801  5199  718.22917   58  273 1063.80800  718.22917  32.5%   260 2930s
  6873  5232  718.22917   60  274 1063.80800  718.22917  32.5%   266 2976s
  6946  5261  718.22917   62  278 1063.80800  718.22917  32.5%   274 3014s
  7006  5288  718.22917   64  275 1063.80800  718.22917  32.5%   282 3065s
  7067  5328  718.22917   66  274 1063.80800  718.22917  32.5%   291 3117s
  7145  5374  718.22917   68  277 1063.80800  718.22917  32.5%   298 3159s
  7184  5361  732.31978   88  283 1063.80800  718.22917  32.5%   304 3160s
  7239  5424  718.22917   70  277 1063.80800  718.22917  32.5%   307 3205s
  7336  5469  718.22917   72  278 1063.80800  718.22917  32.5%   316 3253s
  7436  5526  718.22917   74  276 1063.80800  718.22917  32.5%   326 3302s
  7546  5578  718.22917   77  275 1063.80800  718.22917  32.5%   335 3355s
  7655  5614  718.22917   80  282 1063.80800  718.22917  32.5%   344 3406s
  7739  5665  718.22917   82  276 1063.80800  718.22917  32.5%   351 3462s
  7834  5695  729.25969   84  268 1063.80800  718.22917  32.5%   360 3490s

Cutting planes:
  Cover: 2
  MIR: 35
  Flow cover: 21
  Zero half: 4

Explored 7910 nodes (3090597 simplex iterations) in 3490.20 seconds (6057.56 work units)
Thread count was 8 (of 40 available processors)

Solution count 10: 1063.81 1064.06 1065.05 ... 1096.7

Time limit reached
Best objective 1.063807999999e+03, best bound 7.182291694361e+02, gap 32.4851%

User-callback calls 964548, time in user-callback 6.70 sec
