
Gurobi 12.0.3 (linux64) logging started Sun Sep 13 14:21:01 2026

Set parameter LogFile to value "/share/scaglione/nc437/evsp-dr/cumulative_budget_20260913/cases/c1_k08/mip_warm/135594_r0/gurobi.log"
Set parameter OutputFlag to value 1
Set parameter TimeLimit to value 3600
Set parameter MIPGap to value 0.0001
Set parameter Threads to value 8
Set parameter TimeLimit to value 1800
Gurobi Optimizer version 12.0.3 build v12.0.3rc0 (linux64 - "Ubuntu 24.04.4 LTS")

CPU model: Intel(R) Xeon(R) CPU E5-2690 v2 @ 3.00GHz, instruction set [SSE2|AVX]
Thread count: 20 physical cores, 20 logical processors, using up to 8 threads

Non-default parameters:
TimeLimit  1800
Threads  8

Optimize a model with 194 rows, 78053 columns and 2107909 nonzeros
Model fingerprint: 0x584e3903
Variable types: 0 continuous, 78053 integer (78053 binary)
Coefficient statistics:
  Matrix range     [1e+00, 1e+00]
  Objective range  [1e+00, 1e+00]
  Bounds range     [1e+00, 1e+00]
  RHS range        [1e+00, 1e+00]

Loaded user MIP start with objective 33

Presolve removed 0 rows and 817 columns
Presolve time: 4.80s
Presolved: 194 rows, 77236 columns, 2094079 nonzeros
Variable types: 0 continuous, 77236 integer (77236 binary)

Root simplex log...

Iteration    Objective       Primal Inf.    Dual Inf.      Time
       0    0.0000000e+00   1.940000e+02   0.000000e+00      5s

Starting sifting (using dual simplex for sub-problems)...

    Iter     Pivots    Primal Obj      Dual Obj        Time
       0          0     infinity      0.0000000e+00      5s
       1        483   1.1940827e+02   2.5958320e+00      5s
       2       1035   1.8709767e+01   3.7025356e+00      5s
       3       1884   8.2648990e+00   5.8131005e+00      5s
       4       2936   8.0187078e+00   6.4897994e+00      5s
       5       3642   8.0000000e+00   6.6944719e+00      5s
       6       4317   8.0000000e+00   8.0000000e+00      5s

Sifting complete

    4317    8.0000000e+00   0.000000e+00   0.000000e+00      6s

Root relaxation: objective 8.000000e+00, 4317 iterations, 0.60 seconds (0.51 work units)

    Nodes    |    Current Node    |     Objective Bounds      |     Work
 Expl Unexpl |  Obj  Depth IntInf | Incumbent    BestBd   Gap | It/Node Time

     0     0    8.00000    0   47   33.00000    8.00000  75.8%     -   11s
H    0     0                      14.0000000    8.00000  42.9%     -   11s
H    0     0                      11.0000000    8.00000  27.3%     -   11s
H    0     0                      10.0000000    8.00000  20.0%     -   11s
H    0     0                       9.0000000    8.00000  11.1%     -   11s
     0     0    8.00000    0   44    9.00000    8.00000  11.1%     -   19s
H    0     0                       8.0000000    8.00000  0.00%     -   27s
     0     0    8.00000    0   44    8.00000    8.00000  0.00%     -   27s

Cutting planes:
  MIR: 2

Explored 1 nodes (31185 simplex iterations) in 27.06 seconds (29.14 work units)
Thread count was 8 (of 20 available processors)

Solution count 6: 8 9 10 ... 33

Optimal solution found (tolerance 1.00e-04)
Best objective 8.000000000000e+00, best bound 8.000000000000e+00, gap 0.0000%

User-callback calls 3510, time in user-callback 0.02 sec
Set parameter TimeLimit to value 3.5704335653781891e+03
Gurobi Optimizer version 12.0.3 build v12.0.3rc0 (linux64 - "Ubuntu 24.04.4 LTS")

CPU model: Intel(R) Xeon(R) CPU E5-2690 v2 @ 3.00GHz, instruction set [SSE2|AVX]
Thread count: 20 physical cores, 20 logical processors, using up to 8 threads

Non-default parameters:
TimeLimit  3.5704335653781891e+03
Threads  8

Optimize a model with 195 rows, 78053 columns and 2185962 nonzeros
Model fingerprint: 0x419dc45e
Variable types: 0 continuous, 78053 integer (78053 binary)
Coefficient statistics:
  Matrix range     [1e+00, 1e+00]
  Objective range  [5e+00, 1e+02]
  Bounds range     [1e+00, 1e+00]
  RHS range        [1e+00, 8e+00]

Loaded user MIP start with objective 618.936
MIP start from previous solve did not produce a new incumbent solution

Presolve removed 0 rows and 105 columns (presolve time = 5s)...
Presolve removed 0 rows and 105 columns
Presolve time: 5.02s
Presolved: 195 rows, 77948 columns, 2183916 nonzeros
Variable types: 0 continuous, 77948 integer (77948 binary)

Root simplex log...

Iteration    Objective       Primal Inf.    Dual Inf.      Time
       0    0.0000000e+00   1.940000e+02   0.000000e+00      5s

Starting sifting (using dual simplex for sub-problems)...

    Iter     Pivots    Primal Obj      Dual Obj        Time
       0          0     infinity      0.0000000e+00      5s
       1        460   3.0077308e+07   1.3583591e+02      5s
       2       1601   4.9783261e+06   1.8140906e+02      6s
       3       3450   4.4539150e+05   1.9781787e+02      6s
       4       5011   4.8335865e+02   2.4409060e+02      6s
       5       6099   4.2310590e+02   3.0163377e+02      6s
       6       7274   3.9024245e+02   3.4111233e+02      6s
       7       8903   3.8394398e+02   3.5322283e+02      6s
       8      10135   3.8372675e+02   3.6508830e+02      7s
       9      11486   3.8368798e+02   3.7018881e+02      7s
      10      12652   3.8368798e+02   3.7392386e+02      7s
      11      13738   3.8368798e+02   3.7798758e+02      7s
      12      14782   3.8368798e+02   3.7963949e+02      7s

Sifting complete

   16068    3.8368798e+02   0.000000e+00   0.000000e+00      8s

Root relaxation: objective 3.836880e+02, 16068 iterations, 2.34 seconds (3.48 work units)

    Nodes    |    Current Node    |     Objective Bounds      |     Work
 Expl Unexpl |  Obj  Depth IntInf | Incumbent    BestBd   Gap | It/Node Time

     0     0  383.68798    0   96  618.93600  383.68798  38.0%     -    7s
H    0     0                     580.7920000  383.68798  33.9%     -   14s
H    0     0                     567.3600000  383.68798  32.4%     -   14s
     0     0  383.92386    0  111  567.36000  383.92386  32.3%     -   17s
H    0     0                     542.8560000  383.92386  29.3%     -   29s
     0     0  384.05854    0  115  542.85600  384.05854  29.3%     -   35s
     0     0  384.13884    0  121  542.85600  384.13884  29.2%     -   37s
H    0     0                     537.1120000  384.13884  28.5%     -   38s
     0     0  384.14577    0  121  537.11200  384.14577  28.5%     -   38s
     0     0  384.24474    0  123  537.11200  384.24474  28.5%     -   41s
     0     0  384.42274    0  126  537.11200  384.42274  28.4%     -   43s
     0     0  384.42851    0  127  537.11200  384.42851  28.4%     -   43s
     0     0  384.44325    0  129  537.11200  384.44325  28.4%     -   45s
     0     0  384.46672    0  128  537.11200  384.46672  28.4%     -   46s
     0     0  384.47261    0  128  537.11200  384.47261  28.4%     -   48s
     0     2  384.47261    0  128  537.11200  384.47261  28.4%     -   57s
     1     4  384.62343    1  128  537.11200  384.47943  28.4%   105   64s
     3     8  384.91071    2  125  537.11200  384.64844  28.4%   571   70s
     7    12  385.95366    3  126  537.11200  384.92480  28.3%   702   79s
    15    20  386.31813    4  113  537.11200  385.95771  28.1%   821   88s
    23    44  386.38567    5  116  537.11200  386.31966  28.1%   720   93s
H   26    44                     528.8480000  386.31966  27.0%   646   93s
    51    59  386.69429    9  115  528.84800  386.31966  27.0%   422  101s
    70    73  387.64500   12  117  528.84800  386.31966  27.0%   354  105s
    86    89  387.72881   14  123  528.84800  386.31966  27.0%   337  110s
H   99    89                     503.8080000  386.31966  23.3%   329  110s
   129   128  388.10566   21  122  503.80800  386.31966  23.3%   280  118s
H  134   128                     494.8400000  386.31966  21.9%   272  118s
   143   134  388.17670   23  127  494.84000  386.31966  21.9%   268  121s
H  145   134                     483.6400000  386.31966  20.1%   265  121s
   171   162  388.62281   26  117  483.64000  386.31966  20.1%   253  127s
   179   180  388.63083   27  115  483.64000  386.31966  20.1%   249  130s
   265   279  389.11058   38  122  483.64000  386.31966  20.1%   195  136s
   339   359  389.96908   44  125  483.64000  386.31966  20.1%   167  141s
   397   392  391.30453   48  129  483.64000  386.31966  20.1%   154  148s
   411   411  391.34201   49  128  483.64000  386.31966  20.1%   157  150s
   451   461  391.39169   51  130  483.64000  386.31966  20.1%   154  156s
   513   498  391.91758   53  125  483.64000  386.31966  20.1%   142  160s
   539   543  391.98898   55  130  483.64000  386.31966  20.1%   138  165s
   601   614  392.21901   62  128  483.64000  386.31966  20.1%   128  171s
   688   720  392.90518   71  140  483.64000  386.31966  20.1%   117  176s
   800   835  393.54205   81  145  483.64000  386.31966  20.1%   106  182s
   923   989  394.49619   91  142  483.64000  386.31966  20.1%  97.5  188s
  1012  1086  394.88568   99  141  483.64000  386.31966  20.1%  91.7  191s
  1238  1354  396.25530  111  136  483.64000  386.31966  20.1%  81.4  197s
  1377  1526  397.22155  115  135  483.64000  386.31966  20.1%  76.3  201s
  1549  1688  397.40799  120  134  483.64000  386.31966  20.1%  71.2  205s
  1937  2145  398.00444  136  134  483.64000  386.31966  20.1%  63.1  212s
  2172  2397  398.30240  144  133  483.64000  386.31966  20.1%  59.5  216s
  2428  2682  401.12148  152  132  483.64000  386.31966  20.1%  56.7  220s
  2723  2937  402.04036  155  143  483.64000  386.31966  20.1%  53.6  227s
  2988  3184  402.84221  159  144  483.64000  386.31966  20.1%  51.7  237s
  3251  3354  403.08681  166  140  483.64000  386.31966  20.1%  50.2  242s
  3421  3591  405.54885  169  149  483.64000  386.31966  20.1%  49.3  246s
  3660  3814  406.48251  175  141  483.64000  386.31966  20.1%  48.2  255s
  4147  4068  428.20775  262  128  483.64000  386.31966  20.1%  47.0  300s
  4149  4069  416.35471  323   97  483.64000  386.31966  20.1%  47.0  313s
  4150  4070  454.45290  233  100  483.64000  386.31966  20.1%  46.9  324s
  4151  4071  454.97186  351  103  483.64000  386.31966  20.1%  46.9  326s
  4152  4071  412.91982  115  113  483.64000  386.31966  20.1%  46.9  330s
  4155  4073  412.23123   94  125  483.64000  386.31966  20.1%  46.9  335s
  4157  4075  415.83598  447  130  483.64000  386.31966  20.1%  46.9  355s
  4159  4076  388.99444    6  130  483.64000  388.99444  19.6%  46.8  390s
  4160  4078  402.84840   34  128  483.64000  388.99444  19.6%  50.9  395s
  4162  4079  427.59908  652   98  483.64000  388.99444  19.6%  50.9  411s
  4163  4080  411.77605  304  113  483.64000  388.99444  19.6%  50.9  426s
  4164  4081  444.20670  149  119  483.64000  388.99444  19.6%  50.8  434s
  4165  4081  403.61002   20  119  483.64000  388.99444  19.6%  50.8  435s
  4167  4083  440.51727  110  130  483.64000  388.99444  19.6%  50.8  441s
  4171  4085  407.12858  139  137  483.64000  388.99444  19.6%  50.8  448s
  4173  4087  430.68710  769  135  483.64000  388.99444  19.6%  50.7  450s
  4174  4087  398.37185  150  135  483.64000  388.99567  19.6%  50.7  466s
  4177  4090  420.56412  358   96  483.64000  388.99567  19.6%  55.2  474s
  4178  4091  458.67303  418  114  483.64000  388.99567  19.6%  55.2  479s
  4179  4092  456.91916  390  119  483.64000  388.99567  19.6%  55.2  481s
  4184  4095  417.32851  245  130  483.64000  388.99567  19.6%  55.1  485s
H 4185  3891                     479.9600000  388.99567  19.0%  55.1  491s
  4188  3893  421.73126  504  148  479.96000  388.99567  19.0%  55.1  495s
  4190  3894  417.02867  239  148  479.96000  389.18493  18.9%  55.1  505s
  4193  3901  389.18493   40  141  479.96000  389.18493  18.9%  59.2  510s
  4205  3903  389.18493   42  148  479.96000  389.18493  18.9%  60.4  516s
  4232  3914  412.06529   44  114  479.96000  389.18493  18.9%  62.7  520s
  4251  3919  389.18493   46  148  479.96000  389.18493  18.9%  63.7  525s
  4284  3920  389.18493   49  150  479.96000  389.18493  18.9%  66.1  531s
  4309  3925  438.93901   51  112  479.96000  389.18493  18.9%  69.0  536s
  4336  3934  389.18493   53  153  479.96000  389.18493  18.9%  70.4  541s
  4363  3941  479.09495   54   85  479.96000  389.18493  18.9%  72.3  548s
  4376  3949  389.18493   55  151  479.96000  389.18493  18.9%  73.0  550s
  4433  3973  389.18493   58  147  479.96000  389.18493  18.9%  75.2  555s
  4511  4006  389.18493   61  155  479.96000  389.18493  18.9%  77.3  561s
  4574  4019  389.18493   63  150  479.96000  389.18493  18.9%  78.6  566s
  4624  4035  389.18493   65  156  479.96000  389.18493  18.9%  80.4  571s
  4691  4062  389.18493   67  152  479.96000  389.18493  18.9%  82.0  576s
  4780  4065  389.32127   69  151  479.96000  389.32127  18.9%  84.0  580s
  4898  4098  389.43897   72  155  479.96000  389.43897  18.9%  86.6  587s
  4985  4124  421.67797   74  116  479.96000  389.48280  18.9%  88.6  591s
  5083  4117  416.17949   76  123  479.96000  389.50176  18.8%  90.8  596s
  5175  4138  389.72689   79  149  479.96000  389.72689  18.8%  92.9  601s
  5296  4182  439.51838   81  102  479.96000  389.75804  18.8%  94.6  607s
  5477  4295  427.21961   84  115  479.96000  390.36635  18.7%  95.1  612s
  5606  4259  390.37633   85  157  479.96000  390.37633  18.7%  94.6  615s
  5629  4259  447.67544   86  116  479.96000  390.48267  18.6%  95.2  622s
  5645  4260  390.48391   87  155  479.96000  390.48391  18.6%  95.4  627s
  5655  4339  412.85679   87  110  479.96000  390.48404  18.6%  95.6  630s
  5890  4473  390.49064   89  152  479.96000  390.49064  18.6%  93.5  638s
  5988  4449  391.01741   91  144  479.96000  391.01741  18.5%  93.8  641s
  6032  4443  391.06547   92  147  479.96000  391.06547  18.5%  94.7  645s
  6248  4675  416.42943   95  123  479.96000  391.47240  18.4%  96.0  652s
  6517  4784  391.56257   98  153  479.96000  391.56257  18.4%  95.0  656s
  6804  4914  391.67977  100  153  479.96000  391.67977  18.4%  93.9  660s
  7460  5109  391.98916  103  144  479.96000  391.98916  18.3%  90.4  668s
  7700  5199  393.54052  104  155  479.96000  393.54052  18.0%  89.2  672s
  7920  5297  393.65184  105  154  479.96000  393.65184  18.0%  88.4  676s
  8158  5459  467.02246  106  113  479.96000  393.79014  18.0%  87.8  680s
  8460  5704  393.81987  108  153  479.96000  393.81987  17.9%  86.4  686s
  8889  5878  394.14502  111  157  479.96000  394.14502  17.9%  84.6  690s
  9381  5805  394.37538  114  159  479.96000  394.37538  17.8%  83.8  695s
  9913  5901  445.57407  118   96  479.96000  394.48486  17.8%  85.3  705s
 10405  5950  395.20351  120  155  479.96000  395.20351  17.7%  84.6  710s
 10786  6124  396.59039  123  152  479.96000  396.59039  17.4%  84.7  715s
 11200  6305     cutoff  125       479.96000  396.73082  17.3%  84.8  721s
 11683  6371  396.77476  128  150  479.96000  396.77476  17.3%  85.2  726s
 12133  6271  397.32869  132  147  479.96000  397.32869  17.2%  86.5  732s
 12452  6210  429.28144  135  113  479.96000  397.37482  17.2%  88.5  738s
 12677  6325  398.41365  139  159  479.96000  398.41365  17.0%  90.7  745s
 12980  6808  471.58236  141  107  479.96000  398.54816  17.0%  91.7  752s
 13873  7011  398.69345  146  142  479.96000  398.69345  16.9%  90.2  759s
 14628  7351  399.31708  149  139  479.96000  399.31708  16.8%  89.8  773s
 15608  7166  401.23476  156  150  479.96000  401.23476  16.4%  90.6  777s
 16103  7173  401.26959  158  147  479.96000  401.26959  16.4%  90.8  782s
 16369  7370  401.38901  161  145  479.96000  401.38901  16.4%  91.8  787s
 16745  7478  401.41474  163  144  479.96000  401.41474  16.4%  91.9  792s
 17041  7479  402.14127  166  146  479.96000  402.14127  16.2%  92.7  798s
 17129  7551  426.45610  167  141  479.96000  402.19111  16.2%  93.6  804s
 17347  7774  402.37597  170  149  479.96000  402.37597  16.2%  94.3  811s
 17834  8391  402.76422  174  152  479.96000  402.76422  16.1%  94.7  818s
 18724  8872  403.16100  180  145  479.96000  403.16100  16.0%  93.9  826s
 19579  9490  403.38099  185  143  479.96000  403.38099  16.0%  93.6  834s
 20511 10101  430.87768  188  103  479.96000  408.97293  14.8%  92.5  841s
 21605 10974  409.80239  192  151  479.96000  409.80239  14.6%  91.1  849s
 22904 11385  410.21742  195  152  479.96000  410.21742  14.5%  89.4  856s
 23790 11465  411.43235  201  150  479.96000  411.43235  14.3%  89.8  863s
 24120 11568     cutoff  205       479.96000  412.95793  14.0%  91.2  870s
 24528 12004  413.52340  209  148  479.96000  413.48364  13.9%  91.8  878s
 25354 12552  413.86789  212  152  479.96000  413.48364  13.9%  91.2  886s
 26161 12861  430.53389  216  124  479.96000  413.91176  13.8%  90.8  894s
 26801 13186  414.66877  220  156  479.96000  413.91176  13.8%  90.8  901s
 27247 13576     cutoff  223       479.96000  414.67774  13.6%  90.7  908s
 27762 13788  415.11908  227  149  479.96000  414.72366  13.6%  90.2  916s
 28197 15148  415.57169  231  152  479.96000  414.81366  13.6%  90.6  925s
 29747 15149  444.73160  606  128  479.96000  414.98101  13.5%  87.8 1170s
 29749 15150  456.18438  682   96  479.96000  414.98101  13.5%  87.8 1177s
 29750 15151  425.86376  140  121  479.96000  414.98101  13.5%  87.8 1184s
 29751 15152  418.73844  255  132  479.96000  414.98101  13.5%  87.8 1187s
 29754 15154  436.00590  442  139  479.96000  414.98101  13.5%  87.8 1190s
 29759 15157  434.90071  482  160  479.96000  414.98101  13.5%  87.8 1197s
 29760 15158  456.69747  191  165  479.96000  414.98101  13.5%  87.8 1200s
 29761 15158  424.99936  469  164  479.96000  414.98101  13.5%  87.8 1209s
 29762 15159  422.53154  575  166  479.96000  414.98101  13.5%  87.8 1210s
 29769 15164  442.65920  724  178  479.96000  414.98101  13.5%  87.7 1221s
 29777 15169  435.47571  408  188  479.96000  414.98101  13.5%  87.7 1233s
 29779 15170  438.44041  482  191  479.96000  414.98101  13.5%  87.7 1235s
 29781 15172  426.76629  143  191  479.96000  414.98101  13.5%  87.7 1244s
 29782 15172  442.91905  563  190  479.96000  414.98101  13.5%  87.7 1252s
 29783 15173  432.26812  543  191  479.96000  414.98101  13.5%  87.7 1255s
 29785 15174  425.30289  312  193  479.96000  414.98101  13.5%  87.7 1263s
 29787 15176  444.50805  105  193  479.96000  414.98101  13.5%  87.7 1265s
 29788 15176  424.38997  202  194  479.96000  414.98101  13.5%  87.7 1273s
 29790 15178  417.90928  111  198  479.96000  414.98101  13.5%  87.7 1281s
 29791 15178  421.46128  314  191  479.96000  414.98101  13.5%  87.7 1290s
 29792 15179  420.12896   88  196  479.96000  414.98101  13.5%  87.7 1298s
 29793 15180  426.52368  145  194  479.96000  414.98101  13.5%  87.7 1306s
 29794 15180  442.76159  740  192  479.96000  414.98101  13.5%  87.7 1310s
 29795 15181  432.54086   66  198  479.96000  414.98101  13.5%  87.7 1320s
 29796 15182  436.58238  631  198  479.96000  414.98101  13.5%  87.7 1328s
 29797 15182  429.41653  470  198  479.96000  414.98101  13.5%  87.7 1333s
 29798 15186  414.98101   52  179  479.96000  414.98101  13.5%  88.3 1337s
 29800 15189  414.98101   53  177  479.96000  414.98101  13.5%  88.4 1340s
 29812 15192  414.98101   55  176  479.96000  414.98101  13.5%  88.5 1345s
 29839 15203  414.98101   57  182  479.96000  414.98101  13.5%  88.8 1351s
 29873 15210  414.98101   58  179  479.96000  414.98101  13.5%  89.0 1355s
 29906 15212  414.98101   59  180  479.96000  414.98101  13.5%  89.2 1360s
 29977 15215  414.98101   61  179  479.96000  414.98101  13.5%  89.5 1365s
 30029 15227  414.98101   62  103  479.96000  414.98101  13.5%  89.7 1370s
 30076 15237  414.98101   64  177  479.96000  414.98101  13.5%  89.9 1375s
 30141 15252     cutoff   65       479.96000  414.98101  13.5%  90.2 1380s
 30226 15268  458.32611   68   95  479.96000  414.98101  13.5%  90.5 1386s
 30256 15274  414.98101   68  180  479.96000  414.98101  13.5%  90.5 1390s
 30314 15299  414.98101   71  178  479.96000  414.98101  13.5%  90.7 1396s
 30381 15325  414.98101   73  172  479.96000  414.98101  13.5%  90.9 1401s
 30449 15352  414.98101   75  175  479.96000  414.98101  13.5%  91.1 1406s
 30526 15389  414.98101   77  172  479.96000  414.98101  13.5%  91.3 1411s
 30612 15436  414.98101   79  169  479.96000  414.98101  13.5%  91.5 1415s
 30718 15473  414.98101   81  170  479.96000  414.98101  13.5%  91.7 1420s
 30816 15522  414.98101   83  168  479.96000  414.98101  13.5%  91.9 1426s
 30952 15593  414.98101   85  166  479.96000  414.98101  13.5%  92.0 1432s
 31025 15598  414.98101   86  168  479.96000  414.98101  13.5%  92.1 1435s
 31122 15665  443.01415   87   81  479.96000  414.98101  13.5%  92.1 1441s
 31292 15698     cutoff   88       479.96000  414.98101  13.5%  92.2 1447s
 31353 15727     cutoff   89       479.96000  414.98101  13.5%  92.3 1450s
 31494 15772  422.06218   91  120  479.96000  414.98101  13.5%  92.5 1456s
 31568 15803  414.98101   92  159  479.96000  414.98101  13.5%  92.6 1460s
 31755 15866  414.98101   95  162  479.96000  414.98101  13.5%  92.8 1467s
 31864 15912     cutoff   96       479.96000  414.98101  13.5%  92.9 1472s
 31997 15897  414.98101   98  165  479.96000  414.98101  13.5%  93.0 1478s
 32040 15922  460.34068   98   98  479.96000  414.98101  13.5%  93.1 1483s
 32096 15964  414.98101   99  167  479.96000  414.98101  13.5%  93.1 1488s
 32189 16006  414.98101  101  170  479.96000  414.98101  13.5%  93.2 1493s
 32309 16071  431.54661  103  109  479.96000  414.98101  13.5%  93.4 1497s
 32438 16165  435.68309  105  101  479.96000  414.98101  13.5%  93.4 1502s
 32605 16296  414.98101  108  161  479.96000  414.98101  13.5%  93.3 1507s
 32828 16476  414.98101  111  171  479.96000  414.98101  13.5%  93.2 1513s
 33134 16622  414.98101  114  165  479.96000  414.98101  13.5%  92.9 1519s
 33447 16807  414.98101  116  157  479.96000  414.98101  13.5%  92.8 1524s
 33849 16759  414.98101  119  159  479.96000  414.98101  13.5%  92.6 1531s
 34007 16881     cutoff  121       479.96000  414.98101  13.5%  92.8 1537s
 34328 17028  414.98101  124  155  479.96000  414.98101  13.5%  93.0 1543s
 34738 17117     cutoff  128       479.96000  414.98101  13.5%  92.9 1550s
 35171 17299  414.98101  132  158  479.96000  414.98101  13.5%  92.9 1556s
 35724 17235     cutoff  134       479.96000  414.98101  13.5%  92.6 1563s
 36134 17238  414.98101  137  156  479.96000  414.98101  13.5%  93.1 1570s
 36425 17318  414.98101  140  156  479.96000  414.98101  13.5%  93.6 1576s
 36795 17445     cutoff  142       479.96000  414.98101  13.5%  93.9 1584s
 37333 17600  414.98101  145  149  479.96000  414.98101  13.5%  94.0 1591s
 37882 17886     cutoff  148       479.96000  414.98101  13.5%  93.6 1635s
 38568 17720  414.98101  152  154  479.96000  414.98101  13.5%  93.2 1644s
 38976 18062  414.98101  156  147  479.96000  414.98101  13.5%  94.2 1653s
 39675 18208  414.98101  160  147  479.96000  414.98101  13.5%  94.0 1662s
 40371 18056     cutoff  164       479.96000  414.98101  13.5%  94.2 1671s
 40789 18125  416.87242  169  157  479.96000  414.98101  13.5%  94.8 1681s
 41285 18251  417.61489  173  152  479.96000  414.98101  13.5%  94.8 1692s
 41748 18141  417.97195  177  159  479.96000  414.98101  13.5%  95.0 1702s
 42104 18257  475.70843  182  105  479.96000  414.98101  13.5%  95.7 1713s
 42701 18396     cutoff  186       479.96000  414.98101  13.5%  95.8 1724s
 43253 18878  456.03857  193  110  479.96000  414.98101  13.5%  95.8 1736s
 44094 18997  421.46573  200  160  479.96000  414.98101  13.5%  95.2 1749s
 44954 19038  422.55397  207  158  479.96000  414.98101  13.5%  95.6 1768s
 46138 18789  424.54534  214  153  479.96000  414.98101  13.5%  95.4 1778s
 46572 18997  425.20337  218  154  479.96000  414.98101  13.5%  95.8 1787s
 47099 19090  426.64015  228  155  479.96000  414.98101  13.5%  95.6 1798s
 47755 19017     cutoff  234       479.96000  414.98101  13.5%  95.8 1809s
 48336 19089  435.22565  252  154  479.96000  414.98101  13.5%  96.1 1821s
 49135 19246     cutoff  130       479.96000  416.00475  13.3%  96.5 1835s
 50462 19443     cutoff  106       479.96000  416.77734  13.2%  96.5 1845s
 51228 20278  472.25647  126   82  479.96000  416.97721  13.1%  95.9 1857s
 52618 20805  450.41525  275   92  479.96000  417.17468  13.1%  94.6 1868s
 53815 21189  431.67280  115   75  479.96000  417.17468  13.1%  93.6 1878s
 55072 21021     cutoff  115       479.96000  417.58983  13.0%  93.1 1887s
 55567 21319     cutoff  118       479.96000  417.84202  12.9%  93.3 1896s
 56223 22241     cutoff  103       479.96000  417.98532  12.9%  93.1 1907s
 57556 22342  445.81748  152  101  479.96000  418.20261  12.9%  92.1 1916s
 58314 22901  454.33822  168  109  479.96000  418.20261  12.9%  91.8 1925s
 59587 23803  452.95362  178   78  479.96000  418.20261  12.9%  91.0 1944s
 61290 24037  437.64038  210  108  479.96000  418.79814  12.7%  89.7 1951s
 62191 24481     cutoff   64       479.96000  418.79814  12.7%  89.0 1959s
 63085 24685  436.95055   91  116  479.96000  418.86322  12.7%  88.5 1966s
 63743 25687  444.81868  178   89  479.96000  419.06807  12.7%  88.1 1974s
 65104 26148  452.64867  248  106  479.96000  419.08780  12.7%  87.1 1981s
 66130 26215  449.67004  189  108  479.96000  419.08780  12.7%  86.4 1988s
 66738 26617  456.93796  241  109  479.96000  419.08780  12.7%  86.2 1995s
 67655 26722  467.83163  410  106  479.96000  419.21272  12.7%  85.9 2001s
 68348 27005  440.93711  196   89  479.96000  419.21670  12.7%  85.5 2007s
 69053 27531     cutoff  307       479.96000  419.39775  12.6%  85.2 2014s
 69942 27869  444.18029  214   91  479.96000  419.45328  12.6%  84.6 2020s
 70683 28721  462.95226  402   93  479.96000  419.45328  12.6%  84.2 2028s
 71992 29259  472.29842  263   88  479.96000  419.60614  12.6%  83.3 2035s
 73158 29683  462.77130  243   88  479.96000  419.60614  12.6%  82.5 2042s
 74109 30609  433.06666  237  108  479.96000  419.60614  12.6%  82.0 2058s
 75757 30390  440.90917  411  108  479.96000  419.70384  12.6%  81.4 2064s
 76134 30860  441.98099  442  111  479.96000  419.70384  12.6%  81.3 2071s
 76883 31365  444.62394  512  106  479.96000  419.70384  12.6%  81.1 2078s
 77869 32367  448.20395  602  110  479.96000  419.70384  12.6%  80.7 2086s
 79566 33261  458.42901  845  113  479.96000  419.89605  12.5%  79.9 2093s
 80910 33626     cutoff  111       479.96000  420.20818  12.4%  79.3 2098s
 81494 34350  461.39489  324  103  479.96000  420.26913  12.4%  79.2 2104s
 82588 35063  431.96817  244  108  479.96000  420.34360  12.4%  78.7 2110s
 83933 36171  439.90770  391  107  479.96000  420.46762  12.4%  78.3 2120s
 84792 36966  449.02432  527  109  479.96000  420.46762  12.4%  78.0 2126s
 86020 37574  469.97336  821  110  479.96000  420.48950  12.4%  77.6 2132s
 87002 38107  443.85687  277  113  479.96000  420.78978  12.3%  77.4 2137s
 87713 38594  454.54481  370  111  479.96000  420.85406  12.3%  77.2 2142s
 88392 39180  451.81572  344   85  479.96000  420.95868  12.3%  77.1 2148s
 89212 40553  439.38039  282  100  479.96000  420.95868  12.3%  76.8 2163s
 91269 41159  472.01206  301  109  479.96000  420.95868  12.3%  76.0 2168s
 92149 41614  450.12968  121   96  479.96000  421.14131  12.3%  75.8 2173s
 92783 42129  449.30288  319  106  479.96000  421.16039  12.3%  75.7 2178s
 93622 42511  456.77743  392  101  479.96000  421.16039  12.3%  75.5 2183s
 94298 42868  464.98292  500  103  479.96000  421.37855  12.2%  75.4 2188s
 95023 43152  449.54762  330  117  479.96000  421.37855  12.2%  75.3 2193s
 95509 43326  452.34865  353  126  479.96000  421.37855  12.2%  75.3 2198s
 95824 43907  454.11345  371  128  479.96000  421.38037  12.2%  75.3 2203s
 96654 44260  444.60448  321  116  479.96000  421.59093  12.2%  75.2 2208s
 97342 44816  472.11489  323  113  479.96000  421.62512  12.2%  75.0 2214s
 98241 45039     cutoff  346       479.96000  421.62512  12.2%  74.8 2219s
 98639 45097  452.22009  369  118  479.96000  421.81232  12.1%  74.8 2224s
 98764 45738     cutoff  396       479.96000  421.81232  12.1%  74.8 2231s
 99672 46118  454.12920  150   77  479.96000  421.93974  12.1%  74.6 2236s
 100197 46798  445.47627  355  112  479.96000  421.93974  12.1%  74.6 2241s
 101078 47748  468.05080  544  108  479.96000  421.93974  12.1%  74.4 2247s
 102271 48714  446.88508  364  115  479.96000  421.96041  12.1%  74.0 2253s
 103369 49274  452.66569  461  121  479.96000  422.09410  12.1%  73.6 2258s
 104006 52034  456.01072  532  125  479.96000  422.09410  12.1%  73.4 2274s
 106983 52528  445.81739  201   71  479.96000  422.09410  12.1%  72.1 2278s
 107619 53014  444.08216  118  102  479.96000  422.20965  12.0%  71.9 2281s
 108138 53806  452.75291  169  100  479.96000  422.20965  12.0%  71.7 2285s
 109660 55207  442.52548  350  109  479.96000  422.22572  12.0%  71.2 2292s
 110541 55735  450.19289  410  111  479.96000  422.22572  12.0%  70.9 2296s
 111171 56280  462.06477  527  100  479.96000  422.38045  12.0%  70.7 2300s
 112574 56834     cutoff  400       479.96000  422.43201  12.0%  70.4 2307s
 112789 57026  449.29583  363   87  479.96000  422.43201  12.0%  70.4 2310s
 113425 57273  443.38653  181   99  479.96000  422.54468  12.0%  70.4 2318s
 113657 57514  447.98719  226   98  479.96000  422.63306  11.9%  70.5 2322s
 113991 57727  451.24893  298   97  479.96000  422.64507  11.9%  70.5 2326s
 114294 57998  455.21016  389   93  479.96000  422.66918  11.9%  70.5 2330s
 114674 58188  458.10737  463   93  479.96000  422.69979  11.9%  70.4 2335s
 115682 59040  459.46411  486   95  479.96000  422.77264  11.9%  70.3 2343s
 116363 59303     cutoff  137       479.96000  422.82528  11.9%  70.2 2347s
 116692 60009  465.73099  141   92  479.96000  422.85790  11.9%  70.1 2352s
 117554 60378  441.13238  224  100  479.96000  422.86783  11.9%  69.9 2357s
 118012 61355  444.51487  292   94  479.96000  422.87368  11.9%  69.9 2363s
 119173 62984  453.07632  534   89  479.96000  422.93095  11.9%  69.5 2377s
 121264 63278  432.53843  201  108  479.96000  423.00201  11.9%  69.1 2383s
 121606 63529  433.50809  218  108  479.96000  423.00201  11.9%  69.1 2387s
 121922 64216  437.88350  260  107  479.96000  423.03674  11.9%  69.0 2392s
 122769 65155  448.54012  333  112  479.96000  423.03674  11.9%  68.9 2398s
 123781 66378  447.68936  423  108  479.96000  423.09723  11.8%  68.7 2403s
 125180 66758  449.22173  429   98  479.96000  423.09723  11.8%  68.4 2407s
 125647 67289  464.62923  532   95  479.96000  423.17172  11.8%  68.3 2412s
 126345 67796  448.26220  437  111  479.96000  423.18274  11.8%  68.3 2417s
 127047 68068  439.66673  191   79  479.96000  423.21456  11.8%  68.3 2421s
 127527 68290     cutoff  492       479.96000  423.26575  11.8%  68.4 2425s
 127933 68954  434.20240   85   68  479.96000  423.27860  11.8%  68.4 2430s
 128826 69519  438.11423  225   96  479.96000  423.29353  11.8%  68.3 2436s
 129692 70069  443.24035  203   83  479.96000  423.38936  11.8%  68.2 2441s
 130472 70717  436.97033   87   90  479.96000  423.40063  11.8%  68.2 2446s
 131299 71182  449.71235  254   88  479.96000  423.40063  11.8%  68.2 2451s
 131952 71454  431.26130   94   99  479.96000  423.40659  11.8%  68.2 2456s
 132334 72063  431.62336  100   94  479.96000  423.40659  11.8%  68.2 2461s
 133118 72337  433.00692  115  102  479.96000  423.40659  11.8%  68.2 2466s
 133457 73180     cutoff  124       479.96000  423.66765  11.7%  68.2 2472s
 134475 74441  436.48896  140  105  479.96000  423.66765  11.7%  68.0 2485s
 135942 75108  437.79507  164  106  479.96000  423.73297  11.7%  67.8 2491s
 136852 75565  438.66635  180  103  479.96000  423.77387  11.7%  67.7 2495s
 137498 76245  439.45089  196  102  479.96000  423.82651  11.7%  67.7 2501s
 138390 76772  441.63389  214  106  479.96000  423.82651  11.7%  67.7 2506s
 139064 77075  443.37001  228  102  479.96000  423.82651  11.7%  67.6 2511s
 139595 77594  445.74498  242  106  479.96000  423.85990  11.7%  67.6 2517s
 140529 77704  470.96963  266   76  479.96000  423.89707  11.7%  67.6 2522s
 140927 78287  449.84788  284  101  479.96000  423.94147  11.7%  67.7 2527s
 141791 78747  452.00935  324  102  479.96000  423.97190  11.7%  67.6 2533s
 142532 79507  456.71551  371  106  479.96000  424.04472  11.6%  67.5 2539s
 143820 79893  464.47604  486  100  479.96000  424.06996  11.6%  67.3 2543s
 144610 80048  445.93102  113   98  479.96000  424.06996  11.6%  67.1 2548s
 145106 80321  451.27375  203   99  479.96000  424.06996  11.6%  67.1 2553s
 145593 80663  457.59715  330  102  479.96000  424.12942  11.6%  67.0 2559s
 146032 81045  457.74648  331   98  479.96000  424.14155  11.6%  67.0 2566s
 146826 81237  457.78300  332   99  479.96000  424.14155  11.6%  66.9 2571s
 147165 81539  459.74414  375   98  479.96000  424.16996  11.6%  66.9 2577s
 147663 81857     cutoff  481       479.96000  424.16996  11.6%  66.9 2582s
 148210 82717  449.47724  485   98  479.96000  424.20058  11.6%  66.9 2589s
 149257 83821  465.59208  490   80  479.96000  424.28132  11.6%  66.7 2601s
 150685 84879  454.87991  606  100  479.96000  424.30204  11.6%  66.6 2607s
 151856 85712     cutoff   85       479.96000  424.38091  11.6%  66.3 2611s
 152834 85831  436.75994  270  101  479.96000  424.43014  11.6%  66.2 2615s
 153057 86189  438.88685  284  102  479.96000  424.43014  11.6%  66.2 2620s
 153890 87581  456.99820  365  108  479.96000  424.45193  11.6%  66.2 2630s
 156084 89026  439.15010  372  111  479.96000  424.45193  11.6%  65.8 2639s
 156859 89988  441.57861  452  109  479.96000  424.53895  11.5%  65.6 2643s
 158009 90929  447.09056  602  101  479.96000  424.58062  11.5%  65.5 2648s
 159121 91264  457.04188  808  101  479.96000  424.58062  11.5%  65.3 2652s
 159560 91864     cutoff  255       479.96000  424.64732  11.5%  65.2 2657s
 160423 92548  469.32694  536   98  479.96000  424.69925  11.5%  65.2 2662s
 161389 92780  461.87945  516  119  479.96000  424.74744  11.5%  65.1 2666s
 161757 93316  474.15326  586  112  479.96000  424.78159  11.5%  65.1 2671s
 162387 94019  463.91544  195   63  479.96000  424.83586  11.5%  65.0 2676s
 163261 94394  470.52083  338   72  479.96000  424.89637  11.5%  64.9 2680s
 163717 94773     cutoff  560       479.96000  424.90618  11.5%  64.9 2692s
 164344 95109  449.49697  214   91  479.96000  424.95995  11.5%  64.9 2701s
 164958 96010  459.47223  299   82  479.96000  424.98086  11.5%  64.8 2712s
 166478 96675  468.37538  448   82  479.96000  424.98086  11.5%  64.7 2721s
 167561 97104     cutoff  525       479.96000  425.01506  11.4%  64.6 2728s
 168205 97599     cutoff   67       479.96000  425.13805  11.4%  64.6 2736s
 168937 98231     cutoff  172       479.96000  425.17424  11.4%  64.6 2744s
 169881 99117  472.25152  235   77  479.96000  425.17424  11.4%  64.6 2751s
 171105 100456  460.46267  228   81  479.96000  425.26571  11.4%  64.4 2760s
 173052 101379  444.79417  312   99  479.96000  425.26987  11.4%  64.2 2766s
 174118 102444  449.55743  410  103  479.96000  425.26987  11.4%  64.0 2773s
 175490 103297  460.36008  579   89  479.96000  425.36926  11.4%  63.9 2780s
 176604 104067  461.72639  551   82  479.96000  425.48332  11.4%  63.8 2786s
 177639 104899  463.47453  554  106  479.96000  425.50060  11.3%  63.7 2792s
 178642 105954  442.06567  148  120  479.96000  425.57699  11.3%  63.7 2804s
 179922 106270  445.19360  189  125  479.96000  425.59098  11.3%  63.5 2810s
 180550 106544  446.39063  207  121  479.96000  425.66162  11.3%  63.5 2816s
 181016 106947  446.96936  222  120  479.96000  425.76281  11.3%  63.6 2823s
 181797 107290  448.30528  254  121  479.96000  425.80506  11.3%  63.6 2829s
 182477 107792  449.08315  273  118  479.96000  425.87893  11.3%  63.6 2835s
 183159 108357  455.06471  362  116  479.96000  425.96539  11.2%  63.6 2841s
 183905 109041  461.85477  511  116  479.96000  425.98291  11.2%  63.5 2847s
 184807 110203  471.19612  647  106  479.96000  426.04617  11.2%  63.4 2855s
 186333 110925  447.57958  600   73  479.96000  426.08063  11.2%  63.3 2861s
 187269 111785  449.55316  593  108  479.96000  426.08063  11.2%  63.3 2867s
 188410 112435  469.84032  676   89  479.96000  426.20746  11.2%  63.2 2873s
 189245 113059     cutoff  109       479.96000  426.27056  11.2%  63.2 2879s
 190108 113573     cutoff  129       479.96000  426.28818  11.2%  63.2 2885s
 190849 113857     cutoff  159       479.96000  426.31026  11.2%  63.1 2890s
 191372 114533     cutoff  126       479.96000  426.39334  11.2%  63.1 2896s
 192330 115541  456.40650  365  107  479.96000  426.45263  11.1%  63.1 2903s
 193983 116621  461.48398  529  106  479.96000  426.45263  11.1%  62.9 2915s
 195606 116942  468.88966  785   98  479.96000  426.51386  11.1%  62.8 2925s
 195784 117035  469.51340  806   97  479.96000  426.59403  11.1%  62.8 2932s
 195921 117686  469.95666  819   97  479.96000  426.59403  11.1%  62.8 2940s
 196917 118830     cutoff  358       479.96000  426.69036  11.1%  62.8 2949s
 198557 119427  457.84784  391  102  479.96000  426.72738  11.1%  62.7 2954s
 199479 119949  435.63292  338   97  479.96000  426.72738  11.1%  62.7 2960s
 200243 120387  474.36408  372   71  479.96000  426.85326  11.1%  62.7 2965s
 200782 121513  439.22307  390   99  479.96000  426.88028  11.1%  62.6 2973s
 202289 122315  448.16445  561   93  479.96000  426.88586  11.1%  62.5 2979s
 203503 122652  438.81860  340   95  479.96000  426.97122  11.0%  62.5 2984s
 204177 123345  445.47461  446   91  479.96000  426.97122  11.0%  62.5 2990s
 205048 123815  462.49462  710   91  479.96000  427.08263  11.0%  62.4 2995s
 205629 124586  468.15672  762   86  479.96000  427.13282  11.0%  62.4 3001s
 206578 124876  435.37674  727  125  479.96000  427.13575  11.0%  62.3 3007s
 207043 125372  437.85296  783  129  479.96000  427.18076  11.0%  62.3 3012s
 207650 126192  442.62850  881  125  479.96000  427.21025  11.0%  62.3 3018s
 208565 127354  455.73168 1115  113  479.96000  427.22037  11.0%  62.2 3030s
 210505 127810     cutoff  173       479.96000  427.33247  11.0%  62.1 3038s
 210966 128740     cutoff  210       479.96000  427.38300  11.0%  62.2 3044s
 212112 129764  445.59468  204   95  479.96000  427.43058  10.9%  62.1 3049s
 213185 130845  454.08225  348   94  479.96000  427.43058  10.9%  61.9 3054s
 214365 131596  473.47599  614   82  479.96000  427.43164  10.9%  61.7 3059s
 215273 131824  444.44202  360  102  479.96000  427.49643  10.9%  61.7 3063s
 215667 132146  445.80088  392   97  479.96000  427.57912  10.9%  61.7 3067s
 216353 132763  448.73898  472   96  479.96000  427.57912  10.9%  61.7 3071s
 217335 132940  453.63402  622   97  479.96000  427.61182  10.9%  61.6 3075s
 218452 133824  472.23038  369   87  479.96000  427.64005  10.9%  61.6 3083s
 218806 134181  464.56863  383   79  479.96000  427.64005  10.9%  61.6 3088s
 219586 134542     cutoff   79       479.96000  427.69391  10.9%  61.6 3092s
 220382 134806     cutoff  316       479.96000  427.75231  10.9%  61.6 3097s
 220975 134877  473.31145  319   77  479.96000  427.75231  10.9%  61.6 3102s
 221440 134980     cutoff  324       479.96000  427.77758  10.9%  61.7 3106s
 221886 135530  456.51613  236   86  479.96000  427.83043  10.9%  61.7 3111s
 222997 136369  459.12241  386   71  479.96000  427.90180  10.8%  61.7 3123s
 224269 136711  455.74461  315   71  479.96000  427.90180  10.8%  61.6 3128s
 224834 136956  460.06666  741   92  479.96000  427.95953  10.8%  61.6 3138s
 225369 137666     cutoff  404       479.96000  427.95953  10.8%  61.6 3144s
 226314 138030     cutoff  471       479.96000  427.95953  10.8%  61.5 3149s
 226840 138586     cutoff  729       479.96000  428.07280  10.8%  61.5 3156s
 227545 139136  455.63146  737  103  479.96000  428.07280  10.8%  61.5 3162s
 228338 139663  461.84947  329   91  479.96000  428.15544  10.8%  61.5 3168s
 229430 140182     cutoff  310       479.96000  428.17713  10.8%  61.4 3174s
 230355 140982  475.33370  340   60  479.96000  428.22259  10.8%  61.3 3180s
 231604 141514  443.31581  150   89  479.96000  428.26389  10.8%  61.3 3186s
 232268 142576     cutoff  352       479.96000  428.30508  10.8%  61.3 3192s
 233689 143161     cutoff  767       479.96000  428.30508  10.8%  61.2 3198s
 234537 143311     cutoff  811       479.96000  428.36203  10.8%  61.2 3205s
 234839 144114  446.38159  761  132  479.96000  428.39825  10.7%  61.2 3212s
 235891 144945  450.94588  813  127  479.96000  428.39825  10.7%  61.1 3218s
 236989 145543  463.63755  933  121  479.96000  428.40925  10.7%  61.1 3223s
 237844 146461  471.87232  440   82  479.96000  428.45285  10.7%  61.0 3236s
 239734 146559  458.72056  236   84  479.96000  428.64829  10.7%  60.9 3240s
 240252 147382  467.08856  237   82  479.96000  428.79084  10.7%  61.0 3248s
 241224 147910  448.82160  228   70  479.96000  428.83333  10.7%  60.9 3255s
 241802 148344 infeasible  424       479.96000  428.83333  10.7%  60.9 3260s
 242454 149110  462.14333  485   96  479.96000  428.91906  10.6%  60.9 3265s
 243501 150162  440.58256  125   71  479.96000  428.96855  10.6%  60.8 3270s
 245316 151145  461.70343  439   66  479.96000  429.00986  10.6%  60.6 3279s
 246207 151692     cutoff  199       479.96000  429.04946  10.6%  60.6 3283s
 246992 152162     cutoff  103       479.96000  429.11241  10.6%  60.6 3288s
 247553 152185  445.45881  163  125  479.96000  429.14194  10.6%  60.6 3293s
 247579 152205  445.57176  164  123  479.96000  429.14194  10.6%  60.6 3298s
 247652 152292  446.50377  165  127  479.96000  429.14194  10.6%  60.6 3303s
 247743 152653  446.55139  166  126  479.96000  429.14194  10.6%  60.6 3308s
 248144 153622     cutoff  167       479.96000  429.14194  10.6%  60.5 3313s
 249302 154093  450.82724  188  119  479.96000  429.16203  10.6%  60.4 3317s
 249887 154347  451.08289  191  119  479.96000  429.18126  10.6%  60.4 3323s
 250240 155299  452.51745  204  115  479.96000  429.21789  10.6%  60.4 3329s
 251641 155730  451.73786  280   84  479.96000  429.27078  10.6%  60.3 3334s
 252438 156111  461.02560  372   76  479.96000  429.27078  10.6%  60.2 3345s
 253554 156233  471.45294  506   90  479.96000  429.29992  10.6%  60.2 3351s
 253925 156338  462.70243  801   79  479.96000  429.36853  10.5%  60.2 3357s
 254139 156539     cutoff  798       479.96000  429.38149  10.5%  60.2 3367s
 254486 156783  457.42259  528   87  479.96000  429.40630  10.5%  60.2 3375s
 254845 158168  469.89515  544   87  479.96000  429.40800  10.5%  60.2 3386s
 256880 158569  464.20356  261   98  479.96000  429.52102  10.5%  60.2 3392s
 257435 159864     cutoff  815       479.96000  429.56441  10.5%  60.2 3400s
 259082 160836  456.68561  859  115  479.96000  429.58712  10.5%  60.1 3407s
 260456 161058     cutoff  808       479.96000  429.61575  10.5%  60.0 3412s
 260762 162177  445.74296  298   82  479.96000  429.68008  10.5%  60.0 3418s
 262164 163677  457.11841  525   86  479.96000  429.71529  10.5%  59.9 3424s
 263915 164516  469.80011  900   84  479.96000  429.78503  10.5%  59.8 3429s
 265036 164905     cutoff  822       479.96000  429.80473  10.4%  59.7 3434s
 265589 165721  456.44978  832   90  479.96000  429.84851  10.4%  59.7 3439s
 266866 167127  462.12777  898   88  479.96000  429.92551  10.4%  59.6 3451s
 269289 167205  446.35243  172   74  479.96000  430.08274  10.4%  59.5 3457s
 269378 167518  448.07156  178   77  479.96000  430.08274  10.4%  59.5 3460s
 270341 167768  474.91057  841   75  479.96000  430.16633  10.4%  59.5 3469s
 270607 167900     cutoff   91       479.96000  430.20112  10.4%  59.5 3473s
 270947 168424  458.33720  551   98  479.96000  430.20303  10.4%  59.5 3478s
 271709 168528     cutoff  333       479.96000  430.22134  10.4%  59.5 3483s
 272049 168696  468.65391  231   70  479.96000  430.23744  10.4%  59.5 3487s
 272420 168837  462.43932  221   74  479.96000  430.23744  10.4%  59.5 3492s
 272758 169521 infeasible  590       479.96000  430.27693  10.4%  59.6 3505s
 274114 170197  471.53974  644   71  479.96000  430.32354  10.3%  59.5 3516s
 274776 170443  457.36049  574   96  479.96000  430.32389  10.3%  59.5 3521s
 275252 170803  470.03058  647   92  479.96000  430.35943  10.3%  59.6 3526s
 275920 171364  431.29407  172  135  479.96000  430.36786  10.3%  59.6 3533s
 276927 171777  438.73843  186  130  479.96000  430.37347  10.3%  59.5 3541s
 277546 172228  453.23840  210  118  479.96000  430.39894  10.3%  59.5 3547s
 278126 172529  459.64122  245  121  479.96000  430.39894  10.3%  59.5 3552s
 278659 172848     cutoff  226       479.96000  430.44787  10.3%  59.5 3558s
 279351 173141  452.24210  236   70  479.96000  430.49899  10.3%  59.5 3565s
 279940 173572  458.79255  355   78  479.96000  430.54762  10.3%  59.5 3570s

Cutting planes:
  Cover: 1
  MIR: 2
  Flow cover: 61
  Zero half: 5

Explored 280532 nodes (16709259 simplex iterations) in 3570.60 seconds (7692.93 work units)
Thread count was 8 (of 20 available processors)

Solution count 10: 479.96 483.64 494.84 ... 618.936

Time limit reached
Best objective 4.799600000000e+02, best bound 4.305858548392e+02, gap 10.2871%

User-callback calls 1088877, time in user-callback 5.24 sec
