
Gurobi 12.0.3 (linux64) logging started Sun Sep 13 15:12:01 2026

Set parameter LogFile to value "/share/scaglione/nc437/evsp-dr/cumulative_budget_20260913/cases/c1_k08/mip_base/135595_r0/gurobi.log"
Set parameter OutputFlag to value 1
Set parameter TimeLimit to value 3600
Set parameter MIPGap to value 0.0001
Set parameter Threads to value 8
Set parameter TimeLimit to value 1800
Gurobi Optimizer version 12.0.3 build v12.0.3rc0 (linux64 - "Ubuntu 24.04.4 LTS")

CPU model: Intel(R) Xeon(R) CPU E5-2665 0 @ 2.40GHz, instruction set [SSE2|AVX]
Thread count: 16 physical cores, 16 logical processors, using up to 8 threads

Non-default parameters:
TimeLimit  1800
Threads  8

Optimize a model with 194 rows, 39940 columns and 1092654 nonzeros
Model fingerprint: 0x8fae06be
Variable types: 0 continuous, 39940 integer (39940 binary)
Coefficient statistics:
  Matrix range     [1e+00, 1e+00]
  Objective range  [1e+00, 1e+00]
  Bounds range     [1e+00, 1e+00]
  RHS range        [1e+00, 1e+00]

Loaded user MIP start with objective 63

Presolve removed 0 rows and 198 columns
Presolve time: 2.64s
Presolved: 194 rows, 39742 columns, 1088432 nonzeros
Variable types: 0 continuous, 39742 integer (39742 binary)
Found heuristic solution: objective 57.0000000

Starting sifting (using dual simplex for sub-problems)...

    Iter     Pivots    Primal Obj      Dual Obj        Time
       0          0     infinity      0.0000000e+00      3s
       1        221   9.3241206e+00   3.1670578e+00      3s
       2       1083   8.9660596e+00   5.4448490e+00      3s
       3       1835   8.8262877e+00   6.1645969e+00      3s
       4       2682   8.4900636e+00   6.6099746e+00      3s
       5       3803   8.2684436e+00   6.9184187e+00      3s
       6       4837   8.0888254e+00   7.2259837e+00      3s
       7       5537   8.0000000e+00   7.2801886e+00      3s
       8       6237   8.0000000e+00   7.3190154e+00      4s
       9       6965   8.0000000e+00   8.0000000e+00      4s

Sifting complete


Root relaxation: objective 8.000000e+00, 6965 iterations, 0.81 seconds (0.72 work units)
Total elapsed time = 5.18s (DegenMoves)

    Nodes    |    Current Node    |     Objective Bounds      |     Work
 Expl Unexpl |  Obj  Depth IntInf | Incumbent    BestBd   Gap | It/Node Time

     0     0    8.00000    0   78   57.00000    8.00000  86.0%     -    6s
H    0     0                      18.0000000    8.00000  55.6%     -    7s
H    0     0                      14.0000000    8.00000  42.9%     -    7s
H    0     0                      13.0000000    8.00000  38.5%     -    7s
H    0     0                      11.0000000    8.00000  27.3%     -    7s
H    0     0                      10.0000000    8.00000  20.0%     -    7s
     0     0    8.00000    0   76   10.00000    8.00000  20.0%     -   14s
     0     0    8.00000    0   86   10.00000    8.00000  20.0%     -   25s
     0     0    8.00000    0   97   10.00000    8.00000  20.0%     -   31s
     0     0    8.00000    0   83   10.00000    8.00000  20.0%     -   38s
     0     0    8.00000    0   85   10.00000    8.00000  20.0%     -   38s
     0     0    8.00000    0   90   10.00000    8.00000  20.0%     -   43s
     0     0    8.00000    0   89   10.00000    8.00000  20.0%     -   44s
     0     0    8.00000    0   94   10.00000    8.00000  20.0%     -   49s
     0     0    8.00000    0   94   10.00000    8.00000  20.0%     -   55s
     0     2    8.00000    0   94   10.00000    8.00000  20.0%     -   69s
     1     4    8.00000    1  114   10.00000    8.00000  20.0% 22442   71s
     7    16    8.00000    3  108   10.00000    8.00000  20.0%  3574   76s
    23    61    8.00000    5  135   10.00000    8.00000  20.0%  1590   84s
H   40    61                       9.0000000    8.00000  11.1%  1579   84s
    61    46    8.00000    6   94    9.00000    8.00000  11.1%  1774   95s
    63    47    8.00000    7   85    9.00000    8.00000  11.1%  1717  102s
    64    48    8.00000    8  110    9.00000    8.00000  11.1%  1691  109s
    65    49    8.00000    5  100    9.00000    8.00000  11.1%  1665  112s
    67    50    8.00000    9   93    9.00000    8.00000  11.1%  1615  115s
    70    52    8.00000   10   94    9.00000    8.00000  11.1%  1546  122s
    72    53    8.00000    4   92    9.00000    8.00000  11.1%  1503  125s
    75    55    8.00000    4   98    9.00000    8.00000  11.1%  1443  130s
    81    60    8.00000   13   81    9.00000    8.00000  11.1%   788  135s
   118    70 infeasible   17         9.00000    8.00000  11.1%   646  140s
   154    72    8.00000   20  125    9.00000    8.00000  11.1%   599  146s
   191    75 infeasible   24         9.00000    8.00000  11.1%   589  150s
   222    69 infeasible   26         9.00000    8.00000  11.1%   544  157s
   273   104 infeasible   29         9.00000    8.00000  11.1%   550  163s
   423   151 infeasible   41         9.00000    8.00000  11.1%   509  169s
   546   128 infeasible   44         9.00000    8.00000  11.1%   486  180s
   605   195 infeasible   46         9.00000    8.00000  11.1%   515  187s
   708   300    8.00000   24  110    9.00000    8.00000  11.1%   465  199s
  1101   421 infeasible   85         9.00000    8.00000  11.1%   456  211s
  1639   428 infeasible  187         9.00000    8.00000  11.1%   419  232s
  1688   570    8.00000  146  118    9.00000    8.00000  11.1%   428  249s
  2170   582    8.00000   29  129    9.00000    8.00000  11.1%   425  267s
  2228   668    8.00000   38  131    9.00000    8.00000  11.1%   432  283s
  2800   658    8.00000   59  110    9.00000    8.00000  11.1%   438  304s
  2984   715 infeasible  121         9.00000    8.00000  11.1%   446  319s
  3389   665 infeasible  124         9.00000    8.00000  11.1%   454  334s
  4017   623    8.00000   34   96    9.00000    8.00000  11.1%   473  355s
  4137   651    8.00000   46   98    9.00000    8.00000  11.1%   470  371s
  4729   704    8.00000   69  119    9.00000    8.00000  11.1%   473  401s
  4786   879    8.00000   70  113    9.00000    8.00000  11.1%   470  416s
  5501   604 infeasible   29         9.00000    8.00000  11.1%   460  436s
  5802   538    8.00000  119  111    9.00000    8.00000  11.1%   488  454s
  6030   452 infeasible  165         9.00000    8.00000  11.1%   492  469s
  6498   318    8.00000   48   96    9.00000    8.00000  11.1%   494  491s
  6696   211 infeasible  172         9.00000    8.00000  11.1%   503  502s
  6947   194 infeasible   40         9.00000    8.00000  11.1%   495  518s
  7102   214    8.00000   33  108    9.00000    8.00000  11.1%   499  528s
  7484   232 infeasible   43         9.00000    8.00000  11.1%   501  539s
  7698   273    8.00000   57  114    9.00000    8.00000  11.1%   498  552s
  7841   431    8.00000   80  117    9.00000    8.00000  11.1%   494  565s
  8121   393    8.00000  113  141    9.00000    8.00000  11.1%   489  581s
  8435   386 infeasible  153         9.00000    8.00000  11.1%   496  606s
  8650   425 infeasible  186         9.00000    8.00000  11.1%   497  622s
  9013   398    8.00000   50   92    9.00000    8.00000  11.1%   499  636s
  9548   336 infeasible  175         9.00000    8.00000  11.1%   491  670s
  9656   369    8.00000  110   82    9.00000    8.00000  11.1%   490  703s
  9853   276 infeasible  210         9.00000    8.00000  11.1%   485  721s
 10196   345 infeasible   75         9.00000    8.00000  11.1%   476  737s
 10779   222    8.00000   59  106    9.00000    8.00000  11.1%   460  756s
 11210   228 infeasible   97         9.00000    8.00000  11.1%   451  774s
 11396   426    8.00000   63  102    9.00000    8.00000  11.1%   447  791s
 11966   583    8.00000   76  100    9.00000    8.00000  11.1%   435  808s
 12784   473 infeasible  117         9.00000    8.00000  11.1%   418  828s
 13110   432 infeasible  128         9.00000    8.00000  11.1%   414  856s
 13187   454    8.00000   60   74    9.00000    8.00000  11.1%   414  904s
 13283   511    8.00000   67   83    9.00000    8.00000  11.1%   413  926s
 13742   374    8.00000   89   94    9.00000    8.00000  11.1%   405  947s
 14550   362 infeasible  117         9.00000    8.00000  11.1%   394 1004s
 14665   407    8.00000   62   89    9.00000    8.00000  11.1%   393 1024s
 14880   407    8.00000  128  113    9.00000    8.00000  11.1%   390 1025s
 15468   439    8.00000   87  100    9.00000    8.00000  11.1%   382 1066s
 15985   296    8.00000   71   98    9.00000    8.00000  11.1%   376 1100s
 16675   417 infeasible  114         9.00000    8.00000  11.1%   368 1127s
 17174   504 infeasible  123         9.00000    8.00000  11.1%   363 1159s
 17413  1011    8.00000  127  109    9.00000    8.00000  11.1%   363 1191s
 18572  1305 infeasible  117         9.00000    8.00000  11.1%   363 1220s
 19481  1148 infeasible  145         9.00000    8.00000  11.1%   365 1249s
 20089  1000 infeasible  153         9.00000    8.00000  11.1%   373 1280s
 20931   774    8.00000   89   91    9.00000    8.00000  11.1%   382 1314s
 21755   752    8.00000   90   96    9.00000    8.00000  11.1%   377 1347s
 22552   597 infeasible  266         9.00000    8.00000  11.1%   377 1383s
 22825   632    8.00000  178  118    9.00000    8.00000  11.1%   377 1414s
 23611   708 infeasible  344         9.00000    8.00000  11.1%   379 1444s
 24287   521    8.00000  229  111    9.00000    8.00000  11.1%   375 1473s
 25758   586    8.00000   86   98    9.00000    8.00000  11.1%   365 1502s
 26615   349 infeasible  238         9.00000    8.00000  11.1%   370 1529s
 27699    79    8.00000  238  120    9.00000    8.00000  11.1%   365 1556s
 28397     0 infeasible  343         9.00000    8.00000  11.1%   372 1580s

Cutting planes:
  MIR: 2
  Flow cover: 9

Explored 28694 nodes (10867636 simplex iterations) in 1580.90 seconds (2773.96 work units)
Thread count was 8 (of 16 available processors)

Solution count 8: 9 10 11 ... 63

Optimal solution found (tolerance 1.00e-04)
Best objective 9.000000000000e+00, best bound 9.000000000000e+00, gap 0.0000%

User-callback calls 403013, time in user-callback 2.71 sec
Set parameter TimeLimit to value 2.0177841551303864e+03
Gurobi Optimizer version 12.0.3 build v12.0.3rc0 (linux64 - "Ubuntu 24.04.4 LTS")

CPU model: Intel(R) Xeon(R) CPU E5-2665 0 @ 2.40GHz, instruction set [SSE2|AVX]
Thread count: 16 physical cores, 16 logical processors, using up to 8 threads

Non-default parameters:
TimeLimit  2.0177841551303864e+03
Threads  8

Optimize a model with 195 rows, 39940 columns and 1132594 nonzeros
Model fingerprint: 0x791c19c2
Variable types: 0 continuous, 39940 integer (39940 binary)
Coefficient statistics:
  Matrix range     [1e+00, 1e+00]
  Objective range  [9e+00, 2e+02]
  Bounds range     [1e+00, 1e+00]
  RHS range        [1e+00, 9e+00]

Loaded user MIP start with objective 607.84
MIP start from previous solve did not produce a new incumbent solution

Presolve removed 0 rows and 11 columns
Presolve time: 2.49s
Presolved: 195 rows, 39929 columns, 1132338 nonzeros
Variable types: 0 continuous, 39929 integer (39929 binary)

Starting sifting (using dual simplex for sub-problems)...

    Iter     Pivots    Primal Obj      Dual Obj        Time
       0          0     infinity      0.0000000e+00      3s
       1        825   8.0069904e+05   2.3714817e+01      3s
       2       1490   5.4053623e+02   1.7166623e+02      3s
       3       2278   4.4596458e+02   2.4395804e+02      3s
       4       3331   3.8478690e+02   3.0047590e+02      3s
       5       4129   3.6734369e+02   3.3436055e+02      3s
       6       5000   3.6187543e+02   3.5319478e+02      3s
       7       5650   3.6169341e+02   3.5777408e+02      4s
       8       6108   3.6169333e+02   3.6159864e+02      4s

Sifting complete


Root relaxation: objective 3.616933e+02, 6336 iterations, 1.07 seconds (1.12 work units)

    Nodes    |    Current Node    |     Objective Bounds      |     Work
 Expl Unexpl |  Obj  Depth IntInf | Incumbent    BestBd   Gap | It/Node Time

     0     0  361.69328    0  166  607.84000  361.69328  40.5%     -    3s
H    0     0                     596.9280000  361.69328  39.4%     -    5s
H    0     0                     574.8160000  361.69328  37.1%     -    5s
     0     0  362.11641    0  168  574.81600  362.11641  37.0%     -    7s
H    0     0                     560.6400000  362.11641  35.4%     -   10s
     0     0  362.26224    0  170  560.64000  362.26224  35.4%     -   15s
     0     0  362.52416    0  174  560.64000  362.52416  35.3%     -   18s
     0     0  362.61877    0  176  560.64000  362.61877  35.3%     -   19s
     0     0  362.65064    0  176  560.64000  362.65064  35.3%     -   19s
     0     0  362.73334    0  178  560.64000  362.73334  35.3%     -   20s
     0     0  362.82197    0  177  560.64000  362.82197  35.3%     -   22s
     0     0  362.85748    0  179  560.64000  362.85748  35.3%     -   24s
     0     0  362.90432    0  176  560.64000  362.90432  35.3%     -   24s
     0     0  362.90432    0  176  560.64000  362.90432  35.3%     -   24s
     0     0  363.06793    0  180  560.64000  363.06793  35.2%     -   25s
     0     0  363.16200    0  186  560.64000  363.16200  35.2%     -   27s
     0     0  363.16247    0  185  560.64000  363.16247  35.2%     -   28s
H    0     2                     549.8160000  363.16247  33.9%     -   58s
     0     2  363.16247    0  185  549.81600  363.16247  33.9%     -   58s
     1     4  363.32540    1  182  549.81600  363.19028  33.9%   198   61s
     7    16  363.69549    3  181  549.81600  363.63699  33.9%   470   67s
    23    62  363.88684    5  182  549.81600  363.70953  33.8%   457   73s
    61    73  364.16708   10  188  549.81600  363.70953  33.8%   233   85s
H   68    73                     549.5680000  363.70953  33.8%   224   85s
H   72    93                     549.0720000  363.70953  33.8%   217   88s
H   74    93                     548.5760000  363.70953  33.7%   213   88s
H   78    93                     511.7120000  363.70953  28.9%   206   88s
H  120   139                     491.5840000  363.70953  26.0%   170   91s
   212   239  364.56561   26  182  491.58400  363.70953  26.0%   124   95s
   269   281  364.76401   30  190  491.58400  363.70953  26.0%   108  102s
H  270   281                     486.8720000  363.70953  25.3%   108  102s
H  271   281                     463.6080000  363.70953  21.5%   108  102s
   309   341  364.89591   33  188  463.60800  363.70953  21.5%   101  105s
   486   527  365.76071   48  182  463.60800  363.70953  21.5%  81.9  110s
   662   671  366.10014   62  189  463.60800  363.70953  21.5%  71.6  116s
   670   679  366.12333   63  189  463.60800  363.70953  21.5%  71.2  127s
   686   695  366.14325   65  186  463.60800  363.70953  21.5%  70.5  130s
   702   711  366.21120   67  188  463.60800  363.70953  21.5%  70.0  138s
   710   719  366.23423   68  186  463.60800  363.70953  21.5%  70.2  141s
H  723   727                     440.7920000  363.70953  17.5%  69.7  142s
   788   856  366.67389   74  184  440.79200  363.70953  17.5%  67.2  145s
  1018  1090  367.27991   90  180  440.79200  363.70953  17.5%  60.9  151s
H 1043  1090                     440.5440000  363.70953  17.4%  60.5  151s
  1264  1349  367.78593  105  181  440.54400  363.70953  17.4%  56.3  156s
  1449  1493  368.15988  117  184  440.54400  363.70953  17.4%  54.7  162s
H 1451  1491                     438.5600000  363.70953  17.1%  54.7  162s
H 1452  1297                     427.3200000  363.70953  14.9%  54.7  162s
  1494  1330  368.28643  119  179  427.32000  363.70953  14.9%  54.0  165s
  1653  1525  368.68129  132  180  427.32000  363.70953  14.9%  54.0  170s
  1877  1768  369.23195  147  181  427.32000  363.70953  14.9%  52.3  175s
  2297  2209  369.89649  172  184  427.32000  363.70953  14.9%  48.9  182s
  2444  2367  370.03625  181  186  427.32000  363.70953  14.9%  48.0  185s
  2738  2576  370.25181  206  186  427.32000  363.70953  14.9%  46.5  190s
  2811  2679  370.30192  211  185  427.32000  363.70953  14.9%  46.2  195s
  3025  2872  370.69006  235  179  427.32000  363.70953  14.9%  45.8  201s
  3306  3282  371.17636  256  178  427.32000  363.70953  14.9%  45.1  208s
  3519  3504  371.43822  271  183  427.32000  363.70953  14.9%  44.3  211s
  3925  3978  372.43020  302  174  427.32000  363.70953  14.9%  43.8  218s
  4215  3986  372.90666  319  174  427.32000  363.70953  14.9%  42.8  226s
  4223  4027  372.95215  320  174  427.32000  363.70953  14.9%  42.8  238s
  4264  4149  373.08754  321  176  427.32000  363.70953  14.9%  42.7  243s
  4386  4330  373.23448  322  179  427.32000  363.70953  14.9%  42.2  247s
  4567  4581  373.28075  323  176  427.32000  363.70953  14.9%  41.7  253s
  4818  4784  373.29953  324  180  427.32000  363.70953  14.9%  40.9  259s
  5021  4890  373.56169  325  181  427.32000  363.70953  14.9%  40.4  264s
  5127  5076  373.78507  327  178  427.32000  363.70953  14.9%  40.4  269s
  5313  5421  374.30908  347  170  427.32000  363.70953  14.9%  40.1  274s
  5658  5862  374.72258  366  178  427.32000  363.70953  14.9%  39.4  280s
  6099  5870  375.46009  385  173  427.32000  363.70953  14.9%  38.7  287s
  6107  5878  375.57956  386  178  427.32000  363.70953  14.9%  38.7  292s
  6115  5886  375.65427  387  176  427.32000  363.70953  14.9%  38.7  296s
  6123  5894  375.65427  388  176  427.32000  363.70953  14.9%  38.7  304s
  6131  5990  375.67925  389  176  427.32000  363.70953  14.9%  38.7  310s
  6227  6202  375.71374  390  179  427.32000  363.70953  14.9%  38.5  316s
  6439  6730  375.73731  391  178  427.32000  363.70953  14.9%  38.1  322s
  6967  7324  375.75251  392  178  427.32000  363.70953  14.9%  36.9  329s
  7562  7325  393.14474  210  185  427.32000  363.70953  14.9%  36.1  342s
  7564  7326  401.69229  567  166  427.32000  363.70953  14.9%  36.1  359s
  7565  7327  375.24748  371  165  427.32000  363.70953  14.9%  36.1  379s
  7566  7328  393.07807  543  174  427.32000  363.70953  14.9%  36.1  382s
  7569  7330  399.21616  510  190  427.32000  363.70953  14.9%  36.1  385s
  7570  7330  397.96318  956  186  427.32000  363.70953  14.9%  36.1  391s
  7571  7331  400.22021  627  183  427.32000  363.70953  14.9%  36.1  409s
  7572  7332  402.25476  631  184  427.32000  363.76263  14.9%  36.1  412s
  7575  7334  376.81111  114  189  427.32000  363.93162  14.8%  36.0  420s
  7576  7334  426.62683  164  195  427.32000  364.02550  14.8%  36.0  426s
  7579  7336  385.93440  109  196  427.32000  364.17050  14.8%  36.0  432s
  7580  7337  406.74634  909  199  427.32000  364.49727  14.7%  36.0  439s
  7581  7338  397.93049  948  203  427.32000  364.55940  14.7%  36.0  445s
  7582  7338  396.81621  116  200  427.32000  364.56253  14.7%  36.0  453s
  7583  7339  416.34740  951  201  427.32000  364.68741  14.7%  36.0  460s
  7584  7340  394.40705  538  201  427.32000  364.68741  14.7%  36.0  465s
  7585  7340  401.39052  519  201  427.32000  365.35311  14.5%  36.0  495s
  7586  7344  365.35311   10  199  427.32000  365.35311  14.5%  37.1  501s
  7592  7354  365.35311   12  191  427.32000  365.35311  14.5%  37.5  510s
  7608  7376  365.35311   14  197  427.32000  365.35311  14.5%  38.4  516s
  7627  7376  384.23536   15  156  427.32000  365.35311  14.5%  38.9  520s
  7635  7387  365.35311   16  198  427.32000  365.35311  14.5%  39.5  525s
  7652  7398  365.35311   17  193  427.32000  365.35311  14.5%  40.5  532s
  7669  7399  365.35311   18  196  427.32000  365.35311  14.5%  41.7  537s
  7678  7402  377.03278   18  144  427.32000  365.35311  14.5%  41.9  548s
  7688  7406  365.35311   19  192  427.32000  365.35311  14.5%  42.6  551s
  7697  7411  381.13100   19  114  427.32000  365.35311  14.5%  43.0  560s
  7705  7416  365.36901   20  191  427.32000  365.35311  14.5%  43.5  566s
  7713  7421  372.35978   20  161  427.32000  365.35311  14.5%  43.8  571s
  7721  7425  365.48228   21  191  427.32000  365.35311  14.5%  44.5  575s
  7739  7435  365.51875   22  196  427.32000  365.35311  14.5%  45.5  582s
  7750  7439  381.48581   22  161  427.32000  365.35311  14.5%  46.2  587s
  7764  7445  365.70424   23  189  427.32000  365.35311  14.5%  46.9  591s
  7778  7448  374.39504   23  140  427.32000  365.35311  14.5%  47.6  595s
  7806  7463  379.14571   24  158  427.32000  365.35311  14.5%  49.4  604s
  7819  7464  365.95546   25  188  427.32000  365.35311  14.5%  50.2  608s
  7834  7468  378.44096   25  164  427.32000  365.35311  14.5%  50.8  612s
  7852  7476  365.99556   26  191  427.32000  365.35311  14.5%  51.6  618s
  7872  7484  382.63733   26  133  427.32000  365.35311  14.5%  52.5  625s
  7915  7492  381.72435   27  154  427.32000  365.35311  14.5%  54.9  636s
  7928  7497  366.24062   28  189  427.32000  365.35311  14.5%  55.1  647s
  7945  7500  382.22872   28  157  427.32000  365.35311  14.5%  56.1  653s
  7963  7506  366.28440   29  189  427.32000  365.35311  14.5%  56.7  658s
  7985  7515  379.14690   29  151  427.32000  365.35311  14.5%  57.6  666s
  8010  7515  366.29385   30  192  427.32000  365.35311  14.5%  58.5  674s
  8039  7521  373.27021   30  157  427.32000  365.35311  14.5%  60.0  683s
  8071  7531  366.31869   31  190  427.32000  365.35311  14.5%  61.1  692s
  8112  7539  366.39350   32  190  427.32000  365.35311  14.5%  62.7  698s
  8155  7543  381.28708   33  134  427.32000  365.35311  14.5%  64.4  705s
  8199  7549  389.31331   34  140  427.32000  365.35311  14.5%  65.9  712s
  8244  7554  383.09970   35  143  427.32000  365.35311  14.5%  67.6  722s
  8282  7557  366.90406   37  190  427.32000  365.35311  14.5%  69.2  730s
  8323  7564  366.95355   38  192  427.32000  365.35311  14.5%  71.1  736s
  8374  7570  383.25017   39  139  427.32000  365.35311  14.5%  72.8  744s
  8431  7571  367.02981   41  186  427.32000  365.35311  14.5%  74.3  753s
  8489  7560  380.92665   42  128  427.32000  365.35311  14.5%  76.4  761s
  8545  7565  367.25207   43  184  427.32000  365.35311  14.5%  77.9  769s
  8607  7574  367.30209   44  184  427.32000  365.35311  14.5%  79.6  778s
  8654  7592  367.38852   45  186  427.32000  365.35311  14.5%  81.7  792s
  8704  7609  367.44841   47  187  427.32000  365.35311  14.5%  83.6  802s
  8761  7622  367.62934   49  184  427.32000  365.35311  14.5%  85.6  812s
  8819  7642  367.82132   51  184  427.32000  365.35311  14.5%  87.6  823s
  8889  7655  367.89104   53  185  427.32000  365.35311  14.5%  89.7  833s
  8963  7675  367.96511   55  185  427.32000  365.35311  14.5%  91.5  845s
  9040  7692  368.05754   57  183  427.32000  365.35311  14.5%  93.4  855s
  9124  7702  368.34870   59  183  427.32000  365.35311  14.5%  95.3  869s
  9207  7720  381.12075   61  140  427.32000  365.35311  14.5%  97.2  880s
  9300  7737  382.74544   63  138  427.32000  365.35311  14.5%  99.2  892s
  9400  7753  395.62668   65  143  427.32000  365.35311  14.5%   101  904s
  9508  7737  385.46133   67  132  427.32000  365.35311  14.5%   104  917s
  9579  7745  369.48831   69  185  427.32000  365.35311  14.5%   105  931s
  9671  7782  369.91984   72  186  427.32000  365.35311  14.5%   106  945s
  9810  7793  370.05120   75  189  427.32000  365.35311  14.5%   108  959s
  9946  7783  370.16149   78  189  427.32000  365.35311  14.5%   110  978s
H10045  7374                     426.8240000  365.35311  14.4%   110  978s
 10046  7459  370.58514   81  186  426.82400  365.35311  14.4%   111  994s
 10192  7516  370.80270   84  178  426.82400  370.30181  13.2%   113 1010s
 10330  7619  370.91739   88  187  426.82400  370.30181  13.2%   115 1027s
 10510  7713  371.11903   92  185  426.82400  370.30181  13.2%   118 1044s
 10699  7814  371.32138   96  194  426.82400  370.30181  13.2%   120 1062s
 10903  7932  371.39932  100  186  426.82400  370.30181  13.2%   122 1082s
 11125  7979  371.55608  104  184  426.82400  370.30181  13.2%   124 1111s
 11289  8116  371.83779  108  183  426.82400  370.30181  13.2%   127 1131s
 11529  8235  371.96980  112  187  426.82400  370.30181  13.2%   129 1153s
 11778  8432  372.16235  117  180  426.82400  370.30181  13.2%   131 1174s
 12120  8592  372.37317  122  187  426.82400  370.30181  13.2%   132 1196s
 12474  8621  372.53387  127  188  426.82400  370.30181  13.2%   134 1220s
 12701  8837  386.51883  132  155  426.82400  370.30181  13.2%   137 1244s
 13086  9016  373.17959  137  182  426.82400  370.30181  13.2%   138 1270s
 13481  9072  373.46269  143  182  426.82400  370.30181  13.2%   140 1295s
 13705  9365  381.86589  146  163  426.82400  370.30181  13.2%   140 1324s
 14198  9614  388.02197  149  143  426.82400  370.30181  13.2%   141 1351s
 14748  9872  374.39072  156  180  426.82400  370.30181  13.2%   141 1380s
 15354 10143  374.56228  162  180  426.82400  370.30181  13.2%   142 1413s
 16076 10050  374.83488  170  182  426.82400  370.30181  13.2%   142 1436s
 16349 10254  375.02558  174  180  426.82400  370.30181  13.2%   143 1452s
 16859 10316  392.29634  177  144  426.82400  370.30181  13.2%   142 1471s
 17247 10506  375.42955  181  178  426.82400  370.30181  13.2%   141 1490s
 17768 10642  375.68664  186  176  426.82400  370.30181  13.2%   141 1510s
 18372 10691  375.74769  190  178  426.82400  370.30181  13.2%   139 1527s
 18710 11060  375.92090  194  176  426.82400  371.06523  13.1%   138 1548s
 19246 11574  376.16300  199  179  426.82400  371.06523  13.1%   137 1570s
 19998 11978  376.25892  203  179  426.82400  371.06523  13.1%   135 1592s
 20735 12434  376.46349  208  177  426.82400  371.06523  13.1%   133 1614s
 21516 13027  376.62633  213  179  426.82400  371.06523  13.1%   130 1637s
 22458 13640  376.68803  217  183  426.82400  371.06523  13.1%   127 1658s
 23467 13357  376.95051  221  172  426.82400  371.06523  13.1%   124 1679s
 23543 14183  376.98815  223  168  426.82400  371.06523  13.1%   125 1699s
 24530 14623  377.21529  228  172  426.82400  371.06523  13.1%   122 1720s
 25431 15241  377.34986  233  173  426.82400  371.67009  12.9%   120 1741s
 26440 15963  377.70419  238  172  426.82400  371.67009  12.9%   118 1762s
 27621 16832  377.94108  243  169  426.82400  371.67009  12.9%   115 1787s
 29063 17224  378.51428  248  176  426.82400  371.67009  12.9%   112 1807s

Cutting planes:
  MIR: 12
  Flow cover: 23
  Mod-K: 1

Explored 29934 nodes (3329349 simplex iterations) in 2017.90 seconds (3403.47 work units)
Thread count was 8 (of 16 available processors)

Solution count 10: 426.824 427.32 438.56 ... 548.576

Time limit reached
Best objective 4.268240000000e+02, best bound 3.716700919883e+02, gap 12.9219%

User-callback calls 376398, time in user-callback 1.90 sec
