
Gurobi 12.0.3 (linux64) logging started Sun Sep 13 15:41:34 2026

Set parameter LogFile to value "/share/scaglione/nc437/evsp-dr/cumulative_budget_20260913/cases/c1_k10/mip_base/135600_r0/gurobi.log"
Set parameter OutputFlag to value 1
Set parameter TimeLimit to value 3600
Set parameter MIPGap to value 0.0001
Set parameter Threads to value 8
Set parameter TimeLimit to value 1800
Gurobi Optimizer version 12.0.3 build v12.0.3rc0 (linux64 - "Ubuntu 24.04.4 LTS")

CPU model: Intel(R) Xeon(R) CPU E5-2690 v2 @ 3.00GHz, instruction set [SSE2|AVX]
Thread count: 20 physical cores, 20 logical processors, using up to 8 threads

Non-default parameters:
TimeLimit  1800
Threads  8

Optimize a model with 225 rows, 50585 columns and 1329898 nonzeros
Model fingerprint: 0x2e2e4b55
Variable types: 0 continuous, 50585 integer (50585 binary)
Coefficient statistics:
  Matrix range     [1e+00, 1e+00]
  Objective range  [1e+00, 1e+00]
  Bounds range     [1e+00, 1e+00]
  RHS range        [1e+00, 1e+00]

Loaded user MIP start with objective 46

Presolve time: 2.04s
Presolved: 225 rows, 50585 columns, 1329898 nonzeros
Variable types: 0 continuous, 50585 integer (50585 binary)

Starting sifting (using dual simplex for sub-problems)...

    Iter     Pivots    Primal Obj      Dual Obj        Time
       0          0     infinity      0.0000000e+00      2s
       1        437   1.2412137e+01   4.2337214e+00      2s
       2       1486   1.1870810e+01   7.3105876e+00      2s
       3       2408   1.1455653e+01   7.8544189e+00      2s
       4       3464   1.0983325e+01   8.5798901e+00      2s
       5       4874   1.0607375e+01   9.0358382e+00      3s
       6       6209   1.0310182e+01   9.3283811e+00      3s
       7       7429   1.0108859e+01   9.4337355e+00      3s
       8       8382   1.0000000e+01   9.4674017e+00      3s
       9       9375   1.0000000e+01   1.0000000e+01      3s

Sifting complete


Root relaxation: objective 1.000000e+01, 9375 iterations, 0.91 seconds (1.11 work units)
Total elapsed time = 9.42s (DegenMoves)

    Nodes    |    Current Node    |     Objective Bounds      |     Work
 Expl Unexpl |  Obj  Depth IntInf | Incumbent    BestBd   Gap | It/Node Time

     0     0   10.00000    0  110   46.00000   10.00000  78.3%     -    9s
H    0     0                      24.0000000   10.00000  58.3%     -   10s
H    0     0                      18.0000000   10.00000  44.4%     -   10s
H    0     0                      16.0000000   10.00000  37.5%     -   10s
H    0     0                      15.0000000   10.00000  33.3%     -   10s
H    0     0                      14.0000000   10.00000  28.6%     -   10s
H    0     0                      12.0000000   10.00000  16.7%     -   11s
     0     0   10.00000    0  116   12.00000   10.00000  16.7%     -   20s
     0     0   10.00000    0  117   12.00000   10.00000  16.7%     -   36s
     0     0   10.00000    0  124   12.00000   10.00000  16.7%     -   47s
     0     0   10.00000    0  126   12.00000   10.00000  16.7%     -   48s
     0     0   10.00000    0  122   12.00000   10.00000  16.7%     -   57s
     0     0   10.00000    0  119   12.00000   10.00000  16.7%     -   58s
     0     0   10.00000    0  113   12.00000   10.00000  16.7%     -   68s
     0     0   10.00000    0  113   12.00000   10.00000  16.7%     -   78s
     0     2   10.00000    0  113   12.00000   10.00000  16.7%     -  102s
     3     8   10.00000    2  133   12.00000   10.00000  16.7%  5837  110s
     7    16   10.00000    3  130   12.00000   10.00000  16.7%  3208  116s
    23    64   10.00000    5  159   12.00000   10.00000  16.7%  1644  123s
    63    81   10.00000   10  175   12.00000   10.00000  16.7%  2358  133s
    80   103   10.00000   11  135   12.00000   10.00000  16.7%  2222  139s
   102   115   10.00000   12  161   12.00000   10.00000  16.7%  1790  148s
   114   128   10.00000   13  169   12.00000   10.00000  16.7%  1904  167s
   127   195   10.00000   14  135   12.00000   10.00000  16.7%  1911  176s
H  174   195                      11.0000000   10.00000  9.09%  1427  176s
   195    53   10.00000   13  113   11.00000   10.00000  9.09%  1277  186s
   197    54   10.00000   13  127   11.00000   10.00000  9.09%  1264  195s
   198    55   10.00000    5  121   11.00000   10.00000  9.09%  1258  204s
   199    56   10.00000    4  135   11.00000   10.00000  9.09%  1251  209s
   200    56   10.00000   15  137   11.00000   10.00000  9.09%  1245  214s
   201    57   10.00000   10  136   11.00000   10.00000  9.09%  1239  215s
   203    58   10.00000   15  132   11.00000   10.00000  9.09%  1227  220s
   205    60   10.00000    9  138   11.00000   10.00000  9.09%  1215  225s
   208    62   10.00000   14  120   11.00000   10.00000  9.09%  1197  232s
   211    64   10.00000    5  119   11.00000   10.00000  9.09%  1180  236s
   213    66   10.00000   11  114   11.00000   10.00000  9.09%   329  240s
   249    63   10.00000   18  121   11.00000   10.00000  9.09%   388  246s
   313    78   10.00000   29  109   11.00000   10.00000  9.09%   392  251s
   440    67 infeasible   29        11.00000   10.00000  9.09%   471  261s
   474    73   10.00000   30  116   11.00000   10.00000  9.09%   471  265s
   507    79   10.00000   32  123   11.00000   10.00000  9.09%   515  272s
   524    87   10.00000   33  124   11.00000   10.00000  9.09%   529  280s
   570   122   10.00000   36  131   11.00000   10.00000  9.09%   574  288s
   657   128   10.00000   37  104   11.00000   10.00000  9.09%   582  300s
   705   207   10.00000   41   98   11.00000   10.00000  9.09%   617  309s
   924   241   10.00000   66   90   11.00000   10.00000  9.09%   680  322s
  1024   287   10.00000   75  118   11.00000   10.00000  9.09%   662  337s
  1224   265 infeasible  100        11.00000   10.00000  9.09%   685  355s
  1738   217 infeasible   67        11.00000   10.00000  9.09%   749  386s
  1900   325   10.00000   48  129   11.00000   10.00000  9.09%   716  397s
  2226   278   10.00000   67  165   11.00000   10.00000  9.09%   721  427s
  2305   419   10.00000   68  166   11.00000   10.00000  9.09%   744  441s
  2742   421   10.00000   90  166   11.00000   10.00000  9.09%   744  475s
  2846   531   10.00000   95  165   11.00000   10.00000  9.09%   751  496s
  3270   516 infeasible  137        11.00000   10.00000  9.09%   754  516s
  3915   447 infeasible   61        11.00000   10.00000  9.09%   782  551s
  4088   555 infeasible   30        11.00000   10.00000  9.09%   768  574s
  4424   646   10.00000   43  165   11.00000   10.00000  9.09%   759  597s
  4891   581   10.00000   60  169   11.00000   10.00000  9.09%   757  620s
  5300   378   10.00000  133  172   11.00000   10.00000  9.09%   770  644s
  6001   132 infeasible   79        11.00000   10.00000  9.09%   799  661s
  6343   143   10.00000   41  173   11.00000   10.00000  9.09%   789  687s
  6374   154   10.00000   45  174   11.00000   10.00000  9.09%   789  706s
  6579   279   10.00000   65  175   11.00000   10.00000  9.09%   797  719s
  7014   336   10.00000  120  174   11.00000   10.00000  9.09%   798  732s
  7431   149 infeasible  126        11.00000   10.00000  9.09%   801  746s
  7910    57 infeasible   74        11.00000   10.00000  9.09%   824  762s
  8072    70   10.00000  101  140   11.00000   10.00000  9.09%   836  793s
  8121   125 infeasible  104        11.00000   10.00000  9.09%   836  809s
  8400   241   10.00000  101  152   11.00000   10.00000  9.09%   832  823s
  8936   166 infeasible  160        11.00000   10.00000  9.09%   823  848s
  9139   285 infeasible  104        11.00000   10.00000  9.09%   838  864s
  9444   226   10.00000  120  174   11.00000   10.00000  9.09%   832  882s
  9709   220   10.00000  141  173   11.00000   10.00000  9.09%   844  899s
 10230   128 infeasible  228        11.00000   10.00000  9.09%   850  917s
 10644   142   10.00000  151  152   11.00000   10.00000  9.09%   861  938s
 10830   337   10.00000  168  161   11.00000   10.00000  9.09%   861  957s
 11477   198 infeasible  246        11.00000   10.00000  9.09%   856  977s
 12098    87 infeasible  202        11.00000   10.00000  9.09%   864  999s
 12263   241   10.00000  153  173   11.00000   10.00000  9.09%   876 1020s
 12977   331 infeasible  204        11.00000   10.00000  9.09%   864 1041s
 13627   311 infeasible  262        11.00000   10.00000  9.09%   856 1083s
 13677   456   10.00000  235  158   11.00000   10.00000  9.09%   858 1107s
 14106   513   10.00000  288  146   11.00000   10.00000  9.09%   851 1131s
 14657   586 infeasible  355        11.00000   10.00000  9.09%   847 1164s
 15504   335   10.00000  217  160   11.00000   10.00000  9.09%   847 1188s
 15871   103   10.00000  222  159   11.00000   10.00000  9.09%   863 1215s
 16231    68 infeasible  153        11.00000   10.00000  9.09%   872 1249s
 16332   204 infeasible  158        11.00000   10.00000  9.09%   875 1281s
 16744   565 infeasible  242        11.00000   10.00000  9.09%   867 1312s
 17879   607 infeasible  411        11.00000   10.00000  9.09%   857 1340s
 18161   770   10.00000  324  172   11.00000   10.00000  9.09%   858 1372s
 19162   794   10.00000  493  161   11.00000   10.00000  9.09%   847 1402s
 19830   437 infeasible  340        11.00000   10.00000  9.09%   851 1435s
 20487   227 infeasible  201        11.00000   10.00000  9.09%   868 1473s
 20787   641   10.00000  326  176   11.00000   10.00000  9.09%   866 1507s
 21913   549 infeasible  412        11.00000   10.00000  9.09%   855 1543s
 22499   576   10.00000  230  164   11.00000   10.00000  9.09%   861 1578s
 23442   178 infeasible  246        11.00000   10.00000  9.09%   864 1611s
 23968   397   10.00000  186  169   11.00000   10.00000  9.09%   878 1657s
 24333   604   10.00000  203  166   11.00000   10.00000  9.09%   873 1695s
 24890   601 infeasible  262        11.00000   10.00000  9.09%   867 1730s
 25839   137 infeasible  224        11.00000   10.00000  9.09%   869 1766s
 26397   523   10.00000  278  149   11.00000   10.00000  9.09%   886 1800s

Cutting planes:
  MIR: 2
  Flow cover: 12

Explored 27211 nodes (24231009 simplex iterations) in 1800.03 seconds (4244.28 work units)
Thread count was 8 (of 20 available processors)

Solution count 8: 11 12 14 ... 46

Time limit reached
Best objective 1.100000000000e+01, best bound 1.000000000000e+01, gap 9.0909%

User-callback calls 496409, time in user-callback 3.76 sec
Set parameter TimeLimit to value 1.7983676326274872e+03
Gurobi Optimizer version 12.0.3 build v12.0.3rc0 (linux64 - "Ubuntu 24.04.4 LTS")

CPU model: Intel(R) Xeon(R) CPU E5-2690 v2 @ 3.00GHz, instruction set [SSE2|AVX]
Thread count: 20 physical cores, 20 logical processors, using up to 8 threads

Non-default parameters:
TimeLimit  1.7983676326274872e+03
Threads  8

Optimize a model with 226 rows, 50585 columns and 1380483 nonzeros
Model fingerprint: 0xaadfc041
Variable types: 0 continuous, 50585 integer (50585 binary)
Coefficient statistics:
  Matrix range     [1e+00, 1e+00]
  Objective range  [5e+00, 2e+02]
  Bounds range     [1e+00, 1e+00]
  RHS range        [1e+00, 1e+01]

Loaded user MIP start with objective 641.904
MIP start from previous solve did not produce a new incumbent solution

Presolve time: 1.69s
Presolved: 226 rows, 50585 columns, 1380483 nonzeros
Variable types: 0 continuous, 50585 integer (50585 binary)

Starting sifting (using dual simplex for sub-problems)...

    Iter     Pivots    Primal Obj      Dual Obj        Time
       0          0     infinity      0.0000000e+00      2s
       1       1018   3.0009377e+06   2.8898936e+01      2s
       2       2413   3.7814694e+05   4.7845148e+01      2s
       3       3523   6.3659944e+02   2.0098864e+02      2s
       4       4509   5.0977401e+02   3.8427601e+02      2s
       5       5548   4.9367809e+02   4.3769895e+02      2s
       6       6695   4.8400833e+02   4.7075658e+02      3s

Sifting complete


Root relaxation: objective 4.835910e+02, 7456 iterations, 0.96 seconds (1.34 work units)

    Nodes    |    Current Node    |     Objective Bounds      |     Work
 Expl Unexpl |  Obj  Depth IntInf | Incumbent    BestBd   Gap | It/Node Time

     0     0  483.59104    0  201  641.90400  483.59104  24.7%     -    2s
H    0     0                     641.6560000  483.59104  24.6%     -    3s
H    0     0                     639.4240000  483.59104  24.4%     -    3s
H    0     0                     632.9760000  483.59104  23.6%     -    3s
     0     0  484.29623    0  210  632.97600  484.29623  23.5%     -    6s
     0     0  484.83115    0  211  632.97600  484.83115  23.4%     -   14s
     0     0  485.20309    0  212  632.97600  485.20309  23.3%     -   15s
     0     0  485.36958    0  215  632.97600  485.36958  23.3%     -   16s
     0     0  485.38362    0  209  632.97600  485.38362  23.3%     -   16s
     0     0  485.56526    0  219  632.97600  485.56526  23.3%     -   19s
     0     0  485.72675    0  224  632.97600  485.72675  23.3%     -   21s
     0     0  486.16908    0  222  632.97600  486.16908  23.2%     -   23s
     0     0  486.37357    0  223  632.97600  486.37357  23.2%     -   25s
     0     0  486.41866    0  228  632.97600  486.41866  23.2%     -   25s
     0     0  486.46146    0  229  632.97600  486.46146  23.1%     -   26s
     0     0  486.50923    0  228  632.97600  486.50923  23.1%     -   29s
     0     0  486.54156    0  231  632.97600  486.54156  23.1%     -   29s
     0     0  486.83787    0  233  632.97600  486.83787  23.1%     -   30s
     0     0  486.88509    0  226  632.97600  486.88509  23.1%     -   33s
     0     0  486.99333    0  230  632.97600  486.99333  23.1%     -   34s
     0     0  487.03596    0  225  632.97600  487.03596  23.1%     -   34s
     0     0  487.12894    0  228  632.97600  487.12894  23.0%     -   35s
     0     0  487.14184    0  231  632.97600  487.14184  23.0%     -   37s
     0     0  487.23312    0  234  632.97600  487.23312  23.0%     -   38s
     0     0  487.23372    0  233  632.97600  487.23372  23.0%     -   39s
     0     2  487.23382    0  233  632.97600  487.23382  23.0%     -   83s
     1     4  487.24048    1  230  632.97600  487.23420  23.0%  62.0   87s
     3     8  487.34678    2  233  632.97600  487.24411  23.0%   502   91s
     7    16  487.36980    3  234  632.97600  487.36980  23.0%   658   96s
    51    73  487.83833    8  229  632.97600  487.38926  23.0%   302  102s
    72    81  487.94243   12  226  632.97600  487.38926  23.0%   255  106s
H   76    81                     632.7280000  487.38926  23.0%   248  106s
   107   116  488.02560   17  226  632.72800  487.38926  23.0%   219  110s
H  112   116                     631.9840000  487.38926  22.9%   213  110s
   181   204  488.59766   24  232  631.98400  487.38926  22.9%   168  115s
   282   301  489.23479   34  227  631.98400  487.38926  22.9%   139  120s
   308   317  489.41676   37  219  631.98400  487.38926  22.9%   138  138s
   316   327  489.48611   38  225  631.98400  487.38926  22.9%   139  142s
   326   338  489.50087   39  225  631.98400  487.38926  22.9%   142  146s
   361   377  489.53624   42  221  631.98400  487.38926  22.9%   141  151s
   384   393  489.60303   44  219  631.98400  487.38926  22.9%   138  156s
   401   410  489.65419   46  213  631.98400  487.38926  22.9%   137  162s
   421   432  489.70803   48  216  631.98400  487.38926  22.9%   136  166s
   431   445  489.72695   49  216  631.98400  487.38926  22.9%   136  178s
H  433   445                     599.0880000  487.38926  18.6%   136  178s
   487   533  489.82626   54  223  599.08800  487.38926  18.6%   131  181s
   584   632  490.19491   59  222  599.08800  487.38926  18.6%   124  185s
   670   714  490.40899   63  219  599.08800  487.38926  18.6%   121  190s
   772   839  490.61293   65  215  599.08800  487.38926  18.6%   118  195s
   913   984  490.64642   67  216  599.08800  487.38926  18.6%   113  200s
   985  1065  490.68424   69  215  599.08800  487.38926  18.6%   110  207s
  1072  1143  491.15226   73  219  599.08800  487.38926  18.6%   109  210s
  1226  1295  491.62482   80  221  599.08800  487.38926  18.6%   105  216s
H 1309  1349                     598.8400000  487.38926  18.6%   104  219s
  1356  1443  492.19456   89  214  598.84000  487.38926  18.6%   103  221s
  1548  1645  492.71757  101  216  598.84000  487.38926  18.6%  99.0  227s
  1652  1747  492.87547  107  217  598.84000  487.38926  18.6%  97.1  230s
  1754  1755  493.02794  114  218  598.84000  487.38926  18.6%  95.5  237s
  1762  1771  493.05182  115  219  598.84000  487.38926  18.6%  95.4  244s
  1778  1798  493.07135  116  220  598.84000  487.38926  18.6%  95.2  248s
  1805  1848  493.07379  117  222  598.84000  487.38926  18.6%  95.0  252s
  1855  1915  493.08221  118  224  598.84000  487.38926  18.6%  94.5  256s
  1922  1999  493.20485  121  222  598.84000  487.38926  18.6%  93.8  261s
  2006  2100  493.37136  130  218  598.84000  487.38926  18.6%  93.0  265s
  2231  2287  493.86702  154  214  598.84000  487.38926  18.6%  90.1  275s
  2396  2487  494.54596  160  219  598.84000  487.38926  18.6%  88.2  284s
  2494  2584  494.56341  161  217  598.84000  487.38926  18.6%  86.8  288s
  2591  2695  494.78137  162  221  598.84000  487.38926  18.6%  85.5  292s
  2702  2859  494.81957  163  223  598.84000  487.38926  18.6%  84.1  297s
  2866  3001  494.88193  164  219  598.84000  487.38926  18.6%  82.1  305s
  3014  3147  494.91675  165  217  598.84000  487.38926  18.6%  80.9  310s
  3160  3155  495.07054  173  215  598.84000  487.38926  18.6%  79.5  319s
  3168  3164  495.09161  174  218  598.84000  487.38926  18.6%  79.4  330s
  3177  3183  495.09971  175  220  598.84000  487.38926  18.6%  79.5  352s
  3196  3203  495.14115  176  213  598.84000  487.38926  18.6%  80.1  359s
  3216  3232  495.18990  177  219  598.84000  487.38926  18.6%  80.3  365s
  3245  3296  495.20490  178  222  598.84000  487.38926  18.6%  80.2  370s
  3309  3409  495.22249  179  218  598.84000  487.38926  18.6%  79.9  376s
  3422  3649  495.27593  180  221  598.84000  487.38926  18.6%  79.0  383s
  3662  3878  495.31554  181  224  598.84000  487.38926  18.6%  77.0  390s
  3891  4141  495.35653  182  218  598.84000  487.38926  18.6%  75.6  397s
  4154  4414  495.69048  199  225  598.84000  487.38926  18.6%  74.1  404s
  4427  4725  496.03634  218  219  598.84000  487.38926  18.6%  72.6  412s
  4738  5086  496.44204  242  219  598.84000  487.38926  18.6%  71.0  420s
  5099  5472  496.76676  263  225  598.84000  487.38926  18.6%  69.0  428s
  5485  5828  497.09550  289  220  598.84000  487.38926  18.6%  67.1  437s
  5841  6227  497.59522  315  224  598.84000  487.38926  18.6%  66.0  446s
  6240  6651  498.22866  335  222  598.84000  487.38926  18.6%  64.9  456s
  6664  7124  498.76943  359  222  598.84000  487.38926  18.6%  64.0  466s
  7137  7645  499.15935  393  218  598.84000  487.38926  18.6%  62.7  477s
  7659  7646  493.36982   87  233  598.84000  487.38926  18.6%  61.5  490s
  7661  7647  579.50466   85  201  598.84000  487.38926  18.6%  61.5  507s
  7662  7648  584.00503  468  209  598.84000  487.38926  18.6%  61.5  529s
  7663  7649  520.75392  361  210  598.84000  487.38926  18.6%  61.5  532s
  7667  7651  564.88179  833  218  598.84000  487.38926  18.6%  61.4  535s
  7671  7654  529.76915   17  227  598.84000  487.38926  18.6%  61.4  544s
  7672  7655  564.96656  835  229  598.84000  487.38926  18.6%  61.4  564s
  7673  7655  526.66032  711  234  598.84000  487.38926  18.6%  61.4  566s
  7677  7658  499.16274  391  240  598.84000  487.56821  18.6%  61.3  575s
  7678  7659  519.20662  315  240  598.84000  487.73111  18.6%  61.3  582s
  7683  7662  560.44656  619  242  598.84000  487.92578  18.5%  61.3  585s
  7684  7663  557.34751  787  247  598.84000  487.94426  18.5%  61.3  590s
  7685  7663  550.63607  257  248  598.84000  488.03573  18.5%  61.3  604s
  7686  7664  524.94570  582  248  598.84000  488.03573  18.5%  61.3  609s
  7687  7665  531.39684  685  248  598.84000  488.87330  18.4%  61.3  658s
  7688  7668  488.87330   14  247  598.84000  488.87330  18.4%  62.7  665s
  7690  7672  488.87330   15  244  598.84000  488.87330  18.4%  62.9  670s
  7694  7678  488.87330   16  241  598.84000  488.87330  18.4%  63.2  681s
  7710  7700  488.87330   18  242  598.84000  488.87330  18.4%  64.4  690s
  7731  7701  488.87330   20  240  598.84000  488.87330  18.4%  65.2  696s
  7739  7709  501.70406   20  197  598.84000  488.87330  18.4%  66.0  711s
  7750  7715  488.87330   21  238  598.84000  488.87330  18.4%  67.0  718s
  7761  7721  498.29032   21  184  598.84000  488.87330  18.4%  68.0  723s
  7771  7729  488.87330   22  237  598.84000  488.87330  18.4%  68.8  730s
  7782  7735  511.22473   22  174  598.84000  488.87330  18.4%  69.7  735s
  7793  7739  488.93003   23  234  598.84000  488.87330  18.4%  70.7  742s
  7801  7745  500.95728   23  190  598.84000  488.87330  18.4%  71.4  753s
  7809  7751  489.06846   24  234  598.84000  488.87330  18.4%  72.9  759s
  7818  7757  508.49969   24  199  598.84000  488.87330  18.4%  73.4  765s
  7828  7762  489.09340   25  233  598.84000  488.87330  18.4%  74.3  772s
  7840  7769  503.47288   25  193  598.84000  488.87330  18.4%  75.2  777s
  7853  7773  489.15744   26  237  598.84000  488.87330  18.4%  76.2  783s
  7866  7778  503.69450   26  181  598.84000  488.87330  18.4%  77.0  789s
  7877  7785  489.19846   27  233  598.84000  488.87330  18.4%  78.0  796s
  7892  7790  500.59075   27  170  598.84000  488.87330  18.4%  78.8  804s
  7908  7795  489.28921   28  234  598.84000  488.87330  18.4%  79.7  811s
  7920  7801  502.66231   28  171  598.84000  488.87330  18.4%  80.6  816s
  7932  7805  489.35140   29  237  598.84000  488.87330  18.4%  81.4  823s
  7950  7809  505.48612   29  194  598.84000  488.87330  18.4%  82.5  832s
  7966  7813  489.42052   30  233  598.84000  488.87330  18.4%  83.0  838s
  7982  7819  509.37876   30  186  598.84000  488.87330  18.4%  84.1  847s
  7998  7826  489.54334   31  236  598.84000  488.87330  18.4%  85.1  859s
  8012  7834  513.76084   31  166  598.84000  488.87330  18.4%  86.2  867s
  8027  7842  489.58818   32  230  598.84000  488.87330  18.4%  87.1  876s
  8052  7852  489.59370   33  229  598.84000  488.87330  18.4%  88.3  884s
  8080  7864  489.87560   34  223  598.84000  488.87330  18.4%  89.8  893s
  8109  7875  489.87670   35  225  598.84000  488.87330  18.4%  91.5  902s
  8140  7872  489.93710   36  228  598.84000  488.87330  18.4%  93.0  915s
  8149  7876  503.74498   36  190  598.84000  488.87330  18.4%  93.6  945s
  8158  7880  489.99227   37  228  598.84000  488.87330  18.4%  94.2  954s
  8167  7884  511.05484   37  173  598.84000  488.87330  18.4%  94.8  976s
  8176  7888  490.01250   38  231  598.84000  488.87330  18.4%  95.3  997s
  8185  7890  515.89582   38  191  598.84000  488.87330  18.4%  96.0 1007s
  8205  7891  490.02380   39  224  598.84000  488.87330  18.4%  96.7 1017s
  8213  7895  503.78494   39  181  598.84000  488.87330  18.4%  97.2 1028s
  8234  7896  490.13034   40  230  598.84000  488.87330  18.4%  97.6 1040s
  8256  7904  502.60296   40  183  598.84000  488.87330  18.4%  98.3 1052s
  8288  7916  490.32161   41  227  598.84000  488.87330  18.4%  99.5 1064s
  8327  7927  504.61857   41  185  598.84000  488.87330  18.4%   101 1094s
  8365  7940  490.49814   42  229  598.84000  488.87330  18.4%   103 1107s
  8405  7968  504.34651   42  190  598.84000  488.87330  18.4%   105 1120s
  8447  7997  490.76414   44  227  598.84000  488.87330  18.4%   107 1135s
  8491  8030  490.84521   46  227  598.84000  488.87330  18.4%   109 1150s
  8542  8052  490.94013   48  224  598.84000  488.87330  18.4%   112 1168s
  8583  8088  491.08865   50  228  598.84000  488.87330  18.4%   114 1183s
  8635  8095  495.78951   52  208  598.84000  488.87330  18.4%   117 1197s
  8659  8094  491.30624   54  227  598.84000  488.87330  18.4%   118 1212s
  8668  8114  516.68947   54  182  598.84000  488.87330  18.4%   119 1227s
  8693  8141  491.37339   56  231  598.84000  488.87330  18.4%   120 1245s
  8732  8184  502.17683   58  193  598.84000  488.87330  18.4%   123 1262s
  8790  8206  491.56974   61  229  598.84000  488.87330  18.4%   126 1280s
  8831  8259  502.72443   61  181  598.84000  488.87330  18.4%   128 1299s
  8898  8287  491.70843   64  223  598.84000  488.87330  18.4%   131 1319s
  8952  8335  508.61721   65  182  598.84000  488.87330  18.4%   134 1340s
  9022  8365  491.87567   68  226  598.84000  488.87330  18.4%   137 1362s
  9079  8420  491.89207   69  228  598.84000  488.87330  18.4%   139 1386s
  9157  8455  507.48427   72  200  598.84000  488.87330  18.4%   143 1408s
  9222  8512  492.08633   74  227  598.84000  488.87330  18.4%   146 1432s
  9313  8540  492.39541   78  232  598.84000  488.87330  18.4%   149 1457s
  9385  8604  498.64256   79  199  598.84000  488.87330  18.4%   152 1484s
  9482  8644  492.64544   84  229  598.84000  488.87330  18.4%   156 1512s
  9562  8716  492.71806   86  232  598.84000  488.87330  18.4%   159 1539s
  9665  8755  493.03564   90  230  598.84000  488.87330  18.4%   163 1568s
  9749  8814  493.14137   92  233  598.84000  488.87330  18.4%   166 1596s
  9841  8889  509.72315   94  195  598.84000  488.87330  18.4%   169 1628s
  9964  8894  493.46930   99  228  598.84000  488.87330  18.4%   174 1802s

Cutting planes:
  MIR: 32
  Flow cover: 25

Explored 10019 nodes (1771704 simplex iterations) in 1802.59 seconds (3977.44 work units)
Thread count was 8 (of 20 available processors)

Solution count 8: 598.84 599.088 631.984 ... 641.904

Time limit reached
Best objective 5.988399999999e+02, best bound 4.888732961080e+02, gap 18.3633%

User-callback calls 382462, time in user-callback 3.24 sec
