
Gurobi 12.0.3 (linux64) logging started Sun Sep 13 14:38:31 2026

Set parameter LogFile to value "/share/scaglione/nc437/evsp-dr/cumulative_budget_20260913/cases/c2_k08/mip_base/135615_r0/gurobi.log"
Set parameter OutputFlag to value 1
Set parameter TimeLimit to value 3600
Set parameter MIPGap to value 0.0001
Set parameter Threads to value 8
Set parameter TimeLimit to value 1800
Gurobi Optimizer version 12.0.3 build v12.0.3rc0 (linux64 - "Ubuntu 24.04.4 LTS")

CPU model: Intel(R) Xeon(R) CPU E5-2690 v2 @ 3.00GHz, instruction set [SSE2|AVX]
Thread count: 20 physical cores, 20 logical processors, using up to 8 threads

Non-default parameters:
TimeLimit  1800
Threads  8

Optimize a model with 173 rows, 20800 columns and 467796 nonzeros
Model fingerprint: 0x63ce8f71
Variable types: 0 continuous, 20800 integer (20800 binary)
Coefficient statistics:
  Matrix range     [1e+00, 1e+00]
  Objective range  [1e+00, 1e+00]
  Bounds range     [1e+00, 1e+00]
  RHS range        [1e+00, 1e+00]

Loaded user MIP start with objective 46

Presolve removed 0 rows and 1129 columns
Presolve time: 0.58s
Presolved: 173 rows, 19671 columns, 445155 nonzeros
Found heuristic solution: objective 41.0000000
Variable types: 0 continuous, 19671 integer (19671 binary)
Found heuristic solution: objective 39.0000000

Root relaxation: objective 8.000000e+00, 963 iterations, 0.41 seconds (0.70 work units)

    Nodes    |    Current Node    |     Objective Bounds      |     Work
 Expl Unexpl |  Obj  Depth IntInf | Incumbent    BestBd   Gap | It/Node Time

     0     0    8.00000    0   74   39.00000    8.00000  79.5%     -    2s
H    0     0                      20.0000000    8.00000  60.0%     -    2s
H    0     0                      16.0000000    8.00000  50.0%     -    2s
H    0     0                      15.0000000    8.00000  46.7%     -    2s
H    0     0                      11.0000000    8.00000  27.3%     -    2s
H    0     0                      10.0000000    8.00000  20.0%     -    5s
     0     0    8.00000    0   67   10.00000    8.00000  20.0%     -    7s
     0     0    8.00000    0   61   10.00000    8.00000  20.0%     -   15s
     0     0    8.00000    0   54   10.00000    8.00000  20.0%     -   17s
     0     0    8.00000    0   52   10.00000    8.00000  20.0%     -   19s
     0     0    8.00000    0   50   10.00000    8.00000  20.0%     -   20s
     0     0    8.00000    0   60   10.00000    8.00000  20.0%     -   21s
     0     0    8.00000    0   60   10.00000    8.00000  20.0%     -   23s
     0     2    8.00000    0   60   10.00000    8.00000  20.0%     -   25s
   203   323    8.00000   24   94   10.00000    8.00000  20.0%   449   30s
H  328   343                       9.0000000    8.00000  11.1%   658   32s
   343   165    8.00000    7   60    9.00000    8.00000  11.1%   630   35s
   346   167    8.00000   15   57    9.00000    8.00000  11.1%   624   41s
   351   170    8.00000   20   44    9.00000    8.00000  11.1%   615   45s
   358   175    8.00000   10   41    9.00000    8.00000  11.1%   603   50s
   434   205 infeasible   20         9.00000    8.00000  11.1%   202   55s
   518   183    8.00000   22   88    9.00000    8.00000  11.1%   226   60s
   570   170 infeasible   24         9.00000    8.00000  11.1%   242   65s
   827    92 infeasible   38         9.00000    8.00000  11.1%   279   72s
  1019    81 infeasible   22         9.00000    8.00000  11.1%   295   75s
  1346   128 infeasible   46         9.00000    8.00000  11.1%   320   80s
  1755   157 infeasible   71         9.00000    8.00000  11.1%   334   86s
  1881   168    8.00000   73   65    9.00000    8.00000  11.1%   342   91s
  2223   272 infeasible   89         9.00000    8.00000  11.1%   354   97s
  2386   301    8.00000  105   74    9.00000    8.00000  11.1%   357  100s
  2585   302 infeasible  121         9.00000    8.00000  11.1%   357  109s
  2658   465 infeasible  124         9.00000    8.00000  11.1%   361  114s
  3291   553    8.00000  163   67    9.00000    8.00000  11.1%   360  119s
  4093   672 infeasible  210         9.00000    8.00000  11.1%   367  124s
  4571   656    8.00000  248   96    9.00000    8.00000  11.1%   370  135s
  4643   694 infeasible  249         9.00000    8.00000  11.1%   374  140s
  4739   753    8.00000  250  101    9.00000    8.00000  11.1%   372  145s
  4960   918    8.00000  268   98    9.00000    8.00000  11.1%   374  150s
  5491   932    8.00000  283   89    9.00000    8.00000  11.1%   372  157s
  5541  1032 infeasible  283         9.00000    8.00000  11.1%   373  162s
  6166  1213    8.00000  313   73    9.00000    8.00000  11.1%   371  167s
  6703  1524    8.00000  350   95    9.00000    8.00000  11.1%   367  172s
  7348  1498    8.00000  401   94    9.00000    8.00000  11.1%   361  184s
  7402  1527    8.00000  402   67    9.00000    8.00000  11.1%   363  189s
  7879  1481    8.00000  446   85    9.00000    8.00000  11.1%   364  193s
  8449  1409    8.00000   39   82    9.00000    8.00000  11.1%   371  202s
  8575  1627    8.00000   47   81    9.00000    8.00000  11.1%   375  208s
  9119  1792 infeasible  100         9.00000    8.00000  11.1%   373  213s
  9972  1737    8.00000  174   80    9.00000    8.00000  11.1%   370  223s
 10087  1705 infeasible  174         9.00000    8.00000  11.1%   374  229s
 10762  1469 infeasible  182         9.00000    8.00000  11.1%   379  237s
 11144  1448 infeasible   37         9.00000    8.00000  11.1%   389  246s
 11279  1882 infeasible   44         9.00000    8.00000  11.1%   391  255s
 12197  1842    8.00000  136   79    9.00000    8.00000  11.1%   381  262s
 13160  1707    8.00000   31   94    9.00000    8.00000  11.1%   382  273s
 13593  1726    8.00000   53   81    9.00000    8.00000  11.1%   389  282s
 13666  2013    8.00000   59   81    9.00000    8.00000  11.1%   389  290s
 14303  1899    8.00000  127   80    9.00000    8.00000  11.1%   383  303s
 14469  1821    8.00000  128   80    9.00000    8.00000  11.1%   387  313s
 15987  1689 infeasible   48         9.00000    8.00000  11.1%   389  322s
 16461  1887    8.00000   35   83    9.00000    8.00000  11.1%   396  331s
 16896  2165 infeasible  220         9.00000    8.00000  11.1%   393  344s
 18456  2040    8.00000  159   93    9.00000    8.00000  11.1%   389  352s
 18693  2274    8.00000  160   94    9.00000    8.00000  11.1%   394  359s
 19730  2530    8.00000  259   93    9.00000    8.00000  11.1%   393  366s
 20684  2556 infeasible  338         9.00000    8.00000  11.1%   390  377s
 20720  3142    8.00000  345   93    9.00000    8.00000  11.1%   391  384s
 21974  3069 infeasible   72         9.00000    8.00000  11.1%   383  390s
 22863  2843 infeasible   38         9.00000    8.00000  11.1%   386  400s
 23135  2732    8.00000   55   83    9.00000    8.00000  11.1%   390  406s
 23878  2592 infeasible   44         9.00000    8.00000  11.1%   393  412s
 24260  2901    8.00000   55   67    9.00000    8.00000  11.1%   398  418s
 25181  2961    8.00000  212   66    9.00000    8.00000  11.1%   396  425s
 25425  3339    8.00000  220   64    9.00000    8.00000  11.1%   396  432s
 26481  3646 infeasible   44         9.00000    8.00000  11.1%   391  439s
 27116  3585 infeasible  132         9.00000    8.00000  11.1%   389  448s
 27197  4265 infeasible  133         9.00000    8.00000  11.1%   391  455s
 28567  3942    8.00000  369   68    9.00000    8.00000  11.1%   384  465s
 28912  3597    8.00000  372   66    9.00000    8.00000  11.1%   388  472s
 29495  3027 infeasible  404         9.00000    8.00000  11.1%   393  480s
 30099  2893    8.00000   59   66    9.00000    8.00000  11.1%   400  491s
 30379  3186    8.00000   74   72    9.00000    8.00000  11.1%   401  498s
 31322  3688    8.00000   66   78    9.00000    8.00000  11.1%   398  560s
 32348  3645    8.00000  201   74    9.00000    8.00000  11.1%   392  570s
 32539  3327    8.00000  208   77    9.00000    8.00000  11.1%   392  581s
 34364  2940 infeasible  118         9.00000    8.00000  11.1%   392  589s
 35267  2961 infeasible   43         9.00000    8.00000  11.1%   397  599s
 35870  3493    8.00000  108   77    9.00000    8.00000  11.1%   398  609s
 37814  3278 infeasible  104         9.00000    8.00000  11.1%   390  617s
 38187  3160 infeasible  100         9.00000    8.00000  11.1%   392  626s
 38651  3269    8.00000  247   68    9.00000    8.00000  11.1%   393  635s
 39954  3093 infeasible  130         9.00000    8.00000  11.1%   391  642s
 40270  3442 infeasible   94         9.00000    8.00000  11.1%   392  650s
 41700  3066 infeasible   77         9.00000    8.00000  11.1%   389  657s
 42754  2903 infeasible   63         9.00000    8.00000  11.1%   390  664s
 43687  2752 infeasible   79         9.00000    8.00000  11.1%   391  672s
 44022  2836    8.00000  149   73    9.00000    8.00000  11.1%   393  679s
 44740  2663 infeasible   87         9.00000    8.00000  11.1%   391  687s
 45465  2542 infeasible   93         9.00000    8.00000  11.1%   392  695s
 45692  2905    8.00000   60   73    9.00000    8.00000  11.1%   393  703s
 46927  2813    8.00000  224   76    9.00000    8.00000  11.1%   391  715s
 48517  2622 infeasible  395         9.00000    8.00000  11.1%   391  723s
 48830  3049    8.00000   52   75    9.00000    8.00000  11.1%   393  731s
 50662  2747 infeasible   41         9.00000    8.00000  11.1%   388  738s
 51796  2471    8.00000   40   71    9.00000    8.00000  11.1%   389  745s
 52164  2566    8.00000   47   70    9.00000    8.00000  11.1%   390  751s
 53117  2572    8.00000  123   64    9.00000    8.00000  11.1%   391  758s
 53127  2583    8.00000  124   67    9.00000    8.00000  11.1%   391  765s
 53138  2595    8.00000  125   68    9.00000    8.00000  11.1%   391  774s
 53230  3215    8.00000  132   62    9.00000    8.00000  11.1%   391  781s
 54626  3520    8.00000  131   78    9.00000    8.00000  11.1%   387  788s
 55700  3371 infeasible  266         9.00000    8.00000  11.1%   386  797s
 55947  3174 infeasible  280         9.00000    8.00000  11.1%   388  804s
 56802  2929 infeasible  245         9.00000    8.00000  11.1%   389  813s
 57351  2943    8.00000   58   62    9.00000    8.00000  11.1%   391  822s
 57799  3228 infeasible  107         9.00000    8.00000  11.1%   391  829s
 58861  3659    8.00000  289   62    9.00000    8.00000  11.1%   389  836s
 59906  3633    8.00000   71   69    9.00000    8.00000  11.1%   386  844s
 60100  4188    8.00000   80   69    9.00000    8.00000  11.1%   387  852s
 61825  3452 infeasible  112         9.00000    8.00000  11.1%   383  864s
 62761  2792 infeasible  132         9.00000    8.00000  11.1%   387  874s
 63541  3066    8.00000   85   52    9.00000    8.00000  11.1%   391  886s
 65815  2805    8.00000  432   55    9.00000    8.00000  11.1%   386  894s
 66181  2399    8.00000  439   59    9.00000    8.00000  11.1%   385  902s
 67553  2557 infeasible   97         9.00000    8.00000  11.1%   386  910s
 68336  3190    8.00000   70   86    9.00000    8.00000  11.1%   385  919s
 70089  2937    8.00000  169   75    9.00000    8.00000  11.1%   382  940s
 70424  2766    8.00000  174   76    9.00000    8.00000  11.1%   383  949s
 71896  2595 infeasible  459         9.00000    8.00000  11.1%   382  957s
 72897  2569 infeasible   62         9.00000    8.00000  11.1%   383  966s
 73091  3201 infeasible   73         9.00000    8.00000  11.1%   383  973s
 74273  3909    8.00000   81   80    9.00000    8.00000  11.1%   380  982s
 76311  3023 infeasible  215         9.00000    8.00000  11.1%   376  994s
 77444  2364 infeasible  254         9.00000    8.00000  11.1%   379 1003s
 78151  2330 infeasible   71         9.00000    8.00000  11.1%   381 1016s
 78372  2875    8.00000   53   75    9.00000    8.00000  11.1%   381 1029s
 80442  3570    8.00000  129   89    9.00000    8.00000  11.1%   378 1040s
 82181  3696    8.00000  362   88    9.00000    8.00000  11.1%   375 1049s
 82359  4720    8.00000  374   91    9.00000    8.00000  11.1%   375 1059s
 84309  5396    8.00000  103   88    9.00000    8.00000  11.1%   372 1069s
 86249  5593    8.00000  187   69    9.00000    8.00000  11.1%   370 1077s
 87994  5124    8.00000   69   65    9.00000    8.00000  11.1%   369 1085s
 89349  4352 infeasible  277         9.00000    8.00000  11.1%   370 1093s
 90347  3738 infeasible  253         9.00000    8.00000  11.1%   372 1101s
 91267  3226 infeasible  350         9.00000    8.00000  11.1%   374 1109s
 91835  3063 infeasible  139         9.00000    8.00000  11.1%   376 1117s
 92018  3201 infeasible  101         9.00000    8.00000  11.1%   377 1127s
 92244  3508 infeasible  102         9.00000    8.00000  11.1%   376 1135s
 93857  3044 infeasible  221         9.00000    8.00000  11.1%   374 1161s
 94459  2499    8.00000  226   78    9.00000    8.00000  11.1%   376 1190s
 99636  2111 infeasible  110         9.00000    8.00000  11.1%   372 1197s
 100092  1917 infeasible  225         9.00000    8.00000  11.1%   373 1205s
 100786  3065    8.00000   46   95    9.00000    8.00000  11.1%   373 1214s
 103262  4338    8.00000   63   62    9.00000    8.00000  11.1%   369 1221s
 105749  4276    8.00000   67   64    9.00000    8.00000  11.1%   365 1228s
 106319  5295    8.00000   72   74    9.00000    8.00000  11.1%   365 1235s
 108700  4533 infeasible  283         9.00000    8.00000  11.1%   361 1249s
 110496  3851 infeasible   75         9.00000    8.00000  11.1%   363 1257s
 111236  3027    8.00000   84   71    9.00000    8.00000  11.1%   364 1275s
 112294  3433 infeasible  129         9.00000    8.00000  11.1%   367 1286s
 114548  2722 infeasible   37         9.00000    8.00000  11.1%   365 1296s
 115705  3553 infeasible  166         9.00000    8.00000  11.1%   366 1307s
 118242  3452 infeasible  426         9.00000    8.00000  11.1%   364 1317s
 120547  2435 infeasible  518         9.00000    8.00000  11.1%   363 1326s
 121600  1956 infeasible  507         9.00000    8.00000  11.1%   365 1335s
 122089  1896 infeasible  514         9.00000    8.00000  11.1%   366 1346s
 122305  2768    8.00000  119   79    9.00000    8.00000  11.1%   366 1356s
 125225  2590 infeasible  488         9.00000    8.00000  11.1%   363 1365s
 126213  3497    8.00000  117   79    9.00000    8.00000  11.1%   363 1375s
 128828  2955 infeasible  126         9.00000    8.00000  11.1%   361 1383s
 129768  2584 infeasible  128         9.00000    8.00000  11.1%   362 1391s
 130795  2598 infeasible  228         9.00000    8.00000  11.1%   363 1400s
 132445  2494    8.00000  118   76    9.00000    8.00000  11.1%   363 1416s
 133513  4611    8.00000  126   72    9.00000    8.00000  11.1%   363 1437s
 139317  4196 infeasible  320         9.00000    8.00000  11.1%   357 1444s
 140542  3855    8.00000  368   79    9.00000    8.00000  11.1%   358 1454s
 141061  4601    8.00000  371   79    9.00000    8.00000  11.1%   359 1462s
 142565  3902    8.00000  643   70    9.00000    8.00000  11.1%   357 1470s
 143996  3321 infeasible  222         9.00000    8.00000  11.1%   358 1478s
 144933  3643 infeasible 1004         9.00000    8.00000  11.1%   359 1486s
 146633  3382    8.00000  672   88    9.00000    8.00000  11.1%   358 1496s
 147012  4301    8.00000  680   87    9.00000    8.00000  11.1%   359 1505s
 149909  3639 infeasible  446         9.00000    8.00000  11.1%   355 1520s
 152063  2950 infeasible  665         9.00000    8.00000  11.1%   357 1529s
 152772  2865    8.00000  175   93    9.00000    8.00000  11.1%   358 1541s
 153023  3789    8.00000  200   99    9.00000    8.00000  11.1%   358 1555s
 156417  3528 infeasible  300         9.00000    8.00000  11.1%   355 1564s
 157868  4157 infeasible  127         9.00000    8.00000  11.1%   356 1573s
 160505  4607    8.00000  104   79    9.00000    8.00000  11.1%   354 1582s
 161989  4663    8.00000  523   89    9.00000    8.00000  11.1%   353 1591s
 163663  3873    8.00000  257   74    9.00000    8.00000  11.1%   352 1599s
 164927  3440 infeasible  194         9.00000    8.00000  11.1%   353 1607s
 165722  3414    8.00000  250   80    9.00000    8.00000  11.1%   354 1615s
 167578  2839 infeasible  428         9.00000    8.00000  11.1%   354 1629s
 170133  2468 infeasible  254         9.00000    8.00000  11.1%   354 1636s
 170628  2802    8.00000  177   81    9.00000    8.00000  11.1%   354 1646s
 172980  2347    8.00000   52   65    9.00000    8.00000  11.1%   352 1654s
 173451  2689    8.00000   53   70    9.00000    8.00000  11.1%   353 1667s
 174047  2963    8.00000   54   74    9.00000    8.00000  11.1%   353 1679s
 175231  2605    8.00000  481   79    9.00000    8.00000  11.1%   352 1689s
 177023  2519    8.00000   21   72    9.00000    8.00000  11.1%   352 1699s
 178297  3134 infeasible  258         9.00000    8.00000  11.1%   352 1709s
 180734  3011    8.00000  125   66    9.00000    8.00000  11.1%   351 1717s
 181425  2891 infeasible   78         9.00000    8.00000  11.1%   351 1727s
 183407  3323 infeasible  142         9.00000    8.00000  11.1%   351 1736s
 186051  2237 infeasible  434         9.00000    8.00000  11.1%   350 1750s
 187309  2452 infeasible   45         9.00000    8.00000  11.1%   351 1765s
 190918  3187 infeasible   44         9.00000    8.00000  11.1%   349 1773s
 193135  2541    8.00000  160   95    9.00000    8.00000  11.1%   348 1780s
 193881  2283 infeasible  195         9.00000    8.00000  11.1%   349 1788s
 194503  2438 infeasible  233         9.00000    8.00000  11.1%   349 1796s
 195987  2938    8.00000  340   90    9.00000    8.00000  11.1%   349 1800s

Cutting planes:
  Flow cover: 7

Explored 196767 nodes (68781798 simplex iterations) in 1800.06 seconds (3830.63 work units)
Thread count was 8 (of 20 available processors)

Solution count 9: 9 10 11 ... 46

Time limit reached
Best objective 9.000000000000e+00, best bound 8.000000000000e+00, gap 11.1111%

User-callback calls 791994, time in user-callback 3.58 sec
Set parameter TimeLimit to value 1.7994899864196777e+03
Gurobi Optimizer version 12.0.3 build v12.0.3rc0 (linux64 - "Ubuntu 24.04.4 LTS")

CPU model: Intel(R) Xeon(R) CPU E5-2690 v2 @ 3.00GHz, instruction set [SSE2|AVX]
Thread count: 20 physical cores, 20 logical processors, using up to 8 threads

Non-default parameters:
TimeLimit  1.7994899864196777e+03
Threads  8

Optimize a model with 174 rows, 20800 columns and 488596 nonzeros
Model fingerprint: 0x1071de49
Variable types: 0 continuous, 20800 integer (20800 binary)
Coefficient statistics:
  Matrix range     [1e+00, 1e+00]
  Objective range  [1e-11, 1e+02]
  Bounds range     [1e+00, 1e+00]
  RHS range        [1e+00, 9e+00]

Loaded user MIP start with objective 350.28
MIP start from previous solve did not produce a new incumbent solution

Presolve removed 0 rows and 176 columns
Presolve time: 0.69s
Presolved: 174 rows, 20624 columns, 484425 nonzeros
Variable types: 0 continuous, 20624 integer (20624 binary)

Starting sifting (using dual simplex for sub-problems)...

    Iter     Pivots    Primal Obj      Dual Obj        Time
       0          0     infinity     -1.3096724e-10      1s
       1        762   1.0004349e+06   1.0067828e+01      1s
       2       1669   4.8486669e+05   1.8187944e+01      1s
       3       2479   2.9080013e+02   8.4042046e+01      1s
       4       3201   2.2901500e+02   1.5137779e+02      1s
       5       3992   2.1406440e+02   1.9481776e+02      1s
       6       4622   2.1018656e+02   2.0408616e+02      1s

Sifting complete


Root relaxation: objective 2.099772e+02, 5170 iterations, 0.45 seconds (0.66 work units)

    Nodes    |    Current Node    |     Objective Bounds      |     Work
 Expl Unexpl |  Obj  Depth IntInf | Incumbent    BestBd   Gap | It/Node Time

     0     0  209.97719    0  137  350.28000  209.97719  40.1%     -    1s
H    0     0                     345.0720000  209.97719  39.1%     -    1s
     0     0  211.85127    0  145  345.07200  211.85127  38.6%     -    2s
H    0     0                     344.8240000  211.85127  38.6%     -    5s
     0     0  212.14257    0  144  344.82400  212.14257  38.5%     -    6s
     0     0  212.25987    0  149  344.82400  212.25987  38.4%     -    6s
     0     0  212.28191    0  150  344.82400  212.28191  38.4%     -    6s
     0     0  212.32129    0  149  344.82400  212.32129  38.4%     -    6s
     0     0  212.32809    0  153  344.82400  212.32809  38.4%     -    6s
     0     0  212.77727    0  154  344.82400  212.77727  38.3%     -    8s
     0     0  212.99729    0  150  344.82400  212.99729  38.2%     -    9s
     0     0  213.15313    0  156  344.82400  213.15313  38.2%     -    9s
     0     0  213.16216    0  154  344.82400  213.16216  38.2%     -    9s
     0     0  213.25303    0  150  344.82400  213.25303  38.2%     -   10s
     0     0  213.28948    0  154  344.82400  213.28948  38.1%     -   10s
     0     0  213.42481    0  155  344.82400  213.42481  38.1%     -   11s
     0     0  213.45029    0  159  344.82400  213.45029  38.1%     -   12s
     0     0  213.45246    0  159  344.82400  213.45246  38.1%     -   12s
     0     2  213.59074    0  159  344.82400  213.59074  38.1%     -   20s
H   56    58                     344.5760000  213.62298  38.0%   161   24s
   104   113  214.22083   13  155  344.57600  213.62298  38.0%   113   25s
H  131   138                     307.2960000  213.62298  30.5%   100   27s
   227   250  214.69861   26  158  307.29600  213.62298  30.5%  83.5   30s
H  249   270                     307.0480000  213.62298  30.4%  83.8   30s
H  254   270                     306.0560000  213.62298  30.2%  83.5   30s
   514   534  214.99468   52  150  306.05600  213.62298  30.2%  68.2   35s
   630   666  215.03532   57  152  306.05600  213.62298  30.2%  66.1   40s
   773   800  215.37107   79  156  306.05600  213.62298  30.2%  62.7   45s
H  796   800                     305.3120000  213.62298  30.0%  61.9   45s
  1490  1604  216.14413  137  147  305.31200  213.62298  30.0%  52.1   50s
  1998  2063  216.80234  170  149  305.31200  213.62298  30.0%  48.3   55s
  2138  2186  216.88961  182  147  305.31200  213.62298  30.0%  47.3   61s
  2447  2613  217.31609  229  148  305.31200  213.62298  30.0%  45.9   65s
  3552  3803  218.01203  304  154  305.31200  213.62298  30.0%  40.8   70s
  4673  5007  218.79328  372  148  305.31200  213.62298  30.0%  37.9   76s
  5739  6196  219.36220  419  145  305.31200  213.62298  30.0%  35.7   81s
  7191  7566  219.95856  486  148  305.31200  213.62298  30.0%  32.9   87s
  7574  7567  223.71196  189  159  305.31200  213.62298  30.0%  32.4   91s
  7576  7568  234.60753  609  137  305.31200  213.62298  30.0%  32.4  100s
  7577  7569  288.75135 1102  142  305.31200  213.62298  30.0%  32.4  108s
  7582  7572  295.46075 1399  156  305.31200  213.62298  30.0%  32.4  110s
  7585  7574  230.25829  361  155  305.31200  214.01359  29.9%  32.4  115s
  7588  7576  241.04964  431  154  305.31200  214.18155  29.8%  32.4  121s
  7597  7583  242.43722  553  137  305.31200  214.32708  29.8%  33.3  134s
  7598  7584  293.54847 1324  142  305.31200  214.35762  29.8%  33.3  142s
  7610  7592  303.22562 1720  168  305.31200  214.35762  29.8%  33.3  146s
  7611  7593  219.27824  407  172  305.31200  214.35762  29.8%  33.3  150s
  7614  7595  245.06223  456  176  305.31200  214.43963  29.8%  33.2  156s
  7616  7596  241.95152  871  176  305.31200  214.43963  29.8%  33.2  161s
  7619  7603  214.43963   22  173  305.31200  214.43963  29.8%  34.4  165s
  7659  7633  218.84560   26  138  305.31200  214.52525  29.7%  35.6  170s
  7688  7652  214.92435   29  160  305.31200  214.52525  29.7%  36.5  175s
  7725  7671  215.04653   32  159  305.31200  214.52525  29.7%  37.8  180s
  7805  7698  215.12064   35  160  305.31200  214.52525  29.7%  40.2  186s
  7842  7712  215.23301   37  155  305.31200  214.52525  29.7%  41.5  191s
  7891  7724  225.19553   39  108  305.31200  214.52525  29.7%  43.0  196s
  7947  7738  221.93614   41  136  305.31200  214.52525  29.7%  44.2  200s
  7998  7751  215.45683   43  156  305.31200  214.52525  29.7%  45.3  206s
  8020  7764  215.48655   44  155  305.31200  214.52525  29.7%  45.9  213s
  8033  7773  229.71209   44  102  305.31200  214.52525  29.7%  46.5  215s
  8090  7789  215.54798   47  156  305.31200  214.52525  29.7%  47.6  220s
  8147  7809  215.59542   49  156  305.31200  214.52525  29.7%  48.7  226s
  8259  7843  227.68321   52  115  305.31200  214.52525  29.7%  51.1  231s
  8341  7867  215.65608   54  159  305.31200  214.52525  29.7%  52.4  235s
  8435  7873  232.93625   56  111  305.31200  214.52525  29.7%  54.0  242s
  8468  7894  219.59439   57  127  305.31200  214.52525  29.7%  54.2  245s
  8576  7927  216.15648   61  150  305.31200  214.52525  29.7%  56.2  251s
  8684  7958  216.23927   65  145  305.31200  214.55221  29.7%  57.9  256s
  8753  8021  216.28122   68  149  305.31200  214.55221  29.7%  59.6  262s
  8808  8053  216.30511   70  153  305.31200  214.55221  29.7%  60.8  265s
  8915  8130  216.45788   74  151  305.31200  214.55221  29.7%  63.2  271s
  8971  8135  216.47678   76  156  305.31200  214.55221  29.7%  64.3  377s
  8995  8158  223.60244   77  117  305.31200  214.55221  29.7%  64.9  382s
H 9006  7774                     301.8400000  214.55221  28.9%  65.2  382s
  9026  7844  216.54208   79  151  301.84000  214.55221  28.9%  65.5  385s
H 9103  7512                     301.3440000  214.55221  28.8%  67.0  391s
  9159  7578  216.65875   83  152  301.34400  214.55221  28.8%  68.0  395s
  9243  7623  231.87558   85  117  301.34400  214.55221  28.8%  69.8  400s
  9316  7633  216.76326   88  154  301.34400  214.55221  28.8%  71.4  406s
H 9339  7283                     297.1280000  214.55221  27.8%  72.0  406s
  9351  7387  227.80303   88  101  297.12800  214.55221  27.8%  72.3  410s
  9459  7459  216.79309   91  154  297.12800  214.55221  27.8%  74.1  415s
  9567  7544  216.85793   94  158  297.12800  214.55221  27.8%  75.8  420s
  9688  7640  226.56726   96  122  297.12800  214.55221  27.8%  77.5  425s
  9825  7739  216.98656   99  154  297.12800  214.55221  27.8%  79.1  430s
  9969  7795  217.02213  102  152  297.12800  214.55221  27.8%  80.9  437s
 10073  7911  217.14639  105  153  297.12800  214.55221  27.8%  81.7  443s
 10224  8021  223.80383  108  121  297.12800  214.55221  27.8%  83.4  448s
 10384  8130  217.24284  112  155  297.12800  214.55221  27.8%  85.2  454s
 10547  8254  217.34678  116  154  297.12800  214.55221  27.8%  87.3  460s
 10725  8397  217.36489  120  154  297.12800  214.55221  27.8%  89.0  467s
 10929  8365  217.42043  125  153  297.12800  214.55221  27.8%  90.9  477s
H10936  8036                     295.3920000  214.55221  27.4%  90.9  477s
 10965  8238  225.16178  125  104  295.39200  214.55221  27.4%  90.8  484s
 11177  8360  217.59920  130  161  295.39200  214.55221  27.4%  92.8  491s
H11214  8039                     295.1440000  214.55221  27.3%  93.6  491s
 11370  8215  217.66984  134  157  295.14400  214.55221  27.3%  94.4  498s
 11599  8383  217.72034  139  156  295.14400  214.55221  27.3%  96.3  505s
 11846  8560  217.78742  144  155  295.14400  214.55221  27.3%  98.2  513s
 12106  8736  217.88025  150  155  295.14400  214.55221  27.3%   100  521s
 12372  8905  218.01077  156  155  295.14400  214.55221  27.3%   102  530s
 12630  9110  218.18952  162  156  295.14400  214.55221  27.3%   104  538s
 12925  9325  218.28916  168  159  295.14400  214.55221  27.3%   106  547s
 13242  9519  230.83329  174  109  295.14400  214.55221  27.3%   108  556s
H13545  9369                     294.6480000  214.55221  27.2%   109  568s
 13792  9628  218.58438  182  156  294.64800  214.55221  27.2%   110  578s
 14141  9884  218.66654  188  155  294.64800  214.55221  27.2%   112  588s
 14527 10143  218.73803  196  151  294.64800  214.55221  27.2%   114  599s
 14920 10483  218.79937  204  154  294.64800  214.55221  27.2%   115  614s
 15407 10673  218.98491  214  156  294.64800  214.55221  27.2%   118  623s
 15772 10624  219.02252  219  156  294.64800  214.55221  27.2%   118  634s
 15846 10862  219.12267  224  155  294.64800  214.55221  27.2%   119  647s
 16119 11194  219.24901  232  153  294.64800  214.55221  27.2%   120  658s
 16558 11478  219.32168  240  157  294.64800  214.55221  27.2%   121  668s
 17023 11786  219.38929  248  161  294.64800  214.55221  27.2%   122  679s
 17510 12091  219.48779  256  153  294.64800  214.55221  27.2%   123  689s
 18005 12381  219.61718  264  153  294.64800  214.55221  27.2%   124  699s
 18528 12489  219.66433  272  149  294.64800  214.55221  27.2%   125  709s
 18873 12743  219.82588  281  154  294.64800  214.55221  27.2%   127  720s
 19287 12979  219.88082  289  153  294.64800  214.55221  27.2%   129  732s
 19699 13306  219.99150  298  151  294.64800  214.55221  27.2%   131  744s
 20214 13601  220.10258  307  149  294.64800  214.55221  27.2%   133  756s
 20739 13947  230.89364  317   99  294.64800  214.55221  27.2%   134  771s
 21332 14050  220.26689  327  149  294.64800  214.55221  27.2%   136  789s
 21699 14563  236.80350  327  121  294.64800  214.55221  27.2%   136  803s
 22453 14995  220.60677  339  149  294.64800  214.55221  27.2%   137  818s
 23288 15319  220.81089  352  154  294.64800  214.55221  27.2%   138  833s
 24043 15349  220.99344  363  152  294.64800  214.55221  27.2%   139  848s
 24507 15864  221.12863  373  154  294.64800  214.55221  27.2%   140  866s
 25568 16291  221.29218  385  154  294.64800  214.55221  27.2%   141  884s
 26668 16877  240.86653  396  101  294.64800  214.55221  27.2%   141  903s
 28081 16904  221.55720  411  150  294.64800  214.55221  27.2%   139  924s
 28108 17017  231.64928  411  118  294.64800  214.55221  27.2%   139  947s
 28330 18090  221.62181  416  150  294.64800  215.19638  27.0%   139  966s
 29443 18091  256.79965  185  159  294.64800  215.19638  27.0%   138 1093s
 29445 18092  259.69398 3248  138  294.64800  215.19638  27.0%   138 1101s
 29446 18093  237.70724   72  137  294.64800  215.19638  27.0%   138 1110s
 29457 18100  249.79920  328  160  294.64800  215.19638  27.0%   138 1116s
 29458 18101  245.61656  115  158  294.64800  215.19638  27.0%   138 1128s
 29459 18102  259.56069 3228  158  294.64800  215.19638  27.0%   138 1134s
 29460 18102  269.18804  607  168  294.64800  215.19638  27.0%   138 1140s
 29461 18103  227.56066  106  166  294.64800  215.19638  27.0%   138 1146s
 29466 18106  269.81257 2804  173  294.64800  215.19638  27.0%   138 1154s
 29467 18107  260.37494  650  173  294.64800  215.19638  27.0%   138 1160s
 29468 18108  282.23928  754  173  294.64800  215.19638  27.0%   138 1171s
 29471 18115  215.19638   37  168  294.64800  215.19638  27.0%   138 1175s
 29483 18127  215.43161   39  168  294.64800  215.19638  27.0%   138 1180s
 29519 18151  225.01198   41  141  294.64800  215.19638  27.0%   138 1186s
 29535 18161  220.73011   42  136  294.64800  215.19638  27.0%   138 1190s
 29561 18187  216.46299   44  165  294.64800  215.19638  27.0%   139 1196s
 29587 18202  224.06449   45  126  294.64800  215.19638  27.0%   139 1202s
 29615 18220  218.97878   46  139  294.64800  215.19638  27.0%   139 1206s
 29663 18249  216.87580   48  159  294.64800  215.19638  27.0%   139 1211s
 29715 18277  217.03414   50  169  294.64800  215.19638  27.0%   140 1217s
 29724 18284  217.07627   51  169  294.64800  215.19638  27.0%   140 1222s
 29743 18298  229.78522   52  139  294.64800  215.19638  27.0%   140 1226s
 29771 18315  227.80037   53  144  294.64800  215.19638  27.0%   140 1230s
 29800 18337  217.46693   55  159  294.64800  215.19638  27.0%   141 1240s
 29825 18356  217.58567   56  157  294.64800  215.19638  27.0%   141 1248s
 29846 18372  223.80704   56  130  294.64800  215.19638  27.0%   141 1250s
 29888 18386  217.81777   58  163  294.64800  215.19638  27.0%   141 1258s
 29905 18406  226.81982   58  155  294.64800  215.19638  27.0%   141 1261s
 29974 18446  217.98954   61  162  294.64800  215.19638  27.0%   142 1267s
 29998 18477  218.05239   62  166  294.64800  215.19638  27.0%   142 1270s
 30069 18515  218.19959   65  165  294.64800  215.19638  27.0%   143 1277s
 30114 18528  218.24336   67  165  294.64800  215.19638  27.0%   143 1280s
 30191 18579  229.55478   70  131  294.64800  215.19638  27.0%   143 1287s
 30222 18617  231.06267   71  116  294.64800  215.19638  27.0%   144 1290s
 30304 18666  218.66086   75  166  294.64800  215.19638  27.0%   144 1297s
 30360 18699  218.72756   77  162  294.64800  215.19638  27.0%   145 1301s
 30418 18722  228.75995   79  127  294.64800  215.19638  27.0%   145 1306s
 30464 18760  218.87080   81  167  294.64800  215.19638  27.0%   145 1310s
 30572 18827  219.01841   85  172  294.64800  215.19638  27.0%   146 1318s
 30640 18852  219.11963   88  172  294.64800  215.19638  27.0%   146 1323s
 30690 18900  233.48532   89  128  294.64800  215.19638  27.0%   147 1328s
 30760 18921  219.31721   92  169  294.64800  215.19638  27.0%   147 1334s
 30805 18979  219.36311   94  167  294.64800  215.19638  27.0%   147 1339s
 30884 18979  219.44813   97  170  294.64800  215.19638  27.0%   148 1348s
 30912 18984  226.57932   98  142  294.64800  215.19638  27.0%   148 1357s
 30929 19027  228.74161   99  133  294.64800  215.19638  27.0%   148 1364s
 30978 19086  219.54490  101  171  294.64800  215.19638  27.0%   149 1370s
 31061 19147  229.47764  104  142  294.64800  215.19638  27.0%   149 1376s
 31154 19211  220.05339  108  171  294.64800  215.19638  27.0%   150 1382s
 31255 19256  220.16605  112  169  294.64800  215.19638  27.0%   150 1389s
 31346 19310  220.32258  115  169  294.64800  215.19638  27.0%   151 1395s
 31444 19367  220.46541  119  164  294.64800  215.19638  27.0%   152 1402s
 31550 19426  220.61341  124  164  294.64800  215.19638  27.0%   152 1410s
 31655 19492  220.80260  128  161  294.64800  215.19638  27.0%   153 1417s
 31772 19558  221.00554  133  171  294.64800  215.19638  27.0%   154 1425s
 31886 19620  221.39381  138  161  294.64800  215.19638  27.0%   154 1433s
 31999 19589  231.81737  143  116  294.64800  215.19638  27.0%   155 1445s
 32008 19606  221.49008  144  159  294.64800  215.19638  27.0%   155 1462s
 32028 19649  232.62449  147  115  294.64800  215.19638  27.0%   155 1475s
 32078 19713  221.61157  150  162  294.64800  215.19638  27.0%   155 1484s
 32160 19801  221.74865  156  164  294.64800  215.19638  27.0%   156 1493s
 32292 19873  221.81714  162  167  294.64800  215.19638  27.0%   157 1503s
 32433 19926  221.91522  169  163  294.64800  215.19638  27.0%   158 1515s
 32541 19985  222.02614  174  164  294.64800  215.19638  27.0%   158 1526s
 32661 20078  226.68160  180  133  294.64800  215.19638  27.0%   159 1537s
 32837 20170  222.33071  186  162  294.64800  215.19638  27.0%   160 1549s
 33039 20263  222.47069  193  165  294.64800  215.19638  27.0%   161 1561s
 33247 20357  222.64898  199  164  294.64800  215.19638  27.0%   162 1573s
 33471 20454  222.77406  206  163  294.64800  215.19638  27.0%   163 1586s
 33697 20547  222.93222  214  164  294.64800  215.19638  27.0%   164 1600s
 33925 20648  223.09074  221  160  294.64800  215.19638  27.0%   165 1614s
 34167 20737  223.23526  229  162  294.64800  215.19638  27.0%   166 1629s
 34411 20841  241.77890  237  118  294.64800  215.19638  27.0%   167 1644s
 34722 20872  223.62718  247  164  294.64800  215.19638  27.0%   168 1661s
 34988 20982  223.70120  252  169  294.64800  215.19638  27.0%   168 1677s
 35324 21100  223.82561  261  167  294.64800  215.19638  27.0%   169 1693s
 35707 21206  238.54128  271  117  294.64800  215.19638  27.0%   170 1709s
 36104 21321  224.13678  283  158  294.64800  215.19638  27.0%   171 1727s
 36525 21438  224.29219  296  157  294.64800  215.19638  27.0%   172 1744s
 36975 21587  224.41452  309  161  294.64800  215.19638  27.0%   173 1762s
 37432 21754  224.53596  323  159  294.64800  215.19638  27.0%   173 1783s
 37768 22095  224.62869  333  159  294.64800  215.19638  27.0%   174 1799s

Cutting planes:
  MIR: 12
  Flow cover: 37

Explored 38235 nodes (6681074 simplex iterations) in 1799.54 seconds (4225.12 work units)
Thread count was 8 (of 20 available processors)

Solution count 10: 294.648 295.144 295.392 ... 307.296

Time limit reached
Best objective 2.946480000000e+02, best bound 2.151963838724e+02, gap 26.9649%

User-callback calls 364081, time in user-callback 2.16 sec
