
Gurobi 12.0.3 (linux64) logging started Sun Sep 13 14:20:05 2026

Set parameter LogFile to value "/share/scaglione/nc437/evsp-dr/cumulative_budget_20260913/cases/c2_k10/mip_warm/135619_r0/gurobi.log"
Set parameter OutputFlag to value 1
Set parameter TimeLimit to value 3600
Set parameter MIPGap to value 0.0001
Set parameter Threads to value 8
Set parameter TimeLimit to value 1800
Gurobi Optimizer version 12.0.3 build v12.0.3rc0 (linux64 - "Ubuntu 24.04.4 LTS")

CPU model: Intel(R) Xeon(R) Gold 6230 CPU @ 2.10GHz, instruction set [SSE2|AVX|AVX2|AVX512]
Thread count: 40 physical cores, 40 logical processors, using up to 8 threads

Non-default parameters:
TimeLimit  1800
Threads  8

Optimize a model with 236 rows, 57186 columns and 1282133 nonzeros
Model fingerprint: 0x62338b25
Variable types: 0 continuous, 57186 integer (57186 binary)
Coefficient statistics:
  Matrix range     [1e+00, 1e+00]
  Objective range  [1e+00, 1e+00]
  Bounds range     [1e+00, 1e+00]
  RHS range        [1e+00, 1e+00]

Loaded user MIP start with objective 44

Presolve removed 0 rows and 1324 columns
Presolve time: 2.87s
Presolved: 236 rows, 55862 columns, 1261714 nonzeros
Variable types: 0 continuous, 55862 integer (55862 binary)

Starting sifting (using dual simplex for sub-problems)...

    Iter     Pivots    Primal Obj      Dual Obj        Time
       0          0     infinity      0.0000000e+00      3s
       1        309   1.6300000e+02   3.2600000e+00      3s
       2       1300   1.0382775e+01   5.2322941e+00      3s
       3       2087   1.0000000e+01   6.7293817e+00      3s
       4       2699   1.0000000e+01   1.0000000e+01      3s

Sifting complete


Root relaxation: objective 1.000000e+01, 2699 iterations, 0.38 seconds (0.33 work units)
Total elapsed time = 5.16s (DegenMoves)

    Nodes    |    Current Node    |     Objective Bounds      |     Work
 Expl Unexpl |  Obj  Depth IntInf | Incumbent    BestBd   Gap | It/Node Time

     0     0   10.00000    0   37   44.00000   10.00000  77.3%     -    8s
H    0     0                      15.0000000   10.00000  33.3%     -    8s
H    0     0                      14.0000000   10.00000  28.6%     -    8s
H    0     0                      12.0000000   10.00000  16.7%     -    8s
H    0     0                      11.0000000   10.00000  9.09%     -    8s
H    0     0                      10.0000000   10.00000  0.00%     -   12s
     0     0   10.00000    0   37   10.00000   10.00000  0.00%     -   12s

Explored 1 nodes (30404 simplex iterations) in 12.57 seconds (11.59 work units)
Thread count was 8 (of 40 available processors)

Solution count 6: 10 11 12 ... 44

Optimal solution found (tolerance 1.00e-04)
Best objective 1.000000000000e+01, best bound 1.000000000000e+01, gap 0.0000%

User-callback calls 947, time in user-callback 0.00 sec
Set parameter TimeLimit to value 3.5858211479187012e+03
Gurobi Optimizer version 12.0.3 build v12.0.3rc0 (linux64 - "Ubuntu 24.04.4 LTS")

CPU model: Intel(R) Xeon(R) Gold 6230 CPU @ 2.10GHz, instruction set [SSE2|AVX|AVX2|AVX512]
Thread count: 40 physical cores, 40 logical processors, using up to 8 threads

Non-default parameters:
TimeLimit  3.5858211479187012e+03
Threads  8

Optimize a model with 237 rows, 57186 columns and 1339319 nonzeros
Model fingerprint: 0x1b6f88f3
Variable types: 0 continuous, 57186 integer (57186 binary)
Coefficient statistics:
  Matrix range     [1e+00, 1e+00]
  Objective range  [1e-11, 1e+02]
  Bounds range     [1e+00, 1e+00]
  RHS range        [1e+00, 1e+01]

Loaded user MIP start with objective 632.088
MIP start from previous solve did not produce a new incumbent solution

Presolve removed 0 rows and 87 columns
Presolve time: 2.87s
Presolved: 237 rows, 57099 columns, 1337766 nonzeros
Variable types: 0 continuous, 57099 integer (57099 binary)

Starting sifting (using dual simplex for sub-problems)...

    Iter     Pivots    Primal Obj      Dual Obj        Time
       0          0     infinity     -1.6007107e-10      3s
       1        433   1.0146928e+08   1.4746076e+02      3s
       2       1438   1.4396325e+07   1.8374971e+02      3s
       3       2826   1.4632516e+06   1.8755789e+02      3s
       4       4447   9.5842867e+04   1.8951049e+02      3s
       5       5834   4.5970733e+02   2.4295677e+02      4s
       6       7313   4.1610642e+02   2.7597365e+02      4s
       7       8821   3.8762641e+02   3.1615596e+02      4s
       8      10235   3.7596590e+02   3.4342281e+02      4s
       9      11502   3.7218139e+02   3.5492249e+02      5s
      10      13216   3.7132123e+02   3.5676732e+02      5s
      11      14733   3.7129451e+02   3.6170629e+02      5s
      12      16151   3.7126748e+02   3.6322669e+02      6s
      13      17666   3.7119153e+02   3.6583766e+02      6s
      14      20621   3.7114826e+02   3.6633484e+02      7s
      15      23167   3.7114681e+02   3.6834717e+02      7s
      16      24977   3.7114574e+02   3.6883863e+02      8s
      17      27166   3.7114574e+02   3.6922436e+02      8s
      18      28796   3.7114574e+02   3.6949350e+02      9s

Sifting complete


Root simplex log...

Iteration    Objective       Primal Inf.    Dual Inf.      Time
   31322    3.7114574e+02   0.000000e+00   0.000000e+00      9s

Root relaxation: objective 3.711457e+02, 31322 iterations, 6.51 seconds (9.06 work units)

    Nodes    |    Current Node    |     Objective Bounds      |     Work
 Expl Unexpl |  Obj  Depth IntInf | Incumbent    BestBd   Gap | It/Node Time

     0     0  371.14574    0  150  632.08800  371.14574  41.3%     -    9s
H    0     0                     626.8800000  371.14574  40.8%     -   16s
H    0     0                     613.6960000  371.14574  39.5%     -   16s
H    0     0                     612.9520000  371.14574  39.4%     -   16s
H    0     0                     610.7200000  371.14574  39.2%     -   16s
H    0     0                     606.4640000  371.14574  38.8%     -   16s
     0     0  371.45358    0  149  606.46400  371.45358  38.8%     -   24s
     0     0  372.11947    0  161  606.46400  372.11947  38.6%     -   54s
     0     0  373.12267    0  171  606.46400  373.12267  38.5%     -   66s
     0     0  373.46877    0  176  606.46400  373.46877  38.4%     -   74s
     0     0  373.54633    0  178  606.46400  373.54633  38.4%     -   76s
     0     0  373.71192    0  182  606.46400  373.71192  38.4%     -   77s
     0     0  373.87549    0  178  606.46400  373.87549  38.4%     -   79s
     0     0  373.88048    0  180  606.46400  373.88048  38.4%     -   79s
     0     0  374.30777    0  188  606.46400  374.30777  38.3%     -   84s
     0     0  374.47124    0  185  606.46400  374.47124  38.3%     -   86s
     0     0  374.52994    0  182  606.46400  374.52994  38.2%     -   87s
     0     0  374.57024    0  190  606.46400  374.57024  38.2%     -   88s
H    0     0                     601.2560000  374.57024  37.7%     -   89s
     0     0  374.58919    0  190  601.25600  374.58919  37.7%     -   94s
     0     0  374.58957    0  190  601.25600  374.58957  37.7%     -   95s
H    0     0                     587.6560000  374.99233  36.2%     -  102s
H    0     0                     586.6640000  374.99233  36.1%     -  102s
     0     2  374.99233    0  190  586.66400  374.99233  36.1%     -  103s
     1     4  374.99233    1  190  586.66400  374.99233  36.1%   460  109s
     3     8  375.73358    2  181  586.66400  374.99233  36.1%  1448  114s
     7    16  375.88843    3  182  586.66400  375.74488  36.0%  1246  120s
    23    54  376.62454    5  193  586.66400  375.78796  35.9%   921  126s
    55    60  376.81877    7  184  586.66400  375.78796  35.9%   524  130s
    63    69  376.82167    8  189  586.66400  375.78796  35.9%   532  138s
    74    84  376.99967   11  187  586.66400  375.78796  35.9%   517  141s
H  103   114                     575.9600000  375.78796  34.8%   410  145s
H  140   142                     563.6880000  375.78796  33.3%   328  148s
   149   171  377.83645   20  185  563.68800  375.78796  33.3%   324  152s
   180   179  377.83888   21  186  563.68800  375.78796  33.3%   292  156s
   188   189  377.84032   22  186  563.68800  375.78796  33.3%   294  167s
H  192   189                     558.9360000  375.78796  32.8%   290  167s
   198   218  377.85312   23  187  558.93600  375.78796  32.8%   285  171s
   227   244  378.81109   25  191  558.93600  375.78796  32.8%   268  175s
   282   305  379.79737   28  189  558.93600  375.78796  32.8%   250  180s
   454   498  380.12651   35  187  558.93600  375.78796  32.8%   185  185s
   572   609  380.19764   40  188  558.93600  375.78796  32.8%   159  193s
   634   665  380.22349   44  192  558.93600  375.78796  32.8%   150  197s
   748   761  380.68653   52  189  558.93600  375.86051  32.8%   141  202s
   844   860  380.80560   56  188  558.93600  375.86051  32.8%   134  207s
   950   980  381.16788   61  187  558.93600  375.86051  32.8%   128  211s
  1075  1111  381.48545   68  185  558.93600  375.86051  32.8%   122  218s
  1152  1203  381.70330   70  187  558.93600  375.86051  32.8%   120  220s
  1337  1302  382.42023   75  190  558.93600  375.86051  32.8%   113  229s
  1345  1310  382.42405   76  191  558.93600  375.86051  32.8%   113  238s
  1353  1315  382.43198   77  191  558.93600  375.86051  32.8%   114  241s
  1370  1331  382.50513   79  191  558.93600  375.86051  32.8%   116  246s
  1378  1339  382.55393   80  188  558.93600  375.86051  32.8%   115  250s
  1394  1372  382.72087   82  184  558.93600  375.86051  32.8%   115  255s
  1419  1392  382.72087   83  184  558.93600  375.86051  32.8%   113  264s
  1441  1435  382.72679   84  184  558.93600  375.86051  32.8%   112  275s
  1484  1453  382.78092   85  186  558.93600  375.86051  32.8%   110  280s
  1506  1475  382.81590   86  189  558.93600  375.86051  32.8%   111  288s
  1530  1519  382.83942   87  185  558.93600  375.86051  32.8%   110  293s
  1574  1568  382.84218   88  194  558.93600  375.86051  32.8%   109  297s
  1625  1675  382.85337   89  196  558.93600  375.86051  32.8%   108  301s
  1846  1897  382.86627   91  193  558.93600  375.86051  32.8%   102  309s
  1964  2039  382.86739   92  189  558.93600  375.86051  32.8%  98.5  313s
  2110  2247  382.87798   93  191  558.93600  375.86051  32.8%  95.3  320s
  2505  2478  382.98789   95  195  558.93600  375.86051  32.8%  90.6  331s
  2587  2560  382.99738   96  196  558.93600  375.92265  32.7%  93.9  335s
  2670  2561  382.32881   48  190  558.93600  375.92265  32.7%  94.0  355s
  2672  2562  473.17255  295  150  558.93600  375.92265  32.7%  93.9  383s
  2673  2563  380.49187  197  163  558.93600  375.92265  32.7%  93.9  421s
  2674  2564  427.29514   68  157  558.93600  375.92265  32.7%  93.9  441s
  2675  2564  456.66865  505  182  558.93600  375.92265  32.7%  93.8  446s
  2677  2566  383.72368  105  178  558.93600  375.92265  32.7%  93.8  450s
  2678  2566  450.04086  378  183  558.93600  375.92265  32.7%  93.7  455s
  2679  2567  398.39197   79  190  558.93600  375.92265  32.7%  93.7  467s
  2682  2569  420.42007   20  193  558.93600  375.92265  32.7%  93.6  473s
  2683  2570  452.17230  154  194  558.93600  375.92265  32.7%  93.6  480s
  2685  2571  443.66621   67  194  558.93600  376.21362  32.7%  93.5  564s
  2686  2575  376.21362   16  195  558.93600  376.21362  32.7%   116  572s
  2688  2578  376.86590   17  190  558.93600  376.21362  32.7%   117  578s
  2692  2583  376.87238   18  194  558.93600  376.21362  32.7%   118  587s
  2700  2588  376.97333   19  191  558.93600  376.21362  32.7%   121  594s
  2708  2603  376.97914   20  190  558.93600  376.21362  32.7%   122  602s
  2732  2602  385.13165   21  154  558.93600  376.21362  32.7%   125  607s
  2741  2604  377.70403   22  195  558.93600  376.21362  32.7%   126  612s
  2752  2606  378.92746   22  161  558.93600  376.21362  32.7%   129  619s
  2763  2605  378.11629   23  184  558.93600  376.21362  32.7%   130  624s
  2774  2606  381.85403   23  151  558.93600  376.21362  32.7%   133  630s
  2785  2604  378.37865   24  181  558.93600  376.21362  32.7%   134  638s
  2796  2606  378.39165   25  183  558.93600  376.21362  32.7%   136  645s
  2808  2606  378.76811   26  188  558.93600  376.21362  32.7%   138  650s
  2822  2609  410.17433   26  174  558.93600  376.21362  32.7%   141  658s
  2836  2610  379.33906   27  189  558.93600  376.21362  32.7%   142  662s
  2849  2610     cutoff   27       558.93600  376.21362  32.7%   144  670s
  2862  2615  379.34398   28  187  558.93600  376.21362  32.7%   144  679s
  2877  2618  379.34691   29  187  558.93600  376.21362  32.7%   147  687s
  2893  2623  379.34919   30  187  558.93600  376.21362  32.7%   148  695s
  2909  2624  379.37136   31  184  558.93600  376.21362  32.7%   150  704s
  2924  2627  379.37832   32  184  558.93600  376.21362  32.7%   151  713s
  2944  2634  379.39062   33  189  558.93600  376.21362  32.7%   154  721s
  2967  2635  379.39388   34  188  558.93600  376.21362  32.7%   156  730s
  2992  2641  379.62478   35  191  558.93600  376.21362  32.7%   157  736s
  3016  2641  428.78457   35  167  558.93600  376.21362  32.7%   159  745s
  3038  2643  379.63372   36  194  558.93600  376.21362  32.7%   161  754s
  3066  2643  379.63833   37  193  558.93600  376.21362  32.7%   163  762s
  3101  2641  379.64143   38  190  558.93600  376.21362  32.7%   166  771s
  3117  2648  390.54130   38  166  558.93600  376.21362  32.7%   168  783s
  3143  2651  379.64791   39  193  558.93600  376.21362  32.7%   169  790s
  3171  2657  393.95883   39  161  558.93600  376.21362  32.7%   171  797s
  3204  2655  379.66337   40  190  558.93600  376.21362  32.7%   172  805s
  3237  2653  396.11508   40  161  558.93600  376.21362  32.7%   175  814s
  3286  2645  379.66767   41  190  558.93600  376.21362  32.7%   177  822s
  3340  2641  414.55057   41  150  558.93600  376.21362  32.7%   179  832s
  3402  2645  379.97940   42  196  558.93600  376.21362  32.7%   181  844s
  3455  2632  389.65087   42  180  558.93600  376.21362  32.7%   182 1132s
  3484  2646  379.98545   43  195  558.93600  376.21362  32.7%   182 1144s
  3549  2640  380.00649   44  196  558.93600  376.21362  32.7%   184 1155s
H 3607  2492                     518.6480000  376.21362  27.5%   185 1155s
  3608  2545  394.26821   44  157  518.64800  376.21362  27.5%   185 1165s
  3691  2535  380.06437   45  194  518.64800  376.21362  27.5%   185 1176s
  3728  2573  380.20300   46  197  518.64800  377.00139  27.3%   187 1186s
  3789  2596  380.20345   47  195  518.64800  377.04742  27.3%   189 1198s
  3840  2645  380.31872   48  199  518.64800  377.07419  27.3%   190 1206s
  3914  2693  380.46116   49  194  518.64800  377.11390  27.3%   191 1219s
H 3931  2565                     518.1520000  377.14430  27.2%   193 1219s
  3997  2624  380.48778   50  201  518.15200  377.14430  27.2%   192 1230s
  4088  2650  380.53945   51  202  518.15200  377.15821  27.2%   193 1246s
  4161  2687  380.60668   52  200  518.15200  377.20697  27.2%   196 1256s
  4226  2721  437.90579   53  173  518.15200  377.30929  27.2%   198 1270s
  4292  2766  380.77148   54  192  518.15200  377.36357  27.2%   200 1280s
  4371  2797  429.22735   55  174  518.15200  377.41310  27.2%   202 1295s
  4444  2861  427.91638   56  171  518.15200  377.47314  27.2%   203 1309s
  4544  2903  381.18605   58  200  518.15200  377.74890  27.1%   204 1321s
  4634  2941  381.92307   60  198  518.15200  377.76917  27.1%   206 1337s
  4720  3041  382.00388   62  196  518.15200  377.81165  27.1%   208 1352s
  4864  3159  382.07714   64  198  518.15200  377.88047  27.1%   207 1367s
  5046  3128  382.15178   66  200  518.15200  377.89325  27.1%   206 1386s
  5084  3260  382.15458   68  201  518.15200  377.90153  27.1%   207 1403s
  5249  3377  382.43939   70  202  518.15200  377.96527  27.1%   206 1418s
  5467  3435  382.49179   72  201  518.15200  378.00259  27.0%   204 1435s
  5637  3517  382.74650   74  199  518.15200  378.05602  27.0%   204 1451s
  5802  3616  382.92806   76  199  518.15200  378.15519  27.0%   205 1473s
  5977  3594  383.24758   79  203  518.15200  378.35937  27.0%   204 1497s
  6013  3760  422.97919   79  158  518.15200  378.36235  27.0%   203 1520s
  6215  3927  383.35811   81  199  518.15200  378.38956  27.0%   201 1540s
  6464  4157  415.05442   83  162  518.15200  378.59985  26.9%   199 1563s
  6803  4340  384.08243   86  200  518.15200  378.69227  26.9%   196 1584s
  7157  4460  384.68059   89  209  518.15200  378.74667  26.9%   193 1605s
  7466  4547  394.60579   91  170  518.15200  378.78147  26.9%   193 1626s
  7762  4675  385.34237   94  203  518.15200  378.78147  26.9%   193 1649s
  8137  4842  385.81128   97  209  518.15200  378.78147  26.9%   194 1672s
  8532  4896  386.11023  100  211  518.15200  378.78147  26.9%   193 1698s
  8774  5004  386.15288  103  208  518.15200  378.78147  26.9%   192 1724s
  9147  5122  386.33063  107  199  518.15200  378.93008  26.9%   192 1750s
  9640  5361  387.37164  110  198  518.15200  378.93008  26.9%   191 1776s
 10173  5802  387.69965  113  204  518.15200  379.34441  26.8%   189 1807s
 10785  5910  387.86623  116  203  518.15200  379.34441  26.8%   186 1835s
 11010  6155  388.34427  120  197  518.15200  379.94595  26.7%   191 1863s
 11353  6421  393.27950  123  152  518.15200  380.15386  26.6%   193 1896s
 11844  6712  389.24972  126  203  518.15200  380.31770  26.6%   193 1927s
 12251  6979  389.26297  130  201  518.15200  380.40258  26.6%   194 1961s
 12641  7274  389.57712  134  201  518.15200  380.71123  26.5%   195 1997s
 13112  7602  389.67875  139  202  518.15200  381.01870  26.5%   196 2033s
 13681  7792  389.91402  144  199  518.15200  381.19028  26.4%   196 2073s
 14015  8210  390.01395  146  205  518.15200  381.26265  26.4%   197 2114s
 14824  9193  390.20872  151  201  518.15200  381.63639  26.3%   196 2164s
 16140  9599  390.44399  158  200  518.15200  381.94891  26.3%   189 2183s
 16578 10107  390.49506  161  203  518.15200  382.01950  26.3%   186 2204s
 17097 10209  390.52136  164  204  518.15200  382.13576  26.3%   183 2233s
H17101 10200                     503.7680000  382.13576  24.1%   183 2233s
H17118 10200                     503.2720000  382.13576  24.1%   183 2233s
 17204 11161  390.54446  166  203  503.27200  382.13576  24.1%   183 2258s
 18188 12416  390.58866  170  203  503.27200  382.13576  24.1%   177 2285s
 19489 13070  390.59587  174  200  503.27200  382.18843  24.1%   168 2307s
 20195 13912  390.64187  178  205  503.27200  382.18843  24.1%   165 2332s
 21077 14380  390.87299  181  203  503.27200  382.18843  24.1%   162 2355s
 21610 15256  390.93336  184  200  503.27200  382.18843  24.1%   161 2383s
 22607 16073  391.02963  188  197  503.27200  382.18843  24.1%   157 2409s
 23464 16460  391.07184  192  206  503.27200  382.18843  24.1%   154 2437s
H23595 16457                     501.2880000  382.18843  23.8%   154 2437s
 23908 17362  391.09905  196  201  501.28800  382.18843  23.8%   153 2467s
 24886 18020  391.24832  200  190  501.28800  382.18843  23.8%   150 2491s
 25669 18939  391.39857  204  197  501.28800  382.37874  23.7%   149 2516s
 26684 19614  391.53145  208  192  501.28800  382.37874  23.7%   147 2546s
 27460 20587  391.61932  212  194  501.28800  382.37874  23.7%   145 2572s
 28531 20917  391.69778  216  194  501.28800  382.38140  23.7%   143 2596s
 28920 21490  391.74588  220  195  501.28800  382.38140  23.7%   143 2622s
 29533 21491  425.95398  164  190  501.28800  382.38140  23.7%   142 3068s
 29535 21492  421.98473  471  149  501.28800  382.38140  23.7%   142 3080s
 29536 21493  438.04858  278  175  501.28800  382.38140  23.7%   142 3108s
H29536 20418                     500.2960000  382.38140  23.6%   142 3112s
 29540 20421  407.15955  116  195  500.29600  382.38140  23.6%   142 3115s
 29541 20421  427.24940  525  200  500.29600  382.38140  23.6%   142 3128s
 29543 20423  391.11939  213  197  500.29600  382.38140  23.6%   142 3138s
 29544 20423  424.51622  485  205  500.29600  382.38140  23.6%   142 3147s
 29545 20424  393.69408   46  207  500.29600  382.38140  23.6%   142 3155s
 29546 20425  445.72934  143  209  500.29600  382.38140  23.6%   142 3165s
 29548 20426  420.19913  122  209  500.29600  382.38140  23.6%   142 3174s
 29549 20427  397.42150  883  208  500.29600  382.38140  23.6%   142 3182s
 29550 20427  394.63827   41  211  500.29600  382.38140  23.6%   142 3190s
 29551 20428  440.41266  404  214  500.29600  382.38140  23.6%   142 3198s
 29552 20429  422.64766  274  214  500.29600  382.38140  23.6%   142 3207s
 29553 20429  433.69710   78  211  500.29600  382.38140  23.6%   142 3218s
 29554 20430  390.13545   69  216  500.29600  382.38140  23.6%   142 3226s
 29555 20431  391.30436  219  215  500.29600  382.38140  23.6%   142 3243s
 29556 20431  433.70801  338  215  500.29600  382.38140  23.6%   142 3251s
 29557 20432  395.12180   35  215  500.29600  382.38140  23.6%   142 3260s
 29558 20436  382.38140   29  215  500.29600  382.38140  23.6%   143 3267s
 29560 20437  382.38140   30  214  500.29600  382.38140  23.6%   143 3271s
 29564 20440  382.38140   31  217  500.29600  382.38140  23.6%   144 3275s
 29578 20457  382.38140   33  221  500.29600  382.38140  23.6%   144 3283s
 29605 20454  382.38140   35  215  500.29600  382.38140  23.6%   144 3285s
 29613 20450  392.26347   35  161  500.29600  382.38140  23.6%   144 3290s
 29634 20456  391.17864   36  171  500.29600  382.38140  23.6%   145 3296s
 29654 20464  398.44570   37  156  500.29600  382.38140  23.6%   145 3301s
 29684 20473  387.60645   38  158  500.29600  382.38140  23.6%   146 3308s
 29698 20478  382.38140   39  213  500.29600  382.38140  23.6%   146 3310s
 29731 20487  382.38140   40  212  500.29600  382.38140  23.6%   146 3315s
 29765 20509  382.38140   41  214  500.29600  382.38140  23.6%   146 3322s
 29785 20520  382.38140   42  215  500.29600  382.38140  23.6%   147 3325s
 29831 20529  382.38140   43  168  500.29600  382.38140  23.6%   147 3330s
 29858 20539  382.38140   45  174  500.29600  382.38140  23.6%   147 3336s
 29876 20551  382.38140   46  166  500.29600  382.38140  23.6%   147 3340s
 29911 20564  382.38140   47  166  500.29600  382.38140  23.6%   148 3345s
 29957 20578  382.38140   48  168  500.29600  382.38140  23.6%   148 3350s
 30013 20595  382.38140   49  171  500.29600  382.38140  23.6%   148 3355s
 30074 20609  382.38140   50  164  500.29600  382.38140  23.6%   149 3360s
 30105 20628  382.38140   51  175  500.29600  382.38140  23.6%   149 3366s
 30171 20667  400.17140   53  136  500.29600  382.38140  23.6%   149 3371s
 30211 20694  396.40722   54  150  500.29600  382.38140  23.6%   150 3375s
 30311 20752  401.34505   56  136  500.29600  382.38140  23.6%   150 3381s
 30373 20770  386.26660   57  167  500.29600  382.38140  23.6%   150 3386s
 30434 20787  382.38140   59  174  500.29600  382.38140  23.6%   150 3392s
 30495 20801  405.14741   60  139  500.29600  382.38140  23.6%   151 3396s
 30558 20829  384.65648   61  163  500.29600  382.38140  23.6%   151 3400s
 30624 20866  382.38140   63  169  500.29600  382.38140  23.6%   152 3405s
 30701 20889  382.38140   65  158  500.29600  382.38140  23.6%   152 3410s
 30782 20921  382.38140   67  169  500.29600  382.38140  23.6%   152 3415s
 30961 20982  382.38140   71  161  500.29600  382.38140  23.6%   153 3424s
 31046 21010  382.38140   73  160  500.29600  382.38140  23.6%   154 3430s
 31209 21078  382.38140   77  170  500.29600  382.38140  23.6%   154 3439s
 31300 21115  382.38140   79  169  500.29600  382.38140  23.6%   155 3445s
 31397 21147  382.38140   81  168  500.29600  382.38140  23.6%   155 3451s
 31511 21159  382.38140   83  169  500.29600  382.38140  23.6%   156 3457s
 31598 21200  382.38140   85  170  500.29600  382.38140  23.6%   156 3463s
 31689 21245  382.38140   87  174  500.29600  382.38140  23.6%   156 3469s
 31800 21272  382.38140   89  178  500.29600  382.38140  23.6%   157 3475s
 31910 21254  400.76131   91  138  500.29600  382.38140  23.6%   157 3482s
 31946 21302  382.38140   93  171  500.29600  382.38140  23.6%   157 3489s
 32036 21352  382.38140   96  177  500.29600  382.38140  23.6%   158 3496s
 32152 21418  435.65754   98  144  500.29600  382.38140  23.6%   158 3503s
 32301 21456  382.38140  101  179  500.29600  382.38140  23.6%   158 3510s
 32463 21498  382.38140  104  170  500.29600  382.38140  23.6%   158 3518s
 32653 21505  407.44304  107  142  500.29600  382.38140  23.6%   158 3526s
 32840 21545  403.97422  110  145  500.29600  382.38140  23.6%   159 3535s
 33001 21605  382.38140  114  175  500.29600  382.38140  23.6%   159 3544s
 33177 21635  382.38140  118  183  500.29600  382.38140  23.6%   159 3554s
 33302 21684  382.38140  120  180  500.29600  382.38140  23.6%   159 3563s
 33434 21776  382.38140  123  185  500.29600  382.38140  23.6%   160 3572s
 33624 21875  382.38140  127  182  500.29600  382.38140  23.6%   160 3582s
 33863 21861  382.38140  132  193  500.29600  382.38140  23.6%   160 3585s

Cutting planes:
  MIR: 16
  Flow cover: 83
  Mod-K: 3

Explored 33964 nodes (5470292 simplex iterations) in 3585.91 seconds (8563.86 work units)
Thread count was 8 (of 40 available processors)

Solution count 10: 500.296 501.288 503.272 ... 586.664

Time limit reached
Best objective 5.002959999997e+02, best bound 3.823814040203e+02, gap 23.5690%

User-callback calls 732142, time in user-callback 4.19 sec
