
Gurobi 12.0.3 (linux64) logging started Sun Sep 13 14:19:53 2026

Set parameter LogFile to value "/share/scaglione/nc437/evsp-dr/cumulative_budget_20260913/cases/c2_k08/mip_warm/135614_r0/gurobi.log"
Set parameter OutputFlag to value 1
Set parameter TimeLimit to value 3600
Set parameter MIPGap to value 0.0001
Set parameter Threads to value 8
Set parameter TimeLimit to value 1800
Gurobi Optimizer version 12.0.3 build v12.0.3rc0 (linux64 - "Ubuntu 24.04.4 LTS")

CPU model: Intel(R) Xeon(R) Gold 6230 CPU @ 2.10GHz, instruction set [SSE2|AVX|AVX2|AVX512]
Thread count: 40 physical cores, 40 logical processors, using up to 8 threads

Non-default parameters:
TimeLimit  1800
Threads  8

Optimize a model with 173 rows, 42732 columns and 923036 nonzeros
Model fingerprint: 0xc48ce9d3
Variable types: 0 continuous, 42732 integer (42732 binary)
Coefficient statistics:
  Matrix range     [1e+00, 1e+00]
  Objective range  [1e+00, 1e+00]
  Bounds range     [1e+00, 1e+00]
  RHS range        [1e+00, 1e+00]

Loaded user MIP start with objective 43

Presolve removed 0 rows and 986 columns
Presolve time: 1.73s
Presolved: 173 rows, 41746 columns, 905298 nonzeros
Variable types: 0 continuous, 41746 integer (41746 binary)
Found heuristic solution: objective 38.0000000

Starting sifting (using dual simplex for sub-problems)...

    Iter     Pivots    Primal Obj      Dual Obj        Time
       0          0     infinity      0.0000000e+00      2s
       1        203   9.3000000e+01   1.8979592e+00      2s
       2        685   8.0000000e+00   3.6029412e+00      2s

Sifting complete


Root relaxation: objective 8.000000e+00, 1155 iterations, 0.13 seconds (0.09 work units)

    Nodes    |    Current Node    |     Objective Bounds      |     Work
 Expl Unexpl |  Obj  Depth IntInf | Incumbent    BestBd   Gap | It/Node Time

     0     0    8.00000    0   44   38.00000    8.00000  78.9%     -    2s
H    0     0                      13.0000000    8.00000  38.5%     -    2s
H    0     0                      10.0000000    8.00000  20.0%     -    2s
H    0     0                       9.0000000    8.00000  11.1%     -    2s
     0     0    8.00000    0   41    9.00000    8.00000  11.1%     -    4s
H    0     0                       8.0000000    8.00000  0.00%     -    7s
     0     0    8.00000    0   42    8.00000    8.00000  0.00%     -    8s

Cutting planes:
  MIR: 2

Explored 1 nodes (15122 simplex iterations) in 8.24 seconds (8.30 work units)
Thread count was 8 (of 40 available processors)

Solution count 6: 8 9 10 ... 43

Optimal solution found (tolerance 1.00e-04)
Best objective 8.000000000000e+00, best bound 8.000000000000e+00, gap 0.0000%

User-callback calls 1984, time in user-callback 0.01 sec
Set parameter TimeLimit to value 3.5907740292549133e+03
Gurobi Optimizer version 12.0.3 build v12.0.3rc0 (linux64 - "Ubuntu 24.04.4 LTS")

CPU model: Intel(R) Xeon(R) Gold 6230 CPU @ 2.10GHz, instruction set [SSE2|AVX|AVX2|AVX512]
Thread count: 40 physical cores, 40 logical processors, using up to 8 threads

Non-default parameters:
TimeLimit  3.5907740292549133e+03
Threads  8

Optimize a model with 174 rows, 42732 columns and 965768 nonzeros
Model fingerprint: 0xae52a4f5
Variable types: 0 continuous, 42732 integer (42732 binary)
Coefficient statistics:
  Matrix range     [1e+00, 1e+00]
  Objective range  [1e-11, 1e+02]
  Bounds range     [1e+00, 1e+00]
  RHS range        [1e+00, 8e+00]

Loaded user MIP start with objective 446.976
MIP start from previous solve did not produce a new incumbent solution

Presolve removed 0 rows and 106 columns
Presolve time: 1.75s
Presolved: 174 rows, 42626 columns, 963058 nonzeros
Variable types: 0 continuous, 42626 integer (42626 binary)

Starting sifting (using dual simplex for sub-problems)...

    Iter     Pivots    Primal Obj      Dual Obj        Time
       0          0     infinity     -1.1641532e-10      2s
       1        306   5.9819464e+07   8.5176716e+01      2s
       2       1465   4.2687079e+06   9.8163188e+01      2s
       3       2647   7.3507276e+04   1.0038793e+02      2s
       4       3844   3.2917174e+02   1.1153630e+02      2s
       5       4796   2.8582863e+02   1.3571614e+02      2s
       6       5626   2.6062477e+02   1.8326928e+02      2s
       7       6786   2.4236626e+02   1.9449727e+02      3s
       8       7694   2.3804076e+02   2.1829124e+02      3s
       9       8851   2.3662155e+02   2.2350336e+02      3s
      10      10152   2.3636519e+02   2.2787093e+02      3s
      11      11258   2.3603642e+02   2.3040907e+02      3s
      12      12917   2.3592543e+02   2.3125780e+02      3s
      13      14434   2.3592065e+02   2.3177331e+02      3s
      14      15761   2.3592065e+02   2.3217764e+02      4s
      15      17528   2.3592065e+02   2.3306832e+02      4s
      16      18695   2.3591447e+02   2.3351105e+02      4s
      17      19621   2.3591447e+02   2.3435250e+02      4s
      18      21009   2.3591447e+02   2.3445426e+02      4s

Sifting complete


Root relaxation: objective 2.359145e+02, 22297 iterations, 2.89 seconds (3.93 work units)

    Nodes    |    Current Node    |     Objective Bounds      |     Work
 Expl Unexpl |  Obj  Depth IntInf | Incumbent    BestBd   Gap | It/Node Time

     0     0  235.91447    0  101  446.97600  235.91447  47.2%     -    4s
     0     0  235.92734    0  104  446.97600  235.92734  47.2%     -   12s
H    0     0                     439.2480000  235.92734  46.3%     -   21s
H    0     0                     424.8640000  235.92734  44.5%     -   22s
H    0     0                     388.9520000  235.92734  39.3%     -   22s
     0     0  235.98974    0  106  388.95200  235.98974  39.3%     -   27s
     0     0  236.09164    0  111  388.95200  236.09164  39.3%     -   30s
     0     0  236.13938    0  113  388.95200  236.13938  39.3%     -   31s
     0     0  236.15095    0  113  388.95200  236.15095  39.3%     -   32s
     0     0  236.21579    0  122  388.95200  236.21579  39.3%     -   34s
     0     0  236.22973    0  125  388.95200  236.22973  39.3%     -   34s
     0     0  236.24171    0  127  388.95200  236.24171  39.3%     -   35s
     0     0  236.28232    0  129  388.95200  236.28232  39.3%     -   36s
     0     0  236.28290    0  135  388.95200  236.28290  39.3%     -   37s
     0     0  236.28409    0  135  388.95200  236.28409  39.3%     -   37s
H    0     0                     385.2320000  236.28409  38.7%     -   38s
     0     0  236.28414    0  135  385.23200  236.28414  38.7%     -   38s
H    0     0                     376.0160000  236.28414  37.2%     -   46s
     0     2  236.28414    0  135  376.01600  236.28414  37.2%     -   47s
     1     4  236.28924    1  137  376.01600  236.28451  37.2%   175   50s
     7    14  236.47808    3  135  376.01600  236.42284  37.1%   840   55s
    15    22  236.49417    4  133  376.01600  236.47849  37.1%   582   60s
H   37    52                     373.7840000  236.49491  36.7%   372   61s
    81    83  236.58998    8  124  373.78400  236.49491  36.7%   210   65s
   129   124  236.64843   12  120  373.78400  236.49491  36.7%   182   70s
   163   154  236.65106   15  121  373.78400  236.49491  36.7%   155   75s
   213   206  236.65894   20  119  373.78400  236.49491  36.7%   130   82s
   248   245  236.67325   25  119  373.78400  236.49491  36.7%   120   85s
   306   310  236.72419   36  116  373.78400  236.49491  36.7%   109   90s
   473   493  236.92112   57  125  373.78400  236.49491  36.7%  91.9   95s
   712   748  237.02374   81  127  373.78400  236.49491  36.7%  77.7  100s
   939   990  237.16844  111  124  373.78400  236.49491  36.7%  70.2  105s
H 1099  1153                     366.3040000  236.49491  35.4%  65.8  107s
H 1113  1153                     361.3040000  236.49491  34.5%  65.5  107s
  1263  1268  237.35030  150  130  361.30400  236.49491  34.5%  63.0  110s
  1311  1320  237.38269  156  129  361.30400  236.49491  34.5%  62.4  116s
  1545  1666  237.43930  163  132  361.30400  236.49491  34.5%  58.4  120s
  2037  2192  237.62309  202  126  361.30400  236.49491  34.5%  52.2  125s
  2413  2405  237.75401  223  137  361.30400  236.49491  34.5%  49.3  132s
  2426  2440  237.75761  224  136  361.30400  236.49491  34.5%  49.5  145s
  2518  2606  237.85665  241  134  361.30400  236.49491  34.5%  49.0  150s
  2637  2661  237.90884  263  128  361.30400  236.49491  34.5%  48.0  155s
H 2638  2661                     349.0240000  236.49491  32.2%  48.0  155s
  3042  3371  237.98106  286  129  349.02400  236.49491  32.2%  44.9  163s
  3412  3643  238.05144  303  137  349.02400  236.49491  32.2%  43.4  168s
  3694  3651  238.13579  319  133  349.02400  236.49491  32.2%  42.6  171s
H 3696  3651                     344.3120000  236.49491  31.3%  42.6  171s
  3702  3949  238.14378  320  130  344.31200  236.49491  31.3%  42.6  177s
  4235  4394  238.28688  370  138  344.31200  236.49491  31.3%  41.3  181s
  4719  4976  238.48987  412  138  344.31200  236.49491  31.3%  40.4  187s
  5037  5035  238.68819  426  129  344.31200  236.49491  31.3%  39.6  190s
  5284  5517  238.71679  430  136  344.31200  236.49491  31.3%  38.8  198s
  5588  5814  238.79434  447  140  344.31200  236.49491  31.3%  38.4  201s
  5885  6085  238.91278  469  141  344.31200  236.49491  31.3%  37.9  208s
  6180  6325  239.09102  495  140  344.31200  236.49491  31.3%  38.1  210s
  6421  6326  250.48613  118  135  344.31200  236.49491  31.3%  38.1  219s
  6423  6327  254.23596  119  101  344.31200  236.49491  31.3%  38.1  236s
  6424  6328  289.61510 1012  111  344.31200  236.49491  31.3%  38.1  254s
  6425  6329  269.70205  417  120  344.31200  236.49491  31.3%  38.1  258s
  6426  6329  263.96885  103  124  344.31200  236.49491  31.3%  38.1  260s
  6432  6333  279.51316  721  128  344.31200  236.49491  31.3%  38.0  265s
  6435  6335  238.31342  364  137  344.31200  236.49491  31.3%  38.0  271s
  6437  6337  272.98484  512  137  344.31200  236.49491  31.3%  38.0  282s
  6438  6340  236.49491   10  137  344.31200  236.49491  31.3%  42.3  286s
  6444  6346  236.49491   12  136  344.31200  236.49491  31.3%  43.0  293s
  6452  6350  236.49491   13  136  344.31200  236.49491  31.3%  43.7  297s
  6460  6359  236.49491   14  125  344.31200  236.49491  31.3%  44.2  302s
  6484  6358  242.83214   15   98  344.31200  236.49491  31.3%  45.5  306s
  6504  6363  236.49491   17  126  344.31200  236.49491  31.3%  46.2  313s
  6514  6366  236.49491   18  128  344.31200  236.49491  31.3%  46.5  318s
  6524  6371  236.49491   19  135  344.31200  236.49491  31.3%  47.4  322s
  6534  6373  236.49491   20  134  344.31200  236.49491  31.3%  47.8  326s
H 6548  6060                     340.3440000  236.49491  30.5%  48.4  330s
  6586  6073  236.49491   23  136  340.34400  236.49491  30.5%  49.6  338s
  6607  6076  236.49491   24  136  340.34400  236.49491  30.5%  50.2  341s
  6623  6087  236.49491   25  136  340.34400  236.49491  30.5%  50.8  345s
H 6645  5791                     339.8480000  236.49491  30.4%  51.7  348s
  6658  5801  236.49491   27  133  339.84800  236.49491  30.4%  52.0  352s
  6678  5813  236.49491   28  135  339.84800  236.49491  30.4%  52.6  355s
  6719  5838  236.49491   30  134  339.84800  236.49491  30.4%  53.8  361s
  6745  5842  236.49491   31  134  339.84800  236.49491  30.4%  54.3  366s
H 6753  5553                     339.3520000  236.49491  30.3%  54.7  366s
  6789  5577  236.49491   33  136  339.35200  236.49491  30.3%  55.4  372s
  6808  5596  248.47309   33  106  339.35200  236.49491  30.3%  56.1  376s
  6835  5608  236.49491   34  135  339.35200  236.49491  30.3%  56.5  380s
  6887  5620  236.49491   35  136  339.35200  236.49491  30.3%  57.6  389s
  6895  5623  249.95652   35  102  339.35200  236.49491  30.3%  57.9  392s
  6904  5627  236.49491   36  135  339.35200  236.49491  30.3%  58.1  398s
  6915  5634  245.24567   36   98  339.35200  236.49491  30.3%  58.6  413s
  6930  5646  236.49491   37  131  339.35200  236.49491  30.3%  59.0  416s
  6984  5665  236.49491   38  132  339.35200  236.49491  30.3%  60.2  423s
  7002  5671  256.25538   38   87  339.35200  236.49491  30.3%  60.8  428s
  7018  5684  236.49491   39  133  339.35200  236.49491  30.3%  61.3  432s
  7042  5705  236.49491   40  131  339.35200  236.49491  30.3%  61.9  436s
  7075  5718  236.49491   41  131  339.35200  236.49491  30.3%  62.5  440s
  7141  5751  236.49491   43  133  339.35200  236.49491  30.3%  63.9  457s
  7159  5785  239.19602   43  122  339.35200  236.49491  30.3%  64.2  461s
  7207  5800  239.06826   44  100  339.35200  236.49491  30.3%  65.0  466s
  7242  5831  236.49491   45  133  339.35200  236.49491  30.3%  65.5  470s
  7298  5847  246.56835   46  103  339.35200  236.59318  30.3%  66.6  475s
  7344  5882  236.66380   47  122  339.35200  236.66380  30.3%  67.2  480s
  7415  5909  236.69130   48  128  339.35200  236.69130  30.3%  68.1  487s
  7473  5897  236.69298   49  127  339.35200  236.69130  30.3%  68.6  494s
  7485  5943  252.36018   49  103  339.35200  236.69306  30.3%  69.1  500s
  7553  5994  236.70100   50  127  339.35200  236.70100  30.2%  69.9  505s
  7646  6024  236.77107   51  130  339.35200  236.77107  30.2%  70.8  513s
H 7693  5736                     337.7040000  236.78997  29.9%  71.6  513s
  7725  5814  249.17895   52   98  337.70400  236.79677  29.9%  71.7  519s
  7829  5853  236.81198   54  129  337.70400  236.81198  29.9%  72.5  527s
  7914  5885  236.86255   55  135  337.70400  236.86255  29.9%  73.1  534s
  8002  5886  236.87698   56  136  337.70400  236.86309  29.9%  73.8  546s
  8038  5913  245.01185   56  103  337.70400  236.87721  29.9%  74.5  555s
  8095  5965  236.92977   57  133  337.70400  236.92977  29.8%  75.5  564s
  8193  6021  236.93874   58  131  337.70400  236.93874  29.8%  76.7  571s
  8313  6080  236.94850   60  134  337.70400  236.94850  29.8%  78.1  579s
  8451  6156  236.95899   62  132  337.70400  236.95899  29.8%  79.7  587s
  8601  6256  236.98811   64  134  337.70400  236.98101  29.8%  81.0  596s
  8815  6330  237.07996   66  132  337.70400  236.98101  29.8%  82.4  604s
  9007  6409  237.11294   69  134  337.70400  236.98101  29.8%  83.7  613s
  9212  6431  237.19705   72  133  337.70400  236.98101  29.8%  85.2  624s
  9364  6543  250.88559   74  100  337.70400  236.98101  29.8%  86.6  633s
  9592  6665  237.22051   76  134  337.70400  236.98101  29.8%  87.0  644s
  9875  6817  237.24395   78  133  337.70400  236.98101  29.8%  88.0  654s
 10183  7002  237.26924   80  135  337.70400  237.00555  29.8%  88.1  665s
 10491  7275  237.29490   82  134  337.70400  237.00555  29.8%  87.7  675s
 10888  7458  243.71246   84  111  337.70400  237.00555  29.8%  87.0  687s
 11220  7623  237.33069   87  135  337.70400  237.00555  29.8%  86.3  701s
 11510  7924  237.41712   89  131  337.70400  237.00555  29.8%  85.7  712s
 11950  7997  237.45681   92  133  337.70400  237.00555  29.8%  85.5  724s
 12226  8068  237.48810   95  129  337.70400  237.00555  29.8%  86.3  738s
 12414  8041  237.52058   96  130  337.70400  237.00555  29.8%  86.8  751s
 12462  8501  237.58570   98  133  337.70400  237.00555  29.8%  87.1  765s
 12991  8719  237.62341  102  131  337.70400  237.00555  29.8%  86.5  777s
 13463  8961  237.68088  105  133  337.70400  237.00555  29.8%  86.2  790s
 13971  9224  237.74003  108  135  337.70400  237.00555  29.8%  86.1  803s
 14467  9878  237.79515  111  133  337.70400  237.00555  29.8%  85.9  903s
 15385  9806  237.83395  115  137  337.70400  237.00555  29.8%  84.3  915s
 15642  9879  237.85259  117  137  337.70400  237.00555  29.8%  83.8  926s
 15853 10138  237.92734  120  133  337.70400  237.00555  29.8%  84.2  939s
 16269 10372  237.96301  122  145  337.70400  237.00555  29.8%  84.1  951s
 16764 10536  237.98411  124  144  337.70400  237.00555  29.8%  83.9  965s
 17183 10961  238.02571  126  144  337.70400  237.00555  29.8%  84.2  977s
 17896 11120  238.07495  130  141  337.70400  237.00555  29.8%  84.0 1216s
 18454 11397  238.09582  133  139  337.70400  237.00555  29.8%  83.7 1231s
 19048 12047  238.11817  135  142  337.70400  237.00555  29.8%  83.6 1247s
 20122 12263  238.13693  139  139  337.70400  237.00555  29.8%  82.6 1262s
 21088 12016  238.16997  142  141  337.70400  237.00555  29.8%  82.9 1281s
 21305 12300  238.17429  144  142  337.70400  237.00555  29.8%  83.4 1297s
 22394 12602  238.22019  147  139  337.70400  237.61750  29.6%  83.9 1310s
 23085 13336  238.24368  151  139  337.70400  237.64906  29.6%  84.1 1325s
 23962 13772  238.27804  155  138  337.70400  237.64906  29.6%  83.9 1341s
 24645 14153  238.31851  160  140  337.70400  237.71644  29.6%  84.8 1359s
 25396 14542  238.34464  165  139  337.70400  237.71644  29.6%  86.2 1377s
 26332 14875  238.39467  171  140  337.70400  237.81116  29.6%  86.8 1392s
 26775 15809  238.46740  176  137  337.70400  237.81116  29.6%  87.4 1411s
 28024 16013  238.51182  181  140  337.70400  237.82138  29.6%  87.1 1428s
 28361 16523  238.56343  186  138  337.70400  237.82138  29.6%  88.0 1444s
 29092 16524  271.94813  178  135  337.70400  237.82138  29.6%  88.8 1523s
 29094 16525  264.76461   97  101  337.70400  237.82138  29.6%  88.8 1532s
 29095 16526  255.31150  258  106  337.70400  237.82138  29.6%  88.8 1540s
 29101 16530  256.00216  281  137  337.70400  237.82138  29.6%  88.8 1546s
 29106 16533  277.15740  176  147  337.70400  237.82138  29.6%  88.7 1550s
 29110 16536  258.18733   51  152  337.70400  237.82138  29.6%  88.7 1555s
 29113 16538  279.08967  236  152  337.70400  237.82138  29.6%  88.7 1563s
 29114 16542  237.82138   20  148  337.70400  237.82138  29.6%  89.0 1565s
 29116 16545  237.82138   21  150  337.70400  237.82138  29.6%  89.1 1570s
 29128 16557  237.82138   23  150  337.70400  237.82138  29.6%  89.5 1575s
 29200 16590  237.82138   26  152  337.70400  237.82138  29.6%  90.1 1580s
 29249 16600  237.82138   28  151  337.70400  237.82138  29.6%  90.5 1585s
 29288 16611  237.82138   30  152  337.70400  237.82138  29.6%  91.0 1591s
 29320 16622  237.82138   33  150  337.70400  237.82138  29.6%  91.4 1595s
 29380 16645  237.82138   37  152  337.70400  237.82138  29.6%  92.1 1601s
 29435 16659  237.82138   40  150  337.70400  237.82138  29.6%  92.6 1605s
 29514 16682  237.82138   43  150  337.70400  237.82138  29.6%  93.3 1610s
 29654 16716  237.82138   47  148  337.70400  237.82138  29.6%  94.4 1616s
 29771 16760  237.82138   50  148  337.70400  237.82138  29.6%  95.5 1621s
 29892 16812  251.60170   53  104  337.70400  237.82138  29.6%  96.8 1625s
 29983 16855  259.86061   55  105  337.70400  237.82138  29.6%  97.7 1630s
 30114 16919  254.09054   58   97  337.70400  237.82138  29.6%  99.2 1636s
 30214 16961  237.82138   62  140  337.70400  237.82138  29.6%   100 1641s
 30308 17004  237.82138   64  140  337.70400  237.82138  29.6%   101 1646s
 30421 17055  237.82138   67  136  337.70400  237.82138  29.6%   102 1651s
 30563 17116  237.82138   71  132  337.70400  237.82138  29.6%   103 1656s
H30682 16296                     336.4640000  237.82138  29.3%   104 1659s
 30706 16342  237.82138   75  136  336.46400  237.82138  29.3%   104 1662s
 30789 16376  237.82138   77  137  336.46400  237.82138  29.3%   105 1665s
 30936 16428  237.82138   81  134  336.46400  237.82138  29.3%   106 1672s
 31019 16418  237.82138   83  134  336.46400  237.82138  29.3%   107 1676s
 31057 16456  249.16267   83  106  336.46400  237.82138  29.3%   107 1680s
 31254 16533  237.82138   87  135  336.46400  237.82138  29.3%   109 1687s
 31371 16513  243.01657   89  106  336.46400  237.82138  29.3%   110 1691s
 31395 16546  237.82138   90  132  336.46400  237.82138  29.3%   110 1695s
 31458 16576  249.19113   91   97  336.46400  237.82138  29.3%   110 1700s
 31529 16583  237.82138   94  131  336.46400  237.82138  29.3%   111 1705s
 31575 16657  237.82138   97  132  336.46400  237.82138  29.3%   111 1710s
 31870 16709  250.57256  103   98  336.46400  237.82138  29.3%   114 1719s
 31970 16756  237.82138  107  127  336.46400  237.82138  29.3%   114 1724s
 32123 16800  237.82138  111  130  336.46400  237.82138  29.3%   115 1729s
 32296 16847  237.82138  115  129  336.46400  237.82138  29.3%   116 1734s
 32496 16885  237.82138  119  133  336.46400  237.82138  29.3%   117 1739s
 32699 16927  237.82138  124  133  336.46400  237.82138  29.3%   118 1745s
 32917 16937  237.82138  129  135  336.46400  237.82138  29.3%   119 1751s
 33120 16969  237.82138  133  138  336.46400  237.82138  29.3%   120 1756s
 33387 16963  243.14355  137   97  336.46400  237.82138  29.3%   121 1763s
 33641 16951  237.82138  142  141  336.46400  237.82138  29.3%   122 1769s
 33874 16999  237.82138  145  140  336.46400  237.82138  29.3%   123 1776s
 34191 17087  256.57268  149  111  336.46400  237.82138  29.3%   124 1783s
 34483 17263  237.82138  154  142  336.46400  237.82138  29.3%   124 1790s
 34819 17356  237.82138  159  144  336.46400  237.82138  29.3%   125 1798s
 35069 17617  256.52789  163  103  336.46400  237.82138  29.3%   125 1806s
 35476 17702  237.82138  168  146  336.46400  237.82138  29.3%   125 1815s
 35785 18076  237.82138  172  143  336.46400  237.82138  29.3%   125 1823s
 36355 18166  237.83142  179  141  336.46400  237.82138  29.3%   125 1833s
 36687 18767  237.87922  186  145  336.46400  237.82138  29.3%   125 1842s
 37539 19155  237.94117  192  145  336.46400  237.82138  29.3%   125 1851s
 38502 19373  237.96062  199  145  336.46400  237.82138  29.3%   124 1860s
 39373 19680  237.98566  206  147  336.46400  237.82138  29.3%   123 1869s
 40308 19727  238.01494  212  147  336.46400  237.82138  29.3%   123 1880s
 40896 20135  238.04163  219  141  336.46400  237.82138  29.3%   122 1890s
 41676 20863  238.05266  227  142  336.46400  237.82138  29.3%   122 1900s
 42901 21470  238.09842  234  142  336.46400  237.82138  29.3%   121 1910s
 44218 21032  285.60038  111  135  336.46400  237.82138  29.3%   119 2056s
 44220 21033  263.23355  369  101  336.46400  237.82138  29.3%   119 2065s
 44221 21034  276.68625  326  115  336.46400  237.82138  29.3%   119 2073s
 44222 21035  272.88017  235  112  336.46400  237.82138  29.3%   119 2075s
 44231 21041  259.78152  242  148  336.46400  237.82138  29.3%   119 2080s
 44238 21045  257.10411   65  166  336.46400  237.82138  29.3%   119 2092s
 44239 21046  274.96482   34  165  336.46400  237.82138  29.3%   119 2097s
 44240 21047  264.29115  167  168  336.46400  237.82138  29.3%   119 2102s
 44241 21047  265.33312  785  166  336.46400  237.82138  29.3%   119 2107s
 44243 21049  258.11836   73  168  336.46400  237.82138  29.3%   119 2112s
 44244 21049  310.29796   87  168  336.46400  237.82138  29.3%   119 2117s
 44245 21050  244.59648   64  168  336.46400  237.82138  29.3%   119 2129s
 44246 21054  237.82138   30  167  336.46400  237.82138  29.3%   119 2131s
 44252 21062  237.82138   32  167  336.46400  237.82138  29.3%   119 2135s
 44302 21079  245.89011   35  102  336.46400  237.82138  29.3%   120 2141s
 44357 21079  247.80070   37  107  336.46400  237.82138  29.3%   120 2146s
 44410 21071  237.82138   39  148  336.46400  237.82138  29.3%   120 2150s
 44460 21074  237.82138   41  148  336.46400  237.82138  29.3%   120 2156s
 44493 21077  237.82138   43  151  336.46400  237.82138  29.3%   120 2160s
 44588 21086  237.82138   47  151  336.46400  237.82138  29.3%   121 2167s
 44646 21093  237.82138   49  147  336.46400  237.82138  29.3%   121 2171s
 44760 21101  254.87017   50   98  336.46400  237.82138  29.3%   121 2175s
 44964 21129  243.64462   52  101  336.46400  237.82138  29.3%   122 2180s
 45073 21165  237.82138   54  145  336.46400  237.82138  29.3%   122 2185s
 45219 21198  254.46439   55  106  336.46400  237.82138  29.3%   122 2190s
 45333 21242  251.81468   57  104  336.46400  237.82138  29.3%   122 2196s
 45461 21284  249.15126   58  101  336.46400  237.82138  29.3%   122 2200s
 45619 21333  244.45502   59  100  336.46400  237.82138  29.3%   122 2205s
 45745 21345  237.92801   61  142  336.46400  237.92801  29.3%   122 2210s
 45778 21393  237.92933   62  146  336.46400  237.92933  29.3%   122 2215s
 45916 21457  237.95771   65  147  336.46400  237.95771  29.3%   123 2221s
 46077 21558  238.04214   68  141  336.46400  238.04214  29.3%   123 2226s
 46218 21620  256.45550   70   95  336.46400  238.04935  29.2%   123 2232s
 46317 21673  238.43414   72  134  336.46400  238.04935  29.2%   123 2235s
 46567 21753  248.81303   77  101  336.46400  238.04935  29.2%   123 2242s
 46668 21802  238.55386   79  131  336.46400  238.04958  29.2%   123 2246s
 46844 21860  238.68423   84  131  336.46400  238.05707  29.2%   123 2253s
 46896 21874  258.52858   85   96  336.46400  238.05707  29.2%   123 2259s
 46935 21910  238.73933   88  136  336.46400  238.05707  29.2%   124 2264s
 46996 21966  238.76126   91  137  336.46400  238.05707  29.2%   124 2268s
 47084 22020  238.84120   94  144  336.46400  238.05707  29.2%   124 2272s
 47184 22060  238.86984   97  143  336.46400  238.05707  29.2%   124 2276s
 47274 22061  238.91709  101  142  336.46400  238.05707  29.2%   124 2281s
 47327 22157  238.93073  104  145  336.46400  238.05707  29.2%   124 2286s
 47469 22239  238.95405  108  138  336.46400  238.05707  29.2%   124 2290s
 47622 22295  239.02567  112  138  336.46400  238.05707  29.2%   124 2296s
 47800 22325  239.04774  116  141  336.46400  238.05707  29.2%   124 2301s
 47899 22442  239.05346  119  141  336.46400  238.06061  29.2%   124 2306s
 48049 22550  239.14854  123  145  336.46400  238.06061  29.2%   124 2311s
 48207 22601  239.18495  127  141  336.46400  238.06061  29.2%   124 2318s
 48313 22724  254.51531  127   96  336.46400  238.06061  29.2%   124 2324s
 48477 22859  239.30265  132  142  336.46400  238.06061  29.2%   124 2330s
 48675 22955  239.31776  136  141  336.46400  238.06061  29.2%   124 2337s
 48863 23159  255.63600  139   93  336.46400  238.06061  29.2%   124 2343s
 49145 23124  246.07488  144  111  336.46400  238.06061  29.2%   124 2352s
 49249 23145  239.67287  149  139  336.46400  238.06061  29.2%   125 2360s
 49332 23158  254.46801  155   94  336.46400  238.06074  29.2%   125 2369s
 49373 23300  239.82904  156  141  336.46400  238.06074  29.2%   125 2377s
 49547 23460  273.88248  156   86  336.46400  238.06074  29.2%   125 2385s
 49784 23706  240.02948  162  151  336.46400  238.06074  29.2%   125 2392s
 50124 24000  240.13387  168  153  336.46400  238.06074  29.2%   125 2401s
 50552 24327  240.21893  176  143  336.46400  238.06074  29.2%   126 2409s
 51074 24663  240.27246  184  144  336.46400  238.06074  29.2%   125 2418s
 51670 24977  240.49526  192  147  336.46400  238.06074  29.2%   125 2428s
 52243 25340  240.56615  198  147  336.46400  238.06074  29.2%   125 2437s
 52865 25697  240.74316  207  150  336.46400  238.06074  29.2%   125 2447s
 53568 26063  240.81986  214  150  336.46400  238.06074  29.2%   124 2457s
 54630 26213  240.96422  224  144  336.46400  238.06074  29.2%   124 2466s
 55287 26521  241.11957  230  149  336.46400  238.12336  29.2%   123 2476s
 55989 26623  241.25517  240  145  336.46400  238.12336  29.2%   123 2489s
 56530 27266  241.29813  242  145  336.46400  238.16340  29.2%   123 2501s
 57407 27597  241.52138  254  149  336.46400  238.16340  29.2%   122 2512s
 58203 28052  241.72577  264  148  336.46400  238.16340  29.2%   122 2523s
 59210 29112  241.92597  276  148  336.46400  238.18081  29.2%   121 2541s
 60871 28917  242.10006  288  147  336.46400  238.21063  29.2%   120 2548s
 61381 29198  242.17921  295  143  336.46400  238.21063  29.2%   120 2555s
 61898 29864  242.24608  300  141  336.46400  238.21063  29.2%   119 2564s
 63080 30106  242.32348  308  143  336.46400  238.21063  29.2%   118 2572s
 63961 30515  242.44654  315  146  336.46400  238.25366  29.2%   117 2578s
 64707 31175  242.57877  323  143  336.46400  238.25366  29.2%   117 2586s
 65670 31603  242.66968  330  148  336.46400  238.25366  29.2%   116 2594s
 66494 32378  280.30237  337   89  336.46400  238.25366  29.2%   115 2600s
 67584 32944  243.12021  344  137  336.46400  238.25366  29.2%   114 2606s
 68560 33534  243.26228  352  143  336.46400  238.25366  29.2%   113 2613s
 69580 34262  243.48196  359  141  336.46400  238.44376  29.1%   113 2620s
 70760 34041  243.72702  367  142  336.46400  238.47000  29.1%   112 2627s
 70946 34013  244.07596  375  142  336.46400  238.47000  29.1%   112 2635s
 70982 34289  244.30655  382  139  336.46400  238.47000  29.1%   112 2642s
 71332 34922  244.56222  390  139  336.46400  238.47000  29.1%   112 2648s
 72176 35561  244.66609  397  135  336.46400  238.47000  29.1%   112 2655s
 73200 36095  244.84083  404  135  336.46400  238.51795  29.1%   111 2662s
 74226 37291  244.96699  411  140  336.46400  238.52296  29.1%   111 2676s
 75976 37622  245.31536  425  136  336.46400  238.54789  29.1%   110 2684s
 77011 38045  245.64337  432  140  336.46400  238.54789  29.1%   110 2691s
 77930 38041  245.89341  438  142  336.46400  238.55908  29.1%   109 2696s
 78426 38331     cutoff  445       336.46400  238.55963  29.1%   109 2701s
 79058 38825  246.26834  453  138  336.46400  238.55963  29.1%   110 2708s
 79933 39605  246.52726  460  134  336.46400  238.55963  29.1%   109 2714s
 81187 39670  246.79051  469  136  336.46400  238.55963  29.1%   109 2721s
 81869 39746  246.96126  475  130  336.46400  238.55963  29.1%   108 2726s
 82355 39795  247.22547  482  137  336.46400  238.58603  29.1%   108 2732s
 82688 40351     cutoff  486       336.46400  238.58603  29.1%   108 2738s
 83591 40656  247.78861  495  133  336.46400  238.58603  29.1%   108 2744s
 84365 41007  289.98465  505   85  336.46400  238.65223  29.1%   108 2750s
 85120 41659  248.59770  514  132  336.46400  238.68086  29.1%   108 2757s
 86058 42324  249.09866  522  135  336.46400  238.68086  29.1%   107 2762s
 87123 43068  250.56527  532  130  336.46400  238.68086  29.1%   107 2769s
 88350 43351  251.33049  546  126  336.46400  238.68086  29.1%   106 2775s
 89239 44614  251.81624  557  124  336.46400  238.71738  29.1%   106 2788s
 91093 44502  259.57628  593  114  336.46400  238.71738  29.1%   105 2794s
 91797 44691  268.02904  620  103  336.46400  238.73385  29.0%   105 2799s
 92413 45133  246.54789  110  124  336.46400  238.73385  29.0%   104 2806s
 93139 45784  250.69050  175  123  336.46400  238.73385  29.0%   104 2812s
 94180 46490  256.84668  328  116  336.46400  238.85335  29.0%   104 2818s
 95307 47278  255.55195  119  100  336.46400  238.85335  29.0%   103 2824s
 96600 48035  292.82644  333   77  336.46400  238.85335  29.0%   102 2830s
 98924 49273  251.90904  220  134  336.46400  238.85335  29.0%   101 2839s
 100179 49817  255.71199  291  135  336.46400  238.92898  29.0%   100 2844s
 101178 50113  261.08552  361  123  336.46400  238.92898  29.0%  99.4 2849s
 101886 50372  273.54259  446  113  336.46400  238.93882  29.0%  99.2 2853s
 102432 50629  287.28114  177   88  336.46400  238.93882  29.0%  99.1 2857s
 102990 50708  258.83637  343  110  336.46400  238.93882  29.0%  99.1 2863s
 103349 51017  260.70480  350  114  336.46400  238.93882  29.0%  99.1 2867s
 103879 51634  267.41176  417  114  336.46400  238.93882  29.0%  99.2 2879s
 104936 51982  255.64171  127  102  336.46400  238.98695  29.0%  99.2 2887s
 105801 51933  248.09869   74  104  336.46400  238.98695  29.0%  99.1 2894s
 106122 52963  251.33558   88  102  336.46400  238.98695  29.0%  99.2 2903s
 107508 53103  270.85803  300   87  336.46400  238.98695  29.0%  98.9 2910s
 108266 53786  263.35261  130   97  336.46400  238.99288  29.0%  99.0 2917s
 109217 54548  271.71004  279   94  336.46400  239.02735  29.0%  98.8 2924s
 110203 55380  292.47465  621   87  336.46400  239.02735  29.0%  98.6 2931s
 111424 56144  281.51050  239   80  336.46400  239.02735  29.0%  98.3 2937s
 112710 56745  274.79766  153   80  336.46400  239.06683  28.9%  97.8 2944s
 113445 58384  260.47696  150   90  336.46400  239.15714  28.9%  97.5 2951s
 115103 59005     cutoff  584       336.46400  239.18273  28.9%  96.6 2958s
 115777 60286  274.02530  146   80  336.46400  239.18846  28.9%  96.3 2964s
 117215 60838  256.78444  198  107  336.46400  239.19922  28.9%  95.6 2970s
 117850 61615  261.50792  240  106  336.46400  239.19922  28.9%  95.3 2975s
 118844 63562  266.40603   77   80  336.46400  239.28516  28.9%  95.1 2988s
 121028 64299  262.55942  258  106  336.46400  239.31319  28.9%  94.3 2991s
 121789 64939  268.30376  331  101  336.46400  239.31319  28.9%  93.9 2995s
 122504 65585  257.80889  164   95  336.46400  239.31386  28.9%  93.7 3000s
 124101 66957  262.64993  166   85  336.46400  239.34324  28.9%  93.1 3008s
 124969 67422  274.46616  226   92  336.46400  239.34858  28.9%  92.9 3012s
 125700 67425     cutoff   75       336.46400  239.37743  28.9%  92.8 3020s
 125712 67433  266.08761   76   80  336.46400  239.37743  28.9%  92.8 3029s
 125720 67440  266.66454   77   83  336.46400  239.37743  28.9%  92.8 3045s
 125729 67445  267.35844   78   83  336.46400  239.37743  28.9%  92.8 3057s
 125739 67527  267.47157   79   82  336.46400  239.37743  28.9%  92.8 3068s
 125821 67561  267.49134   80   84  336.46400  239.37743  28.9%  92.7 3073s
 125867 67588  271.68559   91   77  336.46400  239.37743  28.9%  92.7 3079s
 125902 68217  276.22861  109   79  336.46400  239.37743  28.9%  92.7 3084s
 126644 68948  262.16792  238  105  336.46400  239.37743  28.9%  92.4 3088s
 127535 69409  274.21106  354   95  336.46400  239.44578  28.8%  92.1 3093s
 128052 69866  254.66934  221  110  336.46400  239.44578  28.8%  91.9 3097s
 128613 70650  267.35010  342  105  336.46400  239.44578  28.8%  91.9 3102s
 129475 70791  247.36827   79   94  336.46400  239.44578  28.8%  91.8 3106s
 129632 71010  250.62552  104   88  336.46400  239.44578  28.8%  91.8 3110s
 130598 72180  254.74692   83   94  336.46400  239.46055  28.8%  91.9 3119s
 131379 72472  282.00621  269   84  336.46400  239.49377  28.8%  91.8 3123s
 131865 73436  252.70253  233  104  336.46400  239.49377  28.8%  92.0 3129s
 132981 74145  260.43294  404  102  336.46400  239.50634  28.8%  91.7 3134s
 133819 75397  250.17966  184  107  336.46400  239.59511  28.8%  91.6 3145s
 135378 76113  266.12891  185   88  336.46400  239.61205  28.8%  91.4 3150s
 137134 77235  257.56589  207  104  336.46400  239.66495  28.8%  91.0 3159s
 137600 77433  265.04924  307   99  336.46400  239.67939  28.8%  91.0 3164s
 137846 77486     cutoff  330       336.46400  239.67939  28.8%  91.1 3171s
 137972 77611     cutoff  331       336.46400  239.71912  28.8%  91.1 3176s
 138136 78264  269.67678  332   97  336.46400  239.72161  28.8%  91.2 3182s
 138890 79177  266.19859  215  103  336.46400  239.72161  28.8%  91.0 3188s
 139956 80331  260.92705  110   94  336.46400  239.77700  28.7%  90.8 3195s
 141310 81111  269.82418  222   93  336.46400  239.78300  28.7%  90.4 3200s
 142187 82150  277.33044  340   83  336.46400  239.78300  28.7%  90.3 3206s
 143360 82954  276.48413  114   80  336.46400  239.78300  28.7%  90.0 3211s
 144262 83929  282.10477  207   81  336.46400  239.78300  28.7%  89.7 3216s
 145440 84559  253.26489  290  122  336.46400  239.78300  28.7%  89.3 3221s
 146154 85644  272.86575  430   97  336.46400  239.90497  28.7%  89.3 3225s
 147409 86732  281.17890  682   96  336.46400  239.90497  28.7%  88.9 3231s
 148649 87960  292.41053  991   92  336.46400  239.90497  28.7%  88.6 3242s
 150238 88494  267.54825  340  103  336.46400  239.90497  28.7%  88.4 3247s
 151124 89078  261.92397   51   98  336.46400  239.96422  28.7%  88.2 3251s
 151859 90097  266.00922   92   70  336.46400  239.97072  28.7%  88.1 3256s
 152959 91071  253.70543  218  106  336.46400  239.98945  28.7%  87.7 3262s
 154067 92099  291.17898  265   83  336.46400  240.01926  28.7%  87.4 3267s
 155202 92524  265.98737  273  106  336.46400  240.01926  28.7%  87.1 3272s
 155754 93444  322.23885  317   85  336.46400  240.01926  28.7%  87.0 3276s
 157143 93855  255.78642  289  122  336.46400  240.06211  28.7%  86.9 3283s
 157523 94305  256.82908  298  116  336.46400  240.06211  28.7%  87.1 3287s
 158076 94652  257.44045  308  122  336.46400  240.06211  28.7%  87.2 3291s
 158589 95080  258.77007  320  123  336.46400  240.06211  28.7%  87.3 3295s
 159160 95364  259.31740  332  120  336.46400  240.06211  28.7%  87.4 3300s
 160219 95994  261.08005  354  116  336.46400  240.06211  28.7%  87.6 3308s
 160696 96233     cutoff  366       336.46400  240.13521  28.6%  87.8 3312s
 161128 96546  263.87334  380  108  336.46400  240.15450  28.6%  88.0 3318s
 161711 96796  264.99472  394  113  336.46400  240.15450  28.6%  88.1 3322s
 162231 97011  265.74807  406  110  336.46400  240.15450  28.6%  88.2 3328s
 162633 97186  267.03854  422  115  336.46400  240.15450  28.6%  88.5 3333s
 162957 97374  268.49429  441  109  336.46400  240.15450  28.6%  88.8 3337s
 163324 97897  269.66472  458  103  336.46400  240.15450  28.6%  89.1 3347s
 164273 98230  272.29268  500  105  336.46400  240.15450  28.6%  89.4 3354s
 164917 98646  276.39829  544  104  336.46400  240.23862  28.6%  89.6 3361s
 165892 98964  270.17991  201   96  336.46400  240.24929  28.6%  89.9 3367s
 166500 99986  255.97361  196  101  336.46400  240.24929  28.6%  90.1 3375s
 167967 100413  309.22549  630   75  336.46400  240.24929  28.6%  90.0 3382s
 168766 101245  317.49378  709   76  336.46400  240.26663  28.6%  90.0 3388s
 169799 102133  252.17070  104   91  336.46400  240.26663  28.6%  89.8 3394s
 170875 102556     cutoff  239       336.46400  240.27128  28.6%  89.7 3400s
 171484 103522  260.07101  334  110  336.46400  240.27128  28.6%  89.7 3405s
 172648 104292  274.39160  237   88  336.46400  240.27128  28.6%  89.5 3411s
 173665 104771  277.08983  201   79  336.46400  240.31385  28.6%  89.4 3416s
 174337 105585  252.66782  322  111  336.46400  240.31385  28.6%  89.3 3423s
 175487 105911  252.27528  143   95  336.46400  240.35357  28.6%  89.1 3428s
 175945 106083  266.17119  214  102  336.46400  240.35357  28.6%  89.2 3434s
 176295 106700  266.78314  232  102  336.46400  240.35357  28.6%  89.2 3440s
 177054 106946  277.57171  423   94  336.46400  240.36088  28.6%  89.1 3446s
 177383 107568  250.50956  328  124  336.46400  240.36088  28.6%  89.1 3451s
 178149 108510  264.06473  148   96  336.46400  240.37308  28.6%  89.1 3462s
 179342 108670  295.28455  330   77  336.46400  240.42619  28.5%  89.0 3467s
 179813 109031     cutoff  342       336.46400  240.47224  28.5%  89.2 3473s
 180468 110193  304.17297  352   78  336.46400  240.47839  28.5%  89.2 3481s
 182007 110623  273.84842   68   86  336.46400  240.47839  28.5%  89.0 3486s
 182586 111552  255.82833  349  121  336.46400  240.59219  28.5%  89.0 3492s
 183649 112177  254.40826  160  103  336.46400  240.59219  28.5%  88.9 3497s
 184394 112810     cutoff  316       336.46400  240.59467  28.5%  88.8 3504s
 185209 113256  268.26834  254  101  336.46400  240.61844  28.5%  88.8 3508s
 185763 114094  261.40921  197  102  336.46400  240.61844  28.5%  88.8 3515s
 186731 114766  276.57611  107   93  336.46400  240.61891  28.5%  88.7 3520s
 187551 115831  287.40506  358   97  336.46400  240.61891  28.5%  88.6 3525s
 188804 116814  268.65529  169   92  336.46400  240.61891  28.5%  88.3 3531s
 190034 117240  258.12279  110   91  336.46400  240.70072  28.5%  88.0 3536s
 190548 118113  251.58751  276  116  336.46400  240.70072  28.5%  87.9 3541s
 191545 118853  260.03832  323  111  336.46400  240.70072  28.5%  87.7 3547s
 192414 119831  264.74483  355   94  336.46400  240.70072  28.5%  87.5 3552s
 193509 121555  250.50638  350  121  336.46400  240.73098  28.5%  87.2 3562s
 195414 122095 infeasible  240       336.46400  240.76897  28.4%  86.8 3565s
 195990 122861  274.56457  288   94  336.46400  240.76897  28.4%  86.7 3570s
 197735 124227  274.28255  442  105  336.46400  240.81291  28.4%  86.3 3578s
 198359 124781  300.58077  485   81  336.46400  240.82995  28.4%  86.2 3582s
 198954 125305  315.83554  671   76  336.46400  240.83302  28.4%  86.0 3586s
 199707 125996     cutoff  245       336.46400  240.83988  28.4%  85.9 3590s

Cutting planes:
  MIR: 12
  Flow cover: 121

Explored 200646 nodes (17242530 simplex iterations) in 3590.84 seconds (7961.42 work units)
Thread count was 8 (of 40 available processors)

Solution count 10: 336.464 337.704 339.352 ... 373.784

Time limit reached
Best objective 3.364639999998e+02, best bound 2.408398843101e+02, gap 28.4203%

User-callback calls 1280292, time in user-callback 5.51 sec
