
Gurobi 12.0.3 (linux64) logging started Sun Sep 13 15:07:08 2026

Set parameter LogFile to value "/share/scaglione/nc437/evsp-dr/cumulative_budget_20260913/cases/c2_k10/mip_base/135620_r0/gurobi.log"
Set parameter OutputFlag to value 1
Set parameter TimeLimit to value 3600
Set parameter MIPGap to value 0.0001
Set parameter Threads to value 8
Set parameter TimeLimit to value 1800
Gurobi Optimizer version 12.0.3 build v12.0.3rc0 (linux64 - "Ubuntu 24.04.4 LTS")

CPU model: Intel(R) Xeon(R) CPU E5-2620 v3 @ 2.40GHz, instruction set [SSE2|AVX|AVX2]
Thread count: 12 physical cores, 12 logical processors, using up to 8 threads

Non-default parameters:
TimeLimit  1800
Threads  8

Optimize a model with 236 rows, 31052 columns and 782952 nonzeros
Model fingerprint: 0xb66825f8
Variable types: 0 continuous, 31052 integer (31052 binary)
Coefficient statistics:
  Matrix range     [1e+00, 1e+00]
  Objective range  [1e+00, 1e+00]
  Bounds range     [1e+00, 1e+00]
  RHS range        [1e+00, 1e+00]

Loaded user MIP start with objective 77

Presolve removed 0 rows and 2459 columns
Presolve time: 1.61s
Presolved: 236 rows, 28593 columns, 727943 nonzeros
Found heuristic solution: objective 69.0000000
Variable types: 0 continuous, 28593 integer (28593 binary)
Found heuristic solution: objective 63.0000000

Starting sifting (using dual simplex for sub-problems)...

    Iter     Pivots    Primal Obj      Dual Obj        Time
       0          0     infinity      0.0000000e+00      2s
       1        585   1.0986367e+01   5.6316289e+00      2s
       2       2150   1.0605884e+01   7.9772647e+00      2s
       3       3372   1.0124276e+01   8.7356912e+00      2s
       4       4025   1.0000000e+01   8.8255625e+00      2s
       5       4765   1.0000000e+01   1.0000000e+01      2s

Sifting complete


Root relaxation: objective 1.000000e+01, 4765 iterations, 0.54 seconds (0.56 work units)

    Nodes    |    Current Node    |     Objective Bounds      |     Work
 Expl Unexpl |  Obj  Depth IntInf | Incumbent    BestBd   Gap | It/Node Time

     0     0   10.00000    0   96   63.00000   10.00000  84.1%     -    4s
H    0     0                      24.0000000   10.00000  58.3%     -    5s
H    0     0                      20.0000000   10.00000  50.0%     -    5s
H    0     0                      19.0000000   10.00000  47.4%     -    5s
H    0     0                      17.0000000   10.00000  41.2%     -    5s
H    0     0                      16.0000000   10.00000  37.5%     -    5s
H    0     0                      15.0000000   10.00000  33.3%     -    5s
H    0     0                      14.0000000   10.00000  28.6%     -    5s
H    0     0                      13.0000000   10.00000  23.1%     -    5s
     0     0   10.00000    0   95   13.00000   10.00000  23.1%     -    7s
     0     0   10.00000    0   81   13.00000   10.00000  23.1%     -   14s
     0     0   10.00000    0   94   13.00000   10.00000  23.1%     -   20s
H    0     0                      12.0000000   10.00000  16.7%     -   27s
     0     0   10.00000    0   94   12.00000   10.00000  16.7%     -   32s
     0     0   10.00000    0   94   12.00000   10.00000  16.7%     -   33s
     0     0   10.00000    0  103   12.00000   10.00000  16.7%     -   36s
     0     0   10.00000    0  103   12.00000   10.00000  16.7%     -   38s
     0     2   10.00000    0  103   12.00000   10.00000  16.7%     -   45s
    23    60   10.00000    5  167   12.00000   10.00000  16.7%   868   53s
    59    77   10.00000    9  191   12.00000   10.00000  16.7%  1005   62s
    76   108   10.00000   10  135   12.00000   10.00000  16.7%   966   66s
   107   267   10.00000   11  161   12.00000   10.00000  16.7%   866   75s
   266   623   10.00000   45  136   12.00000   10.00000  16.7%   977   86s
   622   981   10.00000   96  138   12.00000   10.00000  16.7%   609  100s
   980  1618   10.00000  120  117   12.00000   10.00000  16.7%   443  115s
  1617  2180   10.00000  158  132   12.00000   10.00000  16.7%   325  128s
  2179  2633   10.00000  188  141   12.00000   10.00000  16.7%   277  139s
  2637  3035   10.00000  217  130   12.00000   10.00000  16.7%   256  154s
  3039  3603   10.00000  242  137   12.00000   10.00000  16.7%   242  167s
  3607  3692   10.00000  243  118   12.00000   10.00000  16.7%   218  180s
  3696  4094   10.00000  244  134   12.00000   10.00000  16.7%   215  194s
  4114  4538   10.00000  245  130   12.00000   10.00000  16.7%   200  206s
  4558  4822   10.00000  269  134   12.00000   10.00000  16.7%   193  221s
  4842  5193   10.00000  270  127   12.00000   10.00000  16.7%   188  241s
  5213  5407   10.00000  271  139   12.00000   10.00000  16.7%   183  257s
  5427  5737   10.00000  272  131   12.00000   10.00000  16.7%   183  271s
  5763  6396   10.00000  282  131   12.00000   10.00000  16.7%   183  283s
  6422  7036   10.00000  308  134   12.00000   10.00000  16.7%   175  295s
  7064  7668   10.00000  334  140   12.00000   10.00000  16.7%   168  307s
  7715  7669   10.00000  255  103   12.00000   10.00000  16.7%   162  312s
  7717  7670   10.22908  157   96   12.00000   10.00000  16.7%   162  323s
  7718  7671   10.10751   51   98   12.00000   10.00000  16.7%   162  344s
  7719  7672   10.46817  730   97   12.00000   10.00000  16.7%   162  349s
  7720  7672   10.47065  416   91   12.00000   10.00000  16.7%   162  355s
  7722  7674   10.67449  643   84   12.00000   10.00000  16.7%   162  362s
  7724  7675   10.16351  221   92   12.00000   10.00000  16.7%   162  375s
  7726  7676   10.95532  678   92   12.00000   10.00000  16.7%   162  384s
  7727  7677   10.60949  848   91   12.00000   10.00000  16.7%   162  385s
  7728  7678   10.44138  685   95   12.00000   10.00000  16.7%   162  394s
  7729  7678   10.00000  295   95   12.00000   10.00000  16.7%   162  395s
  7730  7679   10.72114  430   93   12.00000   10.00000  16.7%   162  400s
  7732  7680   10.67291  641   93   12.00000   10.00000  16.7%   162  414s
  7733  7684   10.00000   13   85   12.00000   10.00000  16.7%   191  422s
  7739  7694   10.00000   15  109   12.00000   10.00000  16.7%   191  426s
  7755  7726   10.00000   17  118   12.00000   10.00000  16.7%   191  430s
  7797  7733   10.00000   20  144   12.00000   10.00000  16.7%   201  435s
  7805  7740   10.00000   20  134   12.00000   10.00000  16.7%   201  444s
  7815  7746   10.00000   21  135   12.00000   10.00000  16.7%   202  448s
  7824  7753   10.16191   21  127   12.00000   10.00000  16.7%   204  451s
  7834  7758   10.00000   22  138   12.00000   10.00000  16.7%   205  455s
  7843  7766   10.25151   22  125   12.00000   10.00000  16.7%   208  463s
  7854  7779   10.00000   23  138   12.00000   10.00000  16.7%   209  469s
  7870  7803   10.23269   23  128   12.00000   10.00000  16.7%   214  481s
  7900  7832   10.00000   24  141   12.00000   10.00000  16.7%   215  487s
  7939  7887   10.00000   25  115   12.00000   10.00000  16.7%   227  494s
  8007  7945   10.28717   27  131   12.00000   10.00000  16.7%   230  503s
  8087  7963   10.00000   31  120   12.00000   10.00000  16.7%   233  514s
  8132  8038   10.12484   32  128   12.00000   10.00000  16.7%   248  526s
  8222  8111   10.00000   35  113   12.00000   10.00000  16.7%   262  540s
  8325  8111   10.00000   40  110   12.00000   10.00000  16.7%   266  561s
  8359  8150   10.00000   45  139   12.00000   10.00000  16.7%   278  582s
  8410  8234   10.00000   51  118   12.00000   10.00000  16.7%   288  607s
  8511  8335   10.20802   58  135   12.00000   10.00000  16.7%   293  626s
  8645  8430   10.17869   64  125   12.00000   10.00000  16.7%   303  646s
  8785  8602   10.00000   70  111   12.00000   10.00000  16.7%   308  670s
  9009  8748   10.00000   79  114   12.00000   10.00000  16.7%   316  697s
  9229  8940   10.28256   87  133   12.00000   10.00000  16.7%   323  726s
  9501  9138   10.00000   98  136   12.00000   10.00000  16.7%   332  759s
  9797  9313   10.51052  108  138   12.00000   10.00000  16.7%   340  799s
 10072  9557   10.00000  120  127   12.00000   10.00000  16.7%   349  843s
 10419  9909   10.00000  134  126   12.00000   10.00000  16.7%   368  891s
 10899 10195   10.00022  171  151   12.00000   10.00000  16.7%   377  942s
 11366 10536   10.00024  210  153   12.00000   10.00000  16.7%   384  995s
 11881 10447   10.00846  253  149   12.00000   10.00000  16.7%   392 1060s
 11964 10775   10.00880  270  153   12.00000   10.00000  16.7%   393 1117s
 12356 11176   10.01893  307  156   12.00000   10.00000  16.7%   398 1168s
 12931 11422   11.00000  353  122   12.00000   10.00000  16.7%   404 1218s
 13446 11412   10.03225  385  154   12.00000   10.00000  16.7%   407 1270s
 13662 11894   11.00000  396  113   12.00000   10.00000  16.7%   407 1322s
 14395 12148   11.00000  440  104   12.00000   10.00000  16.7%   406 1368s
 15121 12429   10.07973  477  157   12.00000   10.00000  16.7%   403 1417s
 15890 12396   11.00000  519  120   12.00000   10.00000  16.7%   399 1441s
 16363 12469   10.09521  539  156   12.00000   10.00000  16.7%   395 1466s
 16843 12546   10.51677  555  135   12.00000   10.00000  16.7%   390 1490s
 17331 12594   10.11299  572  154   12.00000   10.00000  16.7%   386 1511s
 17792 12702   11.00000  588   98   12.00000   10.00000  16.7%   381 1531s
 18067 12906   10.12572  603  147   12.00000   10.00000  16.7%   380 1552s
 18363 13137   10.12908  614  153   12.00000   10.00000  16.7%   380 1574s
 18692 13359   10.13556  630  151   12.00000   10.00000  16.7%   379 1599s
 19024 13639   10.13751  649  154   12.00000   10.00000  16.7%   379 1625s
 19415 13916   10.13938  670  146   12.00000   10.00000  16.7%   378 1651s
 19822 13920   10.15084  691  154   12.00000   10.00000  16.7%   378 1690s
 19962 14237   10.15510  710  144   12.00000   10.00000  16.7%   379 1720s
 20325 14530   10.15970  729  151   12.00000   10.00000  16.7%   379 1751s
 20739 14749   10.16307  752  153   12.00000   10.00000  16.7%   379 1779s
 21096 14934   10.16660  772  153   12.00000   10.00000  16.7%   378 1800s

Cutting planes:
  MIR: 2
  Flow cover: 9

Explored 21400 nodes (8177182 simplex iterations) in 1800.06 seconds (3879.70 work units)
Thread count was 8 (of 12 available processors)

Solution count 10: 12 13 14 ... 63

Time limit reached
Best objective 1.200000000000e+01, best bound 1.000000000000e+01, gap 16.6667%

User-callback calls 371230, time in user-callback 1.57 sec
Set parameter TimeLimit to value 1.7990426964759827e+03
Gurobi Optimizer version 12.0.3 build v12.0.3rc0 (linux64 - "Ubuntu 24.04.4 LTS")

CPU model: Intel(R) Xeon(R) CPU E5-2620 v3 @ 2.40GHz, instruction set [SSE2|AVX|AVX2]
Thread count: 12 physical cores, 12 logical processors, using up to 8 threads

Non-default parameters:
TimeLimit  1.7990426964759827e+03
Threads  8

Optimize a model with 237 rows, 31052 columns and 814004 nonzeros
Model fingerprint: 0x87e88db8
Variable types: 0 continuous, 31052 integer (31052 binary)
Coefficient statistics:
  Matrix range     [1e+00, 1e+00]
  Objective range  [1e-11, 2e+02]
  Bounds range     [1e+00, 1e+00]
  RHS range        [1e+00, 1e+01]

Loaded user MIP start with objective 684.384
MIP start from previous solve did not produce a new incumbent solution

Presolve removed 0 rows and 314 columns
Presolve time: 1.79s
Presolved: 237 rows, 30738 columns, 805900 nonzeros
Variable types: 0 continuous, 30738 integer (30738 binary)

Starting sifting (using dual simplex for sub-problems)...

    Iter     Pivots    Primal Obj      Dual Obj        Time
       0          0     infinity     -3.4924597e-10      2s
       1        953   1.0008427e+06   1.4010643e+01      2s
       2       1821   5.8359249e+02   1.2853481e+02      2s
       3       2980   3.6879396e+02   2.4025511e+02      2s
       4       4118   3.4194839e+02   2.8827269e+02      2s
       5       5256   3.3178970e+02   3.1583136e+02      3s
       6       6048   3.3070206e+02   3.2558883e+02      3s

Sifting complete


Root relaxation: objective 3.306803e+02, 6618 iterations, 1.13 seconds (1.40 work units)

    Nodes    |    Current Node    |     Objective Bounds      |     Work
 Expl Unexpl |  Obj  Depth IntInf | Incumbent    BestBd   Gap | It/Node Time

     0     0  330.68028    0  190  684.38400  330.68028  51.7%     -    3s
H    0     0                     655.0800000  330.68028  49.5%     -    4s
     0     0  331.42582    0  187  655.08000  331.42582  49.4%     -    6s
     0     0  332.89302    0  199  655.08000  332.89302  49.2%     -   13s
     0     0  332.89302    0  195  655.08000  332.89302  49.2%     -   13s
     0     0  333.41413    0  198  655.08000  333.41413  49.1%     -   16s
H    0     0                     651.1120000  333.41413  48.8%     -   17s
     0     0  333.55206    0  204  651.11200  333.55206  48.8%     -   17s
     0     0  333.55206    0  206  651.11200  333.55206  48.8%     -   18s
     0     0  334.08075    0  206  651.11200  334.08075  48.7%     -   20s
     0     0  334.08075    0  206  651.11200  334.08075  48.7%     -   21s
     0     2  334.08075    0  206  651.11200  334.08075  48.7%     -   32s
     3     8  335.13331    2  200  651.11200  334.71141  48.6%   456   36s
    15    24  336.13648    4  197  651.11200  336.13648  48.4%   635   40s
    55    76  336.53807   10  209  651.11200  336.13657  48.4%   291   48s
    95   104  336.56410   12  210  651.11200  336.13657  48.4%   204   50s
H  105   115                     643.1360000  336.13657  47.7%   191   52s
   154   163  337.09207   18  200  643.13600  336.13657  47.7%   162   56s
H  156   163                     637.9280000  336.13657  47.3%   160   56s
   226   247  337.48580   27  206  637.92800  336.13657  47.3%   140   60s
H  267   291                     626.9760000  336.13657  46.4%   132   61s
H  270   291                     624.4960000  336.13657  46.2%   131   61s
   330   360  338.40073   37  192  624.49600  336.13657  46.2%   123   65s
   395   404  339.00998   42  195  624.49600  336.13657  46.2%   119   72s
   419   428  339.06060   45  199  624.49600  336.13657  46.2%   117   76s
   451   460  339.26915   49  194  624.49600  336.13657  46.2%   114   80s
   483   492  339.38551   53  198  624.49600  336.13657  46.2%   113   86s
   491   500  339.38843   54  199  624.49600  336.13657  46.2%   112   90s
   515   526  339.48464   57  199  624.49600  336.13657  46.2%   116   95s
   525   539  339.49496   58  199  624.49600  336.13657  46.2%   115  102s
   538   558  339.52493   59  199  624.49600  336.13657  46.2%   115  108s
   557   566  339.53394   60  198  624.49600  336.13657  46.2%   114  110s
   577   601  339.59584   62  201  624.49600  336.13657  46.2%   113  116s
   600   613  339.60207   63  200  624.49600  336.13657  46.2%   115  121s
H  608   613                     616.0240000  336.13657  45.4%   114  121s
H  608   613                     613.2960000  336.13657  45.2%   114  121s
   670   694  339.74984   74  202  613.29600  336.13657  45.2%   112  127s
H  692   694                     611.0640000  336.13657  45.0%   111  127s
   771   855  340.08109   93  204  611.06400  336.13657  45.0%   108  131s
   931  1027  340.38217  114  203  611.06400  336.13657  45.0%   102  135s
  1218  1312  340.94921  151  207  611.06400  336.13657  45.0%  93.9  141s
H 1332  1341                     609.8240000  336.13657  44.9%  91.9  144s
  1340  1456  341.15399  163  205  609.82400  336.13657  44.9%  91.8  147s
  1455  1496  341.28863  178  195  609.82400  336.13657  44.9%  89.3  150s
  1511  1520  341.38332  185  199  609.82400  336.13657  44.9%  88.8  156s
  1567  1660  341.40133  187  197  609.82400  336.13657  44.9%  87.8  160s
  1773  1899  341.78836  195  208  609.82400  336.13657  44.9%  85.9  166s
  1898  1907  341.96599  208  206  609.82400  336.13657  44.9%  84.7  172s
  1906  1915  342.02299  209  201  609.82400  336.13657  44.9%  84.6  187s
  1914  1923  342.03769  210  202  609.82400  336.13657  44.9%  84.6  190s
  1922  1931  342.04076  211  204  609.82400  336.13657  44.9%  84.5  207s
  1930  1946  342.09463  212  205  609.82400  336.13657  44.9%  84.6  215s
  1945  1971  342.10467  213  204  609.82400  336.13657  44.9%  84.4  224s
  1970  2027  342.11217  214  204  609.82400  336.13657  44.9%  84.3  233s
  2026  2144  342.76740  220  204  609.82400  336.13657  44.9%  83.7  236s
  2287  2481  343.66547  255  210  609.82400  336.13657  44.9%  81.4  243s
  2480  2663  343.98180  273  205  609.82400  336.13657  44.9%  79.5  247s
  2662  2867  344.21565  297  206  609.82400  336.13657  44.9%  78.3  251s
  2866  3098  344.45600  322  208  609.82400  336.13657  44.9%  77.0  256s
  3097  3291  344.68193  349  212  609.82400  336.13657  44.9%  75.3  260s
  3510  3723  346.00506  378  210  609.82400  336.13657  44.9%  74.2  268s
  3722  3977  346.30757  404  208  609.82400  336.13657  44.9%  73.6  273s
  3976  4248  347.23633  427  213  609.82400  336.13657  44.9%  72.6  278s
  4247  4418  347.70542  461  206  609.82400  336.13657  44.9%  71.6  282s
  4417  4733  347.71142  462  208  609.82400  336.13657  44.9%  70.8  289s
  4732  5037  347.98929  489  209  609.82400  336.13657  44.9%  69.6  294s
  5036  5388  348.35360  528  209  609.82400  336.13657  44.9%  68.6  299s
  5387  5598  348.80882  562  210  609.82400  336.13657  44.9%  67.4  304s
  5597  5989  351.45830  566  212  609.82400  336.13657  44.9%  67.0  309s
  5988  6392  352.33051  587  212  609.82400  336.13657  44.9%  65.8  315s
  6391  6798  352.96828  616  208  609.82400  336.13657  44.9%  64.6  321s
  6797  7135  353.47238  656  208  609.82400  336.13657  44.9%  63.7  326s
  7134  7611  353.81208  674  204  609.82400  336.13657  44.9%  62.7  332s
  7611  7612  351.58930   60  206  609.82400  336.13657  44.9%  61.5  342s
  7613  7613  379.77429  153  190  609.82400  336.13657  44.9%  61.5  352s
  7614  7614  366.43406  662  190  609.82400  336.13657  44.9%  61.5  365s
  7618  7617  362.51988  556  205  609.82400  336.13657  44.9%  61.5  370s
  7619  7617  366.08775  643  208  609.82400  336.13657  44.9%  61.5  375s
H 7622  7237                     597.0160000  336.13657  43.7%  61.4  381s
  7624  7239  372.21799  399  212  597.01600  336.13657  43.7%  61.4  387s
  7625  7239  366.33983  932  212  597.01600  336.13657  43.7%  61.4  391s
  7629  7242  397.07408 1276  218  597.01600  336.13657  43.7%  61.4  398s
  7631  7243  376.57119  661  222  597.01600  336.13657  43.7%  61.4  401s
  7633  7245  367.31751 1042  220  597.01600  336.80886  43.6%  61.4  423s
  7634  7248  336.80886   14  214  597.01600  336.80886  43.6%  62.6  427s
  7636  7252  336.80886   15  214  597.01600  336.80886  43.6%  62.7  430s
  7648  7264  336.80886   17  214  597.01600  336.80886  43.6%  63.7  436s
  7656  7282  336.80886   18  215  597.01600  336.80886  43.6%  64.0  440s
  7685  7288  339.82115   20  192  597.01600  336.80886  43.6%  65.6  452s
  7693  7294  336.88448   21  213  597.01600  336.80886  43.6%  66.1  455s
  7709  7304  337.19879   22  207  597.01600  336.80886  43.6%  67.6  465s
  7725  7315  337.32608   23  210  597.01600  336.80886  43.6%  68.6  474s
  7733  7320  352.39794   23  179  597.01600  336.80886  43.6%  69.0  478s
  7741  7326  337.36715   24  215  597.01600  336.80886  43.6%  69.6  485s
  7749  7331  346.23132   24  173  597.01600  336.80886  43.6%  70.3  491s
H 7751  6968                     581.5600000  336.80886  42.1%  70.3  491s
  7757  6983  337.47929   25  210  581.56000  336.80886  42.1%  70.8  495s
  7774  6991  337.54188   26  219  581.56000  336.80886  42.1%  71.7  500s
  7787  6994  337.60768   27  213  581.56000  336.80886  42.1%  73.3  505s
H 7794  6647                     568.6640000  336.80886  40.8%  73.4  505s
  7810  6672  337.66492   28  217  568.66400  336.80886  40.8%  74.4  511s
  7825  6678  337.69915   29  219  568.66400  336.80886  40.8%  75.4  515s
H 7827  6350                     566.6800000  336.80886  40.6%  75.5  515s
  7852  6376  337.84424   31  215  566.68000  336.80886  40.6%  77.3  522s
  7870  6385  337.93715   32  213  566.68000  336.80886  40.6%  78.3  527s
H 7882  6070                     554.4880000  336.80886  39.3%  79.4  527s
  7885  6089  337.96611   33  215  554.48800  336.80886  39.3%  79.8  531s
  7905  6100  337.98756   34  212  554.48800  336.80886  39.3%  80.9  536s
  7923  6102  338.18251   35  213  554.48800  336.80886  39.3%  82.0  543s
  7931  6107  349.23406   35  196  554.48800  336.80886  39.3%  82.3  559s
  7939  6113  338.36260   36  217  554.48800  336.80886  39.3%  83.1  568s
  7947  6118  342.81563   36  191  554.48800  336.80886  39.3%  83.3  576s
  7955  6126  338.39677   37  216  554.48800  336.80886  39.3%  83.9  585s
  7966  6134  347.84488   37  174  554.48800  336.80886  39.3%  84.4  592s
  7977  6144  338.55435   38  212  554.48800  336.80886  39.3%  85.3  602s
  7991  6147  353.15509   38  196  554.48800  336.80886  39.3%  86.0  608s
  7999  6153  338.56515   39  212  554.48800  336.80886  39.3%  86.5  618s
  8007  6158  349.25886   39  164  554.48800  336.80886  39.3%  86.9  625s
  8015  6164  338.58487   40  211  554.48800  336.80886  39.3%  87.5  634s
  8024  6178  361.59509   40  194  554.48800  336.80886  39.3%  88.3  643s
  8041  6197  338.61028   41  216  554.48800  336.80886  39.3%  89.2  649s
  8065  6215  351.98500   41  175  554.48800  336.80886  39.3%  90.7  657s
  8091  6243  338.72394   42  216  554.48800  336.80886  39.3%  92.6  664s
  8128  6267  339.00442   44  210  554.48800  336.80886  39.3%  94.6  671s
  8164  6294  339.34626   46  212  554.48800  336.80886  39.3%  96.8  677s
  8203  6320  339.67542   48  213  554.48800  336.80886  39.3%  98.8  685s
  8242  6347  354.72826   50  172  554.48800  336.80886  39.3%   101  693s
  8282  6368  348.93465   52  184  554.48800  336.80886  39.3%   103  702s
  8317  6401  339.98886   54  212  554.48800  336.80886  39.3%   105  712s
  8361  6430  348.61430   56  169  554.48800  336.80886  39.3%   108  721s
  8405  6455  340.21657   59  210  554.48800  336.80886  39.3%   110  732s
  8445  6450  340.37082   61  212  554.48800  336.80886  39.3%   113  744s
  8453  6482  349.77681   61  182  554.48800  336.80886  39.3%   113  753s
  8488  6521  340.60509   62  207  554.48800  336.80886  39.3%   115  762s
  8538  6528  346.76064   64  170  554.48800  336.80886  39.3%   118  773s
  8562  6554  340.94174   66  207  554.48800  336.80886  39.3%   119  787s
  8596  6599  350.75822   68  165  554.48800  336.80886  39.3%   121  798s
  8652  6641  360.38116   71  175  554.48800  336.80886  39.3%   124  810s
  8713  6688  342.00742   74  208  554.48800  336.80886  39.3%   127  822s
  8780  6703  342.09796   78  209  554.48800  336.80886  39.3%   130  834s
  8818  6759  352.87275   78  174  554.48800  336.80886  39.3%   131  846s
  8886  6807  342.24920   82  209  554.48800  336.80886  39.3%   134  859s
  8957  6855  356.78336   85  179  554.48800  336.80886  39.3%   138  872s
  9029  6880  343.53040   89  207  554.48800  336.80886  39.3%   141  887s
  9078  6944  343.57338   90  203  554.48800  336.80886  39.3%   143  902s
  9158  6970  356.74029   94  181  554.48800  336.80886  39.3%   147  917s
  9211  6997  352.53924   96  193  554.48800  336.80886  39.3%   149  937s
  9255  7051  344.44881   97  205  554.48800  336.80886  39.3%   150  954s
  9324  7081  344.95804  101  211  554.48800  336.80886  39.3%   153  974s
  9377  7157  344.98361  102  205  554.48800  336.80886  39.3%   156  990s
  9471  7229  345.18689  107  205  554.48800  336.80886  39.3%   160 1008s
  9574  7273  345.90362  113  201  554.48800  336.80886  39.3%   164 1027s
  9652  7361  346.18141  116  199  554.48800  336.80886  39.3%   167 1047s
  9766  7351  346.40640  122  202  554.48800  336.80886  39.3%   172 1072s
H 9782  7050                     475.4320000  336.80886  29.2%   172 1072s
  9794  7114  354.66768  125  165  475.43200  336.80886  29.2%   173 1093s
  9862  7201  355.27349  129  170  475.43200  336.80886  29.2%   176 1113s
  9971  7289  366.10099  135  176  475.43200  336.80886  29.2%   180 1135s
 10096  7380  350.77794  142  202  475.43200  336.80886  29.2%   185 1159s
 10228  7475  367.69518  149  190  475.43200  336.80886  29.2%   190 1183s
 10367  7560  352.20051  157  199  475.43200  336.80886  29.2%   195 1209s
 10499  7658  353.49847  165  192  475.43200  336.80886  29.2%   200 1235s
 10641  7771  353.99595  174  196  475.43200  336.80886  29.2%   205 1261s
 10801  7877  354.34419  184  199  475.43200  336.80886  29.2%   210 1289s
 10960  7881  355.18743  193  209  475.43200  336.80886  29.2%   215 1540s
 11017  8046  355.66837  197  198  475.43200  336.80886  29.2%   217 1574s
 11201  8180  356.32606  207  202  475.43200  336.80886  29.2%   223 1609s
 11397  8325  356.81176  218  196  475.43200  336.80886  29.2%   228 1649s
 11607  8472  357.35270  229  208  475.43200  336.80886  29.2%   234 1683s
 11824  8632  358.06640  241  203  475.43200  336.80886  29.2%   240 1717s
 12056  8789  358.66424  253  202  475.43200  336.80886  29.2%   246 1752s
 12291  8957  359.07098  267  199  475.43200  336.80886  29.2%   252 1790s
 12537  8938  359.85913  281  206  475.43200  336.80886  29.2%   258 1799s

Cutting planes:
  MIR: 19
  Flow cover: 27
  Zero half: 1

Explored 12600 nodes (3277433 simplex iterations) in 1799.08 seconds (3598.41 work units)
Thread count was 8 (of 12 available processors)

Solution count 10: 475.432 554.488 566.68 ... 616.024

Time limit reached
Best objective 4.754320000000e+02, best bound 3.368088613453e+02, gap 29.1573%

User-callback calls 364733, time in user-callback 1.44 sec
