
Gurobi 12.0.3 (linux64) logging started Sun Sep 13 14:19:28 2026

Set parameter LogFile to value "/share/scaglione/nc437/evsp-dr/cumulative_budget_20260913/cases/c3_k08/mip_warm/135634_r0/gurobi.log"
Set parameter OutputFlag to value 1
Set parameter TimeLimit to value 3600
Set parameter MIPGap to value 0.0001
Set parameter Threads to value 8
Set parameter TimeLimit to value 1800
Gurobi Optimizer version 12.0.3 build v12.0.3rc0 (linux64 - "Ubuntu 24.04.4 LTS")

CPU model: Intel(R) Xeon(R) Gold 6230 CPU @ 2.10GHz, instruction set [SSE2|AVX|AVX2|AVX512]
Thread count: 40 physical cores, 40 logical processors, using up to 8 threads

Non-default parameters:
TimeLimit  1800
Threads  8

Optimize a model with 154 rows, 23781 columns and 449332 nonzeros
Model fingerprint: 0x45aca4e0
Variable types: 0 continuous, 23781 integer (23781 binary)
Coefficient statistics:
  Matrix range     [1e+00, 1e+00]
  Objective range  [1e+00, 1e+00]
  Bounds range     [1e+00, 1e+00]
  RHS range        [1e+00, 1e+00]

Loaded user MIP start with objective 43

Presolve removed 0 rows and 1735 columns
Presolve time: 0.76s
Presolved: 154 rows, 22046 columns, 415678 nonzeros
Found heuristic solution: objective 39.0000000
Variable types: 0 continuous, 22046 integer (22046 binary)
Found heuristic solution: objective 33.0000000

Starting sifting (using dual simplex for sub-problems)...

    Iter     Pivots    Primal Obj      Dual Obj        Time
       0          0     infinity      0.0000000e+00      1s
       1        108   2.9000000e+01   1.7058824e+00      1s
       2        372   8.0000000e+00   3.8846154e+00      1s

Sifting complete


Root relaxation: objective 8.000000e+00, 564 iterations, 0.06 seconds (0.04 work units)

    Nodes    |    Current Node    |     Objective Bounds      |     Work
 Expl Unexpl |  Obj  Depth IntInf | Incumbent    BestBd   Gap | It/Node Time

*    0     0               0       8.0000000    8.00000  0.00%     -    0s

Explored 1 nodes (564 simplex iterations) in 0.93 seconds (0.64 work units)
Thread count was 8 (of 40 available processors)

Solution count 4: 8 33 39 43 

Optimal solution found (tolerance 1.00e-04)
Best objective 8.000000000000e+00, best bound 8.000000000000e+00, gap 0.0000%

User-callback calls 279, time in user-callback 0.00 sec
Set parameter TimeLimit to value 3.5985467739105225e+03
Gurobi Optimizer version 12.0.3 build v12.0.3rc0 (linux64 - "Ubuntu 24.04.4 LTS")

CPU model: Intel(R) Xeon(R) Gold 6230 CPU @ 2.10GHz, instruction set [SSE2|AVX|AVX2|AVX512]
Thread count: 40 physical cores, 40 logical processors, using up to 8 threads

Non-default parameters:
TimeLimit  3.5985467739105225e+03
Threads  8

Optimize a model with 155 rows, 23781 columns and 473113 nonzeros
Model fingerprint: 0xb3fa9a3f
Variable types: 0 continuous, 23781 integer (23781 binary)
Coefficient statistics:
  Matrix range     [1e+00, 1e+00]
  Objective range  [1e-11, 8e+01]
  Bounds range     [1e+00, 1e+00]
  RHS range        [1e+00, 8e+00]

Loaded user MIP start with objective 364.856
MIP start from previous solve did not produce a new incumbent solution

Presolve removed 0 rows and 55 columns
Presolve time: 0.71s
Presolved: 155 rows, 23726 columns, 472190 nonzeros
Variable types: 0 continuous, 23726 integer (23726 binary)

Starting sifting (using dual simplex for sub-problems)...

    Iter     Pivots    Primal Obj      Dual Obj        Time
       0          0     infinity     -1.0186341e-10      1s
       1        211   2.3565935e+07   5.0792048e+01      1s
       2       1157   4.1357874e+05   5.5271593e+01      1s
       3       2043   2.3925148e+05   5.9723385e+01      1s
       4       2799   2.6796699e+02   9.9880233e+01      1s
       5       3516   2.3063716e+02   1.4013191e+02      1s
       6       4256   2.2354146e+02   1.6903631e+02      1s
       7       5137   2.1958017e+02   1.9077842e+02      1s
       8       6025   2.1689800e+02   1.9857994e+02      1s
       9       6821   2.1352899e+02   2.0274000e+02      1s
      10       7650   2.1275895e+02   2.0635864e+02      1s
      11       8599   2.1270574e+02   2.0802704e+02      2s
      12       9786   2.1268747e+02   2.0858765e+02      2s
      13      10528   2.1268747e+02   2.0925827e+02      2s
      14      11366   2.1268747e+02   2.1016990e+02      2s
      15      12408   2.1268747e+02   2.1066998e+02      2s

Sifting complete


Root relaxation: objective 2.126875e+02, 13397 iterations, 1.44 seconds (1.86 work units)

    Nodes    |    Current Node    |     Objective Bounds      |     Work
 Expl Unexpl |  Obj  Depth IntInf | Incumbent    BestBd   Gap | It/Node Time

     0     0  212.68747    0   80  364.85600  212.68747  41.7%     -    2s
H    0     0                     343.9840000  212.68747  38.2%     -    4s
     0     0  212.77476    0   87  343.98400  212.77476  38.1%     -    6s
     0     0  212.78494    0   88  343.98400  212.78494  38.1%     -   11s
     0     0  212.79557    0   89  343.98400  212.79557  38.1%     -   12s
     0     0  212.80519    0   91  343.98400  212.80519  38.1%     -   12s
     0     0  213.40947    0   89  343.98400  213.40947  38.0%     -   13s
     0     0  213.42464    0   92  343.98400  213.42464  38.0%     -   14s
     0     0  213.43044    0   92  343.98400  213.43044  38.0%     -   14s
     0     0  213.48977    0   95  343.98400  213.48977  37.9%     -   14s
     0     0  213.49608    0   95  343.98400  213.49608  37.9%     -   14s
     0     0  213.49906    0   95  343.98400  213.49906  37.9%     -   14s
     0     0  213.52122    0   96  343.98400  213.52122  37.9%     -   15s
H    0     0                     331.5840000  213.52122  35.6%     -   15s
     0     0  213.52445    0   97  331.58400  213.52445  35.6%     -   15s
     0     0  213.53779    0   97  331.58400  213.53779  35.6%     -   15s
     0     0  213.54691    0   99  331.58400  213.54691  35.6%     -   15s
     0     0  213.55034    0  103  331.58400  213.55034  35.6%     -   16s
H    0     0                     321.8720000  213.55034  33.7%     -   16s
H    0     0                     309.6800000  213.55034  31.0%     -   16s
     0     0  213.55166    0  103  309.68000  213.55166  31.0%     -   16s
     0     0  213.55272    0  103  309.68000  213.55272  31.0%     -   17s
     0     2  213.57432    0  103  309.68000  213.57432  31.0%     -   19s
     1     4  213.57432    1  101  309.68000  213.57432  31.0%  95.0   20s
    21    44  213.66885    5  106  309.68000  213.63025  31.0%   422   25s
H   56    59                     304.4720000  213.69449  29.8%   268   26s
H   85    74                     300.5040000  213.69449  28.9%   231   29s
    93    96  214.25968   12  106  300.50400  213.69449  28.9%   243   30s
H  107    96                     292.8160000  213.69449  27.0%   225   30s
   155   151  214.05896   15  109  292.81600  213.69449  27.0%   180   46s
H  159   151                     288.8080000  213.69449  26.0%   176   46s
   364   337  215.21928   37  110  288.80800  213.69449  26.0%   125   50s
   571   521  215.70436   53  113  288.80800  213.69490  26.0%   105   55s
   859   772  216.58864   72  103  288.80800  213.75147  26.0%  89.2   60s
   980   914  216.91804   79  110  288.80800  213.75147  26.0%  83.6   65s
H 1072  1003                     278.9360000  213.75147  23.4%  79.8   67s
H 1074   977                     256.6160000  213.75147  16.7%  79.7   67s
  1393  1388  217.26751  113  114  256.61600  213.75147  16.7%  71.3   71s
  1713  1526  217.19451    7  103  256.61600  213.75147  16.7%  66.7   77s
  1715  1527  224.56709   39   80  256.61600  213.75147  16.7%  66.6   83s
  1716  1528  241.02900  118   90  256.61600  213.75147  16.7%  66.6   89s
  1717  1529  233.13161   51   94  256.61600  213.75147  16.7%  66.5   90s
  1727  1535  217.06728   91  112  256.61600  213.75147  16.7%  66.1   95s
  1732  1539  247.41384  113  113  256.61600  213.75147  16.7%  66.0  106s
  1739  1547  213.75147   13  106  256.61600  213.75147  16.7%  71.2  111s
  1797  1566  219.53033   16   74  256.61600  213.75147  16.7%  77.3  115s
  1864  1576  219.67812   19   96  256.61600  213.94239  16.6%  82.8  121s
  1935  1594  214.00432   22  112  256.61600  213.99567  16.6%  86.4  125s
  2031  1610  214.09732   25  119  256.61600  214.09732  16.6%  90.7  132s
  2079  1633  214.26060   26  112  256.61600  214.26060  16.5%  92.1  136s
  2185  1660  214.94715   29  108  256.61600  214.26180  16.5%  95.3  140s
  2320  1738     cutoff   31       256.61600  214.26413  16.5%  99.2  145s
  2526  1829  215.30864   34  111  256.61600  214.26413  16.5%   102  151s
  2670  1917  215.47262   37  114  256.61600  214.26413  16.5%   102  155s
  3028  2071     cutoff   41       256.61600  214.26413  16.5%   105  161s
  3221  2084  215.94896   45  107  256.61600  214.26413  16.5%   107  165s
  3524  2149  216.13544   49  106  256.61600  214.26413  16.5%   108  170s
  3927  2118  223.70490   52   92  256.61600  214.26413  16.5%   108  177s
  4057  2166  216.52066   54  108  256.61600  214.26413  16.5%   110  181s
  4277  2239  216.68608   59  115  256.61600  214.26413  16.5%   112  185s
  4463  2268  217.51180   63  110  256.61600  214.62694  16.4%   115  191s
  4740  2482  230.61169   67   88  256.61600  214.62694  16.4%   115  195s
  5206  2738  218.18600   72  112  256.61600  215.04669  16.2%   113  200s
  5798  3162  218.37419   77  111  256.61600  215.04669  16.2%   109  206s
  6347  3336  218.40696   80  113  256.61600  215.04669  16.2%   104  210s
H 6850  2669                     243.1040000  215.04669  11.5%   101  213s
  6890  2735  218.55510   87  110  243.10400  215.04669  11.5%   102  216s
  7520  3078  218.83641   93  112  243.10400  215.04669  11.5%   102  222s
  7839  3237  218.88575   96  111  243.10400  215.04669  11.5%   101  226s
H 7866  1959                     234.3840000  215.04669  8.25%   101  226s
  8107  2297     cutoff   96       234.38400  215.04669  8.25%   100  230s
  9354  2671     cutoff  109       234.38400  215.04669  8.25%  95.0  238s
  9837  3031  219.43638  118  116  234.38400  215.68442  7.98%  94.2  242s
 10555  3400     cutoff  125       234.38400  215.68442  7.98%  92.0  246s
 11194  3801     cutoff  133       234.38400  216.04199  7.83%  91.0  250s
 12227  4480  221.99539  151  117  234.38400  216.37591  7.68%  90.5  258s
 12914  4786  224.19965  167  116  234.38400  216.37591  7.68%  89.8  263s
 13729  5136  224.83505  188  116  234.38400  217.14385  7.36%  88.9  268s
 14415  5731  225.56563  222  116  234.38400  217.14385  7.36%  88.8  273s
 15349  5732  231.94884   84  103  234.38400  217.79096  7.08%  87.8  302s
 15351  5733  234.26539  155   80  234.38400  217.79096  7.08%  87.8  305s
 15358  5738  228.40690  120  112  234.38400  217.79096  7.08%  87.7  310s
 15367  5747  217.79096   26  119  234.38400  217.79096  7.08%  88.0  315s
 15463  5748  218.83261   32   95  234.38400  217.79096  7.08%  88.8  320s
 15706  5747  220.51536   39   88  234.38400  217.79096  7.08%  89.2  325s
 15919  5752  217.79096   46  108  234.38400  217.79096  7.08%  89.8  330s
 16159  5770  217.79096   52  113  234.38400  217.79096  7.08%  90.1  335s
 16492  5799  217.79096   57  113  234.38400  217.79096  7.08%  90.2  340s
 16830  5861  217.79096   65  112  234.38400  217.79096  7.08%  90.9  345s
 17034  5970  217.79096   72  116  234.38400  217.79096  7.08%  91.2  350s
 17402  6111  230.36660   80   84  234.38400  217.79096  7.08%  91.3  355s
 17801  6299  228.70698   89   84  234.38400  217.79096  7.08%  91.3  360s
 18524  6527  225.01016  100  103  234.38400  217.79096  7.08%  90.5  366s
 19114  6591  222.25919   73   89  234.38400  217.79096  7.08%  90.0  370s
 19837  6656     cutoff   92       234.38400  217.79096  7.08%  89.7  376s
 20391  6888     cutoff  121       234.38400  217.79096  7.08%  89.3  380s
 20992  7119     cutoff  153       234.38400  217.79096  7.08%  88.2  386s
 21980  7340  228.92301   61  105  234.38400  217.79096  7.08%  86.5  391s
 22837  7846  229.09499  144   95  234.38400  217.79096  7.08%  86.0  396s
 23942  7949  231.73115  145   88  234.38400  217.79096  7.08%  85.0  401s
 24891  8156  229.11218  163   89  234.38400  217.87295  7.04%  84.4  406s
 26519  8156  227.27885  120   98  234.38400  218.07905  6.96%  82.5  413s
 26878  8566  231.17122  153  102  234.38400  218.07905  6.96%  82.1  415s
 28270  9113  223.53207  170   91  234.38400  218.34723  6.84%  80.7  422s
 28978  9769  223.12186  144   78  234.38400  218.41563  6.81%  80.0  425s
 30131 10187  227.80986  271   90  234.38400  218.41563  6.81%  79.1  432s
 32010 10438  233.72124  625   72  234.38400  218.55331  6.75%  77.6  436s
 33279 10990     cutoff  308       234.38400  218.97256  6.58%  77.1  440s
 34817 12223  223.33020  109   62  234.38400  219.13188  6.51%  76.4  446s
 36571 13356  230.49197  150   93  234.38400  219.34250  6.42%  75.5  451s
 38461 14692  233.18032  256   87  234.38400  219.51949  6.34%  74.4  456s
 40227 15756  222.82737  252  102  234.38400  219.62386  6.30%  73.7  461s
 41962 17083  233.50798  290   81  234.38400  219.77773  6.23%  72.8  466s
 44105 18316  230.11214  358   81  234.38400  219.96357  6.15%  71.9  471s
 44936 18317  230.17749  361  103  234.38400  219.98800  6.14%  71.6  554s
 44938 18318  230.37287  357   80  234.38400  219.98800  6.14%  71.6  557s
 44939 18319  231.29865  934   88  234.38400  219.98800  6.14%  71.6  560s
 44952 18328  227.90948  226  132  234.38400  219.98800  6.14%  71.6  565s
 44955 18330  227.90092  132  141  234.38400  219.98800  6.14%  71.6  571s
 44956 18330  233.14040  404  141  234.38400  219.98800  6.14%  71.6  575s
 44962 18334  229.97783  157  140  234.38400  219.98800  6.14%  71.6  582s
 44970 18340  233.10646  218  158  234.38400  219.98800  6.14%  71.6  585s
 44971 18340  225.51870  431  157  234.38400  219.98800  6.14%  71.6  591s
 44972 18341  226.48105   88  158  234.38400  219.98800  6.14%  71.6  595s
 44975 18343  229.58799  876  154  234.38400  219.98800  6.14%  71.6  601s
 44978 18345  226.55844  208  164  234.38400  219.98800  6.14%  71.6  607s
 44980 18346  230.20382  379  166  234.38400  219.98800  6.14%  71.6  610s
 44982 18348  230.73457  182  165  234.38400  219.98800  6.14%  71.6  617s
 44983 18348  224.50007  486  165  234.38400  219.98800  6.14%  71.6  620s
 44987 18354  219.98800   40  150  234.38400  219.98800  6.14%  71.8  625s
 45055 18361  219.98800   45  139  234.38400  219.98800  6.14%  72.0  630s
 45225 18354  223.48510   49   90  234.38400  219.98800  6.14%  72.3  635s
 45372 18347  219.98800   53  130  234.38400  219.98800  6.14%  72.5  640s
 45678 18338  219.98800   56  121  234.38400  219.98800  6.14%  72.7  645s
 46021 18328  219.98800   61  121  234.38400  219.98800  6.14%  73.0  650s
 46349 18399  219.98800   66  126  234.38400  219.98800  6.14%  73.2  655s
 46764 18475  219.98800   71  109  234.38400  219.98800  6.14%  73.5  660s
 47144 18603  219.98800   76   94  234.38400  219.98800  6.14%  73.6  665s
 47519 18637  219.98800   83  126  234.38400  219.98800  6.14%  73.7  670s
 47791 18794  230.72143   87  100  234.38400  219.98800  6.14%  74.0  675s
 48134 18794  219.98800   92  131  234.38400  219.98800  6.14%  73.9  680s
 48595 18896  219.98800   98  131  234.38400  219.98800  6.14%  74.2  685s
 49342 19156  222.14383  106  115  234.38400  219.98800  6.14%  74.3  691s
 49979 19217  226.17987  111   93  234.38400  219.98800  6.14%  74.3  696s
 50653 19192  224.96482  116   95  234.38400  219.98800  6.14%  74.3  700s
 51338 19431  219.98800  122  136  234.38400  219.98800  6.14%  74.2  705s
 52014 19719  219.98800  129  135  234.38400  219.98800  6.14%  74.2  710s
 52709 19781  219.98800  136  134  234.38400  219.98800  6.14%  74.3  716s
H52716 17656                     229.6720000  219.98800  4.22%  74.4  716s
 53388 18018  219.98800  145  131  229.67200  219.98800  4.22%  74.5  722s
 53853 18210  219.98800  150  135  229.67200  219.98800  4.22%  74.5  725s
 55005 18063  219.98800  161  137  229.67200  219.98800  4.22%  74.7  731s
 55384 18274  219.98800  168  135  229.67200  219.98800  4.22%  74.9  735s
 56694 18788     cutoff  182       229.67200  219.98800  4.22%  74.9  742s
 57458 18956  219.98800  187  139  229.67200  219.98800  4.22%  75.0  746s
 58240 18972  220.07425  196  141  229.67200  219.98800  4.22%  75.3  750s
 59721 19216  220.60341  210  132  229.67200  219.98800  4.22%  75.7  760s
 61325 19239     cutoff  232       229.67200  220.19470  4.13%  76.0  767s
 61975 19428  221.89267  250  135  229.67200  220.33932  4.06%  76.2  770s
 63487 19484     cutoff  301       229.67200  220.43789  4.02%  76.4  777s
 64258 19404  224.15807  335  134  229.67200  220.64804  3.93%  76.7  781s
 65133 19245     cutoff  412       229.67200  221.03713  3.76%  77.1  785s
 66550 19466  226.17261  122   82  229.67200  221.60104  3.51%  77.8  793s
 67302 19546  228.63143  203   78  229.67200  221.63961  3.50%  77.9  797s
 68055 19795     cutoff  422       229.67200  221.84499  3.41%  78.0  801s
 69165 19539  227.81429  109   78  229.67200  222.18694  3.26%  78.2  805s
 71196 19350  223.93018  175   83  229.67200  222.88479  2.96%  78.7  813s
 72190 18998  228.07485  340   83  229.67200  222.96488  2.92%  78.9  817s
 73022 18804     cutoff  256       229.67200  223.46722  2.70%  79.4  821s
 74994 18198     cutoff  278       229.67200  224.00424  2.47%  79.9  831s
 76080 17419     cutoff  266       229.67200  224.13429  2.41%  80.2  835s
*77212 12340             123     227.6880000  224.66944  1.33%  80.8  838s
 77760 11502     cutoff  189       227.68800  224.79208  1.27%  81.0  841s
 79302  9707     cutoff  207       227.68800  225.65344  0.89%  80.8  847s
 80004  9260     cutoff  223       227.68800  225.67186  0.89%  80.6  850s
 82310  5680     cutoff  133       227.68800  226.40665  0.56%  79.5  856s

Cutting planes:
  MIR: 9
  Flow cover: 67
  Zero half: 2

Explored 84976 nodes (6610333 simplex iterations) in 857.60 seconds (1726.42 work units)
Thread count was 8 (of 40 available processors)

Solution count 10: 227.688 229.672 234.384 ... 304.472

Optimal solution found (tolerance 1.00e-04)
Best objective 2.276879999996e+02, best bound 2.276879999996e+02, gap 0.0000%

User-callback calls 299676, time in user-callback 0.76 sec
