
Gurobi 12.0.3 (linux64) logging started Sun Sep 13 14:50:42 2026

Set parameter LogFile to value "/share/scaglione/nc437/evsp-dr/cumulative_budget_20260913/cases/c3_k10/mip_base/135640_r0/gurobi.log"
Set parameter OutputFlag to value 1
Set parameter TimeLimit to value 3600
Set parameter MIPGap to value 0.0001
Set parameter Threads to value 8
Set parameter TimeLimit to value 1800
Gurobi Optimizer version 12.0.3 build v12.0.3rc0 (linux64 - "Ubuntu 24.04.4 LTS")

CPU model: Intel(R) Xeon(R) Gold 6230 CPU @ 2.10GHz, instruction set [SSE2|AVX|AVX2|AVX512]
Thread count: 40 physical cores, 40 logical processors, using up to 8 threads

Non-default parameters:
TimeLimit  1800
Threads  8

Optimize a model with 205 rows, 26701 columns and 617740 nonzeros
Model fingerprint: 0x898e301c
Variable types: 0 continuous, 26701 integer (26701 binary)
Coefficient statistics:
  Matrix range     [1e+00, 1e+00]
  Objective range  [1e+00, 1e+00]
  Bounds range     [1e+00, 1e+00]
  RHS range        [1e+00, 1e+00]

Loaded user MIP start with objective 55

Presolve removed 0 rows and 2366 columns
Presolve time: 1.18s
Presolved: 205 rows, 24335 columns, 569440 nonzeros
Found heuristic solution: objective 53.0000000
Variable types: 0 continuous, 24335 integer (24335 binary)
Found heuristic solution: objective 52.0000000

Starting sifting (using dual simplex for sub-problems)...

    Iter     Pivots    Primal Obj      Dual Obj        Time
       0          0     infinity      0.0000000e+00      1s
       1        422   1.1311616e+01   5.0534230e+00      1s
       2       1390   1.1025774e+01   7.6470747e+00      1s
       3       2375   1.0404610e+01   8.4318905e+00      1s
       4       3643   1.0013496e+01   9.0194880e+00      2s
       5       4335   1.0000000e+01   1.0000000e+01      2s

Sifting complete


Root relaxation: objective 1.000000e+01, 4335 iterations, 0.40 seconds (0.43 work units)

    Nodes    |    Current Node    |     Objective Bounds      |     Work
 Expl Unexpl |  Obj  Depth IntInf | Incumbent    BestBd   Gap | It/Node Time

     0     0   10.00000    0   87   52.00000   10.00000  80.8%     -    3s
H    0     0                      24.0000000   10.00000  58.3%     -    3s
H    0     0                      19.0000000   10.00000  47.4%     -    3s
H    0     0                      18.0000000   10.00000  44.4%     -    3s
H    0     0                      17.0000000   10.00000  41.2%     -    3s
H    0     0                      15.0000000   10.00000  33.3%     -    3s
H    0     0                      14.0000000   10.00000  28.6%     -    3s
H    0     0                      13.0000000   10.00000  23.1%     -    3s
H    0     0                      12.0000000   10.00000  16.7%     -    5s
     0     0   10.00000    0   75   12.00000   10.00000  16.7%     -    8s
     0     0   10.00000    0   74   12.00000   10.00000  16.7%     -   15s
     0     0   10.00000    0   74   12.00000   10.00000  16.7%     -   18s
     0     0   10.00000    0   72   12.00000   10.00000  16.7%     -   18s
     0     0   10.00000    0   68   12.00000   10.00000  16.7%     -   21s
     0     0   10.00000    0   76   12.00000   10.00000  16.7%     -   21s
     0     0   10.00000    0   73   12.00000   10.00000  16.7%     -   23s
     0     0   10.00000    0   73   12.00000   10.00000  16.7%     -   25s
     0     2   10.00000    0   73   12.00000   10.00000  16.7%     -   29s
     1     4   10.00000    1   80   12.00000   10.00000  16.7% 13726   30s
    23    95   10.00000    5  132   12.00000   10.00000  16.7%   962   36s
    94   103   10.00000   11   98   12.00000   10.00000  16.7%  1230   41s
   102   114   10.00000   11   99   12.00000   10.00000  16.7%  1152   47s
   113   233   10.00000   12   92   12.00000   10.00000  16.7%  1067   56s
   232   946   10.00000   12   92   12.00000   10.00000  16.7%   882   67s
   945  1338   10.19462  107  110   12.00000   10.00000  16.7%   618   74s
H 1025  1127                      11.0000000   10.00000  9.09%   574   74s
  1338   743   10.00000  106   73   11.00000   10.00000  9.09%   448   80s
  1340   744   10.00000   24  102   11.00000   10.00000  9.09%   447   86s
  1341   745   10.00000   16   86   11.00000   10.00000  9.09%   447   93s
  1342   746   10.00000   25   82   11.00000   10.00000  9.09%   447   95s
  1345   748   10.00000  172  100   11.00000   10.00000  9.09%   446  102s
  1347   749   10.00000   89   81   11.00000   10.00000  9.09%   445  105s
  1351   752   10.00000    5   78   11.00000   10.00000  9.09%   444  112s
  1354   754   10.00000   35   80   11.00000   10.00000  9.09%   443  116s
  1355   754   10.00000   92   80   11.00000   10.00000  9.09%   442  120s
  1358   761   10.00000   14   83   11.00000   10.00000  9.09%  85.4  125s
  1472   775 infeasible   22        11.00000   10.00000  9.09%   111  131s
  1505   763   10.00000   24  105   11.00000   10.00000  9.09%   116  136s
  1534   754   10.00000   25   91   11.00000   10.00000  9.09%   132  143s
  1603   737 infeasible   26        11.00000   10.00000  9.09%   136  145s
  1909   672 infeasible   39        11.00000   10.00000  9.09%   195  150s
  2041   619 infeasible   44        11.00000   10.00000  9.09%   227  156s
  2146   597 infeasible   47        11.00000   10.00000  9.09%   243  162s
  2258   567 infeasible   49        11.00000   10.00000  9.09%   263  178s
  2302   555   10.00000   58  111   11.00000   10.00000  9.09%   271  182s
  2344   541 infeasible   59        11.00000   10.00000  9.09%   281  186s
  2376   543 infeasible   61        11.00000   10.00000  9.09%   285  190s
  2833   465 infeasible   50        11.00000   10.00000  9.09%   331  214s
  3081   399   10.00000   65   78   11.00000   10.00000  9.09%   319  221s
  3172   419   10.00000   71   79   11.00000   10.00000  9.09%   317  228s
  3702   367 infeasible   33        11.00000   10.00000  9.09%   297  235s
  4251   424   10.00000   42   86   11.00000   10.00000  9.09%   282  242s
  4847   422 infeasible   67        11.00000   10.00000  9.09%   270  252s
  4921   453 infeasible   60        11.00000   10.00000  9.09%   269  264s
  5388   412 infeasible   73        11.00000   10.00000  9.09%   262  274s
  5795   396 infeasible   77        11.00000   10.00000  9.09%   256  283s
  5973   479   10.00000   78   85   11.00000   10.00000  9.09%   254  292s
  6581   557 infeasible   79        11.00000   10.00000  9.09%   246  300s
  7355   557   10.00000  126   85   11.00000   10.00000  9.09%   236  307s
  7934   617 infeasible   43        11.00000   10.00000  9.09%   233  314s
  8514   635   10.00000   45   64   11.00000   10.00000  9.09%   228  330s
  8726   638   10.00000   50   75   11.00000   10.00000  9.09%   228  339s
  8847   590 infeasible   57        11.00000   10.00000  9.09%   227  347s
  9093   584 infeasible   63        11.00000   10.00000  9.09%   226  354s
  9630   562 infeasible   95        11.00000   10.00000  9.09%   221  362s
  9918   531 infeasible  125        11.00000   10.00000  9.09%   220  370s
 10423   522   10.00000   22   68   11.00000   10.00000  9.09%   218  383s
 10694   595   10.00000   54   74   11.00000   10.00000  9.09%   218  391s
 11318   548 infeasible  120        11.00000   10.00000  9.09%   215  401s
 11586   556   10.00000   87   79   11.00000   10.00000  9.09%   214  408s
 12278   633 infeasible   66        11.00000   10.00000  9.09%   211  415s
 12968   674 infeasible   18        11.00000   10.00000  9.09%   209  425s
 13281   744 infeasible   97        11.00000   10.00000  9.09%   208  436s
 14074   772   10.00000  108   68   11.00000   10.00000  9.09%   206  447s
 14354   757   10.00000  123   78   11.00000   10.00000  9.09%   206  458s
 14555   762   10.00000  136   78   11.00000   10.00000  9.09%   205  474s
 14570   583 infeasible  135        11.00000   10.00000  9.09%   205  552s
 16823   648   10.00000   81   89   11.00000   10.00000  9.09%   201  573s
 19000   800 infeasible   25        11.00000   10.00000  9.09%   197  585s
 20351   736   10.00000  129   66   11.00000   10.00000  9.09%   194  596s
 21591   800   10.00000   59   73   11.00000   10.00000  9.09%   192  607s
 21829   964   10.00000   85   90   11.00000   10.00000  9.09%   192  620s
 22975  1364   10.00000  204   88   11.00000   10.00000  9.09%   191  632s
 24091  1355   10.00000   68   83   11.00000   10.00000  9.09%   188  642s
 25138  1168   10.00000  109   88   11.00000   10.00000  9.09%   187  654s
 26027  1151 infeasible  235        11.00000   10.00000  9.09%   188  667s
 26350  1475   10.00000   89   59   11.00000   10.00000  9.09%   188  676s
 27748  1740 infeasible  203        11.00000   10.00000  9.09%   186  687s
 28401  1798 infeasible  261        11.00000   10.00000  9.09%   185  696s
 29566  1799   10.00000   43   73   11.00000   10.00000  9.09%   184  764s
 29568  1800   10.00000  353   95   11.00000   10.00000  9.09%   184  768s
 29569  1801   10.00000  256   87   11.00000   10.00000  9.09%   184  774s
 29570  1802   10.00000  399   80   11.00000   10.00000  9.09%   184  777s
 29573  1804   10.00000  197   80   11.00000   10.00000  9.09%   184  781s
 29577  1806   10.00000  163   73   11.00000   10.00000  9.09%   184  785s
 29583  1810   10.00000  177   66   11.00000   10.00000  9.09%   184  790s
 29588  1819   10.00000   27   80   11.00000   10.00000  9.09%   186  795s
 29608  1847   10.00000   30  109   11.00000   10.00000  9.09%   186  800s
 29654  1841   10.00000   31  134   11.00000   10.00000  9.09%   187  805s
 29768  1809   10.00000   39  112   11.00000   10.00000  9.09%   187  811s
 29889  1797 infeasible   42        11.00000   10.00000  9.09%   187  818s
 29941  1836 infeasible   46        11.00000   10.00000  9.09%   188  822s
 30139  1903 infeasible   47        11.00000   10.00000  9.09%   188  827s
 30477  1822 infeasible   48        11.00000   10.00000  9.09%   188  837s
 30519  2084 infeasible   49        11.00000   10.00000  9.09%   188  844s
 30932  2701   10.00000  110  129   11.00000   10.00000  9.09%   188  857s
 31857  2501   10.00000   68  122   11.00000   10.00000  9.09%   187  867s
 31968  3060   10.00000   80  124   11.00000   10.00000  9.09%   187  878s
 33018  3427   10.00000  186  125   11.00000   10.00000  9.09%   187  887s
 33885  3826   10.00000  271  123   11.00000   10.00000  9.09%   186  896s
 34689  4058   10.00000  354  120   11.00000   10.00000  9.09%   185  905s
 35348  4407   10.00000  420  113   11.00000   10.00000  9.09%   185  913s
 35954  4682   10.00000  493  110   11.00000   10.00000  9.09%   184  921s
 36863  5003 infeasible  525        11.00000   10.00000  9.09%   187  928s
 37472  5392   10.00000   41  134   11.00000   10.00000  9.09%   187  935s
 38232  5614   10.00000  114  118   11.00000   10.00000  9.09%   188  943s
 38847  5898   10.00000  197  124   11.00000   10.00000  9.09%   189  950s
 39651  5663   10.00000  306  111   11.00000   10.00000  9.09%   191  958s
 40242  5483 infeasible  119        11.00000   10.00000  9.09%   195  968s
 40928  5570   10.00000   92   63   11.00000   10.00000  9.09%   200  977s
 41349  6077   10.00000   93   67   11.00000   10.00000  9.09%   200  986s
 42192  6334   10.00000  179  131   11.00000   10.00000  9.09%   199  995s
 42544  6785   10.00000  188  127   11.00000   10.00000  9.09%   199 1004s
 43380  7484   10.00000  204  129   11.00000   10.00000  9.09%   199 1013s
 44131  7834   10.00000  296  128   11.00000   10.00000  9.09%   197 1102s
 44845  8251   10.00000  387  117   11.00000   10.00000  9.09%   198 1112s
 45799  8276 infeasible  179        11.00000   10.00000  9.09%   199 1121s
 46534  8796   10.00000  251  115   11.00000   10.00000  9.09%   201 1131s
 47524  8588 infeasible  184        11.00000   10.00000  9.09%   201 1150s
 48406  8278 infeasible  154        11.00000   10.00000  9.09%   204 1161s
 48936  8170 infeasible   88        11.00000   10.00000  9.09%   207 1174s
 50209  8353 infeasible  149        11.00000   10.00000  9.09%   210 1186s
 51074  8237   10.00000   92  111   11.00000   10.00000  9.09%   211 1199s
 51995  7673   10.00000  154  105   11.00000   10.00000  9.09%   213 1212s
 53003  7835   10.00000  141   74   11.00000   10.00000  9.09%   217 1226s
 53658  8295 infeasible  184        11.00000   10.00000  9.09%   217 1241s
 55406  7844   10.00000  198   86   11.00000   10.00000  9.09%   215 1255s
 57049  7450 infeasible  225        11.00000   10.00000  9.09%   215 1270s
 57835  7326 infeasible  129        11.00000   10.00000  9.09%   217 1285s
 59509  7248 infeasible   55        11.00000   10.00000  9.09%   219 1297s
 61476  6615 infeasible  333        11.00000   10.00000  9.09%   217 1309s
 62748  6771 infeasible  384        11.00000   10.00000  9.09%   219 1322s
 64515  6648   10.00000  109   85   11.00000   10.00000  9.09%   217 1335s
 65312  6284   10.00000  531   89   11.00000   10.00000  9.09%   217 1348s
 67431  6630 infeasible  325        11.00000   10.00000  9.09%   215 1358s
 69350  6373   10.00000   71   75   11.00000   10.00000  9.09%   213 1367s
 71484  5995   10.00000  116   77   11.00000   10.00000  9.09%   211 1376s
 72666  6408 infeasible  384        11.00000   10.00000  9.09%   211 1385s
 73333  7599   10.00000   61  132   11.00000   10.00000  9.09%   211 1402s
 74866  8776   10.00000  140  130   11.00000   10.00000  9.09%   209 1414s
 76178 10214   10.00000  343  132   11.00000   10.00000  9.09%   208 1426s
 77832 11911   10.00000  513  129   11.00000   10.00000  9.09%   206 1436s
 79692 13411   10.00000  178  112   11.00000   10.00000  9.09%   204 1445s
 81345 14841   10.00000  514  110   11.00000   10.00000  9.09%   202 1454s
 82807 15809   10.00000  752  102   11.00000   10.00000  9.09%   200 1464s
 83869 17833   10.00000  131  129   11.00000   10.00000  9.09%   199 1473s
 86045 19237   10.00000  132  129   11.00000   10.00000  9.09%   197 1481s
 87541 21848   10.00000  260  139   11.00000   10.00000  9.09%   196 1489s
 90596 26066   10.00000  517  139   11.00000   10.00000  9.09%   193 1505s
 95239 26326   10.00000  907  109   11.00000   10.00000  9.09%   190 1511s
 95570 27104   10.00000  933  130   11.00000   10.00000  9.09%   190 1515s
 98100 29872   10.00000 1098  136   11.00000   10.00000  9.09%   187 1524s
 99541 30636   10.00000  378   97   11.00000   10.00000  9.09%   186 1528s
 100443 30644   10.00000  379   99   11.00000   10.00000  9.09%   186 1531s
 100459 31643   10.00000  380   98   11.00000   10.00000  9.09%   186 1535s
 103303 34690   10.00000  390  111   11.00000   10.00000  9.09%   184 1543s
 105204 39416   10.00000  584  112   11.00000   10.00000  9.09%   183 1558s
 110718 39416 infeasible  432        11.00000   10.00000  9.09%   180 1560s
 110752 39639   10.00000  970  126   11.00000   10.00000  9.09%   180 1565s
 111599 41026   10.00000  972  126   11.00000   10.00000  9.09%   179 1571s
 112624 41935   10.00000  973  128   11.00000   10.00000  9.09%   179 1575s
 114849 43812   10.00000  783  132   11.00000   10.00000  9.09%   178 1581s
 116419 44042   10.00000  956  142   11.00000   10.00000  9.09%   177 1588s
 116430 45211   10.00000  957  142   11.00000   10.00000  9.09%   177 1592s
 117599 47004   10.00000  988  140   11.00000   10.00000  9.09%   176 1595s
 120839 51389 infeasible  665        11.00000   10.00000  9.09%   174 1610s
 124547 51444   10.00000  555  100   11.00000   10.00000  9.09%   173 1616s
 126025 53386 infeasible  943        11.00000   10.00000  9.09%   172 1622s
 127186 53532   10.00000  855  111   11.00000   10.00000  9.09%   173 1625s
 128078 54644   10.00000  296  116   11.00000   10.00000  9.09%   173 1631s
 129996 54960   10.00000  111  106   11.00000   10.00000  9.09%   174 1638s
 130340 55163   10.00000  122  106   11.00000   10.00000  9.09%   174 1643s
 130931 55053   10.00000   67  119   11.00000   10.00000  9.09%   174 1648s
 131057 55362   10.00000   68  118   11.00000   10.00000  9.09%   175 1651s
 131524 56019 infeasible  840        11.00000   10.00000  9.09%   175 1656s
 132535 57000   10.00000  449  139   11.00000   10.00000  9.09%   175 1660s
 135022 58798 infeasible  731        11.00000   10.00000  9.09%   174 1668s
 136429 59709   10.00000  375  118   11.00000   10.00000  9.09%   174 1680s
 138194 59924   10.00000  949  110   11.00000   10.00000  9.09%   175 1688s
 138465 61888 infeasible  194        11.00000   10.00000  9.09%   175 1697s
 141268 61939 infeasible  840        11.00000   10.00000  9.09%   174 1702s
 141413 63024   10.00000  377  114   11.00000   10.00000  9.09%   175 1707s
 142592 63095   10.00000  378  113   11.00000   10.00000  9.09%   174 1712s
 142679 63977   10.00000  379  116   11.00000   10.00000  9.09%   174 1717s
 143755 65953   10.00000  380  116   11.00000   10.00000  9.09%   174 1722s
 145867 65979   10.00000 1316  111   11.00000   10.00000  9.09%   173 1728s
 145893 67232   10.00000 1333  113   11.00000   10.00000  9.09%   173 1732s
 147376 67848 infeasible  840        11.00000   10.00000  9.09%   172 1736s
 148048 68077   10.00000 1329  120   11.00000   10.00000  9.09%   172 1741s
 148281 69406   10.00000 1385  114   11.00000   10.00000  9.09%   172 1746s
 149970 70206 infeasible  388        11.00000   10.00000  9.09%   172 1750s
 151320 71791 infeasible  686        11.00000   10.00000  9.09%   172 1760s
 153847 72528   10.00000 1346  110   11.00000   10.00000  9.09%   172 1769s
 154214 74565   10.00000 1386  104   11.00000   10.00000  9.09%   172 1776s
 156723 75577 infeasible 1357        11.00000   10.00000  9.09%   171 1781s
 158405 75692 infeasible  607        11.00000   10.00000  9.09%   172 1786s
 158924 76093 infeasible  803        11.00000   10.00000  9.09%   172 1790s
 159523 77292   10.00000  409  116   11.00000   10.00000  9.09%   172 1796s
 161372 77826   10.00000  656  103   11.00000   10.00000  9.09%   172 1800s

Cutting planes:
  Cover: 1
  Flow cover: 12

Explored 162006 nodes (28555418 simplex iterations) in 1800.06 seconds (3447.28 work units)
Thread count was 8 (of 40 available processors)

Solution count 10: 11 12 13 ... 52

Time limit reached
Best objective 1.100000000000e+01, best bound 1.000000000000e+01, gap 9.0909%

User-callback calls 730400, time in user-callback 3.14 sec
Set parameter TimeLimit to value 1.7993011221885681e+03
Gurobi Optimizer version 12.0.3 build v12.0.3rc0 (linux64 - "Ubuntu 24.04.4 LTS")

CPU model: Intel(R) Xeon(R) Gold 6230 CPU @ 2.10GHz, instruction set [SSE2|AVX|AVX2|AVX512]
Thread count: 40 physical cores, 40 logical processors, using up to 8 threads

Non-default parameters:
TimeLimit  1.7993011221885681e+03
Threads  8

Optimize a model with 206 rows, 26701 columns and 644441 nonzeros
Model fingerprint: 0x658edcea
Variable types: 0 continuous, 26701 integer (26701 binary)
Coefficient statistics:
  Matrix range     [1e+00, 1e+00]
  Objective range  [1e-11, 2e+02]
  Bounds range     [1e+00, 1e+00]
  RHS range        [1e+00, 1e+01]

Loaded user MIP start with objective 463.152
MIP start from previous solve did not produce a new incumbent solution

Presolve removed 0 rows and 434 columns
Presolve time: 1.48s
Presolved: 206 rows, 26267 columns, 633914 nonzeros
Variable types: 0 continuous, 26267 integer (26267 binary)

Starting sifting (using dual simplex for sub-problems)...

    Iter     Pivots    Primal Obj      Dual Obj        Time
       0          0     infinity     -4.3655746e-11      2s
       1       1019   1.4538079e+06   2.2300323e+01      2s
       2       2120   5.1016831e+02   7.2251405e+01      2s
       3       3093   3.8865621e+02   1.6666720e+02      2s
       4       4139   3.2391966e+02   2.0845152e+02      2s
       5       5189   3.0474804e+02   2.3382563e+02      2s
       6       6214   2.9150818e+02   2.5523311e+02      2s
       7       7265   2.8870058e+02   2.6791483e+02      2s
       8       8221   2.8811321e+02   2.7562074e+02      3s
       9       9074   2.8791239e+02   2.8085035e+02      3s
      10       9733   2.8774128e+02   2.8287963e+02      3s

Sifting complete


Root relaxation: objective 2.877280e+02, 10339 iterations, 1.46 seconds (1.94 work units)

    Nodes    |    Current Node    |     Objective Bounds      |     Work
 Expl Unexpl |  Obj  Depth IntInf | Incumbent    BestBd   Gap | It/Node Time

     0     0  287.72800    0  174  463.15200  287.72800  37.9%     -    3s
H    0     0                     451.9520000  287.72800  36.3%     -    6s
     0     0  290.11042    0  172  451.95200  290.11042  35.8%     -    8s
     0     0  290.23503    0  177  451.95200  290.23503  35.8%     -   17s
     0     0  290.28040    0  181  451.95200  290.28040  35.8%     -   17s
     0     0  292.33835    0  176  451.95200  292.33835  35.3%     -   19s
     0     0  292.44788    0  188  451.95200  292.44788  35.3%     -   20s
     0     0  292.59120    0  187  451.95200  292.59120  35.3%     -   20s
     0     0  292.60340    0  190  451.95200  292.60340  35.3%     -   20s
     0     0  293.28383    0  189  451.95200  293.28383  35.1%     -   22s
     0     0  293.42982    0  192  451.95200  293.42982  35.1%     -   23s
     0     0  293.43630    0  192  451.95200  293.43630  35.1%     -   23s
     0     0  293.47907    0  196  451.95200  293.47907  35.1%     -   23s
H    0     0                     450.7120000  293.47907  34.9%     -   25s
     0     0  293.49028    0  196  450.71200  293.49028  34.9%     -   25s
     0     0  293.51166    0  200  450.71200  293.51166  34.9%     -   25s
     0     0  293.71844    0  202  450.71200  293.71844  34.8%     -   26s
     0     0  293.76559    0  204  450.71200  293.76559  34.8%     -   27s
     0     0  293.85296    0  202  450.71200  293.85296  34.8%     -   28s
     0     0  293.89366    0  202  450.71200  293.89366  34.8%     -   28s
     0     0  293.90686    0  203  450.71200  293.90686  34.8%     -   28s
     0     0  293.94113    0  205  450.71200  293.94113  34.8%     -   28s
     0     0  293.94736    0  207  450.71200  293.94736  34.8%     -   28s
     0     0  294.13309    0  207  450.71200  294.13309  34.7%     -   29s
H    0     0                     433.8080000  294.13309  32.2%     -   35s
     0     0  294.20747    0  198  433.80800  294.20747  32.2%     -   35s
     0     0  294.40683    0  208  433.80800  294.40683  32.1%     -   36s
     0     0  294.42208    0  208  433.80800  294.42208  32.1%     -   37s
     0     0  294.44507    0  210  433.80800  294.44507  32.1%     -   38s
     0     0  294.44916    0  211  433.80800  294.44916  32.1%     -   38s
     0     0  294.45095    0  211  433.80800  294.45095  32.1%     -   38s
     0     2  295.33838    0  211  433.80800  295.33838  31.9%     -   50s
     7    16  295.33838    3  210  433.80800  295.33838  31.9%   596   55s
    48    57  295.98418    7  207  433.80800  295.33838  31.9%   338   60s
    66    75  296.11393    9  207  433.80800  295.33838  31.9%   295   65s
H   71    75                     432.5680000  295.33838  31.7%   284   65s
H  102   118                     431.3280000  295.33838  31.5%   244   68s
   146   155  297.38103   19  211  431.32800  295.33838  31.5%   201   70s
   154   165  297.47214   20  208  431.32800  295.33838  31.5%   194   76s
   186   198  297.62801   23  210  431.32800  295.33838  31.5%   172   84s
   197   210  297.71952   24  208  431.32800  295.33838  31.5%   169   87s
   209   218  297.72020   25  209  431.32800  295.33838  31.5%   165   91s
   240   258  297.95155   28  203  431.32800  295.33838  31.5%   155   95s
H  260   277                     430.8320000  295.33838  31.4%   148   96s
   490   499  299.47793   44  205  430.83200  295.33838  31.4%   103  100s
   514   523  299.61924   47  207  430.83200  295.33838  31.4%   101  105s
   554   563  299.73814   52  204  430.83200  295.33838  31.4%  97.4  110s
   587   609  299.85337   56  205  430.83200  295.33838  31.4%  95.1  115s
   646   689  299.87154   58  203  430.83200  295.33838  31.4%  90.7  120s
   943  1049  300.15660   63  205  430.83200  295.33838  31.4%  75.7  125s
  1352  1475  301.38641   89  200  430.83200  295.33838  31.4%  66.2  130s
  1878  2027  302.46095  123  205  430.83200  295.33838  31.4%  59.4  136s
  2500  2680  303.77728  172  204  430.83200  295.33838  31.4%  54.6  141s
  2902  3019  304.95134  205  200  430.83200  295.33838  31.4%  52.1  146s
  3365  3549  306.29786  243  204  430.83200  295.33838  31.4%  50.6  151s
  3796  4068  307.19744  265  201  430.83200  295.33838  31.4%  49.2  155s
  4618  4874  307.95035  329  205  430.83200  295.33838  31.4%  46.5  161s
  5182  5512  308.55756  364  208  430.83200  295.33838  31.4%  45.3  165s
  5871  6213  309.04670  412  203  430.83200  295.33838  31.4%  43.8  170s
  6566  6939  309.41076  467  201  430.83200  295.33838  31.4%  42.7  175s
  7358  7359  313.77328  328  211  430.83200  295.33838  31.4%  41.6  185s
  7360  7360  311.09753  165  174  430.83200  295.33838  31.4%  41.6  202s
  7361  7361  318.39988  671  177  430.83200  295.33838  31.4%  41.6  219s
  7362  7362  322.25437  253  186  430.83200  295.33838  31.4%  41.6  222s
  7371  7368  307.17518  264  205  430.83200  295.33838  31.4%  41.5  225s
  7374  7370  319.65620  751  211  430.83200  295.33838  31.4%  41.5  233s
  7376  7371  321.69165  891  208  430.83200  295.33838  31.4%  41.5  235s
  7379  7373  324.31679  469  206  430.83200  296.15545  31.3%  41.5  243s
  7386  7378  338.94564  807  209  430.83200  296.71620  31.1%  41.4  247s
  7387  7378  308.92692   74  212  430.83200  296.81172  31.1%  41.4  253s
  7388  7379  308.27085  396  212  430.83200  296.83931  31.1%  41.4  257s
  7391  7381  318.70649  371  215  430.83200  296.87519  31.1%  41.4  260s
  7392  7382  305.35154  148  216  430.83200  296.90591  31.1%  41.4  268s
  7395  7384  314.30678   85  219  430.83200  297.09292  31.0%  41.4  270s
  7397  7385  310.11507  132  223  430.83200  297.19375  31.0%  41.4  275s
  7398  7386  324.76513  519  223  430.83200  297.19375  31.0%  41.4  289s
  7399  7389  297.24328   16  220  430.83200  297.24328  31.0%  43.6  292s
  7401  7393  297.29063   17  220  430.83200  297.28411  31.0%  43.8  296s
  7405  7399  297.42844   18  228  430.83200  297.42450  31.0%  44.3  300s
  7442  7424  300.42138   21  174  430.83200  297.44135  31.0%  46.5  306s
  7458  7435  327.60055   22  158  430.83200  297.44135  31.0%  47.7  312s
  7466  7442  298.50113   23  224  430.83200  297.44135  31.0%  48.2  316s
  7476  7448  298.61278   24  218  430.83200  297.44135  31.0%  49.3  320s
  7485  7454  298.97625   25  217  430.83200  297.44135  31.0%  49.9  325s
H 7492  7081                     422.3600000  297.44135  29.6%  50.7  325s
  7509  7107  299.10137   27  217  422.36000  297.44135  29.6%  52.5  333s
  7525  7117  299.23069   28  219  422.36000  297.44135  29.6%  53.8  337s
H 7527  6765                     396.2800000  297.44135  24.9%  54.0  337s
  7541  6768  299.43715   29  220  396.28000  297.44135  24.9%  55.0  340s
  7557  6779  299.58186   30  218  396.28000  297.44135  24.9%  56.5  346s
  7573  6791  299.73935   31  221  396.28000  297.44135  24.9%  57.6  352s
  7583  6800  306.26967   31  168  396.28000  297.44135  24.9%  57.8  355s
  7606  6813  304.73778   32  176  396.28000  297.44135  24.9%  59.0  361s
  7628  6832  309.18481   33  163  396.28000  297.44135  24.9%  60.5  366s
  7642  6836  300.28505   34  213  396.28000  297.44135  24.9%  61.4  370s
  7662  6852  300.33910   35  214  396.28000  297.44135  24.9%  62.5  378s
  7673  6863  311.81317   35  174  396.28000  297.44135  24.9%  63.3  381s
  7688  6871  300.59009   36  217  396.28000  297.44135  24.9%  64.2  386s
  7701  6884  310.74531   36  180  396.28000  297.44135  24.9%  65.0  390s
  7735  6908  300.71176   38  206  396.28000  297.44135  24.9%  67.1  399s
  7754  6914  300.93683   39  210  396.28000  297.44135  24.9%  68.6  404s
  7756  6913  309.44580   40  160  396.28000  297.44135  24.9%  68.6  405s
  7766  6926  311.96386   39  179  396.28000  297.44135  24.9%  69.0  412s
  7782  6944  313.97653   40  160  396.28000  297.44135  24.9%  70.1  417s
  7805  6962  317.45259   41  172  396.28000  297.44135  24.9%  71.9  422s
  7831  6974  310.24316   42  164  396.28000  297.44135  24.9%  73.7  426s
  7852  6994  301.34951   43  202  396.28000  297.44135  24.9%  75.2  432s
  7879  7013  327.12263   44  168  396.28000  297.44135  24.9%  78.6  441s
  7907  7040  301.45492   45  201  396.28000  297.44135  24.9%  80.1  446s
  7943  7054  325.90642   46  162  396.28000  297.44135  24.9%  82.5  454s
  7969  7077  301.63208   48  203  396.28000  297.44135  24.9%  83.7  460s
  8001  7103  301.72144   50  203  396.28000  297.44135  24.9%  85.8  467s
  8037  7128  310.44817   51  173  396.28000  297.44135  24.9%  88.2  473s
  8074  7153  302.38625   53  200  396.28000  297.44135  24.9%  90.4  480s
  8112  7184  316.45402   54  152  396.28000  297.44135  24.9%  92.9  487s
  8155  7181  302.77930   56  209  396.28000  297.44135  24.9%  95.6  499s
  8167  7206  302.87293   57  216  396.28000  297.44135  24.9%  96.2  508s
  8196  7231  303.05568   59  205  396.28000  297.44135  24.9%  98.2  519s
  8230  7271  303.24881   61  198  396.28000  297.44135  24.9%   101  526s
  8282  7304  318.78869   63  162  396.28000  297.44135  24.9%   104  535s
  8332  7342  316.79829   65  179  396.28000  297.44135  24.9%   107  543s
  8387  7377  309.92424   67  160  396.28000  297.44135  24.9%   110  553s
  8440  7391  304.57768   70  207  396.28000  297.44135  24.9%   113  562s
  8472  7407  304.81182   72  205  396.28000  297.44135  24.9%   114  573s
  8498  7461  304.85943   73  209  396.28000  297.44135  24.9%   116  584s
  8561  7448  305.49200   76  202  396.28000  297.44135  24.9%   119  609s
  8569  7469  323.08971   76  164  396.28000  297.44135  24.9%   120  620s
  8593  7502  305.53219   77  200  396.28000  297.44135  24.9%   121  634s
  8634  7548  315.80288   77  167  396.28000  297.44135  24.9%   123  645s
  8693  7593  305.65921   79  205  396.28000  297.44135  24.9%   126  658s
  8758  7648  305.73879   82  204  396.28000  297.44135  24.9%   130  669s
  8835  7691  305.84980   86  206  396.28000  297.44135  24.9%   134  686s
  8903  7755  306.06372   89  203  396.28000  297.44135  24.9%   138  699s
  8990  7798  306.76042   93  197  396.28000  297.44135  24.9%   142  713s
  9062  7863  307.21333   96  195  396.28000  297.44135  24.9%   146  727s
  9151  7925  307.38111  100  201  396.28000  297.44135  24.9%   151  741s
  9243  7997  307.71607  104  196  396.28000  297.44135  24.9%   155  755s
  9345  8053  307.95395  108  197  396.28000  297.44135  24.9%   160  771s
  9437  8133  308.15990  112  196  396.28000  297.44135  24.9%   165  788s
  9548  8204  308.30651  117  202  396.28000  297.44135  24.9%   170  805s
  9658  8288  308.48961  122  196  396.28000  297.44135  24.9%   175  824s
  9779  8377  308.60170  127  196  396.28000  297.44135  24.9%   180  841s
  9912  8473  308.80324  133  197  396.28000  297.44135  24.9%   186  860s
 10052  8571  308.94467  139  194  396.28000  297.44135  24.9%   191  879s
 10205  8671  309.11368  146  183  396.28000  297.44135  24.9%   197  900s
 10363  8764  309.38840  152  192  396.28000  297.44135  24.9%   202  923s
 10511  8871  309.75748  159  192  396.28000  297.44135  24.9%   208  944s
 10667  8868  309.90476  166  190  396.28000  297.44135  24.9%   213  972s
 10716  9034  310.11171  169  187  396.28000  297.44135  24.9%   215  996s
 10909  9169  310.45925  177  188  396.28000  297.44135  24.9%   220 1020s
 11116  9290  310.68115  186  188  396.28000  297.44135  24.9%   226 1044s
 11312  9437  310.98302  194  188  396.28000  297.44135  24.9%   231 1072s
 11531  9542  311.32386  202  194  396.28000  297.44135  24.9%   237 1101s
 11712  9703  328.67927  210  159  396.28000  297.44135  24.9%   242 1130s
 11951  9760  311.93828  218  195  396.28000  297.44135  24.9%   248 1322s
 12103  9840  312.12851  225  197  396.28000  297.44135  24.9%   251 1361s
 12249 10073  316.13861  225  152  396.28000  297.44135  24.9%   254 1394s
 12567 10213  312.33323  237  190  396.28000  297.44135  24.9%   261 1429s
 12866 10420  312.69841  247  185  396.28000  297.44135  24.9%   266 1466s
 13240 10579  313.60902  258  186  396.28000  297.44135  24.9%   272 1504s
 13621 10752  314.07380  268  182  396.28000  297.44135  24.9%   277 1541s
 14062 10641  314.77221  281  187  396.28000  297.44135  24.9%   281 1613s
 14102 10873  324.98566  281  159  396.28000  297.44135  24.9%   282 1653s
 14514 11031  315.02750  285  195  396.28000  297.44135  24.9%   284 1695s
 15018 11297  315.83670  298  190  396.28000  297.44135  24.9%   287 1742s
 15587 11407  316.99907  315  197  396.28000  297.48332  24.9%   291 1768s
 15910 11706  317.24384  322  195  396.28000  297.48332  24.9%   291 1797s

Cutting planes:
  MIR: 18
  Flow cover: 40
  Zero half: 2

Explored 16385 nodes (4796848 simplex iterations) in 1799.32 seconds (4031.10 work units)
Thread count was 8 (of 40 available processors)

Solution count 9: 396.28 422.36 430.832 ... 463.152

Time limit reached
Best objective 3.962800000000e+02, best bound 2.974833196939e+02, gap 24.9310%

User-callback calls 256128, time in user-callback 2.12 sec
