
Gurobi 12.0.3 (linux64) logging started Sun Sep 13 15:37:11 2026

Set parameter LogFile to value "/share/scaglione/nc437/evsp-dr/cumulative_budget_20260913/cases/c3_k15/mip_base/135645_r0/gurobi.log"
Set parameter OutputFlag to value 1
Set parameter TimeLimit to value 3600
Set parameter MIPGap to value 0.0001
Set parameter Threads to value 8
Set parameter TimeLimit to value 1800
Gurobi Optimizer version 12.0.3 build v12.0.3rc0 (linux64 - "Ubuntu 24.04.4 LTS")

CPU model: Intel(R) Xeon(R) CPU E5-2630 v3 @ 2.40GHz, instruction set [SSE2|AVX|AVX2]
Thread count: 16 physical cores, 32 logical processors, using up to 8 threads

Non-default parameters:
TimeLimit  1800
Threads  8

Optimize a model with 302 rows, 38130 columns and 896915 nonzeros
Model fingerprint: 0x9a6d0205
Variable types: 0 continuous, 38130 integer (38130 binary)
Coefficient statistics:
  Matrix range     [1e+00, 1e+00]
  Objective range  [1e+00, 1e+00]
  Bounds range     [1e+00, 1e+00]
  RHS range        [1e+00, 1e+00]

Loaded user MIP start with objective 100

Presolve removed 0 rows and 2665 columns
Presolve time: 1.95s
Presolved: 302 rows, 35465 columns, 845322 nonzeros
Found heuristic solution: objective 94.0000000
Variable types: 0 continuous, 35465 integer (35465 binary)
Found heuristic solution: objective 82.0000000

Starting sifting (using dual simplex for sub-problems)...

    Iter     Pivots    Primal Obj      Dual Obj        Time
       0          0     infinity      0.0000000e+00      2s
       1        651   1.6764739e+01   5.5695052e+00      2s
       2       2680   1.6485876e+01   1.0372243e+01      2s
       3       4524   1.5874511e+01   1.2221100e+01      3s
       4       6685   1.5256395e+01   1.3454184e+01      3s
       5       7766   1.5000000e+01   1.3644727e+01      3s
       6       8954   1.5000000e+01   1.3738127e+01      3s
       7      10194   1.5000000e+01   1.5000000e+01      3s

Sifting complete


Root relaxation: objective 1.500000e+01, 10194 iterations, 1.42 seconds (1.68 work units)
Total elapsed time = 6.88s (DegenMoves)

    Nodes    |    Current Node    |     Objective Bounds      |     Work
 Expl Unexpl |  Obj  Depth IntInf | Incumbent    BestBd   Gap | It/Node Time

     0     0   15.00000    0  157   82.00000   15.00000  81.7%     -    7s
H    0     0                      33.0000000   15.00000  54.5%     -    7s
H    0     0                      28.0000000   15.00000  46.4%     -    7s
H    0     0                      27.0000000   15.00000  44.4%     -    7s
H    0     0                      26.0000000   15.00000  42.3%     -    8s
H    0     0                      25.0000000   15.00000  40.0%     -    8s
H    0     0                      24.0000000   15.00000  37.5%     -    8s
H    0     0                      23.0000000   15.00000  34.8%     -    9s
H    0     0                      22.0000000   15.00000  31.8%     -    9s
H    0     0                      21.0000000   15.00000  28.6%     -    9s
H    0     0                      20.0000000   15.00000  25.0%     -   10s
     0     0   15.00000    0  154   20.00000   15.00000  25.0%     -   20s
     0     0   15.00000    0  147   20.00000   15.00000  25.0%     -   38s
     0     0   15.00000    0  140   20.00000   15.00000  25.0%     -   45s
     0     0   15.00000    0  131   20.00000   15.00000  25.0%     -   47s
     0     0   15.00000    0  128   20.00000   15.00000  25.0%     -   52s
     0     0   15.00000    0  132   20.00000   15.00000  25.0%     -   54s
     0     0   15.00000    0  126   20.00000   15.00000  25.0%     -   58s
     0     0   15.00000    0  128   20.00000   15.00000  25.0%     -   60s
     0     0   15.00000    0  137   20.00000   15.00000  25.0%     -   65s
     0     0   15.00000    0  131   20.00000   15.00000  25.0%     -   67s
     0     0   15.00000    0  127   20.00000   15.00000  25.0%     -   72s
     0     0   15.00000    0  127   20.00000   15.00000  25.0%     -   77s
     0     2   15.00000    0  127   20.00000   15.00000  25.0%     -   87s
     7    16   15.00000    3  164   20.00000   15.00000  25.0%  1813   92s
    23   121   15.00000    5  192   20.00000   15.00000  25.0%   943  101s
   120   129   15.00000   20  187   20.00000   15.00000  25.0%  1052  115s
H  124   129                      19.0000000   15.00000  21.1%  1026  115s
   128   190   15.00000   21  178   19.00000   15.00000  21.1%  1007  126s
   189   451   15.00000   29  189   19.00000   15.00000  21.1%   858  153s
   450   824   15.00000   51  187   19.00000   15.00000  21.1%   989  198s
   823  1376   15.00000  102  229   19.00000   15.00000  21.1%  1174  245s
  1375  1384   15.00000  157  173   19.00000   15.00000  21.1%  1107  279s
  1383  1605   15.00000  158  156   19.00000   15.00000  21.1%  1102  313s
  1604  2001   15.00000  179  189   19.00000   15.00000  21.1%  1005  358s
  2000  2100   15.00000  226  221   19.00000   15.00000  21.1%  1056  396s
  2099  2652   15.00000  257  218   19.00000   15.00000  21.1%  1095  445s
  2651  3212   15.00000  319  208   19.00000   15.00000  21.1%  1194  490s
  3211  3919   15.00007  382  197   19.00000   15.00000  21.1%  1278  532s
  3918  4436   15.07477  508  205   19.00000   15.00000  21.1%  1216  565s
  4435  4901   15.11884  669  203   19.00000   15.00000  21.1%  1097  597s
  4900  5360   15.17696  774  206   19.00000   15.00000  21.1%  1012  630s
  5359  5414   15.22487  876  203   19.00000   15.00000  21.1%   939  672s
H 5371  5414                      18.0000000   15.00000  16.7%   937  672s
  5413  6026   15.22778  883  204   18.00000   15.00000  16.7%   932  705s
  6025  6309   15.29207  984  203   18.00000   15.00000  16.7%   852  736s
  6308  6875   15.33182 1049  207   18.00000   15.00000  16.7%   820  768s
  6874  7306   15.42228 1155  204   18.00000   15.00000  16.7%   766  799s
  7306  7307   15.00000  123  127   18.00000   15.00000  16.7%   729  807s
  7308  7308   15.47077  847  157   18.00000   15.00000  16.7%   729  822s
  7309  7309   15.54147  968  156   18.00000   15.00000  16.7%   729  853s
  7310  7310   15.00000  250  142   18.00000   15.00000  16.7%   729  861s
  7311  7310   15.00000  402  132   18.00000   15.00000  16.7%   729  883s
  7312  7311   15.10520  727  132   18.00000   15.00000  16.7%   729  886s
  7313  7312   15.17741  639  124   18.00000   15.00000  16.7%   729  893s
  7314  7312   15.00000  438  122   18.00000   15.00000  16.7%   728  895s
  7315  7313   15.52260  934  129   18.00000   15.00000  16.7%   728  904s
  7316  7314   15.28875  911  127   18.00000   15.00000  16.7%   728  906s
  7317  7314   15.74883 1060  127   18.00000   15.00000  16.7%   728  911s
  7318  7315   15.00000  264  127   18.00000   15.00000  16.7%   728  950s
  7319  7319   15.00000   16  133   18.00000   15.00000  16.7%   738  960s
  7325  7329   15.00000   18  133   18.00000   15.00000  16.7%   738  965s
  7341  7356   15.00000   20  149   18.00000   15.00000  16.7%   737  977s
  7366  7369   15.00000   23  181   18.00000   15.00000  16.7%   742  992s
  7387  7370   15.00000   23  171   18.00000   15.00000  16.7%   744 1011s
  7395  7375   15.00000   24  163   18.00000   15.00000  16.7%   744 1029s
  7403  7391   15.02891   24  172   18.00000   15.00000  16.7%   744 1052s
  7421  7427   15.00000   27  160   18.00000   15.00000  16.7%   745 1080s
  7463  7481   15.00000   31  126   18.00000   15.00000  16.7%   763 1112s
  7531  7470   15.00000   36  121   18.00000   15.00000  16.7%   768 1154s
  7543  7527   15.00000   36  169   18.00000   15.00000  16.7%   769 1202s
  7604  7632   15.00000   39  139   18.00000   15.00000  16.7%   793 1249s
  7729  7732   15.00000   49  138   18.00000   15.00000  16.7%   798 1299s
  7871  7709   15.00000   56  163   18.00000   15.00000  16.7%   925 1356s
  7895  7750   15.00000   57  164   18.00000   15.00000  16.7%   926 1411s
  7944  7876   15.00000   62  177   18.00000   15.00000  16.7%   926 1475s
  8087  7953   15.00000   71  140   18.00000   15.00000  16.7%   933 1538s
  8211  8087   15.00000   74  179   18.00000   15.00000  16.7%  1031 1603s
  8387  8156   15.00000   83  121   18.00000   15.00000  16.7%  1175 1670s
  8514  8246   15.00000   90  118   18.00000   15.00000  16.7%  1191 1745s
  8647  8260   15.03299   98  148   18.00000   15.00000  16.7%  1255 1800s

Cutting planes:
  MIR: 1
  Flow cover: 5

Explored 8705 nodes (11049572 simplex iterations) in 1800.11 seconds (2392.96 work units)
Thread count was 8 (of 32 available processors)

Solution count 10: 18 19 20 ... 27

Time limit reached
Best objective 1.800000000000e+01, best bound 1.500000000000e+01, gap 16.6667%

User-callback calls 329608, time in user-callback 2.25 sec
Set parameter TimeLimit to value 1.7988549306392670e+03
Gurobi Optimizer version 12.0.3 build v12.0.3rc0 (linux64 - "Ubuntu 24.04.4 LTS")

CPU model: Intel(R) Xeon(R) CPU E5-2630 v3 @ 2.40GHz, instruction set [SSE2|AVX|AVX2]
Thread count: 16 physical cores, 32 logical processors, using up to 8 threads

Non-default parameters:
TimeLimit  1.7988549306392670e+03
Threads  8

Optimize a model with 303 rows, 38130 columns and 935045 nonzeros
Model fingerprint: 0x934098ea
Variable types: 0 continuous, 38130 integer (38130 binary)
Coefficient statistics:
  Matrix range     [1e+00, 1e+00]
  Objective range  [1e-11, 1e+02]
  Bounds range     [1e+00, 1e+00]
  RHS range        [1e+00, 2e+01]

Loaded user MIP start with objective 758.216
MIP start from previous solve did not produce a new incumbent solution

Presolve removed 0 rows and 149 columns
Presolve time: 2.23s
Presolved: 303 rows, 37981 columns, 931666 nonzeros
Variable types: 0 continuous, 37981 integer (37981 binary)

Starting sifting (using dual simplex for sub-problems)...

    Iter     Pivots    Primal Obj      Dual Obj        Time
       0          0     infinity     -5.2386895e-10      2s
       1       1820   1.0466212e+06   2.7882689e+01      3s
       2       3315   6.9946793e+02   1.4993698e+02      3s
       3       4779   5.8934916e+02   2.3831247e+02      3s
       4       6229   4.9841735e+02   3.1196401e+02      3s
       5       7878   4.5752939e+02   3.7610021e+02      4s
       6       9355   4.4822389e+02   4.2156245e+02      4s

Sifting complete


Root relaxation: objective 4.470289e+02, 10616 iterations, 1.98 seconds (2.61 work units)

    Nodes    |    Current Node    |     Objective Bounds      |     Work
 Expl Unexpl |  Obj  Depth IntInf | Incumbent    BestBd   Gap | It/Node Time

     0     0  447.02889    0  259  758.21600  447.02889  41.0%     -    4s
H    0     0                     757.4720000  447.02889  41.0%     -    7s
H    0     0                     717.2160000  447.02889  37.7%     -    7s
H    0     0                     696.8400000  447.02889  35.8%     -    8s
H    0     0                     683.4080000  447.02889  34.6%     -    9s
     0     0  447.51699    0  265  683.40800  447.51699  34.5%     -   14s
     0     0  447.85015    0  265  683.40800  447.85015  34.5%     -   28s
     0     0  448.13684    0  272  683.40800  448.13684  34.4%     -   31s
     0     0  448.33942    0  279  683.40800  448.33942  34.4%     -   35s
     0     0  448.40388    0  279  683.40800  448.40388  34.4%     -   35s
     0     0  448.40388    0  280  683.40800  448.40388  34.4%     -   36s
     0     0  448.55893    0  282  683.40800  448.55893  34.4%     -   39s
     0     0  448.57451    0  285  683.40800  448.57451  34.4%     -   42s
     0     0  448.61749    0  285  683.40800  448.61749  34.4%     -   43s
     0     0  448.71222    0  284  683.40800  448.71222  34.3%     -   44s
     0     0  448.73101    0  283  683.40800  448.73101  34.3%     -   48s
     0     0  448.77270    0  286  683.40800  448.77270  34.3%     -   49s
     0     0  448.77423    0  285  683.40800  448.77423  34.3%     -   51s
     0     2  448.94821    0  285  683.40800  448.94821  34.3%     -   78s
     1     4  448.94821    1  285  683.40800  448.94821  34.3%  33.0   81s
     7    16  449.40667    3  278  683.40800  449.31383  34.3%   603   88s
    15    24  449.99504    4  284  683.40800  449.40780  34.2%   668   92s
    23    51  450.00117    5  283  683.40800  449.40780  34.2%   618   97s
H   50    59                     683.1600000  449.40780  34.2%   387  102s
    58    79  450.28872   10  280  683.16000  449.40780  34.2%   369  105s
H   82   100                     682.9120000  449.40780  34.2%   309  107s
H   89   100                     676.4640000  449.40780  33.6%   295  107s
    99   108  450.67991   18  283  676.46400  449.40780  33.6%   282  112s
   107   118  450.76728   19  279  676.46400  449.40780  33.6%   281  122s
   117   129  450.83227   20  282  676.46400  449.40780  33.6%   275  126s
   137   149  450.86661   22  283  676.46400  449.40780  33.6%   276  130s
   159   169  450.96814   24  277  676.46400  449.40780  33.6%   253  135s
   178   189  451.03604   26  276  676.46400  449.40780  33.6%   237  141s
   197   206  451.11956   28  281  676.46400  449.40780  33.6%   225  145s
H  210   215                     676.2159981  449.40780  33.5%   218  147s
   214   246  451.34212   30  281  676.21600  449.40780  33.5%   217  150s
   245   254  451.59988   33  280  676.21600  449.40780  33.5%   204  156s
   253   262  451.68261   34  280  676.21600  449.40780  33.5%   200  174s
   261   270  451.72059   35  279  676.21600  449.40780  33.5%   198  176s
   277   286  451.81291   37  281  676.21600  449.40780  33.5%   191  182s
   285   294  451.82552   38  284  676.21600  449.40780  33.5%   189  189s
   293   302  451.89645   39  280  676.21600  449.40780  33.5%   187  192s
   301   310  452.15990   40  281  676.21600  449.40780  33.5%   185  195s
   309   319  452.19168   41  286  676.21600  449.40780  33.5%   184  210s
   318   332  452.20936   42  281  676.21600  449.40780  33.5%   183  218s
   331   345  452.29052   43  280  676.21600  449.40780  33.5%   182  222s
   344   358  452.32033   44  282  676.21600  449.40780  33.5%   180  226s
   368   382  452.35928   46  282  676.21600  449.40780  33.5%   178  233s
   381   404  452.35928   47  282  676.21600  449.40780  33.5%   177  238s
   403   441  452.42394   48  274  676.21600  449.40780  33.5%   177  243s
   440   494  452.43714   49  280  676.21600  449.40780  33.5%   173  247s
   493   544  452.64479   53  279  676.21600  449.40780  33.5%   167  255s
   543   605  453.10903   57  275  676.21600  449.40780  33.5%   169  261s
   604   657  453.37516   64  277  676.21600  449.40780  33.5%   166  266s
   656   716  453.56572   70  280  676.21600  449.40780  33.5%   164  272s
   715   756  453.91562   76  277  676.21600  449.40780  33.5%   162  279s
   755   764  454.13079   81  277  676.21600  449.40780  33.5%   160  283s
   763   772  454.14622   82  282  676.21600  449.40780  33.5%   160  288s
   771   780  454.15114   83  279  676.21600  449.40780  33.5%   160  293s
   779   792  454.16451   84  280  676.21600  449.40780  33.5%   159  299s
   791   800  454.24429   85  275  676.21600  449.40780  33.5%   159  305s
H  797   800                     676.2159719  449.40780  33.5%   159  305s
   799   877  454.25752   86  277  676.21597  449.40780  33.5%   159  314s
   876   885  454.37787   90  279  676.21597  449.40780  33.5%   158  323s
   884   893  454.40755   91  278  676.21597  449.40780  33.5%   158  330s
   892   901  454.41801   92  279  676.21597  449.40780  33.5%   158  336s
   900   909  454.41801   93  279  676.21597  449.40780  33.5%   157  347s
   908   917  454.42865   94  280  676.21597  449.40780  33.5%   157  357s
   916   925  454.45347   95  280  676.21597  449.40780  33.5%   156  364s
   924   933  454.45347   96  280  676.21597  449.40780  33.5%   156  376s
   932   955  454.45524   97  278  676.21597  449.40780  33.5%   155  387s
   954   980  454.45894   98  280  676.21597  449.40780  33.5%   154  394s
   979  1012  454.46258   99  280  676.21597  449.40780  33.5%   152  402s
  1011  1059  454.47313  100  279  676.21597  449.40780  33.5%   150  409s
  1058  1132  455.12136  105  275  676.21597  449.40780  33.5%   149  417s
  1131  1203  455.46143  121  277  676.21597  449.40780  33.5%   146  427s
  1202  1317  455.74296  124  278  676.21597  449.40780  33.5%   147  436s
  1316  1425  456.08226  144  273  676.21597  449.40780  33.5%   143  446s
  1424  1589  456.46577  162  276  676.21597  449.40780  33.5%   141  458s
  1588  1778  456.80552  185  278  676.21597  449.40780  33.5%   136  469s
  1777  1957  457.05659  209  276  676.21597  449.40780  33.5%   130  479s
  1956  2143  457.37718  238  272  676.21597  449.40780  33.5%   126  491s
  2142  2365  457.66678  263  278  676.21597  449.40780  33.5%   122  501s
  2364  2576  457.99090  292  274  676.21597  449.40780  33.5%   117  512s
  2575  2807  458.36880  320  272  676.21597  449.40780  33.5%   114  523s
  2806  3033  458.61387  357  273  676.21597  449.40780  33.5%   110  536s
  3032  3217  459.04909  383  273  676.21597  449.40780  33.5%   108  548s
  3216  3307  459.45095  403  277  676.21597  449.40780  33.5%   107  559s
  3306  3559  459.56362  407  273  676.21597  449.40780  33.5%   110  573s
  3558  3822  459.92444  440  276  676.21597  449.40780  33.5%   107  586s
  3821  4080  460.14774  478  274  676.21597  449.40780  33.5%   105  599s
  4079  4395  460.50717  513  276  676.21597  449.40780  33.5%   103  613s
  4394  4761  460.80842  548  276  676.21597  449.40780  33.5%   100  627s
  4760  5138  461.26554  583  275  676.21597  449.40780  33.5%  97.0  642s
  5137  5532  461.53383  631  273  676.21597  449.40780  33.5%  94.0  657s
  5531  5937  462.02521  678  272  676.21597  449.40780  33.5%  91.4  673s
  5936  6283  462.42161  723  266  676.21597  449.40780  33.5%  88.9  690s
  6282  6738  462.63168  738  270  676.21597  449.40780  33.5%  87.6  707s
  6737  7161  462.95878  795  273  676.21597  449.40780  33.5%  85.4  724s
  7160  7629  463.28591  845  272  676.21597  449.40780  33.5%  83.9  743s
  7629  7630  471.87341  859  285  676.21597  449.40780  33.5%  82.2  766s
  7631  7631  486.26914  585  259  676.21597  449.40780  33.5%  82.2  784s
  7632  7632  486.08739  283  265  676.21597  449.40780  33.5%  82.2  806s
  7633  7633  484.35818  167  267  676.21597  449.40780  33.5%  82.1  810s
  7637  7635  484.97825  685  282  676.21597  449.40780  33.5%  82.1  820s
  7638  7636  473.79017  634  280  676.21597  449.40780  33.5%  82.1  832s
  7642  7639  473.40057  592  286  676.21597  449.40780  33.5%  82.0  835s
  7644  7640  459.41897   15  288  676.21597  449.40780  33.5%  82.0  841s
  7645  7641  506.99049  764  288  676.21597  449.40780  33.5%  82.0  851s
  7648  7643  478.96182  452  288  676.21597  449.40780  33.5%  82.0  857s
  7649  7643  469.35433  285  292  676.21597  449.40780  33.5%  82.0  866s
  7651  7645  490.47956  927  293  676.21597  449.40780  33.5%  81.9  872s
  7652  7645  481.77653  726  290  676.21597  449.40780  33.5%  81.9  881s
  7653  7646  478.72609  441  291  676.21597  449.40780  33.5%  81.9  885s
  7654  7647  485.46865  239  291  676.21597  449.40780  33.5%  81.9  890s
  7656  7648  476.29096   55  290  676.21597  449.49847  33.5%  81.9  944s
  7657  7652  449.49847   11  290  676.21597  449.49847  33.5%  83.7  951s
  7659  7655  449.49847   12  293  676.21597  449.49847  33.5%  83.8  957s
  7663  7662  449.49847   13  288  676.21597  449.49847  33.5%  84.2  965s
  7679  7685  449.89458   15  294  676.21597  449.49847  33.5%  85.1  981s
  7700  7686  450.01126   16  290  676.21597  449.49847  33.5%  86.4  991s
  7708  7693  459.52980   16  251  676.21597  449.49847  33.5%  86.7 1000s
  7717  7700  450.05434   17  296  676.21597  449.49847  33.5%  87.6 1008s
  7727  7706  450.11333   18  291  676.21597  449.49847  33.5%  88.0 1015s
  7737  7713  450.23344   19  297  676.21597  449.49847  33.5%  89.2 1028s
  7747  7720  450.33289   20  292  676.21597  449.49847  33.5%  89.7 1038s
  7757  7726  450.56752   21  285  676.21597  449.49847  33.5%  91.5 1047s
  7767  7733  450.67748   22  283  676.21597  449.49847  33.5%  91.8 1061s
  7777  7740  450.77466   23  289  676.21597  449.49847  33.5%  93.1 1071s
  7787  7744  450.91155   24  287  676.21597  449.49847  33.5%  93.4 1079s
  7795  7750  465.51129   24  258  676.21597  449.49847  33.5%  94.5 1091s
  7803  7755  450.91155   25  287  676.21597  449.49847  33.5%  94.6 1099s
  7811  7763  458.50745   25  272  676.21597  449.49847  33.5%  95.6 1111s
  7822  7771  450.99965   26  290  676.21597  449.49847  33.5%  96.6 1120s
  7833  7779  465.78126   26  254  676.21597  449.49847  33.5%  97.5 1127s
  7845  7788  451.04720   27  294  676.21597  449.49847  33.5%  98.1 1136s
  7858  7799  451.12596   28  296  676.21597  449.49847  33.5%  99.2 1144s
  7873  7807  451.20537   29  285  676.21597  449.49847  33.5%   100 1155s
  7886  7818  451.25739   30  288  676.21597  449.49847  33.5%   102 1164s
  7902  7821  451.28025   31  288  676.21597  449.49847  33.5%   103 1174s
  7910  7826  463.21264   31  255  676.21597  449.49847  33.5%   103 1196s
  7918  7832  451.38686   32  287  676.21597  449.49847  33.5%   104 1208s
  7926  7838  458.10931   32  266  676.21597  449.49847  33.5%   104 1230s
  7935  7844  451.41556   33  287  676.21597  449.49847  33.5%   105 1239s
  7944  7852  465.23638   33  239  676.21597  449.49847  33.5%   106 1251s
  7955  7856  451.49438   34  290  676.21597  449.49847  33.5%   107 1268s
  7963  7869  461.12883   34  254  676.21597  449.49847  33.5%   107 1281s
  7978  7877  451.56045   35  287  676.21597  449.49847  33.5%   108 1299s
  7991  7882  461.15471   35  246  676.21597  449.49847  33.5%   109 1312s
  8001  7895  451.56664   36  288  676.21597  449.49847  33.5%   110 1326s
  8017  7908  451.76941   38  288  676.21597  449.49847  33.5%   111 1341s
  8035  7933  451.84149   39  282  676.21597  449.49847  33.5%   112 1359s
  8066  7956  459.49383   40  247  676.21597  449.49847  33.5%   115 1375s
  8100  7953  452.01169   42  286  676.21597  449.49847  33.5%   117 1392s
  8108  7961  462.98470   42  242  676.21597  449.49847  33.5%   118 1409s
  8119  7972  452.04430   43  286  676.21597  449.49847  33.5%   119 1429s
  8133  7993  457.78336   43  250  676.21597  449.49847  33.5%   119 1447s
  8159  8010  452.06176   44  285  676.21597  449.49847  33.5%   121 1469s
  8185  8042  452.08510   45  283  676.21597  449.49847  33.5%   123 1489s
  8225  8068  452.18149   47  281  676.21597  449.49847  33.5%   125 1510s
  8265  8099  452.33159   49  287  676.21597  449.49847  33.5%   128 1530s
  8309  8132  457.64609   51  257  676.21597  449.49847  33.5%   131 1554s
  8357  8161  452.69188   54  281  676.21597  449.49847  33.5%   133 1577s
  8402  8195  452.75595   57  279  676.21597  449.49847  33.5%   136 1601s
  8451  8223  452.90595   60  280  676.21597  449.49847  33.5%   139 1626s
  8495  8263  452.99547   63  278  676.21597  449.49847  33.5%   143 1651s
  8550  8301  453.08298   66  278  676.21597  449.49847  33.5%   146 1677s
  8606  8337  453.24074   69  281  676.21597  449.49847  33.5%   149 1702s
  8661  8357  453.53803   72  279  676.21597  449.49847  33.5%   153 1731s
  8699  8404  453.53803   73  279  676.21597  449.49847  33.5%   155 1758s
  8759  8443  457.03978   76  258  676.21597  449.49847  33.5%   158 1788s
  8818  8446  453.78811   80  276  676.21597  449.49847  33.5%   162 1798s

Cutting planes:
  MIR: 31
  Flow cover: 25

Explored 8840 nodes (1453770 simplex iterations) in 1798.89 seconds (2297.96 work units)
Thread count was 8 (of 32 available processors)

Solution count 9: 676.216 676.464 682.912 ... 758.216

Time limit reached
Best objective 6.762159718854e+02, best bound 4.494984729156e+02, gap 33.5274%

User-callback calls 329862, time in user-callback 1.74 sec
