
Gurobi 12.0.3 (linux64) logging started Sun Sep 13 14:19:59 2026

Set parameter LogFile to value "/share/scaglione/nc437/evsp-dr/cumulative_budget_20260913/cases/c3_k10/mip_warm/135639_r0/gurobi.log"
Set parameter OutputFlag to value 1
Set parameter TimeLimit to value 3600
Set parameter MIPGap to value 0.0001
Set parameter Threads to value 8
Set parameter TimeLimit to value 1800
Gurobi Optimizer version 12.0.3 build v12.0.3rc0 (linux64 - "Ubuntu 24.04.4 LTS")

CPU model: Intel(R) Xeon(R) Gold 6230 CPU @ 2.10GHz, instruction set [SSE2|AVX|AVX2|AVX512]
Thread count: 40 physical cores, 40 logical processors, using up to 8 threads

Non-default parameters:
TimeLimit  1800
Threads  8

Optimize a model with 205 rows, 35495 columns and 703027 nonzeros
Model fingerprint: 0x2d603f0b
Variable types: 0 continuous, 35495 integer (35495 binary)
Coefficient statistics:
  Matrix range     [1e+00, 1e+00]
  Objective range  [1e+00, 1e+00]
  Bounds range     [1e+00, 1e+00]
  RHS range        [1e+00, 1e+00]

Loaded user MIP start with objective 48

Presolve removed 0 rows and 1541 columns
Presolve time: 1.33s
Presolved: 205 rows, 33954 columns, 674937 nonzeros
Found heuristic solution: objective 45.0000000
Variable types: 0 continuous, 33954 integer (33954 binary)

Starting sifting (using dual simplex for sub-problems)...

    Iter     Pivots    Primal Obj      Dual Obj        Time
       0          0     infinity      0.0000000e+00      1s
       1        219   9.1000000e+01   2.7575758e+00      1s
       2        933   1.0351430e+01   4.7236854e+00      2s
       3       1423   1.0000000e+01   7.0917908e+00      2s

Sifting complete


Root relaxation: objective 1.000000e+01, 1898 iterations, 0.18 seconds (0.15 work units)

    Nodes    |    Current Node    |     Objective Bounds      |     Work
 Expl Unexpl |  Obj  Depth IntInf | Incumbent    BestBd   Gap | It/Node Time

*    0     0               0      10.0000000   10.00000  0.00%     -    3s

Explored 1 nodes (29531 simplex iterations) in 3.17 seconds (2.87 work units)
Thread count was 8 (of 40 available processors)

Solution count 3: 10 45 48 

Optimal solution found (tolerance 1.00e-04)
Best objective 1.000000000000e+01, best bound 1.000000000000e+01, gap 0.0000%

User-callback calls 358, time in user-callback 0.00 sec
Set parameter TimeLimit to value 3.5960570182800293e+03
Gurobi Optimizer version 12.0.3 build v12.0.3rc0 (linux64 - "Ubuntu 24.04.4 LTS")

CPU model: Intel(R) Xeon(R) Gold 6230 CPU @ 2.10GHz, instruction set [SSE2|AVX|AVX2|AVX512]
Thread count: 40 physical cores, 40 logical processors, using up to 8 threads

Non-default parameters:
TimeLimit  3.5960570182800293e+03
Threads  8

Optimize a model with 206 rows, 35495 columns and 738522 nonzeros
Model fingerprint: 0x1e489ba8
Variable types: 0 continuous, 35495 integer (35495 binary)
Coefficient statistics:
  Matrix range     [1e+00, 1e+00]
  Objective range  [5e+00, 1e+02]
  Bounds range     [1e+00, 1e+00]
  RHS range        [1e+00, 1e+01]

Loaded user MIP start with objective 534.512
MIP start from previous solve did not produce a new incumbent solution

Presolve removed 0 rows and 62 columns
Presolve time: 1.47s
Presolved: 206 rows, 35433 columns, 737263 nonzeros
Variable types: 0 continuous, 35433 integer (35433 binary)

Starting sifting (using dual simplex for sub-problems)...

    Iter     Pivots    Primal Obj      Dual Obj        Time
       0          0     infinity      0.0000000e+00      2s
       1        270   8.2897524e+07   7.8586855e+01      2s
       2       1165   3.4186502e+06   9.7095755e+01      2s
       3       2462   5.1001673e+05   1.0899181e+02      2s
       4       4124   6.1733987e+04   1.1021457e+02      2s
       5       5503   4.0363189e+02   1.3989159e+02      2s
       6       6612   3.5719210e+02   1.8457351e+02      2s
       7       7676   3.4128261e+02   2.4658771e+02      2s
       8       8744   3.2366468e+02   2.7256626e+02      2s
       9      10035   3.1824105e+02   2.9265896e+02      3s
      10      12151   3.1715402e+02   2.9811673e+02      3s
      11      14175   3.1714091e+02   3.0548252e+02      3s
      12      15588   3.1708825e+02   3.1017372e+02      4s
      13      17354   3.1683013e+02   3.1079507e+02      4s
      14      18794   3.1682800e+02   3.1257635e+02      4s
      15      20638   3.1682375e+02   3.1305486e+02      5s
      16      22073   3.1682373e+02   3.1387949e+02      5s
      17      23683   3.1682324e+02   3.1446087e+02      5s
      18      24987   3.1682324e+02   3.1472524e+02      5s
      19      26736   3.1682319e+02   3.1572255e+02      6s

Sifting complete


Root simplex log...

Iteration    Objective       Primal Inf.    Dual Inf.      Time
   28284    3.1682319e+02   0.000000e+00   0.000000e+00      6s

Root relaxation: objective 3.168232e+02, 28284 iterations, 4.58 seconds (6.39 work units)

    Nodes    |    Current Node    |     Objective Bounds      |     Work
 Expl Unexpl |  Obj  Depth IntInf | Incumbent    BestBd   Gap | It/Node Time

     0     0  316.82319    0  134  534.51200  316.82319  40.7%     -    6s
H    0     0                     502.9360000  316.82319  37.0%     -    7s
     0     0  318.37082    0  141  502.93600  318.37082  36.7%     -   13s
     0     0  318.47159    0  141  502.93600  318.47159  36.7%     -   28s
     0     0  318.47301    0  141  502.93600  318.47301  36.7%     -   28s
     0     0  318.62399    0  143  502.93600  318.62399  36.6%     -   31s
H    0     0                     446.6880000  318.62399  28.7%     -   34s
     0     0  318.69073    0  145  446.68800  318.69073  28.7%     -   36s
     0     0  318.71200    0  147  446.68800  318.71200  28.6%     -   36s
     0     0  318.87091    0  146  446.68800  318.87091  28.6%     -   38s
     0     0  318.94333    0  149  446.68800  318.94333  28.6%     -   40s
     0     0  318.96197    0  149  446.68800  318.96197  28.6%     -   40s
     0     0  319.45260    0  156  446.68800  319.45260  28.5%     -   43s
     0     0  319.55887    0  149  446.68800  319.55887  28.5%     -   47s
     0     0  319.57332    0  151  446.68800  319.57332  28.5%     -   48s
     0     0  319.59723    0  157  446.68800  319.59723  28.5%     -   48s
     0     0  319.59877    0  158  446.68800  319.59877  28.5%     -   48s
     0     0  319.80046    0  160  446.68800  319.80046  28.4%     -   50s
     0     0  319.82432    0  163  446.68800  319.82432  28.4%     -   51s
     0     0  319.82602    0  164  446.68800  319.82602  28.4%     -   51s
     0     0  319.82669    0  165  446.68800  319.82669  28.4%     -   51s
     0     0  319.98675    0  155  446.68800  319.98675  28.4%     -   52s
     0     0  320.00857    0  164  446.68800  320.00857  28.4%     -   53s
     0     0  320.01398    0  168  446.68800  320.01398  28.4%     -   53s
     0     0  320.01949    0  161  446.68800  320.01949  28.4%     -   53s
     0     0  320.02060    0  163  446.68800  320.02060  28.4%     -   54s
     0     0  320.04712    0  170  446.68800  320.04712  28.4%     -   54s
H    0     0                     437.7200000  320.04712  26.9%     -   55s
     0     0  320.05000    0  170  437.72000  320.05000  26.9%     -   56s
     0     2  320.36376    0  170  437.72000  320.36376  26.8%     -   61s
     3     8  320.68038    2  161  437.72000  320.68038  26.7%   933   67s
     7    14  320.83784    3  168  437.72000  320.68376  26.7%   954   70s
    15    22  320.87495    4  162  437.72000  320.84346  26.7%   873   75s
    49    70  321.92373    6  166  437.72000  320.90343  26.7%   468   83s
H   61    70                     431.4800000  320.90343  25.6%   408   83s
    73    85  322.11997    8  173  431.48000  320.90343  25.6%   372   85s
H   80    85                     419.0400000  320.90343  23.4%   348   85s
H  123   124                     417.8400000  320.90343  23.2%   284   88s
H  126   124                     411.3520000  320.90343  22.0%   281   88s
   151   160  324.37351   14  162  411.35200  320.90343  22.0%   261   90s
H  167   171                     401.4320000  320.90343  20.1%   248   92s
   263   292  324.93537   19  162  401.43200  320.90343  20.1%   192   95s
   548   578  325.67700   37  164  401.43200  320.90343  20.1%   128  100s
   708   727  325.85333   47  161  401.43200  320.90343  20.1%   117  108s
   741   772  325.90810   52  160  401.43200  320.90343  20.1%   121  110s
   847   877  326.01377   57  162  401.43200  320.90343  20.1%   120  115s
   952   974  326.11442   63  164  401.43200  320.90343  20.1%   116  121s
  1209  1230  326.31595   78  166  401.43200  320.90343  20.1%   105  125s
  1539  1646  326.47032   98  168  401.43200  320.90343  20.1%  96.8  131s
  1807  1901  326.63342  105  165  401.43200  320.90343  20.1%  91.8  137s
  1956  1988  326.74056  110  165  401.43200  320.90343  20.1%  90.2  140s
  2043  1996  326.81093  115  169  401.43200  320.90343  20.1%  89.2  146s
  2051  2004  326.86968  116  167  401.43200  320.90343  20.1%  89.2  151s
  2075  2028  326.94917  119  168  401.43200  320.90343  20.1%  90.5  156s
  2099  2053  327.28101  122  167  401.43200  320.90343  20.1%  90.9  160s
  2263  2371  327.30579  125  166  401.43200  320.90343  20.1%  88.8  166s
  2454  2446  327.32031  126  168  401.43200  320.90343  20.1%  85.5  172s
  2613  2671  327.57979  128  169  401.43200  321.92152  19.8%  84.9  177s
  2772  2756  327.59251  129  169  401.43200  321.92152  19.8%  82.9  180s
  2873  2882  327.64139  130  170  401.43200  321.92152  19.8%  82.9  185s
  3131  3120  327.87870  144  172  401.43200  321.93307  19.8%  82.3  192s
  3410  3440  328.88398  156  175  401.43200  321.93307  19.8%  81.5  196s
  3764  3843  329.78868  172  168  401.43200  321.93307  19.8%  79.4  202s
  3978  4111  330.20929  177  173  401.43200  321.93307  19.8%  78.7  205s
  4556  4609  330.84421  193  179  401.43200  321.93307  19.8%  75.9  214s
  4756  4823  330.86649  194  184  401.43200  321.93307  19.8%  74.8  222s
H 4757  4820                     399.4480000  321.93307  19.4%  74.8  222s
  4990  5170  331.06250  195  181  399.44800  321.93307  19.4%  73.6  226s
  5351  5171  357.38083  416  170  399.44800  321.93307  19.4%  72.7  294s
  5353  5172  373.89238   49  134  399.44800  321.93307  19.4%  72.7  303s
  5354  5173  374.63850  428  130  399.44800  321.93307  19.4%  72.6  316s
  5356  5174  355.83719   92  144  399.44800  321.93307  19.4%  72.6  321s
  5358  5176  347.14697   82  151  399.44800  321.93307  19.4%  72.6  325s
  5365  5180  361.44633  492  163  399.44800  321.93307  19.4%  72.5  330s
  5366  5181  353.51524  319  176  399.44800  321.93307  19.4%  72.5  337s
  5369  5183  335.31703   49  170  399.44800  321.93307  19.4%  72.4  341s
  5373  5186  370.13883  532  182  399.44800  321.93307  19.4%  72.4  346s
  5375  5187  344.77196  260  185  399.44800  321.93307  19.4%  72.4  351s
  5377  5188  363.67060  575  189  399.44800  321.93307  19.4%  72.3  355s
  5378  5189  347.21370  501  189  399.44800  321.93327  19.4%  72.3  368s
  5379  5193  321.93327   12  178  399.44800  321.93327  19.4%  78.7  371s
  5385  5201  322.20337   14  176  399.44800  321.93327  19.4%  79.8  378s
  5393  5206  322.94438   15  180  399.44800  321.93327  19.4%  81.0  382s
  5420  5221  323.54587   17  180  399.44800  321.93327  19.4%  83.1  387s
  5435  5227  341.37002   17  147  399.44800  321.93327  19.4%  84.3  390s
  5460  5234  336.54144   18  150  399.44800  321.93327  19.4%  86.5  399s
  5469  5238  324.66552   19  179  399.44800  321.93327  19.4%  87.9  401s
  5488  5244  325.21782   20  180  399.44800  321.93327  19.4%  89.5  408s
  5499  5249  325.32443   21  177  399.44800  321.93327  19.4%  90.1  412s
  5509  5253  325.36166   22  179  399.44800  321.93327  19.4%  91.5  417s
  5519  5255  325.52994   23  180  399.44800  321.93327  19.4%  92.1  420s
  5534  5258  325.55171   24  176  399.44800  321.93327  19.4%  93.7  425s
  5562  5262  325.68794   26  177  399.44800  321.93327  19.4%  96.5  431s
  5590  5271  325.83919   27  180  399.44800  321.93327  19.4%  97.8  437s
  5607  5273  325.85021   28  179  399.44800  321.93327  19.4%  98.0  442s
  5619  5283  325.89966   29  178  399.44800  322.20753  19.3%  99.5  445s
  5650  5300  326.11107   31  181  399.44800  322.20753  19.3%   101  453s
  5667  5312  326.17279   32  177  399.44800  322.20753  19.3%   102  456s
  5687  5321  326.33162   33  174  399.44800  322.20753  19.3%   103  460s
  5735  5336  326.47739   35  172  399.44800  322.20753  19.3%   106  468s
  5756  5345  326.55357   36  177  399.44800  322.20753  19.3%   107  472s
  5780  5357  326.82913   37  171  399.44800  322.20753  19.3%   108  476s
  5833  5374  327.03157   39  181  399.44800  322.20753  19.3%   111  485s
  5884  5396  327.38690   40  177  399.44800  322.20753  19.3%   113  494s
  5916  5412  336.27895   40  140  399.44800  322.20753  19.3%   115  499s
  5954  5423  327.57514   41  179  399.44800  322.20753  19.3%   117  504s
  5991  5448  327.58454   42  182  399.44800  322.20753  19.3%   119  509s
  6044  5465  327.70677   43  178  399.44800  322.20753  19.3%   120  514s
  6099  5487  343.12098   44  149  399.44800  322.20753  19.3%   122  518s
  6154  5507  344.11066   45  151  399.44800  322.20753  19.3%   124  524s
  6220  5532  328.10617   47  172  399.44800  322.20753  19.3%   126  530s
  6291  5556  328.24277   49  172  399.44800  322.20753  19.3%   129  535s
  6370  5570  328.25960   51  172  399.44800  322.20753  19.3%   130  541s
  6457  5570  328.53405   53  168  399.44800  322.20753  19.3%   132  547s
  6535  5581  328.84985   55  164  399.44800  322.20753  19.3%   134  551s
  6614  5595  354.45466   56  148  399.44800  322.20753  19.3%   136  556s
  6679  5630  329.33098   58  170  399.44800  322.84162  19.2%   137  562s
  6767  5615  329.46329   60  165  399.44800  322.84162  19.2%   139  571s
  6792  5624  350.40046   60  121  399.44800  322.84162  19.2%   140  580s
  6825  5637  329.75592   61  168  399.44800  322.84162  19.2%   141  588s
  6869  5669  347.07401   61  147  399.44800  322.84162  19.2%   142  595s
  6946  5703  345.01893   62  158  399.44800  322.84162  19.2%   143  602s
  7036  5746  329.87668   64  167  399.44800  322.84162  19.2%   144  610s
  7144  5806  337.50481   66  131  399.44800  322.84162  19.2%   146  617s
  7292  5889  344.65705   68  155  399.44800  322.84162  19.2%   147  624s
  7489  6005  330.41397   70  178  399.44800  322.92401  19.2%   147  632s
  7722  6071  330.51817   72  178  399.44800  322.92401  19.2%   147  639s
  7936  6110  330.57310   74  180  399.44800  322.92401  19.2%   146  648s
  8113  6140  339.40255   76  144  399.44800  322.92401  19.2%   146  657s
  8290  6243  330.69450   77  181  399.44800  322.92401  19.2%   145  665s
  8532  6406  330.71459   79  182  399.44800  323.14022  19.1%   143  673s
  8858  6500  330.84943   82  179  399.44800  323.14022  19.1%   142  682s
  9126  6744  331.26340   85  177  399.44800  323.22705  19.1%   142  691s
  9486  6905  353.09640   87  145  399.44800  323.22705  19.1%   141  701s
  9800  7030  331.94373   90  174  399.44800  323.22705  19.1%   140  710s
 10110  7227  332.01320   93  179  399.44800  323.99684  18.9%   140  719s
 10488  7285  332.15665   96  177  399.44800  323.99684  18.9%   140  728s
 10729  7447  332.25105   99  178  399.44800  324.60900  18.7%   140  739s
 11027  7511  332.35186  103  184  399.44800  324.60900  18.7%   140  750s
 11243  7671  332.44904  107  183  399.44800  324.60900  18.7%   141  761s
 11651  7857  332.56820  111  181  399.44800  325.79779  18.4%   141  772s
 12133  8219  332.64038  115  182  399.44800  326.20452  18.3%   141  783s
 12745  8410  332.91900  119  189  399.44800  326.29676  18.3%   139  795s
 13250  8676  332.98074  123  186  399.44800  326.29676  18.3%   139  808s
 13807  9174  333.14593  127  182  399.44800  326.74831  18.2%   138  820s
 14600  8911  366.28015  139  170  399.44800  327.28174  18.1%   136  831s
 14602  8912  336.07898  130  134  399.44800  327.28174  18.1%   136  838s
 14603  8913  333.40971   74  131  399.44800  327.28174  18.1%   136  848s
 14604  8914  350.42003   61  143  399.44800  327.28174  18.1%   136  851s
 14610  8918  345.76022   39  163  399.44800  327.28174  18.1%   136  855s
 14617  8922  337.87799  116  169  399.44800  327.28174  18.1%   136  863s
 14619  8924  371.32250   68  173  399.44800  327.28174  18.1%   136  865s
 14622  8926  345.63339  104  179  399.44800  327.28174  18.1%   136  872s
 14625  8931  327.28174   22  161  399.44800  327.28174  18.1%   138  877s
 14631  8941  327.28174   24  161  399.44800  327.28174  18.1%   138  884s
 14647  8953  327.28174   26  162  399.44800  327.28174  18.1%   138  886s
 14689  8956  327.28174   28  162  399.44800  327.28174  18.1%   139  890s
 14748  8965  327.28174   30  159  399.44800  327.28174  18.1%   140  895s
H14767  8519                     398.9120000  327.28174  18.0%   140  898s
 14773  8525  327.28174   31  167  398.91200  327.28174  18.0%   140  901s
 14813  8523  327.28174   32  147  398.91200  327.28174  18.0%   141  905s
 14850  8524  327.28174   33  151  398.91200  327.28174  18.0%   142  911s
H14856  8097                     393.9120000  327.28174  16.9%   142  911s
 14873  8110  333.06593   34  140  393.91200  327.28174  16.9%   142  915s
 14923  8125  327.28174   36  185  393.91200  327.28174  16.9%   143  920s
 14956  8143  327.28174   37  182  393.91200  327.28174  16.9%   144  925s
 14998  8142  327.28174   39  183  393.91200  327.28174  16.9%   144  930s
 15027  8150  334.48667   40  141  393.91200  327.28174  16.9%   145  937s
 15045  8158  335.85432   41  149  393.91200  327.28174  16.9%   145  941s
 15069  8160  331.44389   42  141  393.91200  327.28174  16.9%   146  945s
 15111  8171  332.33027   43  142  393.91200  327.28174  16.9%   146  950s
 15221  8184  327.28174   45  176  393.91200  327.28174  16.9%   147  957s
 15313  8213  327.28174   46  175  393.91200  327.28174  16.9%   148  961s
 15430  8225  327.28174   47  177  393.91200  327.28174  16.9%   148  967s
 15499  8242  336.39304   47  144  393.91200  327.28174  16.9%   149  970s
 15642  8253  327.28174   49  172  393.91200  327.28174  16.9%   149  975s
 15735  8274  327.28174   51  179  393.91200  327.28174  16.9%   150  982s
 15758  8275  327.28174   52  181  393.91200  327.28174  16.9%   150  985s
 15776  8286  327.28174   54  185  393.91200  327.28174  16.9%   151  992s
 15786  8294  327.28174   55  181  393.91200  327.28174  16.9%   151  995s
 15824  8358  327.28174   57  183  393.91200  327.28174  16.9%   152 1003s
 15885  8402  327.28174   58  181  393.91200  327.28174  16.9%   152 1006s
 16034  8446  327.28174   60  180  393.91200  327.28174  16.9%   153 1013s
 16096  8475  327.28174   61  179  393.91200  327.28174  16.9%   153 1016s
 16168  8514  327.28174   62  179  393.91200  327.28174  16.9%   154 1020s
 16346  8596  327.28174   65  179  393.91200  327.28174  16.9%   154 1028s
 16445  8615  346.00649   66  145  393.91200  327.28174  16.9%   155 1033s
 16511  8659  327.28174   68  177  393.91200  327.28174  16.9%   156 1037s
 16590  8706  327.28174   69  179  393.91200  327.28174  16.9%   156 1042s
 16677  8771  327.28174   70  182  393.91200  327.28174  16.9%   156 1047s
 16790  8771  327.28174   72  181  393.91200  327.28174  16.9%   157 1053s
 16846  8867  338.07145   72  162  393.91200  327.28174  16.9%   157 1059s
 16984  8894  327.28174   74  181  393.91200  327.28174  16.9%   157 1064s
 17097  8959  327.28174   76  178  393.91200  327.28174  16.9%   158 1070s
 17227  9050  327.28174   78  182  393.91200  327.28174  16.9%   158 1075s
 17393  9069  327.28174   80  182  393.91200  327.28174  16.9%   158 1081s
 17519  9138  327.46519   82  178  393.91200  327.28174  16.9%   159 1086s
 17664  9238  327.67569   84  179  393.91200  327.28174  16.9%   160 1092s
 17860  9378  327.76208   86  179  393.91200  327.28174  16.9%   160 1099s
 18147  9433  327.82937   88  181  393.91200  327.28174  16.9%   160 1105s
 18387  9493  327.83628   90  184  393.91200  327.28174  16.9%   160 1112s
 18600  9557  328.01859   92  179  393.91200  327.28174  16.9%   161 1119s
 18862  9574  328.24730   94  172  393.91200  327.28174  16.9%   161 1126s
 19162  9574  328.47395   97  178  393.91200  327.28174  16.9%   162 1133s
 19371  9635  328.55945  100  180  393.91200  327.28174  16.9%   162 1141s
 19573  9769  328.58617  103  178  393.91200  327.28174  16.9%   163 1148s
 19861  9911  328.71901  106  179  393.91200  327.28174  16.9%   163 1157s
 20234 10061  329.67526  109  183  393.91200  327.28174  16.9%   163 1165s
 20672 10269  329.71962  112  185  393.91200  327.28174  16.9%   163 1175s
 21249 10453  329.92473  116  184  393.91200  327.28174  16.9%   162 1186s
 21883 10427  329.92728  117  186  393.91200  327.28174  16.9%   159 1199s
 22326 10670  329.93756  119  186  393.91200  327.28174  16.9%   158 1209s
 22964 10599  330.14532  123  183  393.91200  327.28174  16.9%   157 1220s
 23373 10896  330.17255  124  185  393.91200  327.28174  16.9%   156 1230s
 24113 11496  330.22179  128  190  393.91200  327.28174  16.9%   154 1242s
 25160 11861  330.27729  132  190  393.91200  327.28174  16.9%   151 1253s
 25959 12178  330.32842  136  190  393.91200  327.28174  16.9%   148 1264s
 26684 12557  351.93075  140  129  393.91200  327.28174  16.9%   147 1275s
 27795 12602  330.47865  145  193  393.91200  327.28174  16.9%   145 1287s
 28548 12651  330.52885  150  188  393.91200  327.28174  16.9%   145 1304s
 28938 13095  330.56570  154  191  393.91200  327.28174  16.9%   144 1316s
 29690 13872  330.69600  159  192  393.91200  327.28174  16.9%   143 1333s
 31088 13678  330.78335  165  196  393.91200  327.28174  16.9%   141 1341s
 31456 13607  330.80019  168  195  393.91200  327.28174  16.9%   141 1350s
 31582 13956  330.81894  172  190  393.91200  327.28174  16.9%   142 1360s
 32181 14373  330.85439  176  193  393.91200  327.28174  16.9%   141 1370s
 32884 14242  330.88439  180  191  393.91200  327.28174  16.9%   140 1394s
 33013 15335  339.93493  180  147  393.91200  327.28174  16.9%   140 1408s
 34287 15486  330.96314  185  193  393.91200  327.28174  16.9%   138 1420s
 35114 15868  331.00579  190  198  393.91200  327.33933  16.9%   138 1431s
 35886 15937  341.62325  194  127  393.91200  327.45489  16.9%   138 1446s
H36115 15453                     393.6640000  327.45489  16.8%   137 1446s
 36234 16835  331.03941  197  193  393.66400  327.45489  16.8%   137 1459s
 37788 17107  331.09830  202  196  393.66400  327.47669  16.8%   134 1470s
 38638 17797  331.12037  206  195  393.66400  327.53772  16.8%   134 1480s
 39522 18236  331.17107  210  199  393.66400  327.55208  16.8%   133 1491s
 40177 18772  331.33374  214  195  393.66400  327.61352  16.8%   133 1503s
 40944 19165  331.39730  218  194  393.66400  327.84199  16.7%   133 1514s
 41447 19778  368.09647  220  159  393.66400  327.89755  16.7%   133 1527s
 42244 20649  331.49936  225  194  393.66400  327.89755  16.7%   133 1538s
 43458 21656  331.65399  230  191  393.66400  327.92770  16.7%   132 1552s
 44657 21657  375.78397  625  170  393.66400  328.13368  16.6%   130 1756s
 44659 21658  345.04349  213  134  393.66400  328.13368  16.6%   130 1762s
 44660 21659  362.27534   93  142  393.66400  328.13368  16.6%   130 1772s
 44663 21661  355.54057  423  176  393.66400  328.13368  16.6%   130 1775s
 44673 21668  366.41963   89  204  393.66400  328.13368  16.6%   130 1786s
 44675 21669  355.93574   55  205  393.66400  328.13368  16.6%   130 1792s
 44676 21670  351.94097  959  207  393.66400  328.13368  16.6%   130 1799s
 44677 21670  359.28652  976  208  393.66400  328.13368  16.6%   130 1804s
 44678 21671  340.67259  213  209  393.66400  328.13368  16.6%   130 1810s
 44680 21672  362.63732   31  212  393.66400  328.13368  16.6%   130 1815s
 44681 21673  376.09304 1373  216  393.66400  328.13368  16.6%   130 1822s
 44682 21674  363.23929  109  217  393.66400  328.13368  16.6%   130 1827s
 44683 21674  340.53715  313  217  393.66400  328.13368  16.6%   130 1838s
 44684 21675  362.49814  278  217  393.66400  328.13368  16.6%   130 1848s
 44687 21677  376.89850   75  218  393.66400  328.13368  16.6%   130 1854s
 44688 21678  376.16624   30  219  393.66400  328.13368  16.6%   130 1860s
 44689 21678  379.12174  337  223  393.66400  328.13368  16.6%   130 1866s
 44690 21679  376.72028  215  222  393.66400  328.13368  16.6%   130 1876s
 44691 21680  387.55109   59  222  393.66400  328.13368  16.6%   130 1880s
 44692 21680  368.82400  189  222  393.66400  328.13368  16.6%   130 1888s
 44693 21684  328.13368   35  217  393.66400  328.13368  16.6%   131 1899s
 44695 21687  328.13368   36  218  393.66400  328.13368  16.6%   131 1902s
 44699 21692  328.13368   37  220  393.66400  328.13368  16.6%   131 1905s
 44742 21721  335.82997   40  147  393.66400  328.13368  16.6%   131 1911s
 44794 21741  328.13368   42  216  393.66400  328.13368  16.6%   131 1915s
 44848 21763  332.04425   43  135  393.66400  328.13368  16.6%   132 1920s
 44922 21782  337.08864   45  128  393.66400  328.13368  16.6%   132 1926s
 44990 21788  328.13368   47  215  393.66400  328.13368  16.6%   132 1930s
 45095 21811  328.13368   49  212  393.66400  328.13368  16.6%   133 1937s
 45177 21813  328.13368   51  215  393.66400  328.13368  16.6%   133 1940s
 45283 21838  328.13368   53  215  393.66400  328.13368  16.6%   133 1947s
 45341 21837  328.13368   55  195  393.66400  328.13368  16.6%   134 1950s
 45429 21836  375.73904   57  104  393.66400  328.13368  16.6%   134 1955s
 45582 21859  328.13368   63  154  393.66400  328.13368  16.6%   134 1962s
 45613 21861  328.13368   64  153  393.66400  328.13368  16.6%   134 1966s
 45701 21865  328.13368   68  156  393.66400  328.13368  16.6%   134 1970s
 45822 21906  328.13368   72  155  393.66400  328.13368  16.6%   135 1975s
 46016 21983  328.13368   78  159  393.66400  328.13368  16.6%   135 1981s
 46124 22044  361.59928   82  106  393.66400  328.13368  16.6%   135 1986s
 46233 22108  359.67511   87  108  393.66400  328.13368  16.6%   136 1991s
 46361 22162  328.13368   94  161  393.66400  328.13368  16.6%   136 1996s
 46493 22227  328.13368  101  154  393.66400  328.13368  16.6%   136 2002s
 46626 22275  328.29295  108  158  393.66400  328.13368  16.6%   137 2008s
 46694 22326  362.08307  112   89  393.66400  328.13368  16.6%   137 2011s
 46875 22410  329.19945  120  155  393.66400  328.13368  16.6%   137 2017s
 46975 22468     cutoff  124       393.66400  328.13368  16.6%   137 2020s
 47106 22496  329.72010  130  158  393.66400  328.13368  16.6%   137 2025s
 47336 22527  330.35922  140  154  393.66400  328.13368  16.6%   138 2033s
 47397 22577     cutoff  142       393.66400  328.13368  16.6%   138 2037s
 47514 22622  356.35665  148  109  393.66400  328.13368  16.6%   138 2041s
 47643 22666  331.07788  154  155  393.66400  328.13368  16.6%   138 2045s
 47785 22707  331.22880  160  156  393.66400  328.13368  16.6%   138 2050s
 47940 22672     cutoff  168       393.66400  328.13368  16.6%   139 2055s
 48157 22804  331.93755  178  154  393.66400  328.13368  16.6%   139 2065s
 48297 22791     cutoff  186       393.66400  328.13368  16.6%   139 2070s
 48354 22802     cutoff  193       393.66400  328.13368  16.6%   139 2076s
 48391 22871     cutoff  194       393.66400  328.13368  16.6%   139 2081s
 48497 23011  333.22778  200  154  393.66400  328.13368  16.6%   139 2087s
 48732 23030  334.54795  209  151  393.66400  328.13368  16.6%   139 2095s
 48861 23154     cutoff  214       393.66400  328.13368  16.6%   139 2101s
 49119 23246  336.09921  227  151  393.66400  328.13368  16.6%   139 2107s
 49373 23329     cutoff  237       393.66400  328.13368  16.6%   139 2114s
 49623 23396  337.74158  252  149  393.66400  328.13368  16.6%   140 2120s
 49941 23435  338.81861  269  147  393.66400  328.13368  16.6%   140 2127s
 50259 23497     cutoff  285       393.66400  328.13368  16.6%   140 2134s
 50630 23596  341.38324  307  139  393.66400  328.13368  16.6%   140 2140s
 51101 23662  342.79460  332  145  393.66400  328.13368  16.6%   139 2148s
 51438 23827     cutoff  362       393.66400  328.13368  16.6%   139 2156s
 51874 24053  352.23816  409  139  393.66400  328.13368  16.6%   139 2165s
 52438 24297  340.03762   61  121  393.66400  328.13368  16.6%   139 2173s
 53031 24374  347.44710  109  125  393.66400  328.13368  16.6%   139 2182s
 53511 24825  355.71248  156  128  393.66400  328.13368  16.6%   138 2191s
 54433 25005  336.15556   84  164  393.66400  328.13368  16.6%   137 2200s
 55279 25516  340.12536  117  170  393.66400  328.13368  16.6%   136 2209s
 56159 26088  346.73835  192  158  393.66400  328.13368  16.6%   135 2218s
 57286 26597  363.63570  311  150  393.66400  328.13368  16.6%   134 2229s
 58433 27088  347.95955  128  136  393.66400  328.13368  16.6%   133 2239s
 59395 27836  374.69183  279  130  393.66400  328.13368  16.6%   133 2255s
 60698 27939  357.56419  104  141  393.66400  328.13368  16.6%   131 2261s
 61587 28027  365.08198  185  143  393.66400  328.13368  16.6%   131 2269s
 62092 28070  383.69448  355  135  393.66400  328.13368  16.6%   131 2276s
 62487 28199  329.07136   68  148  393.66400  328.13368  16.6%   132 2283s
 63089 28318  332.41323   91  131  393.66400  328.13368  16.6%   132 2291s
 63520 28277  343.15847  127  130  393.66400  328.13368  16.6%   132 2298s
 63689 28573  346.05992  152  131  393.66400  328.13368  16.6%   133 2307s
 64203 29025  356.67616  275  134  393.66400  328.13368  16.6%   134 2316s
 65045 29107  372.72182  127  108  393.66400  328.13368  16.6%   134 2325s
 65702 29120  356.83909  164  139  393.66400  328.13368  16.6%   135 2335s
 66276 29284  346.70574  101  144  393.66400  328.13368  16.6%   135 2346s
 66970 29348  338.82384  121  139  393.66400  328.13368  16.6%   135 2357s
 67729 29485  351.85920  108  144  393.66400  328.13368  16.6%   136 2368s
 68651 29720  364.69750  239  150  393.66400  328.13368  16.6%   137 2379s
 69833 29417  338.78042   75  144  393.66400  328.13368  16.6%   136 2390s
 70062 29763  345.64851   83  136  393.66400  328.13368  16.6%   136 2400s
 70627 30573  341.82744   90  127  393.66400  328.13368  16.6%   136 2410s
 71987 31173  355.69490  308  130  393.66400  328.13368  16.6%   135 2421s
 73204 31582  357.82013   54  108  393.66400  328.13368  16.6%   134 2430s
 74186 32815  344.31787  144  132  393.66400  328.13368  16.6%   133 2447s
 75906 32542  335.10641   98  131  393.66400  328.13368  16.6%   132 2454s
 76296 32650  336.44230  115  133  393.66400  328.13368  16.6%   133 2461s
 76655 32666  338.18282  139  133  393.66400  328.13368  16.6%   134 2469s
 76878 32775     cutoff  153       393.66400  328.13368  16.6%   134 2479s
 77145 33020  340.11862  167  135  393.66400  328.13368  16.6%   135 2490s
 77741 33182  342.20764  210  132  393.66400  328.13368  16.6%   136 2500s
 78677 33293  344.53236  259  126  393.66400  328.13368  16.6%   136 2511s
 79544 33508  347.54216  316  134  393.66400  328.13368  16.6%   137 2521s
 80347 33548     cutoff  373       393.66400  328.13368  16.6%   137 2531s
 80926 34035     cutoff  415       393.66400  328.13368  16.6%   138 2542s
 82042 34460  359.28023  511  133  393.66400  328.13368  16.6%   138 2552s
 83479 34737  346.10612   48  110  393.66400  328.13368  16.6%   137 2562s
 84614 34949  351.55929  166  140  393.66400  328.13368  16.6%   137 2572s
 85736 35555  363.19609  270  147  393.66400  328.13368  16.6%   137 2582s
 86998 35602  366.95035  152   88  393.66400  328.13368  16.6%   136 2591s
 87919 35898  337.24625  162  170  393.66400  328.13368  16.6%   136 2599s
 88796 37317  342.48247  227  171  393.66400  328.13368  16.6%   135 2614s
 90685 36839  352.17609  361  163  393.66400  328.43512  16.6%   134 2621s
 90849 37550  352.33176  362  163  393.66400  328.45326  16.6%   134 2628s
 91684 37659  343.89826  167  144  393.66400  328.45326  16.6%   133 2635s
 92384 38050  342.72281  166  131  393.66400  328.45326  16.6%   133 2642s
 93134 38631  351.46204  267  139  393.66400  328.45326  16.6%   132 2648s
 94091 39268  363.33376  475  127  393.66400  328.45326  16.6%   132 2656s
 95593 39272  351.64287  181  150  393.66400  328.45326  16.6%   131 2663s
 96345 39327  356.11339  201  156  393.66400  328.91452  16.4%   131 2668s
 96767 39699  374.38982  102  114  393.66400  328.91452  16.4%   131 2674s
 97363 39725  373.52113   68  113  393.66400  328.91452  16.4%   131 2681s
 97658 39802  352.29476  192  157  393.66400  328.91452  16.4%   131 2686s
 97880 40225  363.67154  231  153  393.66400  329.02739  16.4%   131 2693s
 98429 40670  390.17994  416  134  393.66400  329.02739  16.4%   130 2699s
 99272 40762     cutoff  189       393.66400  329.02739  16.4%   130 2706s
 100068 40877  379.20173  194   88  393.66400  329.02739  16.4%   130 2713s
 100800 41451  341.72491   88  145  393.66400  329.02739  16.4%   130 2721s
 101902 41687  361.75743  211  134  393.66400  329.02739  16.4%   130 2727s
 102594 42167  347.07939  217  136  393.66400  329.37556  16.3%   129 2733s
 103500 43158  359.00065  327  114  393.66400  329.52813  16.3%   129 2747s
 104975 43388  370.85461  148  126  393.66400  329.59752  16.3%   129 2753s
 105788 43866  351.00769  158  126  393.66400  329.59752  16.3%   128 2760s
 106783 44047     cutoff  203       393.66400  329.59752  16.3%   128 2766s
 107570 44135     cutoff   68       393.66400  329.83340  16.2%   128 2773s
 108003 44227  345.02531   79  135  393.66400  329.83340  16.2%   127 2778s
 108263 44915  346.11159   92  131  393.66400  329.83340  16.2%   127 2786s
 109217 45445  355.12212  219  131  393.66400  329.89087  16.2%   127 2793s
 110229 46146  362.68492  220  149  393.66400  329.95956  16.2%   127 2800s
 111144 46965  384.73089  418  137  393.66400  329.95956  16.2%   126 2807s
 112027 47861  353.70826  270  153  393.66400  329.95956  16.2%   126 2814s
 112939 48849  367.98613  399  150  393.66400  329.95956  16.2%   125 2820s
 114000 49873  349.15904  254  155  393.66400  329.97933  16.2%   125 2827s
 115095 50714  359.59549  367  150  393.66400  330.02154  16.2%   124 2833s
 116045 51405     cutoff   63       393.66400  330.18301  16.1%   124 2839s
 116981 52236  333.44541  101  161  393.66400  330.24298  16.1%   124 2845s
 117959 54061  352.16143  142  136  393.66400  330.37746  16.1%   123 2858s
 119992 54784  352.47022  242  152  393.66400  330.47266  16.1%   122 2862s
 120751 55398     cutoff  295       393.66400  330.47427  16.1%   122 2867s
 121398 56084  372.11642  260  144  393.66400  330.47427  16.1%   122 2871s
 122167 56607  366.78592  244   83  393.66400  330.55920  16.0%   122 2876s
 122908 57152  344.04770   83  125  393.66400  330.55920  16.0%   121 2881s
 123650 57911  355.93850  165  115  393.66400  330.55920  16.0%   121 2887s
 124449 58609  344.36831  246  155  393.66400  330.65555  16.0%   121 2893s
 125223 59419  349.74363  291  148  393.66400  330.65555  16.0%   120 2898s
 126102 60128  354.68134  377  154  393.66400  330.65555  16.0%   120 2903s
 126897 60866  371.63321  458  125  393.66400  330.65555  16.0%   120 2909s
 127717 61158  335.03336   75  143  393.66400  330.65555  16.0%   120 2913s
 128072 61816  338.01715  102  139  393.66400  330.65555  16.0%   120 2919s
 128888 62188  343.79478  192  142  393.66400  330.65555  16.0%   119 2925s
 129412 62783  350.91031  310  139  393.66400  330.65555  16.0%   119 2931s
 130109 63296  337.76787  107  144  393.66400  330.76812  16.0%   119 2937s
 130807 64080  354.37171  246  143  393.66400  330.76812  16.0%   119 2943s
 131729 64804  370.75753  306  140  393.66400  330.76812  16.0%   119 2949s
 132750 65791  346.03661  122  147  393.66400  330.84819  16.0%   119 2961s
 133797 66982  368.24835  221  129  393.66400  330.84819  16.0%   118 2969s
 135152 67766  346.57294  312  152  393.66400  330.84819  16.0%   118 2975s
 136084 68201  353.28338  421  152  393.66400  330.99726  15.9%   117 2980s
 136595 68835  361.12919   50  107  393.66400  331.03725  15.9%   117 2986s
 137296 69430  373.65202  319  130  393.66400  331.06790  15.9%   117 2992s
 137997 70067     cutoff   74       393.66400  331.11213  15.9%   117 2998s
 138781 70957  369.83589  146  119  393.66400  331.12775  15.9%   117 3004s
 139821 71553  356.49495   83  125  393.66400  331.15359  15.9%   117 3011s
 140498 72317  367.55838  126  124  393.66400  331.15359  15.9%   116 3017s
 141430 72818     cutoff  209       393.66400  331.24189  15.9%   116 3023s
 142228 73424  342.71791   86  133  393.66400  331.36486  15.8%   116 3029s
 143127 73964  351.60640  149  133  393.66400  331.42803  15.8%   116 3035s
 143868 74474  346.02882  140  133  393.66400  331.42803  15.8%   116 3041s
 144680 75321  356.74166  194  132  393.66400  331.42803  15.8%   116 3048s
 145586 76011  369.41854   90  128  393.66400  331.59397  15.8%   115 3054s
 146386 76658  369.45186  182  125  393.66400  331.59397  15.8%   115 3060s
 147247 77511  366.17837  174  126  393.66400  331.59397  15.8%   115 3073s
 148408 78101  344.45835  301  169  393.66400  331.75503  15.7%   115 3081s
 149281 78550  360.08832  439  151  393.66400  331.75503  15.7%   115 3088s
 150053 79303  380.62092  346   91  393.66400  331.75503  15.7%   115 3095s
 151018 79859  359.45877  306  141  393.66400  331.91044  15.7%   115 3101s
 151766 80371  342.07797  125  149  393.66400  331.97251  15.7%   115 3107s
 152415 80804  364.55038  294  137  393.66400  331.97514  15.7%   115 3114s
 153062 81415  356.14572  147  126  393.66400  332.00057  15.7%   115 3121s
 153980 81971  371.57613  306   98  393.66400  332.01696  15.7%   115 3128s
 154731 82187  379.97446  336  138  393.66400  332.01866  15.7%   115 3135s
 155369 82680     cutoff  113       393.66400  332.06018  15.6%   115 3142s
 156149 82864  333.06597   70  138  393.66400  332.07517  15.6%   115 3148s
 156405 83535  333.71911   81  137  393.66400  332.12281  15.6%   115 3154s
 157102 84474  340.56825  205  149  393.66400  332.12281  15.6%   115 3162s
 158128 85667  358.48670  410  126  393.66400  332.12281  15.6%   115 3171s
 159433 86743  357.01616   39  109  393.66400  332.20182  15.6%   114 3179s
 160634 87603  355.25285   96  125  393.66400  332.21843  15.6%   114 3186s
 161779 88443     cutoff  156       393.66400  332.21843  15.6%   114 3198s
 163002 89225  346.45451  328  147  393.66400  332.31180  15.6%   114 3204s
 163940 89888  356.23795  390  124  393.66400  332.31180  15.6%   114 3210s
 164806 90585  360.63522  496  124  393.66400  332.31180  15.6%   113 3216s
 165630 91700  372.86961  607  119  393.66400  332.31180  15.6%   113 3224s
 166920 92235  344.21217  347  165  393.66400  332.31180  15.6%   113 3230s
 168205 93495  353.41014  494  166  393.66400  332.40771  15.6%   113 3241s
 169092 93900  370.32483  599  139  393.66400  332.40771  15.6%   113 3247s
 169776 94293  360.97003  354  121  393.66400  332.45160  15.5%   112 3252s
 170228 94988  363.41170  369  120  393.66400  332.45160  15.5%   112 3260s
 171025 95502  365.49337  386  120  393.66400  332.45160  15.5%   112 3265s
 171653 96050  366.87622  404  121  393.66400  332.45160  15.5%   112 3271s
 172303 96533  368.07458  427  121  393.66400  332.45160  15.5%   112 3276s
 172977 96939  369.51705  449  118  393.66400  332.45291  15.5%   112 3281s
 173574 97393  370.96399  481  120  393.66400  332.45291  15.5%   113 3287s
 174279 97837  372.91388  520  120  393.66400  332.45291  15.5%   113 3294s
 174999 98204  374.78880  572  115  393.66400  332.51218  15.5%   113 3300s
 175757 98589     cutoff  643       393.66400  332.52745  15.5%   113 3306s
 176667 99470  383.13640  788  121  393.66400  332.52758  15.5%   113 3317s
 178381 99899  362.93620  195  134  393.66400  332.54906  15.5%   112 3321s
 178944 100689  382.49497  299  129  393.66400  332.57755  15.5%   112 3327s
 180000 101029  367.25308  369  153  393.66400  332.61647  15.5%   112 3332s
 180505 101319     cutoff  366       393.66400  332.63969  15.5%   112 3336s
 180998 101620  361.08846  377  143  393.66400  332.63969  15.5%   112 3341s
 181569 102011  351.47816  389  157  393.66400  332.63969  15.5%   112 3347s
 182320 102540  361.40417  486  148  393.66400  332.64734  15.5%   112 3352s
 183141 103244  352.10894  102  130  393.66400  332.64734  15.5%   112 3357s
 184006 103718  368.77134  375  142  393.66400  332.64734  15.5%   112 3363s
 184743 103931  349.41264  381  155  393.66400  332.64734  15.5%   112 3369s
 185253 104346     cutoff  386       393.66400  332.64734  15.5%   112 3374s
 185927 104851  378.87317  159  117  393.66400  332.77280  15.5%   112 3379s
 186624 105484  348.69441  187  141  393.66400  332.77280  15.5%   112 3385s
 187607 106029  373.89548  272   98  393.66400  332.77280  15.5%   112 3391s
 188571 106802  364.41502  266  105  393.66400  332.80221  15.5%   111 3396s
 189457 107496  344.36321  196  105  393.66400  332.85825  15.4%   111 3402s
 190277 108131  352.52142  296  114  393.66400  332.85825  15.4%   111 3408s
 191057 108858  368.16088  502  115  393.66400  332.85825  15.4%   111 3413s
 191942 109444  337.49967  283  156  393.66400  332.89936  15.4%   111 3424s
 192745 110171  353.78491  288  102  393.66400  332.89936  15.4%   111 3431s
 193819 110836     cutoff  294       393.66400  332.89936  15.4%   111 3438s
 194696 111457     cutoff  314       393.66400  332.97017  15.4%   111 3445s
 195496 112726  357.79758  251  119  393.66400  333.00255  15.4%   111 3453s
 197004 113589  358.01363  105  100  393.66400  333.04257  15.4%   111 3459s
 197981 114078  337.51601  188  154  393.66400  333.04257  15.4%   110 3465s
 198535 114665  341.05997  257  144  393.66400  333.04257  15.4%   110 3470s
 199243 115259  346.36373  372  143  393.66400  333.04257  15.4%   110 3476s
 200040 116222  355.87234  514  127  393.66400  333.04257  15.4%   110 3482s
 201261 117180  357.21753  398  149  393.66400  333.15048  15.4%   110 3489s
 202380 117918  353.47232  226  119  393.66400  333.15048  15.4%   110 3495s
 203302 118131  361.98683  367  123  393.66400  333.15048  15.4%   110 3500s
 203574 118979  367.43842  451  123  393.66400  333.15048  15.4%   109 3506s
 204650 120002  360.60995   59   90  393.66400  333.17527  15.4%   109 3513s
 205812 121074  345.13878  208  114  393.66400  333.17527  15.4%   109 3518s
 206979 122700  355.60541  330  111  393.66400  333.19663  15.4%   109 3531s
 208860 123473  353.38387  223  111  393.66400  333.20427  15.4%   108 3539s
 209649 124089  362.09756  351  117  393.66400  333.21795  15.4%   108 3546s
 210478 124560  353.22725  404  153  393.66400  333.23560  15.4%   108 3551s
 211095 125289  372.41977  423  151  393.66400  333.23560  15.4%   108 3557s
 211956 125860  379.17470   74   94  393.66400  333.25008  15.3%   108 3561s
 212598 126634  355.88999  414  136  393.66400  333.28263  15.3%   108 3567s
 213446 127355  344.27304  107  140  393.66400  333.28263  15.3%   107 3572s
 214279 127977  353.03607  187  128  393.66400  333.30513  15.3%   107 3578s
 214965 128708  351.47078  215  120  393.66400  333.30513  15.3%   107 3583s
 215786 129506  363.91973  345  125  393.66400  333.30513  15.3%   107 3588s
 216664 130322     cutoff  167       393.66400  333.35179  15.3%   107 3594s
 217566 130434  363.94281  437  122  393.66400  333.39233  15.3%   107 3596s

Cutting planes:
  Gomory: 1
  Cover: 1
  MIR: 32
  Flow cover: 182
  Zero half: 2
  Mod-K: 2

Explored 217716 nodes (23289014 simplex iterations) in 3596.11 seconds (8598.02 work units)
Thread count was 8 (of 40 available processors)

Solution count 10: 393.664 393.912 398.912 ... 437.72

Time limit reached
Best objective 3.936639999998e+02, best bound 3.333923318269e+02, gap 15.3104%

User-callback calls 873685, time in user-callback 3.15 sec
