
Gurobi 12.0.3 (linux64) logging started Sun Sep 13 14:20:36 2026

Set parameter LogFile to value "/share/scaglione/nc437/evsp-dr/cumulative_budget_20260913/cases/c3_k15/mip_warm/135644_r0/gurobi.log"
Set parameter OutputFlag to value 1
Set parameter TimeLimit to value 3600
Set parameter MIPGap to value 0.0001
Set parameter Threads to value 8
Set parameter TimeLimit to value 1800
Gurobi Optimizer version 12.0.3 build v12.0.3rc0 (linux64 - "Ubuntu 24.04.4 LTS")

CPU model: Intel(R) Xeon(R) Gold 6230 CPU @ 2.10GHz, instruction set [SSE2|AVX|AVX2|AVX512]
Thread count: 40 physical cores, 40 logical processors, using up to 8 threads

Non-default parameters:
TimeLimit  1800
Threads  8

Optimize a model with 302 rows, 69528 columns and 1457629 nonzeros
Model fingerprint: 0xbb2b51a7
Variable types: 0 continuous, 69528 integer (69528 binary)
Coefficient statistics:
  Matrix range     [1e+00, 1e+00]
  Objective range  [1e+00, 1e+00]
  Bounds range     [1e+00, 1e+00]
  RHS range        [1e+00, 1e+00]

Loaded user MIP start with objective 85

Presolve removed 0 rows and 2530 columns
Presolve time: 3.19s
Presolved: 302 rows, 66998 columns, 1418422 nonzeros
Found heuristic solution: objective 84.0000000
Variable types: 0 continuous, 66998 integer (66998 binary)
Found heuristic solution: objective 82.0000000

Starting sifting (using dual simplex for sub-problems)...

    Iter     Pivots    Primal Obj      Dual Obj        Time
       0          0     infinity      0.0000000e+00      3s
       1        338   1.9500000e+02   5.1315789e+00      3s
       2       1257   1.5000000e+01   8.3035714e+00      4s
       3       1984   1.5000000e+01   1.5000000e+01      4s

Sifting complete


Root relaxation: objective 1.500000e+01, 1984 iterations, 0.34 seconds (0.27 work units)
Total elapsed time = 6.06s (DegenMoves)

    Nodes    |    Current Node    |     Objective Bounds      |     Work
 Expl Unexpl |  Obj  Depth IntInf | Incumbent    BestBd   Gap | It/Node Time

     0     0   15.00000    0   94   82.00000   15.00000  81.7%     -    7s
H    0     0                      26.0000000   15.00000  42.3%     -    7s
H    0     0                      22.0000000   15.00000  31.8%     -    7s
H    0     0                      21.0000000   15.00000  28.6%     -    7s
H    0     0                      18.0000000   15.00000  16.7%     -    7s
H    0     0                      17.0000000   15.00000  11.8%     -    8s
     0     0   15.00000    0   79   17.00000   15.00000  11.8%     -   22s
H    0     0                      16.0000000   15.00000  6.25%     -   33s
     0     0   15.00000    0   84   16.00000   15.00000  6.25%     -   42s
     0     0   15.00000    0   69   16.00000   15.00000  6.25%     -   50s
     0     0   15.00000    0   64   16.00000   15.00000  6.25%     -   55s
     0     0   15.00000    0   72   16.00000   15.00000  6.25%     -   62s
     0     0   15.00000    0   75   16.00000   15.00000  6.25%     -   64s
     0     0   15.00000    0   70   16.00000   15.00000  6.25%     -   70s
     0     0   15.00000    0  107   16.00000   15.00000  6.25%     -   98s
     0     0   15.00000    0   86   16.00000   15.00000  6.25%     -  101s
     0     0   15.00000    0   86   16.00000   15.00000  6.25%     -  118s
     0     0   15.00000    0   96   16.00000   15.00000  6.25%     -  126s
     0     0   15.00000    0   94   16.00000   15.00000  6.25%     -  127s
     0     0   15.00000    0   52   16.00000   15.00000  6.25%     -  133s
     0     0   15.00000    0   45   16.00000   15.00000  6.25%     -  134s
     0     0   15.00000    0   46   16.00000   15.00000  6.25%     -  140s
     0     0   15.00000    0   52   16.00000   15.00000  6.25%     -  148s
     0     0   15.00000    0   51   16.00000   15.00000  6.25%     -  151s
     0     0   15.00000    0   53   16.00000   15.00000  6.25%     -  155s
     0     0   15.00000    0   50   16.00000   15.00000  6.25%     -  159s
     0     0   15.00000    0   50   16.00000   15.00000  6.25%     -  163s
     0     0   15.00000    0   50   16.00000   15.00000  6.25%     -  167s
     0     2   15.00000    0   50   16.00000   15.00000  6.25%     -  196s
     7    16   15.00000    3  130   16.00000   15.00000  6.25%  6239  200s
    23    81   15.00000    5  153   16.00000   15.00000  6.25%  2207  214s
    80    89   15.00000   10   65   16.00000   15.00000  6.25%  3157  223s
H   84    89                      15.0000000   15.00000  0.00%  3036  223s

Cutting planes:
  MIR: 4

Explored 88 nodes (710813 simplex iterations) in 223.63 seconds (305.21 work units)
Thread count was 8 (of 40 available processors)

Solution count 10: 15 16 17 ... 85

Optimal solution found (tolerance 1.00e-04)
Best objective 1.500000000000e+01, best bound 1.500000000000e+01, gap 0.0000%

User-callback calls 36657, time in user-callback 0.15 sec
Set parameter TimeLimit to value 3.3745037329196930e+03
Gurobi Optimizer version 12.0.3 build v12.0.3rc0 (linux64 - "Ubuntu 24.04.4 LTS")

CPU model: Intel(R) Xeon(R) Gold 6230 CPU @ 2.10GHz, instruction set [SSE2|AVX|AVX2|AVX512]
Thread count: 40 physical cores, 40 logical processors, using up to 8 threads

Non-default parameters:
TimeLimit  3.3745037329196930e+03
Threads  8

Optimize a model with 303 rows, 69528 columns and 1527157 nonzeros
Model fingerprint: 0x25b02b77
Variable types: 0 continuous, 69528 integer (69528 binary)
Coefficient statistics:
  Matrix range     [1e+00, 1e+00]
  Objective range  [1e-11, 1e+02]
  Bounds range     [1e+00, 1e+00]
  RHS range        [1e+00, 2e+01]

Loaded user MIP start with objective 910.568
MIP start from previous solve did not produce a new incumbent solution

Presolve removed 0 rows and 6 columns
Presolve time: 2.27s
Presolved: 303 rows, 69522 columns, 1527068 nonzeros
Variable types: 0 continuous, 69522 integer (69522 binary)

Starting sifting (using dual simplex for sub-problems)...

    Iter     Pivots    Primal Obj      Dual Obj        Time
       0          0     infinity     -4.3655746e-10      2s
       1        333   1.1800020e+08   1.6290628e+02      2s
       2       2018   2.6753171e+06   1.7665484e+02      3s
       3       4340   1.9774314e+05   1.8280787e+02      3s
       4       6531   7.1918085e+02   2.5778954e+02      3s
       5       8631   6.4099145e+02   2.9389752e+02      4s
       6      10667   5.8954459e+02   3.4088800e+02      4s
       7      13097   5.3151275e+02   3.8113594e+02      5s
       8      15110   5.1562637e+02   4.3571918e+02      5s
       9      17337   5.1105071e+02   4.5411335e+02      6s
      10      19543   5.0902357e+02   4.6380488e+02      6s
      11      21598   5.0845556e+02   4.8485649e+02      7s
      12      23798   5.0766965e+02   4.8819198e+02      7s
      13      26200   5.0764353e+02   4.9087854e+02      8s
      14      29208   5.0764353e+02   4.9805829e+02      9s
      15      31714   5.0750575e+02   4.9885541e+02     10s
      16      33921   5.0746045e+02   4.9988395e+02     10s
      17      37065   5.0744089e+02   5.0022050e+02     11s
      18      40950   5.0743871e+02   5.0110248e+02     12s
      19      45615   5.0743049e+02   5.0192773e+02     14s
      20      49361   5.0742560e+02   5.0241435e+02     15s
      21      53548   5.0742069e+02   5.0307520e+02     17s
      22      57654   5.0742067e+02   5.0431220e+02     18s
      23      60765   5.0742036e+02   5.0440516e+02     19s

Sifting complete


Root simplex log...

Iteration    Objective       Primal Inf.    Dual Inf.      Time
   65297    5.0742032e+02   0.000000e+00   3.974422e+02     21s
   66033    5.0742032e+02   0.000000e+00   0.000000e+00     21s

Root relaxation: objective 5.074203e+02, 66033 iterations, 18.69 seconds (26.23 work units)

    Nodes    |    Current Node    |     Objective Bounds      |     Work
 Expl Unexpl |  Obj  Depth IntInf | Incumbent    BestBd   Gap | It/Node Time

     0     0  507.42032    0  182  910.56800  507.42032  44.3%     -   21s
H    0     0                     837.1280000  507.42032  39.4%     -   33s
     0     0  507.42970    0  191  837.12800  507.42970  39.4%     -   38s
     0     0  507.46531    0  199  837.12800  507.46531  39.4%     -   72s
     0     0  507.47298    0  207  837.12800  507.47298  39.4%     -   76s
     0     0  507.48417    0  209  837.12800  507.48417  39.4%     -   84s
     0     0  507.52202    0  214  837.12800  507.52202  39.4%     -   89s
     0     0  507.53420    0  215  837.12800  507.53420  39.4%     -   91s
     0     0  507.53913    0  218  837.12800  507.53913  39.4%     -   92s
     0     0  507.54039    0  219  837.12800  507.54039  39.4%     -   92s
     0     0  507.54309    0  219  837.12800  507.54309  39.4%     -   93s
     0     0  507.55389    0  222  837.12800  507.55389  39.4%     -   94s
     0     0  507.55490    0  225  837.12800  507.55490  39.4%     -   95s
     0     0  507.56402    0  221  837.12800  507.56402  39.4%     -   96s
H    0     0                     826.9200000  507.56402  38.6%     -   97s
     0     0  507.57113    0  219  826.92000  507.57113  38.6%     -   99s
     0     0  507.57207    0  222  826.92000  507.57207  38.6%     -   99s
     0     0  507.57534    0  221  826.92000  507.57534  38.6%     -  100s
     0     0  507.58229    0  222  826.92000  507.58229  38.6%     -  109s
     0     0  507.58267    0  222  826.92000  507.58267  38.6%     -  109s
     0     0  507.58267    0  223  826.92000  507.58267  38.6%     -  110s
     0     0  507.59136    0  231  826.92000  507.59136  38.6%     -  111s
H    0     0                     815.5920000  507.59136  37.8%     -  113s
     0     0  507.61188    0  227  815.59200  507.61188  37.8%     -  114s
     0     0  507.61325    0  226  815.59200  507.61325  37.8%     -  115s
     0     0  507.61489    0  230  815.59200  507.61489  37.8%     -  117s
H    0     0                     814.8480000  507.61489  37.7%     -  119s
H    0     0                     805.6320000  507.61489  37.0%     -  120s
     0     0  507.61558    0  231  805.63200  507.61558  37.0%     -  120s
     0     0  507.61703    0  233  805.63200  507.61703  37.0%     -  121s
     0     0  507.61717    0  232  805.63200  507.61717  37.0%     -  122s
     0     0  507.89496    0  186  805.63200  507.89496  37.0%     -  166s
     0     0  507.89496    0  197  805.63200  507.89496  37.0%     -  181s
     0     0  507.89496    0  202  805.63200  507.89496  37.0%     -  205s
     0     0  507.89496    0  204  805.63200  507.89496  37.0%     -  206s
     0     0  507.89496    0  212  805.63200  507.89496  37.0%     -  209s
     0     0  507.89496    0  215  805.63200  507.89496  37.0%     -  210s
     0     0  507.89496    0  217  805.63200  507.89496  37.0%     -  210s
     0     0  507.89496    0  219  805.63200  507.89496  37.0%     -  212s
H    0     0                     802.9040000  507.89496  36.7%     -  214s
H    0     0                     794.9680000  507.89496  36.1%     -  216s
H    0     0                     784.9680000  507.89496  35.3%     -  217s
H    0     0                     764.3040000  507.89496  33.5%     -  218s
     0     0  507.89496    0  227  764.30400  507.89496  33.5%     -  219s
     0     0  507.89496    0  229  764.30400  507.89496  33.5%     -  220s
     0     0  507.89496    0  236  764.30400  507.89496  33.5%     -  223s
     0     0  507.89496    0  236  764.30400  507.89496  33.5%     -  224s
     0     0  507.89496    0  237  764.30400  507.89496  33.5%     -  224s
     0     0  507.89496    0  242  764.30400  507.89496  33.5%     -  225s
     0     0  507.89496    0  241  764.30400  507.89496  33.5%     -  226s
     0     2  507.89496    0  240  764.30400  507.89496  33.5%     -  240s
     1     4  507.89496    1  235  764.30400  507.89496  33.5%   348  249s
     3     8  507.89496    2  235  764.30400  507.89496  33.5%  1346  257s
     7    16  507.89496    3  233  764.30400  507.89496  33.5%  1441  264s
    15    24  507.89496    4  235  764.30400  507.89496  33.5%  1224  266s
H   37    58                     757.6080000  507.89496  33.0%   606  269s
    57    81  507.89496    8  229  757.60800  507.89496  33.0%   442  271s
    98   120  507.89496   12  229  757.60800  507.89496  33.0%   328  275s
   135   145  507.90050   17  232  757.60800  507.89496  33.0%   300  281s
   152   163  507.92625   19  234  757.60800  507.89496  33.0%   287  289s
   162   175  507.93116   20  235  757.60800  507.89496  33.0%   276  291s
H  208   215                     752.7760000  507.89496  32.5%   241  294s
   214   245  507.95772   28  241  752.77600  507.89496  32.5%   237  295s
   270   296  507.98228   32  240  752.77600  507.89496  32.5%   214  300s
   367   406  508.00267   38  236  752.77600  507.89496  32.5%   191  305s
   541   580  508.04167   53  236  752.77600  507.89496  32.5%   153  310s
   697   751  508.06689   62  247  752.77600  507.89496  32.5%   137  316s
H  825   834                     742.8560000  507.89496  31.6%   127  319s
   835   905  508.09346   70  247  742.85600  507.89496  31.6%   128  321s
   972   979  508.10949   77  246  742.85600  507.89496  31.6%   121  326s
H  979   979                     737.6480000  507.89496  31.1%   120  326s
  1040  1107  508.12419   82  249  737.64800  507.89496  31.1%   119  330s
  1191  1276  508.14493   87  247  737.64800  507.89496  31.1%   115  336s
  1380  1407  508.27958   97  246  737.64800  507.89496  31.1%   109  340s
H 1388  1407                     731.9040000  507.89496  30.6%   109  340s
  1583  1702  508.32827  106  248  731.90400  507.89496  30.6%   103  347s
  1816  1921  508.37291  112  242  731.90400  507.89496  30.6%  98.8  352s
  2058  2187  508.40703  123  246  731.90400  507.89496  30.6%  95.3  358s
  2200  2195  508.41314  130  247  731.90400  507.89496  30.6%  94.0  362s
  2208  2203  508.42838  131  248  731.90400  507.89496  30.6%  94.0  365s
  2224  2219  508.43366  133  244  731.90400  507.89496  30.6%  93.9  370s
  2240  2235  508.43421  135  246  731.90400  507.89496  30.6%  93.8  376s
  2281  2306  508.46094  137  249  731.90400  507.89496  30.6%  93.5  382s
  2319  2327  508.46565  138  255  731.90400  507.89496  30.6%  92.9  386s
  2348  2374  508.46744  140  253  731.90400  507.89496  30.6%  92.6  394s
  2387  2448  508.48240  141  250  731.90400  507.89496  30.6%  92.0  397s
  2467  2495  508.48554  142  252  731.90400  507.89496  30.6%  90.7  401s
  2514  2513  508.49978  143  249  731.90400  507.89496  30.6%  90.3  407s
  2532  2534  508.50363  144  247  731.90400  507.89496  30.6%  90.3  414s
  2553  2559  508.50602  145  245  731.90400  507.89496  30.6%  90.2  417s
  2578  2577  508.51153  146  247  731.90400  507.89496  30.6%  90.1  421s
  2596  2633  508.51202  147  247  731.90400  507.89496  30.6%  90.1  425s
  2790  2949  508.55288  158  254  731.90400  507.89496  30.6%  88.3  432s
  2976  3196  508.58288  169  245  731.90400  507.89496  30.6%  85.6  436s
  3227  3384  508.60173  179  251  731.90400  507.89496  30.6%  82.7  446s
  3435  3560  508.63201  189  242  731.90400  507.89496  30.6%  81.4  450s
  3627  3726  508.66422  200  243  731.90400  507.89496  30.6%  81.2  455s
  4008  4133  508.75936  223  249  731.90400  507.89496  30.6%  79.8  464s
  4200  4383  508.79351  238  248  731.90400  507.89496  30.6%  79.3  469s
  4450  4626  508.81931  250  254  731.90400  507.89496  30.6%  78.3  474s
  4693  4899  508.84018  263  256  731.90400  507.89496  30.6%  77.5  479s
  4966  5056  508.86731  281  253  731.90400  507.89496  30.6%  76.3  487s
  5123  5260  508.92644  292  259  731.90400  507.89496  30.6%  75.8  492s
  5327  5524  508.96329  311  255  731.90400  507.89496  30.6%  75.0  497s
  5591  5814  508.99617  335  260  731.90400  507.89496  30.6%  73.9  503s
  5881  6222  509.04803  350  258  731.90400  507.89496  30.6%  73.0  510s
  6289  6611  509.10836  371  256  731.90400  507.89496  30.6%  71.6  517s
  6680  6948  509.14237  402  256  731.90400  507.89496  30.6%  70.7  528s
  7035  7301  509.20224  426  256  731.90400  507.89496  30.6%  70.8  534s
  7389  7302  549.86061  212  232  731.90400  507.89496  30.6%  70.1  559s
  7391  7303  520.00461  178  179  731.90400  507.89496  30.6%  70.1  590s
  7392  7304  559.63029  433  197  731.90400  507.89496  30.6%  70.1  620s
  7393  7305  560.15544  447  205  731.90400  507.89496  30.6%  70.1  629s
  7394  7305  574.16710  808  214  731.90400  507.89496  30.6%  70.0  632s
  7396  7307  570.48643  710  213  731.90400  507.89496  30.6%  70.0  637s
  7399  7309  567.72474  109  229  731.90400  507.89496  30.6%  70.0  640s
  7402  7311  516.99486  474  231  731.90400  507.89496  30.6%  70.0  648s
  7404  7312  517.98728  574  241  731.90400  507.89496  30.6%  70.0  652s
  7406  7313  515.56457  327  237  731.90400  507.89496  30.6%  69.9  655s
  7409  7315  514.77617  258  248  731.90400  507.89496  30.6%  69.9  662s
  7410  7316  508.12100   20  248  731.90400  508.12100  30.6%  69.9  687s
  7411  7320  508.12100   14  244  731.90400  508.12100  30.6%  76.8  696s
  7413  7323  508.12100   15  240  731.90400  508.12100  30.6%  77.2  701s
  7417  7330  508.12100   16  241  731.90400  508.12100  30.6%  77.6  711s
  7433  7354  508.12100   18  242  731.90400  508.12100  30.6%  79.0  722s
  7455  7355  512.82767   19  210  731.90400  508.12100  30.6%  81.2  728s
  7463  7359  508.12100   20  235  731.90400  508.12100  30.6%  81.4  741s
  7472  7364  513.53409   20  221  731.90400  508.12100  30.6%  83.3  747s
  7480  7370  508.12100   21  240  731.90400  508.12100  30.6%  83.5  751s
  7488  7375  513.90866   21  230  731.90400  508.12100  30.6%  84.9  759s
  7496  7380  508.12100   22  240  731.90400  508.12100  30.6%  85.1  766s
  7504  7386  510.27262   22  223  731.90400  508.12100  30.6%  86.8  771s
  7512  7395  508.12100   23  241  731.90400  508.12100  30.6%  87.2  776s
  7524  7404  517.44744   23  214  731.90400  508.12100  30.6%  88.6  782s
  7537  7411  508.12100   24  240  731.90400  508.12100  30.6%  88.8  791s
  7550  7422  508.12100   25  238  731.90400  508.12100  30.6%  91.1  798s
  7566  7425  508.12100   26  238  731.90400  508.12100  30.6%  92.4  805s
  7574  7430  511.03694   26  210  731.90400  508.12100  30.6%  93.5  810s
  7584  7436  508.12100   27  240  731.90400  508.12100  30.6%  94.3  815s
  7593  7445  511.30245   27  223  731.90400  508.12100  30.6%  95.4  821s
  7605  7453  508.12100   28  237  731.90400  508.12100  30.6%  96.3  827s
  7619  7462  510.36029   28  235  731.90400  508.12100  30.6%  97.4  832s
  7635  7470  508.12100   29  241  731.90400  508.12100  30.6%  98.5  837s
  7654  7483  514.11254   29  223  731.90400  508.12100  30.6%   100  844s
  7675  7489  508.12100   30  241  731.90400  508.12100  30.6%   102  851s
  7690  7509  510.25178   30  226  731.90400  508.12100  30.6%   103  856s
  7715  7525  508.12100   31  242  731.90400  508.12100  30.6%   105  862s
  7742  7541  514.79281   31  226  731.90400  508.12100  30.6%   107  868s
  7767  7563  508.12100   32  237  731.90400  508.12100  30.6%   109  877s
  7797  7586  508.12100   33  242  731.90400  508.12100  30.6%   111  884s
  7830  7610  508.12100   34  241  731.90400  508.12100  30.6%   114  891s
  7865  7634  508.12100   35  236  731.90400  508.12100  30.6%   116  898s
  7901  7657  508.12100   36  236  731.90400  508.12100  30.6%   119  905s
  7936  7682  508.12100   37  237  731.90400  508.12100  30.6%   121  912s
  7976  7687  508.12100   38  240  731.90400  508.12100  30.6%   124  919s
  7995  7689  518.31326   38  219  731.90400  508.12100  30.6%   126  926s
  8003  7705  508.12100   39  238  731.90400  508.12100  30.6%   126  933s
  8024  7724  508.12100   40  238  731.90400  508.12100  30.6%   127  941s
  8050  7741  508.12100   41  238  731.90400  508.12100  30.6%   129  949s
  8081  7768  508.12100   42  239  731.90400  508.12100  30.6%   131  957s
  8121  7798  508.12100   43  238  731.90400  508.12100  30.6%   133  965s
  8164  7834  508.17319   44  233  731.90400  508.12100  30.6%   136  977s
  8216  7868  508.18923   46  233  731.90400  508.12100  30.6%   139  987s
  8270  7858  524.34893   47  240  731.90400  508.12100  30.6%   143 1004s
  8278  7864  508.21121   48  238  731.90400  508.12100  30.6%   144 1036s
  8286  7869  519.48256   48  223  731.90400  508.12100  30.6%   145 1047s
  8294  7874  508.21179   49  238  731.90400  508.12100  30.6%   145 1057s
  8302  7888  513.08066   49  226  731.90400  508.12100  30.6%   146 1081s
  8320  7909  508.27693   50  240  731.90400  508.12100  30.6%   147 1104s
  8347  7940  508.27755   51  236  731.90400  508.12100  30.6%   149 1131s
  8387  7986  508.34367   53  241  731.90400  508.12100  30.6%   152 1143s
  8449  8033  514.44300   54  221  731.90400  508.12100  30.6%   156 1156s
  8516  8081  508.41423   56  247  731.90400  508.12100  30.6%   160 1169s
  8591  8129  511.39332   57  209  731.90400  508.12100  30.6%   164 1181s
  8669  8180  508.42175   59  242  731.90400  508.12100  30.6%   168 1194s
  8748  8238  508.42431   61  245  731.90400  508.12100  30.6%   172 1207s
  8832  8297  508.42930   63  246  731.90400  508.12100  30.6%   177 1224s
  8923  8322  508.44174   66  245  731.90400  508.12100  30.6%   182 1239s
  8986  8381  510.20772   68  232  731.90400  508.12100  30.6%   185 1256s
  9074  8451  508.45302   71  249  731.90400  508.12100  30.6%   189 1272s
  9176  8518  508.46659   74  247  731.90400  508.12100  30.6%   194 1288s
  9283  8564  508.47135   77  248  731.90400  508.12100  30.6%   200 1306s
  9371  8582  508.49359   80  247  731.90400  508.12100  30.6%   204 1325s
  9426  8620  508.49415   82  248  731.90400  508.12100  30.6%   207 1345s
  9484  8692  508.49815   84  250  731.90400  508.12100  30.6%   209 1364s
  9587  8745  513.61471   84  218  731.90400  508.12100  30.6%   213 1385s
  9687  8820  508.52341   87  247  731.90400  508.12100  30.6%   218 1405s
  9809  8897  508.54727   90  245  731.90400  508.12100  30.6%   223 1428s
  9944  8963  508.56330   93  246  731.90400  508.12100  30.6%   228 1451s
 10057  9042  508.61557   96  244  731.90400  508.12100  30.6%   233 1474s
 10201  9144  508.63543   99  245  731.90400  508.12100  30.6%   238 1497s
 10369  9225  508.64597  103  243  731.90400  508.12100  30.6%   244 1522s
 10528  9333  508.65453  107  246  731.90400  508.12100  30.6%   249 1548s
 10728  9451  508.66537  111  247  731.90400  508.12100  30.6%   255 1574s
 10950  9491  508.75563  115  250  731.90400  508.12100  30.6%   260 1602s
 11078  9579  508.78516  119  247  731.90400  508.12100  30.6%   264 1630s
 11255  9659  508.79960  122  249  731.90400  508.12100  30.6%   268 1658s
 11461  9770  513.14719  122  223  731.90400  508.12100  30.6%   273 1688s
 11722  9877  521.45609  125  231  731.90400  508.12100  30.6%   278 1720s
 12011  9993  508.81907  129  247  731.90400  508.12100  30.6%   283 1753s
 12360 10085  508.87499  135  249  731.90400  508.12100  30.6%   289 1787s
 12651 10218  508.88762  141  253  731.90400  508.12100  30.6%   294 1821s
 12983 10333  508.94458  146  251  731.90400  508.12100  30.6%   300 1857s
 13399 10419  508.96105  152  249  731.90400  508.12100  30.6%   304 1895s
 13824 10494  509.00972  158  252  731.90400  508.12100  30.6%   307 1932s
 14259 10406  518.33174  164  228  731.90400  508.12100  30.6%   310 1979s
 14371 10382  509.01999  167  251  731.90400  508.12100  30.6%   311 2027s
 14444 10459  520.74709  167  225  731.90400  508.12100  30.6%   310 2069s
 14566 10674  509.03964  171  253  731.90400  508.12100  30.6%   312 2112s
 14945 10718  509.04870  179  254  731.90400  508.12100  30.6%   317 2172s
 15281 10848  509.09469  186  252  731.90400  508.12100  30.6%   320 2220s
 15761 10920  515.75689  194  219  731.90400  508.12100  30.6%   323 2260s
 16251 11022  512.75972  196  215  731.90400  508.12100  30.6%   324 2296s
 16657 11274  509.16738  203  258  731.90400  508.41927  30.5%   325 2334s
 17100 11508  509.17408  209  259  731.90400  508.41927  30.5%   325 2371s
 17584 11933  509.18114  215  256  731.90400  508.41927  30.5%   324 2410s
 18244 12305  509.22948  222  260  731.90400  508.41927  30.5%   321 2450s
 18914 12467  509.23266  229  259  731.90400  508.41927  30.5%   318 2486s
 19444 12665  509.24052  236  261  731.90400  508.41927  30.5%   317 2524s
 19984 12923  509.30089  241  257  731.90400  508.41927  30.5%   316 2563s
 20682 13030  509.32619  248  253  731.90400  508.41927  30.5%   313 2603s
 21324 13387  509.61855  254  247  731.90400  508.42103  30.5%   310 2643s
 21897 13704  509.68979  261  255  731.90400  508.42103  30.5%   308 2686s
 22405 14271  509.71287  269  254  731.90400  508.42103  30.5%   306 2731s
 23143 14141  509.85147  276  264  731.90400  508.42103  30.5%   302 2784s
 23259 14941  509.85566  277  264  731.90400  508.42103  30.5%   301 2833s
 24098 15339  509.87439  285  265  731.90400  508.42103  30.5%   297 2883s
 24778 16240  509.94384  294  259  731.90400  508.42103  30.5%   294 2933s
 25907 16662  509.97404  303  267  731.90400  508.42103  30.5%   288 2984s
 26716 17521  510.03403  311  265  731.90400  508.42103  30.5%   284 3037s
 27893 17920  510.32208  322  257  731.90400  508.42103  30.5%   278 3090s
 28727 18499  510.34068  332  255  731.90400  508.42103  30.5%   276 3143s

Cutting planes:
  MIR: 33
  Flow cover: 19
  Zero half: 3
  Mod-K: 1

Explored 29584 nodes (8232305 simplex iterations) in 3375.45 seconds (7807.65 work units)
Thread count was 8 (of 40 available processors)

Solution count 10: 731.904 737.648 742.856 ... 805.632

Time limit reached
Best objective 7.319039999998e+02, best bound 5.084210317243e+02, gap 30.5345%

User-callback calls 639153, time in user-callback 4.29 sec
