
Gurobi 12.0.3 (linux64) logging started Sun Sep 13 14:33:30 2026

Set parameter LogFile to value "/share/scaglione/nc437/evsp-dr/cumulative_budget_20260913/cases/c3_k08/mip_base/135635_r0/gurobi.log"
Set parameter OutputFlag to value 1
Set parameter TimeLimit to value 3600
Set parameter MIPGap to value 0.0001
Set parameter Threads to value 8
Set parameter TimeLimit to value 1800
Gurobi Optimizer version 12.0.3 build v12.0.3rc0 (linux64 - "Ubuntu 24.04.4 LTS")

CPU model: Intel(R) Xeon(R) CPU E7-4850 v4 @ 2.10GHz, instruction set [SSE2|AVX|AVX2]
Thread count: 64 physical cores, 64 logical processors, using up to 8 threads

Non-default parameters:
TimeLimit  1800
Threads  8

Optimize a model with 154 rows, 16931 columns and 343503 nonzeros
Model fingerprint: 0xb4063d10
Variable types: 0 continuous, 16931 integer (16931 binary)
Coefficient statistics:
  Matrix range     [1e+00, 1e+00]
  Objective range  [1e+00, 1e+00]
  Bounds range     [1e+00, 1e+00]
  RHS range        [1e+00, 1e+00]

Loaded user MIP start with objective 51

Presolve removed 0 rows and 1803 columns
Presolve time: 0.50s
Presolved: 154 rows, 15128 columns, 310823 nonzeros
Found heuristic solution: objective 49.0000000
Variable types: 0 continuous, 15128 integer (15128 binary)
Found heuristic solution: objective 48.0000000

Root relaxation: objective 8.000000e+00, 662 iterations, 0.26 seconds (0.35 work units)

    Nodes    |    Current Node    |     Objective Bounds      |     Work
 Expl Unexpl |  Obj  Depth IntInf | Incumbent    BestBd   Gap | It/Node Time

     0     0    8.00000    0   67   48.00000    8.00000  83.3%     -    1s
H    0     0                      17.0000000    8.00000  52.9%     -    1s
H    0     0                      12.0000000    8.00000  33.3%     -    1s
H    0     0                      11.0000000    8.00000  27.3%     -    1s
H    0     0                      10.0000000    8.00000  20.0%     -    1s
     0     0    8.00000    0   60   10.00000    8.00000  20.0%     -    2s
     0     0    8.00000    0   53   10.00000    8.00000  20.0%     -    5s
     0     0    8.00000    0   52   10.00000    8.00000  20.0%     -    7s
     0     0    8.00000    0   52   10.00000    8.00000  20.0%     -    7s
     0     0    8.00000    0   53   10.00000    8.00000  20.0%     -    9s
     0     0    8.00000    0   57   10.00000    8.00000  20.0%     -    9s
     0     0    8.00000    0   58   10.00000    8.00000  20.0%     -   10s
     0     0    8.00000    0   52   10.00000    8.00000  20.0%     -   11s
     0     0    8.00000    0   62   10.00000    8.00000  20.0%     -   12s
     0     0    8.00000    0   53   10.00000    8.00000  20.0%     -   12s
     0     0    8.00000    0   45   10.00000    8.00000  20.0%     -   13s
     0     0    8.00000    0   49   10.00000    8.00000  20.0%     -   14s
H    0     0                       9.0000000    8.00000  11.1%     -   14s
     0     0    8.00000    0   45    9.00000    8.00000  11.1%     -   15s
     0     0    8.00000    0   45    9.00000    8.00000  11.1%     -   15s
     0     2    8.00000    0   45    9.00000    8.00000  11.1%     -   17s
     2     3    8.00000    1   45    9.00000    8.00000  11.1%  4290   20s
     5     5    8.00000    1   57    9.00000    8.00000  11.1%  1716   29s
     6     6    8.00000    1   55    9.00000    8.00000  11.1%  1430   30s
    14    11    8.00000    1   37    9.00000    8.00000  11.1%   613   35s
    23    18    8.00000    1   49    9.00000    8.00000  11.1%  2913   43s
    29    22    8.00000    1   47    9.00000    8.00000  11.1%  2310   45s
   172    42    8.00000   34   58    9.00000    8.00000  11.1%   696   50s
   219    61    8.00000   38   60    9.00000    8.00000  11.1%   579   55s
   650   283 infeasible   46         9.00000    8.00000  11.1%   295   61s
  1589   366    8.00000  119   98    9.00000    8.00000  11.1%   194   67s
  2350   184 infeasible   94         9.00000    8.00000  11.1%   177   70s
  3195   718 infeasible   57         9.00000    8.00000  11.1%   152   75s
  4096  1036    8.00000   97   63    9.00000    8.00000  11.1%   138   80s
  5754  1157    8.00000   90   62    9.00000    8.00000  11.1%   128   86s
  5824  1210    8.00000   92   61    9.00000    8.00000  11.1%   128   90s
  6458  1408    8.00000   94   67    9.00000    8.00000  11.1%   127   95s
  8696  1893    8.00000  102   54    9.00000    8.00000  11.1%   120  100s
  9709  2322    8.00000   79   58    9.00000    8.00000  11.1%   118  106s
 12049  2447    8.00000  101   66    9.00000    8.00000  11.1%   114  111s
 13639  2640    8.00000  164   66    9.00000    8.00000  11.1%   112  115s
 14426  3248 infeasible   64         9.00000    8.00000  11.1%   111  123s
 15138  3438 infeasible   81         9.00000    8.00000  11.1%   110  125s
 17297  3789    8.00000  107   71    9.00000    8.00000  11.1%   111  131s
 18936  3806    8.00000  106   62    9.00000    8.00000  11.1%   112  135s
 20663  3834    8.00000  319   70    9.00000    8.00000  11.1%   111  140s
 22249  3941 infeasible  139         9.00000    8.00000  11.1%   111  147s
 23960  4311 infeasible  264         9.00000    8.00000  11.1%   111  151s
 25717  4339 infeasible  115         9.00000    8.00000  11.1%   111  156s
 26641  4764    8.00000   75   47    9.00000    8.00000  11.1%   111  160s
 28274  6245    8.00000  269   58    9.00000    8.00000  11.1%   110  165s
 29195  6757    8.00000  402   66    9.00000    8.00000  11.1%   109  199s
 30296  6828    8.00000  279   71    9.00000    8.00000  11.1%   110  202s
 31727  7551    8.00000  246   66    9.00000    8.00000  11.1%   110  206s
 32754  7772    8.00000  143   55    9.00000    8.00000  11.1%   110  211s
 33534  7975    8.00000  169   63    9.00000    8.00000  11.1%   111  216s
 34935  9097    8.00000  139   63    9.00000    8.00000  11.1%   110  222s
 36147  9607 infeasible  211         9.00000    8.00000  11.1%   109  227s
 38037  9782    8.00000  324   64    9.00000    8.00000  11.1%   110  232s
 39720 10274 infeasible  177         9.00000    8.00000  11.1%   111  237s
 40264 10303    8.00000  110   62    9.00000    8.00000  11.1%   111  240s
 41033 11069    8.00000  243   70    9.00000    8.00000  11.1%   111  245s
 43037 12149    8.00000  251   63    9.00000    8.00000  11.1%   112  250s
 44008 12446 infeasible  173         9.00000    8.00000  11.1%   112  255s
 45722 13171    8.00000  107   62    9.00000    8.00000  11.1%   112  260s
 46658 13270    8.00000  223   59    9.00000    8.00000  11.1%   112  265s
 47358 13594    8.00000  247   65    9.00000    8.00000  11.1%   112  271s
 47884 13609    8.00000  248   65    9.00000    8.00000  11.1%   112  275s
 49751 14022    8.00000  167   65    9.00000    8.00000  11.1%   113  281s
 50660 14159    8.00000  252   62    9.00000    8.00000  11.1%   113  287s
 51540 15336    8.00000  398   97    9.00000    8.00000  11.1%   113  290s
 54010 15683    8.00000  343   87    9.00000    8.00000  11.1%   112  296s
 55103 17122    8.00000  469   79    9.00000    8.00000  11.1%   112  301s
 57339 18231    8.00000   97   59    9.00000    8.00000  11.1%   112  307s
 59161 18328 infeasible  394         9.00000    8.00000  11.1%   113  314s
 60298 18310    8.00000  169   64    9.00000    8.00000  11.1%   114  316s
 61128 18353 infeasible  145         9.00000    8.00000  11.1%   114  321s
 62577 19128    8.00000  173   69    9.00000    8.00000  11.1%   115  327s
 63489 19395    8.00000  169   63    9.00000    8.00000  11.1%   114  330s
 64457 19693    8.00000  273   71    9.00000    8.00000  11.1%   114  336s
 65957 19706    8.00000  367   70    9.00000    8.00000  11.1%   114  341s
 67389 19427    8.00000  179   61    9.00000    8.00000  11.1%   115  347s
 68397 19367 infeasible  278         9.00000    8.00000  11.1%   115  350s
 69475 20124 infeasible  138         9.00000    8.00000  11.1%   115  356s
 71526 20747    8.00000  140   68    9.00000    8.00000  11.1%   115  361s
 73558 21395    8.00000  317   89    9.00000    8.00000  11.1%   115  366s
 74211 21367 infeasible  180         9.00000    8.00000  11.1%   115  371s
 74339 22706    8.00000  202   66    9.00000    8.00000  11.1%   116  390s
 78656 22873    8.00000  149   64    9.00000    8.00000  11.1%   116  398s
 79921 22826    8.00000  195   69    9.00000    8.00000  11.1%   116  402s
 81070 22997 infeasible  139         9.00000    8.00000  11.1%   117  405s
 82706 23154 infeasible  190         9.00000    8.00000  11.1%   117  413s
 83823 23142    8.00000  314   69    9.00000    8.00000  11.1%   117  416s
 85069 22799 infeasible  126         9.00000    8.00000  11.1%   117  420s
 86829 22895    8.00000  105   60    9.00000    8.00000  11.1%   118  426s
 87204 23144    8.00000  122   58    9.00000    8.00000  11.1%   118  430s
 89579 24347 infeasible  177         9.00000    8.00000  11.1%   118  438s
 90980 24456 infeasible  121         9.00000    8.00000  11.1%   118  440s
 92361 24675    8.00000   38   62    9.00000    8.00000  11.1%   118  447s
 93218 25139 infeasible  419         9.00000    8.00000  11.1%   118  450s
 94823 26266    8.00000  314   53    9.00000    8.00000  11.1%   118  455s
 97587 26039    8.00000   82   59    9.00000    8.00000  11.1%   119  462s
 97677 26063    8.00000   83   59    9.00000    8.00000  11.1%   119  465s
 98424 25545    8.00000   88   55    9.00000    8.00000  11.1%   119  470s
 99902 25728    8.00000  125   62    9.00000    8.00000  11.1%   119  476s
 101121 25778    8.00000   93   66    9.00000    8.00000  11.1%   119  481s
 102865 26305 infeasible  232         9.00000    8.00000  11.1%   119  486s
 104902 27660 infeasible   94         9.00000    8.00000  11.1%   119  494s
 106056 28129    8.00000  225   54    9.00000    8.00000  11.1%   118  496s
 106877 29226    8.00000  187   66    9.00000    8.00000  11.1%   118  502s
 108947 30359    8.00000  177   62    9.00000    8.00000  11.1%   118  507s
 110474 30927    8.00000  183   57    9.00000    8.00000  11.1%   118  512s
 111596 31373    8.00000  304   53    9.00000    8.00000  11.1%   119  517s
 112151 31747    8.00000  240   67    9.00000    8.00000  11.1%   118  520s
 113624 32322    8.00000  325   69    9.00000    8.00000  11.1%   118  526s
 115318 33111    8.00000  224   68    9.00000    8.00000  11.1%   119  532s
 116530 33925 infeasible  201         9.00000    8.00000  11.1%   119  537s
 117773 33912    8.00000  344   42    9.00000    8.00000  11.1%   119  540s
 119382 34230    8.00000  286   60    9.00000    8.00000  11.1%   119  548s
 120301 34159 infeasible  485         9.00000    8.00000  11.1%   119  550s
 121620 35216    8.00000  206   76    9.00000    8.00000  11.1%   119  557s
 124303 36001    8.00000  353  104    9.00000    8.00000  11.1%   119  561s
 124742 36597    8.00000  400  105    9.00000    8.00000  11.1%   119  566s
 125426 36696    8.00000  402  105    9.00000    8.00000  11.1%   119  571s
 126634 37411    8.00000  530  104    9.00000    8.00000  11.1%   119  577s
 126700 37725    8.00000  585  103    9.00000    8.00000  11.1%   119  580s
 128175 39595 infeasible  237         9.00000    8.00000  11.1%   118  586s
 130402 41341    8.00000  458   94    9.00000    8.00000  11.1%   117  590s
 131819 41658    8.00000  152   69    9.00000    8.00000  11.1%   117  595s
 133221 42428 infeasible  299         9.00000    8.00000  11.1%   117  600s
 134198 43474 infeasible  387         9.00000    8.00000  11.1%   117  605s
 138772 46389 infeasible  175         9.00000    8.00000  11.1%   116  610s
 140945 47258 infeasible  337         9.00000    8.00000  11.1%   115  615s
 142852 49116 infeasible  248         9.00000    8.00000  11.1%   115  620s
 145558 50375 infeasible  230         9.00000    8.00000  11.1%   115  625s
 147892 52436    8.00000  366   94    9.00000    8.00000  11.1%   114  630s
 148832 54593    8.00000  209   97    9.00000    8.00000  11.1%   114  664s
 155463 54516    8.00000  223   83    9.00000    8.00000  11.1%   115  667s
 156203 55438    8.00000  382   76    9.00000    8.00000  11.1%   115  672s
 157086 55769    8.00000  376   91    9.00000    8.00000  11.1%   115  676s
 158288 56544 infeasible   92         9.00000    8.00000  11.1%   114  682s
 159070 57423 infeasible   87         9.00000    8.00000  11.1%   114  685s
 161767 58368 infeasible  186         9.00000    8.00000  11.1%   114  691s
 163025 60186 infeasible  278         9.00000    8.00000  11.1%   114  696s
 164310 61535 infeasible  173         9.00000    8.00000  11.1%   113  701s
 168059 63009    8.00000  546  100    9.00000    8.00000  11.1%   113  705s
 169868 64302 infeasible  271         9.00000    8.00000  11.1%   112  710s
 171810 64752 infeasible  145         9.00000    8.00000  11.1%   113  716s
 173478 65282 infeasible  504         9.00000    8.00000  11.1%   113  720s
 174620 66025 infeasible  351         9.00000    8.00000  11.1%   113  725s
 177468 67403    8.00000  318  105    9.00000    8.00000  11.1%   113  730s
 177945 68176    8.00000  530   83    9.00000    8.00000  11.1%   113  735s
 178948 69263    8.00000  347  115    9.00000    8.00000  11.1%   113  740s
 181598 69959    8.00000  745  106    9.00000    8.00000  11.1%   113  746s
 183041 70805    8.00000  353  100    9.00000    8.00000  11.1%   113  750s
 184886 70817 infeasible  146         9.00000    8.00000  11.1%   113  757s
 185649 71404    8.00000  197   63    9.00000    8.00000  11.1%   113  761s
 186816 71369 infeasible  191         9.00000    8.00000  11.1%   113  767s
 188509 71561 infeasible  282         9.00000    8.00000  11.1%   113  772s
 189251 71710 infeasible  303         9.00000    8.00000  11.1%   113  775s
 189771 71860    8.00000  323   76    9.00000    8.00000  11.1%   113  780s
 190995 72068    8.00000  536   72    9.00000    8.00000  11.1%   114  786s
 193026 72512    8.00000  678  104    9.00000    8.00000  11.1%   114  791s
 194000 73231 infeasible  150         9.00000    8.00000  11.1%   114  796s
 196354 73376    8.00000  122   65    9.00000    8.00000  11.1%   114  801s
 197107 73499    8.00000  292   73    9.00000    8.00000  11.1%   114  806s
 197722 73672    8.00000  317   71    9.00000    8.00000  11.1%   114  812s
 198092 73662 infeasible  383         9.00000    8.00000  11.1%   114  816s
 198662 73656 infeasible  199         9.00000    8.00000  11.1%   114  822s
 199342 73682 infeasible  195         9.00000    8.00000  11.1%   114  826s
 201426 75701 infeasible  358         9.00000    8.00000  11.1%   115  832s
 205645 76432    8.00000  137   74    9.00000    8.00000  11.1%   114  836s
 206596 76423    8.00000   96   80    9.00000    8.00000  11.1%   114  840s
 208134 77190 infeasible  190         9.00000    8.00000  11.1%   114  845s
 208838 77172    8.00000  128   84    9.00000    8.00000  11.1%   115  850s
 208992 81041    8.00000  129   84    9.00000    8.00000  11.1%   115  863s
 215201 80956    8.00000  392   95    9.00000    8.00000  11.1%   114  865s
 216253 80866 infeasible  418         9.00000    8.00000  11.1%   115  871s
 217306 80651    8.00000  281   68    9.00000    8.00000  11.1%   115  876s
 218223 80666    8.00000  368   70    9.00000    8.00000  11.1%   115  881s
 220631 81810 infeasible  306         9.00000    8.00000  11.1%   115  885s
 222640 81957    8.00000  494   82    9.00000    8.00000  11.1%   115  891s
 223393 82054    8.00000  207   33    9.00000    8.00000  11.1%   115  896s
 223792 82236 infeasible  271         9.00000    8.00000  11.1%   115  901s
 224270 82163 infeasible  244         9.00000    8.00000  11.1%   115  906s
 225527 82467    8.00000  410   93    9.00000    8.00000  11.1%   115  910s
 227494 82135 infeasible  313         9.00000    8.00000  11.1%   116  916s
 228515 82689    8.00000  455   80    9.00000    8.00000  11.1%   116  922s
 229565 82417 infeasible  217         9.00000    8.00000  11.1%   116  926s
 231847 83260    8.00000  772   79    9.00000    8.00000  11.1%   116  931s
 232824 83688    8.00000   56   56    9.00000    8.00000  11.1%   116  937s
 233518 83547    8.00000   75   71    9.00000    8.00000  11.1%   116  940s
 235337 83338 infeasible  152         9.00000    8.00000  11.1%   116  946s
 236340 82864 infeasible  119         9.00000    8.00000  11.1%   116  950s
 238127 82656    8.00000  310   75    9.00000    8.00000  11.1%   117  956s
 238340 82572    8.00000  311   69    9.00000    8.00000  11.1%   117  960s
 240384 82567 infeasible  327         9.00000    8.00000  11.1%   117  966s
 241683 82986 infeasible  371         9.00000    8.00000  11.1%   117  972s
 242822 83005 infeasible  342         9.00000    8.00000  11.1%   117  977s
 243097 82814    8.00000  186   55    9.00000    8.00000  11.1%   117  981s
 243312 82977    8.00000  187   56    9.00000    8.00000  11.1%   117  987s
 244493 85182    8.00000  157   77    9.00000    8.00000  11.1%   117  993s
 247162 86492    8.00000  240   61    9.00000    8.00000  11.1%   117  996s
 249239 86677 infeasible  546         9.00000    8.00000  11.1%   117 1000s
 250715 86531    8.00000   66   73    9.00000    8.00000  11.1%   117 1005s
 252453 86706 infeasible  195         9.00000    8.00000  11.1%   117 1012s
 253333 86564 infeasible  338         9.00000    8.00000  11.1%   118 1015s
 254793 85999 infeasible  384         9.00000    8.00000  11.1%   118 1022s
 255150 86028    8.00000  779   68    9.00000    8.00000  11.1%   118 1026s
 255735 86183 infeasible  201         9.00000    8.00000  11.1%   118 1030s
 257255 86161 infeasible  267         9.00000    8.00000  11.1%   118 1040s
 259325 85710    8.00000  391   65    9.00000    8.00000  11.1%   119 1048s
 259700 85984 infeasible  131         9.00000    8.00000  11.1%   119 1053s
 261596 86387 infeasible  262         9.00000    8.00000  11.1%   119 1056s
 263355 85708 infeasible  305         9.00000    8.00000  11.1%   119 1060s
 265873 86099    8.00000  235   75    9.00000    8.00000  11.1%   120 1069s
 266423 85522    8.00000  236   65    9.00000    8.00000  11.1%   120 1073s
 267588 85806    8.00000  304   87    9.00000    8.00000  11.1%   120 1077s
 269366 85713 infeasible  725         9.00000    8.00000  11.1%   120 1081s
 270993 85992    8.00000  309   72    9.00000    8.00000  11.1%   120 1086s
 271684 85754    8.00000  413   76    9.00000    8.00000  11.1%   120 1093s
 273720 85306    8.00000  121   67    9.00000    8.00000  11.1%   121 1097s
 275238 84908 infeasible  144         9.00000    8.00000  11.1%   121 1102s
 275760 84840    8.00000  236   57    9.00000    8.00000  11.1%   121 1106s
 275956 84661    8.00000  237   50    9.00000    8.00000  11.1%   121 1110s
 276423 84998    8.00000  240   69    9.00000    8.00000  11.1%   121 1115s
 280114 84058    8.00000  502   84    9.00000    8.00000  11.1%   121 1123s
 281376 84257 infeasible  151         9.00000    8.00000  11.1%   121 1127s
 283089 84409    8.00000  615   87    9.00000    8.00000  11.1%   122 1132s
 283289 85161    8.00000  640   86    9.00000    8.00000  11.1%   122 1136s
 284409 85854    8.00000  724   79    9.00000    8.00000  11.1%   121 1140s
 285916 86710    8.00000  176   71    9.00000    8.00000  11.1%   122 1145s
 288118 86658 infeasible  303         9.00000    8.00000  11.1%   122 1151s
 288758 86181    8.00000  552   75    9.00000    8.00000  11.1%   122 1161s
 292399 85567    8.00000  192   77    9.00000    8.00000  11.1%   123 1167s
 293945 85128    8.00000  243   69    9.00000    8.00000  11.1%   123 1172s
 295080 84758 infeasible  125         9.00000    8.00000  11.1%   123 1179s
 296218 85351    8.00000   99   59    9.00000    8.00000  11.1%   123 1185s
 298245 84563 infeasible  427         9.00000    8.00000  11.1%   123 1191s
 300307 84309    8.00000  341   63    9.00000    8.00000  11.1%   124 1198s
 301539 83762 infeasible  757         9.00000    8.00000  11.1%   124 1204s
 303832 83304 infeasible  243         9.00000    8.00000  11.1%   124 1213s
 306142 83697    8.00000  216   73    9.00000    8.00000  11.1%   124 1218s
 307383 82876 infeasible  149         9.00000    8.00000  11.1%   124 1224s
 309562 82280 infeasible  299         9.00000    8.00000  11.1%   125 1230s
 311342 82458 infeasible  319         9.00000    8.00000  11.1%   125 1236s
 312542 82734    8.00000  388   64    9.00000    8.00000  11.1%   125 1243s
 313952 82059    8.00000  499   73    9.00000    8.00000  11.1%   125 1250s
 316031 83127    8.00000  176   87    9.00000    8.00000  11.1%   126 1257s
 317647 82375    8.00000  681   95    9.00000    8.00000  11.1%   126 1264s
 319413 81820 infeasible  656         9.00000    8.00000  11.1%   126 1271s
 321604 81961 infeasible  427         9.00000    8.00000  11.1%   126 1278s
 322849 81307    8.00000  123   75    9.00000    8.00000  11.1%   127 1285s
 325327 80945    8.00000  734   86    9.00000    8.00000  11.1%   127 1293s
 327419 80535 infeasible   98         9.00000    8.00000  11.1%   127 1301s
 328407 79156 infeasible  393         9.00000    8.00000  11.1%   127 1309s
 330908 78531 infeasible  194         9.00000    8.00000  11.1%   127 1317s
 333161 77340 infeasible  676         9.00000    8.00000  11.1%   128 1325s
 335798 76357    8.00000  542   62    9.00000    8.00000  11.1%   128 1333s
 337725 75306 infeasible  233         9.00000    8.00000  11.1%   128 1340s
 339862 73952 infeasible  438         9.00000    8.00000  11.1%   129 1348s
 342066 72202 infeasible  652         9.00000    8.00000  11.1%   129 1357s
 344784 71032 infeasible  452         9.00000    8.00000  11.1%   129 1367s
 346456 69695 infeasible  605         9.00000    8.00000  11.1%   129 1376s
 348681 68055 infeasible  524         9.00000    8.00000  11.1%   130 1386s
 351453 65953 infeasible  716         9.00000    8.00000  11.1%   130 1395s
 353971 63897 infeasible  396         9.00000    8.00000  11.1%   130 1405s
 356959 61982 infeasible  697         9.00000    8.00000  11.1%   131 1415s
 359490 60749 infeasible  488         9.00000    8.00000  11.1%   131 1426s
 361597 58985 infeasible  303         9.00000    8.00000  11.1%   132 1437s
 364863 58522 infeasible  424         9.00000    8.00000  11.1%   132 1448s
 365444 57298    8.00000  150   49    9.00000    8.00000  11.1%   132 1459s
 368188 55670    8.00000  166   63    9.00000    8.00000  11.1%   133 1470s
 371382 54831 infeasible  121         9.00000    8.00000  11.1%   133 1481s
 374224 53616 infeasible  594         9.00000    8.00000  11.1%   133 1491s
 377595 52498 infeasible  411         9.00000    8.00000  11.1%   134 1502s
 379137 50637 infeasible  435         9.00000    8.00000  11.1%   134 1513s
 381690 48653 infeasible  598         9.00000    8.00000  11.1%   134 1523s
 385264 47810 infeasible  556         9.00000    8.00000  11.1%   135 1534s
 387293 46207 infeasible  249         9.00000    8.00000  11.1%   135 1546s
 389624 44524 infeasible  649         9.00000    8.00000  11.1%   136 1558s
 392505 43227 infeasible  310         9.00000    8.00000  11.1%   136 1569s
 394708 41347 infeasible  226         9.00000    8.00000  11.1%   137 1582s
 397432 40263    8.00000  355   68    9.00000    8.00000  11.1%   137 1596s
 399943 39452 infeasible  267         9.00000    8.00000  11.1%   137 1609s
 402898 38147 infeasible  376         9.00000    8.00000  11.1%   138 1623s
 405911 36766 infeasible  791         9.00000    8.00000  11.1%   138 1635s
 409128 36137 infeasible  301         9.00000    8.00000  11.1%   138 1647s
 411523 35457 infeasible  340         9.00000    8.00000  11.1%   138 1659s
 414091 34268 infeasible  276         9.00000    8.00000  11.1%   139 1672s
 417538 33607 infeasible  385         9.00000    8.00000  11.1%   139 1684s
 419481 33143 infeasible   82         9.00000    8.00000  11.1%   139 1697s
 423097 32171    8.00000  229   70    9.00000    8.00000  11.1%   139 1708s
 425711 31753 infeasible  304         9.00000    8.00000  11.1%   140 1719s
 427775 30332 infeasible  271         9.00000    8.00000  11.1%   140 1729s
 431068 29590 infeasible  375         9.00000    8.00000  11.1%   140 1739s
 433959 28835    8.00000  243   68    9.00000    8.00000  11.1%   141 1750s
 436333 28632 infeasible  281         9.00000    8.00000  11.1%   141 1761s
 438288 27929    8.00000  334   64    9.00000    8.00000  11.1%   141 1773s
 441917 27176    8.00000  226   79    9.00000    8.00000  11.1%   141 1782s
 444638 26630 infeasible  751         9.00000    8.00000  11.1%   142 1793s
 447166 26521 infeasible  156         9.00000    8.00000  11.1%   142 1800s

Cutting planes:
  Flow cover: 19

Explored 448309 nodes (63692009 simplex iterations) in 1800.11 seconds (2950.75 work units)
Thread count was 8 (of 64 available processors)

Solution count 8: 9 10 11 ... 51

Time limit reached
Best objective 9.000000000000e+00, best bound 8.000000000000e+00, gap 11.1111%

User-callback calls 1240340, time in user-callback 2.24 sec
Set parameter TimeLimit to value 1.7994700729846954e+03
Gurobi Optimizer version 12.0.3 build v12.0.3rc0 (linux64 - "Ubuntu 24.04.4 LTS")

CPU model: Intel(R) Xeon(R) CPU E7-4850 v4 @ 2.10GHz, instruction set [SSE2|AVX|AVX2]
Thread count: 64 physical cores, 64 logical processors, using up to 8 threads

Non-default parameters:
TimeLimit  1.7994700729846954e+03
Threads  8

Optimize a model with 155 rows, 16931 columns and 360434 nonzeros
Model fingerprint: 0xf3afe0b3
Variable types: 0 continuous, 16931 integer (16931 binary)
Coefficient statistics:
  Matrix range     [1e+00, 1e+00]
  Objective range  [1e-11, 2e+02]
  Bounds range     [1e+00, 1e+00]
  RHS range        [1e+00, 9e+00]

Loaded user MIP start with objective 481.152
MIP start from previous solve did not produce a new incumbent solution

Presolve removed 0 rows and 155 columns
Presolve time: 0.58s
Presolved: 155 rows, 16776 columns, 357322 nonzeros
Variable types: 0 continuous, 16776 integer (16776 binary)

Root relaxation: objective 1.816048e+02, 1286 iterations, 0.78 seconds (1.25 work units)

    Nodes    |    Current Node    |     Objective Bounds      |     Work
 Expl Unexpl |  Obj  Depth IntInf | Incumbent    BestBd   Gap | It/Node Time

     0     0  181.60480    0  129  481.15200  181.60480  62.3%     -    1s
H    0     0                     467.7200000  181.60480  61.2%     -    3s
     0     0  181.74609    0  130  467.72000  181.74609  61.1%     -    4s
H    0     0                     439.4080000  181.74609  58.6%     -    6s
     0     0  184.20102    0  136  439.40800  184.20102  58.1%     -    9s
     0     0  184.26010    0  137  439.40800  184.26010  58.1%     -   10s
     0     0  186.07205    0  134  439.40800  186.07205  57.7%     -   11s
     0     0  186.77409    0  133  439.40800  186.77409  57.5%     -   11s
     0     0  187.18509    0  135  439.40800  187.18509  57.4%     -   12s
     0     0  187.25796    0  137  439.40800  187.25796  57.4%     -   12s
     0     0  187.26212    0  138  439.40800  187.26212  57.4%     -   12s
     0     0  187.77226    0  140  439.40800  187.77226  57.3%     -   13s
     0     0  187.83997    0  145  439.40800  187.83997  57.3%     -   14s
     0     0  187.97856    0  141  439.40800  187.97856  57.2%     -   14s
     0     0  187.99433    0  142  439.40800  187.99433  57.2%     -   14s
     0     0  188.03650    0  142  439.40800  188.03650  57.2%     -   14s
     0     0  188.05168    0  146  439.40800  188.05168  57.2%     -   14s
     0     0  188.15325    0  153  439.40800  188.15325  57.2%     -   15s
     0     0  188.17177    0  159  439.40800  188.17177  57.2%     -   16s
     0     0  188.31797    0  148  439.40800  188.31797  57.1%     -   16s
     0     0  188.36963    0  156  439.40800  188.36963  57.1%     -   17s
     0     0  188.40215    0  154  439.40800  188.40215  57.1%     -   17s
     0     0  188.41123    0  153  439.40800  188.41123  57.1%     -   17s
     0     0  188.41198    0  153  439.40800  188.41198  57.1%     -   18s
     0     2  188.54392    0  153  439.40800  188.54392  57.1%     -   24s
     1     4  188.54392    1  158  439.40800  188.54392  57.1%   106   25s
H   64    74                     426.4720000  188.63597  55.8%   120   29s
    81    90  188.84521   12  141  426.47200  188.63597  55.8%   102   31s
   153   162  188.99622   21  148  426.47200  188.63597  55.8%  71.8   35s
H  188   198                     422.5040000  188.63597  55.4%  64.5   37s
   282   304  189.24864   32  152  422.50400  188.63597  55.4%  53.8   41s
H  285   304                     385.3120000  188.63597  51.0%  54.0   41s
H  290   304                     379.6080000  188.63597  50.3%  53.9   41s
   895   962  190.05278   71  145  379.60800  188.63597  50.3%  41.6   45s
H 1332  1376                     371.6720000  188.63597  49.2%  37.5   47s
H 1345  1376                     356.0480000  188.63597  47.0%  37.6   47s
  1692  1777  190.71669  109  150  356.04800  188.63597  47.0%  35.7   50s
H 1891  1894                     350.8400000  188.63597  46.2%  35.9   51s
  2430  2563  191.48350  161  137  350.84000  188.63597  46.2%  35.9   55s
  2888  2883  192.05796  185  145  350.84000  188.63597  46.2%  35.0   66s
H 2913  2908                     345.3840000  188.63597  45.4%  35.5   68s
  3044  3202  193.21425  195  147  345.38400  188.63597  45.4%  35.5   70s
H 3228  3302                     344.3920000  188.63597  45.2%  35.1   71s
  4147  4325  194.50246  235  153  344.39200  188.63597  45.2%  33.4   76s
  4816  5096  195.11435  266  141  344.39200  188.63597  45.2%  32.5   80s
  5491  5482  196.07382  303  127  344.39200  188.63597  45.2%  31.6   86s
  5585  5825  196.12116  305  126  344.39200  188.63597  45.2%  31.4   90s
  6507  6838  196.13978  308  127  344.39200  188.63597  45.2%  29.5   95s
  7075  7205  197.17075  313  130  344.39200  188.63597  45.2%  29.4  101s
  7240  7206  245.22043  598  153  344.39200  188.63597  45.2%  29.4  105s
  7242  7207  246.14269  615  129  344.39200  188.63597  45.2%  29.4  113s
  7243  7208  209.58389  500  136  344.39200  188.63597  45.2%  29.4  120s
  7252  7214  235.48451  385  154  344.39200  188.63597  45.2%  29.3  125s
  7256  7217  208.60319  270  161  344.39200  188.63597  45.2%  29.3  130s
  7262  7221  208.38506  250  163  344.39200  188.71042  45.2%  29.3  136s
  7263  7221  211.65522  711  168  344.39200  188.74051  45.2%  29.3  141s
  7265  7223  284.86885  298  168  344.39200  188.75651  45.2%  29.3  146s
  7272  7236  188.80242   14  165  344.39200  188.79548  45.2%  30.0  150s
  7318  7268  189.08940   18  143  344.39200  188.81050  45.2%  31.4  155s
  7349  7286  189.40233   21  142  344.39200  188.81050  45.2%  32.9  160s
  7390  7314  189.52517   25  142  344.39200  188.81050  45.2%  34.8  165s
  7433  7339  190.18842   28  142  344.39200  188.81050  45.2%  36.8  170s
H 7464  6993                     325.4240000  188.81050  42.0%  37.9  172s
  7493  7011  190.36693   31  145  325.42400  188.81050  42.0%  39.1  175s
H 7517  6670                     324.1840000  188.81050  41.8%  40.2  176s
H 7518  6343                     323.6880000  188.81050  41.7%  40.2  176s
  7567  6385  190.54255   34  141  323.68800  188.81050  41.7%  41.8  180s
  7615  6402  207.06467   36   95  323.68800  188.81050  41.7%  43.4  186s
  7653  6423  196.12131   37  125  323.68800  188.81050  41.7%  44.4  190s
H 7661  6111                     319.9280000  188.81050  41.0%  44.7  190s
  7722  6152  199.80601   39   99  319.92800  188.81050  41.0%  46.6  196s
  7778  6190  190.67599   41  140  319.92800  188.81050  41.0%  48.6  201s
  7832  6220  190.71302   42  141  319.92800  188.81050  41.0%  50.4  205s
  7903  6255  190.80072   43  142  319.92800  188.81050  41.0%  52.5  210s
  7971  6298  199.36015   45  108  319.92800  188.81050  41.0%  54.6  289s
  8008  6300  190.90516   47  142  319.92800  188.81050  41.0%  55.6  351s
  8034  6304  194.62424   47  116  319.92800  188.81050  41.0%  56.1  355s
  8049  6328  190.95175   48  142  319.92800  188.81050  41.0%  56.6  361s
  8146  6364  191.00218   49  142  319.92800  188.81050  41.0%  58.7  368s
  8202  6381  194.66735   50  119  319.92800  188.81050  41.0%  60.0  372s
  8262  6399  211.75722   52  102  319.92800  188.81050  41.0%  61.5  377s
  8324  6415  200.97530   54  105  319.92800  188.81050  41.0%  62.7  384s
  8388  6443  195.04352   56  115  319.92800  188.81050  41.0%  64.2  388s
  8466  6467  191.37212   59  142  319.92800  188.81050  41.0%  65.8  392s
  8548  6501  191.50062   62  139  319.92800  188.81050  41.0%  67.5  396s
  8740  6563  191.63987   68  137  319.92800  188.81050  41.0%  71.3  403s
  8843  6594  191.69100   71  143  319.92800  188.81050  41.0%  73.1  407s
  8950  6627  191.73565   74  142  319.92800  188.81050  41.0%  75.1  411s
  9065  6663  191.79658   77  140  319.92800  188.81050  41.0%  77.0  415s
  9183  6695  191.81836   80  140  319.92800  188.81050  41.0%  78.8  420s
  9440  6770  192.30071   88  138  319.92800  188.81050  41.0%  82.4  429s
  9581  6821  192.37962   92  140  319.92800  188.81050  41.0%  84.2  433s
  9722  6888  192.48444   96  139  319.92800  188.89044  41.0%  86.1  438s
  9842  6992  192.60446  100  141  319.92800  188.89044  41.0%  88.0  443s
  9988  7096  210.09174  104   99  319.92800  188.89044  41.0%  90.1  449s
 10141  7217  192.86799  109  136  319.92800  188.89044  41.0%  91.8  454s
 10318  7347  192.97581  114  138  319.92800  188.89044  41.0%  93.9  460s
 10513  7476  193.06897  120  138  319.92800  188.89044  41.0%  95.9  466s
 10714  7599  207.26592  125  112  319.92800  188.89044  41.0%  97.8  472s
 10908  7753  198.84205  130  111  319.92800  188.89044  41.0%  99.4  479s
 11131  7778  193.38664  136  136  319.92800  188.89044  41.0%   101  487s
 11238  7975  193.49409  141  131  319.92800  188.89044  41.0%   103  494s
 11486  8137  193.58997  148  136  319.92800  188.89044  41.0%   105  501s
 11740  8294  193.71661  154  133  319.92800  188.89044  41.0%   107  508s
 12011  8470  193.83515  161  138  319.92800  188.89044  41.0%   109  516s
 12293  8405  193.95681  169  136  319.92800  188.89044  41.0%   110  528s
 12326  8512  193.96582  170  133  319.92800  188.89044  41.0%   111  538s
 12458  8614  194.04333  178  137  319.92800  188.89044  41.0%   113  546s
 12615  8844  194.12801  184  135  319.92800  188.89044  41.0%   115  556s
 12921  9046  194.40758  192  136  319.92800  188.89044  41.0%   117  565s
 13273  9138  194.52986  201  137  319.92800  188.89044  41.0%   119  574s
 13507  9373  203.65361  208   94  319.92800  188.89044  41.0%   121  585s
 13858  9517  194.81778  218  138  319.92800  188.89044  41.0%   123  598s
 14176  9664  194.89983  227  133  319.92800  188.89044  41.0%   125  609s
 14497  9962  202.73500  234  106  319.92800  188.89044  41.0%   126  622s
 15003  9956  195.36761  247  139  319.92800  188.89044  41.0%   129  630s
 15241 10142  195.52400  253  139  319.92800  188.89044  41.0%   130  640s
 15593 10263  195.63698  261  136  319.92800  188.89044  41.0%   131  650s
 15915 10398  195.72988  270  134  319.92800  188.89044  41.0%   132  661s
 16307 10585  195.91439  278  139  319.92800  188.89044  41.0%   133  672s
 16846 10740  196.10032  287  130  319.92800  188.89044  41.0%   134  684s
 17431 10889  196.19792  296  133  319.92800  188.89044  41.0%   133  695s
 17831 10837  196.29201  305  134  319.92800  189.77189  40.7%   133  707s
 17914 11367  214.40518  305  112  319.92800  189.77189  40.7%   133  720s
 18483 11795  196.30989  306  130  319.92800  189.77189  40.7%   132  734s
 19114 12125  196.47863  310  134  319.92800  189.77189  40.7%   131  747s
 19667 12659  196.75273  319  135  319.92800  189.77189  40.7%   130  758s
 20395 13249  196.84713  329  134  319.92800  189.77189  40.7%   129  768s
 21242 13117  197.05409  341  134  319.92800  189.77189  40.7%   127  781s
 21419 13196  205.11980  348  110  319.92800  189.77189  40.7%   128  792s
 21564 13869  197.25631  353  132  319.92800  189.77189  40.7%   129  806s
 22308 14525  197.39900  364  136  319.92800  189.77189  40.7%   127  817s
 23270 14790  197.49881  376  127  319.92800  189.77189  40.7%   126  830s
 23893 14832  197.64033  389  127  319.92800  189.77189  40.7%   126  913s
 24160 15430  197.83476  402  131  319.92800  189.77189  40.7%   127  931s
 24861 16117  198.00207  413  131  319.92800  189.77189  40.7%   127  950s
 25803 17253  212.50364  413   98  319.92800  189.77189  40.7%   125  967s
 26988 18488  198.23429  428  127  319.92800  189.77189  40.7%   123  984s
 28256 20182  198.46802  444  130  319.92800  189.77189  40.7%   121 1006s
 29988 20183  239.64206 1487  153  319.92800  189.77189  40.7%   118 1102s
 29990 20184  249.36350  696  129  319.92800  189.77189  40.7%   118 1111s
 29991 20185  277.83957 2731  133  319.92800  189.77189  40.7%   118 1119s
 29992 20186  220.97427  122  134  319.92800  189.77189  40.7%   118 1120s
 30004 20194  222.97321  354  153  319.92800  189.77189  40.7%   118 1130s
 30006 20195  251.76135  787  155  319.92800  189.77189  40.7%   118 1136s
 30007 20196  280.68901  361  155  319.92800  189.77189  40.7%   118 1142s
 30011 20198  250.69847  175  157  319.92800  189.77189  40.7%   118 1148s
 30012 20199  207.60443  380  157  319.92800  189.77189  40.7%   118 1154s
 30013 20200  203.20569   51  157  319.92800  189.77189  40.7%   118 1165s
 30020 20213  189.77189   25  161  319.92800  189.77189  40.7%   118 1171s
 30058 20236  189.77189   28  150  319.92800  189.77189  40.7%   118 1176s
 30093 20255  189.77189   30  153  319.92800  189.77189  40.7%   118 1181s
 30127 20280  189.77189   31  145  319.92800  189.77189  40.7%   119 1185s
 30199 20303  189.77189   35  151  319.92800  189.77189  40.7%   119 1191s
 30220 20313  189.77189   36  147  319.92800  189.77189  40.7%   119 1195s
 30265 20335  190.31007   38  149  319.92800  189.77189  40.7%   119 1200s
 30339 20358  190.50791   42  142  319.92800  189.77189  40.7%   119 1206s
H30376 19360                     289.9360000  189.77189  34.5%   120 1209s
 30377 19370  199.13216   43  108  289.93600  189.77189  34.5%   120 1211s
H30380 18409                     288.9440000  189.77189  34.3%   120 1211s
 30499 18463  190.76422   47  145  288.94400  189.77189  34.3%   120 1216s
 30576 18467  190.82983   49  142  288.94400  189.77189  34.3%   120 1220s
H30588 17561                     275.0560000  189.77189  31.0%   120 1223s
 30611 17582  190.87503   50  142  275.05600  189.77189  31.0%   120 1225s
 30714 17574  190.94433   52  143  275.05600  189.77189  31.0%   120 1232s
 30793 17601  190.95276   53  145  275.05600  189.77189  31.0%   121 1237s
 30903 17634  211.82980   55   90  275.05600  189.77189  31.0%   121 1241s
 31009 17686  191.15795   59  146  275.05600  189.77189  31.0%   121 1246s
 31116 17741  191.23307   62  145  275.05600  189.77189  31.0%   121 1251s
 31233 17795  191.34260   66  147  275.05600  189.77189  31.0%   122 1256s
 31363 17864  191.56078   70  147  275.05600  189.77189  31.0%   122 1262s
 31430 17897  191.58840   72  146  275.05600  189.77189  31.0%   122 1266s
 31576 17966  191.68886   76  144  275.05600  189.77189  31.0%   123 1272s
 31658 18001  200.89699   78  101  275.05600  189.77189  31.0%   123 1275s
 31835 18007  191.80242   83  145  275.05600  189.77189  31.0%   123 1286s
 31844 18022  207.85582   83   85  275.05600  189.77189  31.0%   123 1293s
 31863 18043  191.82097   84  146  275.05600  189.77189  31.0%   123 1306s
 31892 18056  207.09231   84   90  275.05600  189.77189  31.0%   123 1319s
 31938 18080  209.16997   85  108  275.05600  189.77189  31.0%   124 1323s
 32022 18110  191.88841   86  143  275.05600  189.77189  31.0%   124 1329s
 32132 18151  191.94475   88  143  275.05600  189.77189  31.0%   124 1333s
 32275 18183  192.03441   91  143  275.05600  189.77189  31.0%   124 1338s
 32400 18155  207.90270   94   84  275.05600  189.77189  31.0%   124 1345s
 32456 18181  203.22509   95   88  275.05600  189.77189  31.0%   124 1350s
 32708 18287  199.62579  101  108  275.05600  189.77189  31.0%   125 1360s
 32836 18348  192.44424  105  141  275.05600  189.77189  31.0%   125 1365s
 32972 18387  192.51663  109  143  275.05600  189.77189  31.0%   125 1371s
 33067 18451  192.58612  113  134  275.05600  189.77189  31.0%   125 1377s
 33187 18523  192.62695  117  139  275.05600  189.77189  31.0%   126 1384s
 33338 18598  192.66633  121  136  275.05600  189.77189  31.0%   126 1390s
 33529 18654  192.74909  126  137  275.05600  189.77189  31.0%   126 1397s
 33734 18706  192.81424  130  138  275.05600  189.77189  31.0%   126 1403s
 33953 18778  192.87528  134  139  275.05600  189.77189  31.0%   126 1411s
 34199 18836  192.94837  139  140  275.05600  189.77189  31.0%   126 1418s
 34448 18943  198.54502  143  111  275.05600  189.77189  31.0%   126 1426s
 34752 19062  193.10458  149  137  275.05600  189.77189  31.0%   126 1435s
 35092 19107  198.87057  154  104  275.05600  189.77189  31.0%   126 1445s
 35345 19288  193.54836  160  140  275.05600  189.77189  31.0%   126 1454s
 35613 19502  193.64218  165  143  275.05600  189.77189  31.0%   126 1463s
 35930 19693  193.90604  172  145  275.05600  189.77189  31.0%   126 1473s
 36238 19843  193.97603  178  140  275.05600  189.77189  31.0%   126 1484s
 36496 20148  194.04652  184  142  275.05600  189.77189  31.0%   126 1494s
 36905 20358  194.17760  192  138  275.05600  189.77189  31.0%   126 1507s
 37280 20571  194.32802  200  139  275.05600  189.77189  31.0%   126 1520s
 37654 20907  194.52845  209  138  275.05600  189.77189  31.0%   127 1533s
 38160 21115  194.62787  218  140  275.05600  189.77189  31.0%   127 1547s
 38569 21565  194.86176  228  137  275.05600  189.77189  31.0%   127 1562s
 39229 21957  195.01342  237  137  275.05600  189.77189  31.0%   126 1576s
 39954 22455  195.25466  247  136  275.05600  189.77189  31.0%   126 1590s
 40850 22539  195.58660  258  138  275.05600  189.77189  31.0%   125 1672s
 41321 23068  195.77118  268  137  275.05600  189.77189  31.0%   125 1692s
 42309 23554  196.10137  280  140  275.05600  189.77189  31.0%   124 1710s
 43354 23929  196.34585  292  133  275.05600  189.77189  31.0%   123 1726s
 44098 23887  196.47146  303  135  275.05600  189.77189  31.0%   122 1744s
 44304 24505  206.46624  307   98  275.05600  189.77189  31.0%   122 1761s
 44991 25451  196.78813  319  135  275.05600  189.77189  31.0%   122 1781s
 46166 25821  197.16361  338  135  275.05600  189.77189  31.0%   121 1793s
 46928 26033  197.35431  348  136  275.05600  189.77189  31.0%   120 1799s

Cutting planes:
  MIR: 14
  Flow cover: 28
  Zero half: 5

Explored 47394 nodes (5686073 simplex iterations) in 1799.54 seconds (2943.68 work units)
Thread count was 8 (of 64 available processors)

Solution count 10: 275.056 288.944 289.936 ... 350.84

Time limit reached
Best objective 2.750560000000e+02, best bound 1.897718917174e+02, gap 31.0061%

User-callback calls 639792, time in user-callback 3.05 sec
