
Gurobi 12.0.3 (linux64) logging started Sun Sep 13 18:28:19 2026

Set parameter LogFile to value "/share/scaglione/nc437/evsp-dr/cumulative_budget_20260913/cases/c4_k15/mip_base/135665_r0/gurobi.log"
Set parameter OutputFlag to value 1
Set parameter TimeLimit to value 3600
Set parameter MIPGap to value 0.0001
Set parameter Threads to value 8
Set parameter TimeLimit to value 1800
Gurobi Optimizer version 12.0.3 build v12.0.3rc0 (linux64 - "Ubuntu 24.04.4 LTS")

CPU model: Intel(R) Xeon(R) CPU E5-2690 v2 @ 3.00GHz, instruction set [SSE2|AVX]
Thread count: 20 physical cores, 20 logical processors, using up to 8 threads

Non-default parameters:
TimeLimit  1800
Threads  8

Optimize a model with 357 rows, 73499 columns and 2054471 nonzeros
Model fingerprint: 0x7603ff3f
Variable types: 0 continuous, 73499 integer (73499 binary)
Coefficient statistics:
  Matrix range     [1e+00, 1e+00]
  Objective range  [1e+00, 1e+00]
  Bounds range     [1e+00, 1e+00]
  RHS range        [1e+00, 1e+00]

Loaded user MIP start with objective 128

Presolve removed 0 rows and 338 columns
Presolve time: 4.68s
Presolved: 357 rows, 73161 columns, 2047640 nonzeros
Variable types: 0 continuous, 73161 integer (73161 binary)
Found heuristic solution: objective 122.0000000

Root simplex log...

Iteration    Objective       Primal Inf.    Dual Inf.      Time
       0    0.0000000e+00   3.570000e+02   0.000000e+00      5s

Starting sifting (using dual simplex for sub-problems)...

    Iter     Pivots    Primal Obj      Dual Obj        Time
       0          0     infinity      0.0000000e+00      5s
       1        691   1.7597910e+01   4.6134418e+00      5s
       2       3014   1.7065333e+01   9.7665516e+00      5s
       3       4972   1.6195978e+01   1.1713632e+01      6s
       4       7081   1.5599260e+01   1.2810505e+01      6s
       5       9456   1.5358455e+01   1.3636461e+01      6s
       6      12218   1.5153629e+01   1.4012121e+01      7s
       7      13861   1.5000000e+01   1.4055254e+01      7s
       8      15480   1.5000000e+01   1.5000000e+01      7s

Sifting complete

   15480    1.5000000e+01   0.000000e+00   0.000000e+00      7s

Root relaxation: objective 1.500000e+01, 15480 iterations, 2.32 seconds (3.45 work units)
Total elapsed time = 20.49s (DegenMoves)

    Nodes    |    Current Node    |     Objective Bounds      |     Work
 Expl Unexpl |  Obj  Depth IntInf | Incumbent    BestBd   Gap | It/Node Time

     0     0   15.00000    0  169  122.00000   15.00000  87.7%     -   24s
H    0     0                      40.0000000   15.00000  62.5%     -   25s
H    0     0                      32.0000000   15.00000  53.1%     -   25s
H    0     0                      31.0000000   15.00000  51.6%     -   25s
H    0     0                      29.0000000   15.00000  48.3%     -   25s
H    0     0                      28.0000000   15.00000  46.4%     -   25s
H    0     0                      27.0000000   15.00000  44.4%     -   25s
H    0     0                      26.0000000   15.00000  42.3%     -   25s
H    0     0                      25.0000000   15.00000  40.0%     -   25s
H    0     0                      24.0000000   15.00000  37.5%     -   25s
H    0     0                      23.0000000   15.00000  34.8%     -   25s
H    0     0                      22.0000000   15.00000  31.8%     -   26s
H    0     0                      20.0000000   15.00000  25.0%     -   29s
H    0     0                      19.0000000   15.00000  21.1%     -   35s
     0     0   15.00000    0  178   19.00000   15.00000  21.1%     -   48s
     0     0   15.00000    0  180   19.00000   15.00000  21.1%     -   90s
     0     0   15.00000    0  181   19.00000   15.00000  21.1%     -  114s
     0     0   15.00000    0  168   19.00000   15.00000  21.1%     -  117s
     0     0   15.00000    0  169   19.00000   15.00000  21.1%     -  137s
     0     0   15.00000    0  171   19.00000   15.00000  21.1%     -  140s
     0     0   15.00000    0  173   19.00000   15.00000  21.1%     -  154s
     0     0   15.00000    0  171   19.00000   15.00000  21.1%     -  157s
     0     0   15.00000    0  174   19.00000   15.00000  21.1%     -  180s
     0     0   15.00000    0  180   19.00000   15.00000  21.1%     -  221s
     0     0   15.00000    0  180   19.00000   15.00000  21.1%     -  240s
     0     2   15.00000    0  180   19.00000   15.00000  21.1%     -  285s
     3     8   15.00000    2  190   19.00000   15.00000  21.1% 10259  290s
    15    24   15.00000    4  206   19.00000   15.00000  21.1%  2758  299s
    23    64   15.00000    5  225   19.00000   15.00000  21.1%  2222  313s
    63    72   15.00000    9  222   19.00000   15.00000  21.1%  2405  344s
    71   187   15.00000   10  250   19.00000   15.00000  21.1%  2242  380s
   186   408   15.00000   36  223   19.00000   15.00000  21.1%  2253  444s
   407  1232   15.00000   81  279   19.00000   15.00000  21.1%  1927  588s
  1231  1818   15.00000  192  307   19.00000   15.00000  21.1%  2639  679s
  1817  2230   15.00000  266  309   19.00000   15.00000  21.1%  2831  755s
  2229  2719   15.00000  318  311   19.00000   15.00000  21.1%  2940  835s
  2718  2727   15.00000  374  309   19.00000   15.00000  21.1%  3052  898s
  2726  3016   15.00000  375  313   19.00000   15.00000  21.1%  3054  970s
  3015  3691   15.00000  397  255   19.00000   15.00000  21.1%  3125 1049s
  3690  3749   15.00000  461  241   19.00000   15.00000  21.1%  2812 1119s
  3748  4187   15.00000  462  233   19.00000   15.00000  21.1%  2773 1184s
  4186  4514   15.00000  474  206   19.00000   15.00000  21.1%  2508 1247s
  4513  4777   15.00000  500  221   19.00000   15.00000  21.1%  2358 1310s
  4776  5363   15.00000  524  218   19.00000   15.00000  21.1%  2259 1377s
  5362  5767   15.00000  550  208   19.00000   15.00000  21.1%  2039 1438s
  5766  6435   15.00000  573  220   19.00000   15.00000  21.1%  1915 1501s
  6434  6929   15.00000  596  208   19.00000   15.00000  21.1%  1737 1562s
  6928  7256   15.00000  609  193   19.00000   15.00000  21.1%  1626 1621s
  7256  7257   15.26023 1090  180   19.00000   15.00000  21.1%  1565 1640s
  7258  7258   15.77144 1496  169   19.00000   15.00000  21.1%  1565 1702s
  7259  7259   15.00000  235  181   19.00000   15.00000  21.1%  1565 1783s

Cutting planes:
  MIR: 4
  Flow cover: 3

Explored 7259 nodes (11617524 simplex iterations) in 1800.32 seconds (3878.31 work units)
Thread count was 8 (of 20 available processors)

Solution count 10: 19 20 22 ... 29

Time limit reached
Best objective 1.900000000000e+01, best bound 1.500000000000e+01, gap 21.0526%

User-callback calls 231270, time in user-callback 1.72 sec
Set parameter TimeLimit to value 1.7974271259307861e+03
Gurobi Optimizer version 12.0.3 build v12.0.3rc0 (linux64 - "Ubuntu 24.04.4 LTS")

CPU model: Intel(R) Xeon(R) CPU E5-2690 v2 @ 3.00GHz, instruction set [SSE2|AVX]
Thread count: 20 physical cores, 20 logical processors, using up to 8 threads

Non-default parameters:
TimeLimit  1.7974271259307861e+03
Threads  8

Optimize a model with 358 rows, 73499 columns and 2127970 nonzeros
Model fingerprint: 0xf9200ff2
Variable types: 0 continuous, 73499 integer (73499 binary)
Coefficient statistics:
  Matrix range     [1e+00, 1e+00]
  Objective range  [1e+01, 2e+02]
  Bounds range     [1e+00, 1e+00]
  RHS range        [1e+00, 2e+01]

Loaded user MIP start with objective 905.152
MIP start from previous solve did not produce a new incumbent solution

Presolve removed 0 rows and 30 columns (presolve time = 5s)...
Presolve removed 0 rows and 30 columns
Presolve time: 5.13s
Presolved: 358 rows, 73469 columns, 2127267 nonzeros
Variable types: 0 continuous, 73469 integer (73469 binary)

Root simplex log...

Iteration    Objective       Primal Inf.    Dual Inf.      Time
       0    0.0000000e+00   3.570000e+02   0.000000e+00      5s

Starting sifting (using dual simplex for sub-problems)...

    Iter     Pivots    Primal Obj      Dual Obj        Time
       0          0     infinity      0.0000000e+00      6s
       1       1933   1.2470729e+03   3.9457977e+01      6s
       2       3784   8.3748139e+02   2.3845958e+02      6s
       3       5832   6.3416167e+02   3.6851388e+02      6s
       4       7851   5.8670430e+02   5.1407671e+02      7s
       5       9733   5.7910571e+02   5.5861575e+02      8s
       6      11180   5.7854839e+02   5.7718732e+02      8s

Sifting complete

   11795    5.7854839e+02   0.000000e+00   0.000000e+00      8s

Root relaxation: objective 5.785484e+02, 11795 iterations, 3.10 seconds (4.72 work units)

    Nodes    |    Current Node    |     Objective Bounds      |     Work
 Expl Unexpl |  Obj  Depth IntInf | Incumbent    BestBd   Gap | It/Node Time

     0     0  578.54839    0  307  905.15200  578.54839  36.1%     -    8s
H    0     0                     897.9600000  578.54839  35.6%     -   13s
     0     0  579.09345    0  318  897.96000  579.09345  35.5%     -   27s
     0     0  579.37940    0  318  897.96000  579.37940  35.5%     -   57s
     0     0  579.52439    0  323  897.96000  579.52439  35.5%     -   63s
     0     0  579.61101    0  327  897.96000  579.61101  35.5%     -   69s
     0     0  579.73164    0  326  897.96000  579.73164  35.4%     -   70s
     0     0  579.79880    0  332  897.96000  579.79880  35.4%     -   76s
     0     0  579.82754    0  332  897.96000  579.82754  35.4%     -   83s
     0     0  579.84887    0  337  897.96000  579.84887  35.4%     -   84s
     0     0  579.88796    0  338  897.96000  579.88796  35.4%     -   86s
     0     0  579.88843    0  338  897.96000  579.88843  35.4%     -   95s
     0     2  579.88862    0  338  897.96000  579.88862  35.4%     -  159s
     1     4  579.88862    1  338  897.96000  579.88862  35.4%  38.0  165s
     3     8  579.92756    2  331  897.96000  579.89210  35.4%   496  173s
     7    16  579.99265    3  332  897.96000  579.93215  35.4%   741  182s
    15    24  580.27453    4  333  897.96000  579.99752  35.4%   844  187s
    23    53  580.27657    5  335  897.96000  579.99752  35.4%   670  193s
H   26    53                     897.4640000  579.99752  35.4%   602  193s
H   46    53                     879.5680000  579.99752  34.1%   437  193s
    52    61  580.40102    9  332  879.56800  579.99752  34.1%   415  200s
    60    69  580.44846   10  333  879.56800  579.99752  34.1%   384  250s
    76    85  580.44906   12  331  879.56800  579.99752  34.1%   332  257s
    84    93  580.44906   13  331  879.56800  579.99752  34.1%   315  261s
    92   101  580.44975   14  334  879.56800  579.99752  34.1%   305  294s
   100   109  580.45986   15  335  879.56800  579.99752  34.1%   295  305s
   108   117  580.48080   16  331  879.56800  579.99752  34.1%   284  313s
   116   125  580.57860   17  336  879.56800  579.99752  34.1%   274  332s
   124   133  580.60874   18  334  879.56800  579.99752  34.1%   266  336s
   132   141  580.61026   19  333  879.56800  579.99752  34.1%   257  340s
   140   149  580.67466   20  336  879.56800  579.99752  34.1%   250  352s
   148   157  580.67466   21  336  879.56800  579.99752  34.1%   243  359s
   156   165  580.84880   22  332  879.56800  579.99752  34.1%   240  363s
   164   173  580.90170   23  333  879.56800  579.99752  34.1%   233  367s
   172   181  580.90655   24  332  879.56800  579.99752  34.1%   231  371s
   180   190  580.92472   25  328  879.56800  579.99752  34.1%   227  376s
   189   205  581.21335   26  332  879.56800  579.99752  34.1%   224  380s
   204   228  581.33422   28  334  879.56800  579.99752  34.1%   222  385s
   227   236  581.63836   34  332  879.56800  579.99752  34.1%   211  393s
H  234   236                     878.8240000  579.99752  34.0%   209  394s
   235   278  581.64400   35  332  878.82400  579.99752  34.0%   209  399s
   277   299  582.00485   40  324  878.82400  579.99752  34.0%   200  407s
   298   343  582.05701   42  324  878.82400  579.99752  34.0%   199  419s
   342   377  582.15923   50  330  878.82400  579.99752  34.0%   189  425s
   376   429  582.25605   58  327  878.82400  579.99752  34.0%   181  431s
   428   437  582.48520   65  321  878.82400  579.99752  34.0%   173  441s
H  430   437                     872.1280000  579.99752  33.5%   172  441s
   436   497  582.48520   66  321  872.12800  579.99752  33.5%   171  446s
   496   555  582.72472   74  319  872.12800  579.99752  33.5%   164  452s
   554   607  582.79243   80  323  872.12800  579.99752  33.5%   159  457s
   606   657  582.94215   86  326  872.12800  579.99752  33.5%   157  462s
   656   712  583.03429   95  326  872.12800  579.99752  33.5%   157  468s
   711   773  583.09764  101  323  872.12800  579.99752  33.5%   155  473s
   772   833  583.28291  110  323  872.12800  579.99752  33.5%   153  479s
H  832   893                     866.4240000  579.99752  33.1%   151  487s
H  856   893                     857.0000000  579.99752  32.3%   151  487s
H  867   893                     855.4720000  579.99752  32.2%   150  487s
   892   964  583.48657  117  327  855.47200  579.99752  32.2%   149  493s
H  963  1008                     849.7680000  579.99752  31.7%   147  501s
H  970  1008                     813.0240000  579.99752  28.7%   147  501s
  1007  1089  583.76157  131  327  813.02400  579.99752  28.7%   146  509s
  1088  1175  583.96564  141  334  813.02400  579.99752  28.7%   144  516s
  1174  1257  584.17132  153  332  813.02400  579.99752  28.7%   142  525s
  1256  1336  584.71647  166  330  813.02400  579.99752  28.7%   140  532s
  1335  1395  584.90780  172  329  813.02400  579.99752  28.7%   140  542s
  1394  1457  585.00879  188  328  813.02400  579.99752  28.7%   137  551s
  1456  1541  585.21796  203  325  813.02400  579.99752  28.7%   135  560s
  1540  1623  585.54980  215  327  813.02400  579.99752  28.7%   134  568s
  1622  1741  585.81345  228  331  813.02400  579.99752  28.7%   134  576s
  1740  1859  586.04948  245  328  813.02400  579.99752  28.7%   132  585s
  1858  1965  586.39874  259  335  813.02400  579.99752  28.7%   131  594s
  1964  2115  586.81036  268  324  813.02400  579.99752  28.7%   130  604s
  2114  2252  587.02699  286  323  813.02400  579.99752  28.7%   128  613s
  2251  2394  587.22589  304  330  813.02400  579.99752  28.7%   126  623s
  2393  2574  587.47302  319  325  813.02400  579.99752  28.7%   125  634s
  2573  2736  587.73608  342  329  813.02400  579.99752  28.7%   122  646s
  2735  2892  587.93321  358  326  813.02400  579.99752  28.7%   120  658s
  2891  3064  588.64632  366  329  813.02400  579.99752  28.7%   120  669s
  3063  3174  588.90296  387  328  813.02400  579.99752  28.7%   118  680s
H 3173  3182                     810.2960000  579.99752  28.4%   118  707s
H 3177  3182                     805.2960000  579.99752  28.0%   118  707s
  3181  3350  589.27303  402  322  805.29600  579.99752  28.0%   118  719s
  3349  3573  589.67793  420  327  805.29600  579.99752  28.0%   118  732s
  3572  3790  589.99775  446  325  805.29600  579.99752  28.0%   116  746s
  3789  3996  590.23633  466  330  805.29600  579.99752  28.0%   114  766s
  3995  4192  590.51018  488  327  805.29600  579.99752  28.0%   114  780s
  4191  4422  590.76376  508  332  805.29600  579.99752  28.0%   114  797s
  4421  4658  591.01646  531  326  805.29600  579.99752  28.0%   113  813s
  4657  4690  591.28503  558  324  805.29600  579.99752  28.0%   112  828s
  4689  4706  591.41279  562  322  805.29600  579.99752  28.0%   112  843s
  4705  4775  591.42192  563  321  805.29600  579.99752  28.0%   113  858s
  4774  4942  591.43669  564  318  805.29600  579.99752  28.0%   113  875s
  4941  5142  591.55139  565  323  805.29600  579.99752  28.0%   112  894s
  5141  5221  591.59543  566  325  805.29600  579.99752  28.0%   111  925s
H 5144  5221                     799.0960000  579.99752  27.4%   111  925s
  5220  5510  591.76322  567  325  799.09600  579.99752  27.4%   110  945s
  5509  5823  592.34295  586  332  799.09600  579.99752  27.4%   110  965s
  5822  6176  592.80179  618  332  799.09600  579.99752  27.4%   109  986s
  6175  6557  593.12493  651  333  799.09600  579.99752  27.4%   108 1008s
  6556  6910  593.40559  699  332  799.09600  579.99752  27.4%   106 1032s
  6909  7375  593.92310  737  333  799.09600  579.99752  27.4%   105 1055s
  7375  7376  610.46989  537  338  799.09600  579.99752  27.4%   103 1099s
  7377  7377  616.45169  414  307  799.09600  579.99752  27.4%   103 1145s
  7378  7378  617.59280  244  316  799.09600  579.99752  27.4%   103 1204s
  7379  7379  614.70100  273  321  799.09600  579.99752  27.4%   103 1215s
  7381  7380  620.46311  494  329  799.09600  579.99752  27.4%   103 1229s
  7382  7381  607.64408  408  331  799.09600  579.99752  27.4%   103 1246s
  7383  7381  621.69985  581  331  799.09600  580.02572  27.4%   103 1250s
  7385  7383  630.99045  225  335  799.09600  580.03497  27.4%   103 1260s
  7386  7383  613.13997  771  335  799.09600  580.17036  27.4%   103 1285s
  7387  7384  612.96843  182  334  799.09600  580.17036  27.4%   103 1294s
  7388  7385  606.02985  187  334  799.09600  580.72689  27.3%   103 1464s
  7389  7388  580.72689   14  334  799.09600  580.72689  27.3%   105 1498s
  7391  7392  580.72689   15  336  799.09600  580.72689  27.3%   105 1511s
  7395  7398  580.72689   16  336  799.09600  580.72689  27.3%   106 1526s
  7403  7404  580.72689   17  340  799.09600  580.72689  27.3%   107 1531s
  7411  7422  580.72689   18  343  799.09600  580.72689  27.3%   107 1546s
  7432  7423  580.72689   20  343  799.09600  580.72689  27.3%   108 1559s
  7440  7428  589.59451   20  295  799.09600  580.72689  27.3%   108 1581s
  7448  7434  580.72689   21  335  799.09600  580.72689  27.3%   109 1589s
  7456  7439  585.06684   21  311  799.09600  580.72689  27.3%   110 1602s
  7464  7444  580.74882   22  335  799.09600  580.72689  27.3%   111 1616s
  7472  7450  591.77046   22  309  799.09600  580.72689  27.3%   111 1642s
  7480  7455  580.75085   23  337  799.09600  580.72689  27.3%   112 1657s
  7488  7465  590.39383   23  303  799.09600  580.72689  27.3%   112 1668s
H 7501  7106                     796.3280000  580.72689  27.1%   114 1678s
  7516  7120  591.45850   24  303  796.32800  580.72689  27.1%   114 1690s
H 7535  6777                     790.6240000  580.72689  26.5%   116 1706s
  7549  6790  581.04893   26  338  790.62400  580.72689  26.5%   117 1716s
  7567  6802  581.29142   27  328  790.62400  580.72689  26.5%   118 1727s
  7585  6814  581.35759   28  334  790.62400  580.72689  26.5%   120 1740s
  7603  6826  581.37789   29  334  790.62400  580.72689  26.5%   121 1753s
  7621  6838  581.72610   30  333  790.62400  580.72689  26.5%   123 1768s
  7639  6845  581.92016   31  329  790.62400  580.72689  26.5%   124 1779s
  7652  6856  588.67703   31  302  790.62400  580.72689  26.5%   125 1794s
  7667  6857  582.13881   32  332  790.62400  580.72689  26.5%   125 1797s

Cutting planes:
  MIR: 20
  Flow cover: 21

Explored 7673 nodes (976533 simplex iterations) in 1797.57 seconds (3772.64 work units)
Thread count was 8 (of 20 available processors)

Solution count 10: 790.624 796.328 799.096 ... 866.424

Time limit reached
Best objective 7.906240000000e+02, best bound 5.807268935479e+02, gap 26.5483%

User-callback calls 387008, time in user-callback 2.90 sec
