
Gurobi 12.0.3 (linux64) logging started Sun Sep 13 15:20:19 2026

Set parameter LogFile to value "/share/scaglione/nc437/evsp-dr/cumulative_budget_20260913/cases/c4_k10/mip_base/135660_r0/gurobi.log"
Set parameter OutputFlag to value 1
Set parameter TimeLimit to value 3600
Set parameter MIPGap to value 0.0001
Set parameter Threads to value 8
Set parameter TimeLimit to value 1800
Gurobi Optimizer version 12.0.3 build v12.0.3rc0 (linux64 - "Ubuntu 24.04.4 LTS")

CPU model: Intel(R) Xeon(R) CPU E5-2630 v3 @ 2.40GHz, instruction set [SSE2|AVX|AVX2]
Thread count: 16 physical cores, 32 logical processors, using up to 8 threads

Non-default parameters:
TimeLimit  1800
Threads  8

Optimize a model with 220 rows, 41906 columns and 1041744 nonzeros
Model fingerprint: 0x8120555b
Variable types: 0 continuous, 41906 integer (41906 binary)
Coefficient statistics:
  Matrix range     [1e+00, 1e+00]
  Objective range  [1e+00, 1e+00]
  Bounds range     [1e+00, 1e+00]
  RHS range        [1e+00, 1e+00]

Loaded user MIP start with objective 56

Presolve time: 1.55s
Presolved: 220 rows, 41906 columns, 1041744 nonzeros
Variable types: 0 continuous, 41906 integer (41906 binary)

Starting sifting (using dual simplex for sub-problems)...

    Iter     Pivots    Primal Obj      Dual Obj        Time
       0          0     infinity      0.0000000e+00      2s
       1        466   1.2309381e+01   4.6112771e+00      2s
       2       1636   1.1973493e+01   7.3825492e+00      2s
       3       2919   1.1394822e+01   8.3023409e+00      2s
       4       4190   1.0944265e+01   8.9362112e+00      2s
       5       5426   1.0430430e+01   9.1591105e+00      2s
       6       6975   1.0066191e+01   9.3618461e+00      2s
       7       7854   1.0000000e+01   1.0000000e+01      2s

Sifting complete


Root relaxation: objective 1.000000e+01, 7854 iterations, 0.91 seconds (0.96 work units)
Total elapsed time = 6.27s (DegenMoves)

    Nodes    |    Current Node    |     Objective Bounds      |     Work
 Expl Unexpl |  Obj  Depth IntInf | Incumbent    BestBd   Gap | It/Node Time

     0     0   10.00000    0  103   56.00000   10.00000  82.1%     -    6s
H    0     0                      25.0000000   10.00000  60.0%     -    7s
H    0     0                      20.0000000   10.00000  50.0%     -    7s
H    0     0                      19.0000000   10.00000  47.4%     -    7s
H    0     0                      17.0000000   10.00000  41.2%     -    7s
H    0     0                      15.0000000   10.00000  33.3%     -    7s
H    0     0                      14.0000000   10.00000  28.6%     -    7s
H    0     0                      13.0000000   10.00000  23.1%     -    7s
H    0     0                      12.0000000   10.00000  16.7%     -   13s
     0     0   10.00000    0  100   12.00000   10.00000  16.7%     -   17s
     0     0   10.00000    0  104   12.00000   10.00000  16.7%     -   32s
     0     0   10.00000    0  105   12.00000   10.00000  16.7%     -   38s
     0     0   10.00000    0  105   12.00000   10.00000  16.7%     -   39s
     0     0   10.00000    0  109   12.00000   10.00000  16.7%     -   45s
     0     0   10.00000    0  117   12.00000   10.00000  16.7%     -   57s
     0     0   10.00000    0  107   12.00000   10.00000  16.7%     -   58s
     0     0   10.00000    0  110   12.00000   10.00000  16.7%     -   66s
     0     0   10.00000    0  127   12.00000   10.00000  16.7%     -   67s
     0     0   10.00000    0  100   12.00000   10.00000  16.7%     -   80s
     0     0   10.00000    0  100   12.00000   10.00000  16.7%     -   85s
     0     2   10.00000    0   80   12.00000   10.00000  16.7%     -   98s
     1     4   10.00000    1   94   12.00000   10.00000  16.7% 34151  100s
     7    16   10.00000    3  114   12.00000   10.00000  16.7%  5645  105s
    23    60   10.00000    5  162   12.00000   10.00000  16.7%  2263  115s
    59    78   10.00000   10  125   12.00000   10.00000  16.7%  3342  126s
    77   111   10.00000   11  122   12.00000   10.00000  16.7%  2639  134s
   110   173   10.00000   12  117   12.00000   10.00000  16.7%  1911  151s
   172   206   10.00000   13  120   12.00000   10.00000  16.7%  1266  161s
   205   278   10.00000   14  109   12.00000   10.00000  16.7%  1079  172s
   277   387   10.00000   15  104   12.00000   10.00000  16.7%   831  185s
   386   531   10.00000   18  125   12.00000   10.00000  16.7%   628  196s
   530   812   10.00000   24  130   12.00000   10.00000  16.7%   496  206s
   811  1143   10.00000   31  117   12.00000   10.00000  16.7%   353  215s
  1142  1473   10.00000   37  113   12.00000   10.00000  16.7%   269  223s
  1472  1832   10.00000   42  122   12.00000   10.00000  16.7%   221  230s
  1831  2178   10.00000   47  125   12.00000   10.00000  16.7%   188  237s
  2183  2467   10.00000   51  114   12.00000   10.00000  16.7%   166  243s
  2472  2763   10.00000   55  120   12.00000   10.00000  16.7%   153  250s
  2768  3087   10.00000   59  116   12.00000   10.00000  16.7%   143  256s
  3092  3428   10.00000   63  122   12.00000   10.00000  16.7%   133  263s
  3433  3840   10.00000   67  116   12.00000   10.00000  16.7%   125  270s
  3845  4133   10.00000   71  115   12.00000   10.00000  16.7%   116  276s
  4144  4276   10.00000   74  112   12.00000   10.00000  16.7%   112  284s
  4287  4353   10.00000   78  126   12.00000   10.00000  16.7%   111  300s
  4364  4378   10.00000   82  111   12.00000   10.00000  16.7%   111  307s
  4389  4439   10.00000   86  111   12.00000   10.00000  16.7%   112  315s
  4450  4595   10.00000   91  113   12.00000   10.00000  16.7%   113  323s
  4606  4814   10.00000   96  115   12.00000   10.00000  16.7%   111  331s
  4825  5060   10.00000  101  117   12.00000   10.00000  16.7%   109  340s
  5071  5324   10.00000  106  119   12.00000   10.00000  16.7%   106  349s
  5335  5359   10.00000  111  119   12.00000   10.00000  16.7%   104  397s
  5370  5515   10.00000  116  125   12.00000   10.00000  16.7%   104  406s
  5526  5523   10.00000  117  122   12.00000   10.00000  16.7%   103  416s
  5534  5803   10.00000  118  113   12.00000   10.00000  16.7%   103  425s
  5814  6169   10.00000  119  121   12.00000   10.00000  16.7%   100  435s
  6180  6517   10.00000  120  114   12.00000   10.00000  16.7%  96.3  445s
  6528  6878   10.00000  121  113   12.00000   10.00000  16.7%  93.4  455s
  6889  7261   10.00000  126  107   12.00000   10.00000  16.7%  91.1  467s
  7273  7262   10.00000   69  100   12.00000   10.00000  16.7%  89.2  474s
  7275  7263   10.51096  183  103   12.00000   10.00000  16.7%  89.2  499s
  7276  7264   11.00000  997  101   12.00000   10.00000  16.7%  89.2  532s
  7277  7265   10.18169  392  102   12.00000   10.00000  16.7%  89.2  541s
  7278  7265   10.14081  256   93   12.00000   10.00000  16.7%  89.2  554s
  7279  7266   10.61256  326   99   12.00000   10.00000  16.7%  89.2  557s
  7280  7267   10.22024  538  101   12.00000   10.00000  16.7%  89.1  569s
  7281  7267   10.76309  634  103   12.00000   10.00000  16.7%  89.1  571s
  7282  7268   10.17152  383  113   12.00000   10.00000  16.7%  89.1  579s
  7283  7269   10.21296   24  114   12.00000   10.00000  16.7%  89.1  581s
  7284  7269   10.88570  888  112   12.00000   10.00000  16.7%  89.1  590s
  7286  7271   10.44118  864  110   12.00000   10.00000  16.7%  89.1  603s
  7287  7271   10.47145  972  110   12.00000   10.00000  16.7%  89.1  605s
  7288  7272   10.34942   55  103   12.00000   10.00000  16.7%  89.0  615s
  7290  7273   10.07938   74   87   12.00000   10.00000  16.7%  89.0  631s
  7292  7275   10.16276  335  109   12.00000   10.00000  16.7%  89.0  642s
  7293  7275   10.28567  430  107   12.00000   10.00000  16.7%  89.0  648s
  7294  7276   10.69356  505  107   12.00000   10.00000  16.7%  89.0  691s
  7295  7280   10.00000   14  128   12.00000   10.00000  16.7%   110  705s
  7301  7290   10.00000   16  128   12.00000   10.00000  16.7%   110  710s
  7317  7318   10.00000   18  129   12.00000   10.00000  16.7%   111  720s
  7343  7318   10.00000   20  102   12.00000   10.00000  16.7%   128  726s
  7351  7325   10.08510   20  123   12.00000   10.00000  16.7%   129  743s
  7361  7331   10.00000   21  109   12.00000   10.00000  16.7%   131  749s
  7370  7343   10.05294   21  139   12.00000   10.00000  16.7%   132  756s
  7385  7351   10.00000   22  113   12.00000   10.00000  16.7%   133  768s
  7398  7367   10.05905   22  128   12.00000   10.00000  16.7%   146  787s
  7419  7389   10.00000   23  113   12.00000   10.00000  16.7%   148  802s
  7448  7413   10.12049   23  134   12.00000   10.00000  16.7%   169  816s
  7481  7418   10.00000   25   97   12.00000   10.00000  16.7%   172  834s
  7497  7428   10.12425   25  140   12.00000   10.00000  16.7%   173  859s
  7513  7455   10.00000   26  104   12.00000   10.00000  16.7%   187  882s
  7545  7498   10.08085   26  140   12.00000   10.00000  16.7%   196  902s
H 7557  7129                      11.0000000   10.00000  9.09%   200  902s
  7600  6868   10.38566   92  100   11.00000   10.00000  9.09%   207  916s
  7602  6869   10.31434  588  108   11.00000   10.00000  9.09%   207  924s
  7603  6870   10.55549  278  112   11.00000   10.00000  9.09%   207  935s
  7604  6871   10.51935 1116  102   11.00000   10.00000  9.09%   207  942s
  7605  6871   10.00000   16  108   11.00000   10.00000  9.09%   207  945s
  7609  6874   10.21823  265  108   11.00000   10.00000  9.09%   206  953s
  7611  6875   11.00000  431  113   11.00000   10.00000  9.09%   206  957s
  7613  6877   10.66929  468  101   11.00000   10.00000  9.09%   206  960s
  7615  6878   10.00000   11   98   11.00000   10.00000  9.09%   206  965s
  7618  6880   10.23417  289  100   11.00000   10.00000  9.09%   206  970s
  7620  6884   10.00000   24  101   11.00000   10.00000  9.09%   133  978s
  7626  6890   10.00000   26  101   11.00000   10.00000  9.09%   133  980s
  7667  6909   10.00000   30  102   11.00000   10.00000  9.09%   136  988s
  7676  6914   10.00000   30  127   11.00000   10.00000  9.09%   136  992s
  7696  6903   10.00000   31  107   11.00000   10.00000  9.09%   136  997s
  7728  6903   10.00000   31  109   11.00000   10.00000  9.09%   137 1002s
  7765  6898   10.00000   32   84   11.00000   10.00000  9.09%   141 1008s
  7818  6901 infeasible   37        11.00000   10.00000  9.09%   142 1017s
  7983  6883   10.00000   50  105   11.00000   10.00000  9.09%   153 1023s
  8148  6863   10.00000   65  109   11.00000   10.00000  9.09%   155 1032s
  8251  6839   10.00000   76  112   11.00000   10.00000  9.09%   163 1051s
  8333  6891 infeasible   77        11.00000   10.00000  9.09%   170 1064s
  8612  6953   10.00000   42  106   11.00000   10.00000  9.09%   190 1079s
  8971  6906 infeasible   32        11.00000   10.00000  9.09%   209 1102s
  9238  6887   10.00000   49  141   11.00000   10.00000  9.09%   224 1139s
  9328  7028   10.00000   57  144   11.00000   10.00000  9.09%   227 1168s
  9621  6957   10.00000  120  127   11.00000   10.00000  9.09%   236 1198s
 10052  6917   10.00000   52  112   11.00000   10.00000  9.09%   266 1233s
 10273  7127   10.00000   37   99   11.00000   10.00000  9.09%   265 1266s
 11096  7083 infeasible   74        11.00000   10.00000  9.09%   269 1295s
 11506  7037   10.00000  140  129   11.00000   10.00000  9.09%   279 1333s
 11675  7241   10.00000  178  131   11.00000   10.00000  9.09%   286 1365s
 12359  7159   10.00000  255   97   11.00000   10.00000  9.09%   304 1396s
 12659  7224   10.00000  283   87   11.00000   10.00000  9.09%   302 1431s
 13038  7230   10.00000  334  101   11.00000   10.00000  9.09%   300 1462s
 13897  6933 infeasible   53        11.00000   10.00000  9.09%   295 1493s
 14062  6947   10.00000  262   91   11.00000   10.00000  9.09%   295 1523s
 14385  6871   10.00000  323  103   11.00000   10.00000  9.09%   294 1553s
 14433  7049   10.00000  324  110   11.00000   10.00000  9.09%   294 1599s
 15045  6846   10.00000  109   93   11.00000   10.00000  9.09%   290 1636s
 15190  7187   10.00000  130  106   11.00000   10.00000  9.09%   291 1674s
 15975  7154   10.00000  205   97   11.00000   10.00000  9.09%   286 1704s
 16784  6988   10.00000  286   98   11.00000   10.00000  9.09%   283 1729s
 17279  6863   10.00000  329  102   11.00000   10.00000  9.09%   281 1758s
 17589  6723   10.00000  358  104   11.00000   10.00000  9.09%   280 1785s
 18425  6335   10.00000   82   92   11.00000   10.00000  9.09%   279 1800s

Cutting planes:
  Flow cover: 7

Explored 18649 nodes (5955778 simplex iterations) in 1800.05 seconds (2458.57 work units)
Thread count was 8 (of 32 available processors)

Solution count 10: 11 12 13 ... 56

Time limit reached
Best objective 1.100000000000e+01, best bound 1.000000000000e+01, gap 9.0909%

User-callback calls 325662, time in user-callback 2.43 sec
Set parameter TimeLimit to value 1.7988199884891510e+03
Gurobi Optimizer version 12.0.3 build v12.0.3rc0 (linux64 - "Ubuntu 24.04.4 LTS")

CPU model: Intel(R) Xeon(R) CPU E5-2630 v3 @ 2.40GHz, instruction set [SSE2|AVX|AVX2]
Thread count: 16 physical cores, 32 logical processors, using up to 8 threads

Non-default parameters:
TimeLimit  1.7988199884891510e+03
Threads  8

Optimize a model with 221 rows, 41906 columns and 1083650 nonzeros
Model fingerprint: 0xb97f4038
Variable types: 0 continuous, 41906 integer (41906 binary)
Coefficient statistics:
  Matrix range     [1e+00, 1e+00]
  Objective range  [9e+00, 1e+02]
  Bounds range     [1e+00, 1e+00]
  RHS range        [1e+00, 1e+01]

Loaded user MIP start with objective 573.504
MIP start from previous solve did not produce a new incumbent solution

Presolve time: 1.74s
Presolved: 221 rows, 41906 columns, 1083650 nonzeros
Variable types: 0 continuous, 41906 integer (41906 binary)

Starting sifting (using dual simplex for sub-problems)...

    Iter     Pivots    Primal Obj      Dual Obj        Time
       0          0     infinity      0.0000000e+00      2s
       1        842   1.7358162e+06   3.1349298e+01      2s
       2       2087   4.3411525e+05   5.5520885e+01      2s
       3       2962   5.3175344e+02   1.6354558e+02      2s
       4       4049   4.3989970e+02   2.7468671e+02      2s
       5       5258   4.1224800e+02   3.4872188e+02      3s
       6       6259   4.0312239e+02   3.8394915e+02      3s
       7       7177   4.0033235e+02   3.9562876e+02      3s

Sifting complete


Root relaxation: objective 4.002325e+02, 7764 iterations, 1.26 seconds (1.50 work units)

    Nodes    |    Current Node    |     Objective Bounds      |     Work
 Expl Unexpl |  Obj  Depth IntInf | Incumbent    BestBd   Gap | It/Node Time

     0     0  400.23245    0  189  573.50400  400.23245  30.2%     -    3s
H    0     0                     571.5200000  400.23245  30.0%     -    3s
     0     0  400.56338    0  191  571.52000  400.56338  29.9%     -    6s
     0     0  400.64504    0  192  571.52000  400.64504  29.9%     -   11s
     0     0  400.76285    0  201  571.52000  400.76285  29.9%     -   13s
     0     0  402.06429    0  199  571.52000  402.06429  29.7%     -   24s
     0     0  402.13594    0  200  571.52000  402.13594  29.6%     -   25s
     0     0  402.32790    0  202  571.52000  402.32790  29.6%     -   25s
     0     0  402.37769    0  203  571.52000  402.37769  29.6%     -   26s
     0     0  402.41714    0  204  571.52000  402.41714  29.6%     -   26s
     0     0  402.41883    0  206  571.52000  402.41883  29.6%     -   26s
     0     0  402.71299    0  208  571.52000  402.71299  29.5%     -   28s
     0     0  402.73015    0  209  571.52000  402.73015  29.5%     -   30s
     0     0  402.76214    0  214  571.52000  402.76214  29.5%     -   31s
     0     0  402.78621    0  215  571.52000  402.78621  29.5%     -   33s
     0     0  402.78621    0  216  571.52000  402.78621  29.5%     -   33s
     0     0  402.80541    0  217  571.52000  402.80541  29.5%     -   34s
     0     0  402.80780    0  221  571.52000  402.80780  29.5%     -   36s
     0     0  402.81206    0  222  571.52000  402.81206  29.5%     -   37s
     0     0  402.81317    0  222  571.52000  402.81317  29.5%     -   40s
     0     2  402.81891    0  222  571.52000  402.81891  29.5%     -   89s
     1     4  402.81926    1  218  571.52000  402.81891  29.5%  43.0   93s
     3     8  402.84515    2  219  571.52000  402.82940  29.5%   461   97s
     7    16  402.85935    3  217  571.52000  402.85935  29.5%   629  102s
    23    54  402.92656    5  219  571.52000  402.86844  29.5%   545  109s
    53    69  403.23876   10  219  571.52000  402.86844  29.5%   317  117s
    89    98  403.27717   12  220  571.52000  402.86844  29.5%   235  122s
    97   106  403.34078   13  222  571.52000  402.86844  29.5%   226  129s
   105   114  403.35920   14  221  571.52000  402.86844  29.5%   216  132s
   113   122  403.36870   15  222  571.52000  402.86844  29.5%   207  135s
   129   138  403.38541   17  220  571.52000  402.86844  29.5%   196  140s
   153   162  403.42698   20  219  571.52000  402.86844  29.5%   180  146s
   177   186  403.58312   23  213  571.52000  402.86844  29.5%   169  151s
   193   202  403.61640   25  214  571.52000  402.86844  29.5%   162  156s
   209   218  403.67183   27  213  571.52000  402.86844  29.5%   156  168s
   217   226  403.68913   28  214  571.52000  402.86844  29.5%   154  177s
   233   242  403.76033   30  211  571.52000  402.86844  29.5%   150  182s
   241   250  403.76033   31  213  571.52000  402.86844  29.5%   147  186s
   257   266  403.78498   33  220  571.52000  402.86844  29.5%   143  192s
   265   274  403.78498   34  220  571.52000  402.86844  29.5%   141  195s
   291   310  403.97764   37  213  571.52000  402.86844  29.5%   136  202s
   309   338  404.08333   42  208  571.52000  402.86844  29.5%   132  205s
   337   346  404.15130   50  211  571.52000  402.86844  29.5%   127  212s
   345   354  404.16953   51  211  571.52000  402.86844  29.5%   126  225s
   366   383  404.19914   53  211  571.52000  402.86844  29.5%   123  237s
   382   400  404.22525   54  212  571.52000  402.86844  29.5%   121  241s
   399   417  404.23969   55  213  571.52000  402.86844  29.5%   120  245s
   416   433  404.23969   56  213  571.52000  402.86844  29.5%   117  250s
   457   487  404.28448   58  210  571.52000  402.86844  29.5%   115  260s
   486   525  404.30636   59  212  571.52000  402.86844  29.5%   113  265s
   524   572  404.32931   60  212  571.52000  402.86844  29.5%   112  271s
   571   633  404.35921   61  213  571.52000  402.86844  29.5%   110  276s
   632   708  404.42053   67  208  571.52000  402.86844  29.5%   106  282s
   707   785  404.60888   79  211  571.52000  402.86844  29.5%   104  287s
   784   870  404.71987   87  210  571.52000  402.86844  29.5%   101  292s
   869   974  405.07538   95  212  571.52000  402.86844  29.5%   100  298s
   973  1071  405.31645  111  212  571.52000  402.86844  29.5%  97.6  304s
  1070  1158  405.62645  120  216  571.52000  402.86844  29.5%  96.1  309s
  1157  1273  405.77323  128  217  571.52000  402.86844  29.5%  95.6  315s
  1272  1389  405.93411  138  219  571.52000  402.86844  29.5%  93.2  320s
  1388  1483  406.08142  153  222  571.52000  402.86844  29.5%  91.3  326s
  1482  1622  406.32899  163  223  571.52000  402.86844  29.5%  90.8  332s
  1621  1749  406.46862  177  219  571.52000  402.86844  29.5%  88.4  338s
  1748  1879  406.67920  190  218  571.52000  402.86844  29.5%  87.2  344s
  1878  2029  406.83255  208  215  571.52000  402.86844  29.5%  86.1  351s
  2028  2170  406.97983  226  214  571.52000  402.86844  29.5%  84.3  357s
  2169  2339  407.17153  243  219  571.52000  402.86844  29.5%  83.1  364s
  2338  2510  407.28966  265  215  571.52000  402.86844  29.5%  81.4  371s
  2509  2688  407.44104  284  218  571.52000  402.86844  29.5%  80.0  379s
  2687  2887  407.61737  302  218  571.52000  402.86844  29.5%  79.0  387s
  2886  3053  407.91294  327  217  571.52000  402.86844  29.5%  77.5  395s
  3052  3201  408.41052  341  218  571.52000  402.86844  29.5%  76.6  403s
  3200  3360  408.60501  363  215  571.52000  402.86844  29.5%  75.8  411s
  3359  3566  408.78955  390  217  571.52000  402.86844  29.5%  75.1  419s
  3565  3836  408.94731  419  217  571.52000  402.86844  29.5%  74.3  428s
  3835  4086  409.24971  444  216  571.52000  402.86844  29.5%  72.5  437s
  4085  4323  409.48565  481  213  571.52000  402.86844  29.5%  71.4  447s
  4322  4599  409.70231  509  211  571.52000  402.86844  29.5%  70.8  457s
  4598  4896  409.95878  542  208  571.52000  402.86844  29.5%  69.8  467s
  4895  5134  410.24141  569  208  571.52000  402.86844  29.5%  68.7  481s
  5133  5171  410.44992  599  210  571.52000  402.86844  29.5%  67.7  492s
  5170  5212  410.46279  600  209  571.52000  402.86844  29.5%  67.7  510s
  5211  5243  410.48854  601  212  571.52000  402.86844  29.5%  67.6  523s
  5242  5273  410.49615  602  213  571.52000  402.86844  29.5%  67.6  538s
  5272  5313  410.49655  603  213  571.52000  402.86844  29.5%  67.6  555s
  5312  5506  410.49745  604  213  571.52000  402.86844  29.5%  67.5  568s
  5505  5888  410.70624  611  211  571.52000  402.86844  29.5%  66.8  581s
  5887  6314  410.90777  656  212  571.52000  402.86844  29.5%  65.3  594s
  6313  6755  411.20782  717  209  571.52000  402.86844  29.5%  63.9  608s
  6754  7220  411.66478  757  214  571.52000  402.86844  29.5%  62.8  622s
  7220  7221  453.00075  640  222  571.52000  402.86844  29.5%  61.6  634s
  7222  7222  456.00782  855  189  571.52000  402.86844  29.5%  61.6  661s
  7223  7223  445.02485  307  196  571.52000  402.86844  29.5%  61.6  691s
  7224  7224  428.41913  727  200  571.52000  402.86844  29.5%  61.5  695s
  7228  7226  446.93600  477  201  571.52000  402.86844  29.5%  61.5  700s
  7235  7231  472.49432 1167  220  571.52000  402.88234  29.5%  61.5  709s
  7236  7232  471.66892 1109  221  571.52000  402.91722  29.5%  61.4  719s
  7238  7233  451.91341  259  223  571.52000  402.99444  29.5%  61.4  720s
  7240  7234  436.12771  252  225  571.52000  403.09359  29.5%  61.4  728s
  7241  7235  436.63410   61  220  571.52000  403.11161  29.5%  61.4  735s
  7243  7236  439.27159  432  225  571.52000  403.15436  29.5%  61.4  741s
  7244  7237  419.02330   69  224  571.52000  403.36363  29.4%  61.4  749s
  7245  7238  456.28796  438  222  571.52000  403.39751  29.4%  61.4  750s
  7247  7239  439.31664  170  229  571.52000  403.40673  29.4%  61.3  756s
  7248  7240  442.98367  344  229  571.52000  403.41000  29.4%  61.3  766s
  7251  7242  453.48359  666  225  571.52000  403.47004  29.4%  61.3  775s
  7252  7242  411.71907  768  225  571.52000  403.48016  29.4%  61.3  786s
  7253  7243  438.54249  366  224  571.52000  403.48016  29.4%  61.3  793s
  7254  7244  404.79229   93  225  571.52000  403.48016  29.4%  61.3  801s
  7255  7244  453.18572  655  226  571.52000  403.48016  29.4%  61.3  810s
  7256  7245  457.68143  302  227  571.52000  403.48016  29.4%  61.3  826s
  7261  7249  452.02007  265  189  571.52000  403.49177  29.4%  62.8  855s
  7262  7250  420.73079  160  197  571.52000  403.49590  29.4%  62.8  886s
  7263  7251  460.86941  696  195  571.52000  403.64303  29.4%  62.8  890s
  7268  7254  459.73205  433  204  571.52000  403.70140  29.4%  62.7  896s
  7272  7257  419.60175   94  216  571.52000  403.70140  29.4%  62.7  900s
  7275  7259  449.10623  177  227  571.52000  403.71399  29.4%  62.7  909s
  7276  7259  441.78788  669  226  571.52000  403.71399  29.4%  62.7  919s
  7277  7260  411.16687  711  223  571.52000  403.71399  29.4%  62.7  926s
  7278  7261  456.13731  861  224  571.52000  403.71399  29.4%  62.6  933s
  7280  7262  437.70464  122  222  571.52000  403.71399  29.4%  62.6  935s
  7281  7263  434.48299   85  223  571.52000  403.71399  29.4%  62.6  940s
  7282  7263  404.09356   42  228  571.52000  403.71399  29.4%  62.6  947s
  7284  7265  441.96795  285  228  571.52000  403.71399  29.4%  62.6  953s
  7285  7265  444.94382  302  228  571.52000  403.71399  29.4%  62.6  959s
  7286  7266  406.78067  203  230  571.52000  403.71399  29.4%  62.6  965s
  7287  7267  444.75501  296  229  571.52000  403.71399  29.4%  62.6  973s
  7288  7267  454.60368  199  229  571.52000  403.71558  29.4%  62.6  979s
  7289  7268  439.85372  485  228  571.52000  403.71558  29.4%  62.6  985s
  7290  7269  467.01140  819  228  571.52000  404.09649  29.3%  62.5 1028s
  7291  7272  404.09649   25  233  571.52000  404.09649  29.3%  64.1 1037s
  7293  7276  404.09649   26  230  571.52000  404.09649  29.3%  64.3 1044s
  7297  7282  404.09649   27  229  571.52000  404.09649  29.3%  64.8 1051s
  7313  7306  404.09649   29  229  571.52000  404.09649  29.3%  65.7 1066s
  7338  7305  404.15762   31  230  571.52000  404.09649  29.3%  67.8 1075s
  7347  7309  410.53901   31  181  571.52000  404.09649  29.3%  68.1 1090s
  7356  7313  404.19943   32  231  571.52000  404.09649  29.3%  69.1 1104s
  7365  7315  416.52880   32  162  571.52000  404.09649  29.3%  69.4 1111s
  7374  7319  404.20419   33  231  571.52000  404.09649  29.3%  70.4 1117s
  7383  7323  412.87776   33  184  571.52000  404.09649  29.3%  70.7 1124s
  7392  7327  404.22783   34  227  571.52000  404.09649  29.3%  71.5 1131s
  7401  7330  417.05888   34  198  571.52000  404.09649  29.3%  71.9 1141s
  7413  7336  404.25354   35  230  571.52000  404.09649  29.3%  73.4 1150s
  7427  7339  423.96966   35  160  571.52000  404.09649  29.3%  73.9 1157s
  7443  7342  404.50503   36  223  571.52000  404.09649  29.3%  75.1 1166s
  7451  7346  416.76329   36  173  571.52000  404.09649  29.3%  75.3 1180s
  7460  7351  404.56388   37  224  571.52000  404.09649  29.3%  76.1 1188s
  7474  7356  430.52884   37  163  571.52000  404.09649  29.3%  76.7 1195s
  7488  7362  404.62596   38  221  571.52000  404.09649  29.3%  77.5 1201s
  7504  7366  427.98034   38  149  571.52000  404.09649  29.3%  78.3 1209s
  7520  7372  404.64383   39  222  571.52000  404.09649  29.3%  79.4 1219s
  7537  7376  421.77253   39  169  571.52000  404.09649  29.3%  80.2 1226s
  7555  7382  404.67774   40  221  571.52000  404.09649  29.3%  81.2 1242s
  7575  7386  422.66970   40  177  571.52000  404.09649  29.3%  82.2 1249s
  7595  7394  404.69672   41  223  571.52000  404.09649  29.3%  83.3 1256s
  7618  7401  410.90406   41  203  571.52000  404.09649  29.3%  84.2 1264s
  7643  7409  404.70579   42  221  571.52000  404.09649  29.3%  85.4 1273s
  7671  7414  417.74421   42  182  571.52000  404.09649  29.3%  87.0 1281s
  7697  7417  404.75538   43  224  571.52000  404.09649  29.3%  88.2 1294s
  7721  7428  404.83153   44  228  571.52000  404.09649  29.3%  90.0 1303s
  7754  7434  404.83661   45  228  571.52000  404.09649  29.3%  91.3 1314s
  7785  7448  404.91342   46  224  571.52000  404.09649  29.3%  93.0 1324s
  7823  7456  404.92065   47  227  571.52000  404.09649  29.3%  94.6 1334s
  7859  7461  404.93993   48  223  571.52000  404.09649  29.3%  96.2 1346s
  7894  7459  404.95783   49  222  571.52000  404.09649  29.3%  97.3 1356s
  7921  7467  404.96014   50  223  571.52000  404.09649  29.3%  98.3 1367s
  7952  7467  415.17924   51  176  571.52000  404.09649  29.3%  98.9 1378s
  7983  7475  429.06482   52  172  571.52000  404.09649  29.3%   100 1405s
  8012  7493  405.01699   54  227  571.52000  404.09649  29.3%   101 1418s
  8042  7515  408.83768   55  191  571.52000  404.09649  29.3%   103 1432s
  8078  7541  405.08881   57  222  571.52000  404.09649  29.3%   105 1449s
  8120  7534  405.09478   59  222  571.52000  404.09649  29.3%   107 1464s
  8129  7540  426.66251   59  173  571.52000  404.09649  29.3%   107 1478s
  8140  7560  405.10395   60  223  571.52000  404.09649  29.3%   108 1493s
  8168  7575  425.51712   60  170  571.52000  404.09649  29.3%   109 1511s
  8196  7603  405.13045   61  227  571.52000  404.09649  29.3%   110 1531s
  8241  7635  405.15214   63  221  571.52000  404.09649  29.3%   112 1550s
  8290  7668  405.20166   65  219  571.52000  404.09649  29.3%   114 1703s
  8346  7657  405.25438   67  226  571.52000  404.09649  29.3%   116 1734s
  8355  7661  425.63724   67  170  571.52000  404.09649  29.3%   117 1767s
  8364  7667  405.26034   68  225  571.52000  404.09649  29.3%   117 1799s

Cutting planes:
  MIR: 13
  Flow cover: 36
  Zero half: 1

Explored 8375 nodes (993767 simplex iterations) in 1799.29 seconds (2361.15 work units)
Thread count was 8 (of 32 available processors)

Solution count 2: 571.52 573.504 

Time limit reached
Best objective 5.715200000000e+02, best bound 4.040964891413e+02, gap 29.2944%

User-callback calls 408627, time in user-callback 3.35 sec
