
Gurobi 12.0.3 (linux64) logging started Sun Sep 13 14:20:56 2026

Set parameter LogFile to value "/share/scaglione/nc437/evsp-dr/cumulative_budget_20260913/cases/c4_k15/mip_warm/135664_r0/gurobi.log"
Set parameter OutputFlag to value 1
Set parameter TimeLimit to value 3600
Set parameter MIPGap to value 0.0001
Set parameter Threads to value 8
Set parameter TimeLimit to value 1800
Gurobi Optimizer version 12.0.3 build v12.0.3rc0 (linux64 - "Ubuntu 24.04.4 LTS")

CPU model: Intel(R) Xeon(R) Gold 6230 CPU @ 2.10GHz, instruction set [SSE2|AVX|AVX2|AVX512]
Thread count: 40 physical cores, 80 logical processors, using up to 8 threads

Non-default parameters:
TimeLimit  1800
Threads  8

Optimize a model with 357 rows, 86143 columns and 2118145 nonzeros
Model fingerprint: 0x4cd31aad
Variable types: 0 continuous, 86143 integer (86143 binary)
Coefficient statistics:
  Matrix range     [1e+00, 1e+00]
  Objective range  [1e+00, 1e+00]
  Bounds range     [1e+00, 1e+00]
  RHS range        [1e+00, 1e+00]

Loaded user MIP start with objective 108

Presolve removed 0 rows and 2766 columns
Presolve time: 4.81s
Presolved: 357 rows, 83377 columns, 2068873 nonzeros
Found heuristic solution: objective 103.0000000
Variable types: 0 continuous, 83377 integer (83377 binary)
Found heuristic solution: objective 102.0000000

Root simplex log...

Iteration    Objective       Primal Inf.    Dual Inf.      Time
       0    0.0000000e+00   3.570000e+02   0.000000e+00      5s

Starting sifting (using dual simplex for sub-problems)...

    Iter     Pivots    Primal Obj      Dual Obj        Time
       0          0     infinity      0.0000000e+00      5s
       1        420   2.7900000e+02   6.0652174e+00      5s
       2       2142   1.5504363e+01   7.7751661e+00      5s
       3       3525   1.5000000e+01   8.9984028e+00      6s
       4       4901   1.5000000e+01   1.5000000e+01      6s

Sifting complete

    4901    1.5000000e+01   0.000000e+00   0.000000e+00      6s

Root relaxation: objective 1.500000e+01, 4901 iterations, 0.91 seconds (1.02 work units)
Total elapsed time = 10.53s (DegenMoves)

    Nodes    |    Current Node    |     Objective Bounds      |     Work
 Expl Unexpl |  Obj  Depth IntInf | Incumbent    BestBd   Gap | It/Node Time

     0     0   15.00000    0  103  102.00000   15.00000  85.3%     -   13s
H    0     0                      22.0000000   15.00000  31.8%     -   13s
H    0     0                      19.0000000   15.00000  21.1%     -   13s
H    0     0                      18.0000000   15.00000  16.7%     -   13s
H    0     0                      17.0000000   15.00000  11.8%     -   13s
H    0     0                      16.0000000   15.00000  6.25%     -   22s
     0     0   15.00000    0  117   16.00000   15.00000  6.25%     -   26s
     0     0   15.00000    0   83   16.00000   15.00000  6.25%     -   61s
     0     2   15.00000    0   83   16.00000   15.00000  6.25%     -   80s
     2     3   15.00000    1   83   16.00000   15.00000  6.25% 27780  103s
     4     4   15.00000    1  115   16.00000   15.00000  6.25% 13890  154s
H    4     3                      15.0000000   15.00000  0.00% 13890  174s

Cutting planes:
  Flow cover: 1

Explored 4 nodes (264196 simplex iterations) in 178.47 seconds (244.06 work units)
Thread count was 8 (of 80 available processors)

Solution count 9: 15 16 17 ... 108

Optimal solution found (tolerance 1.00e-04)
Best objective 1.500000000000e+01, best bound 1.500000000000e+01, gap 0.0000%

User-callback calls 19453, time in user-callback 0.09 sec
Set parameter TimeLimit to value 3.4190539848804474e+03
Gurobi Optimizer version 12.0.3 build v12.0.3rc0 (linux64 - "Ubuntu 24.04.4 LTS")

CPU model: Intel(R) Xeon(R) Gold 6230 CPU @ 2.10GHz, instruction set [SSE2|AVX|AVX2|AVX512]
Thread count: 40 physical cores, 80 logical processors, using up to 8 threads

Non-default parameters:
TimeLimit  3.4190539848804474e+03
Threads  8

Optimize a model with 358 rows, 86143 columns and 2204288 nonzeros
Model fingerprint: 0xb0fdba8d
Variable types: 0 continuous, 86143 integer (86143 binary)
Coefficient statistics:
  Matrix range     [1e+00, 1e+00]
  Objective range  [5e+00, 1e+02]
  Bounds range     [1e+00, 1e+00]
  RHS range        [1e+00, 2e+01]

Loaded user MIP start with objective 1014.02
MIP start from previous solve did not produce a new incumbent solution

Presolve removed 0 rows and 11 columns (presolve time = 5s)...
Presolve removed 0 rows and 11 columns
Presolve time: 5.45s
Presolved: 358 rows, 86132 columns, 2204091 nonzeros
Variable types: 0 continuous, 86132 integer (86132 binary)

Root simplex log...

Iteration    Objective       Primal Inf.    Dual Inf.      Time
       0    0.0000000e+00   3.570000e+02   0.000000e+00      6s

Starting sifting (using dual simplex for sub-problems)...

    Iter     Pivots    Primal Obj      Dual Obj        Time
       0          0     infinity      0.0000000e+00      6s
       1        551   1.2554535e+08   1.8242164e+02      6s
       2       2109   2.0058983e+07   2.6697473e+02      6s
       3       4891   3.0820160e+06   3.0803381e+02      6s
       4       7137   1.5193652e+06   3.3794206e+02      7s
       5      10276   5.1446515e+05   3.6133908e+02      8s
       6      13059   6.7661334e+02   4.2461806e+02      8s
       7      15723   6.5766935e+02   4.8543134e+02      9s
       8      18252   6.4673458e+02   5.7329297e+02     10s
       9      20797   6.4181395e+02   5.9650568e+02     11s
      10      24361   6.4003969e+02   6.0510878e+02     12s
      11      27155   6.4000845e+02   6.1277342e+02     13s
      12      29926   6.3802559e+02   6.1739340e+02     14s
      13      33033   6.3801452e+02   6.1991195e+02     15s
      14      35983   6.3800105e+02   6.2149455e+02     17s
      15      38747   6.3799364e+02   6.2518324e+02     18s
      16      42879   6.3797786e+02   6.2671601e+02     20s
      17      45668   6.3796938e+02   6.2797299e+02     21s
      18      48907   6.3795016e+02   6.2954256e+02     22s
      19      53069   6.3792898e+02   6.3026943e+02     24s
      20      56661   6.3792898e+02   6.3142193e+02     25s
      21      61435   6.3792898e+02   6.3183800e+02     28s

Sifting complete

   65860    6.3792898e+02   0.000000e+00   3.490500e+03     30s
   67550    6.3791870e+02   0.000000e+00   6.781720e+00     30s
   68628    6.3792898e+02   0.000000e+00   0.000000e+00     31s

Root relaxation: objective 6.379290e+02, 68628 iterations, 25.44 seconds (36.40 work units)

    Nodes    |    Current Node    |     Objective Bounds      |     Work
 Expl Unexpl |  Obj  Depth IntInf | Incumbent    BestBd   Gap | It/Node Time

     0     0  637.92898    0  213 1014.01600  637.92898  37.1%     -   31s
H    0     0                     999.8800000  637.92898  36.2%     -   44s
H    0     0                     949.5840000  637.92898  32.8%     -   44s
     0     0  638.08444    0  225  949.58400  638.08444  32.8%     -   58s
     0     0  638.16554    0  230  949.58400  638.16554  32.8%     -  114s
     0     0  638.18413    0  233  949.58400  638.18413  32.8%     -  120s
H    0     0                     922.2240000  638.18413  30.8%     -  129s
     0     0  638.18745    0  234  922.22400  638.18745  30.8%     -  130s
     0     0  638.20724    0  238  922.22400  638.20724  30.8%     -  134s
     0     0  638.20724    0  239  922.22400  638.20724  30.8%     -  134s
     0     0  638.21487    0  238  922.22400  638.21487  30.8%     -  138s
     0     0  638.21713    0  241  922.22400  638.21713  30.8%     -  149s
H    0     0                     919.0000000  638.21713  30.6%     -  158s
     0     0  638.22029    0  243  919.00000  638.22029  30.6%     -  159s
     0     0  638.22939    0  245  919.00000  638.22939  30.6%     -  161s
     0     0  638.24465    0  253  919.00000  638.24465  30.6%     -  164s
     0     0  638.33103    0  262  919.00000  638.33103  30.5%     -  169s
     0     0  638.33111    0  260  919.00000  638.33111  30.5%     -  171s
     0     0  638.63746    0  213  919.00000  638.63746  30.5%     -  214s
H    0     0                     916.7680000  638.63746  30.3%     -  225s
H    0     0                     916.4400000  638.63746  30.3%     -  225s
H    0     0                     911.9760000  638.63746  30.0%     -  225s
     0     0  638.63746    0  232  911.97600  638.63746  30.0%     -  235s
     0     0  638.63746    0  240  911.97600  638.63746  30.0%     -  275s
     0     0  638.63746    0  239  911.97600  638.63746  30.0%     -  278s
     0     0  638.63746    0  248  911.97600  638.63746  30.0%     -  280s
     0     0  638.63746    0  256  911.97600  638.63746  30.0%     -  283s
     0     0  638.63746    0  253  911.97600  638.63746  30.0%     -  284s
     0     0  638.63746    0  254  911.97600  638.63746  30.0%     -  285s
     0     0  638.63746    0  257  911.97600  638.63746  30.0%     -  288s
     0     0  638.63746    0  263  911.97600  638.63746  30.0%     -  289s
     0     0  638.63746    0  263  911.97600  638.63746  30.0%     -  292s
     0     0  638.63746    0  265  911.97600  638.63746  30.0%     -  293s
     0     0  638.63746    0  266  911.97600  638.63746  30.0%     -  293s
     0     0  638.63746    0  265  911.97600  638.63746  30.0%     -  295s
     0     0  638.63746    0  264  911.97600  638.63746  30.0%     -  296s
     0     0  638.63746    0  263  911.97600  638.63746  30.0%     -  297s
     0     2  638.63749    0  263  911.97600  638.63749  30.0%     -  346s
     1     3  638.63749    1  262  911.97600  638.63749  30.0%   527  352s
     2     6  638.63749    2  264  911.97600  638.63749  30.0%   382  360s
     5    12  638.63749    3  267  911.97600  638.63749  30.0%  1107  370s
    11    19  638.63749    4  264  911.97600  638.63749  30.0%  1653  380s
    18    52  638.63749    5  266  911.97600  638.63749  30.0%  1420  390s
    53    59  638.63749   10  264  911.97600  638.63749  30.0%   625  397s
H   55    59                     910.7360000  638.63749  29.9%   606  397s
H   56    59                     894.3280000  638.63749  28.6%   599  397s
    62    86  638.63749   11  263  894.32800  638.63749  28.6%   586  403s
H   89    96                     894.1600000  638.63749  28.6%   522  406s
H   95    96                     889.6160000  638.63749  28.2%   498  406s
H   97    96                     888.9120000  638.63749  28.2%   489  406s
   130   133  638.63749   20  265  888.91200  638.63749  28.2%   408  411s
   138   141  638.63749   21  267  888.91200  638.63749  28.2%   392  419s
   146   149  638.63749   22  267  888.91200  638.63749  28.2%   377  422s
   154   157  638.63749   23  267  888.91200  638.63749  28.2%   364  425s
   171   171  638.63749   25  265  888.91200  638.63749  28.2%   350  430s
   188   187  638.63749   27  266  888.91200  638.63749  28.2%   338  436s
   196   195  638.63749   28  266  888.91200  638.63749  28.2%   331  440s
   213   209  638.63749   30  263  888.91200  638.63749  28.2%   319  447s
   222   222  638.63749   31  266  888.91200  638.63749  28.2%   318  451s
   237   239  638.63749   32  267  888.91200  638.63749  28.2%   309  456s
H  251   239                     887.6720000  638.63749  28.1%   297  456s
   323   323  638.63749   39  263  887.67200  638.63749  28.1%   268  464s
H  329   323                     869.6960000  638.63749  26.6%   265  464s
H  332   323                     862.7920000  638.63749  26.0%   265  464s
   346   382  638.63749   43  261  862.79200  638.63749  26.0%   263  467s
   407   389  638.63749   48  260  862.79200  638.63749  26.0%   242  470s
H  408   389                     860.8160000  638.63749  25.8%   242  470s
   480   500  638.63749   53  263  860.81600  638.63749  25.8%   231  477s
   535   550  638.63749   57  261  860.81600  638.63749  25.8%   227  480s
   652   635  638.63749   69  268  860.81600  638.63749  25.8%   217  488s
H  653   635                     859.8240000  638.63749  25.7%   216  488s
H  658   635                     859.3280000  638.63749  25.7%   216  488s
   680   706  638.63749   71  267  859.32800  638.63749  25.7%   217  490s
   755   789  638.63749   78  266  859.32800  638.63749  25.7%   208  496s
   903   887  638.63749   90  267  859.32800  638.63749  25.7%   204  503s
   956   968  638.65012   94  266  859.32800  638.63749  25.7%   208  506s
  1039  1053  638.65625   97  267  859.32800  638.63749  25.7%   203  511s
  1216  1224  638.66904  107  265  859.32800  638.63749  25.7%   198  517s
  1319  1327  638.68206  112  268  859.32800  638.63749  25.7%   193  522s
H 1448  1334                     859.0800000  638.63749  25.7%   189  529s
H 1450  1334                     856.8480000  638.63749  25.5%   189  529s
H 1453  1334                     855.8560000  638.63749  25.4%   189  529s
  1457  1432  638.69238  119  266  855.85600  638.63749  25.4%   190  532s
  1557  1546  638.70472  127  273  855.85600  638.63749  25.4%   186  536s
  1673  1647  638.71393  132  269  855.85600  638.63749  25.4%   181  540s
  1887  1884  638.73506  146  266  855.85600  638.63749  25.4%   177  548s
  2023  2044  638.74516  157  266  855.85600  638.63749  25.4%   174  552s
  2187  2189  638.76791  168  276  855.85600  638.63749  25.4%   168  556s
  2336  2342  638.78906  175  276  855.85600  638.63749  25.4%   165  561s
  2499  2449  638.82099  184  273  855.85600  638.63749  25.4%   162  566s
  2628  2566  638.84463  194  280  855.85600  638.63749  25.4%   161  570s
  2747  2752  638.86632  204  275  855.85600  638.63749  25.4%   160  576s
  2935  2887  638.89221  219  276  855.85600  638.63749  25.4%   156  586s
  3086  2929  638.93898  231  275  855.85600  638.63749  25.4%   154  594s
  3133  2930  652.54820  113  260  855.85600  638.63749  25.4%   162  621s
  3135  2931  669.07536  166  212  855.85600  638.63749  25.4%   162  649s
  3136  2932  651.52947   74  237  855.85600  638.63749  25.4%   162  682s
  3137  2933  655.56637   21  244  855.85600  638.63749  25.4%   162  694s
  3138  2933  650.66292   60  259  855.85600  638.63749  25.4%   162  699s
  3139  2934  640.86223    5  262  855.85600  638.63749  25.4%   161  701s
  3142  2936  656.61409  277  265  855.85600  638.63749  25.4%   161  706s
  3143  2937  679.34713  354  266  855.85600  638.63749  25.4%   161  718s
  3144  2937  731.58750  112  266  855.85600  638.63749  25.4%   161  723s
  3145  2938  663.73317   90  265  855.85600  638.63749  25.4%   161  726s
  3147  2939  649.64734   32  273  855.85600  638.63749  25.4%   161  731s
  3149  2941  654.10740  119  271  855.85600  638.63749  25.4%   161  735s
  3151  2942  664.11304  101  271  855.85600  638.70204  25.4%   161  795s
  3154  2945  671.56612  221  214  855.85600  638.70204  25.4%   178  823s
  3155  2946  676.80091  313  237  855.85600  638.70204  25.4%   178  866s
  3156  2947  671.44843  216  247  855.85600  638.70204  25.4%   178  879s
  3157  2947  652.70713   95  253  855.85600  638.70204  25.4%   178  882s
  3159  2949  664.67944  111  264  855.85600  638.70204  25.4%   178  886s
  3162  2951  730.16802  343  264  855.85600  638.70204  25.4%   178  890s
  3165  2953  705.80849  516  269  855.85600  638.70204  25.4%   178  895s
  3168  2955  710.93103  224  273  855.85600  638.74478  25.4%   177  964s
  3169  2958  638.74478   25  269  855.85600  638.74478  25.4%   184  981s
  3171  2959  638.74478   26  272  855.85600  638.74478  25.4%   186  993s
  3174  2962  638.74478   27  274  855.85600  638.74478  25.4%   189 1005s
  3178  2964  638.74478   28  275  855.85600  638.74478  25.4%   190 1016s
  3186  2975  638.74478   29  273  855.85600  638.74478  25.4%   196 1027s
  3209  2975  638.74478   31  275  855.85600  638.74478  25.4%   206 1032s
  3217  2977  651.15205   31  239  855.85600  638.74478  25.4%   208 1039s
  3226  2982  638.74478   32  273  855.85600  638.74478  25.4%   212 1044s
  3242  2988  686.26130   32  205  855.85600  638.74478  25.4%   215 1053s
  3257  2992  638.74478   33  274  855.85600  638.74478  25.4%   218 1057s
  3272  2999  639.48171   33  258  855.85600  638.74478  25.4%   219 1063s
  3288  3003  639.48290   34  258  855.85600  638.74478  25.4%   223 1068s
  3303  3009  652.01894   34  223  855.85600  638.74478  25.4%   225 1075s
  3331  3027  655.59414   35  225  855.85600  638.74478  25.4%   233 1087s
  3348  3034  639.49075   36  258  855.85600  638.74478  25.4%   237 1092s
  3362  3045  657.58426   36  230  855.85600  638.74478  25.4%   241 1098s
  3380  3056  639.49280   37  254  855.85600  638.74478  25.4%   244 1103s
  3399  3065  653.53467   37  228  855.85600  638.74478  25.4%   247 1108s
  3416  3075  639.49430   38  256  855.85600  638.74478  25.4%   250 1116s
  3436  3076  639.49651   39  254  855.85600  638.74478  25.4%   253 1123s
  3446  3082  689.76379   39  209  855.85600  638.74478  25.4%   260 1129s
H 3456  2931                     850.4000000  638.74478  24.9%   262 1129s
  3461  2948  639.51509   40  257  850.40000  638.74478  24.9%   262 1134s
H 3490  2812                     850.1520000  638.74478  24.9%   267 1140s
  3505  2831  671.72053   41  220  850.15200  638.74478  24.9%   269 1146s
  3537  2841  639.52181   42  257  850.15200  638.74478  24.9%   273 1153s
H 3543  2705                     845.4400000  638.74478  24.4%   276 1153s
  3559  2722  639.52647   43  258  845.44000  638.74478  24.4%   277 1162s
  3590  2730  639.52840   44  257  845.44000  638.74478  24.4%   284 1169s
  3610  2747  639.52855   45  259  845.44000  638.74478  24.4%   286 1175s
  3640  2758  639.52935   46  257  845.44000  638.74478  24.4%   290 1181s
  3665  2786  639.53567   47  257  845.44000  638.74478  24.4%   292 1189s
  3709  2807  639.54014   48  258  845.44000  638.74478  24.4%   297 1196s
  3755  2838  639.54438   49  256  845.44000  638.74478  24.4%   304 1204s
  3811  2862  639.54451   50  258  845.44000  638.74478  24.4%   310 1212s
  3866  2884  639.54500   51  258  845.44000  638.74478  24.4%   317 1220s
  3920  2910  639.54541   52  257  845.44000  638.74478  24.4%   322 1227s
  3976  2907  639.54615   53  255  845.44000  638.74478  24.4%   328 1236s
  3994  2927  639.54630   54  255  845.44000  638.74478  24.4%   330 1244s
  4028  2960  658.75245   55  204  845.44000  638.74478  24.4%   335 1253s
  4078  2988  639.54660   56  255  845.44000  638.74478  24.4%   337 1263s
  4137  2975  639.54850   57  255  845.44000  638.74478  24.4%   341 1271s
  4147  2977  652.22693   57  235  845.44000  638.74478  24.4%   343 1279s
  4157  2996  639.55002   58  256  845.44000  638.74478  24.4%   346 1287s
  4181  3008  649.28519   58  231  845.44000  638.74478  24.4%   348 1296s
  4215  3030  639.55881   59  258  845.44000  638.74478  24.4%   350 1307s
  4264  3057  639.56177   60  255  845.44000  638.74478  24.4%   354 1319s
  4328  3095  639.56219   62  255  845.44000  638.74478  24.4%   358 1331s
  4403  3107  639.56281   64  257  845.44000  638.74478  24.4%   363 1343s
  4479  3148  639.56594   66  257  845.44000  638.74478  24.4%   372 1355s
  4571  3193  639.56670   68  256  845.44000  638.74478  24.4%   376 1368s
  4673  3237  639.56981   70  258  845.44000  638.74478  24.4%   382 1380s
  4773  3280  639.57891   72  257  845.44000  638.74478  24.4%   386 1391s
  4903  3244  639.57962   74  258  845.44000  638.74478  24.4%   390 1405s
  4911  3248  644.45155   74  235  845.44000  638.74478  24.4%   391 1423s
  4921  3254  639.58024   75  257  845.44000  638.74478  24.4%   392 1443s
  4933  3286  639.58458   77  254  845.44000  638.74478  24.4%   395 1465s
  4977  3331  639.58459   79  254  845.44000  638.74478  24.4%   397 1482s
  5042  3382  639.59467   81  258  845.44000  638.74478  24.4%   399 1499s
  5139  3459  639.60099   83  265  845.44000  638.74478  24.4%   401 1514s
  5257  3538  639.63484   85  265  845.44000  638.74478  24.4%   402 1528s
  5394  3579  639.64072   87  259  845.44000  638.74478  24.4%   403 1544s
  5515  3644  660.67717   89  218  845.44000  638.74478  24.4%   412 1559s
  5636  3717  639.64965   91  266  845.44000  638.74478  24.4%   415 1577s
  5774  3777  639.67114   94  268  845.44000  638.74478  24.4%   419 1592s
  5890  3831  639.68617   96  260  845.44000  638.74478  24.4%   422 1610s
  5993  3833  639.69469   99  261  845.44000  638.74478  24.4%   426 1629s
  6039  3902  639.69825  102  260  845.44000  638.74478  24.4%   432 1649s
  6135  4009  639.72061  106  260  845.44000  638.74478  24.4%   439 1669s
  6286  4094  639.72410  109  261  845.44000  638.74478  24.4%   441 1691s
  6451  4186  639.72911  112  261  845.44000  638.74478  24.4%   446 1712s
  6610  4285  639.73453  116  264  845.44000  638.74478  24.4%   450 1733s
  6779  4410  639.74935  120  261  845.44000  638.74478  24.4%   454 1756s
  6980  4604  639.75708  124  262  845.44000  638.74478  24.4%   455 1779s
  7261  4829  639.77097  128  265  845.44000  638.74478  24.4%   452 1804s
  7612  5051  654.87211  132  218  845.44000  638.74478  24.4%   448 1828s
  7990  5220  639.78404  136  264  845.44000  638.74478  24.4%   441 1853s
  8329  5450  639.78615  140  264  845.44000  638.74478  24.4%   438 1879s
  8718  5653  639.81227  144  260  845.44000  638.74478  24.4%   432 1908s
  9116  5905  639.89479  149  262  845.44000  638.74478  24.4%   427 1940s
  9625  5970  639.91690  154  259  845.44000  638.74478  24.4%   422 1969s
  9916  6118  639.98130  159  263  845.44000  638.74478  24.4%   423 1999s
 10233  6244  640.04950  164  266  845.44000  638.74478  24.4%   425 2030s
 10568  6494  640.07191  169  267  845.44000  638.74478  24.4%   426 2063s
 11042  6769  640.09473  174  269  845.44000  638.74478  24.4%   425 2098s
 11428  7396  672.26935  179  214  845.44000  638.74478  24.4%   423 2131s
 12081  8022  640.13053  185  263  845.44000  638.74478  24.4%   410 2166s
 12798  8749  640.15412  191  267  845.44000  638.74478  24.4%   403 2203s
 13643  8788  640.20939  198  267  845.44000  638.74478  24.4%   392 2254s
 13684  8885  698.47443  198  199  845.44000  638.74478  24.4%   392 2313s
 13785  9060  640.22122  201  269  845.44000  638.74478  24.4%   391 2359s
 14014  9274  640.23451  208  268  845.44000  638.74478  24.4%   391 2399s
 14315  9515  640.25017  215  265  845.44000  638.74478  24.4%   392 2442s
 14617  9622  640.27046  220  268  845.44000  638.74478  24.4%   391 2500s
 14781 10965  640.28830  226  264  845.44000  638.74478  24.4%   395 2638s
 16379 11893  640.50783  254  274  845.44000  638.74478  24.4%   398 2686s
 17404 11967  640.61108  263  267  845.44000  638.74478  24.4%   389 2726s
 17514 13143  662.65147  266  223  845.44000  638.74478  24.4%   391 2770s
 18794 14085  640.76520  274  262  845.44000  638.74478  24.4%   377 2808s
 19847 15066  640.81847  282  271  845.44000  638.74478  24.4%   368 2850s
 20977 16025  640.91081  288  274  845.44000  638.74478  24.4%   359 2890s
 22032 17087  640.94292  295  273  845.44000  638.74478  24.4%   351 2927s
 23235 18035  641.05404  302  275  845.44000  638.74478  24.4%   343 2964s
 24380 18762  641.27544  308  279  845.44000  638.74478  24.4%   337 2999s
 25455 19014  641.33895  314  283  845.44000  638.74478  24.4%   333 3035s
 25861 19414  641.39662  320  277  845.44000  638.74478  24.4%   335 3071s
 26467 20148  641.45466  326  282  845.44000  638.74478  24.4%   335 3106s
 27550 20928  641.49041  333  275  845.44000  638.74478  24.4%   330 3148s
 28420 21331  650.85448  339  228  845.44000  638.74478  24.4%   327 3181s
 28909 22004  689.48777  342  204  845.44000  638.74478  24.4%   327 3216s

Cutting planes:
  MIR: 20
  Flow cover: 40
  Zero half: 3
  Mod-K: 1

Explored 29651 nodes (9775205 simplex iterations) in 3419.11 seconds (7659.71 work units)
Thread count was 8 (of 80 available processors)

Solution count 10: 845.44 850.152 850.4 ... 862.792

Time limit reached
Best objective 8.454399999996e+02, best bound 6.387447773337e+02, gap 24.4482%

User-callback calls 534703, time in user-callback 3.46 sec
