
Gurobi 12.0.3 (linux64) logging started Sun Sep 13 14:31:29 2026

Set parameter LogFile to value "/share/scaglione/nc437/evsp-dr/cumulative_budget_20260913/cases/c4_k05/mip_base/135650_r0/gurobi.log"
Set parameter OutputFlag to value 1
Set parameter TimeLimit to value 3600
Set parameter MIPGap to value 0.0001
Set parameter Threads to value 8
Set parameter TimeLimit to value 1800
Gurobi Optimizer version 12.0.3 build v12.0.3rc0 (linux64 - "Ubuntu 24.04.4 LTS")

CPU model: Intel(R) Xeon(R) Gold 6230 CPU @ 2.10GHz, instruction set [SSE2|AVX|AVX2|AVX512]
Thread count: 40 physical cores, 40 logical processors, using up to 8 threads

Non-default parameters:
TimeLimit  1800
Threads  8

Optimize a model with 104 rows, 17550 columns and 355747 nonzeros
Model fingerprint: 0x907f1071
Variable types: 0 continuous, 17550 integer (17550 binary)
Coefficient statistics:
  Matrix range     [1e+00, 1e+00]
  Objective range  [1e+00, 1e+00]
  Bounds range     [1e+00, 1e+00]
  RHS range        [1e+00, 1e+00]

Loaded user MIP start with objective 13

Presolve removed 0 rows and 810 columns
Presolve time: 0.58s
Presolved: 104 rows, 16740 columns, 341893 nonzeros
Variable types: 0 continuous, 16740 integer (16740 binary)

Root relaxation: objective 5.000000e+00, 872 iterations, 0.30 seconds (0.53 work units)

    Nodes    |    Current Node    |     Objective Bounds      |     Work
 Expl Unexpl |  Obj  Depth IntInf | Incumbent    BestBd   Gap | It/Node Time

     0     0    5.00000    0   30   13.00000    5.00000  61.5%     -    1s
H    0     0                       9.0000000    5.00000  44.4%     -    1s
H    0     0                       8.0000000    5.00000  37.5%     -    1s
H    0     0                       7.0000000    5.00000  28.6%     -    1s
H    0     0                       6.0000000    5.00000  16.7%     -    1s
     0     0    5.00000    0   29    6.00000    5.00000  16.7%     -    2s
     0     0    5.00000    0   30    6.00000    5.00000  16.7%     -    3s
     0     0    5.00000    0   32    6.00000    5.00000  16.7%     -    3s
     0     0    5.00000    0   35    6.00000    5.00000  16.7%     -    4s
     0     0    5.00000    0    6    6.00000    5.00000  16.7%     -    5s
     0     0    5.00000    0    4    6.00000    5.00000  16.7%     -    5s
     0     0    5.00000    0   26    6.00000    5.00000  16.7%     -    6s
     0     0    5.00000    0   13    6.00000    5.00000  16.7%     -    6s
     0     0    5.00000    0   42    6.00000    5.00000  16.7%     -    7s
     0     0    5.00000    0   29    6.00000    5.00000  16.7%     -    7s
     0     0    5.00000    0   27    6.00000    5.00000  16.7%     -    8s
     0     0    5.00000    0   41    6.00000    5.00000  16.7%     -    9s
     0     0    5.00000    0    9    6.00000    5.00000  16.7%     -   10s
     0     0    5.00000    0   18    6.00000    5.00000  16.7%     -   10s
     0     0    5.00000    0    6    6.00000    5.00000  16.7%     -   11s
     0     0    5.00000    0   40    6.00000    5.00000  16.7%     -   13s
     0     0    5.00000    0   39    6.00000    5.00000  16.7%     -   14s
H    0     0                       5.0000000    5.00000  0.00%     -   14s
     0     0    5.00000    0   37    5.00000    5.00000  0.00%     -   14s

Cutting planes:
  MIR: 2
  Zero half: 5

Explored 1 nodes (86797 simplex iterations) in 14.87 seconds (15.95 work units)
Thread count was 8 (of 40 available processors)

Solution count 6: 5 6 7 ... 13

Optimal solution found (tolerance 1.00e-04)
Best objective 5.000000000000e+00, best bound 5.000000000000e+00, gap 0.0000%

User-callback calls 2566, time in user-callback 0.01 sec
Set parameter TimeLimit to value 3.5847583692073822e+03
Gurobi Optimizer version 12.0.3 build v12.0.3rc0 (linux64 - "Ubuntu 24.04.4 LTS")

CPU model: Intel(R) Xeon(R) Gold 6230 CPU @ 2.10GHz, instruction set [SSE2|AVX|AVX2|AVX512]
Thread count: 40 physical cores, 40 logical processors, using up to 8 threads

Non-default parameters:
TimeLimit  3.5847583692073822e+03
Threads  8

Optimize a model with 105 rows, 17550 columns and 373297 nonzeros
Model fingerprint: 0x3445054a
Variable types: 0 continuous, 17550 integer (17550 binary)
Coefficient statistics:
  Matrix range     [1e+00, 1e+00]
  Objective range  [5e+00, 1e+02]
  Bounds range     [1e+00, 1e+00]
  RHS range        [1e+00, 5e+00]

Loaded user MIP start with objective 255.752
MIP start from previous solve did not produce a new incumbent solution

Presolve removed 0 rows and 209 columns
Presolve time: 0.54s
Presolved: 105 rows, 17341 columns, 369378 nonzeros
Variable types: 0 continuous, 17341 integer (17341 binary)

Root relaxation: objective 2.215718e+02, 1521 iterations, 0.70 seconds (1.33 work units)

    Nodes    |    Current Node    |     Objective Bounds      |     Work
 Expl Unexpl |  Obj  Depth IntInf | Incumbent    BestBd   Gap | It/Node Time

     0     0  221.57185    0   42  255.75200  221.57185  13.4%     -    1s
H    0     0                     230.6240000  221.57185  3.93%     -    1s
     0     0  222.62906    0   58  230.62400  222.62906  3.47%     -    2s
     0     0  222.62906    0   51  230.62400  222.62906  3.47%     -    2s
     0     0  222.62906    0   51  230.62400  222.62906  3.47%     -    2s
     0     0  222.62906    0   50  230.62400  222.62906  3.47%     -    2s
     0     0  222.62906    0   50  230.62400  222.62906  3.47%     -    2s
     0     0  223.09387    0   38  230.62400  223.09387  3.27%     -    2s
     0     0  223.09387    0   45  230.62400  223.09387  3.27%     -    3s
     0     0  223.09387    0   41  230.62400  223.09387  3.27%     -    3s
     0     0  223.39158    0   58  230.62400  223.39158  3.14%     -    3s
     0     0  223.93319    0   56  230.62400  223.93319  2.90%     -    3s
     0     0  223.94400    0   56  230.62400  223.94400  2.90%     -    3s
     0     0  224.91550    0   61  230.62400  224.91550  2.48%     -    3s
     0     0  226.33765    0   64  230.62400  226.33765  1.86%     -    3s
     0     0  226.33765    0   64  230.62400  226.33765  1.86%     -    3s
     0     0  226.33765    0   64  230.62400  226.33765  1.86%     -    3s
     0     0  226.33765    0   65  230.62400  226.33765  1.86%     -    3s
     0     0  227.16486    0   69  230.62400  227.16486  1.50%     -    3s
     0     0  227.16486    0   65  230.62400  227.16486  1.50%     -    3s
     0     0  227.53911    0   68  230.62400  227.53911  1.34%     -    3s
     0     0  227.53911    0   68  230.62400  227.53911  1.34%     -    3s
     0     0  227.81360    0   66  230.62400  227.81360  1.22%     -    3s
     0     0  228.93146    0   70  230.62400  228.93146  0.73%     -    3s
     0     0  228.93146    0   35  230.62400  228.93146  0.73%     -    3s
     0     0  228.93146    0   52  230.62400  228.93146  0.73%     -    3s
     0     0  228.93146    0   56  230.62400  228.93146  0.73%     -    3s
     0     0  228.93146    0   55  230.62400  228.93146  0.73%     -    3s
     0     0  228.93146    0   53  230.62400  228.93146  0.73%     -    3s
     0     0  228.93146    0   52  230.62400  228.93146  0.73%     -    3s
     0     0  228.93146    0   51  230.62400  228.93146  0.73%     -    3s
     0     0  228.93146    0   51  230.62400  228.93146  0.73%     -    3s
     0     0  228.93146    0   47  230.62400  228.93146  0.73%     -    3s
     0     0  230.62400    0   47  230.62400  230.62400  0.00%     -    3s

Cutting planes:
  Gomory: 3
  MIR: 14
  Zero half: 5

Explored 1 nodes (5191 simplex iterations) in 3.63 seconds (4.13 work units)
Thread count was 8 (of 40 available processors)

Solution count 3: 230.624 255.752 255.752 

Optimal solution found (tolerance 1.00e-04)
Best objective 2.306240000000e+02, best bound 2.306240000000e+02, gap 0.0000%

User-callback calls 977, time in user-callback 0.00 sec
