
Gurobi 12.0.3 (linux64) logging started Sun Sep 13 15:08:18 2026

Set parameter LogFile to value "/share/scaglione/nc437/evsp-dr/cumulative_budget_20260913/cases/c4_k08/mip_base/135655_r0/gurobi.log"
Set parameter OutputFlag to value 1
Set parameter TimeLimit to value 3600
Set parameter MIPGap to value 0.0001
Set parameter Threads to value 8
Set parameter TimeLimit to value 1800
Gurobi Optimizer version 12.0.3 build v12.0.3rc0 (linux64 - "Ubuntu 24.04.4 LTS")

CPU model: Intel(R) Xeon(R) CPU E5-2620 v3 @ 2.40GHz, instruction set [SSE2|AVX|AVX2]
Thread count: 12 physical cores, 12 logical processors, using up to 8 threads

Non-default parameters:
TimeLimit  1800
Threads  8

Optimize a model with 188 rows, 39668 columns and 1057136 nonzeros
Model fingerprint: 0xabb8f622
Variable types: 0 continuous, 39668 integer (39668 binary)
Coefficient statistics:
  Matrix range     [1e+00, 1e+00]
  Objective range  [1e+00, 1e+00]
  Bounds range     [1e+00, 1e+00]
  RHS range        [1e+00, 1e+00]

Loaded user MIP start with objective 59

Presolve removed 0 rows and 452 columns
Presolve time: 3.14s
Presolved: 188 rows, 39216 columns, 1048230 nonzeros
Variable types: 0 continuous, 39216 integer (39216 binary)

Starting sifting (using dual simplex for sub-problems)...

    Iter     Pivots    Primal Obj      Dual Obj        Time
       0          0     infinity      0.0000000e+00      3s
       1        408   9.8471826e+00   3.5796695e+00      3s
       2        991   9.7097226e+00   5.5900920e+00      3s
       3       1982   9.1698669e+00   6.6485132e+00      3s
       4       2939   8.7893718e+00   7.0709169e+00      4s
       5       4072   8.5331884e+00   7.3274430e+00      4s
       6       4966   8.2540328e+00   7.5340295e+00      4s
       7       6194   8.0387292e+00   7.6160160e+00      4s
       8       6856   8.0000000e+00   8.0000000e+00      4s

Sifting complete


Root relaxation: objective 8.000000e+00, 6856 iterations, 0.73 seconds (0.70 work units)
Total elapsed time = 5.32s (DegenMoves)

    Nodes    |    Current Node    |     Objective Bounds      |     Work
 Expl Unexpl |  Obj  Depth IntInf | Incumbent    BestBd   Gap | It/Node Time

     0     0    8.00000    0   88   59.00000    8.00000  86.4%     -    7s
H    0     0                      21.0000000    8.00000  61.9%     -    7s
H    0     0                      14.0000000    8.00000  42.9%     -    7s
H    0     0                      13.0000000    8.00000  38.5%     -    7s
H    0     0                      11.0000000    8.00000  27.3%     -    7s
H    0     0                      10.0000000    8.00000  20.0%     -    7s
     0     0    8.00000    0   88   10.00000    8.00000  20.0%     -   15s
     0     0    8.00000    0   90   10.00000    8.00000  20.0%     -   27s
     0     0    8.00000    0   84   10.00000    8.00000  20.0%     -   32s
     0     0    8.00000    0   94   10.00000    8.00000  20.0%     -   33s
     0     0    8.00000    0   94   10.00000    8.00000  20.0%     -   37s
     0     2    8.00000    0   82   10.00000    8.00000  20.0%     -   48s
     3     8    8.00000    2   94   10.00000    8.00000  20.0%  9332   54s
     7    16    8.00000    3  102   10.00000    8.00000  20.0%  4616   56s
    15    24    8.00000    4  101   10.00000    8.00000  20.0%  2561   60s
    57    66    8.00000   10  107   10.00000    8.00000  20.0%  3321   68s
    65    74    8.00000   11  119   10.00000    8.00000  20.0%  2986   78s
    73    82    8.00000   12  126   10.00000    8.00000  20.0%  3079   85s
    81    90    8.00000   13  102   10.00000    8.00000  20.0%  3098   90s
    89   176    8.00000   14   96   10.00000    8.00000  20.0%  2852  105s
   175   279    8.00000   15   96   10.00000    8.00000  20.0%  1544  112s
   278   292    8.00000   16   92   10.00000    8.00000  20.0%   995  115s
   291   300    8.00000   17  103   10.00000    8.00000  20.0%   958  121s
   299   381    8.00000   18   97   10.00000    8.00000  20.0%   941  127s
   380   523    8.00000   19  109   10.00000    8.00000  20.0%   757  131s
   522   656    8.00000   20  112   10.00000    8.00000  20.0%   565  135s
   775   888    8.00000   22  102   10.00000    8.00000  20.0%   396  144s
   887   990    8.00000   24  102   10.00000    8.00000  20.0%   352  148s
   989  1108    8.00000   26  103   10.00000    8.00000  20.0%   322  151s
  1218  1363    8.00000   30  100   10.00000    8.00000  20.0%   270  156s
  1532  1670    8.00000   34   98   10.00000    8.00000  20.0%   221  161s
  1787  1934    8.00000   38   93   10.00000    8.00000  20.0%   196  165s
  2066  2227    8.00000   42  103   10.00000    8.00000  20.0%   175  170s
  2391  2495    8.00000   46   96   10.00000    8.00000  20.0%   156  175s
  2647  2777    8.00000   51   95   10.00000    8.00000  20.0%   146  182s
  2782  2969    8.00000   53  101   10.00000    8.00000  20.0%   141  185s
  3156  3330    8.00000   59   98   10.00000    8.00000  20.0%   129  192s
  3335  3540    8.00000   62   92   10.00000    8.00000  20.0%   124  195s
  3726  3928    8.00000   68  103   10.00000    8.00000  20.0%   116  203s
  3933  4176    8.00000   71   98   10.00000    8.00000  20.0%   112  207s
  4181  4399    8.00000   74   97   10.00000    8.00000  20.0%   107  211s
  4404  4639    8.00000   77  107   10.00000    8.00000  20.0%   104  215s
  4644  4934    8.00000   80  108   10.00000    8.00000  20.0%   101  220s
  4939  5294    8.00000   84  101   10.00000    8.00000  20.0%  97.2  226s
  5299  5531    8.00000   87  106   10.00000    8.00000  20.0%  92.7  231s
  5536  5699    8.00000   91   99   10.00000    8.00000  20.0%  90.5  235s
  5704  6052    8.00000   95  111   10.00000    8.00000  20.0%  89.1  241s
  6057  6430    8.00000   98  111   10.00000    8.00000  20.0%  85.9  247s
  6435  6847    8.00000  102  105   10.00000    8.00000  20.0%  82.9  253s
  6852  7252    8.00000  106  106   10.00000    8.00000  20.0%  80.0  260s
  7258  7253    8.46632  550   94   10.00000    8.00000  20.0%  77.5  267s
H 7259  6891                       9.0000000    8.00000  11.1%  77.5  283s
  7263  6895    8.29566  572   94    9.00000    8.00000  11.1%  80.3  287s
  7265  6896    8.24723  381   87    9.00000    8.00000  11.1%  80.3  294s
  7266  6897    8.28755  386   99    9.00000    8.00000  11.1%  80.3  301s
  7268  6898    8.10761   51   87    9.00000    8.00000  11.1%  80.3  308s
  7270  6900    8.46904  559   96    9.00000    8.00000  11.1%  80.3  311s
  7274  6902    8.46186  730   90    9.00000    8.00000  11.1%  80.2  317s
  7276  6904    8.00000   79   97    9.00000    8.00000  11.1%  80.2  320s
  7278  6905    8.64913  824   97    9.00000    8.00000  11.1%  80.2  325s
  7281  6908    8.00000   29  102    9.00000    8.00000  11.1%  18.1  330s
  7318  6921    8.00000   35   99    9.00000    8.00000  11.1%  21.5  335s
  7380  6929    8.00000   39   85    9.00000    8.00000  11.1%  26.0  340s
  7476  6928    8.00000   43   98    9.00000    8.00000  11.1%  32.5  347s
  7530  6986 infeasible   45         9.00000    8.00000  11.1%  38.7  352s
  7636  7004    8.00000   57   87    9.00000    8.00000  11.1%  41.1  360s
  7729  6999    8.00000   68   86    9.00000    8.00000  11.1%  43.7  376s
  8047  6840 infeasible  138         9.00000    8.00000  11.1%  63.0  389s
  8244  6860 infeasible   41         9.00000    8.00000  11.1%  68.2  398s
  8422  7038    8.00000   46  102    9.00000    8.00000  11.1%  71.1  410s
  8845  6892    8.00000  117   89    9.00000    8.00000  11.1%  77.0  429s
  9000  6734    8.00000  129   92    9.00000    8.00000  11.1%  80.3  448s
  9734  6503    8.00000   63  111    9.00000    8.00000  11.1%  92.4  471s
  9868  6584    8.00000   75   88    9.00000    8.00000  11.1%  95.1  487s
 10403  6366    8.00000  141  107    9.00000    8.00000  11.1%   106  503s
 10763  6350    8.00000  144  100    9.00000    8.00000  11.1%   121  520s
 11161  6188    8.00000  117   97    9.00000    8.00000  11.1%   125  549s
 11399  5997    8.00000  129  102    9.00000    8.00000  11.1%   128  566s
 11927  5917    8.00000  108   89    9.00000    8.00000  11.1%   134  583s
 12276  5662    8.00000  118   78    9.00000    8.00000  11.1%   137  612s
 12531  5611 infeasible   80         9.00000    8.00000  11.1%   140  628s
 13011  5274 infeasible   96         9.00000    8.00000  11.1%   144  648s
 13371  5188 infeasible  159         9.00000    8.00000  11.1%   149  668s
 13445  5340    8.00000   73   88    9.00000    8.00000  11.1%   149  681s
 13703  5532    8.00000  109   89    9.00000    8.00000  11.1%   150  699s
 14207  5150 infeasible  171         9.00000    8.00000  11.1%   153  721s
 14669  4797 infeasible  152         9.00000    8.00000  11.1%   158  749s
 14992  4587    8.00000   45   97    9.00000    8.00000  11.1%   162  763s
 15429  4393 infeasible  104         9.00000    8.00000  11.1%   165  776s
 15780  4199 infeasible  185         9.00000    8.00000  11.1%   167  789s
 16024  4078 infeasible   56         9.00000    8.00000  11.1%   169  803s
 16200  4014 infeasible   99         9.00000    8.00000  11.1%   171  817s
 16359  3939 infeasible  250         9.00000    8.00000  11.1%   174  831s
 16535  3829 infeasible  328         9.00000    8.00000  11.1%   180  845s
 16590  3804 infeasible  331         9.00000    8.00000  11.1%   182  860s
 16599  3807 infeasible  332         9.00000    8.00000  11.1%   182  874s
 16609  3795 infeasible  338         9.00000    8.00000  11.1%   182  879s

Cutting planes:
  Flow cover: 10

Explored 16624 nodes (3654901 simplex iterations) in 879.35 seconds (1611.48 work units)
Thread count was 8 (of 12 available processors)

Solution count 7: 9 10 11 ... 59

Optimal solution found (tolerance 1.00e-04)
Best objective 9.000000000000e+00, best bound 9.000000000000e+00, gap 0.0000%

User-callback calls 246738, time in user-callback 1.23 sec
Set parameter TimeLimit to value 2.7195446076393127e+03
Gurobi Optimizer version 12.0.3 build v12.0.3rc0 (linux64 - "Ubuntu 24.04.4 LTS")

CPU model: Intel(R) Xeon(R) CPU E5-2620 v3 @ 2.40GHz, instruction set [SSE2|AVX|AVX2]
Thread count: 12 physical cores, 12 logical processors, using up to 8 threads

Non-default parameters:
TimeLimit  2.7195446076393127e+03
Threads  8

Optimize a model with 189 rows, 39668 columns and 1096804 nonzeros
Model fingerprint: 0x89d6a791
Variable types: 0 continuous, 39668 integer (39668 binary)
Coefficient statistics:
  Matrix range     [1e+00, 1e+00]
  Objective range  [6e+00, 2e+02]
  Bounds range     [1e+00, 1e+00]
  RHS range        [1e+00, 9e+00]

Loaded user MIP start with objective 457.736
MIP start from previous solve did not produce a new incumbent solution

Presolve removed 0 rows and 68 columns
Presolve time: 2.26s
Presolved: 189 rows, 39600 columns, 1095250 nonzeros
Variable types: 0 continuous, 39600 integer (39600 binary)

Starting sifting (using dual simplex for sub-problems)...

    Iter     Pivots    Primal Obj      Dual Obj        Time
       0          0     infinity      0.0000000e+00      2s
       1        851   1.0529563e+06   2.8365540e+01      3s
       2       1561   5.0843496e+02   1.0734665e+02      3s
       3       2395   3.9955177e+02   2.1347463e+02      3s
       4       3177   3.4639658e+02   2.9547795e+02      3s
       5       4071   3.3777694e+02   3.1582560e+02      3s
       6       4908   3.3592535e+02   3.3125405e+02      3s

Sifting complete


Root relaxation: objective 3.358206e+02, 5418 iterations, 0.79 seconds (0.91 work units)

    Nodes    |    Current Node    |     Objective Bounds      |     Work
 Expl Unexpl |  Obj  Depth IntInf | Incumbent    BestBd   Gap | It/Node Time

     0     0  335.82062    0  160  457.73600  335.82062  26.6%     -    3s
H    0     0                     444.0560000  335.82062  24.4%     -    3s
H    0     0                     411.9840000  335.82062  18.5%     -    4s
     0     0  336.63871    0  160  411.98400  336.63871  18.3%     -    7s
     0     0  336.74384    0  160  411.98400  336.74384  18.3%     -   15s
     0     0  336.89651    0  166  411.98400  336.89651  18.2%     -   15s
     0     0  336.96299    0  167  411.98400  336.96299  18.2%     -   16s
     0     0  337.54903    0  173  411.98400  337.54903  18.1%     -   18s
     0     0  337.71034    0  174  411.98400  337.71034  18.0%     -   19s
     0     0  337.90454    0  173  411.98400  337.90454  18.0%     -   20s
     0     0  337.95320    0  173  411.98400  337.95320  18.0%     -   20s
     0     0  338.00495    0  175  411.98400  338.00495  18.0%     -   20s
     0     0  338.00705    0  173  411.98400  338.00705  18.0%     -   21s
     0     0  338.12833    0  174  411.98400  338.12833  17.9%     -   23s
     0     0  338.24637    0  177  411.98400  338.24637  17.9%     -   24s
     0     0  338.31412    0  180  411.98400  338.31412  17.9%     -   25s
     0     0  338.31412    0  182  411.98400  338.31412  17.9%     -   27s
     0     0  338.36580    0  181  411.98400  338.36580  17.9%     -   27s
     0     0  338.36939    0  181  411.98400  338.36939  17.9%     -   30s
     0     2  338.36939    0  181  411.98400  338.36939  17.9%     -   51s
     3     8  340.06385    2  177  411.98400  339.25100  17.7%   407   55s
     7    16  340.08713    3  177  411.98400  340.06583  17.5%   482   60s
    78    87  340.91732   13  175  411.98400  340.11798  17.4%   203   66s
    86    95  340.91732   14  175  411.98400  340.11798  17.4%   190   72s
   110   119  341.54754   17  179  411.98400  340.11798  17.4%   167   75s
   134   143  341.68665   20  178  411.98400  340.11798  17.4%   151   81s
   158   167  341.72562   23  175  411.98400  340.11798  17.4%   138   85s
H  164   167                     411.7360000  340.11798  17.4%   135   85s
   253   262  342.00707   32  180  411.73600  340.11798  17.4%   106   90s
H  265   281                     411.2400000  340.11798  17.3%   104   92s
   352   387  342.38670   40  178  411.24000  340.11798  17.3%  91.2   95s
   520   566  342.71411   56  174  411.24000  340.11798  17.3%  76.0  100s
   726   787  343.31696   73  172  411.24000  340.11798  17.3%  65.9  105s
   851   892  343.63118   82  174  411.24000  340.11798  17.3%  61.8  110s
  1088  1144  344.54259  105  178  411.24000  340.11798  17.3%  57.8  116s
  1296  1372  345.09236  123  173  411.24000  340.11798  17.3%  54.8  120s
  1440  1533  345.25205  135  175  411.24000  340.11798  17.3%  52.5  125s
  1744  1838  346.05138  158  178  411.24000  340.11798  17.3%  49.0  131s
  1963  2075  346.62644  173  176  411.24000  340.11798  17.3%  47.5  135s
  2203  2327  347.01130  190  181  411.24000  340.11798  17.3%  45.9  140s
  2480  2602  347.37124  212  175  411.24000  340.11798  17.3%  44.4  146s
  2790  2962  347.58960  240  174  411.24000  340.11798  17.3%  42.4  153s
  2970  3162  347.87037  254  172  411.24000  340.11798  17.3%  41.6  157s
  3170  3353  348.04169  267  174  411.24000  340.11798  17.3%  40.6  161s
  3361  3547  348.20194  279  177  411.24000  340.11798  17.3%  39.9  165s
  3754  3978  349.29090  302  179  411.24000  340.11798  17.3%  39.2  174s
  3990  4007  349.47127  320  179  411.24000  340.11798  17.3%  38.5  179s
  4019  4069  349.48676  321  175  411.24000  340.11798  17.3%  38.4  186s
  4081  4160  349.57477  335  173  411.24000  340.11798  17.3%  38.3  190s
  4261  4328  350.11723  370  175  411.24000  340.11798  17.3%  38.0  199s
  4340  4434  350.16686  382  174  411.24000  340.11798  17.3%  37.9  202s
  4446  4608  350.16938  383  175  411.24000  340.11798  17.3%  37.7  206s
  4620  4798  350.24164  384  174  411.24000  340.11798  17.3%  37.3  212s
  4816  5002  350.25340  385  173  411.24000  340.11798  17.3%  37.1  216s
  5020  5214  350.26129  386  175  411.24000  340.11798  17.3%  36.9  220s
  5232  5492  350.26487  387  174  411.24000  340.11798  17.3%  36.9  225s
  5510  5806  350.33918  390  176  411.24000  340.11798  17.3%  36.5  231s
  5824  6088  350.63907  415  177  411.24000  340.11798  17.3%  36.1  237s
  6106  6423  351.11186  436  175  411.24000  340.11798  17.3%  36.0  243s
  6441  6806  351.53779  461  178  411.24000  340.11798  17.3%  35.8  249s
  6824  7209  351.83601  487  178  411.24000  340.11798  17.3%  35.4  255s
  7228  7210  363.33096  357  181  411.24000  340.11798  17.3%  35.0  264s
  7230  7211  364.26163  552  160  411.24000  340.11798  17.3%  35.0  275s
  7231  7212  372.74767  417  164  411.24000  340.11798  17.3%  35.0  298s
  7232  7213  371.13379  369  169  411.24000  340.11798  17.3%  35.0  301s
  7239  7217  377.18356  201  179  411.24000  340.11798  17.3%  35.0  305s
  7241  7219  373.93948   30  185  411.24000  340.11798  17.3%  35.0  314s
  7242  7219  387.45696  932  187  411.24000  340.11798  17.3%  35.0  315s
  7245  7221  363.63878  368  185  411.24000  340.47225  17.2%  35.0  323s
  7246  7222  368.63971  239  186  411.24000  340.56479  17.2%  35.0  326s
  7247  7223  378.62045  314  186  411.24000  340.62096  17.2%  34.9  334s
  7248  7223  403.99877  157  186  411.24000  340.62096  17.2%  34.9  337s
  7249  7224  390.14458 1178  186  411.24000  341.59130  16.9%  34.9  369s
  7250  7228  341.59130   16  185  411.24000  341.59130  16.9%  36.0  373s
  7252  7231  341.59130   17  187  411.24000  341.59130  16.9%  36.1  377s
  7256  7238  341.59130   18  187  411.24000  341.59130  16.9%  36.4  382s
  7264  7243  341.59130   19  183  411.24000  341.59130  16.9%  37.3  385s
  7272  7259  341.59130   20  182  411.24000  341.59130  16.9%  37.4  390s
  7311  7269  341.59130   22  175  411.24000  341.59130  16.9%  39.0  398s
  7328  7272  341.59130   23  176  411.24000  341.59130  16.9%  39.8  402s
  7336  7277  352.41004   23  151  411.24000  341.59130  16.9%  40.1  412s
  7346  7282  341.62351   24  173  411.24000  341.59130  16.9%  40.6  416s
  7359  7286  345.62003   24  160  411.24000  341.59130  16.9%  41.1  421s
  7372  7289  341.68547   25  177  411.24000  341.59130  16.9%  41.7  426s
  7385  7293  354.13272   25  146  411.24000  341.59130  16.9%  42.3  430s
  7412  7300  354.20572   26  146  411.24000  341.59130  16.9%  43.6  437s
  7425  7301  341.95552   27  176  411.24000  341.59130  16.9%  44.1  440s
  7439  7304  352.05198   27  160  411.24000  341.59130  16.9%  44.5  447s
  7448  7306  342.72287   28  179  411.24000  341.59130  16.9%  44.9  451s
  7475  7311  342.79127   29  180  411.24000  341.59130  16.9%  45.9  458s
  7489  7314  356.25571   29  136  411.24000  341.59130  16.9%  46.3  470s
  7505  7321  343.02000   30  178  411.24000  341.59130  16.9%  46.8  477s
  7523  7322  361.00964   30  152  411.24000  341.59130  16.9%  47.4  483s
  7540  7327  343.08323   31  179  411.24000  341.59130  16.9%  48.5  488s
  7561  7331  373.06510   31  124  411.24000  341.59130  16.9%  49.2  491s
  7584  7333  343.09208   32  181  411.24000  341.59130  16.9%  49.9  496s
  7608  7336  359.26184   32  118  411.24000  341.59130  16.9%  50.8  500s
  7660  7346  357.79119   33  124  411.24000  341.59130  16.9%  52.6  509s
  7689  7347  343.14623   34  183  411.24000  341.59130  16.9%  53.7  515s
  7751  7355  343.29417   36  181  411.24000  341.59130  16.9%  55.8  523s
  7786  7356  343.34670   37  182  411.24000  341.59130  16.9%  56.9  528s
  7816  7361  343.51267   38  182  411.24000  341.59130  16.9%  58.0  533s
  7849  7365  343.51267   39  182  411.24000  341.59130  16.9%  59.0  539s
  7885  7368  343.57843   40  179  411.24000  341.59130  16.9%  60.1  546s
  7926  7373  343.57850   41  179  411.24000  341.59130  16.9%  61.4  552s
  7970  7375  343.75710   43  179  411.24000  341.59130  16.9%  62.6  558s
  8018  7375  354.05768   44  148  411.24000  341.59130  16.9%  63.9  564s
  8065  7375  360.73063   45  122  411.24000  341.59130  16.9%  65.2  572s
  8109  7378  344.69107   46  178  411.24000  341.59130  16.9%  66.6  579s
  8135  7397  344.79802   47  179  411.24000  341.59130  16.9%  67.8  587s
  8172  7412  344.92736   49  176  411.24000  341.59130  16.9%  69.4  595s
  8213  7434  344.98314   51  177  411.24000  341.59130  16.9%  71.0  602s
  8260  7443  345.05307   53  177  411.24000  341.59130  16.9%  72.4  609s
  8304  7451  345.12497   55  178  411.24000  341.59130  16.9%  73.9  617s
  8352  7463  345.27168   57  179  411.24000  341.59130  16.9%  75.7  625s
  8399  7484  345.48045   59  176  411.24000  341.59130  16.9%  77.4  633s
  8447  7480  345.48801   60  181  411.24000  341.59130  16.9%  78.9  647s
  8463  7494  358.18546   60  134  411.24000  341.59130  16.9%  79.6  660s
  8501  7514  345.55633   61  179  411.24000  341.59130  16.9%  80.6  672s
  8555  7535  345.68075   63  177  411.24000  341.59130  16.9%  82.3  683s
  8619  7559  345.82445   65  178  411.24000  341.59130  16.9%  84.1  693s
  8691  7581  345.87997   67  172  411.24000  341.59130  16.9%  85.9  706s
  8768  7595  346.06434   70  172  411.24000  341.59130  16.9%  88.2  717s
  8847  7611  346.66930   72  177  411.24000  341.59130  16.9%  90.3  730s
  8933  7614  346.90313   75  175  411.24000  341.59130  16.9%  92.7  742s
  9006  7629  347.18244   78  174  411.24000  341.59130  16.9%  94.7  753s
  9078  7619  347.81622   81  175  411.24000  341.59130  16.9%  96.5  765s
  9096  7658  371.34807   81  133  411.24000  341.59130  16.9%  96.7  778s
  9173  7681  347.93096   83  170  411.24000  341.59130  16.9%  97.9  792s
  9276  7731  348.09368   86  172  411.24000  341.59130  16.9%   100  806s
  9421  7776  348.24927   90  171  411.24000  341.59130  16.9%   103  820s
  9565  7824  348.53447   94  175  411.24000  341.59130  16.9%   105  835s
  9733  7834  348.70035   97  176  411.24000  341.59130  16.9%   107  849s
  9890  7832  349.01439  101  174  411.24000  341.59130  16.9%   110  863s
 10020  7857  359.89742  105  137  411.24000  341.59130  16.9%   112  880s
 10168  7937  349.57817  108  175  411.24000  341.59130  16.9%   113  896s
 10388  7982  349.76898  113  176  411.24000  341.59130  16.9%   114  913s
 10614  7998  350.01469  118  175  411.24000  341.59130  16.9%   116  941s
 10822  8080  358.39907  122  152  411.24000  341.59130  16.9%   119  960s
 11105  8140  350.56407  127  176  411.24000  341.59130  16.9%   120  980s
 11403  8218  360.64260  132  149  411.24000  341.59130  16.9%   122  999s
 11725  8322  351.04468  137  176  411.24000  341.59130  16.9%   123 1023s
 12074  8451  351.28312  143  173  411.24000  342.77947  16.6%   124 1043s
 12366  8606  351.58562  149  173  411.24000  342.77947  16.6%   126 1066s
 12709  8798  351.80701  155  172  411.24000  342.77947  16.6%   127 1089s
 13103  8723  352.10597  162  171  411.24000  342.77947  16.6%   129 1111s
 13183  9065  352.15530  164  171  411.24000  342.77947  16.6%   129 1136s
 13665  9303  352.29114  171  173  411.24000  342.77947  16.6%   130 1160s
 14196  9458  352.70384  178  176  411.24000  342.77947  16.6%   130 1187s
 14658  9703  352.95262  185  173  411.24000  342.77947  16.6%   131 1223s
 15302  9789  353.48264  193  177  411.24000  342.77947  16.6%   132 1239s
 15738 10030  353.62419  198  175  411.24000  342.77947  16.6%   131 1257s
 16281 10207  353.75694  203  179  411.24000  342.77947  16.6%   130 1276s
 16784 10059  353.91677  207  177  411.24000  342.77947  16.6%   129 1288s
 16838 10552  353.92812  208  177  411.24000  342.77947  16.6%   130 1304s
 17491 10701  376.81916  210  139  411.24000  342.77947  16.6%   128 1320s
 18145 10641  354.08381  214  176  411.24000  342.77947  16.6%   126 1336s
 18643 10680  354.25660  218  175  411.24000  342.77947  16.6%   125 1350s
 18943 10887  354.34862  223  177  411.24000  343.00298  16.6%   125 1365s
 19295 11116  354.51312  228  178  411.24000  343.00298  16.6%   125 1382s
 19691 11345  354.63273  232  179  411.24000  343.00298  16.6%   125 1399s
 20099 11749  354.74170  236  178  411.24000  343.00298  16.6%   124 1424s
 20708 12220  355.09074  241  171  411.24000  343.00298  16.6%   123 1449s
 21449 12753  370.45397  244  146  411.24000  343.00298  16.6%   121 1473s
 22351 13106  355.34857  249  172  411.24000  343.00298  16.6%   119 1501s
 23159 13597  355.85100  255  181  411.24000  343.00298  16.6%   117 1526s
 24096 13693  355.97308  261  179  411.24000  343.00298  16.6%   116 1552s
 24765 13853  356.15460  266  176  411.24000  343.00298  16.6%   115 1616s
 25484 14077  373.63522  272  152  411.24000  345.77459  15.9%   114 1641s
 25997 14652  356.46906  277  173  411.24000  346.55056  15.7%   113 1669s
 26749 15456  356.77989  282  172  411.24000  346.55056  15.7%   112 1701s
 27813 16049  357.01505  289  170  411.24000  346.56366  15.7%   111 1733s
 28791 16804  357.32756  296  173  411.24000  346.56366  15.7%   109 1768s
 29879 16762  374.12089  278  181  411.24000  346.56366  15.7%   108 2126s
 29881 16763  385.96581  424  160  411.24000  346.56366  15.7%   108 2139s
 29882 16764  390.10134 1512  167  411.24000  346.56366  15.7%   108 2174s
 29883 16765  409.11364 1139  172  411.24000  346.56366  15.7%   108 2177s
 29887 16767  389.95714  209  179  411.24000  346.56366  15.7%   108 2180s
 29892 16771  409.49658 1976  184  411.24000  346.56366  15.7%   108 2186s
 29893 16771  398.95050 1252  188  411.24000  346.56366  15.7%   108 2202s
 29894 16772  404.78314 2703  193  411.24000  346.56366  15.7%   108 2217s
 29895 16773  371.41607   84  189  411.24000  346.56366  15.7%   108 2233s
 29896 16773  378.54711  275  187  411.24000  346.56366  15.7%   108 2246s
 29897 16774  368.67298  137  191  411.24000  346.56366  15.7%   108 2260s
 29899 16775  385.86394  624  193  411.24000  346.56366  15.7%   108 2273s
 29900 16776  399.52368 2306  192  411.24000  346.56366  15.7%   108 2291s
 29904 16779  357.42268  320  200  411.24000  346.56366  15.7%   108 2308s
 29905 16779  391.44727   43  199  411.24000  346.56366  15.7%   108 2325s
 29908 16781  398.95504 1201  201  411.24000  346.56366  15.7%   108 2340s
 29909 16782  362.63381  383  201  411.24000  346.56366  15.7%   108 2355s

Cutting planes:
  MIR: 19
  Flow cover: 28

Explored 29909 nodes (3232966 simplex iterations) in 2719.57 seconds (4198.30 work units)
Thread count was 8 (of 12 available processors)

Solution count 5: 411.24 411.736 411.984 ... 457.736

Time limit reached
Best objective 4.112400000000e+02, best bound 3.465636581284e+02, gap 15.7272%

User-callback calls 446789, time in user-callback 1.94 sec
