
Gurobi 12.0.3 (linux64) logging started Sun Sep 13 14:20:17 2026

Set parameter LogFile to value "/share/scaglione/nc437/evsp-dr/cumulative_budget_20260913/cases/c4_k10/mip_warm/135659_r0/gurobi.log"
Set parameter OutputFlag to value 1
Set parameter TimeLimit to value 3600
Set parameter MIPGap to value 0.0001
Set parameter Threads to value 8
Set parameter TimeLimit to value 1800
Gurobi Optimizer version 12.0.3 build v12.0.3rc0 (linux64 - "Ubuntu 24.04.4 LTS")

CPU model: Intel(R) Xeon(R) Gold 6230 CPU @ 2.10GHz, instruction set [SSE2|AVX|AVX2|AVX512]
Thread count: 40 physical cores, 80 logical processors, using up to 8 threads

Non-default parameters:
TimeLimit  1800
Threads  8

Optimize a model with 220 rows, 45886 columns and 1064963 nonzeros
Model fingerprint: 0x945feae0
Variable types: 0 continuous, 45886 integer (45886 binary)
Coefficient statistics:
  Matrix range     [1e+00, 1e+00]
  Objective range  [1e+00, 1e+00]
  Bounds range     [1e+00, 1e+00]
  RHS range        [1e+00, 1e+00]

Loaded user MIP start with objective 28

Presolve removed 0 rows and 2010 columns
Presolve time: 1.93s
Presolved: 220 rows, 43876 columns, 1031033 nonzeros
Variable types: 0 continuous, 43876 integer (43876 binary)
Found heuristic solution: objective 25.0000000

Starting sifting (using dual simplex for sub-problems)...

    Iter     Pivots    Primal Obj      Dual Obj        Time
       0          0     infinity      0.0000000e+00      2s
       1        221   1.5300000e+02   3.3260870e+00      2s
       2        920   1.0094638e+01   4.6121840e+00      2s
       3       1676   1.0000000e+01   6.5087436e+00      2s
       4       2294   1.0000000e+01   1.0000000e+01      2s

Sifting complete


Root relaxation: objective 1.000000e+01, 2294 iterations, 0.31 seconds (0.28 work units)

    Nodes    |    Current Node    |     Objective Bounds      |     Work
 Expl Unexpl |  Obj  Depth IntInf | Incumbent    BestBd   Gap | It/Node Time

*    0     0               0      10.0000000   10.00000  0.00%     -    2s

Explored 1 nodes (2294 simplex iterations) in 2.41 seconds (1.91 work units)
Thread count was 8 (of 80 available processors)

Solution count 3: 10 25 28 

Optimal solution found (tolerance 1.00e-04)
Best objective 1.000000000000e+01, best bound 1.000000000000e+01, gap 0.0000%

User-callback calls 400, time in user-callback 0.00 sec
Set parameter TimeLimit to value 3.5965258023738861e+03
Gurobi Optimizer version 12.0.3 build v12.0.3rc0 (linux64 - "Ubuntu 24.04.4 LTS")

CPU model: Intel(R) Xeon(R) Gold 6230 CPU @ 2.10GHz, instruction set [SSE2|AVX|AVX2|AVX512]
Thread count: 40 physical cores, 80 logical processors, using up to 8 threads

Non-default parameters:
TimeLimit  3.5965258023738861e+03
Threads  8

Optimize a model with 221 rows, 45886 columns and 1110849 nonzeros
Model fingerprint: 0xbf81e538
Variable types: 0 continuous, 45886 integer (45886 binary)
Coefficient statistics:
  Matrix range     [1e+00, 1e+00]
  Objective range  [5e+00, 1e+02]
  Bounds range     [1e+00, 1e+00]
  RHS range        [1e+00, 1e+01]

Loaded user MIP start with objective 780.616
MIP start from previous solve did not produce a new incumbent solution

Presolve removed 0 rows and 129 columns
Presolve time: 2.09s
Presolved: 221 rows, 45757 columns, 1108445 nonzeros
Variable types: 0 continuous, 45757 integer (45757 binary)

Starting sifting (using dual simplex for sub-problems)...

    Iter     Pivots    Primal Obj      Dual Obj        Time
       0          0     infinity      0.0000000e+00      2s
       1        351   5.9467017e+07   1.2469964e+02      2s
       2        981   1.3205978e+07   1.5972970e+02      2s
       3       2473   1.5740928e+06   1.8659374e+02      2s
       4       3875   6.4906173e+05   2.0611648e+02      3s
       5       5709   2.2860824e+05   2.1870211e+02      3s
       6       7566   4.7413219e+02   1.0737657e+06      3s
       7       8851   4.4251641e+02   6.4130470e+05      3s
       8      10080   4.3671968e+02   3.8638877e+05      3s
       9      11620   4.3012755e+02   2.4542303e+05      4s
      10      13327   4.2695453e+02   1.9411779e+05      4s
      11      15344   4.2651454e+02   1.3384027e+05      4s
      12      17192   4.2648240e+02   9.7753947e+04      5s
      13      18468   4.2640794e+02   7.8857003e+04      5s
      14      19794   4.2630888e+02   4.9124424e+04      5s
      15      21156   4.2627287e+02   3.7406827e+04      5s
      16      22531   4.2627160e+02   2.6588638e+04      6s
      17      23914   4.2627108e+02   1.9395872e+04      6s
      18      25193   4.2627108e+02   1.8419065e+04      6s
      19      26650   4.2627108e+02   1.5388191e+04      6s

Sifting complete


Root simplex log...

Iteration    Objective       Primal Inf.    Dual Inf.      Time
   27987    4.2627108e+02   0.000000e+00   0.000000e+00      7s

Root relaxation: objective 4.262711e+02, 27987 iterations, 4.56 seconds (6.37 work units)

    Nodes    |    Current Node    |     Objective Bounds      |     Work
 Expl Unexpl |  Obj  Depth IntInf | Incumbent    BestBd   Gap | It/Node Time

     0     0  426.27108    0  115  780.61600  426.27108  45.4%     -    6s
H    0     0                     692.3439993  426.27108  38.4%     -    9s
H    0     0                     679.1599993  426.27108  37.2%     -    9s
H    0     0                     670.9360000  426.27108  36.5%     -    9s
     0     0  426.79800    0  122  670.93600  426.79800  36.4%     -   13s
     0     0  426.80474    0  125  670.93600  426.80474  36.4%     -   23s
     0     0  426.80879    0  126  670.93600  426.80879  36.4%     -   25s
     0     0  426.81566    0  130  670.93600  426.81566  36.4%     -   29s
     0     0  426.92452    0  138  670.93600  426.92452  36.4%     -   31s
     0     0  426.93285    0  140  670.93600  426.93285  36.4%     -   32s
     0     0  426.93305    0  140  670.93600  426.93305  36.4%     -   32s
     0     0  426.93419    0  141  670.93600  426.93419  36.4%     -   32s
     0     0  426.94155    0  141  670.93600  426.94155  36.4%     -   33s
H    0     0                     653.2880000  426.94155  34.6%     -   33s
     0     0  426.95280    0  142  653.28800  426.95280  34.6%     -   34s
     0     0  426.97105    0  146  653.28800  426.97105  34.6%     -   34s
     0     0  426.97327    0  147  653.28800  426.97327  34.6%     -   35s
     0     0  426.97741    0  147  653.28800  426.97741  34.6%     -   35s
     0     0  426.97806    0  146  653.28800  426.97806  34.6%     -   36s
     0     0  427.25107    0  116  653.28800  427.25107  34.6%     -   43s
H    0     0                     637.5840000  427.25107  33.0%     -   43s
     0     0  427.25107    0  132  637.58400  427.25107  33.0%     -   47s
     0     0  427.25107    0  133  637.58400  427.25107  33.0%     -   54s
     0     0  427.25107    0  141  637.58400  427.25107  33.0%     -   54s
     0     0  427.25107    0  146  637.58400  427.25107  33.0%     -   54s
     0     0  427.25107    0  147  637.58400  427.25107  33.0%     -   55s
     0     0  427.41900    0  147  637.58400  427.41900  33.0%     -   57s
H    0     0                     636.3440000  427.41900  32.8%     -   58s
H    0     0                     634.3600000  427.41900  32.6%     -   58s
H    0     0                     626.3840000  427.41900  31.8%     -   58s
     0     0  427.56075    0  146  626.38400  427.56075  31.7%     -   59s
     0     0  427.56157    0  146  626.38400  427.56157  31.7%     -   59s
     0     0  427.60702    0  153  626.38400  427.60702  31.7%     -   60s
     0     0  427.62105    0  153  626.38400  427.62105  31.7%     -   60s
     0     0  427.62402    0  153  626.38400  427.62402  31.7%     -   60s
     0     0  427.62915    0  153  626.38400  427.62915  31.7%     -   60s
     0     0  427.64189    0  159  626.38400  427.64189  31.7%     -   61s
H    0     0                     622.1680000  427.64189  31.3%     -   61s
     0     0  427.64887    0  162  622.16800  427.64887  31.3%     -   61s
     0     0  427.71487    0  157  622.16800  427.71487  31.3%     -   62s
     0     0  427.71729    0  159  622.16800  427.71729  31.3%     -   62s
     0     0  427.72090    0  163  622.16800  427.72090  31.3%     -   62s
     0     0  427.75313    0  163  622.16800  427.75313  31.2%     -   63s
     0     0  427.77892    0  161  622.16800  427.77892  31.2%     -   63s
     0     0  427.78170    0  163  622.16800  427.78170  31.2%     -   63s
     0     0  427.78191    0  163  622.16800  427.78191  31.2%     -   64s
     0     2  427.78191    0  163  622.16800  427.78191  31.2%     -   67s
     3     8  427.81479    2  162  622.16800  427.80792  31.2%   535   70s
    23    41  427.92725    5  159  622.16800  427.85782  31.2%   581   76s
H   36    41                     613.9040000  427.85782  30.3%   444   76s
H   78    70                     611.6720000  427.85782  30.1%   307   79s
    83   100  428.03964   10  158  611.67200  427.85782  30.1%   293   80s
H  119   112                     610.6800000  427.85782  29.9%   226   81s
H  131   112                     603.6960000  427.93655  29.1%   225   81s
H  164   151                     597.7440000  427.93655  28.4%   202   84s
   201   184  435.67117   19  136  597.74400  427.93655  28.4%   180   85s
H  209   200                     568.8160000  427.93655  24.8%   185   86s
   346   311  437.32398   31  142  568.81600  427.93655  24.8%   149   90s
H  394   350                     567.8240000  427.93655  24.6%   138   91s
   677   657  438.87822   62  143  567.82400  427.93655  24.6%   103   95s
   945   888  439.55662   76  142  567.82400  427.93655  24.6%  88.8  100s
  1026   962  439.64681   82  138  567.82400  427.93655  24.6%  84.7  105s
  1102  1057  440.11560   87  144  567.82400  427.93655  24.6%  81.9  110s
  1337  1363  440.16134   91  142  567.82400  427.93655  24.6%  74.0  116s
  1671  1699  440.31836   94  141  567.82400  427.93655  24.6%  71.9  120s
  2091  2100  440.66474   97  139  567.82400  427.93655  24.6%  66.4  125s
  2370  2219  440.82688   99  139  567.82400  427.93655  24.6%  64.0  130s
  2379  2220  446.98899   85  146  567.82400  427.93655  24.6%  64.1  139s
  2381  2221  439.23109   11  116  567.82400  427.93655  24.6%  64.0  146s
  2382  2222  450.28983  266  131  567.82400  427.93655  24.6%  64.0  153s
  2383  2223  466.38013  243  134  567.82400  427.93655  24.6%  64.0  155s
  2390  2227  445.56220   68  156  567.82400  427.93655  24.6%  63.8  160s
  2396  2231  477.28487  174  167  567.82400  427.93655  24.6%  63.6  168s
H 2396  2119                     565.2640000  427.93655  24.3%  63.6  170s
  2404  2125  458.34570   69  178  565.26400  428.11292  24.3%  63.4  175s
H 2409  2021                     562.7840000  428.16481  23.9%  63.3  178s
  2411  2022  444.35349   10  190  562.78400  428.18341  23.9%  63.2  180s
  2422  2030  439.22013   37  200  562.78400  428.33978  23.9%  63.0  186s
  2426  2032  436.12143    4  200  562.78400  428.40990  23.9%  62.9  191s
  2427  2033  452.25312  322  200  562.78400  428.40990  23.9%  62.8  201s
  2430  2040  428.68274   14  191  562.78400  428.64116  23.8%  74.9  207s
  2434  2045  428.73825   15  184  562.78400  428.68332  23.8%  76.5  213s
  2442  2048  428.77730   16  192  562.78400  428.73899  23.8%  79.3  218s
  2450  2061  428.79054   17  187  562.78400  428.77739  23.8%  80.9  221s
  2484  2062  428.81405   19  186  562.78400  428.81405  23.8%  87.2  228s
  2496  2064  428.82591   20  189  562.78400  428.82591  23.8%  90.7  232s
  2508  2065  428.83215   21  186  562.78400  428.83215  23.8%  92.5  235s
  2535  2070  428.84999   23  187  562.78400  428.84999  23.8%  96.8  241s
  2549  2071  428.85360   24  188  562.78400  428.85360  23.8%  99.0  245s
  2578  2076  428.86364   26  189  562.78400  428.86364  23.8%   104  252s
  2593  2077  428.87677   27  193  562.78400  428.86643  23.8%   106  255s
  2621  2080  428.88265   28  194  562.78400  428.87677  23.8%   109  261s
  2656  2083  428.89538   29  192  562.78400  428.89538  23.8%   112  267s
  2680  2083  428.90376   30  193  562.78400  428.90376  23.8%   115  271s
  2704  2085  428.90377   31  192  562.78400  428.90377  23.8%   117  275s
  2732  2082  428.96489   32  187  562.78400  428.96489  23.8%   120  280s
  2782  2086  428.98893   34  185  562.78400  428.98893  23.8%   126  288s
  2807  2087  429.02062   35  184  562.78400  429.02062  23.8%   128  291s
  2873  2089  429.04002   37  187  562.78400  429.04002  23.8%   132  297s
  2907  2099  429.04615   38  185  562.78400  429.04615  23.8%   136  301s
  2940  2116  429.05918   39  185  562.78400  429.05918  23.8%   137  306s
  2984  2119  429.06139   40  187  562.78400  429.06139  23.8%   140  310s
  3034  2146  429.06919   42  188  562.78400  429.06919  23.8%   142  317s
  3065  2165  429.09109   43  186  562.78400  429.09109  23.8%   142  320s
  3162  2203  429.09816   45  188  562.78400  429.09816  23.8%   146  327s
  3223  2231  429.13188   46  196  562.78400  429.13188  23.7%   148  330s
  3357  2286  429.14549   48  193  562.78400  429.14549  23.7%   151  337s
  3449  2296  429.15013   49  185  562.78400  429.15013  23.7%   152  342s
  3542  2282  429.15118   50  187  562.78400  429.15013  23.7%   153  346s
  3570  2300  447.71278   50  157  562.78400  429.15118  23.7%   153  351s
  3618  2316  429.16516   51  192  562.78400  429.15266  23.7%   153  356s
  3688  2316  429.17018   52  188  562.78400  429.17018  23.7%   155  361s
  3757  2332  429.21514   53  184  562.78400  429.21514  23.7%   157  367s
  3846  2364  429.22238   54  185  562.78400  429.22238  23.7%   160  372s
  3970  2379  429.25153   56  184  562.78400  429.25153  23.7%   160  378s
  4070  2427  429.29496   57  183  562.78400  429.29496  23.7%   160  384s
  4226  2452  429.32986   58  187  562.78400  429.32986  23.7%   161  389s
  4377  2511  429.33978   59  186  562.78400  429.33978  23.7%   160  395s
  4576  2556  429.43867   61  191  562.78400  429.43867  23.7%   158  400s
  4701  2558  441.14552   62  153  562.78400  429.45432  23.7%   159  406s
  4749  2648  429.52162   63  189  562.78400  429.45581  23.7%   158  411s
  4886  2691  444.13517   63  136  562.78400  429.52541  23.7%   158  417s
  5009  2668  439.42285   64  156  562.78400  429.75191  23.6%   159  424s
  5035  2764  429.88397   66  185  562.78400  429.88397  23.6%   161  430s
  5174  2820  429.90141   67  183  562.78400  429.90141  23.6%   162  436s
  5306  2922  429.92276   69  181  562.78400  429.92276  23.6%   163  443s
  5479  3073  429.96953   71  186  562.78400  429.96953  23.6%   164  451s
  5730  3211  430.02401   73  181  562.78400  430.02401  23.6%   164  457s
  5993  3371  430.07320   75  177  562.78400  430.07320  23.6%   163  464s
  6307  3564  430.08014   77  182  562.78400  430.08014  23.6%   161  472s
  6706  3805  430.08842   80  181  562.78400  430.08842  23.6%   157  481s
  7233  3867  430.15427   83  178  562.78400  430.15427  23.6%   152  488s
  7620  4005  430.19103   85  183  562.78400  430.19103  23.6%   149  495s
  7912  4147  430.27639   88  186  562.78400  430.27639  23.5%   148  503s
  8194  4316  430.30250   91  182  562.78400  430.30250  23.5%   147  510s
  8489  4391  433.82763   93  157  562.78400  431.56099  23.3%   146  518s
  8686  4631  431.70979   96  182  562.78400  431.56099  23.3%   147  527s
  8997  5012  431.97693   99  183  562.78400  431.56099  23.3%   147  536s
  9454  5320  432.51734  102  191  562.78400  431.57531  23.3%   146  546s
  9876  5657  432.90274  105  182  562.78400  431.57531  23.3%   146  556s
 10326  6109  432.93320  108  180  562.78400  431.76182  23.3%   146  566s
 10988  6671  433.16541  112  177  562.78400  431.91195  23.3%   144  577s
 11787  6986  433.19396  116  183  562.78400  432.24762  23.2%   141  590s
H11929  6986                     562.7839908  432.32077  23.2%   142  590s
 12220  7673  433.30939  120  183  562.78399  432.32077  23.2%   140  601s
H12235  7673                     562.7839870  432.32077  23.2%   142  601s
 12974  8176  433.53936  123  185  562.78399  432.72859  23.1%   138  612s
 13604  8707  433.68945  127  188  562.78399  432.72859  23.1%   137  623s
 14237  9510  433.79296  131  194  562.78399  432.79032  23.1%   136  638s
 15127  9511  482.77965  460  146  562.78399  433.27506  23.0%   133  660s
 15130  9513  467.04705  219  141  562.78399  433.27506  23.0%   133  669s
 15132  9514  466.25991  184  147  562.78399  433.27506  23.0%   133  670s
 15146  9524  465.01966  475  203  562.78399  433.27506  23.0%   133  676s
 15154  9529  481.31210  114  210  562.78399  433.27506  23.0%   133  680s
 15161  9537  433.27506   24  214  562.78399  433.27506  23.0%   133  686s
 15167  9539  433.27506   26  216  562.78399  433.27506  23.0%   134  690s
 15202  9552  436.74722   29  128  562.78399  433.27506  23.0%   135  695s
H15254  9081                     562.7839866  433.27506  23.0%   136  699s
 15258  9084  433.27506   31  202  562.78399  433.27506  23.0%   136  700s
 15298  9087  433.27506   33  200  562.78399  433.27506  23.0%   136  705s
 15354  9096  440.20282   35  147  562.78399  433.27506  23.0%   138  711s
 15423  9115  446.49707   37  105  562.78399  433.27506  23.0%   139  715s
 15530  9134  433.27506   40  187  562.78399  433.27506  23.0%   140  721s
H15562  8686                     562.7839849  433.27506  23.0%   141  722s
 15604  8696  433.27506   42  188  562.78398  433.27506  23.0%   141  726s
 15702  8722  433.27506   45  191  562.78398  433.27506  23.0%   143  730s
 15840  8756  433.27506   48  191  562.78398  433.27506  23.0%   144  735s
 16039  8784  433.27506   52  188  562.78398  433.27506  23.0%   146  741s
 16165  8783  433.27506   53  188  562.78398  433.27506  23.0%   147  745s
 16356  8806  433.27506   57  162  562.78398  433.27506  23.0%   148  750s
 16559  8812  454.77339   62  125  562.78398  433.27506  23.0%   150  756s
 16704  8795  433.27506   65  166  562.78398  433.27506  23.0%   151  760s
H16705  8364                     562.7839759  433.27506  23.0%   151  760s
 16838  8373  442.34673   66  139  562.78398  433.27506  23.0%   152  765s
 16983  8384  445.82668   69  138  562.78398  433.27506  23.0%   152  770s
 17124  8401     cutoff   72       562.78398  433.27506  23.0%   153  776s
 17282  8461  433.27506   76  168  562.78398  433.27506  23.0%   154  781s
 17548  8523  458.28305   80  135  562.78398  433.27506  23.0%   155  787s
 17687  8557  433.27506   82  167  562.78398  433.27506  23.0%   155  790s
 17808  8521  433.27506   85  170  562.78398  433.27506  23.0%   155  795s
H17836  8115                     562.7839698  433.27506  23.0%   155  798s
 17837  8175  433.27506   86  169  562.78397  433.27506  23.0%   155  802s
 18022  8149  433.27506   88  173  562.78397  433.27506  23.0%   155  805s
 18434  8079  433.27506   93  171  562.78397  433.27506  23.0%   155  813s
 18502  8140  433.27506   95  176  562.78397  433.27506  23.0%   156  817s
 18690  8186  433.27506   98  179  562.78397  433.27506  23.0%   156  821s
 18911  8200  433.27506  101  186  562.78397  433.27506  23.0%   156  825s
 19381  8198  446.31652  107  146  562.78397  433.27506  23.0%   156  834s
 19649  8176  433.27506  110  185  562.78397  433.27506  23.0%   155  839s
 19852  8291  445.95498  112  146  562.78397  433.27506  23.0%   155  844s
 20150  8472  433.31389  116  184  562.78397  433.27506  23.0%   155  849s
 20570  8564  479.40056  119  116  562.78397  433.27506  23.0%   154  855s
 20935  8623     cutoff  122       562.78397  433.27506  23.0%   154  861s
 21296  8788     cutoff  125       562.78397  433.27506  23.0%   153  867s
H21662  8219                     534.0640000  433.27506  18.9%   152  867s
 21765  8624  454.65762  127  148  534.06400  433.27506  18.9%   152  872s
 22343  8558  434.33688  131  182  534.06400  433.27506  18.9%   150  879s
 22496  8938  465.33906  131  149  534.06400  433.27506  18.9%   149  886s
 23002  9031  434.50738  135  183  534.06400  433.27506  18.9%   148  894s
 23456  9056  434.58037  141  184  534.06400  433.27506  18.9%   148  900s
 23777  9455  434.72575  145  190  534.06400  433.27506  18.9%   147  907s
 24543  9340  434.81110  152  189  534.06400  433.27506  18.9%   146  914s
 24788  9275  435.12996  158  192  534.06400  433.27506  18.9%   147  922s
 24839  9445  435.22772  163  197  534.06400  433.27506  18.9%   148  930s
 25100  9800  435.32499  170  196  534.06400  433.27506  18.9%   148  937s
 25848 10105  435.48942  180  193  534.06400  433.27506  18.9%   147  944s
 26613 10123  435.88088  187  193  534.06400  433.27506  18.9%   146  951s
 26953 10846  436.23904  192  188  534.06400  433.27506  18.9%   147  959s
 27981 11594  436.59082  199  189  534.06400  433.27506  18.9%   145  966s
 29231 11899  436.68687  208  192  534.06400  433.47128  18.8%   142  974s
 30234 12017  488.00989  218   99  534.06400  433.55202  18.8%   141  988s
 30822 12688  437.18252  226  191  534.06400  433.58095  18.8%   141  999s
 31936 13044  437.57952  237  197  534.06400  433.76232  18.8%   140 1008s
 32985 13040  437.79133  246  202  534.06400  433.77342  18.8%   139 1016s
 33549 13568  438.69629  252  196  534.06400  434.48324  18.6%   140 1024s
 34614 13819  438.84558  261  188  534.06400  434.62421  18.6%   139 1033s
 35834 13429  439.65834  271  194  534.06400  434.74155  18.6%   138 1042s
 35858 13605  439.67831  272  190  534.06400  434.74155  18.6%   138 1050s
 36286 14627     cutoff  279       534.06400  434.76143  18.6%   138 1059s
 37682 14721  439.99375  288  194  534.06400  434.94143  18.6%   136 1066s
 38223 15198  522.61947  294  104  534.06400  435.01581  18.5%   136 1074s
 38884 15234  440.64972  303  197  534.06400  435.01581  18.5%   137 1082s
 39145 15586  441.12573  313  204  534.06400  435.01581  18.5%   138 1090s
 39649 16352  441.48002  322  201  534.06400  435.04281  18.5%   138 1098s
 40573 17123  441.66383  332  202  534.06400  435.04281  18.5%   137 1106s
 41506 17932  441.97140  339  195  534.06400  435.04281  18.5%   136 1115s
 42614 18621  442.12039  350  193  534.06400  435.46102  18.5%   136 1122s
 43650 18948  442.28103  360  194  534.06400  435.46102  18.5%   136 1130s
 44500 19187  442.40888  368  194  534.06400  435.70954  18.4%   136 1137s
 45016 19188  453.08813  138  146  534.06400  435.86061  18.4%   136 1302s
 45018 19189  508.26149  129  115  534.06400  435.86061  18.4%   136 1305s
 45019 19190  470.29071 1409  139  534.06400  435.86061  18.4%   136 1310s
 45035 19201  470.89879  253  215  534.06400  435.86061  18.4%   136 1315s
 45042 19205  461.96419  898  219  534.06400  435.86061  18.4%   136 1321s
 45046 19208  458.83707  799  227  534.06400  435.86061  18.4%   136 1326s
 45052 19212  457.52237 1212  225  534.06400  435.86061  18.4%   136 1331s
 45062 19219  463.39984  158  243  534.06400  435.86061  18.4%   136 1336s
 45070 19224  469.09132  184  244  534.06400  435.86061  18.4%   136 1341s
 45072 19225  456.94650  176  246  534.06400  435.86061  18.4%   136 1348s
 45073 19226  449.71729  127  246  534.06400  435.86061  18.4%   136 1352s
 45075 19230  435.86061   35  241  534.06400  435.86061  18.4%   136 1355s
 45089 19243  435.86061   38  232  534.06400  435.86061  18.4%   136 1361s
 45135 19257  442.63586   40  153  534.06400  435.86061  18.4%   137 1365s
 45194 19260  440.33542   42  155  534.06400  435.86061  18.4%   137 1372s
 45214 19260  446.38924   43  157  534.06400  435.86061  18.4%   137 1375s
 45288 19265  438.74896   45  148  534.06400  435.86061  18.4%   137 1380s
 45379 19277  439.54074   47  151  534.06400  435.86061  18.4%   138 1386s
 45498 19287     cutoff   49       534.06400  435.86061  18.4%   138 1390s
 45627 19338  435.86061   53  176  534.06400  435.86061  18.4%   138 1395s
 45751 19395     cutoff   57       534.06400  435.86061  18.4%   139 1401s
 45836 19430     cutoff   60       534.06400  435.86061  18.4%   139 1406s
 45938 19479  470.35204   64  143  534.06400  435.86061  18.4%   140 1410s
 46063 19520  435.86061   69  180  534.06400  435.86061  18.4%   141 1415s
 46210 19540  435.86061   74  180  534.06400  435.86061  18.4%   141 1422s
 46231 19544  456.62085   75  110  534.06400  435.86061  18.4%   141 1426s
 46249 19554  454.97104   76  121  534.06400  435.86061  18.4%   142 1433s
 46264 19556  435.86061   77  178  534.06400  435.86061  18.4%   142 1437s
 46314 19594 infeasible   78       534.06400  435.86061  18.4%   142 1443s
 46354 19614  455.92588   79  143  534.06400  435.86061  18.4%   142 1445s
 46428 19644     cutoff   80       534.06400  435.86061  18.4%   142 1451s
 46560 19699  435.86061   84  172  534.06400  435.86061  18.4%   143 1457s
 46713 19741  435.86061   90  169  534.06400  435.86061  18.4%   143 1462s
 46803 19755     cutoff   93       534.06400  435.86061  18.4%   144 1465s
 46994 19804 infeasible   97       534.06400  435.86061  18.4%   144 1472s
 47095 19865  436.03955  100  177  534.06400  435.86061  18.4%   144 1475s
 47357 19889     cutoff  109       534.06400  435.86061  18.4%   145 1482s
 47477 19907     cutoff  115       534.06400  435.86061  18.4%   145 1486s
 47670 19998  441.82027  125  162  534.06400  435.86061  18.4%   146 1493s
 47818 20031  512.46520  129  118  534.06400  435.86061  18.4%   146 1497s
 47959 20077  442.80343  134  162  534.06400  435.86061  18.4%   147 1501s
 48134 20139  443.22956  141  158  534.06400  435.86061  18.4%   147 1505s
 48301 20151  443.58452  145  153  534.06400  435.86061  18.4%   147 1511s
 48474 20173     cutoff  149       534.06400  435.86061  18.4%   147 1516s
 48625 20218     cutoff  154       534.06400  435.86061  18.4%   148 1521s
 48791 20322  445.59485  160  163  534.06400  435.86061  18.4%   149 1526s
 49015 20289  446.11605  169  160  534.06400  435.86061  18.4%   149 1535s
 49132 20300     cutoff  169       534.06400  435.86061  18.4%   149 1542s
 49280 20324  446.39005  176  162  534.06400  435.86061  18.4%   150 1547s
 49421 20318     cutoff  185       534.06400  435.86061  18.4%   150 1555s
 49529 20393  448.06302  189  163  534.06400  435.86061  18.4%   151 1561s
 49738 20466 infeasible  199       534.06400  435.86061  18.4%   151 1567s
 49963 20535     cutoff  211       534.06400  435.86061  18.4%   152 1573s
 50215 20650  529.27668  223   91  534.06400  435.86061  18.4%   152 1580s
 50508 20815 infeasible  235       534.06400  435.86061  18.4%   153 1587s
 50888 20908  456.62844  251  156  534.06400  435.86061  18.4%   153 1594s
 51281 21039  471.14394  266  151  534.06400  435.86061  18.4%   154 1602s
 51791 21234     cutoff  302       534.06400  435.86061  18.4%   154 1610s
 52455 21422  478.26081   73   98  534.06400  435.86061  18.4%   154 1619s
 53069 21614  492.13854  180  106  534.06400  435.86061  18.4%   153 1628s
 53875 21921     cutoff  119       534.06400  435.86061  18.4%   153 1636s
 54748 22198  461.27907  122  152  534.06400  435.86061  18.4%   152 1644s
 55453 22565  467.80006  111  100  534.06400  435.86061  18.4%   152 1654s
 56104 22750  464.38970   81  153  534.06400  435.86061  18.4%   151 1664s
 56622 22876  482.89919  143  139  534.06400  435.86061  18.4%   150 1672s
 57002 23297  436.05805   75  192  534.06400  435.86061  18.4%   150 1684s
 57617 23974  438.35049   97  175  534.06400  435.86061  18.4%   150 1695s
 58573 24634  444.95271  196  166  534.06400  435.86061  18.4%   149 1705s
 59696 25689  462.17078  399  155  534.06400  435.86061  18.4%   148 1719s
 61308 25400  474.85007  103  144  534.06400  435.86061  18.4%   147 1725s
 61621 25414  479.15128  135  149  534.06400  435.86061  18.4%   147 1731s
 61812 25610  480.84868  162  144  534.06400  435.86061  18.4%   147 1738s
 62162 25740  501.35659  257  137  534.06400  435.86061  18.4%   147 1746s
 62569 25844  490.87924  101  120  534.06400  435.86061  18.4%   147 1754s
 62935 26220     cutoff  163       534.06400  435.86061  18.4%   147 1766s
 63577 27012  516.12327  164  137  534.06400  435.86061  18.4%   147 1778s
 64795 27115  506.28548  125   87  534.06400  435.86061  18.4%   146 1789s
 65498 27580  483.84249  134  155  534.06400  435.87085  18.4%   145 1800s
 66352 28067  484.37287  135  148  534.06400  435.87518  18.4%   145 1811s
 67546 28571  483.83378  127  137  534.06400  436.06592  18.3%   145 1820s
 68734 28428  462.95502   81  112  534.06400  436.58005  18.3%   145 1828s
 69187 28620  477.49601  137  151  534.06400  436.64918  18.2%   145 1837s
 69862 28719  485.52701  183  158  534.06400  436.78826  18.2%   145 1847s
 70353 29012  514.82138  359  139  534.06400  436.78826  18.2%   145 1856s
 71055 29075  446.29213  152  169  534.06400  436.85280  18.2%   145 1865s
 71433 30271  452.56794  167  164  534.06400  436.98127  18.2%   145 1875s
 72990 30632  465.76719  313  160  534.06400  436.98822  18.2%   144 1884s
 74136 31361  521.62272  160  120  534.06400  436.98822  18.2%   143 1901s
 75732 31260  491.14732  128  138  534.06400  437.19226  18.1%   143 1908s
 76484 31275  475.62260   48   92  534.06400  437.41972  18.1%   143 1917s
 76976 31514  478.61955  106  161  534.06400  437.66345  18.1%   143 1925s
 77610 31618  486.79251  138  151  534.06400  437.66345  18.1%   143 1934s
 78028 31484  496.03851  195  141  534.06400  437.66345  18.1%   143 1945s
 78088 31754  496.08568  196  142  534.06400  437.66345  18.1%   143 1956s
 78668 32168  523.55340  347  126  534.06400  437.66345  18.1%   143 1966s
 79529 32146  468.12212   72   88  534.06400  438.57572  17.9%   143 1975s
 80145 32799  464.15153  120  155  534.06400  438.57572  17.9%   143 1986s
 81446 33063  457.72557  139  168  534.06400  438.57572  17.9%   142 1995s
 82650 33437  496.11916  130  137  534.06400  438.88932  17.8%   142 2004s
 83860 33348  525.32856  195  119  534.06400  439.15261  17.8%   142 2014s
 84541 33790  498.38289  181  119  534.06400  439.43173  17.7%   142 2024s
 85624 33701  514.22732  148  114  534.06400  439.54801  17.7%   142 2033s
 86085 34350  479.77002   56  103  534.06400  439.92465  17.6%   142 2042s
 87380 34435  480.44760  125  132  534.06400  439.92465  17.6%   142 2050s
 88320 34910  451.71296  227  168  534.06400  440.22475  17.6%   142 2059s
 89413 35303  454.27646  296  172  534.06400  440.22475  17.6%   141 2074s
 90904 35250  457.59330  371  172  534.06400  440.88849  17.4%   141 2081s
 91511 35977  461.80997  469  169  534.06400  441.18274  17.4%   141 2088s
 92602 35913  466.17138  653  162  534.06400  441.34096  17.4%   140 2096s
 92982 36020  468.59690  727  160  534.06400  441.41192  17.3%   140 2104s
 93306 36836  471.27881  797  158  534.06400  441.41192  17.3%   140 2112s
 94467 36749  477.75604 1013  153  534.06400  441.45230  17.3%   140 2120s
 94977 36970  479.55501 1060  151  534.06400  441.56090  17.3%   140 2127s
 95441 37998  480.27865 1086  157  534.06400  441.85773  17.3%   140 2136s
 96795 38407  492.22148 1410  136  534.06400  441.94987  17.2%   139 2145s
 97850 38969  453.56597  225  173  534.06400  442.02530  17.2%   139 2153s
 98991 39144  466.88016  288  164  534.06400  442.08468  17.2%   138 2161s
 99842 39375     cutoff   51       534.06400  442.38361  17.2%   138 2169s
 100624 39809  482.31189  241  133  534.06400  442.70163  17.1%   138 2177s
 101573 39777  491.58088  285  164  534.06400  442.76144  17.1%   138 2184s
 102118 39828  480.99098   62  130  534.06400  442.81868  17.1%   138 2191s
 102509 40084  462.54492  256  132  534.06400  442.98270  17.1%   138 2198s
 103508 40515     cutoff  180       534.06400  443.11957  17.0%   138 2207s
 104478 40889  473.10153  266  139  534.06400  443.25779  17.0%   139 2225s
 105286 41377  479.92151  270  154  534.06400  443.61829  16.9%   139 2237s
 106047 42472  502.42708  350  153  534.06400  443.61829  16.9%   139 2250s
 107682 43409  468.12889  300  159  534.06400  443.93406  16.9%   139 2260s
 109106 44079  472.01601  307  141  534.06400  443.97465  16.9%   138 2268s
 110081 44411  513.64009  317  108  534.06400  444.23967  16.8%   138 2277s
 111087 45089  470.22444  332  128  534.06400  444.63494  16.7%   139 2285s
 112192 45395  462.66451  139  151  534.06400  444.74354  16.7%   138 2291s
 112709 45819  479.07144  170  162  534.06400  444.78453  16.7%   138 2300s
 113497 46176  508.74722  200  125  534.06400  444.78453  16.7%   139 2307s
 114175 46450  509.24498  268  121  534.06400  444.96045  16.7%   139 2316s
 114665 46638  487.60304  351  121  534.06400  445.14672  16.6%   139 2325s
 115020 47406  465.89029  360  166  534.06400  445.24200  16.6%   139 2333s
 116240 48090  467.87161   56  136  534.06400  445.45430  16.6%   139 2342s
 117238 48463     cutoff  157       534.06400  445.69747  16.5%   139 2350s
 117931 48590  460.58923  161  142  534.06400  445.86010  16.5%   139 2358s
 118285 49267  477.29130  181  143  534.06400  445.90111  16.5%   139 2367s
 119250 49667  465.22312   45  114  534.06400  446.01483  16.5%   139 2379s
 120146 49953 infeasible  226       534.06400  446.26069  16.4%   139 2388s
 121020 50166  449.06028  172  204  534.06400  446.27111  16.4%   140 2397s
 121608 50670  451.51448  195  184  534.06400  446.49651  16.4%   140 2408s
 122387 51769  477.10969  240  134  534.06400  446.65346  16.4%   141 2419s
 123875 51861  477.73460  424  151  534.06400  446.86417  16.3%   140 2427s
 124184 52181  482.62616  442  143  534.06400  446.86417  16.3%   141 2435s
 124911 52812  504.34269  482  105  534.06400  446.91317  16.3%   141 2444s
 125926 53114  505.06287  145   90  534.06400  447.12472  16.3%   141 2453s
 126457 53431     cutoff  301       534.06400  447.26613  16.3%   141 2462s
 127146 53580  464.49765  134  121  534.06400  447.30453  16.2%   141 2471s
 127496 54474  478.02811  156  126  534.06400  447.30453  16.2%   141 2481s
 128901 55464  497.90424  282  147  534.06400  447.49368  16.2%   141 2490s
 130213 55980  514.69898  501  155  534.06400  447.64647  16.2%   141 2499s
 131224 56502  493.16014  493  150  534.06400  447.82354  16.1%   141 2508s
 132106 57243  520.64895  118  131  534.06400  448.02955  16.1%   141 2516s
 133109 57632  496.77049  139  126  534.06400  448.02955  16.1%   141 2523s
 133599 58858  501.99401  158  128  534.06400  448.18915  16.1%   140 2532s
 135036 59770  460.32885  196  152  534.06400  448.28253  16.1%   140 2547s
 136218 60567  463.93428  305  160  534.06400  448.36190  16.0%   139 2554s
 137238 60888  469.24541  490  166  534.06400  448.48853  16.0%   139 2562s
 137658 61436  473.20779  571  161  534.06400  448.55152  16.0%   139 2569s
 138372 62665  477.43207  680  149  534.06400  448.55365  16.0%   139 2576s
 139838 63226  485.76746  958  143  534.06400  448.69973  16.0%   138 2583s
 140684 63542  491.27206 1111  140  534.06400  448.69973  16.0%   138 2590s
 141400 63868  497.56706 1232  130  534.06400  448.98661  15.9%   138 2598s
 141967 64316  480.47516   59   87  534.06400  448.99504  15.9%   138 2605s
 142953 65030  469.67510  108  130  534.06400  449.10675  15.9%   138 2613s
 143860 65521  485.28184  130  109  534.06400  449.32160  15.9%   137 2620s
 144560 65924  489.62412  328  167  534.06400  449.45827  15.8%   137 2627s
 145274 66026  518.75813  530  116  534.06400  449.58330  15.8%   137 2634s
 145714 66307     cutoff   56       534.06400  449.75942  15.8%   138 2641s
 146171 67061  463.48954  138  165  534.06400  449.75942  15.8%   138 2650s
 147237 67295  481.46521  537  146  534.06400  449.88753  15.8%   138 2658s
 147704 67510  469.83430   80  157  534.06400  450.13048  15.7%   138 2665s
 148037 68038  488.05746  112  142  534.06400  450.19211  15.7%   138 2673s
 148940 68196  453.88037  183  175  534.06400  450.48465  15.6%   138 2681s
 149301 68814  457.02036  231  180  534.06400  450.51047  15.6%   138 2690s
 150307 69245  468.14333  338  173  534.06400  450.59625  15.6%   138 2703s
 151144 69477  487.74807  470  167  534.06400  450.70104  15.6%   138 2713s
 151671 71056  470.60572   98  138  534.06400  450.75323  15.6%   138 2725s
 153647 72501  483.63309  617  176  534.06400  450.94683  15.6%   138 2734s
 155330 73537  502.64997  581  116  534.06400  450.94683  15.6%   137 2741s
 156632 73757  493.35676  144  164  534.06400  451.20502  15.5%   137 2746s
 156981 74105     cutoff  620       534.06400  451.27451  15.5%   137 2752s
 157586 74166  517.12878  198  143  534.06400  451.42737  15.5%   137 2761s
*157636 65286             160     512.2880000  451.44463  11.9%   137 2761s
 157817 65431  502.98662  221  121  512.28800  451.47987  11.9%   137 2767s
 158189 65608     cutoff  630       512.28800  451.55892  11.9%   137 2774s
 158521 66353  468.07219  105  126  512.28800  451.57505  11.9%   137 2781s
 159526 66681  479.35854   90  125  512.28800  451.59116  11.8%   137 2789s
 159910 66731  488.42035   95  110  512.28800  451.65495  11.8%   137 2796s
 160033 66861     cutoff   97       512.28800  451.71523  11.8%   137 2802s
 160337 67284     cutoff  104       512.28800  451.77783  11.8%   137 2810s
 161111 67980     cutoff   86       512.28800  451.88651  11.8%   137 2817s
 162248 68322  486.36789   87  153  512.28800  451.99167  11.8%   137 2824s
 162820 68553  485.87957  219  122  512.28800  452.13736  11.7%   137 2832s
 163211 68975  492.04420  239  123  512.28800  452.14587  11.7%   137 2839s
 164003 69797  463.27587   86  165  512.28800  452.29616  11.7%   137 2846s
 165131 70544     cutoff   98       512.28800  452.54261  11.7%   137 2858s
 166162 71346  472.39394  245  110  512.28800  452.68985  11.6%   137 2868s
 167251 72080     cutoff  170       512.28800  452.77308  11.6%   136 2876s
 168437 72908  473.47067  232  145  512.28800  452.91954  11.6%   136 2883s
 169467 73453  474.65440  258  131  512.28800  453.00865  11.6%   136 2891s
 170244 74015     cutoff  253       512.28800  453.08047  11.6%   136 2897s
 170921 74452  475.86451  210   97  512.28800  453.13607  11.5%   136 2905s
 171439 75382  459.84755  271  149  512.28800  453.13607  11.5%   136 2912s
 172569 76037  473.62572  336  140  512.28800  453.13607  11.5%   135 2918s
 173325 77245  482.81157  456  139  512.28800  453.21186  11.5%   135 2926s
 174951 78089  460.84862  248  143  512.28800  453.23144  11.5%   135 2933s
 175897 79138  464.66490  299  136  512.28800  453.23625  11.5%   134 2940s
 177163 79743  473.56596  403  145  512.28800  453.23625  11.5%   134 2946s
 177980 79962  481.69540  503  147  512.28800  453.30422  11.5%   134 2952s
 178361 81013  484.44664  549  143  512.28800  453.31486  11.5%   134 2958s
 179535 81792  494.93408  761  137  512.28800  453.33470  11.5%   133 2964s
 180479 83576  468.69505  276  133  512.28800  453.33470  11.5%   133 2977s
 182687 83686  503.73109  400  103  512.28800  453.33470  11.5%   132 2982s
 182995 83868  500.41313  156  142  512.28800  453.38714  11.5%   132 2986s
 183406 84316  480.46355  261  130  512.28800  453.42509  11.5%   132 2990s
 184080 84850  484.32164  246  123  512.28800  453.42509  11.5%   132 2996s
 184695 85806  473.88022  288  120  512.28800  453.45934  11.5%   132 3002s
 185720 86616  499.70386  449  109  512.28800  453.45934  11.5%   132 3008s
 186624 87175     cutoff  267       512.28800  453.45934  11.5%   131 3013s
 187331 87471  467.72657  267  129  512.28800  453.49867  11.5%   131 3018s
 187676 88625  472.66946  304  138  512.28800  453.51746  11.5%   131 3024s
 188901 89568     cutoff  138       512.28800  453.53495  11.5%   131 3029s
 189944 90460  472.53604  248  122  512.28800  453.58656  11.5%   131 3035s
 190921 91420     cutoff  269       512.28800  453.59203  11.5%   130 3040s
 191922 91948  498.90823  389  112  512.28800  453.59220  11.5%   130 3045s
 192502 92803  464.25472  293  138  512.28800  453.59220  11.5%   130 3051s
 193416 93114  470.54483  376  137  512.28800  453.60654  11.5%   129 3056s
 193834 93574  473.76022  433  136  512.28800  453.60654  11.5%   129 3060s
 194431 94827  479.67409  526  150  512.28800  453.60654  11.5%   129 3066s
 195932 96289  509.07052  787  119  512.28800  453.62378  11.5%   129 3079s
 197974 96393     cutoff  306       512.28800  453.65041  11.4%   128 3083s
 198153 97071  473.00857  318  139  512.28800  453.66135  11.4%   128 3088s
 198981 97614  478.02910  346  117  512.28800  453.66135  11.4%   128 3092s
 199629 98544  481.40938  379  119  512.28800  453.66135  11.4%   128 3098s
 200889 98879     cutoff  464       512.28800  453.67821  11.4%   128 3103s
 201406 99869  481.63382  288  114  512.28800  453.67821  11.4%   128 3108s
 202574 100441  505.45894  431  124  512.28800  453.67821  11.4%   127 3113s
 203259 100690     cutoff  118       512.28800  453.69416  11.4%   127 3117s
 203630 101052  469.76062  309  139  512.28800  453.71108  11.4%   127 3122s
 204044 101787  476.76257  355  130  512.28800  453.71108  11.4%   127 3127s
 204876 102311  471.01022  309  147  512.28800  453.71108  11.4%   127 3132s
 205507 102590  475.13969  349  151  512.28800  453.71108  11.4%   127 3137s
 205962 103338  475.89863  369  158  512.28800  453.71108  11.4%   127 3144s
 207029 103866  485.27744  473  151  512.28800  453.76340  11.4%   126 3149s
 207928 104005     cutoff   51       512.28800  453.82146  11.4%   126 3153s
 208227 104485  470.90021   69  139  512.28800  453.82556  11.4%   126 3159s
 208950 105057  481.23119  276  102  512.28800  453.83889  11.4%   126 3164s
 209672 105726  466.09629  330  143  512.28800  453.86074  11.4%   126 3169s
 210432 107187  473.40302  421  142  512.28800  453.86182  11.4%   126 3182s
 212293 107599  467.72954  188  133  512.28800  453.87004  11.4%   126 3186s
 212765 108155  471.02371  205  147  512.28800  453.87004  11.4%   125 3191s
 213393 108835  475.01375  279  141  512.28800  453.87522  11.4%   125 3196s
 214149 109836  480.73001  370  155  512.28800  453.87522  11.4%   125 3202s
 215324 110753  487.15833  488  156  512.28800  453.87522  11.4%   125 3209s
 216431 111068  470.86374  283  120  512.28800  453.89224  11.4%   125 3213s
 216843 111508  465.94724  333  138  512.28800  453.89224  11.4%   125 3218s
 217526 111875  472.43174  403  151  512.28800  453.89224  11.4%   125 3223s
 218155 112438  480.75501  479  145  512.28800  453.89561  11.4%   125 3228s
 218907 112779 infeasible  338       512.28800  453.91234  11.4%   124 3234s
 219376 113596  476.93032  334  120  512.28800  453.93232  11.4%   124 3240s
 220359 114037     cutoff   82       512.28800  453.95550  11.4%   124 3245s
 220937 114615  491.81207  290  145  512.28800  453.96258  11.4%   124 3251s
 221698 115288  471.58152  302  119  512.28800  453.96904  11.4%   124 3257s
 222744 115700  475.43832  337  117  512.28800  453.96904  11.4%   124 3262s
 223203 116249  493.10046  427  121  512.28800  453.97997  11.4%   124 3267s
 223917 116929  473.89675  344  138  512.28800  453.98958  11.4%   124 3273s
 224727 117781  480.43316  392  101  512.28800  453.98958  11.4%   124 3279s
 225746 119109  476.29384  319  121  512.28800  453.98958  11.4%   123 3291s
 227645 119339  480.90908  353  109  512.28800  453.99951  11.4%   123 3295s
 227922 119628  490.72263  371  101  512.28800  453.99951  11.4%   123 3300s
 228379 120015  496.63950  356   93  512.28800  453.99951  11.4%   123 3306s
 228941 120704  462.94482  306  133  512.28800  454.02416  11.4%   123 3312s
 229837 121232  464.50952  319  142  512.28800  454.02416  11.4%   123 3318s
 230708 121630  465.85177  338  142  512.28800  454.03783  11.4%   123 3325s
 231307 122427     cutoff  341       512.28800  454.04322  11.4%   123 3331s
 232469 123153  467.40012  357  145  512.28800  454.04322  11.4%   123 3336s
 233758 123465  468.06224  374  145  512.28800  454.05709  11.4%   123 3342s
 234230 124236  485.71192  379  114  512.28800  454.05709  11.4%   123 3347s
 235229 125176  469.67892  396  142  512.28800  454.05709  11.4%   123 3353s
 236424 125578  470.92931  411  153  512.28800  454.08063  11.4%   122 3357s
 237134 125733  472.76080  430  155  512.28800  454.11617  11.4%   122 3361s
 237698 126169     cutoff  437       512.28800  454.11617  11.4%   122 3366s
 238767 126510  474.58153  460  144  512.28800  454.12826  11.4%   122 3371s
 239268 126806  475.80741  473  155  512.28800  454.12963  11.4%   122 3377s
 239792 126973  478.32790  497  155  512.28800  454.12963  11.4%   122 3381s
 240169 127250  480.71676  520  146  512.28800  454.13242  11.4%   122 3387s
 240784 127395  483.39745  548  145  512.28800  454.13242  11.4%   123 3397s
 241700 127997  488.72411  602  143  512.28800  454.13242  11.4%   123 3405s
 243223 128575  486.67210  324  102  512.28800  454.14972  11.3%   122 3412s
 244169 129477  473.20559  348  112  512.28800  454.14972  11.3%   122 3417s
 245479 129860  466.77394  331  135  512.28800  454.18073  11.3%   122 3422s
 246124 130655  475.27634  406  121  512.28800  454.24924  11.3%   122 3428s
 247040 131423  465.75798  382  148  512.28800  454.25230  11.3%   122 3434s
 248055 131573  474.62680  459  135  512.28800  454.25230  11.3%   122 3438s
 248229 132319  476.83917  473  128  512.28800  454.25230  11.3%   122 3443s
 249077 133295  482.04005  387  163  512.28800  454.25230  11.3%   121 3448s
 250277 133656  488.47352  432  160  512.28800  454.26317  11.3%   121 3453s
 250711 134057  466.82811  334  136  512.28800  454.29795  11.3%   121 3457s
 251297 134960  476.16710  396  123  512.28800  454.29795  11.3%   121 3462s
 252377 135800     cutoff  219       512.28800  454.31962  11.3%   121 3467s
 253242 136550  483.63571  397  120  512.28800  454.31962  11.3%   121 3471s
 254047 137833  487.83799  410  111  512.28800  454.32552  11.3%   120 3477s
 255421 138934     cutoff  344       512.28800  454.32697  11.3%   120 3489s
 256753 139489 infeasible  414       512.28800  454.32761  11.3%   120 3493s
 257419 140037  486.55837  410  103  512.28800  454.35178  11.3%   120 3498s
 258015 141190  489.68045  416  112  512.28800  454.35724  11.3%   120 3505s
 260020 143093  481.23045  483  122  512.28800  454.38030  11.3%   119 3516s
 261472 143889  459.75780   85  186  512.28800  454.39516  11.3%   119 3520s
 262374 144558  465.80642  112  163  512.28800  454.41684  11.3%   119 3525s
 263133 145448  474.68901  128  172  512.28800  454.41684  11.3%   119 3530s
 264107 146306  469.75188  375  134  512.28800  454.41684  11.3%   119 3536s
 265097 146750  496.50396  558  116  512.28800  454.41684  11.3%   119 3541s
 265593 147657  457.47894  406  164  512.28800  454.41684  11.3%   119 3545s
 266672 148279  458.26394  441  160  512.28800  454.41684  11.3%   118 3550s
 267501 148799  459.22585  495  178  512.28800  454.49212  11.3%   118 3555s
 268196 149279  459.98032  545  177  512.28800  454.49212  11.3%   118 3560s
 268826 149655  459.99920  547  183  512.28800  454.49212  11.3%   118 3565s
 269534 150320  479.78488   95  112  512.28800  454.56541  11.3%   118 3570s
 270338 151674  504.63181  116  113  512.28800  454.57757  11.3%   118 3581s
 272106 151713  473.28526  427  139  512.28800  454.60689  11.3%   118 3585s
 272512 152641  481.09388  520  141  512.28800  454.60689  11.3%   118 3595s

Cutting planes:
  Cover: 23
  MIR: 41
  Flow cover: 462
  Inf proof: 1
  Zero half: 5
  Mod-K: 2

Explored 273341 nodes (32237320 simplex iterations) in 3596.60 seconds (8626.74 work units)
Thread count was 8 (of 80 available processors)

Solution count 10: 512.288 534.064 562.784 ... 610.68

Time limit reached
Best objective 5.122879999997e+02, best bound 4.546068888462e+02, gap 11.2595%

User-callback calls 1052663, time in user-callback 4.09 sec
