
Gurobi 12.0.3 (linux64) logging started Sun Sep 13 14:19:50 2026

Set parameter LogFile to value "/share/scaglione/nc437/evsp-dr/cumulative_budget_20260913/cases/c4_k08/mip_warm/135654_r0/gurobi.log"
Set parameter OutputFlag to value 1
Set parameter TimeLimit to value 3600
Set parameter MIPGap to value 0.0001
Set parameter Threads to value 8
Set parameter TimeLimit to value 1800
Gurobi Optimizer version 12.0.3 build v12.0.3rc0 (linux64 - "Ubuntu 24.04.4 LTS")

CPU model: Intel(R) Xeon(R) Gold 6230 CPU @ 2.10GHz, instruction set [SSE2|AVX|AVX2|AVX512]
Thread count: 40 physical cores, 80 logical processors, using up to 8 threads

Non-default parameters:
TimeLimit  1800
Threads  8

Optimize a model with 188 rows, 35482 columns and 820662 nonzeros
Model fingerprint: 0xd46097d5
Variable types: 0 continuous, 35482 integer (35482 binary)
Coefficient statistics:
  Matrix range     [1e+00, 1e+00]
  Objective range  [1e+00, 1e+00]
  Bounds range     [1e+00, 1e+00]
  RHS range        [1e+00, 1e+00]

Loaded user MIP start with objective 16

Presolve removed 0 rows and 884 columns
Presolve time: 1.37s
Presolved: 188 rows, 34598 columns, 804872 nonzeros
Found heuristic solution: objective 14.0000000
Variable types: 0 continuous, 34598 integer (34598 binary)

Starting sifting (using dual simplex for sub-problems)...

    Iter     Pivots    Primal Obj      Dual Obj        Time
       0          0     infinity      0.0000000e+00      2s
       1        230   1.3700000e+02   2.9782609e+00      2s
       2        852   8.4850407e+00   4.0824669e+00      2s
       3       1564   8.0000000e+00   5.3316282e+00      2s

Sifting complete


Root relaxation: objective 8.000000e+00, 1962 iterations, 0.20 seconds (0.19 work units)

    Nodes    |    Current Node    |     Objective Bounds      |     Work
 Expl Unexpl |  Obj  Depth IntInf | Incumbent    BestBd   Gap | It/Node Time

     0     0    8.00000    0    6   14.00000    8.00000  42.9%     -    1s
H    0     0                       9.0000000    8.00000  11.1%     -    1s
H    0     0                       8.0000000    8.00000  0.00%     -    1s
     0     0    8.00000    0    6    8.00000    8.00000  0.00%     -    1s

Explored 1 nodes (1962 simplex iterations) in 1.91 seconds (1.43 work units)
Thread count was 8 (of 80 available processors)

Solution count 4: 8 9 14 16 

Optimal solution found (tolerance 1.00e-04)
Best objective 8.000000000000e+00, best bound 8.000000000000e+00, gap 0.0000%

User-callback calls 381, time in user-callback 0.00 sec
Set parameter TimeLimit to value 3.5972723803520203e+03
Gurobi Optimizer version 12.0.3 build v12.0.3rc0 (linux64 - "Ubuntu 24.04.4 LTS")

CPU model: Intel(R) Xeon(R) Gold 6230 CPU @ 2.10GHz, instruction set [SSE2|AVX|AVX2|AVX512]
Thread count: 40 physical cores, 80 logical processors, using up to 8 threads

Non-default parameters:
TimeLimit  3.5972723803520203e+03
Threads  8

Optimize a model with 189 rows, 35482 columns and 856144 nonzeros
Model fingerprint: 0xe09ac194
Variable types: 0 continuous, 35482 integer (35482 binary)
Coefficient statistics:
  Matrix range     [1e+00, 1e+00]
  Objective range  [5e+00, 2e+02]
  Bounds range     [1e+00, 1e+00]
  RHS range        [1e+00, 8e+00]

Loaded user MIP start with objective 629.144
MIP start from previous solve did not produce a new incumbent solution

Presolve removed 0 rows and 108 columns
Presolve time: 1.40s
Presolved: 189 rows, 35374 columns, 853164 nonzeros
Variable types: 0 continuous, 35374 integer (35374 binary)

Starting sifting (using dual simplex for sub-problems)...

    Iter     Pivots    Primal Obj      Dual Obj        Time
       0          0     infinity      0.0000000e+00      2s
       1        353   5.6166991e+07   8.0682361e+01      2s
       2        966   8.3328542e+06   1.5667499e+02      2s
       3       2042   1.0211106e+06   1.8130898e+02      2s
       4       3396   3.4881525e+05   1.9832764e+02      2s
       5       5155   7.2274459e+03   1.9898438e+02      2s
       6       6506   3.7710365e+02   3.5116820e+02      2s
       7       7715   3.7710365e+02   3.5698397e+02      2s
       8       8638   3.7361068e+02   3.6509000e+02      2s
       9       9529   3.6478661e+02   3.6502007e+02      3s
      10      10492   3.6071332e+02   3.6325360e+02      3s
      11      11387   3.6005636e+02   3.6155815e+02      3s
      12      12381   3.5982118e+02   3.6075580e+02      3s
      13      13600   3.5981822e+02   3.6045640e+02      3s
      14      14757   3.5981822e+02   3.6038686e+02      3s
      15      15591   3.5981822e+02   3.6020517e+02      4s
      16      16586   3.5981822e+02   3.6003719e+02      4s

Sifting complete


Root relaxation: objective 3.598182e+02, 17495 iterations, 2.33 seconds (3.26 work units)

    Nodes    |    Current Node    |     Objective Bounds      |     Work
 Expl Unexpl |  Obj  Depth IntInf | Incumbent    BestBd   Gap | It/Node Time

     0     0  359.81822    0   89  629.14400  359.81822  42.8%     -    3s
H    0     0                     578.8480000  359.81822  37.8%     -    8s
H    0     0                     546.9840000  359.81822  34.2%     -    8s
H    0     0                     537.7680000  360.46316  33.0%     -   12s
     0     0  360.46316    0  108  537.76800  360.46316  33.0%     -   12s
H    0     0                     522.8080000  360.46316  31.1%     -   18s
H    0     0                     498.3040000  360.46316  27.7%     -   19s
H    0     0                     478.0960000  360.46316  24.6%     -   19s
H    0     0                     438.9200000  360.46316  17.9%     -   19s
H    0     0                     429.4960000  360.46316  16.1%     -   20s
     0     0  360.61532    0  110  429.49600  360.61532  16.0%     -   23s
     0     0  361.76755    0  102  429.49600  361.76755  15.8%     -   25s
     0     0  361.90560    0  105  429.49600  361.90560  15.7%     -   26s
     0     0  362.00050    0  106  429.49600  362.00050  15.7%     -   26s
     0     0  362.05013    0  107  429.49600  362.05013  15.7%     -   26s
     0     0  362.08729    0  110  429.49600  362.08729  15.7%     -   27s
     0     0  362.21070    0  123  429.49600  362.21070  15.7%     -   28s
     0     0  362.28203    0  117  429.49600  362.28203  15.6%     -   28s
     0     0  362.34688    0  132  429.49600  362.34688  15.6%     -   29s
     0     0  362.39547    0  131  429.49600  362.39547  15.6%     -   29s
     0     0  362.41474    0  131  429.49600  362.41474  15.6%     -   30s
     0     0  362.42717    0  129  429.49600  362.42717  15.6%     -   30s
     0     0  362.47519    0  123  429.49600  362.47519  15.6%     -   30s
     0     0  362.53611    0  118  429.49600  362.53611  15.6%     -   31s
     0     0  362.56767    0  119  429.49600  362.56767  15.6%     -   31s
     0     0  362.56767    0  119  429.49600  362.56767  15.6%     -   32s
     0     0  362.56838    0   88  429.49600  362.56838  15.6%     -   44s
     0     0  362.56838    0  102  429.49600  362.56838  15.6%     -   47s
     0     0  362.56838    0  106  429.49600  362.56838  15.6%     -   62s
     0     0  362.56838    0  114  429.49600  362.56838  15.6%     -   63s
     0     0  362.56838    0  130  429.49600  362.56838  15.6%     -   63s
     0     0  362.56838    0  128  429.49600  362.56838  15.6%     -   63s
     0     0  362.56838    0  123  429.49600  362.56838  15.6%     -   64s
     0     0  362.56838    0  124  429.49600  362.56838  15.6%     -   64s
     0     0  362.56838    0  137  429.49600  362.56838  15.6%     -   64s
     0     0  362.57819    0  138  429.49600  362.57819  15.6%     -   64s
     0     0  362.61209    0  127  429.49600  362.61209  15.6%     -   65s
     0     0  362.62432    0  144  429.49600  362.62432  15.6%     -   65s
     0     0  362.64839    0  140  429.49600  362.64839  15.6%     -   65s
     0     0  362.67327    0  142  429.49600  362.67327  15.6%     -   65s
     0     0  362.68051    0  144  429.49600  362.68051  15.6%     -   65s
     0     0  362.70179    0  148  429.49600  362.70179  15.6%     -   66s
     0     0  362.72008    0  149  429.49600  362.72008  15.5%     -   66s
     0     0  362.72564    0  149  429.49600  362.72564  15.5%     -   66s
     0     0  362.73579    0  149  429.49600  362.73579  15.5%     -   67s
     0     0  362.73603    0  149  429.49600  362.73603  15.5%     -   67s
     0     0  363.57822    0   92  429.49600  363.57822  15.3%     -   79s
     0     0  363.57822    0  102  429.49600  363.57822  15.3%     -   80s
     0     0  363.57822    0  113  429.49600  363.57822  15.3%     -   83s
     0     0  363.57822    0  122  429.49600  363.57822  15.3%     -   83s
     0     0  363.57822    0  118  429.49600  363.57822  15.3%     -   83s
     0     0  363.57822    0  125  429.49600  363.57822  15.3%     -   83s
     0     0  363.57822    0  127  429.49600  363.57822  15.3%     -   84s
     0     0  363.57822    0  141  429.49600  363.57822  15.3%     -   84s
     0     0  363.57822    0  146  429.49600  363.57822  15.3%     -   84s
     0     0  363.57822    0  152  429.49600  363.57822  15.3%     -   84s
     0     0  363.57822    0  156  429.49600  363.57822  15.3%     -   84s
     0     0  363.57822    0  162  429.49600  363.57822  15.3%     -   85s
     0     0  363.57822    0  164  429.49600  363.57822  15.3%     -   87s
     0     0  363.57822    0  163  429.49600  363.57822  15.3%     -   87s
     0     0  363.57822    0  163  429.49600  363.57822  15.3%     -   87s
     0     0  363.57822    0  163  429.49600  363.57822  15.3%     -   87s
     0     0  363.57822    0  165  429.49600  363.57822  15.3%     -   87s
     0     0  363.57822    0  167  429.49600  363.57822  15.3%     -   87s
     0     0  363.57822    0  167  429.49600  363.57822  15.3%     -   88s
     0     2  363.57822    0  167  429.49600  363.57822  15.3%     -   93s
     5     2  363.57822    3  164  429.49600  363.57822  15.3%   781   95s
    57     6     cutoff   17       429.49600  363.57822  15.3%   508  100s
   144    43     cutoff   33       429.49600  363.57822  15.3%   436  105s
   290    87  404.76743   45   55  429.49600  363.57822  15.3%   366  110s
   423   137  368.46779   80  142  429.49600  364.12658  15.2%   320  115s
H  650   254                     428.7520000  364.53602  15.0%   292  119s
   656   286  372.35894  128  124  428.75200  364.53602  15.0%   294  120s
  1197   631  373.54631  181  122  428.75200  364.79545  14.9%   222  125s
  1580   778  375.23709  272  120  428.75200  365.59095  14.7%   221  130s
  1750   844  376.39662  313  127  428.75200  366.06777  14.6%   233  135s
  2239  1113  410.96070   52  119  428.75200  366.37813  14.5%   225  142s
  2242  1115  367.37484   76  111  428.75200  366.37813  14.5%   225  149s
  2243  1116  371.38308  161  122  428.75200  366.37813  14.5%   225  151s
  2257  1125  413.53010  118  165  428.75200  366.37813  14.5%   223  155s
  2258  1126  377.41998  373  165  428.75200  366.37813  14.5%   223  160s
  2289  1117 infeasible   26       428.75200  366.37813  14.5%   232  165s
  2324  1108     cutoff   43       428.75200  366.37813  14.5%   239  170s
  2372  1097  403.32318   59   77  428.75200  366.37813  14.5%   245  175s
H 2466  1004                     428.2560000  366.37813  14.4%   244  178s
  2492   998 infeasible   77       428.25600  366.37813  14.4%   245  180s
  2618   972     cutoff   93       428.25600  366.37813  14.4%   248  185s
  2790  1021     cutoff  101       428.25600  366.37813  14.4%   248  190s
  2937  1082     cutoff  122       428.25600  366.37813  14.4%   244  195s
  3140  1180  403.22800   96   68  428.25600  366.37813  14.4%   239  200s
  3416  1438  377.60224  132  127  428.25600  366.37813  14.4%   229  205s
  4079  1891  381.98407  254  122  428.25600  366.37813  14.4%   201  210s
  5154  2396  386.53595  431  115  428.25600  366.37813  14.4%   171  216s
  5293  2494  389.11114  511  106  428.25600  366.37813  14.4%   167  220s
  6223  3755  395.59366  649  102  428.25600  366.43146  14.4%   148  225s
  8228  4760     cutoff  251       428.25600  367.91478  14.1%   126  231s
  8758  5028  376.51222  199  131  428.25600  368.66480  13.9%   130  236s
  9154  5342  380.84938  262  133  428.25600  369.23561  13.8%   130  241s
 10024  6389  388.06808  331  127  428.25600  369.23561  13.8%   123  246s
 10717  6796  388.95353  359  129  428.25600  369.57789  13.7%   118  251s
 11508  7987  396.66971  467  115  428.25600  370.17601  13.6%   114  256s
 12677  8309     cutoff  241       428.25600  370.58731  13.5%   112  261s
 13471  8861     cutoff  281       428.25600  371.62285  13.2%   113  266s
 14595  9159  376.73181  222  119  428.25600  372.51617  13.0%   113  296s
 14598  9161  384.55644  313  104  428.25600  372.51617  13.0%   113  301s
 14609  9168  387.05106  378  170  428.25600  372.51617  13.0%   113  305s
 14613  9171  381.42188  232  171  428.25600  372.51617  13.0%   113  310s
 14632  9172  372.51617   33  155  428.25600  372.51617  13.0%   114  315s
 14715  9144     cutoff   47       428.25600  372.51617  13.0%   116  320s
 14816  9111     cutoff   61       428.25600  372.51617  13.0%   118  325s
 14948  9109     cutoff   85       428.25600  372.51617  13.0%   120  330s
 15234  9243  372.69906  104  123  428.25600  372.51617  13.0%   120  335s
 15453  9318  373.77175  133  127  428.25600  372.51617  13.0%   120  340s
 15511  9324  373.83743  138  127  428.25600  372.51617  13.0%   121  345s
 15622  9387  374.63318  159  124  428.25600  372.51617  13.0%   121  351s
 15838  9576  375.53417  191  120  428.25600  372.51617  13.0%   120  355s
 16289  9864  377.70979  251  113  428.25600  372.51617  13.0%   118  360s
 16650 10211  379.52000  303  109  428.25600  372.51617  13.0%   117  365s
 17653 10949  385.29735  405  108  428.25600  372.51617  13.0%   112  371s
 18759 11548  409.12486  139   69  428.25600  372.51617  13.0%   109  376s
 19703 11711     cutoff  173       428.25600  372.51617  13.0%   107  380s
 20405 11602  372.51617  120  117  428.25600  372.51617  13.0%   110  386s
 20720 11897  372.51617  138  121  428.25600  372.51617  13.0%   113  390s
 22221 13063     cutoff  217       428.25600  372.51617  13.0%   111  397s
 23861 13545  378.51613  220  126  428.25600  372.51617  13.0%   107  402s
 24969 13746  389.04826  385  129  428.25600  372.51617  13.0%   107  407s
 26017 13723     cutoff  261       428.25600  372.51617  13.0%   107  412s
 26919 14004  385.24555  265  129  428.25600  372.51617  13.0%   107  417s
 27574 14540  388.14471  326  132  428.25600  372.51617  13.0%   107  421s
 29407 14782     cutoff  142       428.25600  372.51617  13.0%   105  430s
 30773 14504     cutoff  274       428.25600  372.51617  13.0%   107  436s
 31861 14638     cutoff  223       428.25600  374.41239  12.6%   110  443s
 32410 15131     cutoff  270       428.25600  374.64361  12.5%   111  448s
 33443 15221  393.50747  409  128  428.25600  374.72095  12.5%   111  452s
 34333 15272     cutoff  195       428.25600  375.41513  12.3%   112  457s
 34948 15353     cutoff  210       428.25600  375.92083  12.2%   112  461s
 35584 15848  389.48729  247  116  428.25600  376.12157  12.2%   113  466s
 36622 15882     cutoff  119       428.25600  376.64196  12.1%   112  470s
 38409 16216     cutoff  279       428.25600  377.69268  11.8%   114  478s
 39355 15951  398.90960  110   84  428.25600  378.11424  11.7%   114  483s
 40007 15711     cutoff  339       428.25600  379.11034  11.5%   116  487s
 40503 15700     cutoff  319       428.25600  379.52428  11.4%   118  491s
 41260 15447     cutoff  282       428.25600  379.81283  11.3%   120  495s
 41760 15302  387.92196  254  109  428.25600  380.18315  11.2%   121  501s
 42110 15654  388.05803  255  107  428.25600  380.57000  11.1%   122  505s
 44394 16181  397.46489  111  119  428.25600  381.04312  11.0%   122  581s
 44397 16183  384.09273  242   92  428.25600  381.04312  11.0%   122  587s
 44403 16187  396.23347  236  133  428.25600  381.04312  11.0%   122  590s
 44414 16194  395.34469  427  166  428.25600  381.04312  11.0%   122  596s
 44422 16195  381.04312   37  166  428.25600  381.04312  11.0%   122  600s
 44442 16188  381.04312   45  168  428.25600  381.04312  11.0%   122  605s
 44494 16170     cutoff   59       428.25600  381.04312  11.0%   123  610s
 44554 16154     cutoff   79       428.25600  381.04312  11.0%   123  615s
 44620 16133  415.88557   90   46  428.25600  381.04312  11.0%   124  620s
 44720 16101  381.04312  115  151  428.25600  381.04312  11.0%   125  625s
 44793 16106  381.04312  122  144  428.25600  381.04312  11.0%   125  630s
 45014 16147  381.04312  149  142  428.25600  381.04312  11.0%   125  635s
 45255 16197  381.04312  176  139  428.25600  381.04312  11.0%   126  640s
 45485 16251  381.04312  195  135  428.25600  381.04312  11.0%   126  645s
 45796 16372  381.04312  225  141  428.25600  381.04312  11.0%   126  650s
 46225 16475  381.04312  258  137  428.25600  381.04312  11.0%   125  655s
 46627 16542  381.04312  288  129  428.25600  381.04312  11.0%   125  660s
 47076 16504  381.04312  328  122  428.25600  381.04312  11.0%   125  665s
 47342 16519  381.04312  331  124  428.25600  381.04312  11.0%   126  670s
 47783 16562  381.04312  381  107  428.25600  381.04312  11.0%   126  676s
 48118 16752  419.28650  431   69  428.25600  381.04312  11.0%   126  681s
 48606 17096  423.13900  525   68  428.25600  381.04312  11.0%   126  686s
 49355 17324     cutoff  131       428.25600  381.04312  11.0%   125  692s
 50155 17582  383.36996  177  123  428.25600  381.04312  11.0%   125  697s
 50665 17599  388.37795  223  117  428.25600  381.04312  11.0%   125  700s
 51394 17738  381.04312  135  134  428.25600  381.04312  11.0%   125  707s
 51701 18036  381.04312  156  141  428.25600  381.04312  11.0%   125  710s
 52990 18643  386.99607  342  112  428.25600  381.04312  11.0%   124  718s
 53864 18521     cutoff  212       428.25600  381.04312  11.0%   124  721s
 54495 18229     cutoff  353       428.25600  381.04312  11.0%   124  725s
 55046 18066     cutoff  145       428.25600  381.04312  11.0%   126  733s
 55385 18591  397.18935  334  131  428.25600  381.04312  11.0%   126  737s
 56454 18677     cutoff  238       428.25600  381.04312  11.0%   126  741s
 57396 18413  400.39088  397  113  428.25600  381.04312  11.0%   126  745s
 58736 18335     cutoff  433       428.25600  381.85026  10.8%   127  754s
 59512 18561     cutoff  259       428.25600  382.26788  10.7%   126  761s
 61464 18559  395.69701  391  113  428.25600  382.86999  10.6%   126  768s
 62317 18651  387.47334  273  113  428.25600  383.97954  10.3%   126  771s
 64036 19125     cutoff  404       428.25600  385.67015  9.94%   125  778s
 65001 19151  398.34558  444  106  428.25600  385.77910  9.92%   124  781s
 66306 18782  400.40972  199  117  428.25600  386.90240  9.66%   125  788s
 67061 18701  421.63082  352  101  428.25600  387.46687  9.52%   125  791s
 68067 18102  408.03611  211  114  428.25600  389.34355  9.09%   124  795s
 69439 16883     cutoff  411       428.25600  391.00467  8.70%   125  802s
 70077 16587     cutoff  385       428.25600  391.61158  8.56%   126  806s
 71904 15737     cutoff  557       428.25600  394.11801  7.97%   125  813s
 72757 15094     cutoff  501       428.25600  394.33145  7.92%   125  816s
 73933 14277     cutoff  462       428.25600  396.81668  7.34%   125  820s
 76170 13082  413.82172  513   96  428.25600  400.12513  6.57%   124  827s
 77443 12009     cutoff  448       428.25600  401.61308  6.22%   124  830s
 80099  8987     cutoff  476       428.25600  405.40062  5.34%   123  836s
 83427  5708     cutoff  516       428.25600  411.73517  3.86%   120  841s
 85208  4038  425.06642  457   70  428.25600  412.83323  3.60%   119  845s

Cutting planes:
  Cover: 1
  MIR: 16
  Flow cover: 69
  Zero half: 4

Explored 88021 nodes (10283969 simplex iterations) in 847.78 seconds (1802.27 work units)
Thread count was 8 (of 80 available processors)

Solution count 10: 428.256 428.752 429.496 ... 578.848

Optimal solution found (tolerance 1.00e-04)
Best objective 4.282559999979e+02, best bound 4.282559999979e+02, gap 0.0000%

User-callback calls 274314, time in user-callback 0.48 sec
