
Gurobi 12.0.3 (linux64) logging started Sun Sep 13 14:48:12 2026

Set parameter LogFile to value "/share/scaglione/nc437/evsp-dr/cumulative_budget_20260913/cases/c5_k08/mip_base/135677_r0/gurobi.log"
Set parameter OutputFlag to value 1
Set parameter TimeLimit to value 3600
Set parameter MIPGap to value 0.0001
Set parameter Threads to value 8
Set parameter TimeLimit to value 1800
Gurobi Optimizer version 12.0.3 build v12.0.3rc0 (linux64 - "Ubuntu 24.04.4 LTS")

CPU model: Intel(R) Xeon(R) CPU           E5440  @ 2.83GHz, instruction set [SSE2]
Thread count: 8 physical cores, 8 logical processors, using up to 8 threads

Non-default parameters:
TimeLimit  1800
Threads  8

Optimize a model with 167 rows, 26942 columns and 613255 nonzeros
Model fingerprint: 0xd986cbf4
Variable types: 0 continuous, 26942 integer (26942 binary)
Coefficient statistics:
  Matrix range     [1e+00, 1e+00]
  Objective range  [1e+00, 1e+00]
  Bounds range     [1e+00, 1e+00]
  RHS range        [1e+00, 1e+00]

Loaded user MIP start with objective 42

Presolve removed 0 rows and 329 columns
Presolve time: 3.20s
Presolved: 167 rows, 26613 columns, 607815 nonzeros
Variable types: 0 continuous, 26613 integer (26613 binary)

Starting sifting (using dual simplex for sub-problems)...

    Iter     Pivots    Primal Obj      Dual Obj        Time
       0          0     infinity      0.0000000e+00      4s
       1        333   9.2767177e+00   3.8908886e+00      4s
       2        961   9.1173946e+00   5.5730278e+00      4s
       3       1774   8.7353727e+00   6.5475685e+00      4s
       4       2599   8.3654847e+00   7.0070964e+00      4s
       5       3513   8.0693960e+00   7.3026589e+00      4s
       6       4114   8.0000000e+00   8.0000000e+00      4s

Sifting complete


Root relaxation: objective 8.000000e+00, 4114 iterations, 0.78 seconds (0.32 work units)
Total elapsed time = 6.77s (DegenMoves)

    Nodes    |    Current Node    |     Objective Bounds      |     Work
 Expl Unexpl |  Obj  Depth IntInf | Incumbent    BestBd   Gap | It/Node Time

     0     0    8.00000    0   67   42.00000    8.00000  81.0%     -    8s
H    0     0                      17.0000000    8.00000  52.9%     -    8s
H    0     0                      14.0000000    8.00000  42.9%     -    8s
H    0     0                      13.0000000    8.00000  38.5%     -    8s
H    0     0                      12.0000000    8.00000  33.3%     -    8s
H    0     0                      11.0000000    8.00000  27.3%     -    8s
H    0     0                      10.0000000    8.00000  20.0%     -    9s
     0     0    8.00000    0   85   10.00000    8.00000  20.0%     -   20s
     0     0    8.00000    0   91   10.00000    8.00000  20.0%     -   32s
     0     0    8.00000    0   78   10.00000    8.00000  20.0%     -   44s
     0     0    8.00000    0   88   10.00000    8.00000  20.0%     -   45s
     0     0    8.00000    0   84   10.00000    8.00000  20.0%     -   55s
     0     0    8.00000    0   86   10.00000    8.00000  20.0%     -   57s
H    0     0                       9.0000000    8.00000  11.1%     -   67s
     0     0    8.00000    0   81    9.00000    8.00000  11.1%     -   73s
     0     0    8.00000    0   80    9.00000    8.00000  11.1%     -   75s
     0     0    8.00000    0   79    9.00000    8.00000  11.1%     -   87s
     0     0    8.00000    0   78    9.00000    8.00000  11.1%     -   88s
     0     0    8.00000    0   77    9.00000    8.00000  11.1%     -   94s
     0     0    8.00000    0   77    9.00000    8.00000  11.1%     -   99s
     0     2    8.00000    0   77    9.00000    8.00000  11.1%     -  107s
     2     3    8.00000    1   77    9.00000    8.00000  11.1%  5438  130s
     4     4    8.00000    1   69    9.00000    8.00000  11.1%  2719  145s
     5     5    8.00000    1   66    9.00000    8.00000  11.1%  2175  162s
     6     6    8.00000    1   70    9.00000    8.00000  11.1%  1812  166s
     7     6    8.00000    1   77    9.00000    8.00000  11.1%  1554  178s
     8     7    8.00000    1   84    9.00000    8.00000  11.1%  1359  180s
     9     8    8.00000    1   83    9.00000    8.00000  11.1%  1208  194s
    10     8    8.00000    1   77    9.00000    8.00000  11.1%  1088  202s
    11     9    8.00000    1   72    9.00000    8.00000  11.1%   989  220s
    12    10    8.00000    1   63    9.00000    8.00000  11.1%   906  227s
    13    10    8.00000    1   69    9.00000    8.00000  11.1%   837  248s
    14    11    8.00000    1   70    9.00000    8.00000  11.1%   777  254s
    15    12    8.00000    1   66    9.00000    8.00000  11.1%   725  273s
    16    12    8.00000    1   65    9.00000    8.00000  11.1%   680  276s
    17    13    8.00000    1   64    9.00000    8.00000  11.1%   640  292s
    18    14    8.00000    1   60    9.00000    8.00000  11.1%   604  311s
    19    14    8.00000    1   63    9.00000    8.00000  11.1%   572  319s
    20    15    8.00000    1   65    9.00000    8.00000  11.1%   544  338s
    21    16    8.00000    1   65    9.00000    8.00000  11.1%   518  342s
    23    18    8.00000    1   77    9.00000    8.00000  11.1%  5994  345s
    26    20    8.00000    1   90    9.00000    8.00000  11.1%  5303  350s
    29    22    8.00000    1   75    9.00000    8.00000  11.1%  4754  355s
    36    27    8.00000    1   85    9.00000    8.00000  11.1%  3830  361s
    41    33    8.00000   23   75    9.00000    8.00000  11.1%  4394  366s
   103    31    8.00000   31   64    9.00000    8.00000  11.1%  1892  370s
   203    46 infeasible   35         9.00000    8.00000  11.1%  1063  376s
   266    72    8.00000   45   78    9.00000    8.00000  11.1%   862  381s
   364   101    8.00000   38   68    9.00000    8.00000  11.1%   672  388s
   376   182    8.00000   40   63    9.00000    8.00000  11.1%   658  395s
   469   229    8.00000   59   87    9.00000    8.00000  11.1%   550  406s
   931   229 infeasible   37         9.00000    8.00000  11.1%   367  417s
  1187   191 infeasible   79         9.00000    8.00000  11.1%   335  438s
  1447   145    8.00000   76   74    9.00000    8.00000  11.1%   305  443s
  1561   144    8.00000   77   76    9.00000    8.00000  11.1%   302  448s
  1793    67    8.00000   81   80    9.00000    8.00000  11.1%   285  455s
  2174   195    8.00000   97   78    9.00000    8.00000  11.1%   260  476s
  2251   170    8.00000  111   87    9.00000    8.00000  11.1%   256  480s
  2378   172    8.00000  115   86    9.00000    8.00000  11.1%   252  485s
  2534   163 infeasible   98         9.00000    8.00000  11.1%   245  510s
  2627   225    8.00000  117   68    9.00000    8.00000  11.1%   242  516s
  2891   237 infeasible   95         9.00000    8.00000  11.1%   230  523s
  3215   293    8.00000  161   68    9.00000    8.00000  11.1%   221  527s
  3273   352    8.00000  172   78    9.00000    8.00000  11.1%   218  535s
  3600   485    8.00000  202   84    9.00000    8.00000  11.1%   210  544s
  4032   521    8.00000  139   78    9.00000    8.00000  11.1%   200  555s
  4491   454    8.00000  163   76    9.00000    8.00000  11.1%   195  569s
  5132   319 infeasible  164         9.00000    8.00000  11.1%   189  585s
  5495   517    8.00000  170   74    9.00000    8.00000  11.1%   187  593s
  5891   517    8.00000  222   77    9.00000    8.00000  11.1%   182  603s
  6083   603    8.00000  239   81    9.00000    8.00000  11.1%   181  615s
  6431   572    8.00000  280   91    9.00000    8.00000  11.1%   178  632s
  7207   174 infeasible  191         9.00000    8.00000  11.1%   173  645s
  7725   200 infeasible  318         9.00000    8.00000  11.1%   175  659s
  7811   245    8.00000  193   75    9.00000    8.00000  11.1%   175  688s
  7998   286    8.00000  197   83    9.00000    8.00000  11.1%   174  700s
  8570   430    8.00000  201   80    9.00000    8.00000  11.1%   170  710s
  9093   594 infeasible  272         9.00000    8.00000  11.1%   168  722s
  9545   632    8.00000  237   81    9.00000    8.00000  11.1%   166  734s
  9942   823 infeasible  425         9.00000    8.00000  11.1%   165  749s
 10667  1017    8.00000  345   87    9.00000    8.00000  11.1%   164  768s
 11597   671    8.00000  370   89    9.00000    8.00000  11.1%   161  781s
 12121   492 infeasible  471         9.00000    8.00000  11.1%   164  834s
 12418   486    8.00000  387   92    9.00000    8.00000  11.1%   166  843s
 12608   387 infeasible  422         9.00000    8.00000  11.1%   166  851s
 12737   427 infeasible  418         9.00000    8.00000  11.1%   167  864s
 13205   468 infeasible  426         9.00000    8.00000  11.1%   166  875s
 13610    65 infeasible  508         9.00000    8.00000  11.1%   165  889s
 14155     0 infeasible  324         9.00000    8.00000  11.1%   167  893s

Cutting planes:
  Flow cover: 2

Explored 14224 nodes (2521738 simplex iterations) in 893.17 seconds (395.66 work units)
Thread count was 8 (of 8 available processors)

Solution count 8: 9 10 11 ... 42

Optimal solution found (tolerance 1.00e-04)
Best objective 9.000000000000e+00, best bound 9.000000000000e+00, gap 0.0000%

User-callback calls 188208, time in user-callback 2.57 sec
Set parameter TimeLimit to value 2.7055405447483063e+03
Gurobi Optimizer version 12.0.3 build v12.0.3rc0 (linux64 - "Ubuntu 24.04.4 LTS")

CPU model: Intel(R) Xeon(R) CPU           E5440  @ 2.83GHz, instruction set [SSE2]
Thread count: 8 physical cores, 8 logical processors, using up to 8 threads

Non-default parameters:
TimeLimit  2.7055405447483063e+03
Threads  8

Optimize a model with 168 rows, 26942 columns and 640197 nonzeros
Model fingerprint: 0x0062e932
Variable types: 0 continuous, 26942 integer (26942 binary)
Coefficient statistics:
  Matrix range     [1e+00, 1e+00]
  Objective range  [1e+01, 2e+02]
  Bounds range     [1e+00, 1e+00]
  RHS range        [1e+00, 9e+00]

Loaded user MIP start with objective 596.024
MIP start from previous solve did not produce a new incumbent solution

Presolve removed 0 rows and 8 columns
Presolve time: 2.47s
Presolved: 168 rows, 26934 columns, 640030 nonzeros
Variable types: 0 continuous, 26934 integer (26934 binary)

Starting sifting (using dual simplex for sub-problems)...

    Iter     Pivots    Primal Obj      Dual Obj        Time
       0          0     infinity      0.0000000e+00      3s
       1        789   1.2626328e+06   3.6219519e+01      3s
       2       1495   5.3480649e+02   2.0656214e+02      3s
       3       2257   4.4584951e+02   3.0979388e+02      3s
       4       2985   4.1062925e+02   3.6734793e+02      3s
       5       3751   4.0719709e+02   3.9595518e+02      3s

Sifting complete


Root relaxation: objective 4.069329e+02, 4274 iterations, 0.83 seconds (0.54 work units)

    Nodes    |    Current Node    |     Objective Bounds      |     Work
 Expl Unexpl |  Obj  Depth IntInf | Incumbent    BestBd   Gap | It/Node Time

     0     0  406.93288    0  139  596.02400  406.93288  31.7%     -    3s
H    0     0                     595.5280000  406.93288  31.7%     -    5s
H    0     0                     571.1440000  406.93288  28.8%     -    5s
H    0     0                     569.9040000  406.93288  28.6%     -    5s
     0     0  407.21276    0  142  569.90400  407.21276  28.5%     -   11s
H    0     0                     554.4880000  407.37147  26.5%     -   19s
     0     0  407.37147    0  141  554.48800  407.37147  26.5%     -   19s
     0     0  407.73499    0  147  554.48800  407.73499  26.5%     -   23s
     0     0  407.93279    0  146  554.48800  407.93279  26.4%     -   24s
     0     0  408.20776    0  150  554.48800  408.20776  26.4%     -   26s
     0     0  408.28767    0  149  554.48800  408.28767  26.4%     -   26s
     0     0  408.43033    0  154  554.48800  408.43033  26.3%     -   27s
     0     0  408.66606    0  153  554.48800  408.66606  26.3%     -   28s
     0     0  408.84798    0  153  554.48800  408.84798  26.3%     -   29s
     0     0  409.12339    0  154  554.48800  409.12339  26.2%     -   30s
     0     0  409.22768    0  155  554.48800  409.22768  26.2%     -   30s
     0     0  409.28747    0  154  554.48800  409.28747  26.2%     -   31s
     0     0  409.32153    0  158  554.48800  409.32153  26.2%     -   32s
     0     0  409.33160    0  155  554.48800  409.33160  26.2%     -   33s
     0     0  409.83073    0  154  554.48800  409.83073  26.1%     -   35s
     0     0  409.97502    0  159  554.48800  409.97502  26.1%     -   38s
     0     0  410.10037    0  166  554.48800  410.10037  26.0%     -   39s
     0     0  410.13591    0  165  554.48800  410.13591  26.0%     -   39s
     0     0  410.14448    0  167  554.48800  410.14448  26.0%     -   40s
     0     0  410.15373    0  167  554.48800  410.15373  26.0%     -   41s
     0     0  410.15373    0  168  554.48800  410.15373  26.0%     -   41s
     0     0  410.28171    0  167  554.48800  410.28171  26.0%     -   42s
     0     0  410.33254    0  167  554.48800  410.33254  26.0%     -   45s
     0     0  410.42494    0  171  554.48800  410.42494  26.0%     -   46s
     0     0  410.44078    0  171  554.48800  410.44078  26.0%     -   46s
     0     0  410.50330    0  172  554.48800  410.50330  26.0%     -   48s
     0     0  410.63043    0  173  554.48800  410.63043  25.9%     -   51s
     0     0  410.66580    0  181  554.48800  410.66580  25.9%     -   54s
     0     0  410.70430    0  180  554.48800  410.70430  25.9%     -   55s
     0     0  410.70430    0  182  554.48800  410.70430  25.9%     -   57s
     0     0  410.70527    0  180  554.48800  410.70527  25.9%     -   60s
     0     2  410.70527    0  180  554.48800  410.70527  25.9%     -   69s
     1     4  410.70527    1  180  554.48800  410.70527  25.9%  36.0   72s
     3     8  410.74607    2  177  554.48800  410.70860  25.9%   316   76s
     7    16  410.79377    3  178  554.48800  410.74666  25.9%   379   85s
    15    24  410.93081    4  180  554.48800  410.81446  25.9%   379   91s
    23    56  411.12298    5  183  554.48800  410.81446  25.9%   292  104s
    55    75  411.34466    8  180  554.48800  410.81446  25.9%   169  110s
    74    90  411.36175   10  186  554.48800  410.81446  25.9%   143  115s
    97   106  411.47599   13  185  554.48800  410.81446  25.9%   122  121s
   113   122  411.50017   15  185  554.48800  410.81446  25.9%   111  126s
   129   138  411.58277   17  184  554.48800  410.81446  25.9%   103  132s
   137   146  411.60551   18  182  554.48800  410.81446  25.9%   100  136s
   153   162  411.68544   20  184  554.48800  410.81446  25.9%  95.4  142s
   161   170  411.82626   21  180  554.48800  410.81446  25.9%  93.6  145s
   177   186  411.87238   23  185  554.48800  410.81446  25.9%  89.8  150s
   193   202  411.99558   25  186  554.48800  410.81446  25.9%  85.3  157s
   209   218  412.03721   27  182  554.48800  410.81446  25.9%  82.4  163s
   217   226  412.05203   28  179  554.48800  410.81446  25.9%  81.4  165s
   233   242  412.13658   30  180  554.48800  410.81446  25.9%  80.0  173s
   241   250  412.17570   31  182  554.48800  410.81446  25.9%  79.9  176s
   249   258  412.22428   32  179  554.48800  410.81446  25.9%  79.7  180s
   265   279  412.22721   34  179  554.48800  410.81446  25.9%  78.9  189s
   278   291  412.24682   35  178  554.48800  410.81446  25.9%  80.4  193s
   290   303  412.32424   36  172  554.48800  410.81446  25.9%  82.4  199s
   302   317  412.34614   37  172  554.48800  410.81446  25.9%  83.2  205s
   316   335  412.37782   38  176  554.48800  410.81446  25.9%  87.2  210s
   336   350  412.37958   39  172  554.48800  410.81446  25.9%  85.7  217s
   351   377  412.43795   40  173  554.48800  410.81446  25.9%  85.1  223s
   378   385  412.45442   41  177  554.48800  410.81446  25.9%  82.7  232s
   386   393  412.52908   42  172  554.48800  410.81446  25.9%  82.2  237s
   394   406  412.54407   43  173  554.48800  410.81446  25.9%  82.4  245s
H  402   406                     537.4640000  410.81446  23.6%  81.8  245s
   407   470  412.59214   47  175  537.46400  410.81446  23.6%  81.7  255s
   471   524  412.72206   53  173  537.46400  410.81446  23.6%  76.7  266s
   525   579  412.80242   57  172  537.46400  410.81446  23.6%  75.1  277s
   580   630  412.90684   60  176  537.46400  410.81446  23.6%  73.3  287s
   631   661  413.01706   65  180  537.46400  410.81446  23.6%  71.7  293s
   662   696  413.04059   68  178  537.46400  410.81446  23.6%  71.5  301s
   697   729  413.15330   74  171  537.46400  410.81446  23.6%  71.0  309s
   730   762  413.29884   77  176  537.46400  410.81446  23.6%  70.8  317s
   763   801  413.36138   80  173  537.46400  410.81446  23.6%  70.8  323s
   802   859  413.48964   84  174  537.46400  410.81446  23.6%  70.2  333s
   860   942  413.64318   88  171  537.46400  410.81446  23.6%  68.8  349s
   943  1052  413.82712   92  171  537.46400  410.81446  23.6%  66.9  365s
  1053  1152  413.89625  100  170  537.46400  410.81446  23.6%  64.1  380s
  1153  1261  414.06511  108  169  537.46400  410.81446  23.6%  62.4  397s
  1262  1372  414.15647  112  171  537.46400  410.81446  23.6%  60.3  415s
  1373  1504  414.33936  117  168  537.46400  410.81446  23.6%  58.8  435s
  1505  1626  414.47924  125  169  537.46400  410.81446  23.6%  56.9  454s
  1627  1767  414.63010  131  168  537.46400  410.81446  23.6%  55.7  474s
  1768  1924  414.79436  137  172  537.46400  410.81446  23.6%  54.2  499s
  1925  2087  414.87411  145  175  537.46400  410.81446  23.6%  52.5  520s
  2088  2267  415.09521  152  167  537.46400  410.81446  23.6%  50.9  544s
  2268  2451  415.24917  161  166  537.46400  410.81446  23.6%  49.0  569s
  2452  2598  415.45973  170  164  537.46400  410.81446  23.6%  47.5  598s
  2605  2748  415.49873  174  167  537.46400  410.81446  23.6%  46.8  619s
  2755  2884  415.67238  181  171  537.46400  410.81446  23.6%  46.2  642s
  2891  3067  415.75488  192  167  537.46400  410.81446  23.6%  45.9  664s
  3074  3181  415.93052  207  168  537.46400  410.81446  23.6%  45.1  684s
H 3103  3181                     532.7520000  410.81446  22.9%  45.0  684s
  3188  3379  416.12325  216  163  532.75200  410.81446  22.9%  45.0  709s
  3386  3602  416.42942  224  166  532.75200  410.81446  22.9%  44.3  735s
  3609  3832  416.62037  234  166  532.75200  410.81446  22.9%  43.4  761s
  3839  3840  416.78667  246  168  532.75200  410.81446  22.9%  42.6  773s
  3847  3848  416.83226  247  169  532.75200  410.81446  22.9%  42.6  785s
  3855  3866  416.84550  248  171  532.75200  410.81446  22.9%  42.6  806s
  3873  3905  416.85491  249  169  532.75200  410.81446  22.9%  42.6  828s
  3912  3913  416.85965  250  167  532.75200  410.81446  22.9%  42.5  839s
  3920  3943  416.86118  251  168  532.75200  410.81446  22.9%  42.5  848s
  3950  4053  416.87344  252  167  532.75200  410.81446  22.9%  42.4  862s
  4060  4247  416.88043  253  170  532.75200  410.81446  22.9%  42.1  881s
  4254  4457  416.97383  260  172  532.75200  410.81446  22.9%  41.4  910s
  4464  4736  417.14383  277  165  532.75200  410.81446  22.9%  40.9  941s
  4743  5045  417.44831  295  160  532.75200  410.81446  22.9%  40.1  976s
  5052  5294  417.65075  317  166  532.75200  410.81446  22.9%  39.3 1004s
  5301  5621  417.79839  326  165  532.75200  410.81446  22.9%  38.8 1049s
  5628  5995  418.11030  348  166  532.75200  410.81446  22.9%  38.3 1094s
  6002  6404  418.36788  368  171  532.75200  410.81446  22.9%  37.6 1139s
  6411  6722  418.63127  390  169  532.75200  410.81446  22.9%  37.0 1175s
  6731  7107  418.75510  392  163  532.75200  410.81446  22.9%  36.5 1228s
  7116  7434  419.01007  413  167  532.75200  410.81446  22.9%  36.0 1255s
  7444  7435  467.12004   46  180  532.75200  410.81446  22.9%  35.5 1265s
  7446  7436  468.79988   68  139  532.75200  410.81446  22.9%  35.5 1294s
  7447  7437  436.59888  109  146  532.75200  410.81446  22.9%  35.5 1339s
  7448  7438  489.51560  866  143  532.75200  410.81446  22.9%  35.5 1365s
  7454  7442  435.00837   73  154  532.75200  410.81446  22.9%  35.5 1371s
  7457  7444  442.22624  762  162  532.75200  410.81446  22.9%  35.5 1375s
  7459  7445  470.48249  936  166  532.75200  410.81446  22.9%  35.5 1380s
  7463  7448  486.51452  715  167  532.75200  410.81446  22.9%  35.4 1385s
  7464  7448  447.85337  536  167  532.75200  410.81446  22.9%  35.4 1407s
  7465  7449  493.97038 1004  169  532.75200  410.81446  22.9%  35.4 1427s
  7468  7451  437.49058  517  173  532.75200  410.81446  22.9%  35.4 1430s
  7473  7454  439.28315  130  178  532.75200  410.84069  22.9%  35.4 1435s
  7476  7456  473.52875  256  178  532.75200  410.95881  22.9%  35.4 1440s
  7477  7457  485.83595  668  179  532.75200  410.95931  22.9%  35.4 1458s
  7478  7458  464.25223  604  181  532.75200  411.04914  22.8%  35.4 1476s
  7482  7460  467.67121  147  189  532.75200  411.15100  22.8%  35.3 1494s
  7483  7461  455.00138   27  191  532.75200  411.18021  22.8%  35.3 1513s
  7484  7462  477.15955  376  187  532.75200  411.21145  22.8%  35.3 1515s
  7486  7463  472.02757 1061  187  532.75200  411.26437  22.8%  35.3 1534s
  7487  7464  447.22094  461  187  532.75200  411.28562  22.8%  35.3 1546s
  7488  7464  450.83619  113  187  532.75200  412.08125  22.7%  35.3 1578s
  7489  7468  412.08125   11  191  532.75200  412.08125  22.7%  36.4 1587s
  7491  7471  412.08125   12  186  532.75200  412.08125  22.7%  36.5 1595s
  7495  7478  412.08125   13  188  532.75200  412.08125  22.7%  36.7 1609s
  7503  7483  412.08125   14  186  532.75200  412.08125  22.7%  37.1 1618s
  7511  7497  412.08125   15  187  532.75200  412.08125  22.7%  37.2 1634s
  7527  7498  418.49364   16  150  532.75200  412.08125  22.7%  37.6 1653s
  7536  7503  412.08125   17  187  532.75200  412.08125  22.7%  38.5 1667s
  7546  7510  424.27393   17  124  532.75200  412.08125  22.7%  38.8 1678s
  7556  7518  412.08125   18  184  532.75200  412.08125  22.7%  39.3 1691s
  7567  7521  419.65687   18  138  532.75200  412.08125  22.7%  39.7 1706s
H 7573  7145                     472.0800000  412.08125  12.7%  39.9 1706s
  7576  7154  412.08125   19  182  472.08000  412.08125  12.7%  40.1 1723s
  7596  7158  412.08125   20  187  472.08000  412.08125  12.7%  41.0 1735s
  7619  7158  412.08125   21  185  472.08000  412.08125  12.7%  41.6 1747s
  7639  7161  412.08125   22  184  472.08000  412.08125  12.7%  42.2 1758s
  7658  7161  427.58143   22  115  472.08000  412.08125  12.7%  42.7 1770s
  7668  7163  412.08125   23  189  472.08000  412.08125  12.7%  42.8 1782s
  7680  7165  412.08125   24  188  472.08000  412.08125  12.7%  43.3 1790s
  7693  7169  419.66777   24  140  472.08000  412.08125  12.7%  43.6 1800s
  7711  7167  412.08125   25  188  472.08000  412.08125  12.7%  43.9 1809s
  7731  7166  412.08125   26  184  472.08000  412.08125  12.7%  44.2 1819s
  7753  7165  412.08125   27  189  472.08000  412.08125  12.7%  44.7 1829s
* 7768  6804              40     465.8000000  412.08125  11.5%  44.9 1829s
  7774  6809  412.08125   28  186  465.80000  412.08125  11.5%  44.9 1844s
  7797  6816  416.96582   28  151  465.80000  412.08125  11.5%  45.6 1858s
  7819  6825  412.14066   29  184  465.80000  412.14066  11.5%  46.1 1875s
  7842  6832  412.15311   30  186  465.80000  412.15311  11.5%  46.6 1892s
  7868  6841  412.27118   31  185  465.80000  412.27118  11.5%  47.3 1909s
  7894  6848  412.36225   32  182  465.80000  412.36225  11.5%  48.0 1924s
  7923  6856  412.37801   33  182  465.80000  412.37801  11.5%  48.6 1940s
  7960  6861  412.42380   34  183  465.80000  412.42380  11.5%  49.4 1958s
H 7986  6515                     452.9040000  412.42559  8.94%  50.0 1958s
  7993  6526  412.46683   35  183  452.90400  412.46683  8.93%  50.0 1979s
  8031  6529  412.54317   36  181  452.90400  412.54317  8.91%  50.6 2001s
  8070  6539  412.57362   37  178  452.90400  412.57362  8.90%  51.2 2022s
  8116  6544  412.66904   38  183  452.90400  412.66904  8.88%  51.7 2042s
  8159  6556  412.67971   39  180  452.90400  412.67971  8.88%  52.4 2061s
  8207  6551  412.85847   40  182  452.90400  412.85847  8.84%  53.0 2081s
  8240  6557  412.87192   41  183  452.90400  412.87192  8.84%  53.4 2104s
H 8257  6230                     452.6560000  412.87239  8.79%  53.8 2104s
  8283  6246  412.90992   42  181  452.65600  412.90992  8.78%  53.9 2128s
  8337  6248  413.00199   43  177  452.65600  413.00199  8.76%  54.5 2151s
  8398  6236  413.03883   44  174  452.65600  413.03883  8.75%  55.0 2171s
  8464  6225  430.67207   45  124  452.65600  413.13359  8.73%  55.6 2196s
  8538  6210  413.16896   47  176  452.65600  413.16896  8.72%  56.2 2221s
  8620  6223  413.24269   48  174  452.65600  413.24269  8.71%  56.7 2252s
  8707  6266  413.26554   49  174  452.65600  413.26554  8.70%  57.3 2283s
  8797  6323  413.29523   50  177  452.65600  413.29523  8.70%  58.0 2315s
  8896  6407  413.33322   51  176  452.65600  413.33322  8.69%  58.7 2355s
  9033  6481  432.56423   52  117  452.65600  413.36753  8.68%  59.4 2397s
  9181  6557  425.79914   53  136  452.65600  413.39967  8.67%  60.0 2438s
  9328  6615  413.44527   55  185  452.65600  413.44527  8.66%  60.6 2483s
  9483  6662  444.38726   56  127  452.65600  413.50725  8.65%  61.3 2518s
  9614  6676  413.50725   58  185  452.65600  413.50725  8.65%  61.9 2541s
  9707  6698  413.78246   60  177  452.65600  413.78246  8.59%  62.9 2565s
  9805  6752  413.81900   62  181  452.65600  413.81900  8.58%  63.7 2598s
  9932  6907  413.91784   64  181  452.65600  413.91784  8.56%  64.6 2645s
 10180  6947  413.92714   66  183  452.65600  413.92714  8.56%  65.1 2688s
 10363  6926  413.98856   68  180  452.65600  413.98175  8.54%  65.7 2705s

Cutting planes:
  MIR: 40
  Flow cover: 27

Explored 10430 nodes (693883 simplex iterations) in 2705.83 seconds (739.17 work units)
Thread count was 8 (of 8 available processors)

Solution count 10: 452.656 452.904 465.8 ... 595.528

Time limit reached
Best objective 4.526560000000e+02, best bound 4.139817485581e+02, gap 8.5439%

User-callback calls 210243, time in user-callback 3.25 sec
