
Gurobi 12.0.3 (linux64) logging started Sun Sep 13 14:21:34 2026

Set parameter LogFile to value "/share/scaglione/nc437/evsp-dr/cumulative_budget_20260913/cases/c5_k15/mip_warm/135686_r0/gurobi.log"
Set parameter OutputFlag to value 1
Set parameter TimeLimit to value 3600
Set parameter MIPGap to value 0.0001
Set parameter Threads to value 8
Set parameter TimeLimit to value 1800
Gurobi Optimizer version 12.0.3 build v12.0.3rc0 (linux64 - "Ubuntu 24.04.4 LTS")

CPU model: Intel(R) Xeon(R) Gold 6230 CPU @ 2.10GHz, instruction set [SSE2|AVX|AVX2|AVX512]
Thread count: 40 physical cores, 40 logical processors, using up to 8 threads

Non-default parameters:
TimeLimit  1800
Threads  8

Optimize a model with 325 rows, 77820 columns and 1876514 nonzeros
Model fingerprint: 0x278f0416
Variable types: 0 continuous, 77820 integer (77820 binary)
Coefficient statistics:
  Matrix range     [1e+00, 1e+00]
  Objective range  [1e+00, 1e+00]
  Bounds range     [1e+00, 1e+00]
  RHS range        [1e+00, 1e+00]

Loaded user MIP start with objective 98

Presolve removed 0 rows and 2385 columns
Presolve time: 4.15s
Presolved: 325 rows, 75435 columns, 1837461 nonzeros
Found heuristic solution: objective 95.0000000
Variable types: 0 continuous, 75435 integer (75435 binary)
Found heuristic solution: objective 89.0000000

Starting sifting (using dual simplex for sub-problems)...

    Iter     Pivots    Primal Obj      Dual Obj        Time
       0          0     infinity      0.0000000e+00      4s
       1        388   2.2900000e+02   4.8723404e+00      4s
       2       1305   4.2340123e+01   6.4539499e+00      5s
       3       2588   1.5019542e+01   8.6841458e+00      5s
       4       3930   1.5000000e+01   1.5000000e+01      5s

Sifting complete


Root relaxation: objective 1.500000e+01, 3930 iterations, 0.61 seconds (0.59 work units)
Total elapsed time = 9.62s (DegenMoves)
Total elapsed time = 11.07s (DegenMoves)

    Nodes    |    Current Node    |     Objective Bounds      |     Work
 Expl Unexpl |  Obj  Depth IntInf | Incumbent    BestBd   Gap | It/Node Time

     0     0   15.00000    0   34   89.00000   15.00000  83.1%     -   12s
H    0     0                      16.0000000   15.00000  6.25%     -   12s
H    0     0                      15.0000000   15.00000  0.00%     -   18s
     0     0   15.00000    0   34   15.00000   15.00000  0.00%     -   18s

Explored 1 nodes (50333 simplex iterations) in 18.85 seconds (16.30 work units)
Thread count was 8 (of 40 available processors)

Solution count 5: 15 16 89 ... 98

Optimal solution found (tolerance 1.00e-04)
Best objective 1.500000000000e+01, best bound 1.500000000000e+01, gap 0.0000%

User-callback calls 635, time in user-callback 0.00 sec
Set parameter TimeLimit to value 3.5789201259613037e+03
Gurobi Optimizer version 12.0.3 build v12.0.3rc0 (linux64 - "Ubuntu 24.04.4 LTS")

CPU model: Intel(R) Xeon(R) Gold 6230 CPU @ 2.10GHz, instruction set [SSE2|AVX|AVX2|AVX512]
Thread count: 40 physical cores, 40 logical processors, using up to 8 threads

Non-default parameters:
TimeLimit  3.5789201259613037e+03
Threads  8

Optimize a model with 326 rows, 77820 columns and 1954334 nonzeros
Model fingerprint: 0xd6ce0201
Variable types: 0 continuous, 77820 integer (77820 binary)
Coefficient statistics:
  Matrix range     [1e+00, 1e+00]
  Objective range  [5e+00, 1e+02]
  Bounds range     [1e+00, 1e+00]
  RHS range        [1e+00, 2e+01]

Loaded user MIP start with objective 1156.42
MIP start from previous solve did not produce a new incumbent solution

Presolve removed 0 rows and 4 columns
Presolve time: 3.00s
Presolved: 326 rows, 77816 columns, 1954231 nonzeros
Variable types: 0 continuous, 77816 integer (77816 binary)

Starting sifting (using dual simplex for sub-problems)...

    Iter     Pivots    Primal Obj      Dual Obj        Time
       0          0     infinity      0.0000000e+00      3s
       1        730   7.5515808e+07   2.1050451e+02      3s
       2       3080   2.9266953e+06   2.7968356e+02      4s
       3       5448   5.8865151e+05   3.0498423e+02      4s
       4       8613   1.4894188e+04   3.0610165e+02      5s
       5      10684   8.6695638e+02   4.2822627e+02      5s
       6      13007   7.4013858e+02   5.1159394e+02      5s
       7      15577   6.9381594e+02   5.7267001e+02      6s
       8      17813   6.7858366e+02   6.1002975e+02      7s
       9      19992   6.7164821e+02   6.2494582e+02      7s
      10      23535   6.7019049e+02   6.3177788e+02      8s
      11      26251   6.6967289e+02   6.3696321e+02      9s
      12      28599   6.6957270e+02   6.4359753e+02      9s
      13      32311   6.6930852e+02   6.4744032e+02     10s
      14      35991   6.6920215e+02   6.4937368e+02     11s
      15      39812   6.6920072e+02   6.5331890e+02     12s
      16      43033   6.6920072e+02   6.5767172e+02     13s
      17      46459   6.6916851e+02   6.6110288e+02     14s
      18      49902   6.6916272e+02   6.6281114e+02     16s
      19      52518   6.6915990e+02   6.6381531e+02     17s
      20      55359   6.6915946e+02   6.6415037e+02     18s
      21      58424   6.6915946e+02   6.6444337e+02     19s

Sifting complete


Root simplex log...

Iteration    Objective       Primal Inf.    Dual Inf.      Time
   61656    6.6915945e+02   0.000000e+00   1.519860e+02     20s
   62112    6.6915946e+02   0.000000e+00   0.000000e+00     20s

Root relaxation: objective 6.691595e+02, 62112 iterations, 16.93 seconds (23.98 work units)

    Nodes    |    Current Node    |     Objective Bounds      |     Work
 Expl Unexpl |  Obj  Depth IntInf | Incumbent    BestBd   Gap | It/Node Time

     0     0  669.15946    0  201 1156.42400  669.15946  42.1%     -   20s
H    0     0                    1113.0720000  669.15946  39.9%     -   32s
     0     0  669.33407    0  213 1113.07200  669.33407  39.9%     -   40s
     0     0  669.40143    0  220 1113.07200  669.40143  39.9%     -   76s
     0     0  669.45917    0  222 1113.07200  669.45917  39.9%     -   81s
     0     0  669.48781    0  227 1113.07200  669.48781  39.9%     -   91s
     0     0  669.55601    0  230 1113.07200  669.55601  39.8%     -   94s
     0     0  669.61774    0  223 1113.07200  669.61774  39.8%     -   97s
     0     0  669.64936    0  227 1113.07200  669.64936  39.8%     -   98s
     0     0  669.64971    0  229 1113.07200  669.64971  39.8%     -   99s
     0     0  669.69552    0  234 1113.07200  669.69552  39.8%     -  104s
H    0     0                    1063.5600000  669.69552  37.0%     -  104s
     0     0  669.76695    0  242 1063.56000  669.76695  37.0%     -  115s
     0     0  669.78639    0  240 1063.56000  669.78639  37.0%     -  117s
     0     0  669.79281    0  243 1063.56000  669.79281  37.0%     -  119s
     0     0  669.79683    0  246 1063.56000  669.79683  37.0%     -  120s
     0     0  669.79797    0  247 1063.56000  669.79797  37.0%     -  120s
     0     0  669.80599    0  251 1063.56000  669.80599  37.0%     -  122s
     0     0  669.80616    0  251 1063.56000  669.80616  37.0%     -  124s
H    0     0                    1036.9440000  669.96033  35.4%     -  143s
     0     0  669.96033    0  199 1036.94400  669.96033  35.4%     -  160s
     0     0  669.96033    0  217 1036.94400  669.96033  35.4%     -  178s
     0     0  669.96033    0  219 1036.94400  669.96033  35.4%     -  210s
     0     0  669.96033    0  228 1036.94400  669.96033  35.4%     -  213s
     0     0  669.96033    0  237 1036.94400  669.96033  35.4%     -  216s
     0     0  669.96033    0  242 1036.94400  669.96033  35.4%     -  217s
     0     0  669.96033    0  242 1036.94400  669.96033  35.4%     -  218s
     0     0  669.96033    0  245 1036.94400  669.96033  35.4%     -  219s
     0     0  669.96033    0  248 1036.94400  669.96033  35.4%     -  219s
     0     0  669.96033    0  249 1036.94400  669.96033  35.4%     -  220s
     0     0  669.96033    0  247 1036.94400  669.96033  35.4%     -  221s
     0     0  669.96033    0  248 1036.94400  669.96033  35.4%     -  222s
     0     0  669.96033    0  254 1036.94400  669.96033  35.4%     -  223s
     0     0  669.96033    0  257 1036.94400  669.96033  35.4%     -  224s
     0     0  669.96033    0  258 1036.94400  669.96033  35.4%     -  224s
     0     0  669.96033    0  259 1036.94400  669.96033  35.4%     -  225s
     0     0  669.96033    0  259 1036.94400  669.96033  35.4%     -  226s
     0     0  669.96033    0  259 1036.94400  669.96033  35.4%     -  227s
     0     2  669.96033    0  259 1036.94400  669.96033  35.4%     -  242s
     1     4  669.96033    1  261 1036.94400  669.96033  35.4%   297  248s
     2     7  669.96033    2  259 1036.94400  669.96033  35.4%   296  254s
     5    12  669.96033    3  257 1036.94400  669.96033  35.4%   780  263s
    11    19  669.96033    4  253 1036.94400  669.96033  35.4%  1730  272s
    18    50  669.96033    5  257 1036.94400  669.96033  35.4%  1355  281s
    53    59  669.97422   10  254 1036.94400  669.96033  35.4%   624  288s
H   54    59                    1024.7520000  669.96033  34.6%   612  288s
H   55    59                    1011.5280000  669.96033  33.8%   604  288s
    64    83  669.98338   11  250 1011.52800  669.96033  33.8%   586  292s
    92    91  670.00644   15  257 1011.52800  669.96033  33.8%   507  296s
H   95    91                    1009.7920000  669.96033  33.7%   493  296s
H   97    91                    1005.5760000  669.96033  33.4%   487  296s
H  100   102                    1005.3280000  669.96033  33.4%   476  298s
H  101   102                     977.7200000  669.96033  31.5%   473  298s
H  119   128                     977.4720000  669.96033  31.5%   433  300s
H  156   135                     976.2720000  669.96033  31.4%   366  304s
H  158   135                     974.2880000  669.96033  31.2%   362  304s
H  160   135                     956.2320000  669.96033  29.9%   359  304s
   166   161  670.06910   22  260  956.23200  669.96033  29.9%   373  305s
H  193   171                     950.0320000  669.96033  29.5%   337  307s
   230   203  670.13202   29  260  950.03200  669.96033  29.5%   312  313s
H  231   203                     949.2880000  669.96033  29.4%   311  313s
   238   227  670.13605   30  258  949.28800  669.96033  29.4%   305  318s
   300   289  670.19059   36  259  949.28800  669.96033  29.4%   288  321s
   464   428  670.25135   53  256  949.28800  669.96033  29.4%   214  328s
   477   440  670.25201   54  256  949.28800  669.96033  29.4%   217  338s
   489   454  670.25256   55  254  949.28800  669.96033  29.4%   214  340s
   503   466  670.25826   56  257  949.28800  669.96033  29.4%   210  345s
   534   492  670.26444   59  255  949.28800  669.96033  29.4%   210  351s
   551   508  670.27160   61  257  949.28800  669.96033  29.4%   209  355s
H  562   516                     947.5520000  669.96033  29.3%   206  358s
   567   536  670.28091   63  255  947.55200  669.96033  29.3%   205  361s
   609   575  670.29078   65  256  947.55200  669.96033  29.3%   196  365s
   641   592  670.30217   67  257  947.55200  669.96033  29.3%   189  373s
   653   624  670.30224   68  255  947.55200  669.96033  29.3%   195  375s
   685   651  670.30469   69  252  947.55200  669.96033  29.3%   189  380s
   714   680  670.30554   70  250  947.55200  669.96033  29.3%   190  385s
H  734   680                     947.3040000  669.96033  29.3%   188  385s
   842   829  670.35797   82  253  947.30400  669.96033  29.3%   184  393s
   910   900  670.39569   91  255  947.30400  669.96033  29.3%   183  398s
   981   976  670.42163  101  254  947.30400  669.96033  29.3%   179  400s
  1143  1079  670.48703  120  257  947.30400  669.96033  29.3%   168  408s
H 1144  1079                     946.8080000  669.96033  29.2%   168  408s
H 1148  1079                     946.3120000  669.96033  29.2%   168  408s
  1164  1157  670.49670  121  251  946.31200  669.96033  29.2%   166  411s
  1242  1256  670.52250  131  256  946.31200  669.96033  29.2%   163  416s
  1343  1374  670.56669  143  252  946.31200  669.96033  29.2%   161  420s
  1461  1494  670.62776  154  251  946.31200  669.96033  29.2%   155  427s
  1583  1571  670.67764  165  264  946.31200  669.96033  29.2%   151  431s
  1803  1830  670.76075  187  260  946.31200  669.96033  29.2%   146  440s
  1927  1950  670.81808  204  247  946.31200  669.96033  29.2%   144  449s
  2053  2057  670.86200  218  259  946.31200  669.96033  29.2%   144  456s
  2162  2078  670.90638  235  261  946.31200  669.96033  29.2%   145  461s
H 2165  2078                     945.8160000  669.96033  29.2%   145  461s
H 2171  2078                     945.3200000  669.96033  29.1%   145  461s
  2185  2223  670.90955  236  258  945.32000  669.96033  29.1%   145  468s
  2332  2424  670.99912  253  264  945.32000  669.96033  29.1%   144  473s
  2535  2570  671.06257  277  265  945.32000  669.96033  29.1%   138  481s
  2687  2717  671.11446  297  272  945.32000  669.96033  29.1%   138  488s
  2838  2860  671.17116  323  269  945.32000  669.96033  29.1%   138  493s
  2989  2886  671.23475  349  267  945.32000  669.96033  29.1%   138  501s
  3015  2893  671.24425  351  271  945.32000  669.96033  29.1%   137  507s
  3024  2901  671.24474  352  271  945.32000  669.96033  29.1%   137  513s
  3032  2909  671.24712  353  269  945.32000  669.96033  29.1%   137  519s
  3040  2917  671.24871  354  267  945.32000  669.96033  29.1%   137  535s
  3048  2925  671.25897  355  270  945.32000  669.96033  29.1%   136  541s
  3056  2933  671.25998  356  270  945.32000  669.96033  29.1%   136  548s
H 3064  2941                     943.5840000  669.96033  29.0%   136  559s
H 3070  2941                     942.3840000  669.96033  28.9%   136  559s
  3072  3176  671.26664  358  269  942.38400  669.96033  28.9%   136  566s
  3313  3391  671.33048  387  263  942.38400  669.96033  28.9%   132  574s
  3534  3620  671.40862  414  264  942.38400  669.96033  28.9%   129  580s
  3765  3906  671.49375  444  272  942.38400  669.96033  28.9%   127  588s
  4057  4232  671.57550  479  276  942.38400  669.96033  28.9%   123  595s
  4391  4271  671.70351  508  275  942.38400  669.96033  28.9%   119  604s
H 4393  4271                     942.0960000  669.96033  28.9%   119  604s
  4434  4465  671.70484  509  275  942.09600  669.96033  28.9%   120  611s
  4640  4607  671.80853  540  268  942.09600  669.96033  28.9%   119  619s
  4810  4812  671.92121  575  267  942.09600  669.96033  28.9%   119  627s
  5025  4965  672.06790  610  269  942.09600  669.96033  28.9%   118  634s
  5192  5190  672.17647  624  265  942.09600  669.96033  28.9%   118  642s
  5429  5369  672.32655  663  274  942.09600  669.96033  28.9%   117  652s
  5626  5661  672.53346  707  268  942.09600  669.96033  28.9%   117  662s
  5950  6152  672.78047  751  271  942.09600  669.96033  28.9%   115  677s
  6515  6591  673.09265  795  273  942.09600  669.96033  28.9%   111  685s
  6957  6592  774.71676  222  251  942.09600  669.96033  28.9%   107  710s
  6959  6593  707.64697  717  199  942.09600  669.96033  28.9%   107  739s
  6960  6594  692.31846  359  211  942.09600  669.96033  28.9%   107  770s
  6961  6595  708.87160  754  217  942.09600  669.96033  28.9%   107  781s
  6964  6597  688.99433  494  235  942.09600  669.96033  28.9%   107  786s
  6967  6599  683.94365  721  260  942.09600  669.96033  28.9%   107  790s
  6972  6602  676.04106   60  265  942.09600  669.98826  28.9%   107  797s
  6973  6603  689.44577   17  255  942.09600  670.15608  28.9%   107  802s
  6977  6605  701.33691  943  265  942.09600  670.25204  28.9%   107  805s
  6978  6606  684.78192  787  255  942.09600  670.25269  28.9%   107  810s
  6981  6608  681.50770  185  281  942.09600  670.35893  28.8%   107  815s
  6983  6609  714.24695   83  284  942.09600  670.37008  28.8%   107  820s
  6987  6612  672.10522  614  292  942.09600  670.38659  28.8%   107  827s
  6989  6613  719.95217  185  293  942.09600  670.39034  28.8%   107  832s
  6991  6615  682.00344  531  294  942.09600  670.40218  28.8%   107  836s
  6992  6615  686.20898  362  294  942.09600  670.40218  28.8%   107  891s
  6995  6618  847.84949   96  202  942.09600  670.40218  28.8%   114  921s
  6996  6619  671.23299  347  213  942.09600  670.40218  28.8%   114  949s
  6997  6620  679.72580  300  224  942.09600  670.40218  28.8%   114  959s
  6998  6620  787.93453   19  230  942.09600  670.40218  28.8%   114  960s
  7001  6622  834.53326   71  252  942.09600  670.43267  28.8%   114  965s
  7005  6625  683.91651  717  274  942.09600  670.43267  28.8%   114  970s
  7008  6627  683.56560  156  289  942.09600  670.43267  28.8%   114  975s
  7013  6630  714.25231   82  293  942.09600  670.51326  28.8%   114  983s
  7016  6632  691.00494  554  291  942.09600  670.53589  28.8%   113  985s
  7018  6634  825.77818  650  298  942.09600  670.55326  28.8%   113  992s
  7020  6635  763.40404  584  299  942.09600  670.56302  28.8%   113  996s
  7021  6636  687.79382  405  299  942.09600  670.56302  28.8%   113 1038s
  7022  6638  785.82893   17  251  942.09600  670.56302  28.8%   121 1041s
  7024  6639  702.40198  578  202  942.09600  670.56302  28.8%   120 1064s
  7025  6640  676.33016   71  216  942.09600  670.56302  28.8%   120 1092s
  7026  6641  700.89422  921  225  942.09600  670.56302  28.8%   120 1102s
  7029  6643  677.52744  184  252  942.09600  670.56302  28.8%   120 1106s
  7033  6645  699.17401  133  276  942.09600  670.56302  28.8%   120 1110s
  7036  6647  677.31995  159  296  942.09600  670.56302  28.8%   120 1115s
  7039  6649  713.88746  896  303  942.09600  670.62013  28.8%   120 1122s
  7041  6651  675.79841   22  303  942.09600  670.62013  28.8%   120 1165s
  7042  6654  670.64546   40  296  942.09600  670.62013  28.8%   123 1176s
  7044  6658  670.65470   41  299  942.09600  670.64552  28.8%   123 1184s
  7048  6664  670.67484   42  307  942.09600  670.65571  28.8%   124 1192s
  7056  6670  670.69234   43  308  942.09600  670.67546  28.8%   126 1195s
  7064  6691  670.75863   44  307  942.09600  670.67546  28.8%   127 1205s
  7088  6691  670.82371   46  304  942.09600  670.67546  28.8%   131 1211s
  7096  6695  675.49242   46  265  942.09600  670.67546  28.8%   132 1226s
  7105  6699  670.86706   47  307  942.09600  670.67546  28.8%   135 1231s
  7114  6703  682.83647   47  255  942.09600  670.67546  28.8%   136 1238s
  7123  6707  670.87039   48  305  942.09600  670.67546  28.8%   139 1243s
  7132  6711  687.79886   48  222  942.09600  670.67546  28.8%   140 1252s
  7139  6717  670.87434   49  311  942.09600  670.67546  28.8%   143 1258s
  7147  6721  682.23719   49  246  942.09600  670.67546  28.8%   143 1267s
  7156  6726  670.87643   50  305  942.09600  670.67546  28.8%   146 1273s
  7164  6732  675.88904   50  254  942.09600  670.67546  28.8%   147 1279s
  7172  6737  670.87643   51  306  942.09600  670.67546  28.8%   149 1286s
  7180  6742  682.67426   51  265  942.09600  670.67546  28.8%   149 1293s
  7188  6747  670.88310   52  304  942.09600  670.67546  28.8%   152 1300s
  7197  6749  692.50742   52  219  942.09600  670.67546  28.8%   153 1311s
  7204  6754  670.88321   53  304  942.09600  670.67546  28.8%   155 1316s
  7212  6762  677.95933   53  245  942.09600  670.67546  28.8%   156 1323s
  7222  6767  670.88870   54  303  942.09600  670.67546  28.8%   158 1329s
  7231  6773  688.26933   54  236  942.09600  670.67546  28.8%   160 1340s
  7240  6777  670.89323   55  306  942.09600  670.67546  28.8%   164 1346s
  7249  6781  672.78051   55  253  942.09600  670.67546  28.8%   164 1351s
  7258  6786  670.89456   56  300  942.09600  670.67546  28.8%   167 1361s
  7266  6793  678.59505   56  273  942.09600  670.67546  28.8%   168 1368s
  7275  6798  670.90504   57  306  942.09600  670.67546  28.8%   170 1379s
  7285  6803  688.55332   57  265  942.09600  670.67546  28.8%   173 1388s
  7296  6814  670.90690   58  305  942.09600  670.67546  28.8%   175 1398s
  7314  6815  680.66490   58  238  942.09600  670.67546  28.8%   179 1407s
  7325  6819  670.91006   59  306  942.09600  670.67546  28.8%   181 1416s
  7337  6832  691.87879   59  255  942.09600  670.67546  28.8%   184 1426s
  7356  6834  670.91071   60  307  942.09600  670.67546  28.8%   187 1440s
  7366  6842  670.91770   61  307  942.09600  670.67546  28.8%   189 1451s
  7378  6856  670.91791   62  306  942.09600  670.67546  28.8%   192 1464s
  7398  6879  670.95479   64  300  942.09600  670.67546  28.8%   196 1476s
  7427  6897  670.96462   65  298  942.09600  670.67546  28.8%   201 1489s
  7457  6923  670.96537   66  294  942.09600  670.67546  28.8%   207 1500s
  7495  6940  670.97195   67  296  942.09600  670.67546  28.8%   214 1515s
  7533  6959  670.97903   69  296  942.09600  670.67546  28.8%   221 1528s
  7572  6976  670.97945   70  298  942.09600  670.67546  28.8%   228 1539s
  7612  6992  679.44928   71  257  942.09600  670.67546  28.8%   236 1556s
  7654  7017  671.10596   73  299  942.09600  670.67546  28.8%   243 1573s
  7699  7028  671.11024   74  302  942.09600  670.67546  28.8%   250 1589s
  7737  7062  671.12975   75  300  942.09600  670.67546  28.8%   258 1604s
  7793  7082  671.16861   77  300  942.09600  670.67546  28.8%   266 1619s
  7850  7107  671.20534   79  298  942.09600  670.67546  28.8%   275 1636s
  7910  7134  671.24146   81  296  942.09600  670.67546  28.8%   284 1653s
  7972  7151  671.26504   83  294  942.09600  670.67546  28.8%   293 1671s
  8026  7141  671.28769   85  296  942.09600  670.67546  28.8%   300 1690s
  8034  7149  676.14970   85  253  942.09600  670.67546  28.8%   302 1709s
  8052  7157  671.29327   86  299  942.09600  670.67546  28.8%   303 1727s
H 8055  6823                     941.6480000  670.67546  28.8%   304 1727s
  8078  6861  684.04805   86  241  941.64800  670.67546  28.8%   306 1744s
  8147  6892  671.37723   88  296  941.64800  670.67546  28.8%   316 1762s
  8221  6919  676.00180   90  254  941.64800  670.67546  28.8%   325 1781s
  8295  6919  687.39982   92  250  941.64800  670.67546  28.8%   335 1802s
  8321  6962  671.43668   93  294  941.64800  670.67546  28.8%   338 1822s
  8389  6999  671.43673   94  291  941.64800  670.67546  28.8%   346 1846s
  8475  7036  671.44228   97  293  941.64800  670.67546  28.8%   355 1868s
  8572  7066  671.45442  100  297  941.64800  670.67546  28.8%   366 1890s
  8675  7101  671.46518  103  293  941.64800  670.67546  28.8%   378 1913s
  8774  7146  671.48982  106  293  941.64800  670.67546  28.8%   388 1936s
  8876  7178  671.51164  109  292  941.64800  670.67546  28.8%   399 1961s
  8954  7234  671.51364  110  292  941.64800  670.67546  28.8%   408 1988s
  9072  7260  671.52564  113  295  941.64800  670.67546  28.8%   419 2014s
  9169  7316  671.52628  114  295  941.64800  670.67546  28.8%   427 2044s
  9318  7326  671.63075  118  295  941.64800  670.67546  28.8%   438 2077s
  9419  7376  671.64973  121  296  941.64800  670.67546  28.8%   445 2106s
  9583  7385  671.68368  125  284  941.64800  670.67546  28.8%   456 2137s
  9711  7432  671.70547  127  290  941.64800  670.67546  28.8%   464 2170s
  9892  7442  671.75489  132  289  941.64800  670.67546  28.8%   474 2207s
 10049  7487  671.75535  134  288  941.64800  670.67546  28.8%   480 2242s
 10234  7435  671.77281  138  286  941.64800  670.67546  28.8%   488 2285s
H10236  7118                     917.2640000  670.67546  26.9%   488 2285s
 10246  7209  683.05470  138  255  917.26400  670.67546  26.9%   489 2320s
 10458  7245  671.78410  143  282  917.26400  670.67546  26.9%   498 2356s
 10603  7374  671.79323  144  287  917.26400  670.69531  26.9%   505 2393s
 10795  7439  671.81523  150  289  917.26400  670.69531  26.9%   515 2435s
H10951  7086                     910.5680000  670.69531  26.3%   525 2435s
 10952  7206  671.85860  153  293  910.56800  670.69531  26.3%   525 2478s
H10988  6909                     910.0720000  670.69531  26.3%   529 2478s
 11090  7040  671.86419  157  293  910.07200  670.69531  26.3%   535 2522s
 11283  7140  671.87080  162  289  910.07200  670.69531  26.3%   544 2565s
 11478  7290  692.69566  165  256  910.07200  670.69531  26.3%   552 2610s
 11718  7386  671.88961  171  293  910.07200  670.69531  26.3%   562 2658s
 11924  7385  671.89701  176  291  910.07200  670.69531  26.3%   571 2713s
 12016  7562  671.93765  179  295  910.07200  670.69531  26.3%   575 2765s
 12262  7711  671.96594  187  290  910.07200  670.69531  26.3%   584 2817s
 12527  7871  671.99274  193  291  910.07200  670.69531  26.3%   595 2870s
 12825  8037  672.00591  200  286  910.07200  670.69531  26.3%   602 2927s
 13145  8204  672.05110  208  287  910.07200  670.69531  26.3%   611 2984s
 13499  8368  672.12902  217  294  910.07200  670.69531  26.3%   619 3045s
 13868  8260  672.17324  226  289  910.07200  670.69531  26.3%   627 3142s
 13883  8427  685.30937  226  254  910.07200  670.69531  26.3%   627 3219s
 14097  8600  672.18643  232  285  910.07200  670.69531  26.3%   632 3285s
 14457  8695  672.24216  242  287  910.07200  670.69531  26.3%   640 3365s
 14834  8814  672.41066  251  283  910.07200  670.69531  26.3%   650 3428s
 15226  8910  672.48236  259  283  910.07200  670.69531  26.3%   655 3487s
 15611  9045  691.94341  267  232  910.07200  670.69531  26.3%   660 3546s
 16035  9020  685.15948  276  261  910.07200  670.69531  26.3%   663 3578s

Cutting planes:
  MIR: 19
  Flow cover: 95
  Zero half: 1

Explored 16237 nodes (10957826 simplex iterations) in 3578.95 seconds (8805.41 work units)
Thread count was 8 (of 40 available processors)

Solution count 10: 910.072 910.568 917.264 ... 946.312

Time limit reached
Best objective 9.100719999997e+02, best bound 6.706953097245e+02, gap 26.3030%

User-callback calls 642619, time in user-callback 4.20 sec
