
Gurobi 12.0.3 (linux64) logging started Sun Sep 13 14:28:33 2026

Set parameter LogFile to value "/share/scaglione/nc437/evsp-dr/cumulative_budget_20260913/cases/c5_k05/mip_base/135671_r0/gurobi.log"
Set parameter OutputFlag to value 1
Set parameter TimeLimit to value 3600
Set parameter MIPGap to value 0.0001
Set parameter Threads to value 8
Set parameter TimeLimit to value 1800
Gurobi Optimizer version 12.0.3 build v12.0.3rc0 (linux64 - "Ubuntu 24.04.4 LTS")

CPU model: Intel(R) Xeon(R) CPU E7-4850 v4 @ 2.10GHz, instruction set [SSE2|AVX|AVX2]
Thread count: 64 physical cores, 64 logical processors, using up to 8 threads

Non-default parameters:
TimeLimit  1800
Threads  8

Optimize a model with 102 rows, 14175 columns and 299398 nonzeros
Model fingerprint: 0xbc6b1fa2
Variable types: 0 continuous, 14175 integer (14175 binary)
Coefficient statistics:
  Matrix range     [1e+00, 1e+00]
  Objective range  [1e+00, 1e+00]
  Bounds range     [1e+00, 1e+00]
  RHS range        [1e+00, 1e+00]

Loaded user MIP start with objective 29

Presolve removed 0 rows and 107 columns
Presolve time: 0.94s
Presolved: 102 rows, 14068 columns, 297362 nonzeros
Variable types: 0 continuous, 14068 integer (14068 binary)

Root relaxation: objective 5.000000e+00, 623 iterations, 0.24 seconds (0.34 work units)

    Nodes    |    Current Node    |     Objective Bounds      |     Work
 Expl Unexpl |  Obj  Depth IntInf | Incumbent    BestBd   Gap | It/Node Time

     0     0    5.00000    0   46   29.00000    5.00000  82.8%     -    1s
H    0     0                      12.0000000    5.00000  58.3%     -    1s
H    0     0                       9.0000000    5.00000  44.4%     -    1s
H    0     0                       8.0000000    5.00000  37.5%     -    1s
H    0     0                       7.0000000    5.00000  28.6%     -    1s
H    0     0                       6.0000000    5.00000  16.7%     -    1s
     0     0    5.00000    0   45    6.00000    5.00000  16.7%     -    2s
     0     0    5.00000    0   41    6.00000    5.00000  16.7%     -    3s
     0     0    5.00000    0   42    6.00000    5.00000  16.7%     -    5s
     0     0    5.00000    0   37    6.00000    5.00000  16.7%     -    6s
     0     0    5.00000    0   41    6.00000    5.00000  16.7%     -    7s
     0     0    5.00000    0   42    6.00000    5.00000  16.7%     -    7s
     0     0    5.00000    0   40    6.00000    5.00000  16.7%     -    8s
     0     0    5.00000    0   43    6.00000    5.00000  16.7%     -    8s
     0     0    5.00000    0   44    6.00000    5.00000  16.7%     -    9s
     0     0    5.00000    0   43    6.00000    5.00000  16.7%     -   10s
     0     2    5.00000    0   39    6.00000    5.00000  16.7%     -   11s
     4     4    5.00000    1   48    6.00000    5.00000  16.7%  1506   15s
    15    12    5.00000    1   32    6.00000    5.00000  16.7%   402   20s
    33    25    5.00000    1   48    6.00000    5.00000  16.7%   912   25s
   246     2 infeasible  127         6.00000    5.00000  16.7%   254   30s
   416     2 infeasible  212         6.00000    5.00000  16.7%   180   35s

Cutting planes:
  Cover: 1
  Flow cover: 10

Explored 436 nodes (119063 simplex iterations) in 35.86 seconds (31.72 work units)
Thread count was 8 (of 64 available processors)

Solution count 6: 6 7 8 ... 29

Optimal solution found (tolerance 1.00e-04)
Best objective 6.000000000000e+00, best bound 6.000000000000e+00, gap 0.0000%

User-callback calls 6059, time in user-callback 0.03 sec
Set parameter TimeLimit to value 3.5637712035179138e+03
Gurobi Optimizer version 12.0.3 build v12.0.3rc0 (linux64 - "Ubuntu 24.04.4 LTS")

CPU model: Intel(R) Xeon(R) CPU E7-4850 v4 @ 2.10GHz, instruction set [SSE2|AVX|AVX2]
Thread count: 64 physical cores, 64 logical processors, using up to 8 threads

Non-default parameters:
TimeLimit  3.5637712035179138e+03
Threads  8

Optimize a model with 103 rows, 14175 columns and 313573 nonzeros
Model fingerprint: 0xcd9eb7fb
Variable types: 0 continuous, 14175 integer (14175 binary)
Coefficient statistics:
  Matrix range     [1e+00, 1e+00]
  Objective range  [6e+00, 2e+02]
  Bounds range     [1e+00, 1e+00]
  RHS range        [1e+00, 6e+00]

Loaded user MIP start with objective 387.184
MIP start from previous solve did not produce a new incumbent solution

Presolve removed 0 rows and 54 columns
Presolve time: 0.69s
Presolved: 103 rows, 14121 columns, 312429 nonzeros
Variable types: 0 continuous, 14121 integer (14121 binary)

Root relaxation: objective 2.543298e+02, 694 iterations, 0.33 seconds (0.49 work units)

    Nodes    |    Current Node    |     Objective Bounds      |     Work
 Expl Unexpl |  Obj  Depth IntInf | Incumbent    BestBd   Gap | It/Node Time

     0     0  254.32980    0   76  387.18400  254.32980  34.3%     -    1s
H    0     0                     385.2000000  254.32980  34.0%     -    1s
H    0     0                     376.5600000  254.32980  32.5%     -    1s
     0     0  255.20731    0   82  376.56000  255.20731  32.2%     -    1s
H    0     0                     374.8240000  255.20731  31.9%     -    2s
     0     0  255.43177    0   84  374.82400  255.43177  31.9%     -    4s
     0     0  255.56303    0   88  374.82400  255.56303  31.8%     -    4s
     0     0  255.83977    0   90  374.82400  255.83977  31.7%     -    4s
     0     0  256.01883    0   93  374.82400  256.01883  31.7%     -    4s
     0     0  256.14555    0   92  374.82400  256.14555  31.7%     -    4s
     0     0  256.24546    0   91  374.82400  256.24546  31.6%     -    5s
H    0     0                     326.5520000  256.24546  21.5%     -    5s
H    0     0                     315.8880000  256.24546  18.9%     -    5s
H    0     0                     315.6400000  256.24546  18.8%     -    5s
H    0     0                     308.3280000  256.42323  16.8%     -    5s
     0     0  256.42323    0   92  308.32800  256.42323  16.8%     -    5s
     0     0  256.52431    0   94  308.32800  256.52431  16.8%     -    6s
     0     0  256.64355    0   97  308.32800  256.64355  16.8%     -    6s
     0     0  256.99048    0  106  308.32800  256.99048  16.7%     -    6s
     0     0  257.19489    0  101  308.32800  257.19489  16.6%     -    6s
     0     0  257.23043    0  108  308.32800  257.23043  16.6%     -    7s
     0     0  257.34407    0  104  308.32800  257.34407  16.5%     -    7s
     0     0  257.40972    0  104  308.32800  257.40972  16.5%     -    7s
     0     0  257.43618    0  108  308.32800  257.43618  16.5%     -    7s
     0     0  257.51593    0  106  308.32800  257.51593  16.5%     -    7s
     0     0  257.65226    0  106  308.32800  257.65226  16.4%     -    8s
     0     0  257.71141    0  108  308.32800  257.71141  16.4%     -    8s
     0     0  257.73814    0  110  308.32800  257.73814  16.4%     -    8s
     0     0  257.84212    0  108  308.32800  257.84212  16.4%     -    8s
     0     0  257.84278    0  109  308.32800  257.84278  16.4%     -    8s
     0     0  257.87324    0  108  308.32800  257.87324  16.4%     -    9s
     0     0  257.89205    0  109  308.32800  257.89205  16.4%     -    9s
     0     0  257.91684    0  111  308.32800  257.91684  16.3%     -   10s
     0     0  258.01824    0  109  308.32800  258.01824  16.3%     -   10s
     0     0  258.03098    0  107  308.32800  258.03098  16.3%     -   10s
     0     0  258.14998    0  104  308.32800  258.14998  16.3%     -   10s
     0     0  258.19864    0  104  308.32800  258.19864  16.3%     -   11s
     0     0  258.27103    0  107  308.32800  258.27103  16.2%     -   11s
     0     0  258.27981    0  106  308.32800  258.27981  16.2%     -   11s
     0     0  258.31415    0  107  308.32800  258.31415  16.2%     -   11s
     0     0  258.31877    0  107  308.32800  258.31877  16.2%     -   11s
     0     0  258.34703    0  105  308.32800  258.34703  16.2%     -   12s
     0     0  258.35348    0  109  308.32800  258.35348  16.2%     -   12s
     0     0  258.36378    0  108  308.32800  258.36378  16.2%     -   12s
     0     0  258.36378    0  109  308.32800  258.36378  16.2%     -   12s
     0     0  258.40068    0  109  308.32800  258.40068  16.2%     -   12s
H    0     0                     307.1280000  258.40068  15.9%     -   13s
     0     0  258.47487    0  112  307.12800  258.47487  15.8%     -   13s
     0     0  258.49950    0  112  307.12800  258.49950  15.8%     -   13s
     0     0  258.52416    0  108  307.12800  258.52416  15.8%     -   13s
     0     0  258.55690    0  114  307.12800  258.55690  15.8%     -   13s
     0     0  258.61587    0  112  307.12800  258.61587  15.8%     -   14s
     0     0  258.65465    0  111  307.12800  258.65465  15.8%     -   14s
     0     0  258.67518    0  114  307.12800  258.67518  15.8%     -   14s
     0     0  258.79934    0  117  307.12800  258.79934  15.7%     -   14s
     0     0  258.87101    0  119  307.12800  258.87101  15.7%     -   15s
     0     0  258.89855    0  115  307.12800  258.89855  15.7%     -   15s
     0     0  258.92138    0  114  307.12800  258.92138  15.7%     -   15s
     0     0  258.93238    0  114  307.12800  258.93238  15.7%     -   16s
H    0     0                     290.0160000  258.93238  10.7%     -   17s
H    0     0                     288.4880000  258.93238  10.2%     -   17s
     0     0  258.93238    0   76  288.48800  258.93238  10.2%     -   18s
     0     0  258.93238    0   83  288.48800  258.93238  10.2%     -   19s
     0     0  258.93238    0   87  288.48800  258.93238  10.2%     -   20s
     0     0  258.93238    0   91  288.48800  258.93238  10.2%     -   20s
     0     0  258.93238    0   92  288.48800  258.93238  10.2%     -   20s
     0     0  258.93238    0   97  288.48800  258.93238  10.2%     -   21s
     0     0  258.93238    0   93  288.48800  258.93238  10.2%     -   21s
     0     0  258.93238    0  100  288.48800  258.93238  10.2%     -   21s
     0     0  258.93238    0  105  288.48800  258.93238  10.2%     -   21s
     0     0  258.93238    0  105  288.48800  258.93238  10.2%     -   21s
     0     0  258.93238    0  108  288.48800  258.93238  10.2%     -   21s
     0     0  258.93238    0  109  288.48800  258.93238  10.2%     -   21s
     0     0  258.93238    0  110  288.48800  258.93238  10.2%     -   21s
     0     0  258.93238    0  110  288.48800  258.93238  10.2%     -   22s
     0     0  258.93238    0  111  288.48800  258.93238  10.2%     -   22s
     0     0  258.93238    0  107  288.48800  258.93238  10.2%     -   22s
     0     0  258.93238    0  114  288.48800  258.93238  10.2%     -   22s
     0     0  258.93238    0  111  288.48800  258.93238  10.2%     -   22s
     0     0  258.93238    0  115  288.48800  258.93238  10.2%     -   22s
     0     0  258.99163    0  117  288.48800  258.99163  10.2%     -   23s
     0     0  259.04723    0  118  288.48800  259.04723  10.2%     -   23s
     0     0  259.19517    0  114  288.48800  259.19517  10.2%     -   23s
     0     0  259.24515    0  116  288.48800  259.24515  10.1%     -   23s
     0     0  259.26192    0  113  288.48800  259.26192  10.1%     -   24s
     0     0  259.26708    0  115  288.48800  259.26708  10.1%     -   24s
     0     0  259.30702    0  119  288.48800  259.30702  10.1%     -   24s
     0     0  259.32280    0  121  288.48800  259.32280  10.1%     -   24s
     0     0  259.39211    0  112  288.48800  259.39211  10.1%     -   25s
     0     0  259.40417    0  113  288.48800  259.40417  10.1%     -   25s
     0     0  259.45833    0  106  288.48800  259.45833  10.1%     -   25s
     0     0  259.66724    0  112  288.48800  259.66724  10.0%     -   25s
     0     0  259.78805    0  109  288.48800  259.78805  9.95%     -   26s
     0     0  259.92715    0  106  288.48800  259.92715  9.90%     -   26s
     0     0  259.95255    0  110  288.48800  259.95255  9.89%     -   27s
     0     0  259.97994    0  104  288.48800  259.97994  9.88%     -   27s
     0     0  260.02356    0  104  288.48800  260.02356  9.87%     -   27s
     0     0  260.03112    0  108  288.48800  260.03112  9.86%     -   27s
     0     0  260.03825    0  108  288.48800  260.03825  9.86%     -   27s
     0     2  261.75004    0  108  288.48800  261.75004  9.27%     -   35s
   461   358  262.28463   26  109  288.48800  261.75004  9.27%  48.9   40s
  1153  1035  263.43716   51  108  288.48800  261.75004  9.27%  36.0   45s
  1681  1414  274.06828   20   76  288.48800  261.75004  9.27%  32.0   50s
  1692  1422  284.67680  201   96  288.48800  261.75004  9.27%  31.8   55s
  1711  1434  283.25988  136  107  288.48800  261.75004  9.27%  31.5   60s
  1726  1444  279.13010   48  114  288.48800  261.75004  9.27%  31.2   65s
  1741  1455  261.88757   14  103  288.48800  261.79696  9.25%  34.4   70s
  1982  1441  277.49019   23   73  288.48800  262.48925  9.01%  40.6   75s
  2502  1410     cutoff   62       288.48800  262.92378  8.86%  43.2   80s
* 2661  1295              47     286.7520000  263.02447  8.27%  44.1   81s
H 2817  1267                     283.7760000  263.16180  7.26%  44.5   82s
  3206  1312  275.86784   69   64  283.77600  263.33361  7.20%  44.7   85s
  4228  1656  276.05410   78   72  283.77600  264.34685  6.85%  44.3   90s
  5117  1845     cutoff   93       283.77600  266.36388  6.14%  44.0   96s
  5983  1334     cutoff   87       283.77600  267.41455  5.77%  47.5  100s
  7720    13     cutoff  194       283.77600  268.93406  5.23%  48.0  105s
  7863     2     cutoff  264       283.77600  270.49749  4.68%  50.0  110s
  8009    19     cutoff  336       283.77600  272.51562  3.97%  51.2  115s
  8217    18     cutoff  439       283.77600  275.15108  3.04%  52.8  120s
  8485     4     cutoff  577       283.77600  278.75619  1.77%  53.4  125s

Cutting planes:
  MIR: 32
  Flow cover: 73

Explored 8753 nodes (470043 simplex iterations) in 127.41 seconds (131.01 work units)
Thread count was 8 (of 64 available processors)

Solution count 10: 283.776 286.752 288.488 ... 374.824

Optimal solution found (tolerance 1.00e-04)
Best objective 2.837760000000e+02, best bound 2.837760000000e+02, gap 0.0000%

User-callback calls 41929, time in user-callback 0.19 sec
