
Gurobi 12.0.3 (linux64) logging started Sun Sep 13 17:07:24 2026

Set parameter LogFile to value "/share/scaglione/nc437/evsp-dr/cumulative_budget_20260913/cases/c5_k15/mip_base/135687_r0/gurobi.log"
Set parameter OutputFlag to value 1
Set parameter TimeLimit to value 3600
Set parameter MIPGap to value 0.0001
Set parameter Threads to value 8
Set parameter TimeLimit to value 1800
Gurobi Optimizer version 12.0.3 build v12.0.3rc0 (linux64 - "Ubuntu 24.04.4 LTS")

CPU model: Intel(R) Xeon(R) CPU E5-2620 v3 @ 2.40GHz, instruction set [SSE2|AVX|AVX2]
Thread count: 12 physical cores, 12 logical processors, using up to 8 threads

Non-default parameters:
TimeLimit  1800
Threads  8

Optimize a model with 325 rows, 68670 columns and 1811671 nonzeros
Model fingerprint: 0x2cdcb544
Variable types: 0 continuous, 68670 integer (68670 binary)
Coefficient statistics:
  Matrix range     [1e+00, 1e+00]
  Objective range  [1e+00, 1e+00]
  Bounds range     [1e+00, 1e+00]
  RHS range        [1e+00, 1e+00]

Loaded user MIP start with objective 76

Presolve time: 2.93s
Presolved: 325 rows, 68670 columns, 1811671 nonzeros
Variable types: 0 continuous, 68670 integer (68670 binary)

Starting sifting (using dual simplex for sub-problems)...

    Iter     Pivots    Primal Obj      Dual Obj        Time
       0          0     infinity      0.0000000e+00      3s
       1        983   1.7936761e+01   5.1772390e+00      3s
       2       2805   1.7762748e+01   9.6948205e+00      3s
       3       4834   1.6953087e+01   1.1273877e+01      4s
       4       7164   1.6128215e+01   1.2497237e+01      4s
       5       9294   1.5529544e+01   1.3232208e+01      4s
       6      11413   1.5249713e+01   1.3773639e+01      5s
       7      12854   1.5000000e+01   1.5000000e+01      5s

Sifting complete


Root relaxation: objective 1.500000e+01, 12854 iterations, 1.74 seconds (1.98 work units)

    Nodes    |    Current Node    |     Objective Bounds      |     Work
 Expl Unexpl |  Obj  Depth IntInf | Incumbent    BestBd   Gap | It/Node Time

     0     0   15.00000    0  152   76.00000   15.00000  80.3%     -   18s
H    0     0                      37.0000000   15.00000  59.5%     -   19s
H    0     0                      29.0000000   15.00000  48.3%     -   19s
H    0     0                      28.0000000   15.00000  46.4%     -   19s
H    0     0                      27.0000000   15.00000  44.4%     -   19s
H    0     0                      26.0000000   15.00000  42.3%     -   19s
H    0     0                      25.0000000   15.00000  40.0%     -   19s
H    0     0                      24.0000000   15.00000  37.5%     -   19s
H    0     0                      23.0000000   15.00000  34.8%     -   19s
H    0     0                      21.0000000   15.00000  28.6%     -   19s
H    0     0                      20.0000000   15.00000  25.0%     -   19s
H    0     0                      19.0000000   15.00000  21.1%     -   19s
H    0     0                      18.0000000   15.00000  16.7%     -   19s
H    0     0                      17.0000000   15.00000  11.8%     -   30s
     0     0   15.00000    0  151   17.00000   15.00000  11.8%     -   34s
     0     0   15.00000    0  156   17.00000   15.00000  11.8%     -   65s
     0     0   15.00000    0  154   17.00000   15.00000  11.8%     -   86s
     0     0   15.00000    0  161   17.00000   15.00000  11.8%     -   88s
     0     0   15.00000    0  168   17.00000   15.00000  11.8%     -  109s
     0     0   15.00000    0  168   17.00000   15.00000  11.8%     -  126s
     0     2   15.00000    0  168   17.00000   15.00000  11.8%     -  167s
     3     8   15.00000    2  184   17.00000   15.00000  11.8%  3280  172s
     7    16   15.00000    3  167   17.00000   15.00000  11.8%  1870  177s
    15    24   15.00000    4  216   17.00000   15.00000  11.8%  1466  183s
    23   137   15.00000    5  237   17.00000   15.00000  11.8%  1486  199s
   136   145   15.00000   19  198   17.00000   15.00000  11.8%  3337  219s
   144   153   15.00000   20  195   17.00000   15.00000  11.8%  3186  235s
   152   169   15.00000   21  194   17.00000   15.00000  11.8%  3056  255s
   168   241   15.00000   22  186   17.00000   15.00000  11.8%  2824  284s
   240   344   15.00000   23  179   17.00000   15.00000  11.8%  2050  321s
   343   499   15.00000   26  192   17.00000   15.00000  11.8%  1486  359s
   498   720   15.00000   34  186   17.00000   15.00000  11.8%  1125  417s
   725  1644   15.00000   59  213   17.00000   15.00000  11.8%  1025  542s
  1649  2159   15.00000  144  241   17.00000   15.00000  11.8%  2281  616s
  2178  2668   15.00000  186  258   17.00000   15.00000  11.8%  2449  695s
  2687  3167   15.00000  243  264   17.00000   15.00000  11.8%  2726  768s
  3186  3663   15.00000  287  267   17.00000   15.00000  11.8%  2905  840s
  3682  4154   15.00000  331  267   17.00000   15.00000  11.8%  3003  915s
  4173  4326   15.00000  372  267   17.00000   15.00000  11.8%  3058  966s
H 4328  2104                      16.0000000   15.00000  6.25%  3072  966s
  4346  1931   15.00000   93  168   16.00000   15.00000  6.25%  3071  990s
  4348  1932   15.00000  236  171   16.00000   15.00000  6.25%  3069 1025s
  4349  1933   15.00000  399  164   16.00000   15.00000  6.25%  3069 1095s
  4350  1934   15.00000   64  177   16.00000   15.00000  6.25%  3068 1107s
  4351  1934   15.00000  383  156   16.00000   15.00000  6.25%  3067 1110s
  4352  1935   15.00000   91  160   16.00000   15.00000  6.25%  3066 1120s
  4354  1936   15.00000   14  159   16.00000   15.00000  6.25%  3065 1134s
  4355  1937   15.00000  269  160   16.00000   15.00000  6.25%  3064 1136s
  4356  1938   15.00000  315  152   16.00000   15.00000  6.25%  3064 1148s
  4357  1938   15.00000   76  159   16.00000   15.00000  6.25%  3063 1150s
  4358  1939   15.00000   61  157   16.00000   15.00000  6.25%  3062 1160s
  4360  1940   15.00000  432  148   16.00000   15.00000  6.25%  3061 1173s
  4362  1942   15.00000  158  139   16.00000   15.00000  6.25%  3059 1184s
  4363  1942   15.00000   61  139   16.00000   15.00000  6.25%  3059 1192s
  4364  1943   15.00000  260  139   16.00000   15.00000  6.25%  3058 1208s
  4365  1945   15.00000  356  168   16.00000   15.00000  6.25%  47.8 1215s
  4367  1946   15.00000  165  180   16.00000   15.00000  6.25%  47.8 1230s
  4368  1947   15.00000  114  171   16.00000   15.00000  6.25%  47.7 1248s
  4369  1948   15.00000   33  153   16.00000   15.00000  6.25%  47.7 1260s
  4370  1948   15.00000  407  170   16.00000   15.00000  6.25%  47.7 1268s
  4372  1950   15.00000  217  161   16.00000   15.00000  6.25%  47.7 1276s
  4374  1951   15.00000  110  147   16.00000   15.00000  6.25%  47.7 1281s
  4376  1952   15.00000  392  141   16.00000   15.00000  6.25%  47.7 1286s
  4377  1953   15.00000   80  141   16.00000   15.00000  6.25%  47.6 1299s
  4378  1957   15.00000   22  169   16.00000   15.00000  6.25%  61.3 1307s
  4380  1958   15.00000   23  159   16.00000   15.00000  6.25%  61.5 1310s
  4398  1977   15.00000   26  210   16.00000   15.00000  6.25%  63.9 1317s
  4447  2000   15.00000   28  202   16.00000   15.00000  6.25%  69.8 1322s
  4486  1986   15.00000   29  166   16.00000   15.00000  6.25%  76.0 1327s
  4501  1990   15.00000   30  171   16.00000   15.00000  6.25%  77.2 1332s
  4522  2008   15.00000   31  180   16.00000   15.00000  6.25%  80.7 1338s
  4575  2022 infeasible   31        16.00000   15.00000  6.25%  89.0 1346s
  4681  1992 infeasible   32        16.00000   15.00000  6.25%  96.1 1358s
  4794  1990   15.00000   27  189   16.00000   15.00000  6.25%   113 1371s
  4896  2045   15.00000   28  197   16.00000   15.00000  6.25%   118 1388s
  5065  2176   15.00000   45  224   16.00000   15.00000  6.25%   134 1415s
  5254  2758   15.00000  113  233   16.00000   15.00000  6.25%   138 1461s
  6163  2844   15.00000   81  233   16.00000   15.00000  6.25%   198 1491s
  6812  3049   15.00000  183  238   16.00000   15.00000  6.25%   232 1516s
  7446  3226   15.00000  265  239   16.00000   15.00000  6.25%   255 1539s
  8068  3043   15.00000  353  242   16.00000   15.00000  6.25%   280 1559s
  8336  3278   15.00000  354  242   16.00000   15.00000  6.25%   308 1582s
  8815  3225   15.00000  374  242   16.00000   15.00000  6.25%   320 1605s
  9161  3245   15.00000  416  241   16.00000   15.00000  6.25%   339 1625s
  9491  3153   15.00000  452  240   16.00000   15.00000  6.25%   354 1646s
  9751  3136   15.00000  458  236   16.00000   15.00000  6.25%   374 1667s
 10276  2997   15.00000  524  196   16.00000   15.00000  6.25%   384 1687s
 10747  2889 infeasible   47        16.00000   15.00000  6.25%   389 1708s
 10995  2777   15.00000   59  179   16.00000   15.00000  6.25%   408 1731s
 11307  2504 infeasible  501        16.00000   15.00000  6.25%   427 1752s
 11610  2595 infeasible   33        16.00000   15.00000  6.25%   434 1775s
 11949  3279   15.00000   35  225   16.00000   15.00000  6.25%   448 1800s

Cutting planes:
  MIR: 1
  Flow cover: 9

Explored 12779 nodes (19133699 simplex iterations) in 1800.06 seconds (2962.11 work units)
Thread count was 8 (of 12 available processors)

Solution count 10: 16 17 18 ... 26

Time limit reached
Best objective 1.600000000000e+01, best bound 1.500000000000e+01, gap 6.2500%

User-callback calls 263040, time in user-callback 1.31 sec
Set parameter TimeLimit to value 1.7977714800834656e+03
Gurobi Optimizer version 12.0.3 build v12.0.3rc0 (linux64 - "Ubuntu 24.04.4 LTS")

CPU model: Intel(R) Xeon(R) CPU E5-2620 v3 @ 2.40GHz, instruction set [SSE2|AVX|AVX2]
Thread count: 12 physical cores, 12 logical processors, using up to 8 threads

Non-default parameters:
TimeLimit  1.7977714800834656e+03
Threads  8

Optimize a model with 326 rows, 68670 columns and 1880341 nonzeros
Model fingerprint: 0xd28d08af
Variable types: 0 continuous, 68670 integer (68670 binary)
Coefficient statistics:
  Matrix range     [1e+00, 1e+00]
  Objective range  [2e+01, 2e+02]
  Bounds range     [1e+00, 1e+00]
  RHS range        [1e+00, 2e+01]

Loaded user MIP start with objective 1063.58
MIP start from previous solve did not produce a new incumbent solution

Presolve time: 2.73s
Presolved: 326 rows, 68670 columns, 1880341 nonzeros
Variable types: 0 continuous, 68670 integer (68670 binary)

Starting sifting (using dual simplex for sub-problems)...

    Iter     Pivots    Primal Obj      Dual Obj        Time
       0          0     infinity      0.0000000e+00      3s
       1       1529   3.0537386e+06   4.8297999e+01      3s
       2       3702   6.7491652e+05   7.3764438e+01      3s
       3       5616   8.0643508e+02   3.1163126e+02      4s
       4       7589   7.1721357e+02   4.3166800e+02      4s
       5       9719   6.6719912e+02   5.4706562e+02      5s
       6      11677   6.4764828e+02   5.9340496e+02      5s
       7      13490   6.4102229e+02   6.1920619e+02      6s
       8      15252   6.3952165e+02   6.3323843e+02      7s
       9      16464   6.3947248e+02   6.3753692e+02      7s

Sifting complete


Root simplex log...

Iteration    Objective       Primal Inf.    Dual Inf.      Time
   17273    6.3947248e+02   0.000000e+00   0.000000e+00      8s

Root relaxation: objective 6.394725e+02, 17273 iterations, 4.70 seconds (5.90 work units)

    Nodes    |    Current Node    |     Objective Bounds      |     Work
 Expl Unexpl |  Obj  Depth IntInf | Incumbent    BestBd   Gap | It/Node Time

     0     0  639.47248    0  309 1063.58400  639.47248  39.9%     -    7s
H    0     0                    1033.5360000  639.47248  38.1%     -   16s
     0     0  639.97461    0  316 1033.53600  639.97461  38.1%     -   22s
     0     0  640.07356    0  317 1033.53600  640.07356  38.1%     -   46s
     0     0  640.21648    0  325 1033.53600  640.21648  38.1%     -   52s
     0     0  640.29111    0  330 1033.53600  640.29111  38.0%     -   56s
     0     0  640.29111    0  331 1033.53600  640.29111  38.0%     -   57s
     0     0  640.30457    0  329 1033.53600  640.30457  38.0%     -   61s
     0     0  640.31906    0  330 1033.53600  640.31906  38.0%     -   65s
     0     0  640.32534    0  332 1033.53600  640.32534  38.0%     -   66s
     0     0  640.36392    0  332 1033.53600  640.36392  38.0%     -   67s
H    0     0                    1030.5600000  640.36392  37.9%     -   71s
     0     0  640.38638    0  332 1030.56000  640.38638  37.9%     -   72s
     0     0  640.40268    0  333 1030.56000  640.40268  37.9%     -   73s
     0     0  640.43341    0  328 1030.56000  640.43341  37.9%     -   74s
     0     0  640.46796    0  331 1030.56000  640.46796  37.9%     -   75s
     0     0  640.50171    0  337 1030.56000  640.50171  37.8%     -   76s
     0     0  640.50964    0  337 1030.56000  640.50964  37.8%     -   77s
     0     0  640.51520    0  333 1030.56000  640.51520  37.8%     -   77s
     0     0  640.52727    0  337 1030.56000  640.52727  37.8%     -   78s
     0     0  640.54307    0  339 1030.56000  640.54307  37.8%     -   79s
     0     0  640.54307    0  340 1030.56000  640.54307  37.8%     -   79s
     0     0  640.54434    0  340 1030.56000  640.54434  37.8%     -   81s
H    0     0                    1006.3840000  640.54434  36.4%     -  165s
H    0     0                     979.3120000  640.54434  34.6%     -  166s
     0     2  640.54434    0  340  979.31200  640.54434  34.6%     -  168s
     1     3  640.56633    1  337  979.31200  640.54483  34.6%   157  175s
     2     5  640.56634    2  338  979.31200  640.54483  34.6%  83.0  183s
     4     9  640.59377    3  337  979.31200  640.56656  34.6%   263  194s
     8    16  640.64346    4  334  979.31200  640.59481  34.6%   479  206s
    15    23  640.68099    5  332  979.31200  640.59481  34.6%   738  220s
    22    52  640.69041    6  333  979.31200  640.59481  34.6%   689  234s
    51    59  640.82795   11  334  979.31200  640.59481  34.6%   453  244s
    58    70  640.82795   12  335  979.31200  640.59481  34.6%   455  269s
    69    80  640.84479   13  336  979.31200  640.59481  34.6%   444  282s
    79    92  640.85095   14  337  979.31200  640.59481  34.6%   437  287s
    91   108  640.86334   15  338  979.31200  640.59481  34.6%   421  292s
   107   116  640.88840   16  338  979.31200  640.59481  34.6%   386  300s
   115   124  640.90276   17  333  979.31200  640.59481  34.6%   373  305s
   123   132  640.90276   18  333  979.31200  640.59481  34.6%   357  310s
   131   140  640.95173   19  334  979.31200  640.59481  34.6%   347  317s
   139   148  640.99527   20  335  979.31200  640.59481  34.6%   340  323s
   147   156  641.02021   21  337  979.31200  640.59481  34.6%   330  328s
   155   164  641.02148   22  336  979.31200  640.59481  34.6%   325  333s
   163   173  641.06779   23  332  979.31200  640.59481  34.6%   322  344s
   172   185  641.28225   24  334  979.31200  640.59481  34.6%   331  356s
H  175   185                     960.0560000  640.59481  33.3%   331  356s
   184   218  641.29534   25  338  960.05600  640.59481  33.3%   334  362s
   217   256  641.48858   29  339  960.05600  640.59481  33.3%   312  371s
   255   287  641.59851   34  333  960.05600  640.59481  33.3%   294  383s
   286   330  641.79422   39  331  960.05600  640.59481  33.3%   280  389s
   329   373  641.91780   45  326  960.05600  640.59481  33.3%   259  396s
   372   413  642.04182   51  326  960.05600  640.59481  33.3%   245  403s
   412   461  642.20272   58  331  960.05600  640.59481  33.3%   236  410s
   460   514  642.35185   66  329  960.05600  640.59481  33.3%   223  417s
   513   562  642.52191   73  326  960.05600  640.59481  33.3%   211  424s
   561   615  642.69451   79  331  960.05600  640.59481  33.3%   203  431s
   614   672  643.02020   84  321  960.05600  640.59481  33.3%   196  439s
   671   719  643.16874   90  323  960.05600  640.59481  33.3%   189  447s
   718   779  643.26863   99  328  960.05600  640.59481  33.3%   185  454s
   778   838  643.49845  105  316  960.05600  640.59481  33.3%   180  461s
   837   900  643.63590  111  320  960.05600  640.59481  33.3%   175  472s
   899   908  643.79865  117  324  960.05600  640.59481  33.3%   172  482s
H  907   928                     937.4880000  640.59481  31.7%   174  498s
   927   989  643.84559  119  314  937.48800  640.59481  31.7%   174  512s
   988  1073  643.96407  128  324  937.48800  640.59481  31.7%   173  520s
  1072  1149  644.10550  140  327  937.48800  640.59481  31.7%   167  530s
  1148  1246  644.24420  151  321  937.48800  640.59481  31.7%   164  539s
  1245  1299  644.57186  162  323  937.48800  640.59481  31.7%   159  549s
  1298  1394  644.69964  170  318  937.48800  640.59481  31.7%   161  561s
  1393  1505  644.99764  179  321  937.48800  640.59481  31.7%   158  571s
  1504  1611  645.32259  191  316  937.48800  640.59481  31.7%   153  581s
  1610  1729  645.52770  208  317  937.48800  640.59481  31.7%   150  593s
  1728  1846  645.77400  219  316  937.48800  640.59481  31.7%   146  606s
  1845  1868  646.01230  237  312  937.48800  640.59481  31.7%   143  617s
  1867  1876  646.08076  240  315  937.48800  640.59481  31.7%   143  626s
  1875  1897  646.11135  241  319  937.48800  640.59481  31.7%   143  635s
  1896  1936  646.11403  242  315  937.48800  640.59481  31.7%   142  644s
  1935  2001  646.22427  243  321  937.48800  640.59481  31.7%   141  654s
  2000  2127  646.23314  244  318  937.48800  640.59481  31.7%   139  665s
  2126  2207  646.23587  245  315  937.48800  640.59481  31.7%   135  682s
  2206  2329  646.24361  246  314  937.48800  640.59481  31.7%   134  695s
  2328  2451  646.27994  247  322  937.48800  640.59481  31.7%   131  707s
  2450  2459  646.35590  248  321  937.48800  640.59481  31.7%   129  723s
  2458  2467  646.36216  249  316  937.48800  640.59481  31.7%   129  739s
  2466  2475  646.36810  250  321  937.48800  640.59481  31.7%   129  759s
  2474  2486  646.41208  251  315  937.48800  640.59481  31.7%   129  773s
  2485  2541  646.53256  255  322  937.48800  640.59481  31.7%   129  786s
  2540  2636  646.86069  274  324  937.48800  640.59481  31.7%   128  799s
  2635  2762  647.26002  295  326  937.48800  640.59481  31.7%   127  814s
  2761  2883  647.67065  317  328  937.48800  640.59481  31.7%   124  831s
  2882  3045  648.00578  344  321  937.48800  640.59481  31.7%   123  846s
  3044  3175  648.25080  372  321  937.48800  640.59481  31.7%   119  864s
  3174  3383  648.68853  399  322  937.48800  640.59481  31.7%   118  885s
  3382  3634  649.17213  425  324  937.48800  640.59481  31.7%   115  904s
  3633  3894  649.82001  455  328  937.48800  640.59481  31.7%   112  924s
  3893  4088  650.24524  484  320  937.48800  640.59481  31.7%   108  944s
  4087  4297  650.76097  511  325  937.48800  640.59481  31.7%   107  964s
  4296  4545  651.32615  540  324  937.48800  640.59481  31.7%   106  985s
  4544  4866  651.73210  575  323  937.48800  640.59481  31.7%   105 1015s
  4865  5250  652.07230  620  320  937.48800  640.59481  31.7%   103 1042s
  5249  5630  652.49134  672  322  937.48800  640.59481  31.7%   101 1069s
  5629  6019  652.98321  712  326  937.48800  640.59481  31.7%  98.7 1098s
  6018  6300  653.54244  757  325  937.48800  640.59481  31.7%  96.9 1127s
  6299  6658  653.90491  792  317  937.48800  640.59481  31.7%  95.8 1162s
  6657  7144  654.36821  841  315  937.48800  640.59481  31.7%  94.4 1200s
  7143  7631  655.01450  901  321  937.48800  640.59481  31.7%  91.7 1234s
  7631  7632  683.19797  355  340  937.48800  640.59481  31.7%  89.8 1266s
  7633  7633  643.78830  117  309  937.48800  640.59481  31.7%  89.7 1309s
  7634  7634  724.98814  425  318  937.48800  640.59481  31.7%  89.7 1358s
  7635  7635  721.76044  274  323  937.48800  640.78438  31.6%  89.7 1371s
  7637  7636  672.59618   86  332  937.48800  640.91711  31.6%  89.7 1375s
  7638  7637  737.96960  836  328  937.48800  641.04235  31.6%  89.7 1387s
  7639  7637  663.10420  119  335  937.48800  641.17793  31.6%  89.7 1410s
  7643  7640  643.26414   99  339  937.48800  641.19425  31.6%  89.6 1416s
  7644  7641  654.75429  873  339  937.48800  641.20624  31.6%  89.6 1426s
  7647  7644  765.33175 1522  340  937.48800  641.20624  31.6%  92.2 1431s
  7649  7645  693.30292 1064  309  937.48800  641.20624  31.6%  92.2 1475s
  7650  7646  703.89424   33  314  937.48800  641.20681  31.6%  92.2 1526s
  7651  7647  690.09210  323  320  937.48800  641.20681  31.6%  92.2 1539s
  7652  7647  675.33961  379  325  937.48800  641.20681  31.6%  92.2 1541s
  7655  7649  686.50403  570  330  937.48800  641.20681  31.6%  92.1 1554s
  7656  7650  672.90365   59  332  937.48800  641.20681  31.6%  92.1 1577s
  7658  7651  653.65632  780  337  937.48800  641.25500  31.6%  92.1 1580s
  7662  7654  652.89927    4  344  937.48800  641.32462  31.6%  92.1 1593s
  7663  7655  685.91468  501  345  937.48800  641.38525  31.6%  92.0 1605s
  7664  7655  737.34258  797  346  937.48800  641.40413  31.6%  92.0 1614s
  7665  7656  663.88877  124  346  937.48800  641.41063  31.6%  92.0 1623s
  7666  7657  693.20667 1046  346  937.48800  641.83864  31.5%  92.0 1727s
  7667  7659  641.83864   27  348  937.48800  641.83864  31.5%  94.7 1739s
  7668  7662  641.83864   28  340  937.48800  641.83864  31.5%  94.7 1756s
  7671  7667  641.83864   29  340  937.48800  641.83864  31.5%  95.1 1775s
  7677  7672  641.83864   30  344  937.48800  641.83864  31.5%  96.1 1793s
  7684  7682  641.83864   31  343  937.48800  641.83864  31.5%  97.0 1797s

Cutting planes:
  MIR: 12
  Flow cover: 33

Explored 7696 nodes (766872 simplex iterations) in 1797.81 seconds (2770.87 work units)
Thread count was 8 (of 12 available processors)

Solution count 7: 937.488 960.056 979.312 ... 1063.58

Time limit reached
Best objective 9.374879999966e+02, best bound 6.418386424695e+02, gap 31.5363%

User-callback calls 414364, time in user-callback 1.58 sec
