
Gurobi 12.0.3 (linux64) logging started Sun Sep 13 14:19:42 2026

Set parameter LogFile to value "/share/scaglione/nc437/evsp-dr/cumulative_budget_20260913/cases/c5_k05/mip_warm/135670_r0/gurobi.log"
Set parameter OutputFlag to value 1
Set parameter TimeLimit to value 3600
Set parameter MIPGap to value 0.0001
Set parameter Threads to value 8
Set parameter TimeLimit to value 1800
Gurobi Optimizer version 12.0.3 build v12.0.3rc0 (linux64 - "Ubuntu 24.04.4 LTS")

CPU model: Intel(R) Xeon(R) Gold 6230 CPU @ 2.10GHz, instruction set [SSE2|AVX|AVX2|AVX512]
Thread count: 40 physical cores, 40 logical processors, using up to 8 threads

Non-default parameters:
TimeLimit  1800
Threads  8

Optimize a model with 102 rows, 16870 columns and 342768 nonzeros
Model fingerprint: 0x00a4c49a
Variable types: 0 continuous, 16870 integer (16870 binary)
Coefficient statistics:
  Matrix range     [1e+00, 1e+00]
  Objective range  [1e+00, 1e+00]
  Bounds range     [1e+00, 1e+00]
  RHS range        [1e+00, 1e+00]

Loaded user MIP start with objective 24

Presolve removed 0 rows and 1198 columns
Presolve time: 0.55s
Presolved: 102 rows, 15672 columns, 320926 nonzeros
Found heuristic solution: objective 21.0000000
Variable types: 0 continuous, 15672 integer (15672 binary)
Found heuristic solution: objective 20.0000000

Root relaxation: objective 5.000000e+00, 729 iterations, 0.23 seconds (0.39 work units)

    Nodes    |    Current Node    |     Objective Bounds      |     Work
 Expl Unexpl |  Obj  Depth IntInf | Incumbent    BestBd   Gap | It/Node Time

     0     0    5.00000    0    6   20.00000    5.00000  75.0%     -    1s
H    0     0                       6.0000000    5.00000  16.7%     -    1s
H    0     0                       5.0000000    5.00000  0.00%     -    2s

Cutting planes:
  Zero half: 1

Explored 1 nodes (9286 simplex iterations) in 3.01 seconds (2.17 work units)
Thread count was 8 (of 40 available processors)

Solution count 5: 5 6 20 ... 24

Optimal solution found (tolerance 1.00e-04)
Best objective 5.000000000000e+00, best bound 5.000000000000e+00, gap 0.0000%

User-callback calls 355, time in user-callback 0.00 sec
Set parameter TimeLimit to value 3.5966489007472992e+03
Gurobi Optimizer version 12.0.3 build v12.0.3rc0 (linux64 - "Ubuntu 24.04.4 LTS")

CPU model: Intel(R) Xeon(R) Gold 6230 CPU @ 2.10GHz, instruction set [SSE2|AVX|AVX2|AVX512]
Thread count: 40 physical cores, 40 logical processors, using up to 8 threads

Non-default parameters:
TimeLimit  3.5966489007472992e+03
Threads  8

Optimize a model with 103 rows, 16870 columns and 359638 nonzeros
Model fingerprint: 0x17dfe004
Variable types: 0 continuous, 16870 integer (16870 binary)
Coefficient statistics:
  Matrix range     [1e+00, 1e+00]
  Objective range  [5e+00, 1e+02]
  Bounds range     [1e+00, 1e+00]
  RHS range        [1e+00, 5e+00]

Loaded user MIP start with objective 347.128
MIP start from previous solve did not produce a new incumbent solution

Presolve removed 0 rows and 164 columns
Presolve time: 0.46s
Presolved: 103 rows, 16706 columns, 356272 nonzeros
Variable types: 0 continuous, 16706 integer (16706 binary)

Root relaxation: objective 2.761920e+02, 1637 iterations, 0.74 seconds (1.45 work units)

    Nodes    |    Current Node    |     Objective Bounds      |     Work
 Expl Unexpl |  Obj  Depth IntInf | Incumbent    BestBd   Gap | It/Node Time

     0     0  276.19200    0   19  347.12800  276.19200  20.4%     -    1s
H    0     0                     345.1440000  276.19200  20.0%     -    2s
H    0     0                     338.4480000  276.58129  18.3%     -    2s
H    0     0                     334.2320000  276.58129  17.2%     -    2s
     0     0  276.58129    0   38  334.23200  276.58129  17.2%     -    2s
H    0     0                     332.2480000  276.58129  16.8%     -    2s
H    0     0                     308.2000000  276.58129  10.3%     -    2s
     0     0  276.61116    0   36  308.20000  276.61116  10.2%     -    4s
     0     0  276.81837    0   46  308.20000  276.81837  10.2%     -    4s
     0     0  276.84438    0   57  308.20000  276.84438  10.2%     -    4s
     0     0  276.86073    0   59  308.20000  276.86073  10.2%     -    4s
     0     0  277.07390    0   44  308.20000  277.07390  10.1%     -    4s
     0     0  277.12429    0   52  308.20000  277.12429  10.1%     -    4s
     0     0  277.17969    0   63  308.20000  277.17969  10.1%     -    5s
     0     0  277.24452    0   60  308.20000  277.24452  10.0%     -    5s
     0     0  277.27513    0   64  308.20000  277.27513  10.0%     -    5s
     0     0  278.42862    0   70  308.20000  278.42862  9.66%     -    5s
     0     0  278.51532    0   72  308.20000  278.51532  9.63%     -    5s
     0     0  278.55460    0   71  308.20000  278.55460  9.62%     -    5s
     0     0  280.38923    0   70  308.20000  280.38923  9.02%     -    6s
     0     0  280.64459    0   72  308.20000  280.64459  8.94%     -    6s
     0     0  280.90584    0   74  308.20000  280.90584  8.86%     -    6s
     0     0  280.98738    0   80  308.20000  280.98738  8.83%     -    6s
     0     0  281.10949    0   79  308.20000  281.10949  8.79%     -    6s
     0     0  281.10949    0   80  308.20000  281.10949  8.79%     -    6s
     0     0  282.06097    0   73  308.20000  282.06097  8.48%     -    7s
     0     0  282.06097    0   26  308.20000  282.06097  8.48%     -    8s
     0     0  282.06097    0   62  308.20000  282.06097  8.48%     -    9s
H    0     0                     307.4560000  282.06097  8.26%     -    9s
     0     0  282.06097    0   64  307.45600  282.06097  8.26%     -    9s
     0     0  282.06097    0   74  307.45600  282.06097  8.26%     -    9s
     0     0  282.06097    0   82  307.45600  282.06097  8.26%     -    9s
     0     0  282.06708    0   80  307.45600  282.06708  8.26%     -    9s
     0     0  282.13238    0   79  307.45600  282.13238  8.24%     -   10s
     0     0  282.20593    0   88  307.45600  282.20593  8.21%     -   10s
     0     0  282.39405    0   81  307.45600  282.39405  8.15%     -   10s
     0     0  282.57114    0   90  307.45600  282.57114  8.09%     -   10s
     0     0  282.67725    0   92  307.45600  282.67725  8.06%     -   10s
     0     0  282.82207    0   91  307.45600  282.82207  8.01%     -   10s
     0     0  282.86102    0   98  307.45600  282.86102  8.00%     -   10s
     0     0  282.94515    0   94  307.45600  282.94515  7.97%     -   11s
     0     0  282.95236    0   96  307.45600  282.95236  7.97%     -   11s
     0     0  283.03727    0   96  307.45600  283.03727  7.94%     -   11s
     0     0  283.12850    0   97  307.45600  283.12850  7.91%     -   12s
     0     0  283.19142    0   93  307.45600  283.19142  7.89%     -   12s
     0     0  283.24785    0   96  307.45600  283.24785  7.87%     -   12s
     0     0  283.26281    0   94  307.45600  283.26281  7.87%     -   12s
     0     0  283.30014    0  100  307.45600  283.30014  7.86%     -   12s
     0     0  283.52049    0   96  307.45600  283.52049  7.79%     -   12s
     0     0  283.54805    0  100  307.45600  283.54805  7.78%     -   12s
     0     0  283.54805    0  101  307.45600  283.54805  7.78%     -   12s
     0     0  283.68737    0  104  307.45600  283.68737  7.73%     -   13s
     0     0  284.06643    0  100  307.45600  284.06643  7.61%     -   13s
     0     0  284.11434    0  103  307.45600  284.11434  7.59%     -   13s
     0     0  284.65905    0   97  307.45600  284.65905  7.41%     -   13s
     0     0  284.65905    0   19  307.45600  284.65905  7.41%     -   14s
     0     0  284.65905    0   60  307.45600  284.65905  7.41%     -   15s
     0     0  284.65905    0   66  307.45600  284.65905  7.41%     -   15s
     0     0  284.65905    0   75  307.45600  284.65905  7.41%     -   16s
     0     0  284.65905    0   85  307.45600  284.65905  7.41%     -   16s
     0     0  284.65905    0   86  307.45600  284.65905  7.41%     -   16s
     0     0  284.65905    0   89  307.45600  284.65905  7.41%     -   16s
     0     0  284.65905    0   92  307.45600  284.65905  7.41%     -   16s
     0     0  284.65905    0   96  307.45600  284.65905  7.41%     -   16s
     0     0  285.28385    0   98  307.45600  285.28385  7.21%     -   16s
     0     0  285.74067    0   98  307.45600  285.74067  7.06%     -   17s
     0     0  285.92287    0   94  307.45600  285.92287  7.00%     -   17s
     0     0  285.92287    0   95  307.45600  285.92287  7.00%     -   17s
     0     0  287.07599    0  101  307.45600  287.07599  6.63%     -   17s
     0     0  287.53695    0  100  307.45600  287.53695  6.48%     -   17s
     0     0  287.66900    0  101  307.45600  287.66900  6.44%     -   17s
     0     0  287.68925    0  105  307.45600  287.68925  6.43%     -   18s
     0     0  288.10332    0  100  307.45600  288.10332  6.29%     -   18s
     0     0  288.10332    0   22  307.45600  288.10332  6.29%     -   18s
     0     0  288.10332    0   70  307.45600  288.10332  6.29%     -   19s
     0     0  288.10332    0   76  307.45600  288.10332  6.29%     -   19s
     0     0  288.10332    0   84  307.45600  288.10332  6.29%     -   19s
     0     0  288.10332    0   89  307.45600  288.10332  6.29%     -   19s
     0     0  288.10332    0   98  307.45600  288.10332  6.29%     -   19s
     0     0  288.10332    0   97  307.45600  288.10332  6.29%     -   19s
     0     0  288.10332    0  103  307.45600  288.10332  6.29%     -   19s
     0     0  288.12661    0  102  307.45600  288.12661  6.29%     -   19s
     0     0  288.13848    0  104  307.45600  288.13848  6.28%     -   19s
     0     0  288.42038    0  106  307.45600  288.42038  6.19%     -   20s
     0     0  288.52940    0  107  307.45600  288.52940  6.16%     -   20s
     0     0  288.56325    0  106  307.45600  288.56325  6.14%     -   20s
     0     0  288.56848    0  105  307.45600  288.56848  6.14%     -   20s
     0     0  288.74995    0  108  307.45600  288.74995  6.08%     -   20s
     0     0  288.75540    0  108  307.45600  288.75540  6.08%     -   20s
     0     0  289.09818    0  107  307.45600  289.09818  5.97%     -   20s
     0     0  289.12701    0  106  307.45600  289.12701  5.96%     -   21s
     0     0  289.14756    0  105  307.45600  289.14756  5.95%     -   21s
     0     0  289.15310    0  106  307.45600  289.15310  5.95%     -   21s
     0     0  289.25596    0  104  307.45600  289.25596  5.92%     -   21s
     0     0  289.26649    0  100  307.45600  289.26649  5.92%     -   21s
     0     0  289.41867    0  102  307.45600  289.41867  5.87%     -   21s
     0     0  289.41867    0   23  307.45600  289.41867  5.87%     -   21s
     0     0  289.41867    0   67  307.45600  289.41867  5.87%     -   21s
     0     0  289.41867    0   75  307.45600  289.41867  5.87%     -   22s
     0     0  289.41867    0   88  307.45600  289.41867  5.87%     -   22s
     0     0  289.41867    0   93  307.45600  289.41867  5.87%     -   22s
     0     0  289.53756    0   93  307.45600  289.53756  5.83%     -   22s
     0     0  289.54519    0   99  307.45600  289.54519  5.83%     -   22s
     0     0  289.54519    0  100  307.45600  289.54519  5.83%     -   22s
     0     0  289.78557    0   99  307.45600  289.78557  5.75%     -   22s
     0     0  289.78557    0  100  307.45600  289.78557  5.75%     -   22s
     0     0  289.90418    0  108  307.45600  289.90418  5.71%     -   22s
     0     0  289.90940    0  107  307.45600  289.90940  5.71%     -   22s
     0     2  289.90940    0  107  307.45600  289.90940  5.71%     -   22s
   252     4  298.52110  127   96  307.45600  298.50261  2.91%  64.9   25s

Cutting planes:
  Cover: 6
  MIR: 62
  Zero half: 2

Explored 469 nodes (42372 simplex iterations) in 25.75 seconds (31.16 work units)
Thread count was 8 (of 40 available processors)

Solution count 7: 307.456 308.2 332.248 ... 347.128

Optimal solution found (tolerance 1.00e-04)
Best objective 3.074560000000e+02, best bound 3.074560000000e+02, gap 0.0000%

User-callback calls 6129, time in user-callback 0.02 sec
