
Gurobi 12.0.3 (linux64) logging started Sun Sep 13 14:20:45 2026

Set parameter LogFile to value "/share/scaglione/nc437/evsp-dr/cumulative_budget_20260913/cases/c5_k08/mip_warm/135676_r0/gurobi.log"
Set parameter OutputFlag to value 1
Set parameter TimeLimit to value 3600
Set parameter MIPGap to value 0.0001
Set parameter Threads to value 8
Set parameter TimeLimit to value 1800
Gurobi Optimizer version 12.0.3 build v12.0.3rc0 (linux64 - "Ubuntu 24.04.4 LTS")

CPU model: Intel(R) Xeon(R) CPU E5-2690 v2 @ 3.00GHz, instruction set [SSE2|AVX]
Thread count: 20 physical cores, 20 logical processors, using up to 8 threads

Non-default parameters:
TimeLimit  1800
Threads  8

Optimize a model with 167 rows, 29421 columns and 658839 nonzeros
Model fingerprint: 0xdf1db182
Variable types: 0 continuous, 29421 integer (29421 binary)
Coefficient statistics:
  Matrix range     [1e+00, 1e+00]
  Objective range  [1e+00, 1e+00]
  Bounds range     [1e+00, 1e+00]
  RHS range        [1e+00, 1e+00]

Loaded user MIP start with objective 46

Presolve removed 0 rows and 1034 columns
Presolve time: 0.93s
Presolved: 167 rows, 28387 columns, 642578 nonzeros
Found heuristic solution: objective 45.0000000
Variable types: 0 continuous, 28387 integer (28387 binary)

Starting sifting (using dual simplex for sub-problems)...

    Iter     Pivots    Primal Obj      Dual Obj        Time
       0          0     infinity      0.0000000e+00      1s
       1        324   1.0904839e+02   2.5360090e+00      1s
       2        586   2.0043478e+01   3.2854726e+00      1s
       3        984   8.0344828e+00   4.1176194e+00      1s
       4       1379   8.0000000e+00   4.8047458e+00      1s
       5       1799   8.0000000e+00   5.5935710e+00      1s
       6       2169   8.0000000e+00   8.0000000e+00      1s

Sifting complete


Root relaxation: objective 8.000000e+00, 2169 iterations, 0.18 seconds (0.15 work units)

    Nodes    |    Current Node    |     Objective Bounds      |     Work
 Expl Unexpl |  Obj  Depth IntInf | Incumbent    BestBd   Gap | It/Node Time

     0     0    8.00000    0    9   45.00000    8.00000  82.2%     -    2s
H    0     0                       8.0000000    8.00000  0.00%     -    2s
     0     0    8.00000    0    9    8.00000    8.00000  0.00%     -    2s

Explored 1 nodes (17933 simplex iterations) in 2.11 seconds (2.15 work units)
Thread count was 8 (of 20 available processors)

Solution count 3: 8 45 46 

Optimal solution found (tolerance 1.00e-04)
Best objective 8.000000000000e+00, best bound 8.000000000000e+00, gap 0.0000%

User-callback calls 349, time in user-callback 0.00 sec
Set parameter TimeLimit to value 3.5969271407127380e+03
Gurobi Optimizer version 12.0.3 build v12.0.3rc0 (linux64 - "Ubuntu 24.04.4 LTS")

CPU model: Intel(R) Xeon(R) CPU E5-2690 v2 @ 3.00GHz, instruction set [SSE2|AVX]
Thread count: 20 physical cores, 20 logical processors, using up to 8 threads

Non-default parameters:
TimeLimit  3.5969271407127380e+03
Threads  8

Optimize a model with 168 rows, 29421 columns and 688260 nonzeros
Model fingerprint: 0xd9acc9ef
Variable types: 0 continuous, 29421 integer (29421 binary)
Coefficient statistics:
  Matrix range     [1e+00, 1e+00]
  Objective range  [5e+00, 1e+02]
  Bounds range     [1e+00, 1e+00]
  RHS range        [1e+00, 8e+00]

Loaded user MIP start with objective 651.8
MIP start from previous solve did not produce a new incumbent solution

Presolve removed 0 rows and 46 columns
Presolve time: 1.12s
Presolved: 168 rows, 29375 columns, 687263 nonzeros
Variable types: 0 continuous, 29375 integer (29375 binary)

Starting sifting (using dual simplex for sub-problems)...

    Iter     Pivots    Primal Obj      Dual Obj        Time
       0          0     infinity      0.0000000e+00      1s
       1        201   2.8000412e+07   1.4637264e+02      1s
       2       1290   3.9918368e+05   1.7043927e+02      1s
       3       2130   5.0823686e+02   2.5712237e+02      1s
       4       3019   4.6774988e+02   3.1987422e+02      1s
       5       3909   4.4215178e+02   3.7754629e+02      2s
       6       5039   4.3310025e+02   4.0531614e+02      2s
       7       6046   4.3181122e+02   4.1221576e+02      2s
       8       6905   4.3177252e+02   4.2111933e+02      2s
       9       7767   4.3177227e+02   4.2408697e+02      2s
      10       8416   4.3177227e+02   4.2544832e+02      2s
      11       9185   4.3177227e+02   4.2769027e+02      2s
      12       9909   4.3177227e+02   4.2856810e+02      2s

Sifting complete


Root relaxation: objective 4.317723e+02, 10577 iterations, 1.08 seconds (1.62 work units)

    Nodes    |    Current Node    |     Objective Bounds      |     Work
 Expl Unexpl |  Obj  Depth IntInf | Incumbent    BestBd   Gap | It/Node Time

     0     0  431.77227    0   97  651.80000  431.77227  33.8%     -    2s
H    0     0                     649.5680000  431.77227  33.5%     -    2s
H    0     0                     648.5360000  431.77227  33.4%     -    2s
     0     0  432.10392    0   99  648.53600  432.10392  33.4%     -    4s
H    0     0                     619.9760000  432.18266  30.3%     -   11s
     0     0  432.18266    0  107  619.97600  432.18266  30.3%     -   11s
     0     0  432.34151    0  114  619.97600  432.34151  30.3%     -   12s
H    0     0                     606.0480000  432.34151  28.7%     -   12s
     0     0  432.42455    0  117  606.04800  432.42455  28.6%     -   12s
     0     0  432.59835    0  121  606.04800  432.59835  28.6%     -   13s
     0     0  432.94282    0  123  606.04800  432.94282  28.6%     -   14s
     0     0  433.07692    0  125  606.04800  433.07692  28.5%     -   15s
     0     0  433.13102    0  121  606.04800  433.13102  28.5%     -   15s
     0     0  433.28537    0  125  606.04800  433.28537  28.5%     -   15s
     0     0  433.38595    0  126  606.04800  433.38595  28.5%     -   16s
     0     0  433.46351    0  129  606.04800  433.46351  28.5%     -   16s
     0     0  433.63473    0  129  606.04800  433.63473  28.4%     -   17s
     0     0  433.71143    0  122  606.04800  433.71143  28.4%     -   17s
     0     0  433.74256    0  125  606.04800  433.74256  28.4%     -   18s
     0     0  433.81233    0  126  606.04800  433.81233  28.4%     -   18s
     0     0  433.89110    0  123  606.04800  433.89110  28.4%     -   18s
     0     0  434.01808    0  126  606.04800  434.01808  28.4%     -   19s
     0     0  434.07099    0  132  606.04800  434.07099  28.4%     -   19s
     0     0  434.28012    0  131  606.04800  434.28012  28.3%     -   20s
     0     0  434.36978    0  130  606.04800  434.36978  28.3%     -   20s
     0     0  434.37455    0  134  606.04800  434.37455  28.3%     -   21s
     0     0  434.41144    0  134  606.04800  434.41144  28.3%     -   21s
H    0     0                     587.3680000  434.41144  26.0%     -   21s
H    0     0                     558.5200000  434.41144  22.2%     -   22s
     0     0  434.43715    0  132  558.52000  434.43715  22.2%     -   22s
     0     0  434.46045    0  131  558.52000  434.46045  22.2%     -   23s
     0     0  434.47259    0  135  558.52000  434.47259  22.2%     -   23s
     0     0  434.47400    0  135  558.52000  434.47400  22.2%     -   24s
     0     0  434.47400    0   96  558.52000  434.47400  22.2%     -   30s
     0     0  434.47400    0   97  558.52000  434.47400  22.2%     -   31s
     0     0  434.47400    0   97  558.52000  434.47400  22.2%     -   33s
     0     0  434.47400    0  111  558.52000  434.47400  22.2%     -   33s
     0     0  434.47400    0  111  558.52000  434.47400  22.2%     -   34s
     0     0  434.47400    0  115  558.52000  434.47400  22.2%     -   34s
     0     0  434.47400    0  130  558.52000  434.47400  22.2%     -   34s
     0     0  434.47400    0  134  558.52000  434.47400  22.2%     -   34s
     0     0  434.54566    0  137  558.52000  434.54566  22.2%     -   35s
     0     0  434.61472    0  134  558.52000  434.61472  22.2%     -   35s
     0     0  434.61472    0  135  558.52000  434.61472  22.2%     -   35s
     0     0  434.88215    0  134  558.52000  434.88215  22.1%     -   35s
     0     0  435.05390    0  131  558.52000  435.05390  22.1%     -   36s
     0     0  435.08276    0  141  558.52000  435.08276  22.1%     -   36s
     0     0  435.18374    0  144  558.52000  435.18374  22.1%     -   36s
     0     0  435.30783    0  148  558.52000  435.30783  22.1%     -   37s
     0     0  435.31347    0  152  558.52000  435.31347  22.1%     -   37s
     0     0  435.41100    0  150  558.52000  435.41100  22.0%     -   37s
     0     0  435.41300    0  151  558.52000  435.41300  22.0%     -   37s
     0     0  435.57507    0  145  558.52000  435.57507  22.0%     -   38s
     0     0  435.58334    0  141  558.52000  435.58334  22.0%     -   38s
     0     0  435.58827    0  149  558.52000  435.58827  22.0%     -   38s
     0     0  435.59711    0  149  558.52000  435.59711  22.0%     -   38s
     0     0  435.59711    0  149  558.52000  435.59711  22.0%     -   38s
     0     2  435.59771    0  149  558.52000  435.59771  22.0%     -   40s
H   44    40                     541.7440000  436.02677  19.5%   308   44s
    81    74  436.33829   10  151  541.74400  436.02677  19.5%   210   45s
H  104    90                     520.4240000  436.02677  16.2%   194   46s
   252   208  436.59180   25  141  520.42400  436.02677  16.2%   121   50s
   476   410  436.94906   49  146  520.42400  436.17827  16.2%   109   55s
   766   662  437.89285   95  145  520.42400  436.22415  16.2%  94.2   60s
  1293  1170  438.17455  104  148  520.42400  436.45821  16.1%  80.3   65s
  1582  1353  462.85696  139  135  520.42400  436.49776  16.1%  77.9   71s
  1585  1355  480.12680   13  110  520.42400  436.49776  16.1%  77.8   76s
  1599  1364  444.27991   60  148  520.42400  436.49776  16.1%  77.1   80s
  1608  1373  436.49776   10  147  520.42400  436.49776  16.1%  80.3   85s
  1679  1384     cutoff   17       520.42400  436.49776  16.1%  88.7   90s
  1811  1402  477.59753   22   77  520.42400  436.49776  16.1%  98.2   95s
  1960  1423  457.61347   26  109  520.42400  436.57265  16.1%   104  100s
  2256  1438     cutoff   30       520.42400  436.70367  16.1%   107  105s
  2805  1557  451.04521   35  103  520.42400  437.04969  16.0%   104  110s
  3242  1549  437.16598   39  151  520.42400  437.14423  16.0%   103  115s
* 3772  1375             117     519.0640000  437.17154  15.8%   103  117s
  4132  1453  456.10750   44   89  519.06400  437.18326  15.8%   100  120s
  5110  1508     cutoff   51       519.06400  437.26075  15.8%  94.0  125s
  5766  1631  437.40189   55  147  519.06400  437.40189  15.7%  89.3  130s
  6939  2363     cutoff   62       519.06400  437.61791  15.7%  86.7  135s
  7823  2831  518.14553   70   73  519.06400  437.78316  15.7%  88.7  140s
  8810  3198  437.90967   78  156  519.06400  437.90967  15.6%  87.4  146s
  9729  3671  438.02058   87  155  519.06400  438.02058  15.6%  89.6  151s
 10695  4595  438.07812   93  157  519.06400  438.07812  15.6%  87.9  155s
 11742  5422  511.00768   99   78  519.06400  438.13878  15.6%  87.5  160s
 13128  6349  438.39627  105  159  519.06400  438.39627  15.5%  83.2  166s
 14766  7562  470.94044  106   88  519.06400  438.45037  15.5%  79.3  174s
 15718  7757  438.46708  109  157  519.06400  438.46708  15.5%  79.3  176s
 16523  8195  438.51902  114  162  519.06400  438.51902  15.5%  79.8  181s
*16766  8062              88     512.7840000  438.71009  14.4%  80.1  181s
*16788  7893             100     510.3040000  438.71009  14.0%  80.0  181s
H16982  7818                     510.0560000  438.71009  14.0%  79.9  184s
 17044  7890 infeasible  117       510.05600  438.74146  14.0%  80.6  187s
 17469  8206     cutoff  120       510.05600  439.15001  13.9%  81.3  191s
 18574  8627  472.31767  123   81  510.05600  439.33625  13.9%  82.1  198s
 19338  8814  469.86087  124   76  510.05600  439.48287  13.8%  81.7  202s
H19436  8607                     508.0720000  439.58112  13.5%  82.0  202s
 20049  8802  439.63958  128  164  508.07200  439.63958  13.5%  81.5  206s
 21305  9040  439.75711  133  169  508.07200  439.75711  13.4%  81.4  210s
 23083  8613  439.79307  141  168  508.07200  439.79307  13.4%  81.4  219s
 24137  8414  439.87488  146  167  508.07200  439.87488  13.4%  82.2  223s
*24330  8074             130     505.1760000  439.93913  12.9%  82.3  223s
 24983  7745  469.06754  150  110  505.17600  439.98534  12.9%  82.6  226s
 25727  7426  497.86546  153   71  505.17600  440.16045  12.9%  83.0  230s
 27171  7727     cutoff  162       505.17600  440.39591  12.8%  84.1  238s
 28147  7395  440.41777  167  164  505.17600  440.41777  12.8%  84.2  241s
 28748  7047  440.44073  171  162  505.17600  440.44073  12.8%  85.3  245s
 30107  6712  440.53100  178  164  505.17600  440.53100  12.8%  85.4  253s
 31554  6679     cutoff  184       505.17600  440.68539  12.8%  84.6  256s
 32100  6680  503.25457 1157  135  505.17600  440.69694  12.8%  84.7  355s
 32103  6682  490.19340   53  117  505.17600  440.69694  12.8%  84.7  360s
 32116  6691  496.50900 1021  166  505.17600  440.69694  12.8%  84.7  365s
 32126  6697  492.66250  293  185  505.17600  440.69694  12.8%  84.7  371s
 32128  6699  482.06633  514  188  505.17600  440.69694  12.8%  84.7  375s
 32136  6704  493.54759  834  187  505.17600  440.69694  12.8%  84.6  381s
 32142  6708  503.21766 1299  188  505.17600  440.69694  12.8%  84.6  385s
 32152  6715  495.08526  124  203  505.17600  440.69694  12.8%  84.6  390s
 32159  6719  479.13040  226  200  505.17600  440.69694  12.8%  84.6  396s
 32162  6721  486.34290  108  200  505.17600  440.69694  12.8%  84.6  401s
 32163  6722  487.77755  183  200  505.17600  440.69694  12.8%  84.6  405s
 32186  6744  440.69694   26  184  505.17600  440.69694  12.8%  85.1  410s
 32309  6746  440.69694   31  174  505.17600  440.69694  12.8%  85.7  415s
 32505  6766  460.85395   35   92  505.17600  440.69694  12.8%  86.3  420s
 32768  6708  440.69694   41  179  505.17600  440.69694  12.8%  87.1  425s
 33153  6529     cutoff   45       505.17600  440.69694  12.8%  87.9  430s
 33648  6312  440.69694   51  191  505.17600  440.69694  12.8%  88.3  435s
 33836  6263  440.69694   58  183  505.17600  440.69694  12.8%  88.6  441s
 34043  6363  440.69694   70  184  505.17600  440.69694  12.8%  89.0  446s
 34280  6386  441.03168   81  176  505.17600  440.69694  12.8%  89.2  451s
 34485  6481  441.47578   95  171  505.17600  440.69694  12.8%  89.3  455s
 34842  6579  469.87255   79   94  505.17600  440.91214  12.7%  89.4  460s
 35365  6711  495.49020  206   83  505.17600  441.13321  12.7%  89.0  466s
 35697  6722     cutoff  175       505.17600  441.28650  12.6%  89.1  470s
 36499  7052  451.23590  101  133  505.17600  441.78349  12.5%  89.1  477s
 37145  6932  453.95367  130  135  505.17600  442.19340  12.5%  89.2  481s
 37540  7134  454.97957  145  133  505.17600  442.32565  12.4%  89.1  487s
 38148  7314  457.40821  192  135  505.17600  442.55899  12.4%  89.0  492s
 38870  7375  460.06201  225  135  505.17600  442.68230  12.4%  88.8  497s
 39417  7546  462.65900  280  137  505.17600  443.26221  12.3%  89.3  502s
 39713  7603  464.42905  314  137  505.17600  443.53683  12.2%  89.4  505s
 40498  7798  466.88836  365  137  505.17600  443.88624  12.1%  89.4  511s
 41095  7770  469.62863  429  142  505.17600  443.92527  12.1%  89.3  515s
 41964  8338  476.43222  563  141  505.17600  444.27810  12.1%  89.4  522s
 42667  8336  482.03052  678  137  505.17600  444.47717  12.0%  89.4  526s
 43016  8645  485.97773  789  132  505.17600  444.87021  11.9%  89.8  530s
 43938  9225     cutoff  302       505.17600  445.39213  11.8%  90.4  538s
 44818  9242  482.75053  200  105  505.17600  445.66079  11.8%  90.3  542s
 45320  9461  493.06577  237   89  505.17600  445.93971  11.7%  90.8  546s
 45980  9737  483.35316  339  101  505.17600  446.48858  11.6%  91.3  551s
 46657 10394  496.43049  292   96  505.17600  446.89873  11.5%  91.6  559s
 47828 10383     cutoff  330       505.17600  447.69868  11.4%  91.6  562s
 48362 10381  486.53228  708  122  505.17600  448.00103  11.3%  91.5  565s
 49175 10440     cutoff  498       505.17600  449.08136  11.1%  92.1  572s
 49685 10334  492.64073  419  106  505.17600  449.18856  11.1%  92.7  577s
 50021 10264  452.36586   76  135  505.17600  449.81416  11.0%  93.7  581s
 50267 10717  456.25588  104  127  505.17600  450.10216  10.9%  94.6  587s
 51105 11045     cutoff  156       505.17600  450.46008  10.8%  94.8  592s
 51938 11177  493.64116  474  102  505.17600  450.75371  10.8%  94.9  597s
 52692 11286  496.56863  263   79  505.17600  450.98173  10.7%  95.3  603s
 53272 11334     cutoff  511       505.17600  451.80932  10.6%  96.1  608s
 53747 11898     cutoff  740       505.17600  452.64385  10.4%  97.3  615s
 54631 12347  491.18895  556  105  505.17600  453.02063  10.3%  97.7  621s
 55495 12902  489.40138  151  102  505.17600  453.73334  10.2%  98.2  627s
 56426 13210  477.34302  370  100  505.17600  454.29147  10.1%  98.4  634s
 57744 14069     cutoff  584       505.17600  455.11224  9.91%  98.1  640s
 59277 14422  474.94099  605  119  505.17600  455.41397  9.85%  98.0  645s
 60018 14404  489.57261  624  112  505.17600  456.05143  9.72%  98.2  650s
 60574 14380     cutoff  135       505.17600  457.37052  9.46%  99.1  656s
 61250 14627  479.65703  684  139  505.17600  457.90209  9.36%   100  662s
 61989 14769  488.45408  803  128  505.17600  458.30196  9.28%   100  671s
 62785 14992  481.23333  103   88  505.17600  459.07494  9.13%   101  678s
 63611 15015  468.87454  165  115  505.17600  459.80708  8.98%   102  686s
 63670 15787  468.88376  166  119  505.17600  460.39389  8.86%   102  696s
 64552 16753  489.78729  252   86  505.17600  460.39389  8.86%   101  704s
 66297 16966     cutoff  643       505.17600  460.56928  8.83%   101  710s
 67010 17101  500.79584  712  127  505.17600  461.19093  8.71%   101  715s
 67906 17562  494.25897  845  126  505.17600  461.66872  8.61%   101  721s
 69343 17950  485.48867  966  153  505.17600  462.55586  8.44%   101  727s
 70134 18633  492.26470 1017  140  505.17600  462.55586  8.44%   101  733s
 71480 18827  499.45552 1095  122  505.17600  463.31871  8.29%   100  738s
 72286 19407  499.22086  502   96  505.17600  463.62884  8.22%   100  744s
 73648 19603  470.58838  511  142  505.17600  464.71351  8.01%   100  748s
 74123 20643  472.56134  536  141  505.17600  464.99781  7.95%   100  753s
 75745 21142  494.66780  876  127  505.17600  465.02644  7.95%   100  758s
 77046 21895  491.20910  595  130  505.17600  465.36472  7.88%  99.4  766s
 78463 22254     cutoff  736       505.17600  466.01791  7.75%  99.0  771s
 79526 22549     cutoff  107       505.17600  466.39074  7.68%  98.9  775s
 80910 23413     cutoff  339       505.17600  468.21498  7.32%  99.1  783s
 82087 23561  483.99627  516  114  505.17600  468.39253  7.28%  98.8  787s
 82589 24439  488.93328  606  116  505.17600  468.53084  7.25%  98.9  791s
 84047 24953     cutoff   82       505.17600  469.00444  7.16%  98.3  795s
 85826 25278     cutoff 1040       505.17600  470.10330  6.94%  98.0  802s
 86508 25960     cutoff  164       505.17600  470.25003  6.91%  97.9  806s
 88219 26674  486.38981   90   76  505.17600  471.04395  6.76%  97.6  813s
 89273 26754     cutoff  581       505.17600  471.43198  6.68%  97.4  817s
 89940 26772     cutoff  965       505.17600  472.03478  6.56%  97.6  820s
 90934 27153     cutoff  705       505.17600  472.51464  6.47%  97.8  828s
 91935 26933  499.42770 1128  138  505.17600  473.47400  6.28%  97.8  836s
 92928 27064     cutoff   86       505.17600  474.55773  6.06%  98.2  841s
 93708 26817     cutoff  880       505.17600  474.65171  6.04%  98.3  847s
 94974 26452     cutoff  617       505.17600  476.59832  5.66%  98.5  852s
 95818 26258     cutoff  639       505.17600  476.89854  5.60%  98.8  857s
 96551 25618     cutoff  261       505.17600  477.41273  5.50%  98.9  862s
 97699 25042     cutoff  131       505.17600  478.60450  5.26%  99.1  867s
 98545 24370  497.77168  160   87  505.17600  478.82443  5.22%  99.3  872s
 99426 23611     cutoff  725       505.17600  481.74936  4.64%   100  876s
 100388 23187     cutoff  214       505.17600  483.19815  4.35%   100  881s
 101342 22687     cutoff  444       505.17600  483.82861  4.23%   100  886s
 102219 21759     cutoff 1091       505.17600  484.35224  4.12%   100  890s
 103206 20951     cutoff  690       505.17600  485.65605  3.86%   100  895s
 104939 19711     cutoff  911       505.17600  486.54529  3.69%   100  904s
 105763 19386     cutoff  949       505.17600  486.78612  3.64%   100  908s
 106687 18635     cutoff  990       505.17600  487.07876  3.58%   100  913s
 107875 17602     cutoff  483       505.17600  487.60674  3.48%   100  917s
 109038 16569  501.19449  121   87  505.17600  490.64402  2.88%   100  921s
 110201 15714     cutoff  595       505.17600  490.69074  2.87%   100  925s
 112032 15095     cutoff  224       505.17600  491.09921  2.79%  99.5  932s
 112829 14192  502.90063  822  123  505.17600  491.33750  2.74%  99.3  936s
 114105 13194  501.29931  666  106  505.17600  492.73092  2.46%  98.9  940s
 116732 10935  501.65825  906  123  505.17600  495.13984  1.99%  98.2  947s
 118045  9946     cutoff  314       505.17600  495.52068  1.91%  97.8  950s
 120599  7477     cutoff  971       505.17600  497.19189  1.58%  97.0  955s
 123189  4966     cutoff  609       505.17600  498.02076  1.42%  96.0  960s
 127531   281     cutoff  618       505.17600  501.42455  0.74%  94.0  965s

Cutting planes:
  Cover: 22
  MIR: 42
  Flow cover: 173
  Inf proof: 2
  Zero half: 1

Explored 129469 nodes (12053513 simplex iterations) in 966.05 seconds (1940.43 work units)
Thread count was 8 (of 20 available processors)

Solution count 10: 505.176 508.072 510.056 ... 587.368

Optimal solution found (tolerance 1.00e-04)
Best objective 5.051760000000e+02, best bound 5.051760000000e+02, gap 0.0000%

User-callback calls 443980, time in user-callback 1.45 sec
