
Gurobi 12.0.3 (linux64) logging started Sun Sep 13 14:20:52 2026

Set parameter LogFile to value "/share/scaglione/nc437/evsp-dr/cumulative_budget_20260913/cases/c5_k10/mip_warm/135681_r0/gurobi.log"
Set parameter OutputFlag to value 1
Set parameter TimeLimit to value 3600
Set parameter MIPGap to value 0.0001
Set parameter Threads to value 8
Set parameter TimeLimit to value 1800
Gurobi Optimizer version 12.0.3 build v12.0.3rc0 (linux64 - "Ubuntu 24.04.4 LTS")

CPU model: Intel(R) Xeon(R) Gold 6230 CPU @ 2.10GHz, instruction set [SSE2|AVX|AVX2|AVX512]
Thread count: 40 physical cores, 40 logical processors, using up to 8 threads

Non-default parameters:
TimeLimit  1800
Threads  8

Optimize a model with 204 rows, 40070 columns and 907985 nonzeros
Model fingerprint: 0x6ba07a78
Variable types: 0 continuous, 40070 integer (40070 binary)
Coefficient statistics:
  Matrix range     [1e+00, 1e+00]
  Objective range  [1e+00, 1e+00]
  Bounds range     [1e+00, 1e+00]
  RHS range        [1e+00, 1e+00]

Loaded user MIP start with objective 55

Presolve removed 0 rows and 2128 columns
Presolve time: 2.46s
Presolved: 204 rows, 37942 columns, 866476 nonzeros
Found heuristic solution: objective 51.0000000
Variable types: 0 continuous, 37942 integer (37942 binary)
Found heuristic solution: objective 47.0000000

Starting sifting (using dual simplex for sub-problems)...

    Iter     Pivots    Primal Obj      Dual Obj        Time
       0          0     infinity      0.0000000e+00      3s
       1        241   1.1100000e+02   2.7750000e+00      3s
       2        604   1.8600000e+01   3.6923913e+00      3s
       3       1030   1.0000000e+01   5.0747831e+00      3s

Sifting complete


Root relaxation: objective 1.000000e+01, 1478 iterations, 0.17 seconds (0.12 work units)

    Nodes    |    Current Node    |     Objective Bounds      |     Work
 Expl Unexpl |  Obj  Depth IntInf | Incumbent    BestBd   Gap | It/Node Time

     0     0   10.00000    0   15   47.00000   10.00000  78.7%     -    4s
H    0     0                      12.0000000   10.00000  16.7%     -    4s
H    0     0                      11.0000000   10.00000  9.09%     -    4s
H    0     0                      10.0000000   10.00000  0.00%     -    7s
     0     0   10.00000    0   15   10.00000   10.00000  0.00%     -    7s

Explored 1 nodes (25852 simplex iterations) in 7.98 seconds (5.01 work units)
Thread count was 8 (of 40 available processors)

Solution count 6: 10 11 12 ... 55

Optimal solution found (tolerance 1.00e-04)
Best objective 1.000000000000e+01, best bound 1.000000000000e+01, gap 0.0000%

User-callback calls 500, time in user-callback 0.00 sec
Set parameter TimeLimit to value 3.5910022115707397e+03
Gurobi Optimizer version 12.0.3 build v12.0.3rc0 (linux64 - "Ubuntu 24.04.4 LTS")

CPU model: Intel(R) Xeon(R) Gold 6230 CPU @ 2.10GHz, instruction set [SSE2|AVX|AVX2|AVX512]
Thread count: 40 physical cores, 40 logical processors, using up to 8 threads

Non-default parameters:
TimeLimit  3.5910022115707397e+03
Threads  8

Optimize a model with 205 rows, 40070 columns and 948055 nonzeros
Model fingerprint: 0x15b20d66
Variable types: 0 continuous, 40070 integer (40070 binary)
Coefficient statistics:
  Matrix range     [1e+00, 1e+00]
  Objective range  [5e+00, 1e+02]
  Bounds range     [1e+00, 1e+00]
  RHS range        [1e+00, 1e+01]

Loaded user MIP start with objective 679.872
MIP start from previous solve did not produce a new incumbent solution

Presolve removed 0 rows and 137 columns
Presolve time: 2.86s
Presolved: 205 rows, 39933 columns, 944633 nonzeros
Variable types: 0 continuous, 39933 integer (39933 binary)

Starting sifting (using dual simplex for sub-problems)...

    Iter     Pivots    Primal Obj      Dual Obj        Time
       0          0     infinity      0.0000000e+00      3s
       1        445   3.4130906e+07   1.3774711e+02      3s
       2       1512   2.8066282e+06   1.8302820e+02      3s
       3       2563   1.1135263e+06   2.0707577e+02      3s
       4       4065   3.5657572e+05   2.1737698e+02      3s
       5       5275   5.4201700e+02   2.8740238e+02      3s
       6       6622   5.0453345e+02   3.3657823e+02      4s
       7       7946   4.7896771e+02   3.7730029e+02      4s
       8       9232   4.6479355e+02   4.1754250e+02      4s
       9      10439   4.5665446e+02   4.3372223e+02      4s
      10      12049   4.5638637e+02   4.3761727e+02      4s
      11      13660   4.5634629e+02   4.4272708e+02      5s
      12      15347   4.5634629e+02   4.4471803e+02      5s
      13      16571   4.5634629e+02   4.4903418e+02      5s
      14      17912   4.5633392e+02   4.5061696e+02      5s
      15      19484   4.5633392e+02   4.5237172e+02      6s
      16      20968   4.5633392e+02   4.5329951e+02      6s

Sifting complete


Root simplex log...

Iteration    Objective       Primal Inf.    Dual Inf.      Time
   22062    4.5633392e+02   0.000000e+00   0.000000e+00      6s

Root relaxation: objective 4.563339e+02, 22062 iterations, 3.07 seconds (4.18 work units)

    Nodes    |    Current Node    |     Objective Bounds      |     Work
 Expl Unexpl |  Obj  Depth IntInf | Incumbent    BestBd   Gap | It/Node Time

     0     0  456.33392    0  119  679.87200  456.33392  32.9%     -    6s
H    0     0                     650.4080000  456.33392  29.8%     -    9s
H    0     0                     624.6560000  456.33392  26.9%     -   10s
H    0     0                     622.6720000  456.33392  26.7%     -   10s
     0     0  456.89450    0  125  622.67200  456.89450  26.6%     -   14s
H    0     0                     615.4800000  456.89450  25.8%     -   17s
H    0     0                     614.9840000  456.89450  25.7%     -   21s
H    0     0                     583.0880000  456.89450  21.6%     -   23s
     0     0  456.91299    0  124  583.08800  456.91299  21.6%     -   25s
     0     0  456.96178    0  129  583.08800  456.96178  21.6%     -   27s
H    0     0                     561.4720000  456.96178  18.6%     -   27s
     0     0  457.01727    0  140  561.47200  457.01727  18.6%     -   28s
     0     0  457.18133    0  142  561.47200  457.18133  18.6%     -   29s
     0     0  457.18811    0  143  561.47200  457.18811  18.6%     -   29s
     0     0  457.18811    0  142  561.47200  457.18811  18.6%     -   29s
     0     0  457.22012    0  150  561.47200  457.22012  18.6%     -   31s
     0     0  457.22012    0  151  561.47200  457.22012  18.6%     -   40s
     0     0  457.22012    0  151  561.47200  457.22012  18.6%     -   41s
     0     0  457.22012    0  151  561.47200  457.22012  18.6%     -   41s
     0     0  457.22251    0  145  561.47200  457.22251  18.6%     -   42s
     0     0  457.22314    0  145  561.47200  457.22314  18.6%     -   42s
     0     0  457.71069    0  117  561.47200  457.71069  18.5%     -   55s
     0     0  457.71069    0  120  561.47200  457.71069  18.5%     -   56s
     0     0  457.71069    0  136  561.47200  457.71069  18.5%     -   62s
     0     0  457.71069    0  126  561.47200  457.71069  18.5%     -   64s
     0     0  457.71069    0  149  561.47200  457.71069  18.5%     -   64s
     0     0  457.71069    0  145  561.47200  457.71069  18.5%     -   64s
     0     0  457.71069    0  146  561.47200  457.71069  18.5%     -   65s
     0     0  457.71069    0  149  561.47200  457.71069  18.5%     -   66s
     0     0  457.71069    0  155  561.47200  457.71069  18.5%     -   67s
     0     0  457.71069    0  156  561.47200  457.71069  18.5%     -   67s
     0     0  457.71069    0  152  561.47200  457.71069  18.5%     -   67s
     0     0  457.71069    0  160  561.47200  457.71069  18.5%     -   67s
     0     0  457.93448    0  158  561.47200  457.93448  18.4%     -   68s
     0     0  457.93740    0  161  561.47200  457.93740  18.4%     -   69s
     0     0  457.93740    0  161  561.47200  457.93740  18.4%     -   69s
     0     0  457.95586    0  161  561.47200  457.95586  18.4%     -   69s
     0     0  457.96941    0  163  561.47200  457.96941  18.4%     -   69s
     0     0  457.97256    0  163  561.47200  457.97256  18.4%     -   70s
     0     0  457.97986    0  164  561.47200  457.97986  18.4%     -   70s
     0     0  457.98037    0  165  561.47200  457.98037  18.4%     -   70s
     0     0  457.98073    0  165  561.47200  457.98073  18.4%     -   70s
     0     0  457.98205    0  165  561.47200  457.98205  18.4%     -   70s
     0     0  458.75940    0  116  561.47200  458.75940  18.3%     -   78s
     0     0  458.75940    0  135  561.47200  458.75940  18.3%     -   81s
     0     0  458.75940    0  143  561.47200  458.75940  18.3%     -   85s
     0     0  458.75940    0  151  561.47200  458.75940  18.3%     -   86s
     0     0  458.75940    0  155  561.47200  458.75940  18.3%     -   86s
     0     0  458.75940    0  160  561.47200  458.75940  18.3%     -   87s
     0     0  458.75940    0  161  561.47200  458.75940  18.3%     -   87s
     0     0  458.75940    0  164  561.47200  458.75940  18.3%     -   87s
     0     0  458.75940    0  166  561.47200  458.75940  18.3%     -   88s
     0     0  458.75940    0  165  561.47200  458.75940  18.3%     -   90s
     0     0  458.75940    0  166  561.47200  458.75940  18.3%     -   91s
     0     0  458.75940    0  166  561.47200  458.75940  18.3%     -   91s
     0     0  458.75940    0  170  561.47200  458.75940  18.3%     -   91s
     0     0  458.75940    0  173  561.47200  458.75940  18.3%     -   91s
     0     0  458.75940    0  172  561.47200  458.75940  18.3%     -   91s
     0     0  458.75940    0  172  561.47200  458.75940  18.3%     -   92s
H    0     2                     543.2880000  458.96935  15.5%     -  104s
     0     2  458.96935    0  172  543.28800  458.96935  15.5%     -  104s
     3     6  458.96935    2  169  543.28800  458.96935  15.5%   361  106s
    57    58  458.96935   10  165  543.28800  458.96935  15.5%   377  110s
H   86    81                     542.7920000  458.96935  15.4%   305  112s
   230   238  458.96935   22  168  542.79200  458.96935  15.4%   170  115s
H  401   400                     532.3760000  458.96935  13.8%   116  116s
   853   813  458.96935   48  159  532.37600  458.96935  13.8%  84.6  121s
  1359  1312  459.22128   88  165  532.37600  458.96935  13.8%  73.6  126s
  2040  1999  459.65449  154  165  532.37600  458.96935  13.8%  70.7  130s
H 2186  2099                     529.6480000  458.96935  13.3%  69.7  131s
H 2761  2603                     528.6560000  458.96935  13.2%  66.0  134s
  2769  2755  460.48654  213  169  528.65600  458.96935  13.2%  66.1  135s
H 3588  3520                     523.6560000  458.96935  12.4%  60.1  138s
  4069  4130  461.25690  285  163  523.65600  458.96935  12.4%  57.6  141s
  5086  4739  485.40367  320  145  523.65600  458.96935  12.4%  53.1  148s
  5088  4740  490.65389  397  118  523.65600  458.96935  12.4%  53.1  152s
  5089  4741  485.98204   46  136  523.65600  458.96935  12.4%  53.1  157s
  5092  4743  486.04883  250  155  523.65600  458.96935  12.4%  53.0  160s
  5099  4748  478.77987  151  178  523.65600  458.96935  12.4%  53.0  166s
  5104  4751  501.13316  662  182  523.65600  458.96935  12.4%  52.9  179s
  5105  4755  458.96935   14  182  523.65600  458.96935  12.4%  54.4  181s
  5111  4765  458.96935   16  181  523.65600  458.96935  12.4%  55.7  186s
  5158  4785  465.30742   20  135  523.65600  458.96935  12.4%  59.0  191s
  5208  4796  493.23130   22  105  523.65600  458.96935  12.4%  62.5  196s
  5270  4790  464.76063   24  145  523.65600  458.96935  12.4%  65.6  200s
  5338  4784  464.12700   26  145  523.65600  458.96935  12.4%  67.7  205s
  5400  4797  484.24233   28  142  523.65600  458.96935  12.4%  70.1  211s
  5498  4811  470.57637   30  140  523.65600  458.96935  12.4%  72.5  216s
  5620  4834  487.20974   32  104  523.65600  458.96935  12.4%  75.8  221s
  5787  4854  480.74334   34  135  523.65600  458.96935  12.4%  79.4  225s
  5881  4872  458.96935   36  163  523.65600  458.96935  12.4%  80.6  230s
  6028  4954  510.40380   37  111  523.65600  458.96935  12.4%  82.6  235s
  6279  5008  460.09657   39  152  523.65600  458.96935  12.4%  85.6  242s
  6300  5016  458.99703   41  166  523.65600  458.99703  12.3%  86.2  246s
  6371  5067  466.48933   44  143  523.65600  459.11373  12.3%  88.6  251s
  6503  5194  459.17631   48  167  523.65600  459.17631  12.3%  90.4  256s
  6745  5233  459.20406   50  165  523.65600  459.20406  12.3%  91.2  260s
  6884  5269  459.21667   52  166  523.65600  459.21667  12.3%  93.4  265s
  6959  5313  459.21936   55  165  523.65600  459.21936  12.3%  94.9  271s
  7046  5412  459.25694   59  164  523.65600  459.25694  12.3%  96.1  277s
  7142  5502  459.27150   61  164  523.65600  459.27150  12.3%  96.3  280s
  7499  5634  459.40124   65  164  523.65600  459.40124  12.3%  99.3  285s
  7834  5721  459.47301   70  164  523.65600  459.47301  12.3%   103  292s
  8001  5733  459.48381   72  168  523.65600  459.48381  12.3%   104  295s
  8318  5776  459.51555   76  167  523.65600  459.51555  12.2%   108  301s
  8474  5928  459.58411   78  165  523.65600  459.58411  12.2%   109  305s
  9243  6170  480.81768   83  125  523.65600  459.95365  12.2%   110  312s
  9643  6378  460.01490   86  170  523.65600  460.01490  12.2%   110  316s
 10602  6757  460.10457   92  171  523.65600  460.10269  12.1%   108  324s
 11214  6706  460.18537   95  171  523.65600  460.10269  12.1%   107  327s
 11707  6605  460.27877   98  170  523.65600  460.10269  12.1%   106  332s
 12150  6807  460.31504  100  167  523.65600  460.10269  12.1%   106  336s
 12726  7209  460.37427  104  168  523.65600  460.37427  12.1%   104  340s
 13376  7843  493.84261  107  119  523.65600  460.43437  12.1%   102  345s
 14299  8281  460.46339  111  167  523.65600  460.46339  12.1%  98.9  350s
 15170  8539  460.53705  115  181  523.65600  460.53705  12.1%  96.6  358s
 15831  8359  460.67672  119  175  523.65600  460.67672  12.0%  95.7  363s
 15893  8586  460.72993  122  176  523.65600  460.72993  12.0%  96.1  369s
 16178  9268  471.37668  127  131  523.65600  460.78245  12.0%  96.2  375s
 17079  9264  475.98645  133  139  523.65600  460.87738  12.0%  94.8  385s
 17647 10195  460.94398  136  177  523.65600  460.94398  12.0%  93.9  390s
 18911 10639  460.95685  140  180  523.65600  460.95685  12.0%  90.8  395s
 20549 11399  461.13080  146  173  523.65600  460.97025  12.0%  88.0  403s
 21018 11805  461.16931  150  173  523.65600  460.97025  12.0%  87.3  407s
 21487 12366  461.21266  154  178  523.65600  461.19348  11.9%  86.7  412s
 22088 12606  473.59361  158  124  523.65600  461.19348  11.9%  85.8  417s
 22369 13430  503.96043  160  113  523.65600  461.19348  11.9%  85.7  422s
 23312 14284  461.29761  163  175  523.65600  461.29761  11.9%  83.9  429s
 24368 15343  461.32204  167  173  523.65600  461.29941  11.9%  83.4  434s
 25563 15975  461.47054  172  178  523.65600  461.39503  11.9%  82.4  440s
 26506 16367  461.59560  177  172  523.65600  461.44917  11.9%  82.5  449s
 26881 17268  479.92602  180  143  523.65600  461.44917  11.9%  82.8  454s
 27934 17461  461.78292  185  180  523.65600  461.50321  11.9%  82.3  460s
 28211 18419  482.30433  188  125  523.65600  461.57093  11.9%  82.8  465s
 29397 19135  461.82937  193  180  523.65600  461.57093  11.9%  82.2  470s
 30616 19136  471.42200   94  145  523.65600  461.57096  11.9%  81.8  645s
 30619 19138  514.14507  309  140  523.65600  461.57096  11.9%  81.8  656s
 30625 19142  467.95877  567  169  523.65600  461.57096  11.9%  81.8  660s
 30637 19150  484.86228  136  203  523.65600  461.57096  11.9%  81.7  668s
 30638 19151  490.47747  100  203  523.65600  461.57096  11.9%  81.7  670s
 30642 19153  491.03341  287  197  523.65600  461.57096  11.9%  81.7  675s
 30646 19156  473.18106  106  202  523.65600  461.57096  11.9%  81.7  680s
 30648 19157  499.41936  119  211  523.65600  461.57096  11.9%  81.7  685s
H30653 18202                     516.0560000  461.57096  10.6%  81.7  690s
 30657 18204  475.01982 1065  216  516.05600  461.57096  10.6%  81.7  699s
 30660 18206  480.54497  145  219  516.05600  461.57096  10.6%  81.7  704s
 30661 18207  516.05600  296  215  516.05600  461.57096  10.6%  81.7  705s
 30663 18208  503.28694 1796  215  516.05600  461.57096  10.6%  81.7  710s
 30668 18212  490.74447  502  207  516.05600  461.57096  10.6%  81.7  715s
 30673 18215  489.70465  150  230  516.05600  461.57096  10.6%  81.6  723s
 30675 18216  470.06619  695  233  516.05600  461.57096  10.6%  81.6  728s
 30676 18217  499.27722 1690  232  516.05600  461.57096  10.6%  81.6  732s
 30677 18218  511.09762  621  232  516.05600  461.57096  10.6%  81.6  742s
 30678 18221  461.57096   24  219  516.05600  461.57096  10.6%  82.0  745s
 30692 18237  461.57096   27  220  516.05600  461.57096  10.6%  82.4  751s
 30748 18253  472.31243   29  148  516.05600  461.57096  10.6%  82.9  757s
 30789 18256  461.57096   31  218  516.05600  461.57096  10.6%  83.4  760s
 30821 18260  478.51167   32  139  516.05600  461.57096  10.6%  83.8  765s
H30851 17348                     515.1040000  461.57096  10.4%  84.2  768s
 30873 17358  461.57096   34  180  515.10400  461.57096  10.4%  84.5  770s
 30943 17363  461.57096   36  206  515.10400  461.57096  10.4%  85.0  775s
 31030 17358  461.57096   39  206  515.10400  461.57096  10.4%  85.7  781s
 31106 17373  461.57096   42  207  515.10400  461.57096  10.4%  86.4  786s
 31181 17400  461.57096   45  209  515.10400  461.57096  10.4%  87.1  791s
 31216 17403  478.81027   46  127  515.10400  461.57096  10.4%  87.4  795s
 31243 17413  461.57096   48  212  515.10400  461.57096  10.4%  87.7  800s
 31271 17421  464.94234   49  167  515.10400  461.57096  10.4%  88.0  806s
 31289 17427  474.12760   50  142  515.10400  461.57096  10.4%  88.2  811s
 31311 17435  469.06780   51  165  515.10400  461.57096  10.4%  88.5  815s
 31392 17458  461.57096   53  212  515.10400  461.57096  10.4%  89.0  821s
 31438 17469  473.04488   53  136  515.10400  461.57096  10.4%  89.4  825s
 31513 17486  467.96357   54  171  515.10400  461.57096  10.4%  89.9  830s
 31614 17508  470.69849   55  151  515.10400  461.57096  10.4%  90.3  835s
 31729 17552  469.00853   56  155  515.10400  461.57096  10.4%  90.9  840s
 31843 17606  470.20563   57  153  515.10400  461.57096  10.4%  91.4  845s
 31956 17658  487.86241   58  108  515.10400  461.57096  10.4%  92.0  851s
 32023 17672  461.57096   59  206  515.10400  461.57096  10.4%  92.2  855s
 32071 17701  469.79665   59  150  515.10400  461.57096  10.4%  92.5  860s
 32208 17727  461.57096   63  205  515.10400  461.57096  10.4%  93.2  868s
 32246 17783  461.57096   64  206  515.10400  461.57096  10.4%  93.6  872s
 32334 17829  461.57096   66  210  515.10400  461.57096  10.4%  93.9  876s
 32429 17881  461.57096   68  204  515.10400  461.57096  10.4%  94.3  880s
 32614 17957  462.36196   72  185  515.10400  461.57096  10.4%  95.2  888s
 32755 18011  461.57096   75  194  515.10400  461.57096  10.4%  95.5  893s
 32911 18078  461.57096   77  194  515.10400  461.57096  10.4%  95.9  898s
 33095 18148  461.57622   79  196  515.10400  461.57622  10.4%  96.3  902s
 33332 18225  461.63819   81  192  515.10400  461.57717  10.4%  96.5  907s
 33568 18327  461.75336   83  197  515.10400  461.57717  10.4%  96.7  911s
 33858 18334  461.80746   85  203  515.10400  461.57717  10.4%  96.7  915s
 34131 18288  474.18635   87  135  515.10400  461.57869  10.4%  96.9  922s
 34212 18435  461.85245   88  198  515.10400  461.57869  10.4%  97.1  927s
 34458 18592  486.12036   90  124  515.10400  461.57869  10.4%  97.5  933s
 34833 18671  466.85227   93  154  515.10400  461.57869  10.4%  97.8  938s
 35202 18673  462.05734   96  205  515.10400  461.71537  10.4%  98.2  944s
 35567 18654  473.16739   98  139  515.10400  461.71537  10.4%  98.9  950s
 35893 18643  462.12666  101  203  515.10400  461.71537  10.4%  99.3  956s
 36115 18800  512.13661  102  141  515.10400  461.71537  10.4%   100  962s
 36630 18783  462.14611  103  202  515.10400  461.71537  10.4%   100  968s
 37170 18777  497.96786  104  127  515.10400  461.71537  10.4%   100  974s
 37678 18977  488.54397  107  123  515.10400  462.11558  10.3%   100  980s
 38336 19289  462.26404  111  206  515.10400  462.11558  10.3%   100  987s
 39372 19514  462.36029  114  205  515.10400  462.11558  10.3%  99.2  994s
 40148 19745  462.50976  118  209  515.10400  462.49107  10.2%  98.7 1001s
 40816 19901  462.63837  122  209  515.10400  462.58497  10.2%  98.5 1008s
 41331 19968  462.77852  125  217  515.10400  462.58497  10.2%  98.6 1015s
 41822 20317  462.90619  129  216  515.10400  462.81209  10.2%  98.5 1022s
 42467 21155  462.96732  132  211  515.10400  462.81600  10.2%  98.4 1032s
 43706 21499  463.05229  136  208  515.10400  462.84519  10.1%  97.6 1040s
 44860 21322  463.16726  141  210  515.10400  462.84519  10.1%  97.2 1049s
 45283 22111  473.87844  143  156  515.10400  462.84519  10.1%  97.0 1063s
 46422 22508  463.30565  149  210  515.10400  462.99534  10.1%  96.0 1070s
 47275 22649  463.33570  153  210  515.10400  462.99534  10.1%  95.4 1077s
 47863 22752  483.36575  156  132  515.10400  462.99534  10.1%  95.7 1083s
 48457 23053  479.90682  159  143  515.10400  463.02374  10.1%  96.2 1091s
 49243 23053  463.49000  163  216  515.10400  463.16891  10.1%  96.4 1098s
 49873 23290  463.55849  167  213  515.10400  463.16891  10.1%  96.9 1106s
 50689 23674  463.64251  173  204  515.10400  463.24784  10.1%  96.9 1114s
 51862 23944  463.74621  177  209  515.10400  463.35633  10.0%  96.3 1122s
 52756 24191  463.78408  182  216  515.10400  463.35633  10.0%  96.9 1130s
 53594 24674  463.84159  187  215  515.10400  463.36250  10.0%  97.6 1138s
 54804 24817  463.93911  192  213  515.10400  463.41998  10.0%  97.5 1145s
 55637 25337  463.97397  196  209  515.10400  463.43560  10.0%  97.7 1153s
 56716 25426  463.99280  199  211  515.10400  463.50571  10.0%  97.5 1160s
 57474 25726  464.11870  202  211  515.10400  463.53616  10.0%  97.5 1166s
 58458 26070  464.53556  206  214  515.10400  463.53616  10.0%  97.3 1175s
 59602 26675  464.71567  210  203  515.10400  463.71138  10.0%  97.0 1182s
 60904 27893  464.81588  215  210  515.10400  463.83763  10.0%  96.6 1198s
 62873 27796  464.93200  222  203  515.10400  463.84702  10.0%  95.7 1203s
 63563 28468  483.40350  224  138  515.10400  463.97184  9.93%  95.5 1209s
 64704 28640  464.98513  227  207  515.10400  463.97184  9.93%  94.8 1214s
 65427 28975  465.03037  229  204  515.10400  464.02455  9.92%  94.5 1219s
 66070 29528  465.04850  231  205  515.10400  464.09358  9.90%  94.2 1224s
 66975 29718  465.14760  234  202  515.10400  464.13343  9.90%  93.7 1229s
 67623 30187  465.19055  237  203  515.10400  464.15477  9.89%  93.7 1233s
 68390 30687  465.26314  240  199  515.10400  464.20288  9.88%  93.3 1239s
 69344 30728  485.49635  243  141  515.10400  464.24113  9.87%  92.9 1243s
 69813 30882  465.44535  246  213  515.10400  464.24113  9.87%  92.9 1248s
 70168 31177  465.50872  249  211  515.10400  464.24113  9.87%  92.9 1254s
 70613 32036  465.56184  252  212  515.10400  464.24113  9.87%  92.6 1259s
 71514 31735  497.92717  130  112  515.10400  464.38455  9.85%  92.3 1260s
 71789 32056  465.65254  255  204  515.10400  464.38455  9.85%  92.2 1265s
 72505 32405  465.69633  258  209  515.10400  464.48054  9.83%  92.3 1271s
 73530 32547  465.75399  262  207  515.10400  464.55125  9.81%  92.2 1277s
 74386 32842  465.78660  266  209  515.10400  464.55554  9.81%  92.2 1282s
 75138 32922  498.03264  269  146  515.10400  464.55554  9.81%  92.1 1288s
 75701 33767  466.12278  272  205  515.10400  464.65046  9.79%  92.2 1299s
 77093 33561  466.94353  277  204  515.10400  464.84633  9.76%  91.9 1304s
 77507 33875  467.12776  280  210  515.10400  464.92751  9.74%  92.0 1311s
 78399 34287  485.84822  281  146  515.10400  464.92751  9.74%  91.8 1318s
 79438 33965  467.25839  286  204  515.10400  464.96689  9.73%  91.6 1325s
 79475 34304  500.14982  286  130  515.10400  464.96689  9.73%  91.6 1333s
 79911 34540  467.26808  287  204  515.10400  464.96689  9.73%  91.5 1342s
 80386 34935  467.30385  290  208  515.10400  464.96689  9.73%  91.5 1350s
 81136 35429  467.40102  294  203  515.10400  464.96689  9.73%  91.5 1357s
 82307 35593  467.44702  299  200  515.10400  465.11303  9.71%  91.2 1364s
 83094 36150  467.53296  302  205  515.10400  465.18994  9.69%  91.2 1371s
 83871 37062  467.64542  305  202  515.10400  465.18994  9.69%  91.1 1380s
 85031 37924  467.77898  310  205  515.10400  465.30787  9.67%  91.0 1386s
 86092 38611  482.07104  315  159  515.10400  465.30787  9.67%  90.7 1393s
 86924 39640  484.29749  318  130  515.10400  465.40396  9.65%  90.5 1400s
 88243 40200  468.29831  323  209  515.10400  465.56871  9.62%  90.3 1406s
 88972 40627     cutoff  326       515.10400  465.60830  9.61%  90.3 1412s
 89567 41070  468.37347  329  216  515.10400  465.65160  9.60%  90.4 1417s
 90320 41737  488.74298  332  148  515.10400  465.65160  9.60%  90.5 1429s
 91343 42149  468.67418  338  212  515.10400  465.78124  9.58%  90.6 1436s
 92179 42542  468.76447  342  217  515.10400  465.94038  9.54%  90.7 1442s
 92970 43026  468.86859  346  213  515.10400  465.98179  9.54%  90.9 1449s
 93666 43538     cutoff  350       515.10400  466.05647  9.52%  91.1 1456s
 94565 44376  469.04052  354  212  515.10400  466.18811  9.50%  91.1 1463s
 95592 44625  469.24951  358  213  515.10400  466.37193  9.46%  90.9 1469s
 96058 45705  469.35077  362  214  515.10400  466.37193  9.46%  91.0 1477s
 97469 46435  469.46298  368  208  515.10400  466.43712  9.45%  90.8 1484s
 98783 46919  469.54863  374  210  515.10400  466.46054  9.44%  90.7 1491s
 99780 47409  469.59230  379  211  515.10400  466.59131  9.42%  90.9 1497s
 100765 47889  469.76075  384  208  515.10400  466.67769  9.40%  91.0 1503s
 101403 48483  494.23277  388  121  515.10400  466.67769  9.40%  91.1 1509s
 102140 48780  469.89839  392  210  515.10400  466.85252  9.37%  91.0 1515s
 102504 49880  470.00202  396  208  515.10400  466.87890  9.36%  91.0 1522s
 103842 50741  470.09702  399  202  515.10400  466.92011  9.35%  90.8 1529s
 104944 51468  470.17161  404  205  515.10400  466.93524  9.35%  90.8 1540s
 106265 51879  470.32884  411  212  515.10400  467.12843  9.31%  91.0 1545s
 106847 52546  470.38602  415  212  515.10400  467.26809  9.29%  91.0 1550s
 107786 52758  470.42295  418  210  515.10400  467.33596  9.27%  90.9 1555s
 108335 53129  470.48239  422  210  515.10400  467.38477  9.26%  91.1 1560s
 108914 53575  470.55649  425  208  515.10400  467.44084  9.25%  91.2 1567s
 110054 54753  470.58642  430  207  515.10400  467.46626  9.25%  91.2 1573s
 111444 55469  470.64526  434  212  515.10400  467.67134  9.21%  91.0 1578s
 112347 55972  470.70487  438  206  515.10400  467.67134  9.21%  91.0 1583s
 112988 56773  470.77762  441  211  515.10400  467.79069  9.19%  90.9 1589s
 114001 57384  470.80717  445  204  515.10400  467.79069  9.19%  90.8 1594s
 114901 58041  470.89034  450  212  515.10400  467.89329  9.17%  90.9 1599s
 115697 58278  470.91623  453  211  515.10400  467.96900  9.15%  90.8 1606s
 116040 58674  470.95631  457  212  515.10400  467.99177  9.15%  90.9 1611s
 116907 58931  501.35062  461  126  515.10400  468.08466  9.13%  91.1 1616s
 117296 59415  471.07612  465  210  515.10400  468.08466  9.13%  91.4 1622s
 117892 59836  471.17184  468  209  515.10400  468.08466  9.13%  91.4 1627s
 118584 60370  471.29732  472  211  515.10400  468.17303  9.11%  91.6 1632s
 119261 60551  471.82749  477  214  515.10400  468.17303  9.11%  91.8 1638s
 119530 61432  471.89582  480  216  515.10400  468.20451  9.10%  91.9 1648s
 120704 61667  472.21984  487  212  515.10400  468.21489  9.10%  92.0 1654s
 121070 61954     cutoff  490       515.10400  468.26872  9.09%  92.1 1660s
 121571 62690  472.44366  495  207  515.10400  468.28215  9.09%  92.4 1667s
 122734 63197  472.49479  501  210  515.10400  468.29123  9.09%  92.4 1675s
 123425 63506  507.82983  505  141  515.10400  468.29123  9.09%  92.6 1681s
 123881 64044  472.88502  510  213  515.10400  468.29123  9.09%  92.8 1689s
 124795 64796  472.97612  516  212  515.10400  468.29123  9.09%  92.9 1696s
 125761 65473  473.05521  522  211  515.10400  468.31502  9.08%  92.8 1702s
 126602 66063  473.07326  526  213  515.10400  468.31502  9.08%  92.8 1709s
 127401 66640  473.12584  530  206  515.10400  468.31502  9.08%  92.9 1716s
 128539 67058  473.22513  535  212  515.10400  468.43496  9.06%  93.0 1723s
 129439 67417  495.88324  540  140  515.10400  468.56950  9.03%  93.1 1729s
 130280 67803  473.40363  544  205  515.10400  468.64081  9.02%  93.2 1736s
 130771 68766  494.81015  548  139  515.10400  468.76334  9.00%  93.2 1743s
 132025 69299  473.50410  554  208  515.10400  468.76334  9.00%  93.1 1749s
 132722 69914  473.58329  559  205  515.10400  468.87767  8.97%  93.2 1756s
 133559 70409  473.63375  564  209  515.10400  468.92334  8.97%  93.1 1763s
 134298 71246  473.65956  568  206  515.10400  468.97472  8.96%  93.2 1773s
 135866 71346  473.78436  575  206  515.10400  469.01252  8.95%  93.0 1777s
 136082 71588  498.55739  577  140  515.10400  469.07028  8.94%  93.1 1782s
 136689 72104  473.84689  581  206  515.10400  469.12739  8.93%  93.1 1787s
 137349 73031  473.86686  585  202  515.10400  469.14260  8.92%  93.1 1794s
 138485 73680  473.94919  590  201  515.10400  469.16863  8.92%  92.9 1800s
 139756 74129  474.00278  597  203  515.10400  469.22048  8.91%  93.0 1809s
 140138 74670  474.17458  601  204  515.10400  469.22048  8.91%  93.1 1816s
 141115 75156  474.27730  607  201  515.10400  469.23926  8.90%  93.3 1822s
 142117 75682  474.47892  612  204  515.10400  469.36363  8.88%  93.4 1827s
 142784 76156  474.57327  617  206  515.10400  469.43024  8.87%  93.4 1832s
 143416 76654  474.63298  622  197  515.10400  469.48835  8.86%  93.5 1838s
 144175 77196  474.72722  626  201  515.10400  469.54042  8.85%  93.5 1843s
 144832 77924  474.82714  630  203  515.10400  469.61969  8.83%  93.4 1849s
 145859 78476  474.86113  634  200  515.10400  469.69684  8.82%  93.4 1855s
 146555 79651  474.92521  638  203  515.10400  469.72730  8.81%  93.4 1863s
 147921 80387  475.11788  642  204  515.10400  469.79504  8.80%  93.2 1869s
 148862 80854  475.17045  648  205  515.10400  469.84291  8.79%  93.2 1878s
 149508 81894     cutoff  653       515.10400  469.85050  8.79%  93.3 1887s
 150912 82527  475.43621  661  201  515.10400  469.90572  8.77%  93.3 1894s
 151963 82674  475.52933  667  201  515.10400  470.03952  8.75%  93.3 1900s
 152278 83010  475.58099  669  198  515.10400  470.03952  8.75%  93.4 1906s
 152910 84197  475.83991  674  195  515.10400  470.13025  8.73%  93.4 1913s
 154214 85662  475.93981  680  200  515.10400  470.14920  8.73%  93.2 1921s
 155834 86485  476.07296  686  194  515.10400  470.19291  8.72%  92.8 1926s
 156745 87496  476.23140  692  202  515.10400  470.21543  8.71%  92.6 1933s
 157939 88342  476.25688  697  193  515.10400  470.25656  8.71%  92.4 1938s
 158972 88737  476.47725  702  201  515.10400  470.30556  8.70%  92.3 1943s
 159446 89372  476.48875  705  201  515.10400  470.30556  8.70%  92.4 1949s
 160277 89903  476.58051  709  196  515.10400  470.37384  8.68%  92.3 1954s
 160929 90337  476.66355  713  197  515.10400  470.43157  8.67%  92.3 1958s
 161408 91643  503.01970  716  143  515.10400  470.43157  8.67%  92.2 1965s
 162908 92200  476.81991  721  198  515.10400  470.47570  8.66%  91.9 1970s
 163743 92653  476.88300  726  199  515.10400  470.47570  8.66%  92.0 1979s
 164383 93247  476.95433  730  200  515.10400  470.57408  8.64%  92.1 1987s
 165253 94120  477.14371  738  201  515.10400  470.59413  8.64%  92.3 1996s
 166882 94581  477.38457  753  198  515.10400  470.64879  8.63%  92.3 2002s
 167401 95588  507.20156  756  132  515.10400  470.65455  8.63%  92.3 2009s
 168683 96572  477.51187  766  195  515.10400  470.65455  8.63%  92.1 2015s
 169913 96807  477.75706  776  198  515.10400  470.74381  8.61%  92.0 2020s
 170257 97467     cutoff  779       515.10400  470.77494  8.61%  92.0 2026s
 171054 98496     cutoff  786       515.10400  470.77494  8.61%  91.9 2032s
 172313 99677  478.00025  796  193  515.10400  470.81556  8.60%  91.8 2039s
 173688 100262  478.25038  802  196  515.10400  470.85021  8.59%  91.5 2045s
 174425 100690  478.37605  807  200  515.10400  470.87632  8.59%  91.4 2050s
 175026 101087  478.72264  815  195  515.10400  470.87632  8.59%  91.4 2055s
 175682 101477  478.78507  819  198  515.10400  470.89177  8.58%  91.4 2061s
 176325 101755  479.01588  825  202  515.10400  470.92307  8.58%  91.4 2068s
 176778 102036     cutoff  830       515.10400  470.92307  8.58%  91.5 2073s
 177253 102373  479.22710  837  194  515.10400  470.92307  8.58%  91.5 2079s
 177808 102711  479.42802  844  201  515.10400  470.93544  8.57%  91.6 2085s
 178389 103275  479.50881  850  199  515.10400  470.93544  8.57%  91.6 2094s
 179291 103863  479.66703  860  202  515.10400  471.02811  8.56%  91.5 2101s
 179997 104414  479.88732  868  196  515.10400  471.08709  8.55%  91.5 2107s
 180641 105234  480.07850  876  196  515.10400  471.08709  8.55%  91.4 2114s
 181955 105657     cutoff  889       515.10400  471.08959  8.54%  91.3 2122s
 182947 106272  480.62288  899  197  515.10400  471.14863  8.53%  91.5 2128s
 183698 106543  481.10449  909  192  515.10400  471.19128  8.53%  91.4 2134s
 184094 107319  481.44792  920  195  515.10400  471.19128  8.53%  91.5 2141s
 185041 108107  481.64302  928  198  515.10400  471.22839  8.52%  91.4 2148s
 185952 108808  481.96545  934  197  515.10400  471.22839  8.52%  91.2 2155s
 187017 109340  482.19508  942  194  515.10400  471.26906  8.51%  91.3 2161s
 187894 109773     cutoff  952       515.10400  471.33011  8.50%  91.3 2167s
 188696 110708  482.62834  961  199  515.10400  471.33543  8.50%  91.3 2174s
 189942 111050  482.78050  971  198  515.10400  471.33543  8.50%  91.2 2180s
 190508 112279  483.07416  981  199  515.10400  471.33543  8.50%  91.2 2187s
 192326 113583  483.31625  992  199  515.10400  471.33543  8.50%  90.8 2194s
 193815 114362  483.52485 1004  200  515.10400  471.42242  8.48%  90.5 2204s
 194768 115816  483.95573 1017  206  515.10400  471.42242  8.48%  90.5 2212s
 196538 115933  484.58901 1029  200  515.10400  471.42242  8.48%  90.2 2216s
 196837 116230     cutoff 1029       515.10400  471.52074  8.46%  90.2 2220s
 197292 116545  484.72066 1037  203  515.10400  471.57774  8.45%  90.2 2225s
 197716 116836  484.87226 1043  199  515.10400  471.63015  8.44%  90.2 2230s
 198074 117402     cutoff 1051       515.10400  471.64653  8.44%  90.3 2235s
 198730 118365     cutoff 1059       515.10400  471.66874  8.43%  90.2 2242s
 199901 119070  485.71238 1074  203  515.10400  471.67283  8.43%  90.1 2248s
 200781 119419  486.76022 1087  201  515.10400  471.67283  8.43%  90.1 2254s
 201283 120118     cutoff 1094       515.10400  471.67283  8.43%  90.1 2259s
 202190 120343     cutoff 1103       515.10400  471.67283  8.43%  90.1 2264s
 202540 120818  487.57802 1113  195  515.10400  471.72670  8.42%  90.2 2270s
 203258 121705  487.77772 1120  196  515.10400  471.76629  8.41%  90.2 2276s
 204377 121925  488.33882 1133  197  515.10400  471.76629  8.41%  90.1 2281s
 204878 122540     cutoff 1147       515.10400  471.83886  8.40%  90.2 2287s
 205800 122964  489.08077 1161  202  515.10400  471.85754  8.40%  90.2 2292s
 206390 123721     cutoff 1168       515.10400  471.85754  8.40%  90.1 2298s
 207476 124471  489.79870 1185  187  515.10400  471.85754  8.40%  90.1 2304s
 208777 125218     cutoff 1201       515.10400  471.87898  8.39%  90.0 2315s
 210898 125818     cutoff 1233       515.10400  471.90837  8.39%  90.0 2323s
 211239 126302  491.26835 1243  197  515.10400  471.90837  8.39%  90.1 2328s
 212207 126716     cutoff 1257       515.10400  471.90837  8.39%  90.1 2334s
 212846 126952  492.18059 1273  197  515.10400  471.99949  8.37%  90.1 2339s
 213388 127173  492.59806 1288  194  515.10400  471.99949  8.37%  90.1 2344s
 213862 128122     cutoff 1296       515.10400  472.01709  8.36%  90.1 2350s
 215029 128633  493.17665 1314  199  515.10400  472.01709  8.36%  90.0 2355s
 215765 129118     cutoff 1334       515.10400  472.06401  8.36%  90.0 2360s
 216423 129780     cutoff 1357       515.10400  472.08648  8.35%  90.0 2366s
 217285 130234  495.84790 1384  194  515.10400  472.12744  8.34%  90.0 2371s
 217880 131443  497.31870 1419  191  515.10400  472.12744  8.34%  89.9 2377s
 219313 132351     cutoff 1462       515.10400  472.12744  8.34%  89.8 2383s
 220472 132755  501.43722 1508  181  515.10400  472.16772  8.34%  89.7 2387s
 221111 133363     cutoff 1563       515.10400  472.16772  8.34%  89.7 2393s
 221933 134114     cutoff 1630       515.10400  472.19034  8.33%  89.6 2398s
 223012 134333  480.77304  113  156  515.10400  472.22178  8.32%  89.5 2403s
 223304 134537  489.27118  154  157  515.10400  472.22178  8.32%  89.6 2412s
 223792 135186  494.38523  222  147  515.10400  472.27542  8.31%  89.7 2423s
 225102 135523  497.85132  136  131  515.10400  472.31326  8.31%  89.8 2432s
 225624 136637  494.09260  126  128  515.10400  472.36753  8.30%  89.8 2442s
 227041 137814     cutoff  175       515.10400  472.41648  8.29%  89.8 2450s
 228505 138498  508.54878  708  119  515.10400  472.44189  8.28%  89.8 2457s
 229338 139482  502.81958  402  124  515.10400  472.44189  8.28%  89.7 2463s
 230706 140018  513.67172  421   80  515.10400  472.44822  8.28%  89.7 2469s
 231480 140551  489.73691  591  137  515.10400  472.54715  8.26%  89.7 2477s
 232692 140978  502.24879  665  129  515.10400  472.57881  8.26%  89.8 2482s
 233619 141302  492.11079  406  134  515.10400  472.57881  8.26%  89.8 2487s
 234036 142202  510.50919  439  111  515.10400  472.59118  8.25%  89.9 2493s
 235142 142520  499.18777  714  123  515.10400  472.59118  8.25%  89.9 2499s
 235524 143688  504.11513  844  127  515.10400  472.59118  8.25%  89.9 2506s
 236855 144072  502.65262  417  134  515.10400  472.59118  8.25%  89.7 2511s
 237292 144801  503.41988  386  121  515.10400  472.59118  8.25%  89.7 2517s
 238296 145611  504.62681   99  111  515.10400  472.63591  8.24%  89.6 2527s
 239473 145913  500.05665  435  123  515.10400  472.63591  8.24%  89.6 2531s
 239907 146366  495.95737  409  117  515.10400  472.64674  8.24%  89.7 2537s
 240545 146976  511.26733  120   99  515.10400  472.67604  8.24%  89.7 2544s
 241592 147588  487.73616  333  147  515.10400  472.70560  8.23%  89.7 2550s
 242448 148106  499.35674  426  145  515.10400  472.73085  8.23%  89.7 2556s
 243205 148761     cutoff  123       515.10400  472.74148  8.22%  89.7 2563s
 244162 149043  500.16270  447  142  515.10400  472.78471  8.22%  89.7 2568s
 244660 150199  488.47496  343  146  515.10400  472.78928  8.21%  89.8 2575s
 246219 150454  504.38549  522  142  515.10400  472.78928  8.21%  89.6 2580s
 246642 150929  495.46659  361  152  515.10400  472.81065  8.21%  89.6 2585s
 247394 151096  510.14465  471  151  515.10400  472.81065  8.21%  89.7 2590s
 247808 151246  502.44680  133  104  515.10400  472.85327  8.20%  89.7 2596s
 248426 151614  495.40653  322  130  515.10400  472.85327  8.20%  89.7 2601s
 249069 152782  494.31526  343  158  515.10400  472.88036  8.20%  89.7 2608s
 250581 153844  498.72986  379  143  515.10400  472.88752  8.20%  89.6 2615s
 251875 154419  497.53526  290  147  515.10400  472.90932  8.19%  89.4 2620s
 252612 155178  507.98474  412  139  515.10400  472.90932  8.19%  89.3 2625s
 253719 156404  506.35870  170  106  515.10400  472.96952  8.18%  89.2 2636s
 255455 157095     cutoff  452       515.10400  473.02562  8.17%  89.1 2645s
 256128 157803  474.16838   81  165  515.10400  473.03927  8.17%  89.1 2651s
 256900 158777  482.97911  172  151  515.10400  473.05310  8.16%  89.1 2657s
 258068 159102  492.35200  291  154  515.10400  473.07630  8.16%  89.0 2662s
 258530 159900  503.30781  374  127  515.10400  473.09627  8.16%  89.0 2667s
 259601 160918  494.79501  466  140  515.10400  473.11513  8.15%  88.9 2673s
 260942 161913  502.32108  362  109  515.10400  473.12606  8.15%  88.8 2678s
 262089 162105  499.38702  290  117  515.10400  473.15924  8.14%  88.7 2683s
 262451 162267  503.84137   66   99  515.10400  473.18115  8.14%  88.7 2687s
 262753 162447  481.21038  119  133  515.10400  473.20775  8.13%  88.8 2691s
 263011 162683     cutoff  189       515.10400  473.20775  8.13%  88.8 2695s
 263327 163120  510.61116  285  113  515.10400  473.22506  8.13%  88.8 2700s
 264038 163278  502.18267  377  154  515.10400  473.23292  8.13%  88.8 2705s
 264354 163685  498.23885  361  125  515.10400  473.23292  8.13%  88.8 2711s
 264936 163917  493.54123  383  145  515.10400  473.27332  8.12%  88.8 2716s
 265329 164162  475.29015   39  168  515.10400  473.27332  8.12%  88.9 2720s
 265720 164758  484.37489   69  147  515.10400  473.27332  8.12%  89.0 2727s
 266535 165034  491.30223  369  148  515.10400  473.35312  8.11%  89.0 2732s
 266934 165918  501.79882  393  128  515.10400  473.38913  8.10%  89.0 2738s
 268073 166825  475.36034  366  201  515.10400  473.42119  8.09%  89.0 2744s
 269147 167116  478.10556  427  190  515.10400  473.44496  8.09%  88.9 2753s
 269612 168445  479.11185  452  190  515.10400  473.45981  8.08%  89.0 2764s
 271521 168855  483.65071  609  190  515.10400  473.49725  8.08%  89.0 2770s
 272081 169718  484.93240  639  183  515.10400  473.53017  8.07%  89.0 2777s
 273313 170408  488.88320  767  179  515.10400  473.57595  8.06%  89.0 2783s
 274179 171259  494.70068  918  176  515.10400  473.62421  8.05%  89.0 2789s
 275145 171990  501.70957 1106  171  515.10400  473.64484  8.05%  89.0 2795s
 276026 172950  506.37009 1218  163  515.10400  473.66216  8.05%  88.9 2802s
 277273 173552     cutoff  281       515.10400  473.66216  8.05%  88.8 2808s
 278150 173881  476.35666  145  149  515.10400  473.73572  8.03%  88.9 2814s
 278793 174217  503.40561  329  144  515.10400  473.80542  8.02%  89.0 2819s
 279335 174973  506.04055  337  144  515.10400  473.80542  8.02%  89.1 2825s
 280547 175526  497.76661  623  128  515.10400  473.87468  8.00%  89.1 2830s
 281440 176824  501.68999  710  124  515.10400  473.87468  8.00%  88.9 2838s
 283115 177942  511.27258 1052  123  515.10400  473.93520  7.99%  88.7 2843s
 284399 178866  493.36341  313  124  515.10400  473.96918  7.99%  88.6 2854s
 285793 178916  504.09186  707  146  515.10400  474.02522  7.97%  88.6 2858s
 285910 179247  503.89145  478  135  515.10400  474.03916  7.97%  88.7 2863s
 286350 179676  496.95786  394  146  515.10400  474.03916  7.97%  88.6 2868s
 287062 180243     cutoff  466       515.10400  474.06946  7.97%  88.7 2874s
 287956 180679  507.69537  332  138  515.10400  474.12911  7.95%  88.7 2880s
 288535 180927  503.95275  490  136  515.10400  474.15116  7.95%  88.8 2886s
 288850 181740     cutoff  525       515.10400  474.15552  7.95%  88.8 2893s
 289972 182705  497.10930  476  130  515.10400  474.17530  7.95%  88.8 2899s
 291241 183593     cutoff  395       515.10400  474.19358  7.94%  88.7 2905s
 292190 184265  499.20414  495  124  515.10400  474.19358  7.94%  88.6 2910s
 293045 185102  492.08020  386  148  515.10400  474.22219  7.94%  88.6 2917s
 294024 185684  497.34904  405  153  515.10400  474.25186  7.93%  88.6 2922s
 295038 186404  504.49943  457  139  515.10400  474.27524  7.93%  88.6 2927s
 296138 186713  492.53297  289  162  515.10400  474.31514  7.92%  88.6 2932s
 296576 187443  503.45610  316  152  515.10400  474.31514  7.92%  88.6 2937s
 297469 188526  488.74989  460  144  515.10400  474.36114  7.91%  88.6 2943s
 298819 189199  507.61579  360  140  515.10400  474.38378  7.91%  88.5 2950s
 299616 189803  496.45089  334  161  515.10400  474.39529  7.90%  88.4 2959s
 300691 190145  497.30951  428  137  515.10400  474.43481  7.90%  88.5 2964s
 301116 191310  500.66045  450  132  515.10400  474.43481  7.90%  88.5 2971s
 302554 192491  496.39511  496  119  515.10400  474.46352  7.89%  88.4 2977s
 303904 193295  508.33287  697  125  515.10400  474.48090  7.89%  88.3 2983s
 304876 193739     cutoff   80       515.10400  474.51446  7.88%  88.2 2987s
 305446 194062  499.04752  451  127  515.10400  474.51633  7.88%  88.2 2991s
 305921 194725     cutoff  306       515.10400  474.54790  7.87%  88.2 2997s
 306803 195366  501.90124  305  147  515.10400  474.58787  7.87%  88.2 3001s
 307578 195754     cutoff   80       515.10400  474.58787  7.87%  88.1 3006s
 308118 196019  487.31339  531  142  515.10400  474.63218  7.86%  88.2 3011s
 308456 196518  490.86203  587  138  515.10400  474.64955  7.85%  88.2 3016s
 309074 196864  499.16178  708  135  515.10400  474.66224  7.85%  88.2 3021s
 309539 197544     cutoff  826       515.10400  474.67650  7.85%  88.2 3028s
 310341 197767  490.52963  169  132  515.10400  474.67650  7.85%  88.2 3032s
 310681 198242  504.26102  281  129  515.10400  474.69975  7.84%  88.2 3037s
 311340 198648  479.25927   90  146  515.10400  474.70408  7.84%  88.3 3042s
 311867 199093  485.61179  145  144  515.10400  474.72790  7.84%  88.3 3048s
 312523 199229     cutoff   93       515.10400  474.72790  7.84%  88.3 3053s
 312835 199615     cutoff  492       515.10400  474.78583  7.83%  88.4 3059s
 313388 200393  496.14819  362  153  515.10400  474.78583  7.83%  88.4 3065s
 314433 201214  499.03333  474  139  515.10400  474.79617  7.83%  88.3 3075s
 315669 201557  504.77873  514  150  515.10400  474.82057  7.82%  88.3 3080s
 316180 202021  508.81956  453  136  515.10400  474.82964  7.82%  88.3 3085s
 316893 202346  512.49527  481  141  515.10400  474.93480  7.80%  88.4 3091s
 317448 202541  495.15697  559  140  515.10400  474.93873  7.80%  88.5 3097s
 317938 202658     cutoff  515       515.10400  474.96971  7.79%  88.6 3103s
 318163 202813  512.95218   89   93  515.10400  474.99173  7.79%  88.7 3110s
 318741 203181  480.68984   79  155  515.10400  474.99173  7.79%  88.7 3117s
 319527 203912  489.22803  165  141  515.10400  475.02082  7.78%  88.8 3124s
 320395 204832  508.80200  332  126  515.10400  475.02082  7.78%  88.8 3131s
 321461 205313  498.95120  539  124  515.10400  475.05649  7.77%  88.8 3138s
 322182 205837  501.00980  593  125  515.10400  475.05649  7.77%  88.8 3145s
 323128 206340  503.95141  688  122  515.10400  475.09635  7.77%  88.8 3152s
 323743 208043  506.38628  792  132  515.10400  475.15844  7.75%  88.9 3161s
 325726 208483  503.49411  345  151  515.10400  475.17312  7.75%  88.7 3167s
 326424 208927     cutoff  550       515.10400  475.20207  7.75%  88.7 3173s
 327100 210084  512.74737  361  135  515.10400  475.21286  7.74%  88.8 3182s
 328565 210256  501.76617  343  158  515.10400  475.24442  7.74%  88.7 3187s
 328993 210735     cutoff  361       515.10400  475.26684  7.73%  88.7 3196s
 329827 211201  494.92283  476  150  515.10400  475.29131  7.73%  88.8 3203s
 330603 211250  487.83219  480  158  515.10400  475.34300  7.72%  88.9 3210s
 330786 211686  489.82529  492  141  515.10400  475.34300  7.72%  89.0 3217s
 331581 212912     cutoff  654       515.10400  475.36339  7.72%  89.0 3226s
 333196 213455     cutoff  509       515.10400  475.36339  7.72%  88.9 3234s
 333877 214256  502.88900  558  140  515.10400  475.41807  7.70%  89.0 3241s
 335043 214723     cutoff  401       515.10400  475.49181  7.69%  89.0 3247s
 335795 215713  499.43580  567  135  515.10400  475.49181  7.69%  89.0 3253s
 337166 216030  509.56333  419  134  515.10400  475.52038  7.68%  89.0 3259s
 337691 216331  509.15861  520  114  515.10400  475.53490  7.68%  89.0 3264s
 338130 216590     cutoff  541       515.10400  475.57183  7.67%  89.0 3271s
 338513 217870  502.25564  609  113  515.10400  475.57183  7.67%  89.0 3278s
 340388 218263  510.28230  144  130  515.10400  475.61159  7.67%  88.9 3284s
 340996 218790  506.46246  418  115  515.10400  475.64873  7.66%  88.9 3289s
 341748 219175  499.55236  389  142  515.10400  475.65718  7.66%  89.0 3295s
 342358 219370     cutoff  387       515.10400  475.71822  7.65%  89.1 3300s
 342622 220255  494.39814  383  143  515.10400  475.73659  7.64%  89.1 3306s
 343921 221029  507.65386  451  120  515.10400  475.73774  7.64%  89.1 3315s
 345080 221237     cutoff  175       515.10400  475.78836  7.63%  89.1 3321s
 345413 222082  510.72010  188  102  515.10400  475.78836  7.63%  89.1 3328s
 346508 222505  496.13397  534  140  515.10400  475.81951  7.63%  89.1 3333s
 347074 223062  512.23451  491  124  515.10400  475.83066  7.62%  89.1 3339s
 348038 223776  500.89096  592  119  515.10400  475.85846  7.62%  89.2 3345s
 349233 224102  502.10253  620  122  515.10400  475.89686  7.61%  89.2 3350s
 349979 224499  508.71983   70  110  515.10400  475.91128  7.61%  89.2 3355s
 350564 225035  490.39673  299  136  515.10400  475.93236  7.60%  89.2 3361s
 351324 225149  508.93533  496  137  515.10400  475.93930  7.60%  89.3 3367s
 351585 225338     cutoff  128       515.10400  475.96736  7.60%  89.3 3373s
 351951 225839  494.40295  190  137  515.10400  475.96736  7.60%  89.4 3378s
 352803 226134  511.01913  586  131  515.10400  476.03572  7.58%  89.5 3384s
 353263 226284  500.22315  445  127  515.10400  476.05335  7.58%  89.5 3390s
 353552 227033     cutoff  551       515.10400  476.08762  7.57%  89.6 3397s
 354605 227339  499.64483  515  150  515.10400  476.09754  7.57%  89.6 3402s
 355267 227539     cutoff  605       515.10400  476.14623  7.56%  89.7 3408s
 355599 227749  506.64256  558  149  515.10400  476.16486  7.56%  89.7 3414s
 355951 228289     cutoff  393       515.10400  476.17999  7.56%  89.8 3420s
 356913 228645  505.40289  125  116  515.10400  476.20628  7.55%  89.9 3426s
 357692 228778     cutoff  136       515.10400  476.24627  7.54%  90.0 3432s
 357971 229004  505.50874  417  131  515.10400  476.28991  7.54%  90.1 3438s
 358469 229100  502.10881  380  160  515.10400  476.31755  7.53%  90.2 3447s
 358747 230558     cutoff  390       515.10400  476.32574  7.53%  90.2 3464s
 360754 230866  508.84769   95  117  515.10400  476.36339  7.52%  90.3 3474s
 360838 230866  493.39499   36  116  515.10400  476.37278  7.52%  90.3 3475s
 361294 231241  487.89242  152  171  515.10400  476.43771  7.51%  90.4 3483s
 362099 231472     cutoff  396       515.10400  476.43771  7.51%  90.5 3494s
 362527 231702  510.57951  400  154  515.10400  476.49723  7.49%  90.5 3503s
 362985 232537  494.40122   50  100  515.10400  476.51579  7.49%  90.6 3514s
 364644 233038  500.99949  515  141  515.10400  476.56793  7.48%  90.7 3522s
 365324 233926  505.41707  465  144  515.10400  476.58313  7.48%  90.7 3531s
 366661 234825  511.62090  655  137  515.10400  476.62231  7.47%  90.8 3539s
 368183 235262  505.20825  608  149  515.10400  476.67036  7.46%  90.9 3547s
 369081 235575  508.24877  372  155  515.10400  476.68664  7.46%  90.9 3554s
 369678 235869     cutoff   79       515.10400  476.70404  7.45%  90.9 3562s
 370384 236083  506.10563  462  141  515.10400  476.72204  7.45%  91.1 3568s
 370890 236363  503.79734  169  119  515.10400  476.76245  7.44%  91.2 3576s
 371472 236802  500.09199  142  128  515.10400  476.77063  7.44%  91.2 3584s
 372472 237144  513.93396  410  115  515.10400  476.83115  7.43%  91.3 3591s

Cutting planes:
  Cover: 37
  MIR: 34
  Flow cover: 291
  Inf proof: 1
  Zero half: 3
  Mod-K: 4

Explored 372987 nodes (34105787 simplex iterations) in 3591.07 seconds (8485.28 work units)
Thread count was 8 (of 40 available processors)

Solution count 10: 515.104 516.056 523.656 ... 583.088

Time limit reached
Best objective 5.151040000000e+02, best bound 4.768388085900e+02, gap 7.4286%

User-callback calls 1275204, time in user-callback 3.90 sec
