
Gurobi 12.0.3 (linux64) logging started Sun Sep 13 14:21:40 2026

Set parameter LogFile to value "/share/scaglione/nc437/evsp-dr/cumulative_budget_20260913/cases/c6_k15/mip_warm/135707_r0/gurobi.log"
Set parameter OutputFlag to value 1
Set parameter TimeLimit to value 3600
Set parameter MIPGap to value 0.0001
Set parameter Threads to value 8
Set parameter TimeLimit to value 1800
Gurobi Optimizer version 12.0.3 build v12.0.3rc0 (linux64 - "Ubuntu 24.04.4 LTS")

CPU model: Intel(R) Xeon(R) Gold 6230 CPU @ 2.10GHz, instruction set [SSE2|AVX|AVX2|AVX512]
Thread count: 40 physical cores, 40 logical processors, using up to 8 threads

Non-default parameters:
TimeLimit  1800
Threads  8

Optimize a model with 373 rows, 91654 columns and 2213132 nonzeros
Model fingerprint: 0x4ae65a47
Variable types: 0 continuous, 91654 integer (91654 binary)
Coefficient statistics:
  Matrix range     [1e+00, 1e+00]
  Objective range  [1e+00, 1e+00]
  Bounds range     [1e+00, 1e+00]
  RHS range        [1e+00, 1e+00]

Loaded user MIP start with objective 106

Presolve removed 0 rows and 1379 columns (presolve time = 5s)...
Presolve removed 0 rows and 1379 columns
Presolve time: 5.21s
Presolved: 373 rows, 90275 columns, 2194876 nonzeros
Variable types: 0 continuous, 90275 integer (90275 binary)

Root simplex log...

Iteration    Objective       Primal Inf.    Dual Inf.      Time
       0    0.0000000e+00   3.730000e+02   0.000000e+00      6s

Starting sifting (using dual simplex for sub-problems)...

    Iter     Pivots    Primal Obj      Dual Obj        Time
       0          0     infinity      0.0000000e+00      6s
       1        593   2.8400000e+02   5.1636364e+00      6s
       2       2288   1.5694553e+01   7.8107028e+00      6s
       3       4013   1.5000000e+01   1.0024144e+01      6s
       4       5851   1.5000000e+01   1.0877272e+01      7s
       5       7246   1.5000000e+01   1.5000000e+01      7s

Sifting complete

    7246    1.5000000e+01   0.000000e+00   0.000000e+00      7s

Root relaxation: objective 1.500000e+01, 7246 iterations, 1.41 seconds (1.80 work units)
Total elapsed time = 13.51s (DegenMoves)
Total elapsed time = 17.96s (DegenMoves)
Total elapsed time = 20.32s (DegenMoves)

    Nodes    |    Current Node    |     Objective Bounds      |     Work
 Expl Unexpl |  Obj  Depth IntInf | Incumbent    BestBd   Gap | It/Node Time

     0     0   15.00000    0   90  106.00000   15.00000  85.8%     -   23s
H    0     0                      20.0000000   15.00000  25.0%     -   24s
H    0     0                      19.0000000   15.00000  21.1%     -   24s
H    0     0                      18.0000000   15.00000  16.7%     -   24s
H    0     0                      17.0000000   15.00000  11.8%     -   27s
     0     0   15.00000    0  113   17.00000   15.00000  11.8%     -   30s
H    0     0                      16.0000000   15.00000  6.25%     -   36s
     0     0   15.00000    0   70   16.00000   15.00000  6.25%     -   70s
     0     0   15.00000    0  121   16.00000   15.00000  6.25%     -  149s
     0     0   15.00000    0   99   16.00000   15.00000  6.25%     -  154s
     0     0   15.00000    0  105   16.00000   15.00000  6.25%     -  189s
     0     0   15.00000    0   54   16.00000   15.00000  6.25%     -  211s
     0     0   15.00000    0   67   16.00000   15.00000  6.25%     -  228s
     0     0   15.00000    0   52   16.00000   15.00000  6.25%     -  230s
     0     0   15.00000    0   50   16.00000   15.00000  6.25%     -  238s
     0     0   15.00000    0   50   16.00000   15.00000  6.25%     -  249s
     0     2   15.00000    0   50   16.00000   15.00000  6.25%     -  300s
     3     8   15.00000    2  185   16.00000   15.00000  6.25% 20028  306s
     7    16   15.00000    3  189   16.00000   15.00000  6.25%  8859  310s
    15    24   15.00000    4  224   16.00000   15.00000  6.25%  4612  315s
    23    83   15.00000    5  251   16.00000   15.00000  6.25%  3403  336s
    82    91   15.00000   11  120   16.00000   15.00000  6.25%  5146  359s
    90    99   15.00000   12  122   16.00000   15.00000  6.25%  4741  390s
    98   215   15.00000   13  161   16.00000   15.00000  6.25%  4409  443s
*  175   215              24      15.0000000   15.00000  0.00%  3143  443s

Cutting planes:
  MIR: 4

Explored 268 nodes (1175663 simplex iterations) in 443.80 seconds (744.21 work units)
Thread count was 8 (of 40 available processors)

Solution count 7: 15 16 17 ... 106

Optimal solution found (tolerance 1.00e-04)
Best objective 1.500000000000e+01, best bound 1.500000000000e+01, gap 0.0000%

User-callback calls 66503, time in user-callback 0.34 sec
Set parameter TimeLimit to value 3.1533221442699432e+03
Gurobi Optimizer version 12.0.3 build v12.0.3rc0 (linux64 - "Ubuntu 24.04.4 LTS")

CPU model: Intel(R) Xeon(R) Gold 6230 CPU @ 2.10GHz, instruction set [SSE2|AVX|AVX2|AVX512]
Thread count: 40 physical cores, 40 logical processors, using up to 8 threads

Non-default parameters:
TimeLimit  3.1533221442699432e+03
Threads  8

Optimize a model with 374 rows, 91654 columns and 2304786 nonzeros
Model fingerprint: 0x51ea3afd
Variable types: 0 continuous, 91654 integer (91654 binary)
Coefficient statistics:
  Matrix range     [1e+00, 1e+00]
  Objective range  [5e+00, 1e+02]
  Bounds range     [1e+00, 1e+00]
  RHS range        [1e+00, 2e+01]

Loaded user MIP start with objective 1027.32
MIP start from previous solve did not produce a new incumbent solution

Presolve removed 0 rows and 11 columns (presolve time = 5s)...
Presolve removed 0 rows and 11 columns
Presolve time: 5.14s
Presolved: 374 rows, 91643 columns, 2304574 nonzeros
Variable types: 0 continuous, 91643 integer (91643 binary)

Root simplex log...

Iteration    Objective       Primal Inf.    Dual Inf.      Time
       0    0.0000000e+00   3.730000e+02   0.000000e+00      5s

Starting sifting (using dual simplex for sub-problems)...

    Iter     Pivots    Primal Obj      Dual Obj        Time
       0          0     infinity      0.0000000e+00      5s
       1        606   1.7535664e+08   1.9606171e+02      5s
       2       2421   3.3822209e+07   2.5315458e+02      6s
       3       5128   4.3005385e+06   2.9446479e+02      6s
       4       7767   6.4665565e+05   3.1108952e+02      7s
       5      11270   2.2917619e+05   3.1962885e+02      7s
       6      15291   1.2043336e+04   3.2023190e+02      8s
       7      18299   6.5447368e+02   4.0232662e+02      9s
       8      21202   6.2249159e+02   4.8751907e+02     10s
       9      23778   6.1099107e+02   5.4028632e+02     11s
      10      26513   6.0786466e+02   5.7033457e+02     12s
      11      29226   6.0696818e+02   5.7966872e+02     14s
      12      32005   6.0671820e+02   5.8458612e+02     15s
      13      35494   6.0665594e+02   5.8727099e+02     16s
      14      38846   6.0653531e+02   5.8945865e+02     18s
      15      42085   6.0639790e+02   5.9377349e+02     19s
      16      45274   6.0636456e+02   5.9474983e+02     20s
      17      48577   6.0636456e+02   5.9812769e+02     22s
      18      52690   6.0636456e+02   5.9959931e+02     24s
      19      56585   6.0634038e+02   6.0058520e+02     26s
      20      60392   6.0634003e+02   6.0123591e+02     28s
      21      65473   6.0633796e+02   6.0149972e+02     31s
      22      69961   6.0633796e+02   6.0210563e+02     34s
      23      73680   6.0633796e+02   6.0296701e+02     36s

Sifting complete

   78236    6.0633796e+02   0.000000e+00   1.169572e+04     38s
   80850    6.0633796e+02   0.000000e+00   0.000000e+00     40s

Root relaxation: objective 6.063380e+02, 80850 iterations, 34.32 seconds (52.00 work units)
Total elapsed time = 40.93s (DegenMoves)

    Nodes    |    Current Node    |     Objective Bounds      |     Work
 Expl Unexpl |  Obj  Depth IntInf | Incumbent    BestBd   Gap | It/Node Time

     0     0  606.33796    0  234 1027.32000  606.33796  41.0%     -   41s
H    0     0                    1001.4880000  606.33796  39.5%     -   56s
     0     0  606.41653    0  245 1001.48800  606.41653  39.4%     -   68s
     0     0  606.50158    0  249 1001.48800  606.50158  39.4%     -  129s
     0     0  606.63857    0  251 1001.48800  606.63857  39.4%     -  137s
H    0     0                     971.6080000  606.63857  37.6%     -  145s
     0     0  606.64627    0  254  971.60800  606.64627  37.6%     -  147s
     0     0  606.69953    0  256  971.60800  606.69953  37.6%     -  154s
     0     0  606.70708    0  261  971.60800  606.70708  37.6%     -  164s
     0     0  606.71810    0  265  971.60800  606.71810  37.6%     -  165s
     0     0  606.72478    0  268  971.60800  606.72478  37.6%     -  167s
     0     0  606.72478    0  268  971.60800  606.72478  37.6%     -  167s
     0     0  606.75015    0  274  971.60800  606.75015  37.6%     -  171s
     0     0  606.76867    0  272  971.60800  606.76867  37.6%     -  181s
     0     0  606.76950    0  274  971.60800  606.76950  37.5%     -  182s
     0     0  606.78413    0  278  971.60800  606.78413  37.5%     -  184s
     0     0  606.78417    0  278  971.60800  606.78417  37.5%     -  193s
     0     0  606.81321    0  280  971.60800  606.81321  37.5%     -  195s
     0     0  606.86947    0  274  971.60800  606.86947  37.5%     -  199s
     0     0  606.86947    0  274  971.60800  606.86947  37.5%     -  199s
     0     0  606.93764    0  273  971.60800  606.93764  37.5%     -  203s
     0     0  606.94517    0  273  971.60800  606.94517  37.5%     -  204s
     0     0  606.97399    0  273  971.60800  606.97399  37.5%     -  207s
     0     0  606.99496    0  281  971.60800  606.99496  37.5%     -  211s
     0     0  607.00357    0  280  971.60800  607.00357  37.5%     -  212s
     0     0  607.00794    0  278  971.60800  607.00794  37.5%     -  214s
     0     0  607.01742    0  280  971.60800  607.01742  37.5%     -  216s
     0     0  607.02089    0  281  971.60800  607.02089  37.5%     -  245s
     0     0  607.02346    0  284  971.60800  607.02346  37.5%     -  247s
     0     0  607.02390    0  284  971.60800  607.02390  37.5%     -  253s
H    0     0                     935.6560000  607.28904  35.1%     -  306s
H    0     0                     933.5040000  607.28904  34.9%     -  313s
H    0     0                     933.0080000  607.28904  34.9%     -  316s
     0     0  607.28904    0  234  933.00800  607.28904  34.9%     -  346s
H    0     0                     904.2000000  607.28904  32.8%     -  347s
     0     0  607.28904    0  255  904.20000  607.28904  32.8%     -  366s
     0     0  607.28904    0  257  904.20000  607.28904  32.8%     -  421s
     0     0  607.30113    0  260  904.20000  607.30113  32.8%     -  425s
     0     0  607.35769    0  267  904.20000  607.35769  32.8%     -  426s
     0     0  607.36485    0  268  904.20000  607.36485  32.8%     -  427s
     0     0  607.74822    0  270  904.20000  607.74822  32.8%     -  434s
H    0     0                     903.9520000  607.74822  32.8%     -  436s
     0     0  607.75052    0  273  903.95200  607.75052  32.8%     -  436s
     0     0  607.84089    0  274  903.95200  607.84089  32.8%     -  441s
     0     0  607.87695    0  281  903.95200  607.87695  32.8%     -  444s
     0     0  607.89367    0  284  903.95200  607.89367  32.8%     -  445s
     0     0  607.99272    0  288  903.95200  607.99272  32.7%     -  448s
     0     0  608.01217    0  288  903.95200  608.01217  32.7%     -  451s
     0     0  608.01467    0  289  903.95200  608.01467  32.7%     -  452s
     0     0  608.01950    0  287  903.95200  608.01950  32.7%     -  453s
     0     0  608.04290    0  294  903.95200  608.04290  32.7%     -  457s
     0     0  608.05885    0  289  903.95200  608.05885  32.7%     -  469s
     0     0  608.06437    0  290  903.95200  608.06437  32.7%     -  470s
     0     0  608.09687    0  297  903.95200  608.09687  32.7%     -  472s
     0     0  608.10117    0  299  903.95200  608.10117  32.7%     -  473s
     0     0  608.10174    0  299  903.95200  608.10174  32.7%     -  475s
     0     2  608.34985    0  299  903.95200  608.34985  32.7%     -  505s
     1     3  608.34985    1  295  903.95200  608.34985  32.7%   207  511s
     2     5  608.34985    2  294  903.95200  608.34985  32.7%   198  518s
     4     9  608.34985    3  293  903.95200  608.34985  32.7%   490  526s
     8    16  608.34985    4  295  903.95200  608.34985  32.7%   798  535s
    15    24  608.42752    5  287  903.95200  608.34985  32.7%  1049  546s
    23    55  608.48196    6  286  903.95200  608.34985  32.7%  1001  552s
H   35    55                     897.4640000  608.34985  32.2%   786  552s
    54    63  608.72894    9  285  897.46400  608.34985  32.2%   613  558s
    62    71  608.74242   10  288  897.46400  608.34985  32.2%   557  563s
    70    79  608.74601   11  288  897.46400  608.34985  32.2%   515  568s
    78    87  608.77067   12  289  897.46400  608.34985  32.2%   483  572s
    86    93  608.77431   13  286  897.46400  608.34985  32.2%   459  577s
    94   101  608.77774   14  286  897.46400  608.34985  32.2%   465  581s
   102   109  608.77940   15  288  897.46400  608.34985  32.2%   455  586s
   110   117  608.94138   16  293  897.46400  608.34985  32.2%   454  591s
   118   125  609.00516   17  290  897.46400  608.34985  32.2%   440  596s
   126   133  609.00754   18  292  897.46400  608.34985  32.2%   421  600s
   134   141  609.02325   19  288  897.46400  608.34985  32.2%   422  607s
   142   149  609.08680   20  288  897.46400  608.34985  32.2%   425  611s
   150   155  609.09786   21  289  897.46400  608.34985  32.2%   413  616s
   158   163  609.10496   22  291  897.46400  608.34985  32.2%   411  622s
   166   171  609.11885   23  295  897.46400  608.34985  32.2%   401  626s
   174   179  609.12987   24  294  897.46400  608.34985  32.2%   390  632s
H  178   179                     897.2160000  608.34985  32.2%   384  632s
   182   215  609.17967   25  287  897.21600  608.34985  32.2%   390  637s
   218   242  609.33203   30  289  897.21600  608.34985  32.2%   354  641s
H  222   242                     887.7520000  608.34985  31.5%   348  641s
   245   283  609.33845   34  289  887.75200  608.34985  31.5%   334  645s
   288   295  609.63709   36  301  887.75200  608.34985  31.5%   311  650s
H  292   295                     878.2480000  608.34985  30.7%   308  650s
   341   368  609.87282   43  296  878.24800  608.34985  30.7%   302  657s
H  348   368                     876.7600000  608.34985  30.6%   300  657s
H  369   368                     876.0560000  608.34985  30.6%   295  657s
   375   426  609.91112   47  293  876.05600  608.34985  30.6%   293  661s
   433   458  610.24174   53  296  876.05600  608.34985  30.6%   272  668s
   465   516  610.48877   57  292  876.05600  608.34985  30.6%   270  673s
   525   527  610.50929   60  290  876.05600  608.34985  30.6%   255  679s
   536   557  610.51357   61  291  876.05600  608.34985  30.6%   253  685s
   566   577  610.51889   62  295  876.05600  608.34985  30.6%   245  692s
   588   604  610.52189   63  294  876.05600  608.34985  30.6%   242  697s
   619   643  610.53056   66  296  876.05600  608.34985  30.6%   237  704s
   660   706  610.78039   69  288  876.05600  608.34985  30.6%   233  710s
   725   771  610.82653   78  288  876.05600  608.34985  30.6%   224  715s
   888   933  610.95026   95  294  876.05600  608.34985  30.6%   204  723s
   980  1032  611.08398  104  293  876.05600  608.34985  30.6%   197  727s
  1095  1123  611.17685  111  296  876.05600  608.34985  30.6%   188  733s
  1198  1237  611.26171  121  297  876.05600  608.34985  30.6%   181  738s
  1314  1341  611.31477  128  298  876.05600  608.34985  30.6%   174  747s
  1432  1423  611.41922  139  300  876.05600  608.34985  30.6%   168  753s
  1514  1524  611.61728  146  298  876.05600  608.34985  30.6%   168  758s
  1615  1647  611.73388  153  290  876.05600  608.34985  30.6%   166  762s
  1740  1747  611.84719  161  301  876.05600  608.34985  30.6%   161  768s
  1840  1795  611.94956  171  301  876.05600  608.34985  30.6%   158  778s
  1906  1829  612.04165  184  298  876.05600  608.34985  30.6%   158  784s
  1945  1830  723.97741  215  284  876.05600  608.34985  30.6%   159  819s
  1947  1831  632.81887  125  235  876.05600  608.34985  30.6%   159  867s
  1948  1832  700.70094  154  250  876.05600  608.34985  30.6%   159  924s
  1949  1833  756.34332  125  257  876.05600  608.34985  30.6%   159  950s
  1950  1833  647.08698  142  266  876.05600  608.34985  30.6%   159  956s
  1951  1834  705.63580  187  278  876.05600  608.34985  30.6%   159  961s
  1952  1835  609.68682   40  280  876.05600  608.34985  30.6%   159  965s
  1954  1836  659.39549  247  284  876.05600  608.34985  30.6%   159  970s
  1956  1837  638.40397  246  289  876.05600  608.34985  30.6%   158  979s
  1957  1838  668.93776   50  284  876.05600  608.34985  30.6%   158  985s
  1959  1839  669.56934  133  297  876.05600  608.49724  30.5%   158  991s
  1960  1840  632.42611  117  299  876.05600  608.50637  30.5%   158  997s
  1961  1841  636.62115  202  300  876.05600  608.68222  30.5%   158 1015s
  1962  1841  687.14901   12  299  876.05600  608.71551  30.5%   158 1021s
  1965  1843  612.17258   74  306  876.05600  608.72191  30.5%   158 1029s
  1966  1844  610.85282   84  306  876.05600  608.74763  30.5%   158 1033s
  1968  1845  654.12290  198  311  876.05600  608.77727  30.5%   157 1035s
  1970  1847  655.48486   14  309  876.05600  608.78544  30.5%   157 1041s
  1972  1848  637.02338  216  306  876.05600  608.85366  30.5%   157 1045s
  1975  1850  632.72247  122  303  876.05600  608.87782  30.5%   157 1051s
  1977  1851  683.96219  104  313  876.05600  608.90475  30.5%   157 1058s
  1978  1852  755.87285  120  317  876.05600  608.92049  30.5%   157 1060s
  1979  1853  756.41127  117  314  876.05600  608.92103  30.5%   157 1065s
  1980  1853  636.04795  182  316  876.05600  608.92492  30.5%   156 1073s
  1982  1855  690.66339  122  317  876.05600  608.93146  30.5%   156 1080s
  1983  1855  758.92210  133  317  876.05600  609.18284  30.5%   156 1202s
  1984  1858  609.18284   10  324  876.05600  609.18284  30.5%   200 1214s
  1985  1860  609.18284   11  320  876.05600  609.18284  30.5%   200 1225s
  1987  1864  609.18284   12  321  876.05600  609.18284  30.5%   200 1238s
  1992  1870  609.18284   13  333  876.05600  609.18284  30.5%   203 1256s
  2000  1885  609.18284   14  329  876.05600  609.18284  30.5%   209 1269s
  2021  1886  614.75701   15  293  876.05600  609.18284  30.5%   221 1279s
  2029  1891  609.54197   16  309  876.05600  609.18284  30.5%   224 1292s
  2037  1896  609.66732   17  297  876.05600  609.18284  30.5%   229 1304s
  2045  1903  609.68517   18  303  876.05600  609.18284  30.5%   231 1317s
  2056  1907  609.76881   19  308  876.05600  609.18284  30.5%   239 1329s
  2064  1912  609.87480   20  308  876.05600  609.18284  30.5%   242 1342s
  2072  1918  609.88309   21  312  876.05600  609.18284  30.5%   246 1355s
  2080  1922  609.90828   22  313  876.05600  609.18284  30.5%   249 1369s
  2087  1928  609.94580   23  309  876.05600  609.18284  30.5%   252 1380s
  2099  1931  610.15407   24  313  876.05600  609.18284  30.5%   258 1393s
  2108  1937  614.07652   24  268  876.05600  609.18284  30.5%   264 1403s
  2117  1941  610.25228   25  320  876.05600  609.18284  30.5%   266 1417s
  2128  1944  610.37716   26  314  876.05600  609.18284  30.5%   273 1433s
  2139  1946  610.42583   27  313  876.05600  609.18284  30.5%   277 1445s
  2149  1951  625.83367   27  293  876.05600  609.18284  30.5%   283 1461s
  2157  1961  610.43505   28  311  876.05600  609.18284  30.5%   286 1477s
  2170  1967  610.45354   29  311  876.05600  609.18284  30.5%   291 1489s
  2182  1972  610.71413   30  315  876.05600  609.18284  30.5%   297 1502s
  2193  1980  610.72110   31  311  876.05600  609.18284  30.5%   302 1516s
  2209  1987  610.89368   32  317  876.05600  609.18284  30.5%   310 1531s
  2223  1996  610.89368   33  318  876.05600  609.18284  30.5%   313 1546s
  2239  2004  610.90662   34  315  876.05600  609.18284  30.5%   318 1562s
  2254  2008  610.94878   35  314  876.05600  609.18284  30.5%   323 1577s
  2267  2030  610.98761   36  311  876.05600  609.18284  30.5%   331 1592s
  2293  2028  610.98876   37  309  876.05600  609.18284  30.5%   339 1611s
  2302  2033  619.97268   37  316  876.05600  609.18284  30.5%   342 1681s
  2312  2039  610.99020   38  310  876.05600  609.18284  30.5%   348 1699s
  2321  2046  624.52989   38  296  876.05600  609.18284  30.5%   351 1719s
  2333  2052  611.42520   39  317  876.05600  609.18284  30.5%   358 1736s
  2345  2068  622.87748   39  270  876.05600  609.18284  30.5%   365 1755s
  2369  2084  611.45570   40  315  876.05600  609.18284  30.5%   371 1777s
  2399  2102  619.14895   40  279  876.05600  609.18284  30.5%   379 1798s
  2435  2129  611.48690   41  316  876.05600  609.18284  30.5%   388 1834s
  2474  2148  611.53544   42  305  876.05600  609.18284  30.5%   398 1854s
  2518  2159  611.55334   43  306  876.05600  609.18284  30.5%   411 1877s
  2560  2185  611.55890   44  307  876.05600  609.18284  30.5%   419 1900s
  2608  2203  615.84274   45  277  876.05600  609.18284  30.5%   432 1936s
  2658  2225  611.65564   47  314  876.05600  609.18284  30.5%   441 1956s
  2711  2217  615.44878   48  290  876.05600  609.18284  30.5%   452 1977s
  2726  2220  611.71489   49  315  876.05600  609.18284  30.5%   453 1997s
  2748  2237  642.64101   49  278  876.05600  609.18284  30.5%   461 2024s
  2799  2262  611.73686   50  317  876.05600  609.18284  30.5%   467 2045s
  2857  2267  624.81734   50  298  876.05600  609.18284  30.5%   474 2068s
  2901  2285  611.74052   51  319  876.05600  609.18284  30.5%   480 2097s
  2964  2301  621.15930   51  291  876.05600  609.18284  30.5%   490 2127s
  3041  2317  611.74298   53  319  876.05600  609.18284  30.5%   497 2155s
  3128  2346  611.75896   55  316  876.05600  609.18284  30.5%   509 2186s
  3224  2366  611.79018   57  315  876.05600  609.18284  30.5%   519 2219s
  3324  2396  611.80305   59  315  876.05600  609.18284  30.5%   527 2248s
  3436  2429  611.83951   61  309  876.05600  609.18284  30.5%   535 2278s
  3548  2456  629.38512   62  304  876.05600  609.18284  30.5%   542 2312s
  3672  2472  611.85361   64  309  876.05600  609.18284  30.5%   546 2348s
  3800  2490  611.87442   66  310  876.05600  609.41307  30.4%   551 2384s
  3866  2530  611.89149   68  312  876.05600  609.41307  30.4%   562 2418s
  3956  2579  611.94033   70  306  876.05600  609.41307  30.4%   572 2459s
  4043  2626  612.08724   72  316  876.05600  609.41307  30.4%   580 2498s
  4129  2684  612.12502   74  308  876.05600  609.41307  30.4%   588 2535s
  4234  2731  612.12502   76  308  876.05600  609.41307  30.4%   593 2577s
  4344  2784  612.16448   79  305  876.05600  609.41307  30.4%   601 2622s
  4456  2811  612.17594   82  308  876.05600  609.41307  30.4%   610 2666s
  4542  2791  612.29743   85  315  876.05600  609.41307  30.4%   617 2720s
  4555  2833  612.32429   86  315  876.05600  609.41307  30.4%   618 2769s
  4617  2907  612.46907   89  330  876.05600  609.41307  30.4%   623 2816s
  4746  2955  612.71938   92  311  876.05600  609.41307  30.4%   629 2864s
  4869  3030  612.82950   95  308  876.05600  609.41307  30.4%   638 2917s
  5009  3080  612.88595   98  306  876.05600  609.41307  30.4%   644 2970s
  5147  3153  619.53770  101  302  876.05600  609.41307  30.4%   652 3026s
  5316  3201  612.96531  105  305  876.05600  609.41307  30.4%   657 3082s
  5477  3271  612.98952  109  305  876.05600  609.41307  30.4%   663 3143s
  5662  3231  613.06537  113  313  876.05600  609.41307  30.4%   667 3153s

Cutting planes:
  MIR: 31
  Flow cover: 71
  Zero half: 2
  Mod-K: 1

Explored 5690 nodes (3961711 simplex iterations) in 3153.36 seconds (7619.20 work units)
Thread count was 8 (of 40 available processors)

Solution count 10: 876.056 876.76 878.248 ... 933.504

Time limit reached
Best objective 8.760560000003e+02, best bound 6.094130724965e+02, gap 30.4367%

User-callback calls 559397, time in user-callback 3.38 sec
