
Gurobi 12.0.3 (linux64) logging started Sun Sep 13 14:20:38 2026

Set parameter LogFile to value "/share/scaglione/nc437/evsp-dr/cumulative_budget_20260913/cases/c6_k10/mip_warm/135702_r0/gurobi.log"
Set parameter OutputFlag to value 1
Set parameter TimeLimit to value 3600
Set parameter MIPGap to value 0.0001
Set parameter Threads to value 8
Set parameter TimeLimit to value 1800
Gurobi Optimizer version 12.0.3 build v12.0.3rc0 (linux64 - "Ubuntu 24.04.4 LTS")

CPU model: Intel(R) Xeon(R) Gold 6230 CPU @ 2.10GHz, instruction set [SSE2|AVX|AVX2|AVX512]
Thread count: 40 physical cores, 40 logical processors, using up to 8 threads

Non-default parameters:
TimeLimit  1800
Threads  8

Optimize a model with 192 rows, 33879 columns and 609688 nonzeros
Model fingerprint: 0x52049fcd
Variable types: 0 continuous, 33879 integer (33879 binary)
Coefficient statistics:
  Matrix range     [1e+00, 1e+00]
  Objective range  [1e+00, 1e+00]
  Bounds range     [1e+00, 1e+00]
  RHS range        [1e+00, 1e+00]

Loaded user MIP start with objective 47

Presolve removed 0 rows and 4519 columns
Presolve time: 1.06s
Presolved: 192 rows, 29360 columns, 537694 nonzeros
Found heuristic solution: objective 34.0000000
Variable types: 0 continuous, 29360 integer (29360 binary)
Found heuristic solution: objective 30.0000000

Starting sifting (using dual simplex for sub-problems)...

    Iter     Pivots    Primal Obj      Dual Obj        Time
       0          0     infinity      0.0000000e+00      1s
       1        148   5.9000000e+01   2.6818182e+00      1s
       2        538   1.0000000e+01   4.4482759e+00      1s
       3        888   1.0000000e+01   5.6486486e+00      1s

Sifting complete


Root relaxation: objective 1.000000e+01, 1221 iterations, 0.11 seconds (0.08 work units)

    Nodes    |    Current Node    |     Objective Bounds      |     Work
 Expl Unexpl |  Obj  Depth IntInf | Incumbent    BestBd   Gap | It/Node Time

*    0     0               0      10.0000000   10.00000  0.00%     -    1s

Explored 1 nodes (1221 simplex iterations) in 1.32 seconds (0.92 work units)
Thread count was 8 (of 40 available processors)

Solution count 4: 10 30 34 47 

Optimal solution found (tolerance 1.00e-04)
Best objective 1.000000000000e+01, best bound 1.000000000000e+01, gap 0.0000%

User-callback calls 321, time in user-callback 0.00 sec
Set parameter TimeLimit to value 3.5979838440418243e+03
Gurobi Optimizer version 12.0.3 build v12.0.3rc0 (linux64 - "Ubuntu 24.04.4 LTS")

CPU model: Intel(R) Xeon(R) Gold 6230 CPU @ 2.10GHz, instruction set [SSE2|AVX|AVX2|AVX512]
Thread count: 40 physical cores, 40 logical processors, using up to 8 threads

Non-default parameters:
TimeLimit  3.5979838440418243e+03
Threads  8

Optimize a model with 193 rows, 33879 columns and 643567 nonzeros
Model fingerprint: 0x6c9ddbfa
Variable types: 0 continuous, 33879 integer (33879 binary)
Coefficient statistics:
  Matrix range     [1e+00, 1e+00]
  Objective range  [1e-11, 1e+02]
  Bounds range     [1e+00, 1e+00]
  RHS range        [1e+00, 1e+01]

Loaded user MIP start with objective 580.84
MIP start from previous solve did not produce a new incumbent solution

Presolve removed 0 rows and 191 columns
Presolve time: 1.22s
Presolved: 193 rows, 33688 columns, 639602 nonzeros
Variable types: 0 continuous, 33688 integer (33688 binary)

Starting sifting (using dual simplex for sub-problems)...

    Iter     Pivots    Primal Obj      Dual Obj        Time
       0          0     infinity     -5.8207661e-11      1s
       1        312   6.3050180e+07   1.4027312e+02      1s
       2       1249   3.9377448e+06   1.7657774e+02      1s
       3       2730   3.8220496e+05   1.8702211e+02      2s
       4       3750   4.6688281e+02   2.4504346e+02      2s
       5       4834   4.3104439e+02   2.7214096e+02      2s
       6       5844   4.0497057e+02   3.0095726e+02      2s
       7       7095   3.8763334e+02   3.3444567e+02      2s
       8       8216   3.8058901e+02   3.4552653e+02      2s
       9       9349   3.7848908e+02   3.5450459e+02      2s
      10      10831   3.7804220e+02   3.6090587e+02      2s
      11      12097   3.7802588e+02   3.6584333e+02      3s
      12      13540   3.7802588e+02   3.7056912e+02      3s
      13      14886   3.7787263e+02   3.7183762e+02      3s
      14      15917   3.7787156e+02   3.7401969e+02      3s
      15      16902   3.7787156e+02   3.7471210e+02      3s
      16      17973   3.7787156e+02   3.7563399e+02      4s

Sifting complete


Root relaxation: objective 3.778716e+02, 19642 iterations, 2.52 seconds (3.47 work units)

    Nodes    |    Current Node    |     Objective Bounds      |     Work
 Expl Unexpl |  Obj  Depth IntInf | Incumbent    BestBd   Gap | It/Node Time

     0     0  377.87156    0   99  580.84000  377.87156  34.9%     -    4s
H    0     0                     553.2320000  377.87156  31.7%     -    7s
     0     0  377.95172    0  106  553.23200  377.95172  31.7%     -    9s
H    0     0                     547.2800000  377.95172  30.9%     -   13s
H    0     0                     522.1120000  377.95172  27.6%     -   15s
H    0     0                     489.0560000  377.95172  22.7%     -   16s
     0     0  378.40400    0  107  489.05600  378.40400  22.6%     -   20s
     0     0  378.88668    0  118  489.05600  378.88668  22.5%     -   22s
     0     0  378.97195    0  128  489.05600  378.97195  22.5%     -   23s
     0     0  379.13168    0  115  489.05600  379.13168  22.5%     -   24s
     0     0  379.17776    0  126  489.05600  379.17776  22.5%     -   24s
     0     0  379.18438    0  124  489.05600  379.18438  22.5%     -   24s
     0     0  379.18527    0  125  489.05600  379.18527  22.5%     -   24s
     0     0  379.18640    0  126  489.05600  379.18640  22.5%     -   25s
     0     0  379.41718    0  141  489.05600  379.41718  22.4%     -   26s
     0     0  379.53940    0  138  489.05600  379.53940  22.4%     -   27s
     0     0  379.55043    0  141  489.05600  379.55043  22.4%     -   27s
     0     0  379.61312    0  136  489.05600  379.61312  22.4%     -   27s
     0     0  379.62240    0  139  489.05600  379.62240  22.4%     -   27s
     0     0  379.62337    0  140  489.05600  379.62337  22.4%     -   28s
     0     0  379.62439    0  141  489.05600  379.62439  22.4%     -   28s
     0     0  379.71166    0  135  489.05600  379.71166  22.4%     -   28s
     0     0  379.72856    0  135  489.05600  379.72856  22.4%     -   29s
     0     0  379.74616    0  137  489.05600  379.74616  22.4%     -   29s
     0     0  379.74842    0  138  489.05600  379.74842  22.4%     -   29s
     0     0  379.75084    0  141  489.05600  379.75084  22.4%     -   30s
     0     0  380.19621    0  143  489.05600  380.19621  22.3%     -   30s
     0     0  380.24530    0  144  489.05600  380.24530  22.2%     -   31s
     0     0  380.27076    0  144  489.05600  380.27076  22.2%     -   31s
     0     0  380.27597    0  147  489.05600  380.27597  22.2%     -   31s
     0     0  380.27988    0  146  489.05600  380.27988  22.2%     -   32s
     0     0  380.28185    0  148  489.05600  380.28185  22.2%     -   32s
     0     0  380.30811    0  155  489.05600  380.30811  22.2%     -   32s
H    0     0                     477.1520000  380.30811  20.3%     -   33s
     0     0  380.34316    0  160  477.15200  380.34316  20.3%     -   33s
     0     0  380.35448    0  163  477.15200  380.35448  20.3%     -   33s
     0     0  380.35635    0  163  477.15200  380.35635  20.3%     -   34s
     0     2  380.35849    0  163  477.15200  380.35849  20.3%     -   37s
     3     8  380.61556    2  159  477.15200  380.47728  20.3%   614   41s
    23    49  380.96309    5  153  477.15200  380.66079  20.2%   538   45s
H   84    86                     476.1600000  380.66079  20.1%   276   49s
    89   113  381.30223   12  152  476.16000  380.66079  20.1%   267   50s
H  121   128                     471.9440000  380.66079  19.3%   226   51s
H  123   128                     470.4560000  380.66079  19.1%   225   51s
   211   212  382.41763   24  150  470.45600  380.66079  19.1%   179   55s
   219   221  382.47552   25  151  470.45600  380.66079  19.1%   179   67s
   281   284  382.65767   29  155  470.45600  380.66079  19.1%   168  252s
   301   290  382.75965   30  157  470.45600  380.66079  19.1%   162  255s
   330   320  383.09465   33  159  470.45600  380.91055  19.0%   165  260s
   373   360  383.51541   38  154  470.45600  380.91055  19.0%   159  265s
H  397   389                     470.2080000  380.91055  19.0%   154  267s
   516   532  384.07255   58  159  470.20800  380.91055  19.0%   141  273s
   569   583  384.28000   63  155  470.20800  380.96327  19.0%   141  275s
   730   747  384.60939   82  157  470.20800  380.96327  19.0%   132  280s
  1061  1135  385.38615  112  161  470.20800  380.96327  19.0%   118  286s
H 1193  1227                     467.7280000  380.96327  18.6%   113  287s
  1400  1489  385.78605  138  164  467.72800  380.96327  18.6%   105  290s
H 1558  1513                     466.7360000  380.96327  18.4%   101  296s
  1763  1722  386.24633  167  164  466.73600  380.96327  18.4%  95.0  301s
H 1764  1722                     466.4880000  380.96327  18.3%  95.0  301s
  2252  2365  386.64669  196  170  466.48800  380.96327  18.3%  84.2  308s
  2461  2583  386.78604  215  165  466.48800  380.96327  18.3%  82.3  312s
  2693  2722  386.90186  237  171  466.48800  380.96327  18.3%  80.4  315s
  3042  3128  387.38580  273  161  466.48800  380.96327  18.3%  79.4  321s
  3475  3427  387.97144  303  160  466.48800  380.96327  18.3%  75.5  327s
  3644  3496  423.74029  391  163  466.48800  380.96327  18.3%  78.7  383s
  3646  3497  403.30487   58  100  466.48800  380.96327  18.3%  78.6  391s
H 3646  3322                     464.2560000  380.96327  17.9%  78.6  395s
  3647  3323  393.41452  141  110  464.25600  380.96327  17.9%  78.6  401s
  3648  3324  398.17803  279  120  464.25600  380.96327  17.9%  78.6  405s
  3658  3330  411.58691  131  154  464.25600  380.96327  17.9%  78.4  410s
  3659  3331  444.82530  328  157  464.25600  380.96327  17.9%  78.3  417s
  3660  3332  427.64469  429  158  464.25600  380.96327  17.9%  78.3  420s
  3664  3334  433.00204  544  169  464.25600  380.96327  17.9%  78.2  428s
  3665  3335  421.94191  385  169  464.25600  380.96327  17.9%  78.2  430s
  3666  3336  424.02278  413  169  464.25600  381.66411  17.8%  78.2  445s
  3669  3343  381.66411   11  160  464.25600  381.66411  17.8%  85.1  450s
  3689  3364  381.66411   14  165  464.25600  381.66411  17.8%  87.6  456s
  3731  3360  381.66411   16  161  464.25600  381.66411  17.8%  90.2  460s
  3775  3364  384.69913   17  140  464.25600  381.66411  17.8%  92.7  466s
  3800  3363  386.43501   18  136  464.25600  381.66411  17.8%  95.1  470s
  3829  3369  381.85353   20  153  464.25600  381.66411  17.8%  97.5  476s
  3858  3380  382.00853   21  155  464.25600  381.66411  17.8%  98.9  480s
  3908  3393  397.22541   22  134  464.25600  381.66411  17.8%   101  487s
  3947  3396  394.75484   23  137  464.25600  381.66411  17.8%   103  491s
  3974  3401  388.78091   24  140  464.25600  382.15283  17.7%   105  496s
  4005  3416  396.56890   25  135  464.25600  382.23323  17.7%   107  500s
  4045  3442  391.52669   26  139  464.25600  382.30177  17.7%   108  505s
  4095  3449  389.62257   27  120  464.25600  382.39601  17.6%   110  510s
  4158  3478  382.48451   29  159  464.25600  382.45515  17.6%   113  517s
  4221  3505  382.50057   30  162  464.25600  382.49326  17.6%   114  522s
  4256  3505  410.53176   30  105  464.25600  382.50057  17.6%   115  526s
  4270  3525  382.60073   31  162  464.25600  382.50135  17.6%   115  535s
  4357  3530  382.80565   32  162  464.25600  382.60930  17.6%   116  541s
  4440  3543  382.83506   33  162  464.25600  382.83506  17.5%   118  548s
  4486  3551  383.01338   35  163  464.25600  383.01338  17.5%   119  551s
  4532  3562  383.17045   36  161  464.25600  383.17045  17.5%   120  557s
  4584  3568  383.19788   37  165  464.25600  383.19788  17.5%   120  561s
  4685  3584  383.36837   39  160  464.25600  383.36837  17.4%   122  567s
  4724  3615  383.40443   40  161  464.25600  383.40443  17.4%   124  572s
  4773  3647  383.40509   42  158  464.25600  383.40509  17.4%   125  576s
  4825  3681  393.25764   43  134  464.25600  383.62424  17.4%   126  580s
  4972  3774  383.75189   47  161  464.25600  383.75189  17.3%   128  699s
  5053  3829  383.84519   49  160  464.25600  383.84519  17.3%   129  704s
  5144  3884  383.88530   51  161  464.25600  383.88530  17.3%   130  709s
  5249  3961  383.95410   53  159  464.25600  383.95410  17.3%   130  713s
  5389  4026  384.16424   55  159  464.25600  384.16424  17.3%   131  718s
  5524  4073  384.27293   57  155  464.25600  384.27293  17.2%   132  723s
  5676  4125  384.40386   59  157  464.25600  384.40386  17.2%   133  728s
  5852  4113  384.50513   61  162  464.25600  384.50513  17.2%   134  733s
  5945  4095  384.52109   62  161  464.25600  384.50947  17.2%   134  739s
  5962  4154  405.07664   62  139  464.25600  384.53455  17.2%   135  745s
  6063  4252  395.68769   63  128  464.25600  384.55089  17.2%   135  751s
  6231  4414  384.70714   66  157  464.25600  384.70714  17.1%   136  756s
  6479  4530  401.10652   68  133  464.25600  384.85373  17.1%   135  762s
  6726  4750  384.93050   71  154  464.25600  384.93050  17.1%   135  769s
  7081  4840  385.01232   74  159  464.25600  385.01232  17.1%   133  775s
  7454  4864  385.15503   77  162  464.25600  385.08703  17.1%   132  782s
  7756  4839  385.38383   80  157  464.25600  385.25069  17.0%   132  789s
  7912  4961  385.55402   83  156  464.25600  385.55402  17.0%   134  796s
  8155  5077  385.74618   86  158  464.25600  385.74618  16.9%   135  803s
  8439  5266  385.80960   89  159  464.25600  385.80960  16.9%   135  810s
  8773  5451  386.20235   93  156  464.25600  386.20235  16.8%   134  818s
  9157  5752  386.35762   96  155  464.25600  386.35762  16.8%   134  825s
  9683  5875  386.54118   99  162  464.25600  386.54118  16.7%   131  834s
 10012  6188  391.55726  100  144  464.25600  386.84453  16.7%   129  842s
 10526  6309  387.03265  104  160  464.25600  386.90562  16.7%   127  851s
 10935  6481  387.29762  108  166  464.25600  387.16966  16.6%   127  860s
 11282  6986  387.39699  112  163  464.25600  387.16966  16.6%   127  869s
 11973  7179  387.77067  116  158  464.25600  387.35469  16.6%   125  879s
 12537  7350  388.19443  120  155  464.25600  387.48875  16.5%   124  889s
 13151  7534  388.29819  125  163  464.25600  387.70164  16.5%   124  899s
 13656  7744  388.85242  130  158  464.25600  387.87347  16.5%   124  910s
 14078  7938  388.99620  135  166  464.25600  387.87347  16.5%   125  920s
 14346  8524  389.19706  139  169  464.25600  387.90050  16.4%   125  931s
 15081  8915  389.33732  145  159  464.25600  387.90050  16.4%   124  949s
 15646  9100  389.47703  152  164  464.25600  388.29396  16.4%   124  961s
 16093  9633  403.72235  157  132  464.25600  388.33373  16.4%   125  975s
 17012  9732  389.94074  164  167  464.25600  388.51430  16.3%   125  989s
 17154 10151  390.04441  167  166  464.25600  388.51430  16.3%   125 1003s
 17828 10491  390.19365  173  167  464.25600  388.71369  16.3%   125 1016s
 18434 11623  390.34455  179  166  464.25600  388.71369  16.3%   124 1029s
 19773 12114  390.52425  185  164  464.25600  389.18334  16.2%   120 1041s
 20425 12508  390.85354  191  170  464.25600  389.26219  16.2%   120 1052s
 21223 13128  390.93695  198  162  464.25600  389.45144  16.1%   119 1064s
 22166 14085  391.18597  204  171  464.25600  389.71113  16.1%   118 1077s
 23237 15044  391.50527  211  166  464.25600  389.72131  16.1%   116 1090s
 24363 15691  392.02403  219  162  464.25600  389.96397  16.0%   115 1102s
 25210 16345  392.80646  227  164  464.25600  390.08294  16.0%   114 1114s
 26071 17230  393.23678  235  164  464.25600  390.08294  16.0%   114 1127s
 27292 17935  393.42685  244  166  464.25600  390.52056  15.9%   113 1139s
 28214 18621  394.04293  252  163  464.25600  390.57814  15.9%   112 1151s
 29083 19235  394.49084  260  163  464.25600  390.76706  15.8%   112 1163s
 29890 19236  406.77167  242  163  464.25600  390.83088  15.8%   112 1229s
 29892 19237  412.49263  145  100  464.25600  390.83088  15.8%   112 1232s
 29893 19238  425.16019  114  112  464.25600  390.83088  15.8%   112 1235s
 29901 19243  419.30499   79  168  464.25600  390.83088  15.8%   112 1240s
 29910 19249  400.25690  152  184  464.25600  390.83088  15.8%   112 1245s
 29916 19258  390.83088   24  176  464.25600  390.83088  15.8%   112 1251s
 29961 19280  390.83088   28  172  464.25600  390.83088  15.8%   113 1255s
 30016 19291  406.28324   30  140  464.25600  390.83088  15.8%   113 1260s
 30089 19311  390.83088   33  176  464.25600  390.83088  15.8%   114 1265s
 30208 19328  390.83088   36  171  464.25600  390.83088  15.8%   115 1270s
 30328 19401  390.83088   39  168  464.25600  390.83088  15.8%   115 1275s
 30533 19461  390.83088   41  141  464.25600  390.83088  15.8%   116 1280s
 30673 19513  392.37990   43  137  464.25600  390.83088  15.8%   117 1285s
 30840 19596  390.83088   46  166  464.25600  390.83088  15.8%   117 1291s
 30997 19683  390.83088   50  155  464.25600  390.83088  15.8%   118 1295s
 31370 19839  390.83088   55  167  464.25600  390.83088  15.8%   118 1301s
 31561 19876  411.14584   58  130  464.25600  390.83088  15.8%   119 1305s
 31786 19927  390.83088   63  119  464.25600  390.83088  15.8%   119 1310s
 32067 20010  410.11876   69  119  464.25600  390.83088  15.8%   120 1316s
 32392 20042  390.83088   75  158  464.25600  390.83088  15.8%   121 1321s
 32665 20037  391.39004   78  145  464.25600  390.83088  15.8%   120 1326s
 32896 20093  390.83088   80  158  464.25600  390.83088  15.8%   120 1332s
 33072 20233  390.83088   86  160  464.25600  390.83088  15.8%   121 1337s
 33209 20338  390.83088   89  159  464.25600  390.83088  15.8%   121 1341s
 33700 20436  390.83088   96  162  464.25600  390.83088  15.8%   121 1347s
 33917 20484  393.91559   98  139  464.25600  390.83088  15.8%   121 1350s
 34406 20479  390.83088  105  163  464.25600  390.83088  15.8%   121 1357s
 34550 20456  404.13939  107  141  464.25600  390.83088  15.8%   121 1363s
 34579 20555  393.88807  110  120  464.25600  390.83088  15.8%   121 1367s
 34764 20767  400.87995  113  142  464.25600  390.83088  15.8%   121 1371s
 35262 20972  390.83088  119  168  464.25600  390.83088  15.8%   121 1375s
 36378 21254  390.83088  129  163  464.25600  390.83088  15.8%   119 1383s
 36789 21789  390.83088  133  168  464.25600  390.83088  15.8%   119 1387s
 37574 21788  390.83088  139  167  464.25600  390.83088  15.8%   118 1392s
 37998 22138  390.83088  146  157  464.25600  390.83088  15.8%   118 1396s
 38670 22393  390.83088  152  159  464.25600  390.83088  15.8%   117 1400s
 39396 22686  390.83088  156  166  464.25600  390.83088  15.8%   116 1405s
 40169 23475  390.83088  162  166  464.25600  390.83088  15.8%   116 1410s
 42262 24380  390.83088  176  164  464.25600  390.83088  15.8%   113 1418s
 43155 25144  390.83088  184  164  464.25600  390.83088  15.8%   112 1423s
 44368 24741  416.14535  502  163  464.25600  390.83088  15.8%   111 1549s
 44370 24742  439.32727  156  100  464.25600  390.83088  15.8%   111 1552s
 44371 24743  412.71602   64  128  464.25600  390.83088  15.8%   111 1556s
 44381 24750  437.77771   66  190  464.25600  390.83088  15.8%   111 1564s
 44385 24752  408.82937   99  195  464.25600  390.83088  15.8%   111 1565s
 44394 24758  434.33814  144  211  464.25600  390.83088  15.8%   111 1572s
 44398 24761  403.39411  474  211  464.25600  390.83088  15.8%   111 1575s
 44402 24764  413.19557  217  217  464.25600  390.83088  15.8%   111 1580s
 44404 24765  437.62234  169  221  464.25600  390.83088  15.8%   111 1586s
 44406 24766  402.70072  455  222  464.25600  390.83088  15.8%   111 1592s
 44407 24767  429.76190  107  217  464.25600  390.83088  15.8%   111 1595s
 44410 24769  428.56920   98  227  464.25600  390.83088  15.8%   111 1601s
 44412 24770  421.14677  101  227  464.25600  390.83088  15.8%   111 1606s
 44413 24771  435.14702  190  225  464.25600  390.83088  15.8%   111 1611s
 44416 24773  409.76771  320  229  464.25600  390.83088  15.8%   111 1617s
 44418 24774  434.97240  159  228  464.25600  390.83088  15.8%   111 1620s
 44422 24777  419.37768   90  229  464.25600  390.83088  15.8%   111 1626s
 44424 24778  391.10328  120  229  464.25600  390.83088  15.8%   111 1632s
 44425 24779  441.51540   74  228  464.25600  390.83088  15.8%   111 1641s
 44427 24780  401.73934   54  228  464.25600  390.83088  15.8%   111 1645s
 44434 24794  390.83088   38  222  464.25600  390.83088  15.8%   111 1651s
 44478 24813  390.83088   41  211  464.25600  390.83088  15.8%   111 1655s
 44545 24830  390.83088   43  197  464.25600  390.83088  15.8%   112 1660s
 44632 24835  393.70997   45  131  464.25600  390.83088  15.8%   112 1665s
 44726 24855  390.83088   48  190  464.25600  390.83088  15.8%   113 1670s
 44856 24865  390.83088   50  155  464.25600  390.83088  15.8%   113 1675s
 44982 24913  390.83088   53  188  464.25600  390.83088  15.8%   114 1680s
 45103 24946  399.56420   55  121  464.25600  390.83088  15.8%   115 1686s
 45189 24971  411.35307   57  122  464.25600  390.83088  15.8%   115 1691s
 45227 24966  390.83088   58  186  464.25600  390.83088  15.8%   115 1697s
 45294 24969  392.67392   59  152  464.25600  390.83088  15.8%   115 1701s
 45367 25008  390.83088   61  123  464.25600  390.83088  15.8%   116 1705s
 45524 25079  394.48276   65  127  464.25600  390.83088  15.8%   116 1710s
 45640 25124  390.83088   68  186  464.25600  390.83088  15.8%   117 1715s
 45806 25152  390.83088   73  181  464.25600  390.83088  15.8%   117 1722s
 45929 25186  390.83088   77  173  464.25600  390.83088  15.8%   118 1726s
 46127 25252  390.83088   81  176  464.25600  390.83088  15.8%   118 1731s
 46381 25340  390.83088   85  170  464.25600  390.83088  15.8%   118 1736s
 46632 25460  390.83088   90  173  464.25600  390.83088  15.8%   119 1741s
 46961 25539  390.83088   95  175  464.25600  390.83088  15.8%   119 1747s
 47067 25625  390.83088   98  177  464.25600  390.83088  15.8%   119 1750s
 47350 25700  390.83088  104  174  464.25600  390.83088  15.8%   120 1756s
 47431 25740  390.83088  107  175  464.25600  390.83088  15.8%   120 1761s
 47633 25832  390.83088  111  164  464.25600  390.83088  15.8%   121 1768s
 47795 25883  390.83088  114  171  464.25600  390.83088  15.8%   121 1771s
 47958 25974  396.96281  116  149  464.25600  390.83088  15.8%   121 1775s
 48350 25991  390.83088  122  172  464.25600  390.83088  15.8%   121 1783s
 48461 26030  390.83088  125  170  464.25600  390.83088  15.8%   122 1787s
 48559 26153  418.58478  128  117  464.25600  390.83088  15.8%   122 1792s
 48742 26265  390.83088  134  169  464.25600  390.83088  15.8%   123 1800s
 49139 26378  390.83088  142  173  464.25600  390.83088  15.8%   123 1810s
 49294 26599  390.83088  148  170  464.25600  390.83088  15.8%   123 1815s
 49673 26711  390.83088  155  168  464.25600  390.83088  15.8%   124 1821s
 50118 26875  390.83088  163  173  464.25600  390.83088  15.8%   125 1826s
 50521 27077  436.81679  167  103  464.25600  390.83088  15.8%   125 1832s
 51011 27186  390.83088  175  172  464.25600  390.83088  15.8%   125 1838s
 51435 27348  390.83088  183  182  464.25600  390.83088  15.8%   126 1845s
 51849 27634  390.83088  189  182  464.25600  390.83088  15.8%   126 1851s
 52513 27762  390.83088  198  181  464.25600  390.83088  15.8%   127 1857s
 53103 28257  390.83088  207  183  464.25600  390.83088  15.8%   127 1864s
 54065 28335  390.83088  217  173  464.25600  390.83088  15.8%   127 1870s
 54670 28419  390.83088  225  175  464.25600  390.83088  15.8%   127 1878s
 55330 28895  390.83088  232  172  464.25600  390.83088  15.8%   127 1885s
 56246 29264  390.83088  244  172  464.25600  390.83088  15.8%   127 1893s
 57497 29384  390.83088  255  171  464.25600  390.83088  15.8%   126 1901s
 58450 29877  451.12451  265   91  464.25600  390.83088  15.8%   126 1908s
 59435 31096  390.83088  276  167  464.25600  390.83088  15.8%   125 1920s
 62024 31525  423.23497  298  100  464.25600  390.83088  15.8%   123 1928s
 62812 31706  391.23555  304  168  464.25600  390.83088  15.8%   123 1932s
 63379 32255  397.86723  309  133  464.25600  390.83088  15.8%   122 1937s
 64254 32548  391.57179  316  162  464.25600  391.44490  15.7%   122 1941s
 64915 32736  391.66272  323  165  464.25600  391.58644  15.7%   121 1945s
 65500 33193  391.75521  328  166  464.25600  391.58644  15.7%   121 1950s
 66263 33563  391.91995  334  169  464.25600  391.58644  15.7%   121 1955s
 67194 33837  392.08049  344  168  464.25600  391.84235  15.6%   120 1960s
 67968 34031  392.19428  350  166  464.25600  391.84235  15.6%   120 1965s
 68942 34505  392.49076  358  162  464.25600  392.17333  15.5%   119 1970s
 70742 35698  393.28968  375  170  464.25600  392.42526  15.5%   118 1979s
 72143 35800  394.58578  383  172  464.25600  392.53534  15.4%   117 1983s
 72947 35955  394.83539  392  169  464.25600  392.84356  15.4%   117 1987s
 73615 36372  395.05995  401  172  464.25600  393.05444  15.3%   117 1992s
 74394 37153  395.56463  408  166  464.25600  393.12824  15.3%   116 2003s
 75734 37043  396.29115  422  168  464.25600  393.23080  15.3%   116 2008s
 76161 38416  415.35597  429  137  464.25600  393.25560  15.3%   115 2014s
 77983 38860  397.14734  443  166  464.25600  393.43257  15.3%   114 2019s
 79272 39202  397.65939  455  167  464.25600  393.61105  15.2%   113 2023s
 80244 39689  397.98586  464  163  464.25600  393.68056  15.2%   113 2026s
 81232 40122  398.20638  473  167  464.25600  393.76306  15.2%   112 2031s
 82278 39978  398.59539  484  164  464.25600  393.81940  15.2%   112 2035s
H82548 38644                     463.7600000  393.81940  15.1%   112 2035s
 83378 39111  398.96495  495  167  463.76000  394.02510  15.0%   112 2043s
 83773 39329  436.05147  495  128  463.76000  394.15014  15.0%   112 2047s
 84259 39621  398.97684  496  159  463.76000  394.15014  15.0%   111 2051s
 84819 40326  399.03521  500  163  463.76000  394.21359  15.0%   111 2055s
 86948 41075  399.38727  522  160  463.76000  394.39773  15.0%   110 2063s
 87980 41342  399.86380  534  162  463.76000  394.43548  14.9%   110 2067s
 88888 42103     cutoff  545       463.76000  394.52035  14.9%   109 2076s
 90267 42396  401.39356  568  156  463.76000  394.57004  14.9%   109 2080s
 91177 42690  402.03342  582  161  463.76000  394.59739  14.9%   108 2085s
 92822 43340  403.64079  612  157  463.76000  394.84863  14.9%   108 2093s
 93582 43577  404.09037  626  159  463.76000  394.85611  14.9%   107 2097s
 94251 43920  404.72752  643  157  463.76000  394.87654  14.9%   107 2101s
 94974 43887     cutoff  657       463.76000  394.99357  14.8%   107 2107s
 95619 43992  405.80601  681  159  463.76000  395.03604  14.8%   107 2111s
 96282 44568  407.21167  704  150  463.76000  395.10731  14.8%   107 2116s
 97549 44909  408.65620  733  155  463.76000  395.14836  14.8%   106 2121s
 98786 45266  410.16632  768  149  463.76000  395.16995  14.8%   106 2125s
 100564 45865  400.78065   96  144  463.76000  395.35367  14.8%   105 2133s
 101664 46176  412.00963  210  139  463.76000  395.41456  14.7%   105 2137s
 102608 46246  419.70531   97  104  463.76000  395.47435  14.7%   105 2141s
 103178 46562     cutoff  106       463.76000  395.47435  14.7%   104 2145s
 103884 47001  396.44856   56  129  463.76000  395.47435  14.7%   104 2155s
 104903 47215  404.05051  143  125  463.76000  395.53553  14.7%   104 2162s
 105750 47308  413.34134   83  115  463.76000  395.60058  14.7%   103 2167s
 106324 48276  448.96272   80  101  463.76000  395.64644  14.7%   104 2173s
 107936 48400  411.76877   98  107  463.76000  395.65275  14.7%   103 2177s
 108979 48347     cutoff  122       463.76000  395.76085  14.7%   103 2182s
 109633 48432  449.19887   94   95  463.76000  395.86431  14.6%   103 2186s
 110224 48904     cutoff  100       463.76000  395.91915  14.6%   103 2191s
 111222 49065  410.25916  233  128  463.76000  395.92844  14.6%   103 2195s
 113015 49604  417.83131  244  104  463.76000  396.11066  14.6%   102 2203s
 113809 49903  430.47231  109  113  463.76000  396.16476  14.6%   102 2208s
 114559 50351  435.35180  106  125  463.76000  396.23037  14.6%   102 2212s
 115739 50753     cutoff  127       463.76000  396.29728  14.5%   102 2216s
 116563 51681  431.92103  146  122  463.76000  396.33868  14.5%   101 2220s
 118195 52886  433.44529  253   92  463.76000  396.52180  14.5%   101 2228s
 119800 54356  400.32562   43   94  463.76000  396.52180  14.5%   101 2236s
 122434 54864     cutoff   98       463.76000  396.70154  14.5%   100 2242s
 122828 54942  422.80233   90   78  463.76000  396.76684  14.4%   100 2245s
 123502 55762  416.33790  120  131  463.76000  396.81632  14.4%   100 2252s
 124131 56010  438.07573  185  129  463.76000  396.82299  14.4%   100 2255s
 125810 57355  398.26749   97  142  463.76000  396.88979  14.4%  99.3 2262s
 126677 57869  412.39978  175  143  463.76000  396.91993  14.4%  99.1 2266s
 128384 58844  419.77726  178  122  463.76000  396.99537  14.4%  98.7 2273s
 128908 59481  433.21744   74  108  463.76000  397.03707  14.4%  98.6 2276s
 129744 60243  423.35175   50   98  463.76000  397.06285  14.4%  98.5 2280s
 131147 60586  424.50251  270  111  463.76000  397.12228  14.4%  98.3 2286s
 131439 61167  434.97771  302  111  463.76000  397.13305  14.4%  98.3 2290s
 133243 61796  422.62184  105   87  463.76000  397.26358  14.3%  98.0 2297s
 133344 62402  402.29472  139  119  463.76000  397.28378  14.3%  97.9 2301s
 134815 64002     cutoff  359       463.76000  397.35285  14.3%  97.6 2312s
 136342 64159  442.50239  415   95  463.76000  397.42154  14.3%  97.4 2315s
 137818 65753  412.01345  101   95  463.76000  397.49644  14.3%  97.1 2322s
 138666 66490  415.68207  125  120  463.76000  397.49644  14.3%  96.9 2325s
 140211 67380  410.14277  133  124  463.76000  397.49644  14.3%  96.7 2331s
 140849 67908  417.95389  225  116  463.76000  397.61796  14.3%  96.5 2335s
 142068 68625  403.22713  128  146  463.76000  397.69516  14.2%  96.4 2341s
 142894 68852  418.87433  200  125  463.76000  397.71584  14.2%  96.4 2345s
 143899 70066  413.47774   90  133  463.76000  397.78097  14.2%  96.4 2353s
 145168 70652  430.82291  208  127  463.76000  397.85339  14.2%  96.1 2356s
 146021 71245  434.92788  320  107  463.76000  397.92769  14.2%  95.9 2360s
 147279 71808  462.88582  189   70  463.76000  398.02837  14.2%  95.7 2368s
 147998 72256     cutoff  132       463.76000  398.06437  14.2%  95.6 2371s
 148734 73034  422.59414  191  115  463.76000  398.09888  14.2%  95.5 2375s
 149774 73518  426.77058   71   96  463.76000  398.13829  14.1%  95.2 2383s
 150581 74572  415.77215  107  114  463.76000  398.16791  14.1%  95.2 2388s
 152015 74946  419.68599   87  122  463.76000  398.16858  14.1%  95.0 2392s
 152660 75671  421.70179  115  109  463.76000  398.25155  14.1%  94.9 2396s
 153747 75949  409.53416  100  128  463.76000  398.29963  14.1%  94.8 2400s
 155232 77031  416.73424  131  102  463.76000  398.35049  14.1%  94.7 2408s
 155981 77302  411.37522   68  108  463.76000  398.35049  14.1%  94.7 2412s
 156453 78270  418.85778   98  105  463.76000  398.44324  14.1%  94.6 2416s
 157627 79072  420.87807  218  120  463.76000  398.44324  14.1%  94.3 2420s
 160036 80291  414.93836   43   70  463.76000  398.48767  14.1%  93.9 2428s
 160750 80682  424.08483  109  121  463.76000  398.55405  14.1%  93.9 2432s
 161741 80846     cutoff  109       463.76000  398.58219  14.1%  93.8 2435s
 162701 81730  410.94870  140  131  463.76000  398.58252  14.1%  93.8 2442s
 163612 82272  448.84420  158   90  463.76000  398.62204  14.0%  93.8 2446s
 164585 82788  433.17909  196  100  463.76000  398.67387  14.0%  93.8 2454s
 165411 84097  399.31240  400  145  463.76000  398.77184  14.0%  93.8 2459s
 167055 84311  412.99721  695  133  463.76000  398.81992  14.0%  93.5 2463s
 167406 85118  416.25880  760  133  463.76000  398.86291  14.0%  93.5 2467s
 168506 85280  419.23849  173  107  463.76000  398.87506  14.0%  93.4 2470s
 170350 87024  424.02159   56   76  463.76000  398.97217  14.0%  93.1 2477s
 171229 87073     cutoff  358       463.76000  398.99211  14.0%  93.1 2481s
 172047 88115  404.85155   86  116  463.76000  399.03751  14.0%  93.1 2488s
 173277 88350  415.88326  194  124  463.76000  399.08086  13.9%  92.9 2492s
 173875 89433  416.42978  201  127  463.76000  399.11098  13.9%  92.9 2495s
 175781 90606  410.12509  104   80  463.76000  399.18858  13.9%  92.5 2502s
 176938 91341  446.87588  116   78  463.76000  399.24849  13.9%  92.3 2505s
 179125 92748  438.82197  475  119  463.76000  399.32562  13.9%  92.0 2516s
 179983 93642     cutoff  287       463.76000  399.32971  13.9%  91.9 2521s
 181267 93980  408.99714  300  147  463.76000  399.32971  13.9%  91.8 2526s
 181824 95085  412.18766  339  143  463.76000  399.38998  13.9%  91.8 2530s
 183781 96126  437.19058  113  122  463.76000  399.48295  13.9%  91.5 2537s
 184918 96547  406.35921   82  116  463.76000  399.49269  13.9%  91.5 2540s
 186105 97655  402.59588   90  108  463.76000  399.54958  13.8%  91.4 2548s
 187261 98195  435.37721  119   89  463.76000  399.62493  13.8%  91.2 2551s
 188253 98942  422.49964  124  111  463.76000  399.68408  13.8%  91.1 2555s
 189830 100281  421.39548  272  127  463.76000  399.72094  13.8%  91.0 2561s
 191095 100844  419.43145  130  103  463.76000  399.79384  13.8%  90.8 2565s
 192612 101504  430.38804  102  112  463.76000  399.88661  13.8%  90.8 2571s
 192937 101862  443.01344  133  104  463.76000  399.89532  13.8%  90.7 2575s
 194412 102998     cutoff  417       463.76000  399.90670  13.8%  90.6 2585s
 195677 103750  447.42553  183   91  463.76000  400.00002  13.7%  90.6 2596s
 196978 103964  424.30954   82   91  463.76000  400.00002  13.7%  90.7 2600s
 197531 104388  404.65472   73  107  463.76000  400.02635  13.7%  90.8 2606s
 198200 104760  412.72308  177  102  463.76000  400.02635  13.7%  90.7 2611s
 198974 106039  434.02969  262   96  463.76000  400.08016  13.7%  90.7 2616s
 200903 106387     cutoff  427       463.76000  400.19858  13.7%  90.4 2620s
 202398 107326  431.02199  169  117  463.76000  400.28235  13.7%  90.4 2628s
 203323 107927     cutoff   83       463.76000  400.30687  13.7%  90.5 2632s
 204508 108147     cutoff   88       463.76000  400.44391  13.7%  90.5 2636s
 204985 108428     cutoff  343       463.76000  400.46231  13.6%  90.6 2640s
 206896 109340  409.96644  236  117  463.76000  400.47565  13.6%  90.4 2649s
 207280 109580  410.31685  244  116  463.76000  400.55685  13.6%  90.4 2653s
 207614 110690  414.87491  299  116  463.76000  400.56066  13.6%  90.4 2658s
 209114 111183  431.23892   74   88  463.76000  400.61252  13.6%  90.3 2665s
 210580 112790  443.33703  408   93  463.76000  400.72336  13.6%  90.3 2674s
 212307 113179  416.98198  103  126  463.76000  400.78246  13.6%  90.1 2678s
 212882 113627  437.59151  200  118  463.76000  400.82295  13.6%  90.1 2682s
 213564 114329  423.07012  451  116  463.76000  400.87796  13.6%  90.1 2686s
 214757 114866     cutoff  117       463.76000  400.88298  13.6%  90.0 2690s
 216230 115881  423.40541  150  102  463.76000  400.97838  13.5%  89.9 2697s
 217158 116364  431.51017  137  126  463.76000  401.00320  13.5%  89.9 2701s
 217960 116715  438.05688  123  102  463.76000  401.04570  13.5%  89.9 2705s
 218647 117164  422.50700  138  113  463.76000  401.06620  13.5%  89.9 2710s
 219889 118305  404.93420  136  138  463.76000  401.12553  13.5%  89.9 2718s
 221094 118743  417.47674  255  131  463.76000  401.14435  13.5%  89.8 2722s
 221751 118865  427.47145  346  130  463.76000  401.20373  13.5%  89.8 2727s
 221928 118961  427.86292  347  130  463.76000  401.21070  13.5%  89.7 2731s
 222079 119489  427.95014  348  131  463.76000  401.21143  13.5%  89.7 2736s
 222727 119893  410.53335  210  113  463.76000  401.21143  13.5%  89.7 2740s
 224885 121306  418.77977  276  111  463.76000  401.30299  13.5%  89.5 2751s
 225796 121838  444.03164  448  110  463.76000  401.32508  13.5%  89.5 2756s
 226684 122908  426.77099  402  124  463.76000  401.39778  13.4%  89.5 2760s
 228584 124211  442.37411  108   97  463.76000  401.46462  13.4%  89.3 2768s
 229737 124891  420.17846  278   87  463.76000  401.49111  13.4%  89.2 2771s
 231311 126181  444.84472  134   88  463.76000  401.50756  13.4%  89.0 2778s
 232546 126386  417.03333  249  120  463.76000  401.53442  13.4%  88.9 2781s
 233063 126745  441.82495  324  119  463.76000  401.57413  13.4%  88.9 2785s
 234645 127727  427.37103  182  112  463.76000  401.57413  13.4%  88.9 2792s
 235719 127995  419.73375  188  113  463.76000  401.72410  13.4%  88.9 2795s
 236975 128710  450.68912  170   97  463.76000  401.76831  13.4%  88.9 2802s
 237374 129348     cutoff  139       463.76000  401.79027  13.4%  88.8 2805s
 238695 130128  416.86578  115  129  463.76000  401.83219  13.4%  88.8 2812s
 239654 131108  428.18305  255  122  463.76000  401.83837  13.4%  88.8 2819s
 241202 131569  431.87045  128  113  463.76000  401.87390  13.3%  88.7 2822s
 241951 131755  424.43801  474  115  463.76000  401.94786  13.3%  88.7 2825s
 242765 132893     cutoff  514       463.76000  402.03148  13.3%  88.8 2832s
 243972 133029  418.95465  467  128  463.76000  402.06333  13.3%  88.7 2835s
 244859 133613  412.27537  189  113  463.76000  402.10534  13.3%  88.8 2842s
 245509 134187  424.74122  299  110  463.76000  402.12138  13.3%  88.7 2845s
 246983 135135  405.32354  435  133  463.76000  402.16873  13.3%  88.7 2852s
 247988 135339  419.20793  100  132  463.76000  402.19242  13.3%  88.7 2856s
 248885 135975  406.49126  294  115  463.76000  402.22119  13.3%  88.6 2863s
 249404 137079  436.98990  124  116  463.76000  402.26130  13.3%  88.6 2867s
 250918 137275  409.01924  176  119  463.76000  402.28469  13.3%  88.5 2870s
 252414 138823  404.04191  173  146  463.76000  402.32175  13.2%  88.4 2877s
 253398 139176  419.10049  233  138  463.76000  402.32175  13.2%  88.3 2880s
 254428 140333  438.49485  346  121  463.76000  402.40277  13.2%  88.3 2890s
 256793 141411  418.73114  102  114  463.76000  402.45206  13.2%  88.1 2897s
 257218 141657  419.11325  103  115  463.76000  402.49377  13.2%  88.1 2901s
 257832 142955  431.61808  545  127  463.76000  402.51708  13.2%  88.1 2908s
 259233 143266  425.34753  132  107  463.76000  402.54702  13.2%  87.9 2913s
 259616 143805  437.60450  145  102  463.76000  402.56371  13.2%  87.9 2917s
 260551 144253  437.36283  506   88  463.76000  402.59163  13.2%  88.0 2921s
 261948 144845  434.70188  328   97  463.76000  402.67059  13.2%  87.9 2928s
 262465 145630  437.69796  347  102  463.76000  402.67108  13.2%  87.9 2931s
 263987 146500  430.79719  103  110  463.76000  402.73443  13.2%  87.8 2938s
 264966 146871  427.71513  148   76  463.76000  402.74203  13.2%  87.8 2941s
 266286 147452  427.51129  116  116  463.76000  402.79565  13.1%  87.7 2948s
 266745 148289  434.79292   94  115  463.76000  402.80699  13.1%  87.7 2952s
 267882 148626  413.59820  249  128  463.76000  402.82146  13.1%  87.7 2955s
 269654 150128  434.51329  464  114  463.76000  402.86823  13.1%  87.6 2966s
 270447 150959  406.41316  156  127  463.76000  402.91573  13.1%  87.5 2970s
 272171 151578  438.24156  440  121  463.76000  402.97271  13.1%  87.5 2978s
 272682 152530  424.78347  417  113  463.76000  402.99537  13.1%  87.5 2983s
 273914 152836     cutoff  237       463.76000  403.04210  13.1%  87.4 2987s
 274442 153743  431.31478  508   92  463.76000  403.05026  13.1%  87.5 2991s
 275824 154106     cutoff   70       463.76000  403.09064  13.1%  87.4 2995s
 276438 154235  458.50345  315   74  463.76000  403.12907  13.1%  87.5 3000s
 277381 154790  415.40766  191  123  463.76000  403.12907  13.1%  87.5 3008s
 277813 155333  408.61511   90  129  463.76000  403.12907  13.1%  87.6 3012s
 278667 155982  409.68786   91   68  463.76000  403.14837  13.1%  87.7 3016s
 279713 156567  405.44278  106  124  463.76000  403.18894  13.1%  87.7 3021s
 280847 156748  437.84106  281  113  463.76000  403.20002  13.1%  87.7 3025s
 281873 157759  447.90890  247   91  463.76000  403.20138  13.1%  87.7 3034s
 282939 158325  448.38834   75   73  463.76000  403.22694  13.1%  87.7 3038s
 284092 158636     cutoff  108       463.76000  403.34201  13.0%  87.7 3044s
 284959 159004     cutoff  202       463.76000  403.36692  13.0%  87.7 3049s
 285862 159455  421.97004  129   91  463.76000  403.39180  13.0%  87.7 3053s
 286743 159826  424.44475  336  107  463.76000  403.40890  13.0%  87.7 3057s
 287472 160250     cutoff  524       463.76000  403.42304  13.0%  87.8 3061s
 288266 160959  452.62932  235   89  463.76000  403.44646  13.0%  87.8 3066s
 290227 161885     cutoff  164       463.76000  403.53234  13.0%  87.7 3073s
 290994 162318  423.56625   77   75  463.76000  403.55693  13.0%  87.7 3077s
 291745 162675  438.22037   79   78  463.76000  403.59758  13.0%  87.7 3081s
 292496 162970     cutoff  125       463.76000  403.60384  13.0%  87.7 3085s
 293050 163703  431.39678  106  113  463.76000  403.61659  13.0%  87.7 3090s
 294957 165050  416.06949   76  108  463.76000  403.67138  13.0%  87.6 3098s
 295995 165732  419.06821  107  110  463.76000  403.67138  13.0%  87.5 3101s
 297111 165955  422.01459  141  117  463.76000  403.70342  12.9%  87.5 3105s
 298567 166666  428.48268  215  111  463.76000  403.71511  12.9%  87.6 3117s
 299283 167096  409.79875   76   90  463.76000  403.74784  12.9%  87.6 3122s
 300036 168223  429.98567  240  103  463.76000  403.81752  12.9%  87.6 3128s
 301807 169151  415.57222  142  125  463.76000  403.86333  12.9%  87.5 3132s
 303246 169295  443.18588  166   91  463.76000  403.89823  12.9%  87.4 3135s
 304183 169531  436.04323  123  123  463.76000  403.94438  12.9%  87.5 3142s
 304452 170281     cutoff  162       463.76000  403.96034  12.9%  87.5 3146s
 305404 170655  430.68127  339   82  463.76000  403.97012  12.9%  87.4 3150s
 307196 171785  411.35482  288  135  463.76000  404.00361  12.9%  87.4 3158s
 307659 172830  412.15055  298  138  463.76000  404.04227  12.9%  87.4 3162s
 309058 173040  425.00509  520  127  463.76000  404.05842  12.9%  87.3 3165s
 310700 174220  429.74249  368   92  463.76000  404.12116  12.9%  87.3 3174s
 311344 174440  435.55352   91   99  463.76000  404.13471  12.9%  87.3 3177s
 311765 174829  454.97182  175   81  463.76000  404.13471  12.9%  87.3 3181s
 312606 175109     cutoff  227       463.76000  404.17235  12.8%  87.3 3185s
 313165 175271  437.78398  323   77  463.76000  404.21356  12.8%  87.3 3192s
 313544 176194 infeasible  323       463.76000  404.21916  12.8%  87.3 3201s
 315065 177424     cutoff  161       463.76000  404.25043  12.8%  87.3 3207s
 317162 177902  430.12732  293   80  463.76000  404.33334  12.8%  87.2 3211s
 318568 178266     cutoff  491       463.76000  404.38653  12.8%  87.3 3219s
 318847 178465     cutoff  493       463.76000  404.40826  12.8%  87.3 3223s
 319325 178903  448.30511  394  107  463.76000  404.41572  12.8%  87.3 3227s
 320284 179162  424.06925  352   94  463.76000  404.46760  12.8%  87.3 3231s
 320781 179900  404.84127   85   98  463.76000  404.47849  12.8%  87.4 3235s
 322392 180297  411.97698  167  140  463.76000  404.51339  12.8%  87.4 3244s
 322977 180479  417.40869  207  140  463.76000  404.51339  12.8%  87.4 3248s
 323486 180974  419.52134  222  133  463.76000  404.52212  12.8%  87.4 3252s
 324849 181306  454.31172  191   97  463.76000  404.57751  12.8%  87.4 3256s
 325602 181456  418.47523  116  126  463.76000  404.57751  12.8%  87.4 3261s
 325937 182286  423.88866  145  128  463.76000  404.60884  12.8%  87.5 3265s
 327758 182908  434.72468  152  103  463.76000  404.65065  12.7%  87.5 3276s
 328457 183736  450.34920  205  118  463.76000  404.65065  12.7%  87.5 3281s
 330444 184736  435.04660  162  129  463.76000  404.69458  12.7%  87.5 3288s
 331698 184848  407.42743  144  145  463.76000  404.78029  12.7%  87.4 3291s
 331904 185671  407.53761  145  146  463.76000  404.78857  12.7%  87.4 3295s
 334259 187080     cutoff   92       463.76000  404.85614  12.7%  87.3 3302s
 335273 187494  434.31760  390   97  463.76000  404.87340  12.7%  87.3 3305s
 336926 188519  430.03944  176  118  463.76000  404.92714  12.7%  87.2 3311s
 338626 189656  437.26618  204  103  463.76000  404.94489  12.7%  87.2 3317s
 339354 190128  420.66644  256  106  463.76000  404.96479  12.7%  87.1 3320s
 340769 190787  438.81176  155  108  463.76000  405.02040  12.7%  87.1 3327s
 341224 191566  449.36452  352   74  463.76000  405.02548  12.7%  87.1 3330s
 342477 191963  435.50987  212   78  463.76000  405.03800  12.7%  87.0 3337s
 343057 192389     cutoff  124       463.76000  405.05762  12.7%  87.0 3344s
 343661 193316  415.31164  100   94  463.76000  405.05762  12.7%  86.9 3351s
 344895 194405     cutoff  198       463.76000  405.07981  12.7%  86.9 3358s
*345725 159543             201     441.0320000  405.07981  8.15%  86.9 3358s
 346869 159417     cutoff  120       441.03200  405.10496  8.15%  86.8 3362s
 347572 159666     cutoff   92       441.03200  405.19855  8.12%  86.9 3369s
 348211 159690     cutoff  120       441.03200  405.22747  8.12%  87.0 3374s
 348799 159857     cutoff   62       441.03200  405.24178  8.12%  87.1 3378s
 349285 160219     cutoff  316       441.03200  405.25260  8.11%  87.1 3383s
 350735 160405     cutoff  157       441.03200  405.32358  8.10%  87.1 3388s
 351215 161100  435.31940  144  102  441.03200  405.33083  8.09%  87.1 3393s
 352460 161357  422.02448  318  102  441.03200  405.33707  8.09%  87.1 3397s
 353017 162286  410.72971  169  106  441.03200  405.46925  8.06%  87.1 3402s
 354514 162637  432.90893  344  107  441.03200  405.48375  8.06%  87.1 3405s
 355199 162831  431.77338  152  102  441.03200  405.51803  8.05%  87.1 3411s
 355733 163289  429.20281  234  106  441.03200  405.55097  8.05%  87.2 3415s
 357224 164153  420.51246  137   98  441.03200  405.63615  8.03%  87.1 3426s
 358930 165157     cutoff   87       441.03200  405.69917  8.01%  87.1 3433s
 359898 165692     cutoff  195       441.03200  405.73694  8.00%  87.1 3437s
 360678 165910     cutoff  100       441.03200  405.76449  8.00%  87.1 3440s
 362393 166684  433.38644   81   91  441.03200  405.81662  7.98%  87.1 3447s
 363272 167250  416.47731  156  118  441.03200  405.85629  7.98%  87.1 3451s
 365116 167926  436.24844  332  102  441.03200  405.90508  7.96%  87.1 3458s
 365792 168069     cutoff  358       441.03200  405.91983  7.96%  87.2 3462s
 366463 168249  429.74519  352   98  441.03200  405.96583  7.95%  87.2 3466s
 367880 168642     cutoff  156       441.03200  405.99747  7.94%  87.3 3473s
 368497 169124     cutoff  159       441.03200  406.09185  7.92%  87.4 3477s
 369336 169398  430.36996  164   95  441.03200  406.12611  7.91%  87.4 3481s
 370100 169663  421.38090  292  126  441.03200  406.14691  7.91%  87.4 3485s
 371506 170459     cutoff  424       441.03200  406.20365  7.90%  87.4 3493s
 372072 170741  434.18357  463  121  441.03200  406.21817  7.89%  87.4 3500s
 373867 171977  430.79207  375  112  441.03200  406.28769  7.88%  87.4 3508s
 374781 172372     cutoff  134       441.03200  406.31057  7.87%  87.3 3512s
 375475 173130     cutoff  233       441.03200  406.32741  7.87%  87.3 3516s
 377419 173560     cutoff   88       441.03200  406.42637  7.85%  87.3 3523s
 377886 174342  411.34048  143  111  441.03200  406.43664  7.84%  87.3 3527s
 379240 174579     cutoff  153       441.03200  406.49914  7.83%  87.3 3531s
 380628 175283     cutoff  229       441.03200  406.55320  7.82%  87.3 3539s
 381051 176025  420.71633  113  105  441.03200  406.57452  7.81%  87.3 3543s
 382075 176208  425.14554  122  130  441.03200  406.58689  7.81%  87.2 3546s
 382699 176513  426.05665  430   97  441.03200  406.60988  7.80%  87.3 3550s
 384258 176918  426.35794   97  108  441.03200  406.70807  7.78%  87.4 3557s
 384923 177354  410.94213  325  122  441.03200  406.72252  7.78%  87.4 3561s
 385985 177585  417.14567   99   91  441.03200  406.76951  7.77%  87.4 3565s
 387252 178252  421.24685  139  101  441.03200  406.78948  7.76%  87.5 3577s
 388050 178564  428.32862  148  110  441.03200  406.81833  7.76%  87.5 3581s
 388638 179710  426.27795  162  109  441.03200  406.86818  7.75%  87.5 3587s
 390585 179904  432.59087  443   93  441.03200  406.92672  7.73%  87.4 3590s
 392051 180685  416.70648  237  116  441.03200  406.96457  7.72%  87.4 3597s

Cutting planes:
  MIR: 15
  Flow cover: 93
  Zero half: 2

Explored 392610 nodes (34370310 simplex iterations) in 3598.04 seconds (8230.83 work units)
Thread count was 8 (of 40 available processors)

Solution count 10: 441.032 463.76 464.256 ... 476.16

Time limit reached
Best objective 4.410319999998e+02, best bound 4.070249186973e+02, gap 7.7108%

User-callback calls 1517501, time in user-callback 4.96 sec
