
Gurobi 12.0.3 (linux64) logging started Sun Sep 13 18:03:03 2026

Set parameter LogFile to value "/share/scaglione/nc437/evsp-dr/cumulative_budget_20260913/cases/c6_k15/mip_base/135708_r0/gurobi.log"
Set parameter OutputFlag to value 1
Set parameter TimeLimit to value 3600
Set parameter MIPGap to value 0.0001
Set parameter Threads to value 8
Set parameter TimeLimit to value 1800
Gurobi Optimizer version 12.0.3 build v12.0.3rc0 (linux64 - "Ubuntu 24.04.4 LTS")

CPU model: Intel(R) Xeon(R) CPU E5-2630 v3 @ 2.40GHz, instruction set [SSE2|AVX|AVX2]
Thread count: 16 physical cores, 32 logical processors, using up to 8 threads

Non-default parameters:
TimeLimit  1800
Threads  8

Optimize a model with 373 rows, 65833 columns and 1900062 nonzeros
Model fingerprint: 0x97decb94
Variable types: 0 continuous, 65833 integer (65833 binary)
Coefficient statistics:
  Matrix range     [1e+00, 1e+00]
  Objective range  [1e+00, 1e+00]
  Bounds range     [1e+00, 1e+00]
  RHS range        [1e+00, 1e+00]

Loaded user MIP start with objective 147

Presolve removed 0 rows and 1415 columns
Presolve time: 4.65s
Presolved: 373 rows, 64418 columns, 1868876 nonzeros
Found heuristic solution: objective 145.0000000
Variable types: 0 continuous, 64418 integer (64418 binary)
Found heuristic solution: objective 140.0000000

Root simplex log...

Iteration    Objective       Primal Inf.    Dual Inf.      Time
       0    0.0000000e+00   3.730000e+02   0.000000e+00      5s

Starting sifting (using dual simplex for sub-problems)...

    Iter     Pivots    Primal Obj      Dual Obj        Time
       0          0     infinity      0.0000000e+00      5s
       1        814   1.7875274e+01   5.4887291e+00      5s
       2       3447   1.7480639e+01   9.8548279e+00      5s
       3       6072   1.6316575e+01   1.1960884e+01      6s
       4       8574   1.5464513e+01   1.2985174e+01      6s
       5      11255   1.5026415e+01   1.3363587e+01      7s
       6      12887   1.5000000e+01   1.5000000e+01      7s

Sifting complete

   12887    1.5000000e+01   0.000000e+00   0.000000e+00      7s

Root relaxation: objective 1.500000e+01, 12887 iterations, 2.43 seconds (3.01 work units)
Total elapsed time = 19.77s (DegenMoves)

    Nodes    |    Current Node    |     Objective Bounds      |     Work
 Expl Unexpl |  Obj  Depth IntInf | Incumbent    BestBd   Gap | It/Node Time

     0     0   15.00000    0  181  140.00000   15.00000  89.3%     -   22s
H    0     0                      32.0000000   15.00000  53.1%     -   23s
H    0     0                      30.0000000   15.00000  50.0%     -   23s
H    0     0                      29.0000000   15.00000  48.3%     -   23s
H    0     0                      27.0000000   15.00000  44.4%     -   23s
H    0     0                      26.0000000   15.00000  42.3%     -   23s
H    0     0                      25.0000000   15.00000  40.0%     -   23s
H    0     0                      24.0000000   15.00000  37.5%     -   23s
H    0     0                      23.0000000   15.00000  34.8%     -   23s
H    0     0                      22.0000000   15.00000  31.8%     -   24s
H    0     0                      21.0000000   15.00000  28.6%     -   24s
H    0     0                      20.0000000   15.00000  25.0%     -   39s
     0     0   15.00000    0  179   20.00000   15.00000  25.0%     -   52s
     0     0   15.00000    0  195   20.00000   15.00000  25.0%     -   98s
     0     0   15.00000    0  182   20.00000   15.00000  25.0%     -  120s
     0     0   15.00000    0  178   20.00000   15.00000  25.0%     -  144s
     0     0   15.00000    0  179   20.00000   15.00000  25.0%     -  149s
     0     0   15.00000    0  168   20.00000   15.00000  25.0%     -  168s
     0     0   15.00000    0  168   20.00000   15.00000  25.0%     -  191s
     0     2   15.00000    0  168   20.00000   15.00000  25.0%     -  267s
     1     4   15.00000    1  239   20.00000   15.00000  25.0% 17616  271s
     3     8   15.00000    2  213   20.00000   15.00000  25.0%  6522  276s
     7    16   15.00000    3  221   20.00000   15.00000  25.0%  3258  285s
    15    24   15.00000    4  261   20.00000   15.00000  25.0%  2085  297s
    23    56   15.00000    5  286   20.00000   15.00000  25.0%  1841  321s
    55    64   15.00000    9  315   20.00000   15.00000  25.0%  2279  390s
    63   117   15.00000   10  250   20.00000   15.00000  25.0%  2351  478s
   116   482   15.00000   11  295   20.00000   15.00000  25.0%  2058  643s
   481  1279   15.00000   50  269   20.00000   15.00000  25.0%  2423  824s
  1278  2004   15.00000  123  271   20.00000   15.00000  25.0%  1456  947s
  2003  2707   15.00000  155  216   20.00000   15.00000  25.0%  1001 1081s
  2706  3278   15.00000  181  229   20.00000   15.00000  25.0%   786 1198s
  3277  3800   15.00000  201  248   20.00000   15.00000  25.0%   682 1309s
  3799  4263   15.00000  221  241   20.00000   15.00000  25.0%   615 1401s
  4262  4276   15.00000  234  244   20.00000   15.00000  25.0%   565 1501s
  4275  4301   15.00000  240  240   20.00000   15.00000  25.0%   565 1599s
  4300  4611   15.00000  241  241   20.00000   15.00000  25.0%   563 1702s
  4610  5268   15.00000  247  242   20.00000   15.00000  25.0%   535 1800s

Cutting planes:
  MIR: 9

Explored 5267 nodes (2686619 simplex iterations) in 1800.13 seconds (2029.42 work units)
Thread count was 8 (of 32 available processors)

Solution count 10: 20 21 22 ... 30

Time limit reached
Best objective 2.000000000000e+01, best bound 1.500000000000e+01, gap 25.0000%

User-callback calls 399846, time in user-callback 3.70 sec
Set parameter TimeLimit to value 1.7976238183975220e+03
Gurobi Optimizer version 12.0.3 build v12.0.3rc0 (linux64 - "Ubuntu 24.04.4 LTS")

CPU model: Intel(R) Xeon(R) CPU E5-2630 v3 @ 2.40GHz, instruction set [SSE2|AVX|AVX2]
Thread count: 16 physical cores, 32 logical processors, using up to 8 threads

Non-default parameters:
TimeLimit  1.7976238183975220e+03
Threads  8

Optimize a model with 374 rows, 65833 columns and 1965895 nonzeros
Model fingerprint: 0x4082d27a
Variable types: 0 continuous, 65833 integer (65833 binary)
Coefficient statistics:
  Matrix range     [1e+00, 1e+00]
  Objective range  [1e+01, 2e+02]
  Bounds range     [1e+00, 1e+00]
  RHS range        [1e+00, 2e+01]

Loaded user MIP start with objective 1172.99
MIP start from previous solve did not produce a new incumbent solution

Presolve removed 0 rows and 64 columns
Presolve time: 4.28s
Presolved: 374 rows, 65769 columns, 1964253 nonzeros
Variable types: 0 continuous, 65769 integer (65769 binary)

Starting sifting (using dual simplex for sub-problems)...

    Iter     Pivots    Primal Obj      Dual Obj        Time
       0          0     infinity      0.0000000e+00      5s
       1       1893   1.0017478e+03   1.6477460e+02      5s
       2       3943   6.2058589e+02   3.6009211e+02      5s
       3       6235   5.6531698e+02   4.7177716e+02      6s
       4       8509   5.5143459e+02   5.1680990e+02      7s
       5      10462   5.4799806e+02   5.3929316e+02      8s
       6      11893   5.4771374e+02   5.4208659e+02      9s
       7      13153   5.4771374e+02   5.4531094e+02     10s

Sifting complete


Root simplex log...

Iteration    Objective       Primal Inf.    Dual Inf.      Time
   14083    5.4771374e+02   0.000000e+00   0.000000e+00     10s

Root relaxation: objective 5.477137e+02, 14083 iterations, 5.71 seconds (7.29 work units)

    Nodes    |    Current Node    |     Objective Bounds      |     Work
 Expl Unexpl |  Obj  Depth IntInf | Incumbent    BestBd   Gap | It/Node Time

     0     0  547.71374    0  327 1172.99200  547.71374  53.3%     -   10s
H    0     0                    1150.3840000  547.71374  52.4%     -   18s
H    0     0                    1122.3200000  547.71374  51.2%     -   19s
H    0     0                    1030.2000000  547.71374  46.8%     -   23s
H    0     0                    1011.0640000  547.71374  45.8%     -   24s
     0     0  548.47561    0  338 1011.06400  548.47561  45.8%     -   31s
H    0     0                    1007.3440000  548.47561  45.6%     -   57s
     0     0  548.54118    0  340 1007.34400  548.54118  45.5%     -   72s
     0     0  549.02983    0  348 1007.34400  549.02983  45.5%     -   79s
     0     0  549.82269    0  344 1007.34400  549.82269  45.4%     -   96s
     0     0  549.93408    0  340 1007.34400  549.93408  45.4%     -  110s
     0     0  550.02414    0  347 1007.34400  550.02414  45.4%     -  112s
     0     0  550.15525    0  343 1007.34400  550.15525  45.4%     -  125s
     0     0  550.16472    0  342 1007.34400  550.16472  45.4%     -  134s
     0     0  550.16472    0  343 1007.34400  550.16472  45.4%     -  135s
H    0     0                    1004.8640000  550.16472  45.2%     -  145s
     0     0  550.16472    0  343 1004.86400  550.16472  45.2%     -  145s
     0     0  550.17792    0  345 1004.86400  550.17792  45.2%     -  148s
     0     0  550.19811    0  345 1004.86400  550.19811  45.2%     -  157s
     0     0  550.20898    0  342 1004.86400  550.20898  45.2%     -  158s
     0     0  550.21001    0  341 1004.86400  550.21001  45.2%     -  160s
     0     2  550.85971    0  341 1004.86400  550.85971  45.2%     -  224s
     1     4  550.85971    1  346 1004.86400  550.85971  45.2%   449  232s
     3     7  550.92381    2  348 1004.86400  550.85971  45.2%   744  243s
     6    14  551.20945    3  345 1004.86400  550.85971  45.2%   741  257s
    13    21  551.24286    4  345 1004.86400  551.22013  45.1%   754  273s
    20    45  551.26323    5  344 1004.86400  551.22013  45.1%   579  289s
    44    53  551.56317   10  345 1004.86400  551.22013  45.1%   444  304s
    52    61  551.75171   11  339 1004.86400  551.22013  45.1%   419  374s
    60    69  551.78621   12  341 1004.86400  551.22013  45.1%   401  394s
    68    77  551.81973   13  340 1004.86400  551.22013  45.1%   375  423s
H   76    85                     976.0560000  551.22013  43.5%   350  441s
    84   124  551.83932   15  340  976.05600  551.22013  43.5%   332  460s
H  123   146                     975.8080000  551.22013  43.5%   295  476s
H  128   146                     975.5600000  551.22013  43.5%   310  476s
H  142   146                     965.6400000  551.22013  42.9%   291  476s
   145   171  552.45956   22  343  965.64000  551.22013  42.9%   303  487s
   170   193  552.51760   25  339  965.64000  551.22013  42.9%   291  498s
H  178   193                     964.8960000  551.22013  42.9%   282  498s
H  185   193                     962.6640000  551.22013  42.7%   276  498s
   192   221  552.59088   29  339  962.66400  551.22013  42.7%   275  508s
   220   244  552.73816   31  342  962.66400  551.22013  42.7%   262  517s
   243   252  552.91947   33  344  962.66400  551.22013  42.7%   255  530s
H  246   252                     962.4160000  551.22013  42.7%   252  530s
   251   287  552.92852   34  346  962.41600  551.22013  42.7%   251  540s
   286   316  553.06486   38  343  962.41600  551.22013  42.7%   236  549s
   315   340  553.17632   41  346  962.41600  551.22013  42.7%   230  559s
   339   380  553.27836   45  349  962.41600  551.22013  42.7%   230  570s
   379   421  553.35582   49  351  962.41600  551.22013  42.7%   217  578s
   420   464  553.46560   52  350  962.41600  551.22013  42.7%   207  586s
   463   505  553.53330   56  346  962.41600  551.22013  42.7%   197  598s
   504   552  553.62775   60  345  962.41600  551.22013  42.7%   193  610s
   551   594  553.71084   66  353  962.41600  551.22013  42.7%   185  623s
   593   648  553.83795   72  344  962.41600  551.22013  42.7%   180  632s
   647   709  553.88496   77  349  962.41600  551.22013  42.7%   173  646s
   708   771  554.21660   86  347  962.41600  551.22013  42.7%   166  653s
   770   827  554.32946   90  346  962.41600  551.22013  42.7%   160  667s
   826   891  554.47492   96  348  962.41600  551.22013  42.7%   158  678s
   890   932  554.85431  102  348  962.41600  551.22013  42.7%   155  688s
H  919   932                     942.0400000  551.22013  41.5%   155  688s
   931  1008  554.85431  103  348  942.04000  551.22013  41.5%   154  698s
  1007  1082  554.95416  111  348  942.04000  551.22013  41.5%   151  707s
  1081  1163  555.03353  119  351  942.04000  551.22013  41.5%   147  717s
  1162  1178  555.16333  126  349  942.04000  551.22013  41.5%   143  728s
H 1163  1178                     849.1040000  551.22013  35.1%   143  728s
  1177  1254  555.16850  127  348  849.10400  551.22013  35.1%   143  741s
  1253  1350  559.50483  130  327  849.10400  551.22013  35.1%   143  755s
  1349  1455  555.96723  131  344  849.10400  551.22013  35.1%   138  767s
  1454  1546  556.35906  138  345  849.10400  551.22013  35.1%   134  777s
  1545  1674  556.56835  146  344  849.10400  551.22013  35.1%   132  789s
  1673  1780  556.74393  158  338  849.10400  551.22013  35.1%   127  800s
  1779  1882  557.01553  166  343  849.10400  551.22013  35.1%   125  811s
  1881  2022  557.46768  173  343  849.10400  551.22013  35.1%   123  823s
  2021  2187  557.63225  183  346  849.10400  551.22013  35.1%   119  835s
  2186  2212  557.79316  200  345  849.10400  551.22013  35.1%   114  853s
  2211  2252  557.80214  201  345  849.10400  551.22013  35.1%   114  874s
  2251  2351  557.82057  202  343  849.10400  551.22013  35.1%   114  890s
H 2320  2351                     848.8560000  551.22013  35.1%   113  890s
  2350  2509  557.82278  203  347  848.85600  551.22013  35.1%   112  910s
  2508  2710  557.96614  209  340  848.85600  551.22013  35.1%   111  926s
  2709  2906  558.06722  227  344  848.85600  551.22013  35.1%   108  944s
  2905  3107  558.21580  243  346  848.85600  551.22013  35.1%   105  962s
  3106  3315  559.31668  262  345  848.85600  551.22013  35.1%   102  980s
  3314  3499  559.46419  273  339  848.85600  551.22013  35.1%   100  998s
  3498  3693  559.62310  293  340  848.85600  551.22013  35.1%  98.6 1019s
  3692  3707  559.92194  309  343  848.85600  551.22013  35.1%  97.3 1035s
  3706  3811  559.92194  310  343  848.85600  551.22013  35.1%  97.4 1055s
  3810  4045  559.93152  311  344  848.85600  551.22013  35.1%  96.4 1077s
  4044  4309  560.01364  318  345  848.85600  551.22013  35.1%  94.5 1096s
  4308  4600  560.23413  339  348  848.85600  551.22013  35.1%  92.5 1117s
  4599  4857  560.39586  367  351  848.85600  551.22013  35.1%  90.3 1140s
  4856  5086  560.56297  390  350  848.85600  551.22013  35.1%  88.9 1170s
  5085  5411  561.84531  396  349  848.85600  551.22013  35.1%  87.3 1202s
  5410  5758  562.24193  419  348  848.85600  551.22013  35.1%  85.5 1226s
  5757  6172  562.61930  440  352  848.85600  551.22013  35.1%  83.8 1250s
  6171  6182  562.81512  473  351  848.85600  551.22013  35.1%  81.4 1275s
  6181  6297  562.82299  474  350  848.85600  551.22013  35.1%  81.4 1300s
H 6295  6297                     848.3600000  551.22013  35.0%  81.2 1300s
  6296  6413  562.93885  481  349  848.36000  551.22013  35.0%  81.2 1327s
  6412  6470  563.01166  495  353  848.36000  551.22013  35.0%  80.9 1353s
  6469  6678  563.02608  496  354  848.36000  551.22013  35.0%  81.1 1384s
  6677  7063  563.03837  497  353  848.36000  551.22013  35.0%  80.0 1417s
  7062  7071  563.04095  498  353  848.36000  551.22013  35.0%  78.0 1459s
H 7063  7071                     847.1200000  551.22013  34.9%  78.0 1459s
  7070  7498  563.05006  499  352  847.12000  551.22013  34.9%  78.1 1494s
  7498  7499  568.04293  176  341  847.12000  551.22013  34.9%  76.5 1544s
  7500  7500  630.64883  202  327  847.12000  551.22013  34.9%  76.5 1608s
  7501  7501  587.40722  931  338  847.12000  551.22013  34.9%  76.5 1708s
  7502  7502  583.53417  451  342  847.12000  551.22013  34.9%  76.5 1727s
  7504  7503  585.47291  659  346  847.12000  551.22013  34.9%  76.5 1730s
  7506  7504  619.10357  378  348  847.12000  551.22013  34.9%  76.5 1743s
  7507  7505  571.74059  572  344  847.12000  551.22013  34.9%  76.4 1763s
  7508  7506  606.79898   58  345  847.12000  551.22013  34.9%  76.4 1768s
  7509  7506  575.60708  804  345  847.12000  551.22013  34.9%  76.4 1785s

Cutting planes:
  MIR: 17
  Flow cover: 12
  Zero half: 1

Explored 7509 nodes (608149 simplex iterations) in 1800.96 seconds (2077.96 work units)
Thread count was 8 (of 32 available processors)

Solution count 10: 847.12 848.36 848.856 ... 975.56

Time limit reached
Best objective 8.471199999998e+02, best bound 5.512201315337e+02, gap 34.9301%

User-callback calls 368525, time in user-callback 2.39 sec
