
Gurobi 12.0.3 (linux64) logging started Tue Sep 22 01:59:52 2026

Set parameter LogFile to value "/home/nc437/ladder-lite/mip_structure_20260922/results/c3_k15_fresh/presparsify1/730245_r0/gurobi.log"
Set parameter Threads to value 8
Set parameter Seed to value 0
Set parameter MIPGap to value 0.0001
Set parameter PreSparsify to value 1
Set parameter TimeLimit to value 1800
Gurobi Optimizer version 12.0.3 build v12.0.3rc0 (linux64 - "Ubuntu 24.04.4 LTS")

CPU model: Intel(R) Xeon(R) Gold 6230 CPU @ 2.10GHz, instruction set [SSE2|AVX|AVX2|AVX512]
Thread count: 40 physical cores, 40 logical processors, using up to 8 threads

Non-default parameters:
TimeLimit  1800
PreSparsify  1
Threads  8

Optimize a model with 302 rows, 38130 columns and 896915 nonzeros
Model fingerprint: 0x9a6d0205
Variable types: 0 continuous, 38130 integer (38130 binary)
Coefficient statistics:
  Matrix range     [1e+00, 1e+00]
  Objective range  [1e+00, 1e+00]
  Bounds range     [1e+00, 1e+00]
  RHS range        [1e+00, 1e+00]

Loaded user MIP start with objective 100

Sparsify removed 66156 nonzeros (8%)
Presolve removed 0 rows and 2631 columns
Presolve time: 3.17s
Presolved: 302 rows, 35499 columns, 779166 nonzeros
Found heuristic solution: objective 94.0000000
Variable types: 0 continuous, 35499 integer (35465 binary)
Found heuristic solution: objective 80.0000000

Starting sifting (using dual simplex for sub-problems)...

    Iter     Pivots    Primal Obj      Dual Obj        Time
       0          0     infinity      0.0000000e+00      3s
       1       1141   1.6612906e+01   7.2847292e+00      3s
       2       2886   1.6287851e+01   1.1188646e+01      4s
       3       5009   1.5594323e+01   1.2034334e+01      4s
       4       7488   1.5111478e+01   1.3121052e+01      4s
       5       8663   1.5000000e+01   1.5000000e+01      4s

Sifting complete


Root relaxation: objective 1.500000e+01, 8663 iterations, 1.03 seconds (1.28 work units)
Total elapsed time = 7.26s (DegenMoves)

    Nodes    |    Current Node    |     Objective Bounds      |     Work
 Expl Unexpl |  Obj  Depth IntInf | Incumbent    BestBd   Gap | It/Node Time

     0     0   15.00000    0  152   80.00000   15.00000  81.2%     -    8s
H    0     0                      33.0000000   15.00000  54.5%     -    8s
H    0     0                      26.0000000   15.00000  42.3%     -    8s
H    0     0                      25.0000000   15.00000  40.0%     -    8s
H    0     0                      24.0000000   15.00000  37.5%     -    8s
H    0     0                      23.0000000   15.00000  34.8%     -    8s
H    0     0                      22.0000000   15.00000  31.8%     -    8s
H    0     0                      21.0000000   15.00000  28.6%     -    9s
H    0     0                      20.0000000   15.00000  25.0%     -   16s
     0     0   15.00000    0  154   20.00000   15.00000  25.0%     -   16s
     0     0   15.00000    0  155   20.00000   15.00000  25.0%     -   32s
     0     0   15.00000    0  161   20.00000   15.00000  25.0%     -   43s
     0     0   15.00000    0  156   20.00000   15.00000  25.0%     -   55s
     0     0   15.00000    0  156   20.00000   15.00000  25.0%     -   62s
     0     0   15.00000    0  141   20.00000   15.00000  25.0%     -   63s
     0     0   15.00000    0  139   20.00000   15.00000  25.0%     -   67s
     0     0   15.00000    0  135   20.00000   15.00000  25.0%     -   68s
     0     0   15.00000    0  144   20.00000   15.00000  25.0%     -   73s
     0     0   15.00000    0  144   20.00000   15.00000  25.0%     -   76s
     0     2   15.00000    0  144   20.00000   15.00000  25.0%     -   95s
    23    64   15.00000    5  218   20.00000   15.00000  25.0%  1170  103s
    63    72   15.00000   10  244   20.00000   15.00000  25.0%  1095  114s
    71    80   15.00000   11  200   20.00000   15.00000  25.0%  1192  124s
    79   124   15.00000   11  248   20.00000   15.00000  25.0%  1148  139s
   123   219   15.00000   12  210   20.00000   15.00000  25.0%  1525  158s
   218   264   15.00000   24  209   20.00000   15.00000  25.0%  1497  193s
H  229   264                      19.0000000   15.00000  21.1%  1483  193s
   263   532   15.01123   30  176   19.00000   15.00000  21.1%  1678  230s
   531   913   15.21538   40  178   19.00000   15.00000  21.1%  1590  262s
   912  1193   15.03193  150  186   19.00000   15.00000  21.1%  1227  291s
  1192  1599   15.05381  180  193   19.00000   15.00000  21.1%  1119  324s
H 1496  1599                      18.0000000   15.00000  16.7%   997  324s
  1598  1951   15.06981  202  190   18.00000   15.00000  16.7%   973  356s
  1950  2159   15.09046  235  188   18.00000   15.00000  16.7%   883  392s
  2158  2266   15.09759  254  190   18.00000   15.00000  16.7%   847  433s
H 2196  2266                      17.0000000   15.00000  11.8%   844  433s
  2265  2706   15.09945  258  186   17.00000   15.00000  11.8%   829  466s
  2705  2866   15.13072  283  194   17.00000   15.00000  11.8%   779  511s
  2865  3320   15.14151  295  192   17.00000   15.00000  11.8%   759  547s
  3319  3797   15.16310  323  197   17.00000   15.00000  11.8%   716  579s
  3796  4285   15.19033  359  193   17.00000   15.00000  11.8%   681  611s
  4284  4719   15.22618  388  199   17.00000   15.00000  11.8%   651  640s
  4718  5181   15.25042  413  190   17.00000   15.00000  11.8%   630  670s
  5180  5598   15.50000  450  159   17.00000   15.00000  11.8%   610  697s
  5597  6007   15.50000  495  156   17.00000   15.00000  11.8%   597  723s
  6006  6388   15.50000  542  160   17.00000   15.00000  11.8%   587  751s
  6387  6724   15.50000  576  167   17.00000   15.00000  11.8%   580  776s
  6723  7100   15.50000  608  176   17.00000   15.00000  11.8%   578  801s
  7099  7454   15.73321  643  177   17.00000   15.00000  11.8%   573  827s
  7454  7455   16.00000  549  144   17.00000   15.00000  11.8%   569  833s
  7456  7456   15.38519  479  146   17.00000   15.00000  11.8%   569  852s
  7457  7457   15.53074  740  166   17.00000   15.00000  11.8%   569  882s
  7458  7458   15.72720  620  163   17.00000   15.00000  11.8%   569  891s
  7459  7458   16.00000   95  162   17.00000   15.00000  11.8%   569  898s
  7460  7459   15.21813  240  169   17.00000   15.00000  11.8%   569  900s
  7461  7460   16.00000   81  177   17.00000   15.00000  11.8%   569  912s
  7463  7461   16.00000  477  176   17.00000   15.00000  11.8%   569  921s
  7465  7462   15.32056  378  161   17.00000   15.00000  11.8%   569  930s
  7467  7464   15.37343  271  165   17.00000   15.00000  11.8%   568  953s
  7468  7464   15.15295  244  158   17.00000   15.00000  11.8%   568  959s
  7469  7465   16.00000  292  159   17.00000   15.00000  11.8%   568  967s
  7471  7466   15.26268  303  151   17.00000   15.00000  11.8%   568  978s
  7473  7468   15.55491  521  153   17.00000   15.00000  11.8%   568  988s
  7474  7468   15.16746  313  156   17.00000   15.00000  11.8%   568  990s
  7475  7469   15.34018  391  156   17.00000   15.00000  11.8%   568  996s
  7476  7470   16.00000  541  156   17.00000   15.00000  11.8%   568 1001s
  7478  7474   15.00000   10  143   17.00000   15.00000  11.8%   591 1014s
  7480  7477   15.00000   11  180   17.00000   15.00000  11.8%   591 1015s
  7500  7524   15.00000   14  193   17.00000   15.00000  11.8%   592 1026s
  7537  7519   15.00000   16  221   17.00000   15.00000  11.8%   607 1031s
  7545  7525   15.00000   17  209   17.00000   15.00000  11.8%   607 1042s
  7553  7530   15.00000   17  199   17.00000   15.00000  11.8%   608 1052s
  7561  7535   15.00000   18  187   17.00000   15.00000  11.8%   608 1068s
  7569  7541   15.00000   18  181   17.00000   15.00000  11.8%   609 1079s
  7577  7558   15.00000   19  171   17.00000   15.00000  11.8%   609 1095s
  7597  7602   15.00000   21  160   17.00000   15.00000  11.8%   611 1126s
  7648  7640   15.00000   24  174   17.00000   15.00000  11.8%   622 1157s
  7703  7770   15.00000   27  158   17.00000   15.00000  11.8%   673 1181s
  7851  7830   15.00000   32  175   17.00000   15.00000  11.8%   683 1204s
  7960  7915   15.00000   36  164   17.00000   15.00000  11.8%   738 1225s
  8082  7999   15.00000   41  159   17.00000   15.00000  11.8%   740 1243s
  8206  8088   15.09440   46  196   17.00000   15.00000  11.8%   743 1260s
  8337  8121   15.00000   50  156   17.00000   15.00000  11.8%   743 1279s
  8413  8205   15.15370   52  191   17.00000   15.00000  11.8%   744 1295s
  8523  8283   15.08592   56  185   17.00000   15.00000  11.8%   745 1312s
  8637  8325   15.18444   60  188   17.00000   15.00000  11.8%   746 1332s
  8717  8362   15.00000   63  158   17.00000   15.00000  11.8%   746 1352s
  8781  8356   15.00000   67  154   17.00000   15.00000  11.8%   748 1377s
  8796  8366   15.00000   71  155   17.00000   15.00000  11.8%   748 1402s
  8811  8402   15.00000   75  156   17.00000   15.00000  11.8%   749 1430s
  8852  8420   15.00000   79  160   17.00000   15.00000  11.8%   751 1454s
  8884  8420   15.30842   81  193   17.00000   15.00000  11.8%   751 1486s
  8895  8507   15.00000   82  166   17.00000   15.00000  11.8%   752 1504s
  8985  8593   15.00000   84  152   17.00000   15.00000  11.8%   752 1522s
  9101  8662   15.00000   89  165   17.00000   15.00000  11.8%   753 1541s
  9209  8757   15.21079   93  186   17.00000   15.00000  11.8%   754 1560s
  9340  8838   15.00000   98  168   17.00000   15.00000  11.8%   756 1579s
  9465  8917   15.00000  102  173   17.00000   15.00000  11.8%   757 1598s
  9585  8989   15.00000  106  170   17.00000   15.00000  11.8%   756 1616s
  9697  9078   15.00000  110  167   17.00000   15.00000  11.8%   757 1633s
  9824  9178   15.00000  115  174   17.00000   15.00000  11.8%   757 1651s
  9966  9289   15.00000  119  167   17.00000   15.00000  11.8%   756 1671s
 10124  9402   15.00000  124  165   17.00000   15.00000  11.8%   754 1691s
 10290  9501   15.13050  129  191   17.00000   15.00000  11.8%   753 1713s
 10444  9626   15.00000  135  159   17.00000   15.00000  11.8%   752 1734s
 10621  9753   15.00000  141  166   17.00000   15.00000  11.8%   751 1758s
 10807  9878   15.00000  147  164   17.00000   15.00000  11.8%   750 1781s
 10994  9972   15.00000  153  160   17.00000   15.00000  11.8%   749 1800s

Cutting planes:
  MIR: 1
  Flow cover: 5

Explored 11150 nodes (8425062 simplex iterations) in 1800.03 seconds (4490.19 work units)
Thread count was 8 (of 40 available processors)

Solution count 10: 17 18 19 ... 26

Time limit reached
Best objective 1.700000000000e+01, best bound 1.500000000000e+01, gap 11.7647%

User-callback calls 382419, time in user-callback 2.03 sec
